FIG8_ATTENTION_CONFIG mode=scna-fp16 layout=serial variant=pair_static_d8 scna_width=8 seed=figure8_fixed mask_mode=causal qo_len=4 kv_len=4093 kv_pad_len=4096 n_heads=12 n_kv_heads=2 head_dim=128 warmup=1 iters=1 q_size=24576 kv_size=2095616 mask_size=32768 profile_size=5248 profile_max_records=10 profile_max_events=0 mode_flags=68692 print_events=0 workers=1
FIG8_ATTENTION_HOST_TIMING mode=scna-fp16 layout=serial variant=pair_static_d8 workers=1 scna_width=8 seed=figure8_fixed mask_mode=causal qo_len=4 kv_len=4093 n_heads=12 n_kv_heads=2 head_dim=128 phase=warmup iteration=0 host_elapsed_us=1220 ret=0
FIG8_ATTENTION_PROFILE_COUNT mode=scna-fp16 qo_len=4 phase=warmup iteration=0 records=2 max_records=10
FIG8_ATTENTION_WORKERS mode=scna-fp16 variant=pair_static_d8 qo_len=4 phase=warmup iteration=0 requested_workers=1 active_workers=1 hvx_contexts=6 vtcm_worker_cap=8 tasks=2 q_task_rows=4
FIG8_ATTENTION_TIMERS mode=scna-fp16 layout=serial phase=warmup iteration=0 lut_exp=0 scna_layout=0 scna_width=8 qo_len=4 kv_len=4093 n_heads=12 n_kv_heads=2 head_dim=128 kv_head=0 worker=0 profiled_total=686 q_load=2 k_load=78 v_load=96 qk_dot=3 safe_sm=496 scna_exp=459 param_prepare=0 core_acc=6 o_scale=2 o_store=3
FIG8_NUMERIC seed=figure8_fixed mode=scna-fp16 layout=serial kv_head=0 worker=0 qk0_bits=0xac34 rowmax0_bits=0x336e rowsum0_bits=0x6499 l0_bits=0x6499 core_o0_bits=0x4410 inv_l0_bits=0xc56 scaled_o0_bits=0x1408 p0_first_bits=0x3b36 p0_last_bits=0x0 sum0_first_bits=0x44130991 sum0_last_bits=0x44132a41 masked_p_nonzero=0 tail_p_nonzero=0 scna_clamp_count=0 score_count=4090 centered_score_min=-0.385742188 centered_score_max=0 final_m0_bits=0x336e final_l0_bits=0x6b5a final_core_o0_bits=0x4371 p_expected_sum_bits=0x455a00db p_max_abs_error_bits=0x3dce7dc0
FIG8_NUMERIC_BLOCK seed=figure8_fixed mode=scna-fp16 layout=serial kv_head=0 block=0 m0_bits=0x336e rowsum0_bits=0x6499 l0_bits=0x6499 p_scalar_sum_bits=0x449317fc reduction_min_bits=0x4412c361 reduction_max_bits=0x44136111
FIG8_NUMERIC_BLOCK seed=figure8_fixed mode=scna-fp16 layout=serial kv_head=0 block=1 m0_bits=0x336e rowsum0_bits=0x649a l0_bits=0x689a p_scalar_sum_bits=0x44931538 reduction_min_bits=0x4412c031 reduction_max_bits=0x44135eb1
FIG8_NUMERIC_BLOCK seed=figure8_fixed mode=scna-fp16 layout=serial kv_head=0 block=2 m0_bits=0x336e rowsum0_bits=0x6499 l0_bits=0x6ae6 p_scalar_sum_bits=0x449313d8 reduction_min_bits=0x4412c361 reduction_max_bits=0x441358d1
FIG8_NUMERIC_BLOCK seed=figure8_fixed mode=scna-fp16 layout=serial kv_head=0 block=3 m0_bits=0x336e rowsum0_bits=0x5b3e l0_bits=0x6b5a p_scalar_sum_bits=0x4365c240 reduction_min_bits=0x42dfd701 reduction_max_bits=0x42eb9c01
FIG8_NUMERIC_QK8 seed=figure8_fixed mode=scna-fp16 layout=serial kv_head=0 bits=0xac34,0x9c26,0xace6,0xa816,0x3027,0x3109,0x2a83,0x2bde
FIG8_NUMERIC_P8 seed=figure8_fixed mode=scna-fp16 layout=serial kv_head=0 centered_bits=0xb4c4,0xb38f,0xb4f0,0xb43a,0xae8e,0xacca,0xb1cd,0xb176 p_bits=0x3b2c,0x3b58,0x3b24,0x3b44,0x3bb7,0x3bcb,0x3b7e,0x3b86
FIG8_ATTENTION_TIMERS mode=scna-fp16 layout=serial phase=warmup iteration=0 lut_exp=0 scna_layout=0 scna_width=8 qo_len=4 kv_len=4093 n_heads=12 n_kv_heads=2 head_dim=128 kv_head=1 worker=0 profiled_total=281 q_load=1 k_load=75 v_load=93 qk_dot=1 safe_sm=99 scna_exp=66 param_prepare=0 core_acc=9 o_scale=1 o_store=2
FIG8_NUMERIC seed=figure8_fixed mode=scna-fp16 layout=serial kv_head=1 worker=0 qk0_bits=0x0 rowmax0_bits=0x0 rowsum0_bits=0x0 l0_bits=0x0 core_o0_bits=0x0 inv_l0_bits=0x0 scaled_o0_bits=0x0 p0_first_bits=0x0 p0_last_bits=0x0 sum0_first_bits=0x0 sum0_last_bits=0x0 masked_p_nonzero=0 tail_p_nonzero=0 scna_clamp_count=0 score_count=0 centered_score_min=0 centered_score_max=0 final_m0_bits=0x0 final_l0_bits=0x0 final_core_o0_bits=0x0 p_expected_sum_bits=0x0 p_max_abs_error_bits=0x0
FIG8_NUMERIC_QK8 seed=figure8_fixed mode=scna-fp16 layout=serial kv_head=1 bits=0x0,0x0,0x0,0x0,0x0,0x0,0x0,0x0
FIG8_NUMERIC_P8 seed=figure8_fixed mode=scna-fp16 layout=serial kv_head=1 centered_bits=0x0,0x0,0x0,0x0,0x0,0x0,0x0,0x0 p_bits=0x0,0x0,0x0,0x0,0x0,0x0,0x0,0x0
FIG8_ATTENTION_EVENT_COUNT mode=scna-fp16 qo_len=4 phase=warmup iteration=0 events=0 max_events=0 overflow=0
FIG8_ATTENTION_CHECKSUM mode=scna-fp16 layout=serial scna_width=8 seed=figure8_fixed phase=warmup iteration=0 checksum=0x8249aad6eba49556
FIG8_ATTENTION_HOST_TIMING mode=scna-fp16 layout=serial variant=pair_static_d8 workers=1 scna_width=8 seed=figure8_fixed mask_mode=causal qo_len=4 kv_len=4093 n_heads=12 n_kv_heads=2 head_dim=128 phase=measure iteration=0 host_elapsed_us=1114 ret=0
FIG8_ATTENTION_PROFILE_COUNT mode=scna-fp16 qo_len=4 phase=measure iteration=0 records=2 max_records=10
FIG8_ATTENTION_WORKERS mode=scna-fp16 variant=pair_static_d8 qo_len=4 phase=measure iteration=0 requested_workers=1 active_workers=1 hvx_contexts=6 vtcm_worker_cap=8 tasks=2 q_task_rows=4
FIG8_ATTENTION_TIMERS mode=scna-fp16 layout=serial phase=measure iteration=0 lut_exp=0 scna_layout=0 scna_width=8 qo_len=4 kv_len=4093 n_heads=12 n_kv_heads=2 head_dim=128 kv_head=0 worker=1 profiled_total=658 q_load=1 k_load=68 v_load=89 qk_dot=1 safe_sm=492 scna_exp=462 param_prepare=0 core_acc=5 o_scale=1 o_store=1
FIG8_NUMERIC seed=figure8_fixed mode=scna-fp16 layout=serial kv_head=0 worker=1 qk0_bits=0xac34 rowmax0_bits=0x336e rowsum0_bits=0x6499 l0_bits=0x6499 core_o0_bits=0x4410 inv_l0_bits=0xc56 scaled_o0_bits=0x1408 p0_first_bits=0x3b36 p0_last_bits=0x0 sum0_first_bits=0x44130991 sum0_last_bits=0x44132a41 masked_p_nonzero=0 tail_p_nonzero=0 scna_clamp_count=0 score_count=4090 centered_score_min=-0.385742188 centered_score_max=0 final_m0_bits=0x336e final_l0_bits=0x6b5a final_core_o0_bits=0x4371 p_expected_sum_bits=0x455a00db p_max_abs_error_bits=0x3dce7dc0
FIG8_NUMERIC_BLOCK seed=figure8_fixed mode=scna-fp16 layout=serial kv_head=0 block=0 m0_bits=0x336e rowsum0_bits=0x6499 l0_bits=0x6499 p_scalar_sum_bits=0x449317fc reduction_min_bits=0x4412c361 reduction_max_bits=0x44136111
FIG8_NUMERIC_BLOCK seed=figure8_fixed mode=scna-fp16 layout=serial kv_head=0 block=1 m0_bits=0x336e rowsum0_bits=0x649a l0_bits=0x689a p_scalar_sum_bits=0x44931538 reduction_min_bits=0x4412c031 reduction_max_bits=0x44135eb1
FIG8_NUMERIC_BLOCK seed=figure8_fixed mode=scna-fp16 layout=serial kv_head=0 block=2 m0_bits=0x336e rowsum0_bits=0x6499 l0_bits=0x6ae6 p_scalar_sum_bits=0x449313d8 reduction_min_bits=0x4412c361 reduction_max_bits=0x441358d1
FIG8_NUMERIC_BLOCK seed=figure8_fixed mode=scna-fp16 layout=serial kv_head=0 block=3 m0_bits=0x336e rowsum0_bits=0x5b3e l0_bits=0x6b5a p_scalar_sum_bits=0x4365c240 reduction_min_bits=0x42dfd701 reduction_max_bits=0x42eb9c01
FIG8_NUMERIC_QK8 seed=figure8_fixed mode=scna-fp16 layout=serial kv_head=0 bits=0xac34,0x9c26,0xace6,0xa816,0x3027,0x3109,0x2a83,0x2bde
FIG8_NUMERIC_P8 seed=figure8_fixed mode=scna-fp16 layout=serial kv_head=0 centered_bits=0xb4c4,0xb38f,0xb4f0,0xb43a,0xae8e,0xacca,0xb1cd,0xb176 p_bits=0x3b2c,0x3b58,0x3b24,0x3b44,0x3bb7,0x3bcb,0x3b7e,0x3b86
FIG8_ATTENTION_TIMERS mode=scna-fp16 layout=serial phase=measure iteration=0 lut_exp=0 scna_layout=0 scna_width=8 qo_len=4 kv_len=4093 n_heads=12 n_kv_heads=2 head_dim=128 kv_head=1 worker=1 profiled_total=244 q_load=1 k_load=67 v_load=84 qk_dot=1 safe_sm=87 scna_exp=59 param_prepare=0 core_acc=1 o_scale=1 o_store=2
FIG8_NUMERIC seed=figure8_fixed mode=scna-fp16 layout=serial kv_head=1 worker=1 qk0_bits=0x0 rowmax0_bits=0x0 rowsum0_bits=0x0 l0_bits=0x0 core_o0_bits=0x0 inv_l0_bits=0x0 scaled_o0_bits=0x0 p0_first_bits=0x0 p0_last_bits=0x0 sum0_first_bits=0x0 sum0_last_bits=0x0 masked_p_nonzero=0 tail_p_nonzero=0 scna_clamp_count=0 score_count=0 centered_score_min=0 centered_score_max=0 final_m0_bits=0x0 final_l0_bits=0x0 final_core_o0_bits=0x0 p_expected_sum_bits=0x0 p_max_abs_error_bits=0x0
FIG8_NUMERIC_QK8 seed=figure8_fixed mode=scna-fp16 layout=serial kv_head=1 bits=0x0,0x0,0x0,0x0,0x0,0x0,0x0,0x0
FIG8_NUMERIC_P8 seed=figure8_fixed mode=scna-fp16 layout=serial kv_head=1 centered_bits=0x0,0x0,0x0,0x0,0x0,0x0,0x0,0x0 p_bits=0x0,0x0,0x0,0x0,0x0,0x0,0x0,0x0
FIG8_ATTENTION_EVENT_COUNT mode=scna-fp16 qo_len=4 phase=measure iteration=0 events=0 max_events=0 overflow=0
FIG8_ATTENTION_CHECKSUM mode=scna-fp16 layout=serial scna_width=8 seed=figure8_fixed phase=measure iteration=0 checksum=0x8249aad6eba49556
FIG8_ATTENTION_REFERENCE_TIMING reference_mode=host-fp32 qo_len=4 kv_len=4093 n_heads=12 n_kv_heads=2 head_dim=128 elapsed_us=60149 ret=0
FIG8_ATTENTION_COMPARE candidate_mode=scna-fp16 layout=serial scna_width=8 reference_mode=host-fp32 seed=figure8_fixed mask_mode=causal qo_len=4 kv_len=4093 n_heads=12 n_kv_heads=2 head_dim=128 elements=6144 rmse=4.12121844e-05 relative_l2=0.0579693653 max_abs_error=0.000136955234 candidate_nonfinite=0 reference_nonfinite=0 rmse_limit=0.002 max_abs_limit=0.01 pass=1
FIG8_ATTENTION_COMPARE_HEAD seed=figure8_fixed mode=scna-fp16 layout=serial head=0 rmse=4.66783531e-05 max_abs_error=0.00013303649 candidate_first=0.000984192011 reference_first=0.000954304473
FIG8_ATTENTION_COMPARE_HEAD seed=figure8_fixed mode=scna-fp16 layout=serial head=1 rmse=4.48531755e-05 max_abs_error=0.000130955013 candidate_first=0.000980377314 reference_first=0.00097998057
FIG8_ATTENTION_COMPARE_HEAD seed=figure8_fixed mode=scna-fp16 layout=serial head=2 rmse=4.77439935e-05 max_abs_error=0.000134640664 candidate_first=0.00107193005 reference_first=0.00116032257
FIG8_ATTENTION_COMPARE_HEAD seed=figure8_fixed mode=scna-fp16 layout=serial head=3 rmse=4.18441741e-05 max_abs_error=0.000136955234 candidate_first=0.000991821405 reference_first=0.000998762785
FIG8_ATTENTION_COMPARE_HEAD seed=figure8_fixed mode=scna-fp16 layout=serial head=4 rmse=4.4683602e-05 max_abs_error=0.000124356942 candidate_first=0.00089073187 reference_first=0.000793045561
FIG8_ATTENTION_COMPARE_HEAD seed=figure8_fixed mode=scna-fp16 layout=serial head=5 rmse=3.96196847e-05 max_abs_error=0.000128725369 candidate_first=0.00106430065 reference_first=0.00114808709
FIG8_ATTENTION_COMPARE_HEAD seed=figure8_fixed mode=scna-fp16 layout=serial head=6 rmse=3.99190467e-05 max_abs_error=0.000119922741 candidate_first=-0.000804901065 reference_first=-0.000825771072
FIG8_ATTENTION_COMPARE_HEAD seed=figure8_fixed mode=scna-fp16 layout=serial head=7 rmse=3.70059788e-05 max_abs_error=0.000116566604 candidate_first=-0.000784873904 reference_first=-0.000762620009
FIG8_ATTENTION_COMPARE_HEAD seed=figure8_fixed mode=scna-fp16 layout=serial head=8 rmse=3.56933924e-05 max_abs_error=9.36815632e-05 candidate_first=-0.000811576785 reference_first=-0.000825497729
FIG8_ATTENTION_COMPARE_HEAD seed=figure8_fixed mode=scna-fp16 layout=serial head=9 rmse=3.64264743e-05 max_abs_error=0.000115379837 candidate_first=-0.000810623111 reference_first=-0.000828427263
FIG8_ATTENTION_COMPARE_HEAD seed=figure8_fixed mode=scna-fp16 layout=serial head=10 rmse=3.62331557e-05 max_abs_error=0.000104616309 candidate_first=-0.000802993716 reference_first=-0.000815035717
FIG8_ATTENTION_COMPARE_HEAD seed=figure8_fixed mode=scna-fp16 layout=serial head=11 rmse=4.14387177e-05 max_abs_error=0.000118913362 candidate_first=-0.000757217349 reference_first=-0.000736995891
