ggml-hex: Loading driver libcdsprpc.so
ggml-hex: Profiling mode 1 : pmu-evt [  ]
ggml-hex: Hexagon backend (experimental) : allocating new registry : ndev 1
ggml-hex: Hexagon Arch version v79
ggml-hex: HTP0 allocating new session
ggml-hex: HTP0 hwinfo: threads 1, hvx 1, hmx 1, vtcm 8 MB
ggml-hex: HTP0 new session : session-id 0 domain-id 3 uri file:///libggml-htp-v79.so?htp_iface_skel_handle_invoke&_modver=1.0&_dom=cdsp&_session=0 handle 0xb400007e268a5fd0
ggml-hex: HTP0 op batching: n-bufs 16 n-tensors 7168 n-ops 1024 vmem 3355443200
ggml-hex: HTP0 profile-op OPBATCH|----|n-ops 1|----|----|----|usec 76436 cycles 148226064 start 2062097443096 mhz 1939.2
ggml-hex: HTP0 profile-op FLASH_ATTN_EXT|q x k x v x mask -> out|128:32:12:1 x 128:4096:2:1 x 128:4096:2:1 x 4096:32 -> 128:12:32:1|f32 x f16 x f16 x f16 -> f32|4:512:16384:196608 x 2:256:1048576:2097152 x 2:256:1048576:2097152 x 2:8192 -> 4:512:6144:196608|hvx Br 1 Bc 64 threads 1 vtcm 82944|usec 76301 cycles 147963560 start 513382176 mhz 1939.2
ggml-hex: HTP0 profile-op OPBATCH|----|n-ops 1|----|----|----|usec 76337 cycles 148033214 start 2062245985551 mhz 1939.2
ggml-hex: HTP0 profile-op FLASH_ATTN_EXT|q x k x v x mask -> out|128:32:12:1 x 128:4096:2:1 x 128:4096:2:1 x 4096:32 -> 128:12:32:1|f32 x f16 x f16 x f16 -> f32|4:512:16384:196608 x 2:256:1048576:2097152 x 2:256:1048576:2097152 x 2:8192 -> 4:512:6144:196608|hvx Br 1 Bc 64 threads 1 vtcm 82944|usec 76317 cycles 147994880 start 661703339 mhz 1939.2
ggml-hex: HTP0 profile-op OPBATCH|----|n-ops 1|----|----|----|usec 76340 cycles 148039836 start 2062394274547 mhz 1939.2
ggml-hex: HTP0 profile-op FLASH_ATTN_EXT|q x k x v x mask -> out|128:32:12:1 x 128:4096:2:1 x 128:4096:2:1 x 4096:32 -> 128:12:32:1|f32 x f16 x f16 x f16 -> f32|4:512:16384:196608 x 2:256:1048576:2097152 x 2:256:1048576:2097152 x 2:8192 -> 4:512:6144:196608|hvx Br 1 Bc 64 threads 1 vtcm 82944|usec 76321 cycles 148002505 start 809991872 mhz 1939.2
ggml-hex: HTP0 profile-op OPBATCH|----|n-ops 1|----|----|----|usec 76336 cycles 148032509 start 2062542588587 mhz 1939.2
ggml-hex: HTP0 profile-op FLASH_ATTN_EXT|q x k x v x mask -> out|128:32:12:1 x 128:4096:2:1 x 128:4096:2:1 x 4096:32 -> 128:12:32:1|f32 x f16 x f16 x f16 -> f32|4:512:16384:196608 x 2:256:1048576:2097152 x 2:256:1048576:2097152 x 2:8192 -> 4:512:6144:196608|hvx Br 1 Bc 64 threads 1 vtcm 82944|usec 76316 cycles 147993283 start 958307312 mhz 1939.2
ggml-hex: HTP0 profile-op OPBATCH|----|n-ops 1|----|----|----|usec 76338 cycles 148036011 start 2062690880961 mhz 1939.2
ggml-hex: HTP0 profile-op FLASH_ATTN_EXT|q x k x v x mask -> out|128:32:12:1 x 128:4096:2:1 x 128:4096:2:1 x 4096:32 -> 128:12:32:1|f32 x f16 x f16 x f16 -> f32|4:512:16384:196608 x 2:256:1048576:2097152 x 2:256:1048576:2097152 x 2:8192 -> 4:512:6144:196608|hvx Br 1 Bc 64 threads 1 vtcm 82944|usec 76319 cycles 147999513 start 1106597582 mhz 1939.2
ggml-hex: HTP0 profile-op OPBATCH|----|n-ops 1|----|----|----|usec 76337 cycles 148034983 start 2062839188843 mhz 1939.2
ggml-hex: HTP0 profile-op FLASH_ATTN_EXT|q x k x v x mask -> out|128:32:12:1 x 128:4096:2:1 x 128:4096:2:1 x 4096:32 -> 128:12:32:1|f32 x f16 x f16 x f16 -> f32|4:512:16384:196608 x 2:256:1048576:2097152 x 2:256:1048576:2097152 x 2:8192 -> 4:512:6144:196608|hvx Br 1 Bc 64 threads 1 vtcm 82944|usec 76317 cycles 147995717 start 1254907255 mhz 1939.2
ggml-hex: HTP0 profile-op OPBATCH|----|n-ops 1|----|----|----|usec 76338 cycles 148035421 start 2062987600604 mhz 1939.2
ggml-hex: HTP0 profile-op FLASH_ATTN_EXT|q x k x v x mask -> out|128:32:12:1 x 128:4096:2:1 x 128:4096:2:1 x 4096:32 -> 128:12:32:1|f32 x f16 x f16 x f16 -> f32|4:512:16384:196608 x 2:256:1048576:2097152 x 2:256:1048576:2097152 x 2:8192 -> 4:512:6144:196608|hvx Br 1 Bc 64 threads 1 vtcm 82944|usec 76319 cycles 147998903 start 1403317117 mhz 1939.2
ggml-hex: HTP0 profile-op OPBATCH|----|n-ops 1|----|----|----|usec 76325 cycles 148011267 start 2063136063191 mhz 1939.2
ggml-hex: HTP0 profile-op FLASH_ATTN_EXT|q x k x v x mask -> out|128:32:12:1 x 128:4096:2:1 x 128:4096:2:1 x 4096:32 -> 128:12:32:1|f32 x f16 x f16 x f16 -> f32|4:512:16384:196608 x 2:256:1048576:2097152 x 2:256:1048576:2097152 x 2:8192 -> 4:512:6144:196608|hvx Br 1 Bc 64 threads 1 vtcm 82944|usec 76307 cycles 147975482 start 1551779211 mhz 1939.2
ggml-hex: HTP0 profile-op OPBATCH|----|n-ops 1|----|----|----|usec 76327 cycles 148014126 start 2063284396953 mhz 1939.2
ggml-hex: HTP0 profile-op FLASH_ATTN_EXT|q x k x v x mask -> out|128:32:12:1 x 128:4096:2:1 x 128:4096:2:1 x 4096:32 -> 128:12:32:1|f32 x f16 x f16 x f16 -> f32|4:512:16384:196608 x 2:256:1048576:2097152 x 2:256:1048576:2097152 x 2:8192 -> 4:512:6144:196608|hvx Br 1 Bc 64 threads 1 vtcm 82944|usec 76307 cycles 147975949 start 1700115339 mhz 1939.2
ggml-hex: HTP0 profile-op OPBATCH|----|n-ops 1|----|----|----|usec 76323 cycles 148006843 start 2063432698950 mhz 1939.2
ggml-hex: HTP0 profile-op FLASH_ATTN_EXT|q x k x v x mask -> out|128:32:12:1 x 128:4096:2:1 x 128:4096:2:1 x 4096:32 -> 128:12:32:1|f32 x f16 x f16 x f16 -> f32|4:512:16384:196608 x 2:256:1048576:2097152 x 2:256:1048576:2097152 x 2:8192 -> 4:512:6144:196608|hvx Br 1 Bc 64 threads 1 vtcm 82944|usec 76304 cycles 147970042 start 1848415689 mhz 1939.2
ggml-hex: HTP0 profile-op OPBATCH|----|n-ops 1|----|----|----|usec 76326 cycles 148013769 start 2063581058723 mhz 1939.2
ggml-hex: HTP0 profile-op FLASH_ATTN_EXT|q x k x v x mask -> out|128:32:12:1 x 128:4096:2:1 x 128:4096:2:1 x 4096:32 -> 128:12:32:1|f32 x f16 x f16 x f16 -> f32|4:512:16384:196608 x 2:256:1048576:2097152 x 2:256:1048576:2097152 x 2:8192 -> 4:512:6144:196608|hvx Br 1 Bc 64 threads 1 vtcm 82944|usec 76307 cycles 147975542 start 1996777252 mhz 1939.2
ggml-hex: HTP0 profile-op OPBATCH|----|n-ops 1|----|----|----|usec 76320 cycles 148000923 start 2063729359199 mhz 1939.2
ggml-hex: HTP0 profile-op FLASH_ATTN_EXT|q x k x v x mask -> out|128:32:12:1 x 128:4096:2:1 x 128:4096:2:1 x 4096:32 -> 128:12:32:1|f32 x f16 x f16 x f16 -> f32|4:512:16384:196608 x 2:256:1048576:2097152 x 2:256:1048576:2097152 x 2:8192 -> 4:512:6144:196608|hvx Br 1 Bc 64 threads 1 vtcm 82944|usec 76301 cycles 147964595 start 2145075520 mhz 1939.2
{"record":"measurement","iteration":0,"q":32,"kv":4096,"heads":12,"kv_heads":2,"head_dim":128,"requested_selector":"1","nhvx":"1","effective_kernel":"hvx","profile":"FLASH_ATTN_EXT|q x k x v x mask -> out|128:32:12:1 x 128:4096:2:1 x 128:4096:2:1 x 4096:32 -> 128:12:32:1|f32 x f16 x f16 x f16 -> f32|4:512:16384:196608 x 2:256:1048576:2097152 x 2:256:1048576:2097152 x 2:8192 -> 4:512:6144:196608|hvx Br 1 Bc 64 threads 1 vtcm 82944|usec 76317 cycles 147995717 start 1254907255 mhz 1939.2","host_us":77447.656,"dsp_op_us":"76317"}
{"record":"measurement","iteration":1,"q":32,"kv":4096,"heads":12,"kv_heads":2,"head_dim":128,"requested_selector":"1","nhvx":"1","effective_kernel":"hvx","profile":"FLASH_ATTN_EXT|q x k x v x mask -> out|128:32:12:1 x 128:4096:2:1 x 128:4096:2:1 x 4096:32 -> 128:12:32:1|f32 x f16 x f16 x f16 -> f32|4:512:16384:196608 x 2:256:1048576:2097152 x 2:256:1048576:2097152 x 2:8192 -> 4:512:6144:196608|hvx Br 1 Bc 64 threads 1 vtcm 82944|usec 76319 cycles 147998903 start 1403317117 mhz 1939.2","host_us":79322.448,"dsp_op_us":"76319"}
{"record":"measurement","iteration":2,"q":32,"kv":4096,"heads":12,"kv_heads":2,"head_dim":128,"requested_selector":"1","nhvx":"1","effective_kernel":"hvx","profile":"FLASH_ATTN_EXT|q x k x v x mask -> out|128:32:12:1 x 128:4096:2:1 x 128:4096:2:1 x 4096:32 -> 128:12:32:1|f32 x f16 x f16 x f16 -> f32|4:512:16384:196608 x 2:256:1048576:2097152 x 2:256:1048576:2097152 x 2:8192 -> 4:512:6144:196608|hvx Br 1 Bc 64 threads 1 vtcm 82944|usec 76307 cycles 147975482 start 1551779211 mhz 1939.2","host_us":78862.604,"dsp_op_us":"76307"}
{"record":"measurement","iteration":3,"q":32,"kv":4096,"heads":12,"kv_heads":2,"head_dim":128,"requested_selector":"1","nhvx":"1","effective_kernel":"hvx","profile":"FLASH_ATTN_EXT|q x k x v x mask -> out|128:32:12:1 x 128:4096:2:1 x 128:4096:2:1 x 4096:32 -> 128:12:32:1|f32 x f16 x f16 x f16 -> f32|4:512:16384:196608 x 2:256:1048576:2097152 x 2:256:1048576:2097152 x 2:8192 -> 4:512:6144:196608|hvx Br 1 Bc 64 threads 1 vtcm 82944|usec 76307 cycles 147975949 start 1700115339 mhz 1939.2","host_us":78262.604,"dsp_op_us":"76307"}
{"record":"measurement","iteration":4,"q":32,"kv":4096,"heads":12,"kv_heads":2,"head_dim":128,"requested_selector":"1","nhvx":"1","effective_kernel":"hvx","profile":"FLASH_ATTN_EXT|q x k x v x mask -> out|128:32:12:1 x 128:4096:2:1 x 128:4096:2:1 x 4096:32 -> 128:12:32:1|f32 x f16 x f16 x f16 -> f32|4:512:16384:196608 x 2:256:1048576:2097152 x 2:256:1048576:2097152 x 2:8192 -> 4:512:6144:196608|hvx Br 1 Bc 64 threads 1 vtcm 82944|usec 76304 cycles 147970042 start 1848415689 mhz 1939.2","host_us":77898.854,"dsp_op_us":"76304"}
{"record":"measurement","iteration":5,"q":32,"kv":4096,"heads":12,"kv_heads":2,"head_dim":128,"requested_selector":"1","nhvx":"1","effective_kernel":"hvx","profile":"FLASH_ATTN_EXT|q x k x v x mask -> out|128:32:12:1 x 128:4096:2:1 x 128:4096:2:1 x 4096:32 -> 128:12:32:1|f32 x f16 x f16 x f16 -> f32|4:512:16384:196608 x 2:256:1048576:2097152 x 2:256:1048576:2097152 x 2:8192 -> 4:512:6144:196608|hvx Br 1 Bc 64 threads 1 vtcm 82944|usec 76307 cycles 147975542 start 1996777252 mhz 1939.2","host_us":78318.542,"dsp_op_us":"76307"}
{"record":"measurement","iteration":6,"q":32,"kv":4096,"heads":12,"kv_heads":2,"head_dim":128,"requested_selector":"1","nhvx":"1","effective_kernel":"hvx","profile":"FLASH_ATTN_EXT|q x k x v x mask -> out|128:32:12:1 x 128:4096:2:1 x 128:4096:2:1 x 4096:32 -> 128:12:32:1|f32 x f16 x f16 x f16 -> f32|4:512:16384:196608 x 2:256:1048576:2097152 x 2:256:1048576:2097152 x 2:8192 -> 4:512:6144:196608|hvx Br 1 Bc 64 threads 1 vtcm 82944|usec 76301 cycles 147964595 start 2145075520 mhz 1939.2","host_us":77952.448,"dsp_op_us":"76301"}
{"record":"measurement","iteration":7,"q":32,"kv":4096,"heads":12,"kv_heads":2,"head_dim":128,"requested_selector":"1","nhvx":"1","effective_kernel":"hvx","profile":"FLASH_ATTN_EXT|q x k x v x mask -> out|128:32:12:1 x 128:4096:2:1 x 128:4096:2:1 x 4096:32 -> 128:12:32:1|f32 x f16 x f16 x f16 -> f32|4:512:16384:196608 x 2:256:1048576:2097152 x 2:256:1048576:2097152 x 2:ggml-hex: HTP0 profile-op OPBATCH|----|n-ops 1|----|----|----|usec 76326 cycles 148012187 start 2063877692882 mhz 1939.2
ggml-hex: HTP0 profile-op FLASH_ATTN_EXT|q x k x v x mask -> out|128:32:12:1 x 128:4096:2:1 x 128:4096:2:1 x 4096:32 -> 128:12:32:1|f32 x f16 x f16 x f16 -> f32|4:512:16384:196608 x 2:256:1048576:2097152 x 2:256:1048576:2097152 x 2:8192 -> 4:512:6144:196608|hvx Br 1 Bc 64 threads 1 vtcm 82944|usec 76307 cycles 147975521 start 2293409446 mhz 1939.2
ggml-hex: HTP0 profile-op OPBATCH|----|n-ops 1|----|----|----|usec 76330 cycles 148021258 start 2064026047571 mhz 1939.2
ggml-hex: HTP0 profile-op FLASH_ATTN_EXT|q x k x v x mask -> out|128:32:12:1 x 128:4096:2:1 x 128:4096:2:1 x 4096:32 -> 128:12:32:1|f32 x f16 x f16 x f16 -> f32|4:512:16384:196608 x 2:256:1048576:2097152 x 2:256:1048576:2097152 x 2:8192 -> 4:512:6144:196608|hvx Br 1 Bc 64 threads 1 vtcm 82944|usec 76311 cycles 147982963 start 2441766094 mhz 1939.2
ggml-hex: HTP0 profile-op OPBATCH|----|n-ops 1|----|----|----|usec 76329 cycles 148019417 start 2064174443601 mhz 1939.2
ggml-hex: HTP0 profile-op FLASH_ATTN_EXT|q x k x v x mask -> out|128:32:12:1 x 128:4096:2:1 x 128:4096:2:1 x 4096:32 -> 128:12:32:1|f32 x f16 x f16 x f16 -> f32|4:512:16384:196608 x 2:256:1048576:2097152 x 2:256:1048576:2097152 x 2:8192 -> 4:512:6144:196608|hvx Br 1 Bc 64 threads 1 vtcm 82944|usec 76310 cycles 147982203 start 2590160774 mhz 1939.2
ggml-hex: HTP0 profile-op OPBATCH|----|n-ops 1|----|----|----|usec 76330 cycles 148020098 start 2064322743201 mhz 1939.2
ggml-hex: HTP0 profile-op FLASH_ATTN_EXT|q x k x v x mask -> out|128:32:12:1 x 128:4096:2:1 x 128:4096:2:1 x 4096:32 -> 128:12:32:1|f32 x f16 x f16 x f16 -> f32|4:512:16384:196608 x 2:256:1048576:2097152 x 2:256:1048576:2097152 x 2:8192 -> 4:512:6144:196608|hvx Br 1 Bc 64 threads 1 vtcm 82944|usec 76310 cycles 147982045 start 2738461665 mhz 1939.2
ggml-hex: HTP0 profile-op OPBATCH|----|n-ops 1|----|----|----|usec 76318 cycles 147997826 start 2064470958999 mhz 1939.2
ggml-hex: HTP0 profile-op FLASH_ATTN_EXT|q x k x v x mask -> out|128:32:12:1 x 128:4096:2:1 x 128:4096:2:1 x 4096:32 -> 128:12:32:1|f32 x f16 x f16 x f16 -> f32|4:512:16384:196608 x 2:256:1048576:2097152 x 2:256:1048576:2097152 x 2:8192 -> 4:512:6144:196608|hvx Br 1 Bc 64 threads 1 vtcm 82944|usec 76299 cycles 147961234 start 2886675799 mhz 1939.2
ggml-hex: HTP0 profile-op OPBATCH|----|n-ops 1|----|----|----|usec 76320 cycles 148001022 start 2064619198640 mhz 1939.2
ggml-hex: HTP0 profile-op FLASH_ATTN_EXT|q x k x v x mask -> out|128:32:12:1 x 128:4096:2:1 x 128:4096:2:1 x 4096:32 -> 128:12:32:1|f32 x f16 x f16 x f16 -> f32|4:512:16384:196608 x 2:256:1048576:2097152 x 2:256:1048576:2097152 x 2:8192 -> 4:512:6144:196608|hvx Br 1 Bc 64 threads 1 vtcm 82944|usec 76301 cycles 147963850 start 3034915096 mhz 1939.2
ggml-hex: HTP0 profile-op OPBATCH|----|n-ops 1|----|----|----|usec 76327 cycles 148015760 start 2064767398887 mhz 1939.2
ggml-hex: HTP0 profile-op FLASH_ATTN_EXT|q x k x v x mask -> out|128:32:12:1 x 128:4096:2:1 x 128:4096:2:1 x 4096:32 -> 128:12:32:1|f32 x f16 x f16 x f16 -> f32|4:512:16384:196608 x 2:256:1048576:2097152 x 2:256:1048576:2097152 x 2:8192 -> 4:512:6144:196608|hvx Br 1 Bc 64 threads 1 vtcm 82944|usec 76309 cycles 147979358 start 3183115269 mhz 1939.2
ggml-hex: HTP0 profile-op OPBATCH|----|n-ops 1|----|----|----|usec 76326 cycles 148013540 start 2064915590411 mhz 1939.2
ggml-hex: HTP0 profile-op FLASH_ATTN_EXT|q x k x v x mask -> out|128:32:12:1 x 128:4096:2:1 x 128:4096:2:1 x 4096:32 -> 128:12:32:1|f32 x f16 x f16 x f16 -> f32|4:512:16384:196608 x 2:256:1048576:2097152 x 2:256:1048576:2097152 x 2:8192 -> 4:512:6144:196608|hvx Br 1 Bc 64 threads 1 vtcm 82944|usec 76308 cycles 147977557 start 3331306542 mhz 1939.2
ggml-hex: HTP0 profile-op OPBATCH|----|n-ops 1|----|----|----|usec 76323 cycles 148007657 start 2065063793396 mhz 1939.2
8192 -> 4:512:6144:196608|hvx Br 1 Bc 64 threads 1 vtcm 82944|usec 76307 cycles 147975521 start 2293409446 mhz 1939.2","host_us":78132.552,"dsp_op_us":"76307"}
{"record":"measurement","iteration":8,"q":32,"kv":4096,"heads":12,"kv_heads":2,"head_dim":128,"requested_selector":"1","nhvx":"1","effective_kernel":"hvx","profile":"FLASH_ATTN_EXT|q x k x v x mask -> out|128:32:12:1 x 128:4096:2:1 x 128:4096:2:1 x 4096:32 -> 128:12:32:1|f32 x f16 x f16 x f16 -> f32|4:512:16384:196608 x 2:256:1048576:2097152 x 2:256:1048576:2097152 x 2:8192 -> 4:512:6144:196608|hvx Br 1 Bc 64 threads 1 vtcm 82944|usec 76311 cycles 147982963 start 2441766094 mhz 1939.2","host_us":78994.636,"dsp_op_us":"76311"}
{"record":"measurement","iteration":9,"q":32,"kv":4096,"heads":12,"kv_heads":2,"head_dim":128,"requested_selector":"1","nhvx":"1","effective_kernel":"hvx","profile":"FLASH_ATTN_EXT|q x k x v x mask -> out|128:32:12:1 x 128:4096:2:1 x 128:4096:2:1 x 4096:32 -> 128:12:32:1|f32 x f16 x f16 x f16 -> f32|4:512:16384:196608 x 2:256:1048576:2097152 x 2:256:1048576:2097152 x 2:8192 -> 4:512:6144:196608|hvx Br 1 Bc 64 threads 1 vtcm 82944|usec 76310 cycles 147982203 start 2590160774 mhz 1939.2","host_us":78144.843,"dsp_op_us":"76310"}
{"record":"measurement","iteration":10,"q":32,"kv":4096,"heads":12,"kv_heads":2,"head_dim":128,"requested_selector":"1","nhvx":"1","effective_kernel":"hvx","profile":"FLASH_ATTN_EXT|q x k x v x mask -> out|128:32:12:1 x 128:4096:2:1 x 128:4096:2:1 x 4096:32 -> 128:12:32:1|f32 x f16 x f16 x f16 -> f32|4:512:16384:196608 x 2:256:1048576:2097152 x 2:256:1048576:2097152 x 2:8192 -> 4:512:6144:196608|hvx Br 1 Bc 64 threads 1 vtcm 82944|usec 76310 cycles 147982045 start 2738461665 mhz 1939.2","host_us":77894.010,"dsp_op_us":"76310"}
{"record":"measurement","iteration":11,"q":32,"kv":4096,"heads":12,"kv_heads":2,"head_dim":128,"requested_selector":"1","nhvx":"1","effective_kernel":"hvx","profile":"FLASH_ATTN_EXT|q x k x v x mask -> out|128:32:12:1 x 128:4096:2:1 x 128:4096:2:1 x 4096:32 -> 128:12:32:1|f32 x f16 x f16 x f16 -> f32|4:512:16384:196608 x 2:256:1048576:2097152 x 2:256:1048576:2097152 x 2:8192 -> 4:512:6144:196608|hvx Br 1 Bc 64 threads 1 vtcm 82944|usec 76299 cycles 147961234 start 2886675799 mhz 1939.2","host_us":77079.583,"dsp_op_us":"76299"}
{"record":"measurement","iteration":12,"q":32,"kv":4096,"heads":12,"kv_heads":2,"head_dim":128,"requested_selector":"1","nhvx":"1","effective_kernel":"hvx","profile":"FLASH_ATTN_EXT|q x k x v x mask -> out|128:32:12:1 x 128:4096:2:1 x 128:4096:2:1 x 4096:32 -> 128:12:32:1|f32 x f16 x f16 x f16 -> f32|4:512:16384:196608 x 2:256:1048576:2097152 x 2:256:1048576:2097152 x 2:8192 -> 4:512:6144:196608|hvx Br 1 Bc 64 threads 1 vtcm 82944|usec 76301 cycles 147963850 start 3034915096 mhz 1939.2","host_us":76829.375,"dsp_op_us":"76301"}
{"record":"measurement","iteration":13,"q":32,"kv":4096,"heads":12,"kv_heads":2,"head_dim":128,"requested_selector":"1","nhvx":"1","effective_kernel":"hvx","profile":"FLASH_ATTN_EXT|q x k x v x mask -> out|128:32:12:1 x 128:4096:2:1 x 128:4096:2:1 x 4096:32 -> 128:12:32:1|f32 x f16 x f16 x f16 -> f32|4:512:16384:196608 x 2:256:1048576:2097152 x 2:256:1048576:2097152 x 2:8192 -> 4:512:6144:196608|hvx Br 1 Bc 64 threads 1 vtcm 82944|usec 76309 cycles 147979358 start 3183115269 mhz 1939.2","host_us":76877.239,"dsp_op_us":"76309"}
{"record":"measurement","iteration":14,"q":32,"kv":4096,"heads":12,"kv_heads":2,"head_dim":128,"requested_selector":"1","nhvx":"1","effective_kernel":"hvx","profile":"FLASH_ATTN_EXT|q x k x v x mask -> out|128:32:12:1 x 128:4096:2:1 x 128:4096:2:1 x 4096:32 -> 128:12:32:1|f32 x f16 x f16 x f16 -> f32|4:512:16384:196608 x 2:256:1048576:2097152 x 2:256:1048576:2097152 x 2:8192 -> 4:512:6144:196608|hvx Br 1 Bc 64 threads 1 vtcm 82944|usec 76308 cycles 147977557 start 3331306542 mhz 1939.2","host_us":77045.104,"dsp_op_us":"76308"}
{"record":"measurement","iteration":15,"q":32,"kv":4096,"heads":12,"kv_heads":2,"head_dim":128,"requested_selector":"1","nhvx":"1","effective_kernel":"hvx","profile":"FLASH_ATTN_EXT|q x k x v x mask -> out|1ggml-hex: HTP0 profile-op FLASH_ATTN_EXT|q x k x v x mask -> out|128:32:12:1 x 128:4096:2:1 x 128:4096:2:1 x 4096:32 -> 128:12:32:1|f32 x f16 x f16 x f16 -> f32|4:512:16384:196608 x 2:256:1048576:2097152 x 2:256:1048576:2097152 x 2:8192 -> 4:512:6144:196608|hvx Br 1 Bc 64 threads 1 vtcm 82944|usec 76305 cycles 147971341 start 3479509701 mhz 1939.2
ggml-hex: HTP0 profile-op OPBATCH|----|n-ops 1|----|----|----|usec 76332 cycles 148023637 start 2065212041409 mhz 1939.2
ggml-hex: HTP0 profile-op FLASH_ATTN_EXT|q x k x v x mask -> out|128:32:12:1 x 128:4096:2:1 x 128:4096:2:1 x 4096:32 -> 128:12:32:1|f32 x f16 x f16 x f16 -> f32|4:512:16384:196608 x 2:256:1048576:2097152 x 2:256:1048576:2097152 x 2:8192 -> 4:512:6144:196608|hvx Br 1 Bc 64 threads 1 vtcm 82944|usec 76312 cycles 147985781 start 3627757962 mhz 1939.2
ggml-hex: HTP0 profile-op OPBATCH|----|n-ops 1|----|----|----|usec 76328 cycles 148016950 start 2065360235391 mhz 1939.2
ggml-hex: HTP0 profile-op FLASH_ATTN_EXT|q x k x v x mask -> out|128:32:12:1 x 128:4096:2:1 x 128:4096:2:1 x 4096:32 -> 128:12:32:1|f32 x f16 x f16 x f16 -> f32|4:512:16384:196608 x 2:256:1048576:2097152 x 2:256:1048576:2097152 x 2:8192 -> 4:512:6144:196608|hvx Br 1 Bc 64 threads 1 vtcm 82944|usec 76309 cycles 147980578 start 3775951748 mhz 1939.2
ggml-hex: HTP0 profile-op OPBATCH|----|n-ops 1|----|----|----|usec 76322 cycles 148004295 start 2065508433668 mhz 1939.2
ggml-hex: HTP0 profile-op FLASH_ATTN_EXT|q x k x v x mask -> out|128:32:12:1 x 128:4096:2:1 x 128:4096:2:1 x 4096:32 -> 128:12:32:1|f32 x f16 x f16 x f16 -> f32|4:512:16384:196608 x 2:256:1048576:2097152 x 2:256:1048576:2097152 x 2:8192 -> 4:512:6144:196608|hvx Br 1 Bc 64 threads 1 vtcm 82944|usec 76303 cycles 147968486 start 3924149942 mhz 1939.2
ggml-hex: HTP0 profile-op OPBATCH|----|n-ops 1|----|----|----|usec 76327 cycles 148015131 start 2065656670439 mhz 1939.2
ggml-hex: HTP0 profile-op FLASH_ATTN_EXT|q x k x v x mask -> out|128:32:12:1 x 128:4096:2:1 x 128:4096:2:1 x 4096:32 -> 128:12:32:1|f32 x f16 x f16 x f16 -> f32|4:512:16384:196608 x 2:256:1048576:2097152 x 2:256:1048576:2097152 x 2:8192 -> 4:512:6144:196608|hvx Br 1 Bc 64 threads 1 vtcm 82944|usec 76308 cycles 147978481 start 4072386780 mhz 1939.2
28:32:12:1 x 128:4096:2:1 x 128:4096:2:1 x 4096:32 -> 128:12:32:1|f32 x f16 x f16 x f16 -> f32|4:512:16384:196608 x 2:256:1048576:2097152 x 2:256:1048576:2097152 x 2:8192 -> 4:512:6144:196608|hvx Br 1 Bc 64 threads 1 vtcm 82944|usec 76305 cycles 147971341 start 3479509701 mhz 1939.2","host_us":77084.479,"dsp_op_us":"76305"}
{"record":"measurement","iteration":16,"q":32,"kv":4096,"heads":12,"kv_heads":2,"head_dim":128,"requested_selector":"1","nhvx":"1","effective_kernel":"hvx","profile":"FLASH_ATTN_EXT|q x k x v x mask -> out|128:32:12:1 x 128:4096:2:1 x 128:4096:2:1 x 4096:32 -> 128:12:32:1|f32 x f16 x f16 x f16 -> f32|4:512:16384:196608 x 2:256:1048576:2097152 x 2:256:1048576:2097152 x 2:8192 -> 4:512:6144:196608|hvx Br 1 Bc 64 threads 1 vtcm 82944|usec 76312 cycles 147985781 start 3627757962 mhz 1939.2","host_us":76846.718,"dsp_op_us":"76312"}
{"record":"measurement","iteration":17,"q":32,"kv":4096,"heads":12,"kv_heads":2,"head_dim":128,"requested_selector":"1","nhvx":"1","effective_kernel":"hvx","profile":"FLASH_ATTN_EXT|q x k x v x mask -> out|128:32:12:1 x 128:4096:2:1 x 128:4096:2:1 x 4096:32 -> 128:12:32:1|f32 x f16 x f16 x f16 -> f32|4:512:16384:196608 x 2:256:1048576:2097152 x 2:256:1048576:2097152 x 2:8192 -> 4:512:6144:196608|hvx Br 1 Bc 64 threads 1 vtcm 82944|usec 76309 cycles 147980578 start 3775951748 mhz 1939.2","host_us":76856.146,"dsp_op_us":"76309"}
{"record":"measurement","iteration":18,"q":32,"kv":4096,"heads":12,"kv_heads":2,"head_dim":128,"requested_selector":"1","nhvx":"1","effective_kernel":"hvx","profile":"FLASH_ATTN_EXT|q x k x v x mask -> out|128:32:12:1 x 128:4096:2:1 x 128:4096:2:1 x 4096:32 -> 128:12:32:1|f32 x f16 x f16 x f16 -> f32|4:512:16384:196608 x 2:256:1048576:2097152 x 2:256:1048576:2097152 x 2:8192 -> 4:512:6144:196608|hvx Br 1 Bc 64 threads 1 vtcm 82944|usec 76303 cycles 147968486 start 3924149942 mhz 1939.2","host_us":77134.219,"dsp_op_us":"76303"}
{"record":"measurement","iteration":19,"q":32,"kv":4096,"heads":12,"kv_heads":2,"head_dim":128,"requested_selector":"1","nhvx":"1","effective_kernel":"hvx","profile":"FLASH_ATTN_EXT|q x k x v x mask -> out|128:32:12:1 x 128:4096:2:1 x 128:4096:2:1 x 4096:32 -> 128:12:32:1|f32 x f16 x f16 x f16 -> f32|4:512:16384:196608 x 2:256:1048576:2097152 x 2:256:1048576:2097152 x 2:8192 -> 4:512:6144:196608|hvx Br 1 Bc 64 threads 1 vtcm 82944|usec 76308 cycles 147978481 start 4072386780 mhz 1939.2","host_us":77086.146,"dsp_op_us":"76308"}
