ggml-hex: Loading driver libcdsprpc.so
ggml-hex: Profiling mode 1 : pmu-evt [  ]
ggml-hex: Hexagon backend (experimental) : allocating new registry : ndev 1
ggml-hex: Hexagon Arch version v79
ggml-hex: HTP0 allocating new session
ggml-hex: HTP0 hwinfo: threads 1, hvx 1, hmx 1, vtcm 8 MB
ggml-hex: HTP0 new session : session-id 0 domain-id 3 uri file:///libggml-htp-v79.so?htp_iface_skel_handle_invoke&_modver=1.0&_dom=cdsp&_session=0 handle 0xb40000793b223d90
ggml-hex: HTP0 op batching: n-bufs 16 n-tensors 7168 n-ops 1024 vmem 3355443200
ggml-hex: HTP0 profile-op OPBATCH|----|n-ops 1|----|----|----|usec 9692 cycles 18795424 start 2066019723731 mhz 1939.3
ggml-hex: HTP0 profile-op FLASH_ATTN_EXT|q x k x v x mask -> out|128:4:12:1 x 128:4096:2:1 x 128:4096:2:1 x 4096:4 -> 128:12:4:1|f32 x f16 x f16 x f16 -> f32|4:512:2048:24576 x 2:256:1048576:2097152 x 2:256:1048576:2097152 x 2:8192 -> 4:512:6144:24576|hvx Br 1 Bc 64 threads 1 vtcm 82944|usec 9560 cycles 18540845 start 140692310 mhz 1939.4
ggml-hex: HTP0 profile-op OPBATCH|----|n-ops 1|----|----|----|usec 9573 cycles 18565403 start 2066038760990 mhz 1939.4
ggml-hex: HTP0 profile-op FLASH_ATTN_EXT|q x k x v x mask -> out|128:4:12:1 x 128:4096:2:1 x 128:4096:2:1 x 4096:4 -> 128:12:4:1|f32 x f16 x f16 x f16 -> f32|4:512:2048:24576 x 2:256:1048576:2097152 x 2:256:1048576:2097152 x 2:8192 -> 4:512:6144:24576|hvx Br 1 Bc 64 threads 1 vtcm 82944|usec 9555 cycles 18530787 start 159512005 mhz 1939.4
ggml-hex: HTP0 profile-op OPBATCH|----|n-ops 1|----|----|----|usec 9578 cycles 18575906 start 2066057515255 mhz 1939.4
ggml-hex: HTP0 profile-op FLASH_ATTN_EXT|q x k x v x mask -> out|128:4:12:1 x 128:4096:2:1 x 128:4096:2:1 x 4096:4 -> 128:12:4:1|f32 x f16 x f16 x f16 -> f32|4:512:2048:24576 x 2:256:1048576:2097152 x 2:256:1048576:2097152 x 2:8192 -> 4:512:6144:24576|hvx Br 1 Bc 64 threads 1 vtcm 82944|usec 9560 cycles 18540992 start 178266761 mhz 1939.4
ggml-hex: HTP0 profile-op OPBATCH|----|n-ops 1|----|----|----|usec 9579 cycles 18577529 start 2066076370345 mhz 1939.4
ggml-hex: HTP0 profile-op FLASH_ATTN_EXT|q x k x v x mask -> out|128:4:12:1 x 128:4096:2:1 x 128:4096:2:1 x 4096:4 -> 128:12:4:1|f32 x f16 x f16 x f16 -> f32|4:512:2048:24576 x 2:256:1048576:2097152 x 2:256:1048576:2097152 x 2:8192 -> 4:512:6144:24576|hvx Br 1 Bc 64 threads 1 vtcm 82944|usec 9560 cycles 18540980 start 197122155 mhz 1939.4
ggml-hex: HTP0 profile-op OPBATCH|----|n-ops 1|----|----|----|usec 9576 cycles 18571507 start 2066095193795 mhz 1939.4
ggml-hex: HTP0 profile-op FLASH_ATTN_EXT|q x k x v x mask -> out|128:4:12:1 x 128:4096:2:1 x 128:4096:2:1 x 4096:4 -> 128:12:4:1|f32 x f16 x f16 x f16 -> f32|4:512:2048:24576 x 2:256:1048576:2097152 x 2:256:1048576:2097152 x 2:8192 -> 4:512:6144:24576|hvx Br 1 Bc 64 threads 1 vtcm 82944|usec 9559 cycles 18537584 start 215944052 mhz 1939.3
ggml-hex: HTP0 profile-op OPBATCH|----|n-ops 1|----|----|----|usec 9577 cycles 18572731 start 2066114014327 mhz 1939.3
ggml-hex: HTP0 profile-op FLASH_ATTN_EXT|q x k x v x mask -> out|128:4:12:1 x 128:4096:2:1 x 128:4096:2:1 x 4096:4 -> 128:12:4:1|f32 x f16 x f16 x f16 -> f32|4:512:2048:24576 x 2:256:1048576:2097152 x 2:256:1048576:2097152 x 2:8192 -> 4:512:6144:24576|hvx Br 1 Bc 64 threads 1 vtcm 82944|usec 9559 cycles 18537681 start 234766036 mhz 1939.3
ggml-hex: HTP0 profile-op OPBATCH|----|n-ops 1|----|----|----|usec 9578 cycles 18574256 start 2066132830564 mhz 1939.3
ggml-hex: HTP0 profile-op FLASH_ATTN_EXT|q x k x v x mask -> out|128:4:12:1 x 128:4096:2:1 x 128:4096:2:1 x 4096:4 -> 128:12:4:1|f32 x f16 x f16 x f16 -> f32|4:512:2048:24576 x 2:256:1048576:2097152 x 2:256:1048576:2097152 x 2:8192 -> 4:512:6144:24576|hvx Br 1 Bc 64 threads 1 vtcm 82944|usec 9560 cycles 18539053 start 253582200 mhz 1939.2
ggml-hex: HTP0 profile-op OPBATCH|----|n-ops 1|----|----|----|usec 9578 cycles 18574637 start 2066151662641 mhz 1939.3
ggml-hex: HTP0 profile-op FLASH_ATTN_EXT|q x k x v x mask -> out|128:4:12:1 x 128:4096:2:1 x 128:4096:2:1 x 4096:4 -> 128:12:4:1|f32 x f16 x f16 x f16 -> f32|4:512:2048:24576 x 2:256:1048576:2097152 x 2:256:1048576:2097152 x 2:8192 -> 4:512:6144:24576|hvx Br 1 Bc 64 threads 1 vtcm 82944|usec 9560 cycles 18540133 start 272413725 mhz 1939.3
ggml-hex: HTP0 profile-op OPBATCH|----|n-ops 1|----|----|----|usec 9576 cycles 18571632 start 2066170595483 mhz 1939.4
ggml-hex: HTP0 profile-op FLASH_ATTN_EXT|q x k x v x mask -> out|128:4:12:1 x 128:4096:2:1 x 128:4096:2:1 x 4096:4 -> 128:12:4:1|f32 x f16 x f16 x f16 -> f32|4:512:2048:24576 x 2:256:1048576:2097152 x 2:256:1048576:2097152 x 2:8192 -> 4:512:6144:24576|hvx Br 1 Bc 64 threads 1 vtcm 82944|usec 9558 cycles 18535410 start 291347849 mhz 1939.3
ggml-hex: HTP0 profile-op OPBATCH|----|n-ops 1|----|----|----|usec 9576 cycles 18570868 start 2066189500378 mhz 1939.3
ggml-hex: HTP0 profile-op FLASH_ATTN_EXT|q x k x v x mask -> out|128:4:12:1 x 128:4096:2:1 x 128:4096:2:1 x 4096:4 -> 128:12:4:1|f32 x f16 x f16 x f16 -> f32|4:512:2048:24576 x 2:256:1048576:2097152 x 2:256:1048576:2097152 x 2:8192 -> 4:512:6144:24576|hvx Br 1 Bc 64 threads 1 vtcm 82944|usec 9558 cycles 18536327 start 310250471 mhz 1939.4
ggml-hex: HTP0 profile-op OPBATCH|----|n-ops 1|----|----|----|usec 9576 cycles 18571764 start 2066208406596 mhz 1939.4
ggml-hex: HTP0 profile-op FLASH_ATTN_EXT|q x k x v x mask -> out|128:4:12:1 x 128:4096:2:1 x 128:4096:2:1 x 4096:4 -> 128:12:4:1|f32 x f16 x f16 x f16 -> f32|4:512:2048:24576 x 2:256:1048576:2097152 x 2:256:1048576:2097152 x 2:8192 -> 4:512:6144:24576|hvx Br 1 Bc 64 threads 1 vtcm 82944|usec 9558 cycles 18535453 start 329159507 mhz 1939.3
ggml-hex: HTP0 profile-op OPBATCH|----|n-ops 1|----|----|----|usec 9577 cycles 18572774 start 2066227387325 mhz 1939.3
ggml-hex: HTP0 profile-op FLASH_ATTN_EXT|q x k x v x mask -> out|128:4:12:1 x 128:4096:2:1 x 128:4096:2:1 x 4096:4 -> 128:12:4:1|f32 x f16 x f16 x f16 -> f32|4:512:2048:24576 x 2:256:1048576:2097152 x 2:256:1048576:2097152 x 2:8192 -> 4:512:6144:24576|hvx Br 1 Bc 64 threads 1 vtcm 82944|usec 9558 cycles 18536449 start 348140093 mhz 1939.4
ggml-hex: HTP0 profile-op OPBATCH|----|n-ops 1|----|----|----|usec 9576 cycles 18571560 start 2066246263534 mhz 1939.4
{"record":"measurement","iteration":0,"q":4,"kv":4096,"heads":12,"kv_heads":2,"head_dim":128,"requested_selector":"2","nhvx":"1","effective_kernel":"hvx","profile":"FLASH_ATTN_EXT|q x k x v x mask -> out|128:4:12:1 x 128:4096:2:1 x 128:4096:2:1 x 4096:4 -> 128:12:4:1|f32 x f16 x f16 x f16 -> f32|4:512:2048:24576 x 2:256:1048576:2097152 x 2:256:1048576:2097152 x 2:8192 -> 4:512:6144:24576|hvx Br 1 Bc 64 threads 1 vtcm 82944|usec 9559 cycles 18537681 start 234766036 mhz 1939.3","host_us":10670.990,"dsp_op_us":"9559"}
{"record":"measurement","iteration":1,"q":4,"kv":4096,"heads":12,"kv_heads":2,"head_dim":128,"requested_selector":"2","nhvx":"1","effective_kernel":"hvx","profile":"FLASH_ATTN_EXT|q x k x v x mask -> out|128:4:12:1 x 128:4096:2:1 x 128:4096:2:1 x 4096:4 -> 128:12:4:1|f32 x f16 x f16 x f16 -> f32|4:512:2048:24576 x 2:256:1048576:2097152 x 2:256:1048576:2097152 x 2:8192 -> 4:512:6144:24576|hvx Br 1 Bc 64 threads 1 vtcm 82944|usec 9560 cycles 18539053 start 253582200 mhz 1939.2","host_us":10524.271,"dsp_op_us":"9560"}
{"record":"measurement","iteration":2,"q":4,"kv":4096,"heads":12,"kv_heads":2,"head_dim":128,"requested_selector":"2","nhvx":"1","effective_kernel":"hvx","profile":"FLASH_ATTN_EXT|q x k x v x mask -> out|128:4:12:1 x 128:4096:2:1 x 128:4096:2:1 x 4096:4 -> 128:12:4:1|f32 x f16 x f16 x f16 -> f32|4:512:2048:24576 x 2:256:1048576:2097152 x 2:256:1048576:2097152 x 2:8192 -> 4:512:6144:24576|hvx Br 1 Bc 64 threads 1 vtcm 82944|usec 9560 cycles 18540133 start 272413725 mhz 1939.3","host_us":10903.802,"dsp_op_us":"9560"}
{"record":"measurement","iteration":3,"q":4,"kv":4096,"heads":12,"kv_heads":2,"head_dim":128,"requested_selector":"2","nhvx":"1","effective_kernel":"hvx","profile":"FLASH_ATTN_EXT|q x k x v x mask -> out|128:4:12:1 x 128:4096:2:1 x 128:4096:2:1 x 4096:4 -> 128:12:4:1|f32 x f16 x f16 x f16 -> f32|4:512:2048:24576 x 2:256:1048576:2097152 x 2:256:1048576:2097152 x 2:8192 -> 4:512:6144:24576|hvx Br 1 Bc 64 threads 1 vtcm 82944|usec 9558 cycles 18535410 start 291347849 mhz 1939.3","host_us":11725.730,"dsp_op_us":"9558"}
{"record":"measurement","iteration":4,"q":4,"kv":4096,"heads":12,"kv_heads":2,"head_dim":128,"requested_selector":"2","nhvx":"1","effective_kernel":"hvx","profile":"FLASH_ATTN_EXT|q x k x v x mask -> out|128:4:12:1 x 128:4096:2:1 x 128:4096:2:1 x 4096:4 -> 128:12:4:1|f32 x f16 x f16 x f16 -> f32|4:512:2048:24576 x 2:256:1048576:2097152 x 2:256:1048576:2097152 x 2:8192 -> 4:512:6144:24576|hvx Br 1 Bc 64 threads 1 vtcm 82944|usec 9558 cycles 18536327 start 310250471 mhz 1939.4","host_us":11684.792,"dsp_op_us":"9558"}
{"record":"measurement","iteration":5,"q":4,"kv":4096,"heads":12,"kv_heads":2,"head_dim":128,"requested_selector":"2","nhvx":"1","effective_kernel":"hvx","profile":"FLASH_ATTN_EXT|q x k x v x mask -> out|128:4:12:1 x 128:4096:2:1 x 128:4096:2:1 x 4096:4 -> 128:12:4:1|f32 x f16 x f16 x f16 -> f32|4:512:2048:24576 x 2:256:1048576:2097152 x 2:256:1048576:2097152 x 2:8192 -> 4:512:6144:24576|hvx Br 1 Bc 64 threads 1 vtcm 82944|usec 9558 cycles 18535453 start 329159507 mhz 1939.3","host_us":11793.594,"dsp_op_us":"9558"}
{"record":"measurement","iteration":6,"q":4,"kv":4096,"heads":12,"kv_heads":2,"head_dim":128,"requested_selector":"2","nhvx":"1","effective_kernel":"hvx","profile":"FLASH_ATTN_EXT|q x k x v x mask -> out|128:4:12:1 x 128:4096:2:1 x 128:4096:2:1 x 4096:4 -> 128:12:4:1|f32 x f16 x f16 x f16 -> f32|4:512:2048:24576 x 2:256:1048576:2097152 x 2:256:1048576:2097152 x 2:8192 -> 4:512:6144:24576|hvx Br 1 Bc 64 threads 1 vtcm 82944|usec 9558 cycles 18536449 start 348140093 mhz 1939.4","host_us":12174.948,"dsp_op_us":"9558"}
{"record":"measurement","iteration":7,"q":4,"kv":4096,"heads":12,"kv_heads":2,"head_dim":128,"requested_selector":"2","nhvx":"1","effective_kernel":"hvx","profile":"FLASH_ATTN_EXT|q x k x v x mask -> out|128:4:12:1 x 128:4096:2:1 x 128:4096:2:1 x 4096:4 -> 128:12:4:1|f32 x f16 x f16 x f16 -> f32|4:512:2048:24576 x 2:256:1048576:2097152 x 2:256:1048576:2097152 x 2:8192 -> 4:512:6144:24576|hvx Br 1 Bc 64 threads 1 vtcm 82944|usec 9558 cycles 18535ggml-hex: HTP0 profile-op FLASH_ATTN_EXT|q x k x v x mask -> out|128:4:12:1 x 128:4096:2:1 x 128:4096:2:1 x 4096:4 -> 128:12:4:1|f32 x f16 x f16 x f16 -> f32|4:512:2048:24576 x 2:256:1048576:2097152 x 2:256:1048576:2097152 x 2:8192 -> 4:512:6144:24576|hvx Br 1 Bc 64 threads 1 vtcm 82944|usec 9558 cycles 18535597 start 367016209 mhz 1939.3
ggml-hex: HTP0 profile-op OPBATCH|----|n-ops 1|----|----|----|usec 9578 cycles 18575046 start 2066265113479 mhz 1939.3
ggml-hex: HTP0 profile-op FLASH_ATTN_EXT|q x k x v x mask -> out|128:4:12:1 x 128:4096:2:1 x 128:4096:2:1 x 4096:4 -> 128:12:4:1|f32 x f16 x f16 x f16 -> f32|4:512:2048:24576 x 2:256:1048576:2097152 x 2:256:1048576:2097152 x 2:8192 -> 4:512:6144:24576|hvx Br 1 Bc 64 threads 1 vtcm 82944|usec 9559 cycles 18538121 start 385865730 mhz 1939.3
ggml-hex: HTP0 profile-op OPBATCH|----|n-ops 1|----|----|----|usec 9574 cycles 18567771 start 2066283973682 mhz 1939.4
ggml-hex: HTP0 profile-op FLASH_ATTN_EXT|q x k x v x mask -> out|128:4:12:1 x 128:4096:2:1 x 128:4096:2:1 x 4096:4 -> 128:12:4:1|f32 x f16 x f16 x f16 -> f32|4:512:2048:24576 x 2:256:1048576:2097152 x 2:256:1048576:2097152 x 2:8192 -> 4:512:6144:24576|hvx Br 1 Bc 64 threads 1 vtcm 82944|usec 9557 cycles 18534066 start 404724007 mhz 1939.3
ggml-hex: HTP0 profile-op OPBATCH|----|n-ops 1|----|----|----|usec 9577 cycles 18574034 start 2066302848632 mhz 1939.4
ggml-hex: HTP0 profile-op FLASH_ATTN_EXT|q x k x v x mask -> out|128:4:12:1 x 128:4096:2:1 x 128:4096:2:1 x 4096:4 -> 128:12:4:1|f32 x f16 x f16 x f16 -> f32|4:512:2048:24576 x 2:256:1048576:2097152 x 2:256:1048576:2097152 x 2:8192 -> 4:512:6144:24576|hvx Br 1 Bc 64 threads 1 vtcm 82944|usec 9559 cycles 18537447 start 423600368 mhz 1939.3
ggml-hex: HTP0 profile-op OPBATCH|----|n-ops 1|----|----|----|usec 9576 cycles 18571660 start 2066321605095 mhz 1939.4
ggml-hex: HTP0 profile-op FLASH_ATTN_EXT|q x k x v x mask -> out|128:4:12:1 x 128:4096:2:1 x 128:4096:2:1 x 4096:4 -> 128:12:4:1|f32 x f16 x f16 x f16 -> f32|4:512:2048:24576 x 2:256:1048576:2097152 x 2:256:1048576:2097152 x 2:8192 -> 4:512:6144:24576|hvx Br 1 Bc 64 threads 1 vtcm 82944|usec 9559 cycles 18538075 start 442354511 mhz 1939.3
ggml-hex: HTP0 profile-op OPBATCH|----|n-ops 1|----|----|----|usec 9577 cycles 18572821 start 2066340355818 mhz 1939.3
ggml-hex: HTP0 profile-op FLASH_ATTN_EXT|q x k x v x mask -> out|128:4:12:1 x 128:4096:2:1 x 128:4096:2:1 x 4096:4 -> 128:12:4:1|f32 x f16 x f16 x f16 -> f32|4:512:2048:24576 x 2:256:1048576:2097152 x 2:256:1048576:2097152 x 2:8192 -> 4:512:6144:24576|hvx Br 1 Bc 64 threads 1 vtcm 82944|usec 9558 cycles 18536942 start 461106274 mhz 1939.4
ggml-hex: HTP0 profile-op OPBATCH|----|n-ops 1|----|----|----|usec 9575 cycles 18568331 start 2066359175198 mhz 1939.3
ggml-hex: HTP0 profile-op FLASH_ATTN_EXT|q x k x v x mask -> out|128:4:12:1 x 128:4096:2:1 x 128:4096:2:1 x 4096:4 -> 128:12:4:1|f32 x f16 x f16 x f16 -> f32|4:512:2048:24576 x 2:256:1048576:2097152 x 2:256:1048576:2097152 x 2:8192 -> 4:512:6144:24576|hvx Br 1 Bc 64 threads 1 vtcm 82944|usec 9557 cycles 18534004 start 479925362 mhz 1939.3
ggml-hex: HTP0 profile-op OPBATCH|----|n-ops 1|----|----|----|usec 9575 cycles 18568715 start 2066377916677 mhz 1939.3
ggml-hex: HTP0 profile-op FLASH_ATTN_EXT|q x k x v x mask -> out|128:4:12:1 x 128:4096:2:1 x 128:4096:2:1 x 4096:4 -> 128:12:4:1|f32 x f16 x f16 x f16 -> f32|4:512:2048:24576 x 2:256:1048576:2097152 x 2:256:1048576:2097152 x 2:8192 -> 4:512:6144:24576|hvx Br 1 Bc 64 threads 1 vtcm 82944|usec 9557 cycles 18533359 start 498667700 mhz 1939.2
ggml-hex: HTP0 profile-op OPBATCH|----|n-ops 1|----|----|----|usec 9575 cycles 18568315 start 2066396664833 mhz 1939.2
597 start 367016209 mhz 1939.3","host_us":11522.656,"dsp_op_us":"9558"}
{"record":"measurement","iteration":8,"q":4,"kv":4096,"heads":12,"kv_heads":2,"head_dim":128,"requested_selector":"2","nhvx":"1","effective_kernel":"hvx","profile":"FLASH_ATTN_EXT|q x k x v x mask -> out|128:4:12:1 x 128:4096:2:1 x 128:4096:2:1 x 4096:4 -> 128:12:4:1|f32 x f16 x f16 x f16 -> f32|4:512:2048:24576 x 2:256:1048576:2097152 x 2:256:1048576:2097152 x 2:8192 -> 4:512:6144:24576|hvx Br 1 Bc 64 threads 1 vtcm 82944|usec 9559 cycles 18538121 start 385865730 mhz 1939.3","host_us":10700.989,"dsp_op_us":"9559"}
{"record":"measurement","iteration":9,"q":4,"kv":4096,"heads":12,"kv_heads":2,"head_dim":128,"requested_selector":"2","nhvx":"1","effective_kernel":"hvx","profile":"FLASH_ATTN_EXT|q x k x v x mask -> out|128:4:12:1 x 128:4096:2:1 x 128:4096:2:1 x 4096:4 -> 128:12:4:1|f32 x f16 x f16 x f16 -> f32|4:512:2048:24576 x 2:256:1048576:2097152 x 2:256:1048576:2097152 x 2:8192 -> 4:512:6144:24576|hvx Br 1 Bc 64 threads 1 vtcm 82944|usec 9557 cycles 18534066 start 404724007 mhz 1939.3","host_us":11073.281,"dsp_op_us":"9557"}
{"record":"measurement","iteration":10,"q":4,"kv":4096,"heads":12,"kv_heads":2,"head_dim":128,"requested_selector":"2","nhvx":"1","effective_kernel":"hvx","profile":"FLASH_ATTN_EXT|q x k x v x mask -> out|128:4:12:1 x 128:4096:2:1 x 128:4096:2:1 x 4096:4 -> 128:12:4:1|f32 x f16 x f16 x f16 -> f32|4:512:2048:24576 x 2:256:1048576:2097152 x 2:256:1048576:2097152 x 2:8192 -> 4:512:6144:24576|hvx Br 1 Bc 64 threads 1 vtcm 82944|usec 9559 cycles 18537447 start 423600368 mhz 1939.3","host_us":10940.260,"dsp_op_us":"9559"}
{"record":"measurement","iteration":11,"q":4,"kv":4096,"heads":12,"kv_heads":2,"head_dim":128,"requested_selector":"2","nhvx":"1","effective_kernel":"hvx","profile":"FLASH_ATTN_EXT|q x k x v x mask -> out|128:4:12:1 x 128:4096:2:1 x 128:4096:2:1 x 4096:4 -> 128:12:4:1|f32 x f16 x f16 x f16 -> f32|4:512:2048:24576 x 2:256:1048576:2097152 x 2:256:1048576:2097152 x 2:8192 -> 4:512:6144:24576|hvx Br 1 Bc 64 threads 1 vtcm 82944|usec 9559 cycles 18538075 start 442354511 mhz 1939.3","host_us":10142.865,"dsp_op_us":"9559"}
{"record":"measurement","iteration":12,"q":4,"kv":4096,"heads":12,"kv_heads":2,"head_dim":128,"requested_selector":"2","nhvx":"1","effective_kernel":"hvx","profile":"FLASH_ATTN_EXT|q x k x v x mask -> out|128:4:12:1 x 128:4096:2:1 x 128:4096:2:1 x 4096:4 -> 128:12:4:1|f32 x f16 x f16 x f16 -> f32|4:512:2048:24576 x 2:256:1048576:2097152 x 2:256:1048576:2097152 x 2:8192 -> 4:512:6144:24576|hvx Br 1 Bc 64 threads 1 vtcm 82944|usec 9558 cycles 18536942 start 461106274 mhz 1939.4","host_us":10265.834,"dsp_op_us":"9558"}
{"record":"measurement","iteration":13,"q":4,"kv":4096,"heads":12,"kv_heads":2,"head_dim":128,"requested_selector":"2","nhvx":"1","effective_kernel":"hvx","profile":"FLASH_ATTN_EXT|q x k x v x mask -> out|128:4:12:1 x 128:4096:2:1 x 128:4096:2:1 x 4096:4 -> 128:12:4:1|f32 x f16 x f16 x f16 -> f32|4:512:2048:24576 x 2:256:1048576:2097152 x 2:256:1048576:2097152 x 2:8192 -> 4:512:6144:24576|hvx Br 1 Bc 64 threads 1 vtcm 82944|usec 9557 cycles 18534004 start 479925362 mhz 1939.3","host_us":10180.469,"dsp_op_us":"9557"}
{"record":"measurement","iteration":14,"q":4,"kv":4096,"heads":12,"kv_heads":2,"head_dim":128,"requested_selector":"2","nhvx":"1","effective_kernel":"hvx","profile":"FLASH_ATTN_EXT|q x k x v x mask -> out|128:4:12:1 x 128:4096:2:1 x 128:4096:2:1 x 4096:4 -> 128:12:4:1|f32 x f16 x f16 x f16 -> f32|4:512:2048:24576 x 2:256:1048576:2097152 x 2:256:1048576:2097152 x 2:8192 -> 4:512:6144:24576|hvx Br 1 Bc 64 threads 1 vtcm 82944|usec 9557 cycles 18533359 start 498667700 mhz 1939.2","host_us":10114.635,"dsp_op_us":"9557"}
{"record":"measurement","iteration":15,"q":4,"kv":4096,"heads":12,"kv_heads":2,"head_dim":128,"requested_selector":"2","nhvx":"1","effective_kernel":"hvx","profile":"FLASH_ATTN_EXT|q x k x v x mask -> out|128:4:12:1 x 128:4096:2:1 x 128:4096:2:1 x 4096:4 -> 128:12:4:1|f32 x f16 x f16 x f16 -> f32|4:512:2048:24576 x 2:256:1048576:2097152 x 2:256:1048576:2097152 x 2:8192 ggml-hex: HTP0 profile-op FLASH_ATTN_EXT|q x k x v x mask -> out|128:4:12:1 x 128:4096:2:1 x 128:4096:2:1 x 4096:4 -> 128:12:4:1|f32 x f16 x f16 x f16 -> f32|4:512:2048:24576 x 2:256:1048576:2097152 x 2:256:1048576:2097152 x 2:8192 -> 4:512:6144:24576|hvx Br 1 Bc 64 threads 1 vtcm 82944|usec 9556 cycles 18532944 start 517415477 mhz 1939.4
ggml-hex: HTP0 profile-op OPBATCH|----|n-ops 1|----|----|----|usec 9576 cycles 18572190 start 2066415426028 mhz 1939.5
ggml-hex: HTP0 profile-op FLASH_ATTN_EXT|q x k x v x mask -> out|128:4:12:1 x 128:4096:2:1 x 128:4096:2:1 x 4096:4 -> 128:12:4:1|f32 x f16 x f16 x f16 -> f32|4:512:2048:24576 x 2:256:1048576:2097152 x 2:256:1048576:2097152 x 2:8192 -> 4:512:6144:24576|hvx Br 1 Bc 64 threads 1 vtcm 82944|usec 9557 cycles 18535223 start 536177927 mhz 1939.4
ggml-hex: HTP0 profile-op OPBATCH|----|n-ops 1|----|----|----|usec 9574 cycles 18568126 start 2066434230694 mhz 1939.4
ggml-hex: HTP0 profile-op FLASH_ATTN_EXT|q x k x v x mask -> out|128:4:12:1 x 128:4096:2:1 x 128:4096:2:1 x 4096:4 -> 128:12:4:1|f32 x f16 x f16 x f16 -> f32|4:512:2048:24576 x 2:256:1048576:2097152 x 2:256:1048576:2097152 x 2:8192 -> 4:512:6144:24576|hvx Br 1 Bc 64 threads 1 vtcm 82944|usec 9557 cycles 18533933 start 554981242 mhz 1939.3
ggml-hex: HTP0 profile-op OPBATCH|----|n-ops 1|----|----|----|usec 9575 cycles 18568446 start 2066453023466 mhz 1939.3
ggml-hex: HTP0 profile-op FLASH_ATTN_EXT|q x k x v x mask -> out|128:4:12:1 x 128:4096:2:1 x 128:4096:2:1 x 4096:4 -> 128:12:4:1|f32 x f16 x f16 x f16 -> f32|4:512:2048:24576 x 2:256:1048576:2097152 x 2:256:1048576:2097152 x 2:8192 -> 4:512:6144:24576|hvx Br 1 Bc 64 threads 1 vtcm 82944|usec 9557 cycles 18534571 start 573773848 mhz 1939.4
ggml-hex: HTP0 profile-op OPBATCH|----|n-ops 1|----|----|----|usec 9575 cycles 18570205 start 2066471803607 mhz 1939.4
ggml-hex: HTP0 profile-op FLASH_ATTN_EXT|q x k x v x mask -> out|128:4:12:1 x 128:4096:2:1 x 128:4096:2:1 x 4096:4 -> 128:12:4:1|f32 x f16 x f16 x f16 -> f32|4:512:2048:24576 x 2:256:1048576:2097152 x 2:256:1048576:2097152 x 2:8192 -> 4:512:6144:24576|hvx Br 1 Bc 64 threads 1 vtcm 82944|usec 9558 cycles 18536005 start 592553991 mhz 1939.3
-> 4:512:6144:24576|hvx Br 1 Bc 64 threads 1 vtcm 82944|usec 9556 cycles 18532944 start 517415477 mhz 1939.4","host_us":10242.552,"dsp_op_us":"9556"}
{"record":"measurement","iteration":16,"q":4,"kv":4096,"heads":12,"kv_heads":2,"head_dim":128,"requested_selector":"2","nhvx":"1","effective_kernel":"hvx","profile":"FLASH_ATTN_EXT|q x k x v x mask -> out|128:4:12:1 x 128:4096:2:1 x 128:4096:2:1 x 4096:4 -> 128:12:4:1|f32 x f16 x f16 x f16 -> f32|4:512:2048:24576 x 2:256:1048576:2097152 x 2:256:1048576:2097152 x 2:8192 -> 4:512:6144:24576|hvx Br 1 Bc 64 threads 1 vtcm 82944|usec 9557 cycles 18535223 start 536177927 mhz 1939.4","host_us":10284.375,"dsp_op_us":"9557"}
{"record":"measurement","iteration":17,"q":4,"kv":4096,"heads":12,"kv_heads":2,"head_dim":128,"requested_selector":"2","nhvx":"1","effective_kernel":"hvx","profile":"FLASH_ATTN_EXT|q x k x v x mask -> out|128:4:12:1 x 128:4096:2:1 x 128:4096:2:1 x 4096:4 -> 128:12:4:1|f32 x f16 x f16 x f16 -> f32|4:512:2048:24576 x 2:256:1048576:2097152 x 2:256:1048576:2097152 x 2:8192 -> 4:512:6144:24576|hvx Br 1 Bc 64 threads 1 vtcm 82944|usec 9557 cycles 18533933 start 554981242 mhz 1939.3","host_us":10018.178,"dsp_op_us":"9557"}
{"record":"measurement","iteration":18,"q":4,"kv":4096,"heads":12,"kv_heads":2,"head_dim":128,"requested_selector":"2","nhvx":"1","effective_kernel":"hvx","profile":"FLASH_ATTN_EXT|q x k x v x mask -> out|128:4:12:1 x 128:4096:2:1 x 128:4096:2:1 x 4096:4 -> 128:12:4:1|f32 x f16 x f16 x f16 -> f32|4:512:2048:24576 x 2:256:1048576:2097152 x 2:256:1048576:2097152 x 2:8192 -> 4:512:6144:24576|hvx Br 1 Bc 64 threads 1 vtcm 82944|usec 9557 cycles 18534571 start 573773848 mhz 1939.4","host_us":10078.073,"dsp_op_us":"9557"}
{"record":"measurement","iteration":19,"q":4,"kv":4096,"heads":12,"kv_heads":2,"head_dim":128,"requested_selector":"2","nhvx":"1","effective_kernel":"hvx","profile":"FLASH_ATTN_EXT|q x k x v x mask -> out|128:4:12:1 x 128:4096:2:1 x 128:4096:2:1 x 4096:4 -> 128:12:4:1|f32 x f16 x f16 x f16 -> f32|4:512:2048:24576 x 2:256:1048576:2097152 x 2:256:1048576:2097152 x 2:8192 -> 4:512:6144:24576|hvx Br 1 Bc 64 threads 1 vtcm 82944|usec 9558 cycles 18536005 start 592553991 mhz 1939.3","host_us":10307.552,"dsp_op_us":"9558"}
