ggml-hex: Loading driver libcdsprpc.so
ggml-hex: Profiling mode 1 : pmu-evt [  ]
ggml-hex: Hexagon backend (experimental) : allocating new registry : ndev 1
ggml-hex: Hexagon Arch version v79
ggml-hex: HTP0 allocating new session
ggml-hex: HTP0 hwinfo: threads 1, hvx 1, hmx 1, vtcm 8 MB
ggml-hex: HTP0 new session : session-id 0 domain-id 3 uri file:///libggml-htp-v79.so?htp_iface_skel_handle_invoke&_modver=1.0&_dom=cdsp&_session=0 handle 0xb400007851e5e050
ggml-hex: HTP0 op batching: n-bufs 16 n-tensors 7168 n-ops 1024 vmem 3355443200
ggml-hex: HTP0 profile-op OPBATCH|----|n-ops 1|----|----|----|usec 19232 cycles 37295980 start 2051440921763 mhz 1939.3
ggml-hex: HTP0 profile-op FLASH_ATTN_EXT|q x k x v x mask -> out|128:8:12:1 x 128:4096:2:1 x 128:4096:2:1 x 4096:8 -> 128:12:8:1|f32 x f16 x f16 x f16 -> f32|4:512:4096:49152 x 2:256:1048576:2097152 x 2:256:1048576:2097152 x 2:8192 -> 4:512:6144:49152|hvx Br 1 Bc 64 threads 1 vtcm 82944|usec 19097 cycles 37035380 start 2741765571 mhz 1939.3
ggml-hex: HTP0 profile-op OPBATCH|----|n-ops 1|----|----|----|usec 19115 cycles 37069510 start 2051478546688 mhz 1939.3
ggml-hex: HTP0 profile-op FLASH_ATTN_EXT|q x k x v x mask -> out|128:8:12:1 x 128:4096:2:1 x 128:4096:2:1 x 4096:8 -> 128:12:8:1|f32 x f16 x f16 x f16 -> f32|4:512:4096:49152 x 2:256:1048576:2097152 x 2:256:1048576:2097152 x 2:8192 -> 4:512:6144:49152|hvx Br 1 Bc 64 threads 1 vtcm 82944|usec 19097 cycles 37034479 start 2779166045 mhz 1939.3
ggml-hex: HTP0 profile-op OPBATCH|----|n-ops 1|----|----|----|usec 19117 cycles 37073603 start 2051515890874 mhz 1939.3
ggml-hex: HTP0 profile-op FLASH_ATTN_EXT|q x k x v x mask -> out|128:8:12:1 x 128:4096:2:1 x 128:4096:2:1 x 4096:8 -> 128:12:8:1|f32 x f16 x f16 x f16 -> f32|4:512:4096:49152 x 2:256:1048576:2097152 x 2:256:1048576:2097152 x 2:8192 -> 4:512:6144:49152|hvx Br 1 Bc 64 threads 1 vtcm 82944|usec 19099 cycles 37038263 start 2816510787 mhz 1939.3
ggml-hex: HTP0 profile-op OPBATCH|----|n-ops 1|----|----|----|usec 19116 cycles 37070732 start 2051553215515 mhz 1939.3
ggml-hex: HTP0 profile-op FLASH_ATTN_EXT|q x k x v x mask -> out|128:8:12:1 x 128:4096:2:1 x 128:4096:2:1 x 4096:8 -> 128:12:8:1|f32 x f16 x f16 x f16 -> f32|4:512:4096:49152 x 2:256:1048576:2097152 x 2:256:1048576:2097152 x 2:8192 -> 4:512:6144:49152|hvx Br 1 Bc 64 threads 1 vtcm 82944|usec 19097 cycles 37033971 start 2853836940 mhz 1939.3
ggml-hex: HTP0 profile-op OPBATCH|----|n-ops 1|----|----|----|usec 19115 cycles 37069718 start 2051590582162 mhz 1939.3
ggml-hex: HTP0 profile-op FLASH_ATTN_EXT|q x k x v x mask -> out|128:8:12:1 x 128:4096:2:1 x 128:4096:2:1 x 4096:8 -> 128:12:8:1|f32 x f16 x f16 x f16 -> f32|4:512:4096:49152 x 2:256:1048576:2097152 x 2:256:1048576:2097152 x 2:8192 -> 4:512:6144:49152|hvx Br 1 Bc 64 threads 1 vtcm 82944|usec 19097 cycles 37035057 start 2891201369 mhz 1939.3
ggml-hex: HTP0 profile-op OPBATCH|----|n-ops 1|----|----|----|usec 19117 cycles 37072896 start 2051628034867 mhz 1939.3
ggml-hex: HTP0 profile-op FLASH_ATTN_EXT|q x k x v x mask -> out|128:8:12:1 x 128:4096:2:1 x 128:4096:2:1 x 4096:8 -> 128:12:8:1|f32 x f16 x f16 x f16 -> f32|4:512:4096:49152 x 2:256:1048576:2097152 x 2:256:1048576:2097152 x 2:8192 -> 4:512:6144:49152|hvx Br 1 Bc 64 threads 1 vtcm 82944|usec 19098 cycles 37035911 start 2928656053 mhz 1939.3
ggml-hex: HTP0 profile-op OPBATCH|----|n-ops 1|----|----|----|usec 19112 cycles 37063803 start 2051665448330 mhz 1939.3
ggml-hex: HTP0 profile-op FLASH_ATTN_EXT|q x k x v x mask -> out|128:8:12:1 x 128:4096:2:1 x 128:4096:2:1 x 4096:8 -> 128:12:8:1|f32 x f16 x f16 x f16 -> f32|4:512:4096:49152 x 2:256:1048576:2097152 x 2:256:1048576:2097152 x 2:8192 -> 4:512:6144:49152|hvx Br 1 Bc 64 threads 1 vtcm 82944|usec 19095 cycles 37029756 start 2966067416 mhz 1939.2
ggml-hex: HTP0 profile-op OPBATCH|----|n-ops 1|----|----|----|usec 19113 cycles 37066115 start 2051702935708 mhz 1939.3
ggml-hex: HTP0 profile-op FLASH_ATTN_EXT|q x k x v x mask -> out|128:8:12:1 x 128:4096:2:1 x 128:4096:2:1 x 4096:8 -> 128:12:8:1|f32 x f16 x f16 x f16 -> f32|4:512:4096:49152 x 2:256:1048576:2097152 x 2:256:1048576:2097152 x 2:8192 -> 4:512:6144:49152|hvx Br 1 Bc 64 threads 1 vtcm 82944|usec 19095 cycles 37031253 start 3003554483 mhz 1939.3
ggml-hex: HTP0 profile-op OPBATCH|----|n-ops 1|----|----|----|usec 19113 cycles 37065974 start 2051740296100 mhz 1939.3
ggml-hex: HTP0 profile-op FLASH_ATTN_EXT|q x k x v x mask -> out|128:8:12:1 x 128:4096:2:1 x 128:4096:2:1 x 4096:8 -> 128:12:8:1|f32 x f16 x f16 x f16 -> f32|4:512:4096:49152 x 2:256:1048576:2097152 x 2:256:1048576:2097152 x 2:8192 -> 4:512:6144:49152|hvx Br 1 Bc 64 threads 1 vtcm 82944|usec 19095 cycles 37029926 start 3040916439 mhz 1939.2
ggml-hex: HTP0 profile-op OPBATCH|----|n-ops 1|----|----|----|usec 19113 cycles 37064454 start 2051777635843 mhz 1939.2
ggml-hex: HTP0 profile-op FLASH_ATTN_EXT|q x k x v x mask -> out|128:8:12:1 x 128:4096:2:1 x 128:4096:2:1 x 4096:8 -> 128:12:8:1|f32 x f16 x f16 x f16 -> f32|4:512:4096:49152 x 2:256:1048576:2097152 x 2:256:1048576:2097152 x 2:8192 -> 4:512:6144:49152|hvx Br 1 Bc 64 threads 1 vtcm 82944|usec 19095 cycles 37031035 start 3078254724 mhz 1939.3
ggml-hex: HTP0 profile-op OPBATCH|----|n-ops 1|----|----|----|usec 19114 cycles 37067553 start 2051815030426 mhz 1939.3
ggml-hex: HTP0 profile-op FLASH_ATTN_EXT|q x k x v x mask -> out|128:8:12:1 x 128:4096:2:1 x 128:4096:2:1 x 4096:8 -> 128:12:8:1|f32 x f16 x f16 x f16 -> f32|4:512:4096:49152 x 2:256:1048576:2097152 x 2:256:1048576:2097152 x 2:8192 -> 4:512:6144:49152|hvx Br 1 Bc 64 threads 1 vtcm 82944|usec 19096 cycles 37031883 start 3115650276 mhz 1939.2
ggml-hex: HTP0 profile-op OPBATCH|----|n-ops 1|----|----|----|usec 19112 cycles 37062938 start 2051852385358 mhz 1939.2
ggml-hex: HTP0 profile-op FLASH_ATTN_EXT|q x k x v x mask -> out|128:8:12:1 x 128:4096:2:1 x 128:4096:2:1 x 4096:8 -> 128:12:8:1|f32 x f16 x f16 x f16 -> f32|4:512:4096:49152 x 2:256:1048576:2097152 x 2:256:1048576:2097152 x 2:8192 -> 4:512:6144:49152|hvx Br 1 Bc 64 threads 1 vtcm 82944|usec 19094 cycles 37027809 start 3153005694 mhz 1939.2
ggml-hex: HTP0 profile-op OPBATCH|----|n-ops 1|----|----|----|usec 19110 cycles 37060114 start 2051889754612 mhz 1939.3
{"record":"measurement","iteration":0,"q":8,"kv":4096,"heads":12,"kv_heads":2,"head_dim":128,"requested_selector":"1","nhvx":"1","effective_kernel":"hvx","profile":"FLASH_ATTN_EXT|q x k x v x mask -> out|128:8:12:1 x 128:4096:2:1 x 128:4096:2:1 x 4096:8 -> 128:12:8:1|f32 x f16 x f16 x f16 -> f32|4:512:4096:49152 x 2:256:1048576:2097152 x 2:256:1048576:2097152 x 2:8192 -> 4:512:6144:49152|hvx Br 1 Bc 64 threads 1 vtcm 82944|usec 19098 cycles 37035911 start 2928656053 mhz 1939.3","host_us":21465.938,"dsp_op_us":"19098"}
{"record":"measurement","iteration":1,"q":8,"kv":4096,"heads":12,"kv_heads":2,"head_dim":128,"requested_selector":"1","nhvx":"1","effective_kernel":"hvx","profile":"FLASH_ATTN_EXT|q x k x v x mask -> out|128:8:12:1 x 128:4096:2:1 x 128:4096:2:1 x 4096:8 -> 128:12:8:1|f32 x f16 x f16 x f16 -> f32|4:512:4096:49152 x 2:256:1048576:2097152 x 2:256:1048576:2097152 x 2:8192 -> 4:512:6144:49152|hvx Br 1 Bc 64 threads 1 vtcm 82944|usec 19095 cycles 37029756 start 2966067416 mhz 1939.2","host_us":21173.125,"dsp_op_us":"19095"}
{"record":"measurement","iteration":2,"q":8,"kv":4096,"heads":12,"kv_heads":2,"head_dim":128,"requested_selector":"1","nhvx":"1","effective_kernel":"hvx","profile":"FLASH_ATTN_EXT|q x k x v x mask -> out|128:8:12:1 x 128:4096:2:1 x 128:4096:2:1 x 4096:8 -> 128:12:8:1|f32 x f16 x f16 x f16 -> f32|4:512:4096:49152 x 2:256:1048576:2097152 x 2:256:1048576:2097152 x 2:8192 -> 4:512:6144:49152|hvx Br 1 Bc 64 threads 1 vtcm 82944|usec 19095 cycles 37031253 start 3003554483 mhz 1939.3","host_us":22197.344,"dsp_op_us":"19095"}
{"record":"measurement","iteration":3,"q":8,"kv":4096,"heads":12,"kv_heads":2,"head_dim":128,"requested_selector":"1","nhvx":"1","effective_kernel":"hvx","profile":"FLASH_ATTN_EXT|q x k x v x mask -> out|128:8:12:1 x 128:4096:2:1 x 128:4096:2:1 x 4096:8 -> 128:12:8:1|f32 x f16 x f16 x f16 -> f32|4:512:4096:49152 x 2:256:1048576:2097152 x 2:256:1048576:2097152 x 2:8192 -> 4:512:6144:49152|hvx Br 1 Bc 64 threads 1 vtcm 82944|usec 19095 cycles 37029926 start 3040916439 mhz 1939.2","host_us":20361.875,"dsp_op_us":"19095"}
{"record":"measurement","iteration":4,"q":8,"kv":4096,"heads":12,"kv_heads":2,"head_dim":128,"requested_selector":"1","nhvx":"1","effective_kernel":"hvx","profile":"FLASH_ATTN_EXT|q x k x v x mask -> out|128:8:12:1 x 128:4096:2:1 x 128:4096:2:1 x 4096:8 -> 128:12:8:1|f32 x f16 x f16 x f16 -> f32|4:512:4096:49152 x 2:256:1048576:2097152 x 2:256:1048576:2097152 x 2:8192 -> 4:512:6144:49152|hvx Br 1 Bc 64 threads 1 vtcm 82944|usec 19095 cycles 37031035 start 3078254724 mhz 1939.3","host_us":20592.760,"dsp_op_us":"19095"}
{"record":"measurement","iteration":5,"q":8,"kv":4096,"heads":12,"kv_heads":2,"head_dim":128,"requested_selector":"1","nhvx":"1","effective_kernel":"hvx","profile":"FLASH_ATTN_EXT|q x k x v x mask -> out|128:8:12:1 x 128:4096:2:1 x 128:4096:2:1 x 4096:8 -> 128:12:8:1|f32 x f16 x f16 x f16 -> f32|4:512:4096:49152 x 2:256:1048576:2097152 x 2:256:1048576:2097152 x 2:8192 -> 4:512:6144:49152|hvx Br 1 Bc 64 threads 1 vtcm 82944|usec 19096 cycles 37031883 start 3115650276 mhz 1939.2","host_us":20716.250,"dsp_op_us":"19096"}
{"record":"measurement","iteration":6,"q":8,"kv":4096,"heads":12,"kv_heads":2,"head_dim":128,"requested_selector":"1","nhvx":"1","effective_kernel":"hvx","profile":"FLASH_ATTN_EXT|q x k x v x mask -> out|128:8:12:1 x 128:4096:2:1 x 128:4096:2:1 x 4096:8 -> 128:12:8:1|f32 x f16 x f16 x f16 -> f32|4:512:4096:49152 x 2:256:1048576:2097152 x 2:256:1048576:2097152 x 2:8192 -> 4:512:6144:49152|hvx Br 1 Bc 64 threads 1 vtcm 82944|usec 19094 cycles 37027809 start 3153005694 mhz 1939.2","host_us":20769.114,"dsp_op_us":"19094"}
{"record":"measurement","iteration":7,"q":8,"kv":4096,"heads":12,"kv_heads":2,"head_dim":128,"requested_selector":"1","nhvx":"1","effective_kernel":"hvx","profile":"FLASH_ATTN_EXT|q x k x v x mask -> out|128:8:12:1 x 128:4096:2:1 x 128:4096:2:1 x 4096:8 -> 128:12:8:1|f32 x f16 x f16 x f16 -> f32|4:512:4096:49152 x 2:256:1048576:2097152 x 2:256:1048576:2097152 x 2:8192 -> 4:512:6144:49152|hvx Br 1 Bc 64 threads 1 vtcm 82944|uggml-hex: HTP0 profile-op FLASH_ATTN_EXT|q x k x v x mask -> out|128:8:12:1 x 128:4096:2:1 x 128:4096:2:1 x 4096:8 -> 128:12:8:1|f32 x f16 x f16 x f16 -> f32|4:512:4096:49152 x 2:256:1048576:2097152 x 2:256:1048576:2097152 x 2:8192 -> 4:512:6144:49152|hvx Br 1 Bc 64 threads 1 vtcm 82944|usec 19092 cycles 37025039 start 3190373871 mhz 1939.3
ggml-hex: HTP0 profile-op OPBATCH|----|n-ops 1|----|----|----|usec 19114 cycles 37066427 start 2051927188971 mhz 1939.2
ggml-hex: HTP0 profile-op FLASH_ATTN_EXT|q x k x v x mask -> out|128:8:12:1 x 128:4096:2:1 x 128:4096:2:1 x 4096:8 -> 128:12:8:1|f32 x f16 x f16 x f16 -> f32|4:512:4096:49152 x 2:256:1048576:2097152 x 2:256:1048576:2097152 x 2:8192 -> 4:512:6144:49152|hvx Br 1 Bc 64 threads 1 vtcm 82944|usec 19095 cycles 37031077 start 3227808524 mhz 1939.3
ggml-hex: HTP0 profile-op OPBATCH|----|n-ops 1|----|----|----|usec 19108 cycles 37055956 start 2051964558145 mhz 1939.3
ggml-hex: HTP0 profile-op FLASH_ATTN_EXT|q x k x v x mask -> out|128:8:12:1 x 128:4096:2:1 x 128:4096:2:1 x 4096:8 -> 128:12:8:1|f32 x f16 x f16 x f16 -> f32|4:512:4096:49152 x 2:256:1048576:2097152 x 2:256:1048576:2097152 x 2:8192 -> 4:512:6144:49152|hvx Br 1 Bc 64 threads 1 vtcm 82944|usec 19091 cycles 37022600 start 3265176975 mhz 1939.3
ggml-hex: HTP0 profile-op OPBATCH|----|n-ops 1|----|----|----|usec 19113 cycles 37065285 start 2052001948462 mhz 1939.3
ggml-hex: HTP0 profile-op FLASH_ATTN_EXT|q x k x v x mask -> out|128:8:12:1 x 128:4096:2:1 x 128:4096:2:1 x 4096:8 -> 128:12:8:1|f32 x f16 x f16 x f16 -> f32|4:512:4096:49152 x 2:256:1048576:2097152 x 2:256:1048576:2097152 x 2:8192 -> 4:512:6144:49152|hvx Br 1 Bc 64 threads 1 vtcm 82944|usec 19094 cycles 37029017 start 3302569299 mhz 1939.3
ggml-hex: HTP0 profile-op OPBATCH|----|n-ops 1|----|----|----|usec 19109 cycles 37057613 start 2052039263037 mhz 1939.3
ggml-hex: HTP0 profile-op FLASH_ATTN_EXT|q x k x v x mask -> out|128:8:12:1 x 128:4096:2:1 x 128:4096:2:1 x 4096:8 -> 128:12:8:1|f32 x f16 x f16 x f16 -> f32|4:512:4096:49152 x 2:256:1048576:2097152 x 2:256:1048576:2097152 x 2:8192 -> 4:512:6144:49152|hvx Br 1 Bc 64 threads 1 vtcm 82944|usec 19092 cycles 37024258 start 3339881878 mhz 1939.3
ggml-hex: HTP0 profile-op OPBATCH|----|n-ops 1|----|----|----|usec 19109 cycles 37056948 start 2052076502216 mhz 1939.2
ggml-hex: HTP0 profile-op FLASH_ATTN_EXT|q x k x v x mask -> out|128:8:12:1 x 128:4096:2:1 x 128:4096:2:1 x 4096:8 -> 128:12:8:1|f32 x f16 x f16 x f16 -> f32|4:512:4096:49152 x 2:256:1048576:2097152 x 2:256:1048576:2097152 x 2:8192 -> 4:512:6144:49152|hvx Br 1 Bc 64 threads 1 vtcm 82944|usec 19091 cycles 37023434 start 3377120275 mhz 1939.3
ggml-hex: HTP0 profile-op OPBATCH|----|n-ops 1|----|----|----|usec 19113 cycles 37065431 start 2052113784799 mhz 1939.3
ggml-hex: HTP0 profile-op FLASH_ATTN_EXT|q x k x v x mask -> out|128:8:12:1 x 128:4096:2:1 x 128:4096:2:1 x 4096:8 -> 128:12:8:1|f32 x f16 x f16 x f16 -> f32|4:512:4096:49152 x 2:256:1048576:2097152 x 2:256:1048576:2097152 x 2:8192 -> 4:512:6144:49152|hvx Br 1 Bc 64 threads 1 vtcm 82944|usec 19095 cycles 37031424 start 3414403894 mhz 1939.3
ggml-hex: HTP0 profile-op OPBATCH|----|n-ops 1|----|----|----|usec 19115 cycles 37070166 start 2052151072321 mhz 1939.3
ggml-hex: HTP0 profile-op FLASH_ATTN_EXT|q x k x v x mask -> out|128:8:12:1 x 128:4096:2:1 x 128:4096:2:1 x 4096:8 -> 128:12:8:1|f32 x f16 x f16 x f16 -> f32|4:512:4096:49152 x 2:256:1048576:2097152 x 2:256:1048576:2097152 x 2:8192 -> 4:512:6144:49152|hvx Br 1 Bc 64 threads 1 vtcm 82944|usec 19097 cycles 37035265 start 3451691660 mhz 1939.3
sec 19092 cycles 37025039 start 3190373871 mhz 1939.3","host_us":21490.052,"dsp_op_us":"19092"}
{"record":"measurement","iteration":8,"q":8,"kv":4096,"heads":12,"kv_heads":2,"head_dim":128,"requested_selector":"1","nhvx":"1","effective_kernel":"hvx","profile":"FLASH_ATTN_EXT|q x k x v x mask -> out|128:8:12:1 x 128:4096:2:1 x 128:4096:2:1 x 4096:8 -> 128:12:8:1|f32 x f16 x f16 x f16 -> f32|4:512:4096:49152 x 2:256:1048576:2097152 x 2:256:1048576:2097152 x 2:8192 -> 4:512:6144:49152|hvx Br 1 Bc 64 threads 1 vtcm 82944|usec 19095 cycles 37031077 start 3227808524 mhz 1939.3","host_us":21136.250,"dsp_op_us":"19095"}
{"record":"measurement","iteration":9,"q":8,"kv":4096,"heads":12,"kv_heads":2,"head_dim":128,"requested_selector":"1","nhvx":"1","effective_kernel":"hvx","profile":"FLASH_ATTN_EXT|q x k x v x mask -> out|128:8:12:1 x 128:4096:2:1 x 128:4096:2:1 x 4096:8 -> 128:12:8:1|f32 x f16 x f16 x f16 -> f32|4:512:4096:49152 x 2:256:1048576:2097152 x 2:256:1048576:2097152 x 2:8192 -> 4:512:6144:49152|hvx Br 1 Bc 64 threads 1 vtcm 82944|usec 19091 cycles 37022600 start 3265176975 mhz 1939.3","host_us":20748.229,"dsp_op_us":"19091"}
{"record":"measurement","iteration":10,"q":8,"kv":4096,"heads":12,"kv_heads":2,"head_dim":128,"requested_selector":"1","nhvx":"1","effective_kernel":"hvx","profile":"FLASH_ATTN_EXT|q x k x v x mask -> out|128:8:12:1 x 128:4096:2:1 x 128:4096:2:1 x 4096:8 -> 128:12:8:1|f32 x f16 x f16 x f16 -> f32|4:512:4096:49152 x 2:256:1048576:2097152 x 2:256:1048576:2097152 x 2:8192 -> 4:512:6144:49152|hvx Br 1 Bc 64 threads 1 vtcm 82944|usec 19094 cycles 37029017 start 3302569299 mhz 1939.3","host_us":20642.448,"dsp_op_us":"19094"}
{"record":"measurement","iteration":11,"q":8,"kv":4096,"heads":12,"kv_heads":2,"head_dim":128,"requested_selector":"1","nhvx":"1","effective_kernel":"hvx","profile":"FLASH_ATTN_EXT|q x k x v x mask -> out|128:8:12:1 x 128:4096:2:1 x 128:4096:2:1 x 4096:8 -> 128:12:8:1|f32 x f16 x f16 x f16 -> f32|4:512:4096:49152 x 2:256:1048576:2097152 x 2:256:1048576:2097152 x 2:8192 -> 4:512:6144:49152|hvx Br 1 Bc 64 threads 1 vtcm 82944|usec 19092 cycles 37024258 start 3339881878 mhz 1939.3","host_us":19936.615,"dsp_op_us":"19092"}
{"record":"measurement","iteration":12,"q":8,"kv":4096,"heads":12,"kv_heads":2,"head_dim":128,"requested_selector":"1","nhvx":"1","effective_kernel":"hvx","profile":"FLASH_ATTN_EXT|q x k x v x mask -> out|128:8:12:1 x 128:4096:2:1 x 128:4096:2:1 x 4096:8 -> 128:12:8:1|f32 x f16 x f16 x f16 -> f32|4:512:4096:49152 x 2:256:1048576:2097152 x 2:256:1048576:2097152 x 2:8192 -> 4:512:6144:49152|hvx Br 1 Bc 64 threads 1 vtcm 82944|usec 19091 cycles 37023434 start 3377120275 mhz 1939.3","host_us":19557.031,"dsp_op_us":"19091"}
{"record":"measurement","iteration":13,"q":8,"kv":4096,"heads":12,"kv_heads":2,"head_dim":128,"requested_selector":"1","nhvx":"1","effective_kernel":"hvx","profile":"FLASH_ATTN_EXT|q x k x v x mask -> out|128:8:12:1 x 128:4096:2:1 x 128:4096:2:1 x 4096:8 -> 128:12:8:1|f32 x f16 x f16 x f16 -> f32|4:512:4096:49152 x 2:256:1048576:2097152 x 2:256:1048576:2097152 x 2:8192 -> 4:512:6144:49152|hvx Br 1 Bc 64 threads 1 vtcm 82944|usec 19095 cycles 37031424 start 3414403894 mhz 1939.3","host_us":19629.792,"dsp_op_us":"19095"}
{"record":"measurement","iteration":14,"q":8,"kv":4096,"heads":12,"kv_heads":2,"head_dim":128,"requested_selector":"1","nhvx":"1","effective_kernel":"hvx","profile":"FLASH_ATTN_EXT|q x k x v x mask -> out|128:8:12:1 x 128:4096:2:1 x 128:4096:2:1 x 4096:8 -> 128:12:8:1|f32 x f16 x f16 x f16 -> f32|4:512:4096:49152 x 2:256:1048576:2097152 x 2:256:1048576:2097152 x 2:8192 -> 4:512:6144:49152|hvx Br 1 Bc 64 threads 1 vtcm 82944|usec 19097 cycles 37035265 start 3451691660 mhz 1939.3","host_us":19642.656,"dsp_op_us":"19097"}
{"record":"measurement","iteration":15,"q":8,"kv":4096,"heads":12,"kv_heads":2,"head_dim":128,"requested_selector":"1","nhvx":"1","effective_kernel":"hvx","profile":"FLASH_ATTN_EXT|q x k x v x mask -> out|128:8:12:1 x 128:4096:2:1 x 128:4096:2:1 x 4096:8 -> 128:12:8:1|f32 x f16 x f16 x f16 -> f32|4:512:4096:49152 x 2:256:1048ggml-hex: HTP0 profile-op OPBATCH|----|n-ops 1|----|----|----|usec 19110 cycles 37058699 start 2052188324788 mhz 1939.2
ggml-hex: HTP0 profile-op FLASH_ATTN_EXT|q x k x v x mask -> out|128:8:12:1 x 128:4096:2:1 x 128:4096:2:1 x 4096:8 -> 128:12:8:1|f32 x f16 x f16 x f16 -> f32|4:512:4096:49152 x 2:256:1048576:2097152 x 2:256:1048576:2097152 x 2:8192 -> 4:512:6144:49152|hvx Br 1 Bc 64 threads 1 vtcm 82944|usec 19092 cycles 37025458 start 3488943099 mhz 1939.3
ggml-hex: HTP0 profile-op OPBATCH|----|n-ops 1|----|----|----|usec 19112 cycles 37062574 start 2052225589800 mhz 1939.2
ggml-hex: HTP0 profile-op FLASH_ATTN_EXT|q x k x v x mask -> out|128:8:12:1 x 128:4096:2:1 x 128:4096:2:1 x 4096:8 -> 128:12:8:1|f32 x f16 x f16 x f16 -> f32|4:512:4096:49152 x 2:256:1048576:2097152 x 2:256:1048576:2097152 x 2:8192 -> 4:512:6144:49152|hvx Br 1 Bc 64 threads 1 vtcm 82944|usec 19095 cycles 37029422 start 3526208090 mhz 1939.2
ggml-hex: HTP0 profile-op OPBATCH|----|n-ops 1|----|----|----|usec 19109 cycles 37056709 start 2052262878864 mhz 1939.2
ggml-hex: HTP0 profile-op FLASH_ATTN_EXT|q x k x v x mask -> out|128:8:12:1 x 128:4096:2:1 x 128:4096:2:1 x 4096:8 -> 128:12:8:1|f32 x f16 x f16 x f16 -> f32|4:512:4096:49152 x 2:256:1048576:2097152 x 2:256:1048576:2097152 x 2:8192 -> 4:512:6144:49152|hvx Br 1 Bc 64 threads 1 vtcm 82944|usec 19092 cycles 37023941 start 3563496996 mhz 1939.2
ggml-hex: HTP0 profile-op OPBATCH|----|n-ops 1|----|----|----|usec 19112 cycles 37062844 start 2052300115615 mhz 1939.2
ggml-hex: HTP0 profile-op FLASH_ATTN_EXT|q x k x v x mask -> out|128:8:12:1 x 128:4096:2:1 x 128:4096:2:1 x 4096:8 -> 128:12:8:1|f32 x f16 x f16 x f16 -> f32|4:512:4096:49152 x 2:256:1048576:2097152 x 2:256:1048576:2097152 x 2:8192 -> 4:512:6144:49152|hvx Br 1 Bc 64 threads 1 vtcm 82944|usec 19094 cycles 37029308 start 3600734434 mhz 1939.3
ggml-hex: HTP0 profile-op OPBATCH|----|n-ops 1|----|----|----|usec 19111 cycles 37060776 start 2052337377205 mhz 1939.2
ggml-hex: HTP0 profile-op FLASH_ATTN_EXT|q x k x v x mask -> out|128:8:12:1 x 128:4096:2:1 x 128:4096:2:1 x 4096:8 -> 128:12:8:1|f32 x f16 x f16 x f16 -> f32|4:512:4096:49152 x 2:256:1048576:2097152 x 2:256:1048576:2097152 x 2:8192 -> 4:512:6144:49152|hvx Br 1 Bc 64 threads 1 vtcm 82944|usec 19094 cycles 37027510 start 3637995783 mhz 1939.2
576:2097152 x 2:256:1048576:2097152 x 2:8192 -> 4:512:6144:49152|hvx Br 1 Bc 64 threads 1 vtcm 82944|usec 19092 cycles 37025458 start 3488943099 mhz 1939.3","host_us":19654.479,"dsp_op_us":"19092"}
{"record":"measurement","iteration":16,"q":8,"kv":4096,"heads":12,"kv_heads":2,"head_dim":128,"requested_selector":"1","nhvx":"1","effective_kernel":"hvx","profile":"FLASH_ATTN_EXT|q x k x v x mask -> out|128:8:12:1 x 128:4096:2:1 x 128:4096:2:1 x 4096:8 -> 128:12:8:1|f32 x f16 x f16 x f16 -> f32|4:512:4096:49152 x 2:256:1048576:2097152 x 2:256:1048576:2097152 x 2:8192 -> 4:512:6144:49152|hvx Br 1 Bc 64 threads 1 vtcm 82944|usec 19095 cycles 37029422 start 3526208090 mhz 1939.2","host_us":19596.823,"dsp_op_us":"19095"}
{"record":"measurement","iteration":17,"q":8,"kv":4096,"heads":12,"kv_heads":2,"head_dim":128,"requested_selector":"1","nhvx":"1","effective_kernel":"hvx","profile":"FLASH_ATTN_EXT|q x k x v x mask -> out|128:8:12:1 x 128:4096:2:1 x 128:4096:2:1 x 4096:8 -> 128:12:8:1|f32 x f16 x f16 x f16 -> f32|4:512:4096:49152 x 2:256:1048576:2097152 x 2:256:1048576:2097152 x 2:8192 -> 4:512:6144:49152|hvx Br 1 Bc 64 threads 1 vtcm 82944|usec 19092 cycles 37023941 start 3563496996 mhz 1939.2","host_us":19634.948,"dsp_op_us":"19092"}
{"record":"measurement","iteration":18,"q":8,"kv":4096,"heads":12,"kv_heads":2,"head_dim":128,"requested_selector":"1","nhvx":"1","effective_kernel":"hvx","profile":"FLASH_ATTN_EXT|q x k x v x mask -> out|128:8:12:1 x 128:4096:2:1 x 128:4096:2:1 x 4096:8 -> 128:12:8:1|f32 x f16 x f16 x f16 -> f32|4:512:4096:49152 x 2:256:1048576:2097152 x 2:256:1048576:2097152 x 2:8192 -> 4:512:6144:49152|hvx Br 1 Bc 64 threads 1 vtcm 82944|usec 19094 cycles 37029308 start 3600734434 mhz 1939.3","host_us":19609.583,"dsp_op_us":"19094"}
{"record":"measurement","iteration":19,"q":8,"kv":4096,"heads":12,"kv_heads":2,"head_dim":128,"requested_selector":"1","nhvx":"1","effective_kernel":"hvx","profile":"FLASH_ATTN_EXT|q x k x v x mask -> out|128:8:12:1 x 128:4096:2:1 x 128:4096:2:1 x 4096:8 -> 128:12:8:1|f32 x f16 x f16 x f16 -> f32|4:512:4096:49152 x 2:256:1048576:2097152 x 2:256:1048576:2097152 x 2:8192 -> 4:512:6144:49152|hvx Br 1 Bc 64 threads 1 vtcm 82944|usec 19094 cycles 37027510 start 3637995783 mhz 1939.2","host_us":19646.875,"dsp_op_us":"19094"}
