ggml-hex: Loading driver libcdsprpc.so
ggml-hex: Profiling mode 1 : pmu-evt [  ]
ggml-hex: Hexagon backend (experimental) : allocating new registry : ndev 1
ggml-hex: Hexagon Arch version v79
ggml-hex: HTP0 allocating new session
ggml-hex: HTP0 hwinfo: threads 1, hvx 1, hmx 1, vtcm 8 MB
ggml-hex: HTP0 new session : session-id 0 domain-id 3 uri file:///libggml-htp-v79.so?htp_iface_skel_handle_invoke&_modver=1.0&_dom=cdsp&_session=0 handle 0xb4000074af62c290
ggml-hex: HTP0 op batching: n-bufs 16 n-tensors 7168 n-ops 1024 vmem 3355443200
ggml-hex: HTP0 profile-op OPBATCH|----|n-ops 1|----|----|----|usec 9697 cycles 18806117 start 2048040668691 mhz 1939.4
ggml-hex: HTP0 profile-op FLASH_ATTN_EXT|q x k x v x mask -> out|128:4:12:1 x 128:4096:2:1 x 128:4096:2:1 x 4096:4 -> 128:12:4:1|f32 x f16 x f16 x f16 -> f32|4:512:2048:24576 x 2:256:1048576:2097152 x 2:256:1048576:2097152 x 2:8192 -> 4:512:6144:24576|hvx Br 1 Bc 64 threads 1 vtcm 82944|usec 9565 cycles 18549522 start 3636474896 mhz 1939.3
ggml-hex: HTP0 profile-op OPBATCH|----|n-ops 1|----|----|----|usec 9575 cycles 18569930 start 2048059673659 mhz 1939.4
ggml-hex: HTP0 profile-op FLASH_ATTN_EXT|q x k x v x mask -> out|128:4:12:1 x 128:4096:2:1 x 128:4096:2:1 x 4096:4 -> 128:12:4:1|f32 x f16 x f16 x f16 -> f32|4:512:2048:24576 x 2:256:1048576:2097152 x 2:256:1048576:2097152 x 2:8192 -> 4:512:6144:24576|hvx Br 1 Bc 64 threads 1 vtcm 82944|usec 9558 cycles 18535990 start 3655259729 mhz 1939.3
ggml-hex: HTP0 profile-op OPBATCH|----|n-ops 1|----|----|----|usec 9578 cycles 18575265 start 2048078506377 mhz 1939.4
ggml-hex: HTP0 profile-op FLASH_ATTN_EXT|q x k x v x mask -> out|128:4:12:1 x 128:4096:2:1 x 128:4096:2:1 x 4096:4 -> 128:12:4:1|f32 x f16 x f16 x f16 -> f32|4:512:2048:24576 x 2:256:1048576:2097152 x 2:256:1048576:2097152 x 2:8192 -> 4:512:6144:24576|hvx Br 1 Bc 64 threads 1 vtcm 82944|usec 9561 cycles 18541843 start 3674093268 mhz 1939.3
ggml-hex: HTP0 profile-op OPBATCH|----|n-ops 1|----|----|----|usec 9581 cycles 18580176 start 2048097338238 mhz 1939.3
ggml-hex: HTP0 profile-op FLASH_ATTN_EXT|q x k x v x mask -> out|128:4:12:1 x 128:4096:2:1 x 128:4096:2:1 x 4096:4 -> 128:12:4:1|f32 x f16 x f16 x f16 -> f32|4:512:2048:24576 x 2:256:1048576:2097152 x 2:256:1048576:2097152 x 2:8192 -> 4:512:6144:24576|hvx Br 1 Bc 64 threads 1 vtcm 82944|usec 9561 cycles 18542398 start 3692928830 mhz 1939.4
ggml-hex: HTP0 profile-op OPBATCH|----|n-ops 1|----|----|----|usec 9578 cycles 18575834 start 2048116164706 mhz 1939.4
ggml-hex: HTP0 profile-op FLASH_ATTN_EXT|q x k x v x mask -> out|128:4:12:1 x 128:4096:2:1 x 128:4096:2:1 x 4096:4 -> 128:12:4:1|f32 x f16 x f16 x f16 -> f32|4:512:2048:24576 x 2:256:1048576:2097152 x 2:256:1048576:2097152 x 2:8192 -> 4:512:6144:24576|hvx Br 1 Bc 64 threads 1 vtcm 82944|usec 9561 cycles 18541929 start 3711752035 mhz 1939.3
ggml-hex: HTP0 profile-op OPBATCH|----|n-ops 1|----|----|----|usec 9578 cycles 18575990 start 2048134990869 mhz 1939.4
ggml-hex: HTP0 profile-op FLASH_ATTN_EXT|q x k x v x mask -> out|128:4:12:1 x 128:4096:2:1 x 128:4096:2:1 x 4096:4 -> 128:12:4:1|f32 x f16 x f16 x f16 -> f32|4:512:2048:24576 x 2:256:1048576:2097152 x 2:256:1048576:2097152 x 2:8192 -> 4:512:6144:24576|hvx Br 1 Bc 64 threads 1 vtcm 82944|usec 9560 cycles 18541101 start 3730579167 mhz 1939.4
ggml-hex: HTP0 profile-op OPBATCH|----|n-ops 1|----|----|----|usec 9577 cycles 18572540 start 2048153820135 mhz 1939.3
ggml-hex: HTP0 profile-op FLASH_ATTN_EXT|q x k x v x mask -> out|128:4:12:1 x 128:4096:2:1 x 128:4096:2:1 x 4096:4 -> 128:12:4:1|f32 x f16 x f16 x f16 -> f32|4:512:2048:24576 x 2:256:1048576:2097152 x 2:256:1048576:2097152 x 2:8192 -> 4:512:6144:24576|hvx Br 1 Bc 64 threads 1 vtcm 82944|usec 9559 cycles 18538490 start 3749407873 mhz 1939.4
ggml-hex: HTP0 profile-op OPBATCH|----|n-ops 1|----|----|----|usec 9580 cycles 18578355 start 2048172681941 mhz 1939.3
ggml-hex: HTP0 profile-op FLASH_ATTN_EXT|q x k x v x mask -> out|128:4:12:1 x 128:4096:2:1 x 128:4096:2:1 x 4096:4 -> 128:12:4:1|f32 x f16 x f16 x f16 -> f32|4:512:2048:24576 x 2:256:1048576:2097152 x 2:256:1048576:2097152 x 2:8192 -> 4:512:6144:24576|hvx Br 1 Bc 64 threads 1 vtcm 82944|usec 9561 cycles 18542590 start 3768269856 mhz 1939.4
ggml-hex: HTP0 profile-op OPBATCH|----|n-ops 1|----|----|----|usec 9577 cycles 18573144 start 2048191627249 mhz 1939.3
ggml-hex: HTP0 profile-op FLASH_ATTN_EXT|q x k x v x mask -> out|128:4:12:1 x 128:4096:2:1 x 128:4096:2:1 x 4096:4 -> 128:12:4:1|f32 x f16 x f16 x f16 -> f32|4:512:2048:24576 x 2:256:1048576:2097152 x 2:256:1048576:2097152 x 2:8192 -> 4:512:6144:24576|hvx Br 1 Bc 64 threads 1 vtcm 82944|usec 9559 cycles 18537910 start 3787214812 mhz 1939.3
ggml-hex: HTP0 profile-op OPBATCH|----|n-ops 1|----|----|----|usec 9577 cycles 18573806 start 2048210556005 mhz 1939.4
ggml-hex: HTP0 profile-op FLASH_ATTN_EXT|q x k x v x mask -> out|128:4:12:1 x 128:4096:2:1 x 128:4096:2:1 x 4096:4 -> 128:12:4:1|f32 x f16 x f16 x f16 -> f32|4:512:2048:24576 x 2:256:1048576:2097152 x 2:256:1048576:2097152 x 2:8192 -> 4:512:6144:24576|hvx Br 1 Bc 64 threads 1 vtcm 82944|usec 9560 cycles 18540075 start 3806142987 mhz 1939.3
ggml-hex: HTP0 profile-op OPBATCH|----|n-ops 1|----|----|----|usec 9575 cycles 18569471 start 2048229615685 mhz 1939.4
ggml-hex: HTP0 profile-op FLASH_ATTN_EXT|q x k x v x mask -> out|128:4:12:1 x 128:4096:2:1 x 128:4096:2:1 x 4096:4 -> 128:12:4:1|f32 x f16 x f16 x f16 -> f32|4:512:2048:24576 x 2:256:1048576:2097152 x 2:256:1048576:2097152 x 2:8192 -> 4:512:6144:24576|hvx Br 1 Bc 64 threads 1 vtcm 82944|usec 9557 cycles 18533994 start 3825203360 mhz 1939.3
ggml-hex: HTP0 profile-op OPBATCH|----|n-ops 1|----|----|----|usec 9577 cycles 18573087 start 2048248469222 mhz 1939.3
ggml-hex: HTP0 profile-op FLASH_ATTN_EXT|q x k x v x mask -> out|128:4:12:1 x 128:4096:2:1 x 128:4096:2:1 x 4096:4 -> 128:12:4:1|f32 x f16 x f16 x f16 -> f32|4:512:2048:24576 x 2:256:1048576:2097152 x 2:256:1048576:2097152 x 2:8192 -> 4:512:6144:24576|hvx Br 1 Bc 64 threads 1 vtcm 82944|usec 9559 cycles 18538561 start 3844055795 mhz 1939.4
ggml-hex: HTP0 profile-op OPBATCH|----|n-ops 1|----|----|----|usec 9575 cycles 18568657 start 2048267358010 mhz 1939.3
{"record":"measurement","iteration":0,"q":4,"kv":4096,"heads":12,"kv_heads":2,"head_dim":128,"requested_selector":"2","nhvx":"1","effective_kernel":"hvx","profile":"FLASH_ATTN_EXT|q x k x v x mask -> out|128:4:12:1 x 128:4096:2:1 x 128:4096:2:1 x 4096:4 -> 128:12:4:1|f32 x f16 x f16 x f16 -> f32|4:512:2048:24576 x 2:256:1048576:2097152 x 2:256:1048576:2097152 x 2:8192 -> 4:512:6144:24576|hvx Br 1 Bc 64 threads 1 vtcm 82944|usec 9560 cycles 18541101 start 3730579167 mhz 1939.4","host_us":10533.437,"dsp_op_us":"9560"}
{"record":"measurement","iteration":1,"q":4,"kv":4096,"heads":12,"kv_heads":2,"head_dim":128,"requested_selector":"2","nhvx":"1","effective_kernel":"hvx","profile":"FLASH_ATTN_EXT|q x k x v x mask -> out|128:4:12:1 x 128:4096:2:1 x 128:4096:2:1 x 4096:4 -> 128:12:4:1|f32 x f16 x f16 x f16 -> f32|4:512:2048:24576 x 2:256:1048576:2097152 x 2:256:1048576:2097152 x 2:8192 -> 4:512:6144:24576|hvx Br 1 Bc 64 threads 1 vtcm 82944|usec 9559 cycles 18538490 start 3749407873 mhz 1939.4","host_us":10606.303,"dsp_op_us":"9559"}
{"record":"measurement","iteration":2,"q":4,"kv":4096,"heads":12,"kv_heads":2,"head_dim":128,"requested_selector":"2","nhvx":"1","effective_kernel":"hvx","profile":"FLASH_ATTN_EXT|q x k x v x mask -> out|128:4:12:1 x 128:4096:2:1 x 128:4096:2:1 x 4096:4 -> 128:12:4:1|f32 x f16 x f16 x f16 -> f32|4:512:2048:24576 x 2:256:1048576:2097152 x 2:256:1048576:2097152 x 2:8192 -> 4:512:6144:24576|hvx Br 1 Bc 64 threads 1 vtcm 82944|usec 9561 cycles 18542590 start 3768269856 mhz 1939.4","host_us":12211.354,"dsp_op_us":"9561"}
{"record":"measurement","iteration":3,"q":4,"kv":4096,"heads":12,"kv_heads":2,"head_dim":128,"requested_selector":"2","nhvx":"1","effective_kernel":"hvx","profile":"FLASH_ATTN_EXT|q x k x v x mask -> out|128:4:12:1 x 128:4096:2:1 x 128:4096:2:1 x 4096:4 -> 128:12:4:1|f32 x f16 x f16 x f16 -> f32|4:512:2048:24576 x 2:256:1048576:2097152 x 2:256:1048576:2097152 x 2:8192 -> 4:512:6144:24576|hvx Br 1 Bc 64 threads 1 vtcm 82944|usec 9559 cycles 18537910 start 3787214812 mhz 1939.3","host_us":10665.469,"dsp_op_us":"9559"}
{"record":"measurement","iteration":4,"q":4,"kv":4096,"heads":12,"kv_heads":2,"head_dim":128,"requested_selector":"2","nhvx":"1","effective_kernel":"hvx","profile":"FLASH_ATTN_EXT|q x k x v x mask -> out|128:4:12:1 x 128:4096:2:1 x 128:4096:2:1 x 4096:4 -> 128:12:4:1|f32 x f16 x f16 x f16 -> f32|4:512:2048:24576 x 2:256:1048576:2097152 x 2:256:1048576:2097152 x 2:8192 -> 4:512:6144:24576|hvx Br 1 Bc 64 threads 1 vtcm 82944|usec 9560 cycles 18540075 start 3806142987 mhz 1939.3","host_us":13721.667,"dsp_op_us":"9560"}
{"record":"measurement","iteration":5,"q":4,"kv":4096,"heads":12,"kv_heads":2,"head_dim":128,"requested_selector":"2","nhvx":"1","effective_kernel":"hvx","profile":"FLASH_ATTN_EXT|q x k x v x mask -> out|128:4:12:1 x 128:4096:2:1 x 128:4096:2:1 x 4096:4 -> 128:12:4:1|f32 x f16 x f16 x f16 -> f32|4:512:2048:24576 x 2:256:1048576:2097152 x 2:256:1048576:2097152 x 2:8192 -> 4:512:6144:24576|hvx Br 1 Bc 64 threads 1 vtcm 82944|usec 9557 cycles 18533994 start 3825203360 mhz 1939.3","host_us":11618.698,"dsp_op_us":"9557"}
{"record":"measurement","iteration":6,"q":4,"kv":4096,"heads":12,"kv_heads":2,"head_dim":128,"requested_selector":"2","nhvx":"1","effective_kernel":"hvx","profile":"FLASH_ATTN_EXT|q x k x v x mask -> out|128:4:12:1 x 128:4096:2:1 x 128:4096:2:1 x 4096:4 -> 128:12:4:1|f32 x f16 x f16 x f16 -> f32|4:512:2048:24576 x 2:256:1048576:2097152 x 2:256:1048576:2097152 x 2:8192 -> 4:512:6144:24576|hvx Br 1 Bc 64 threads 1 vtcm 82944|usec 9559 cycles 18538561 start 3844055795 mhz 1939.4","host_us":10789.219,"dsp_op_us":"9559"}
{"record":"measurement","iteration":7,"q":4,"kv":4096,"heads":12,"kv_heads":2,"head_dim":128,"requested_selector":"2","nhvx":"1","effective_kernel":"hvx","profile":"FLASH_ATTN_EXT|q x k x v x mask -> out|128:4:12:1 x 128:4096:2:1 x 128:4096:2:1 x 4096:4 -> 128:12:4:1|f32 x f16 x f16 x f16 -> f32|4:512:2048:24576 x 2:256:1048576:2097152 x 2:256:1048576:2097152 x 2:8192 -> 4:512:6144:24576|hvx Br 1 Bc 64 threads 1 vtcm 82944|usec 9557 cycleggml-hex: HTP0 profile-op FLASH_ATTN_EXT|q x k x v x mask -> out|128:4:12:1 x 128:4096:2:1 x 128:4096:2:1 x 4096:4 -> 128:12:4:1|f32 x f16 x f16 x f16 -> f32|4:512:2048:24576 x 2:256:1048576:2097152 x 2:256:1048576:2097152 x 2:8192 -> 4:512:6144:24576|hvx Br 1 Bc 64 threads 1 vtcm 82944|usec 9557 cycles 18534838 start 3862944585 mhz 1939.4
ggml-hex: HTP0 profile-op OPBATCH|----|n-ops 1|----|----|----|usec 9576 cycles 18570979 start 2048286297297 mhz 1939.3
ggml-hex: HTP0 profile-op FLASH_ATTN_EXT|q x k x v x mask -> out|128:4:12:1 x 128:4096:2:1 x 128:4096:2:1 x 4096:4 -> 128:12:4:1|f32 x f16 x f16 x f16 -> f32|4:512:2048:24576 x 2:256:1048576:2097152 x 2:256:1048576:2097152 x 2:8192 -> 4:512:6144:24576|hvx Br 1 Bc 64 threads 1 vtcm 82944|usec 9557 cycles 18534372 start 3881885328 mhz 1939.4
ggml-hex: HTP0 profile-op OPBATCH|----|n-ops 1|----|----|----|usec 9575 cycles 18570017 start 2048305136684 mhz 1939.4
ggml-hex: HTP0 profile-op FLASH_ATTN_EXT|q x k x v x mask -> out|128:4:12:1 x 128:4096:2:1 x 128:4096:2:1 x 4096:4 -> 128:12:4:1|f32 x f16 x f16 x f16 -> f32|4:512:2048:24576 x 2:256:1048576:2097152 x 2:256:1048576:2097152 x 2:8192 -> 4:512:6144:24576|hvx Br 1 Bc 64 threads 1 vtcm 82944|usec 9558 cycles 18535558 start 3900723249 mhz 1939.3
ggml-hex: HTP0 profile-op OPBATCH|----|n-ops 1|----|----|----|usec 9575 cycles 18569387 start 2048324036093 mhz 1939.4
ggml-hex: HTP0 profile-op FLASH_ATTN_EXT|q x k x v x mask -> out|128:4:12:1 x 128:4096:2:1 x 128:4096:2:1 x 4096:4 -> 128:12:4:1|f32 x f16 x f16 x f16 -> f32|4:512:2048:24576 x 2:256:1048576:2097152 x 2:256:1048576:2097152 x 2:8192 -> 4:512:6144:24576|hvx Br 1 Bc 64 threads 1 vtcm 82944|usec 9556 cycles 18532196 start 3919624460 mhz 1939.3
ggml-hex: HTP0 profile-op OPBATCH|----|n-ops 1|----|----|----|usec 9576 cycles 18572205 start 2048342834111 mhz 1939.5
ggml-hex: HTP0 profile-op FLASH_ATTN_EXT|q x k x v x mask -> out|128:4:12:1 x 128:4096:2:1 x 128:4096:2:1 x 4096:4 -> 128:12:4:1|f32 x f16 x f16 x f16 -> f32|4:512:2048:24576 x 2:256:1048576:2097152 x 2:256:1048576:2097152 x 2:8192 -> 4:512:6144:24576|hvx Br 1 Bc 64 threads 1 vtcm 82944|usec 9559 cycles 18537525 start 3938421204 mhz 1939.3
ggml-hex: HTP0 profile-op OPBATCH|----|n-ops 1|----|----|----|usec 9576 cycles 18570626 start 2048361584997 mhz 1939.3
ggml-hex: HTP0 profile-op FLASH_ATTN_EXT|q x k x v x mask -> out|128:4:12:1 x 128:4096:2:1 x 128:4096:2:1 x 4096:4 -> 128:12:4:1|f32 x f16 x f16 x f16 -> f32|4:512:2048:24576 x 2:256:1048576:2097152 x 2:256:1048576:2097152 x 2:8192 -> 4:512:6144:24576|hvx Br 1 Bc 64 threads 1 vtcm 82944|usec 9558 cycles 18535958 start 3957171017 mhz 1939.3
ggml-hex: HTP0 profile-op OPBATCH|----|n-ops 1|----|----|----|usec 9575 cycles 18570156 start 2048380333135 mhz 1939.4
ggml-hex: HTP0 profile-op FLASH_ATTN_EXT|q x k x v x mask -> out|128:4:12:1 x 128:4096:2:1 x 128:4096:2:1 x 4096:4 -> 128:12:4:1|f32 x f16 x f16 x f16 -> f32|4:512:2048:24576 x 2:256:1048576:2097152 x 2:256:1048576:2097152 x 2:8192 -> 4:512:6144:24576|hvx Br 1 Bc 64 threads 1 vtcm 82944|usec 9557 cycles 18534810 start 3975919589 mhz 1939.4
ggml-hex: HTP0 profile-op OPBATCH|----|n-ops 1|----|----|----|usec 9575 cycles 18569401 start 2048399127327 mhz 1939.4
ggml-hex: HTP0 profile-op FLASH_ATTN_EXT|q x k x v x mask -> out|128:4:12:1 x 128:4096:2:1 x 128:4096:2:1 x 4096:4 -> 128:12:4:1|f32 x f16 x f16 x f16 -> f32|4:512:2048:24576 x 2:256:1048576:2097152 x 2:256:1048576:2097152 x 2:8192 -> 4:512:6144:24576|hvx Br 1 Bc 64 threads 1 vtcm 82944|usec 9556 cycles 18532948 start 3994715185 mhz 1939.4
s 18534838 start 3862944585 mhz 1939.4","host_us":11327.708,"dsp_op_us":"9557"}
{"record":"measurement","iteration":8,"q":4,"kv":4096,"heads":12,"kv_heads":2,"head_dim":128,"requested_selector":"2","nhvx":"1","effective_kernel":"hvx","profile":"FLASH_ATTN_EXT|q x k x v x mask -> out|128:4:12:1 x 128:4096:2:1 x 128:4096:2:1 x 4096:4 -> 128:12:4:1|f32 x f16 x f16 x f16 -> f32|4:512:2048:24576 x 2:256:1048576:2097152 x 2:256:1048576:2097152 x 2:8192 -> 4:512:6144:24576|hvx Br 1 Bc 64 threads 1 vtcm 82944|usec 9557 cycles 18534372 start 3881885328 mhz 1939.4","host_us":11556.927,"dsp_op_us":"9557"}
{"record":"measurement","iteration":9,"q":4,"kv":4096,"heads":12,"kv_heads":2,"head_dim":128,"requested_selector":"2","nhvx":"1","effective_kernel":"hvx","profile":"FLASH_ATTN_EXT|q x k x v x mask -> out|128:4:12:1 x 128:4096:2:1 x 128:4096:2:1 x 4096:4 -> 128:12:4:1|f32 x f16 x f16 x f16 -> f32|4:512:2048:24576 x 2:256:1048576:2097152 x 2:256:1048576:2097152 x 2:8192 -> 4:512:6144:24576|hvx Br 1 Bc 64 threads 1 vtcm 82944|usec 9558 cycles 18535558 start 3900723249 mhz 1939.3","host_us":11010.833,"dsp_op_us":"9558"}
{"record":"measurement","iteration":10,"q":4,"kv":4096,"heads":12,"kv_heads":2,"head_dim":128,"requested_selector":"2","nhvx":"1","effective_kernel":"hvx","profile":"FLASH_ATTN_EXT|q x k x v x mask -> out|128:4:12:1 x 128:4096:2:1 x 128:4096:2:1 x 4096:4 -> 128:12:4:1|f32 x f16 x f16 x f16 -> f32|4:512:2048:24576 x 2:256:1048576:2097152 x 2:256:1048576:2097152 x 2:8192 -> 4:512:6144:24576|hvx Br 1 Bc 64 threads 1 vtcm 82944|usec 9556 cycles 18532196 start 3919624460 mhz 1939.3","host_us":11410.677,"dsp_op_us":"9556"}
{"record":"measurement","iteration":11,"q":4,"kv":4096,"heads":12,"kv_heads":2,"head_dim":128,"requested_selector":"2","nhvx":"1","effective_kernel":"hvx","profile":"FLASH_ATTN_EXT|q x k x v x mask -> out|128:4:12:1 x 128:4096:2:1 x 128:4096:2:1 x 4096:4 -> 128:12:4:1|f32 x f16 x f16 x f16 -> f32|4:512:2048:24576 x 2:256:1048576:2097152 x 2:256:1048576:2097152 x 2:8192 -> 4:512:6144:24576|hvx Br 1 Bc 64 threads 1 vtcm 82944|usec 9559 cycles 18537525 start 3938421204 mhz 1939.3","host_us":10096.458,"dsp_op_us":"9559"}
{"record":"measurement","iteration":12,"q":4,"kv":4096,"heads":12,"kv_heads":2,"head_dim":128,"requested_selector":"2","nhvx":"1","effective_kernel":"hvx","profile":"FLASH_ATTN_EXT|q x k x v x mask -> out|128:4:12:1 x 128:4096:2:1 x 128:4096:2:1 x 4096:4 -> 128:12:4:1|f32 x f16 x f16 x f16 -> f32|4:512:2048:24576 x 2:256:1048576:2097152 x 2:256:1048576:2097152 x 2:8192 -> 4:512:6144:24576|hvx Br 1 Bc 64 threads 1 vtcm 82944|usec 9558 cycles 18535958 start 3957171017 mhz 1939.3","host_us":10082.136,"dsp_op_us":"9558"}
{"record":"measurement","iteration":13,"q":4,"kv":4096,"heads":12,"kv_heads":2,"head_dim":128,"requested_selector":"2","nhvx":"1","effective_kernel":"hvx","profile":"FLASH_ATTN_EXT|q x k x v x mask -> out|128:4:12:1 x 128:4096:2:1 x 128:4096:2:1 x 4096:4 -> 128:12:4:1|f32 x f16 x f16 x f16 -> f32|4:512:2048:24576 x 2:256:1048576:2097152 x 2:256:1048576:2097152 x 2:8192 -> 4:512:6144:24576|hvx Br 1 Bc 64 threads 1 vtcm 82944|usec 9557 cycles 18534810 start 3975919589 mhz 1939.4","host_us":10276.146,"dsp_op_us":"9557"}
{"record":"measurement","iteration":14,"q":4,"kv":4096,"heads":12,"kv_heads":2,"head_dim":128,"requested_selector":"2","nhvx":"1","effective_kernel":"hvx","profile":"FLASH_ATTN_EXT|q x k x v x mask -> out|128:4:12:1 x 128:4096:2:1 x 128:4096:2:1 x 4096:4 -> 128:12:4:1|f32 x f16 x f16 x f16 -> f32|4:512:2048:24576 x 2:256:1048576:2097152 x 2:256:1048576:2097152 x 2:8192 -> 4:512:6144:24576|hvx Br 1 Bc 64 threads 1 vtcm 82944|usec 9556 cycles 18532948 start 3994715185 mhz 1939.4","host_us":10041.041,"dsp_op_us":"9556"}
{"record":"measurement","iteration":15,"q":4,"kv":4096,"heads":12,"kv_heads":2,"head_dim":128,"requested_selector":"2","nhvx":"1","effective_kernel":"hvx","profile":"FLASH_ATTN_EXT|q x k x v x mask -> out|128:4:12:1 x 128:4096:2:1 x 128:4096:2:1 x 4096:4 -> 128:12:4:1|f32 x f16 x f16 x f16 -> f32|4:512:2048:24576 x 2:256:1048576:2097152 x 2:256:1048576:20ggml-hex: HTP0 profile-op OPBATCH|----|n-ops 1|----|----|----|usec 9576 cycles 18571218 start 2048417911043 mhz 1939.4
ggml-hex: HTP0 profile-op FLASH_ATTN_EXT|q x k x v x mask -> out|128:4:12:1 x 128:4096:2:1 x 128:4096:2:1 x 4096:4 -> 128:12:4:1|f32 x f16 x f16 x f16 -> f32|4:512:2048:24576 x 2:256:1048576:2097152 x 2:256:1048576:2097152 x 2:8192 -> 4:512:6144:24576|hvx Br 1 Bc 64 threads 1 vtcm 82944|usec 9558 cycles 18535652 start 4013497960 mhz 1939.3
ggml-hex: HTP0 profile-op OPBATCH|----|n-ops 1|----|----|----|usec 9575 cycles 18570172 start 2048436706198 mhz 1939.4
ggml-hex: HTP0 profile-op FLASH_ATTN_EXT|q x k x v x mask -> out|128:4:12:1 x 128:4096:2:1 x 128:4096:2:1 x 4096:4 -> 128:12:4:1|f32 x f16 x f16 x f16 -> f32|4:512:2048:24576 x 2:256:1048576:2097152 x 2:256:1048576:2097152 x 2:8192 -> 4:512:6144:24576|hvx Br 1 Bc 64 threads 1 vtcm 82944|usec 9558 cycles 18536318 start 4032292129 mhz 1939.4
ggml-hex: HTP0 profile-op OPBATCH|----|n-ops 1|----|----|----|usec 9576 cycles 18571625 start 2048455462252 mhz 1939.4
ggml-hex: HTP0 profile-op FLASH_ATTN_EXT|q x k x v x mask -> out|128:4:12:1 x 128:4096:2:1 x 128:4096:2:1 x 4096:4 -> 128:12:4:1|f32 x f16 x f16 x f16 -> f32|4:512:2048:24576 x 2:256:1048576:2097152 x 2:256:1048576:2097152 x 2:8192 -> 4:512:6144:24576|hvx Br 1 Bc 64 threads 1 vtcm 82944|usec 9558 cycles 18535593 start 4051049862 mhz 1939.3
ggml-hex: HTP0 profile-op OPBATCH|----|n-ops 1|----|----|----|usec 9576 cycles 18571552 start 2048474219654 mhz 1939.4
ggml-hex: HTP0 profile-op FLASH_ATTN_EXT|q x k x v x mask -> out|128:4:12:1 x 128:4096:2:1 x 128:4096:2:1 x 4096:4 -> 128:12:4:1|f32 x f16 x f16 x f16 -> f32|4:512:2048:24576 x 2:256:1048576:2097152 x 2:256:1048576:2097152 x 2:8192 -> 4:512:6144:24576|hvx Br 1 Bc 64 threads 1 vtcm 82944|usec 9558 cycles 18536638 start 4069805980 mhz 1939.4
ggml-hex: HTP0 profile-op OPBATCH|----|n-ops 1|----|----|----|usec 9577 cycles 18572627 start 2048492968516 mhz 1939.3
ggml-hex: HTP0 profile-op FLASH_ATTN_EXT|q x k x v x mask -> out|128:4:12:1 x 128:4096:2:1 x 128:4096:2:1 x 4096:4 -> 128:12:4:1|f32 x f16 x f16 x f16 -> f32|4:512:2048:24576 x 2:256:1048576:2097152 x 2:256:1048576:2097152 x 2:8192 -> 4:512:6144:24576|hvx Br 1 Bc 64 threads 1 vtcm 82944|usec 9558 cycles 18535935 start 4088556337 mhz 1939.3
97152 x 2:8192 -> 4:512:6144:24576|hvx Br 1 Bc 64 threads 1 vtcm 82944|usec 9558 cycles 18535652 start 4013497960 mhz 1939.3","host_us":10086.042,"dsp_op_us":"9558"}
{"record":"measurement","iteration":16,"q":4,"kv":4096,"heads":12,"kv_heads":2,"head_dim":128,"requested_selector":"2","nhvx":"1","effective_kernel":"hvx","profile":"FLASH_ATTN_EXT|q x k x v x mask -> out|128:4:12:1 x 128:4096:2:1 x 128:4096:2:1 x 4096:4 -> 128:12:4:1|f32 x f16 x f16 x f16 -> f32|4:512:2048:24576 x 2:256:1048576:2097152 x 2:256:1048576:2097152 x 2:8192 -> 4:512:6144:24576|hvx Br 1 Bc 64 threads 1 vtcm 82944|usec 9558 cycles 18536318 start 4032292129 mhz 1939.4","host_us":10248.438,"dsp_op_us":"9558"}
{"record":"measurement","iteration":17,"q":4,"kv":4096,"heads":12,"kv_heads":2,"head_dim":128,"requested_selector":"2","nhvx":"1","effective_kernel":"hvx","profile":"FLASH_ATTN_EXT|q x k x v x mask -> out|128:4:12:1 x 128:4096:2:1 x 128:4096:2:1 x 4096:4 -> 128:12:4:1|f32 x f16 x f16 x f16 -> f32|4:512:2048:24576 x 2:256:1048576:2097152 x 2:256:1048576:2097152 x 2:8192 -> 4:512:6144:24576|hvx Br 1 Bc 64 threads 1 vtcm 82944|usec 9558 cycles 18535593 start 4051049862 mhz 1939.3","host_us":10207.708,"dsp_op_us":"9558"}
{"record":"measurement","iteration":18,"q":4,"kv":4096,"heads":12,"kv_heads":2,"head_dim":128,"requested_selector":"2","nhvx":"1","effective_kernel":"hvx","profile":"FLASH_ATTN_EXT|q x k x v x mask -> out|128:4:12:1 x 128:4096:2:1 x 128:4096:2:1 x 4096:4 -> 128:12:4:1|f32 x f16 x f16 x f16 -> f32|4:512:2048:24576 x 2:256:1048576:2097152 x 2:256:1048576:2097152 x 2:8192 -> 4:512:6144:24576|hvx Br 1 Bc 64 threads 1 vtcm 82944|usec 9558 cycles 18536638 start 4069805980 mhz 1939.4","host_us":10076.875,"dsp_op_us":"9558"}
{"record":"measurement","iteration":19,"q":4,"kv":4096,"heads":12,"kv_heads":2,"head_dim":128,"requested_selector":"2","nhvx":"1","effective_kernel":"hvx","profile":"FLASH_ATTN_EXT|q x k x v x mask -> out|128:4:12:1 x 128:4096:2:1 x 128:4096:2:1 x 4096:4 -> 128:12:4:1|f32 x f16 x f16 x f16 -> f32|4:512:2048:24576 x 2:256:1048576:2097152 x 2:256:1048576:2097152 x 2:8192 -> 4:512:6144:24576|hvx Br 1 Bc 64 threads 1 vtcm 82944|usec 9558 cycles 18535935 start 4088556337 mhz 1939.3","host_us":10279.584,"dsp_op_us":"9558"}
