ggml-hex: Loading driver libcdsprpc.so
ggml-hex: Profiling mode 1 : pmu-evt [  ]
ggml-hex: Hexagon backend (experimental) : allocating new registry : ndev 1
ggml-hex: Hexagon Arch version v79
ggml-hex: HTP0 allocating new session
ggml-hex: HTP0 hwinfo: threads 1, hvx 1, hmx 1, vtcm 8 MB
ggml-hex: HTP0 new session : session-id 0 domain-id 3 uri file:///libggml-htp-v79.so?htp_iface_skel_handle_invoke&_modver=1.0&_dom=cdsp&_session=0 handle 0xb400007b30ea8450
ggml-hex: HTP0 op batching: n-bufs 16 n-tensors 7168 n-ops 1024 vmem 3355443200
ggml-hex: HTP0 profile-op OPBATCH|----|n-ops 1|----|----|----|usec 76449 cycles 148250608 start 2054324338019 mhz 1939.2
ggml-hex: HTP0 profile-op FLASH_ATTN_EXT|q x k x v x mask -> out|128:32:12:1 x 128:4096:2:1 x 128:4096:2:1 x 4096:32 -> 128:12:32:1|f32 x f16 x f16 x f16 -> f32|4:512:16384:196608 x 2:256:1048576:2097152 x 2:256:1048576:2097152 x 2:8192 -> 4:512:6144:196608|hvx Br 1 Bc 64 threads 1 vtcm 82944|usec 76314 cycles 147988580 start 1330211072 mhz 1939.2
ggml-hex: HTP0 profile-op OPBATCH|----|n-ops 1|----|----|----|usec 76350 cycles 148059859 start 2054472873459 mhz 1939.2
ggml-hex: HTP0 profile-op FLASH_ATTN_EXT|q x k x v x mask -> out|128:32:12:1 x 128:4096:2:1 x 128:4096:2:1 x 4096:32 -> 128:12:32:1|f32 x f16 x f16 x f16 -> f32|4:512:16384:196608 x 2:256:1048576:2097152 x 2:256:1048576:2097152 x 2:8192 -> 4:512:6144:196608|hvx Br 1 Bc 64 threads 1 vtcm 82944|usec 76330 cycles 148021162 start 1478525792 mhz 1939.2
ggml-hex: HTP0 profile-op OPBATCH|----|n-ops 1|----|----|----|usec 76362 cycles 148082907 start 2054621191303 mhz 1939.2
ggml-hex: HTP0 profile-op FLASH_ATTN_EXT|q x k x v x mask -> out|128:32:12:1 x 128:4096:2:1 x 128:4096:2:1 x 4096:32 -> 128:12:32:1|f32 x f16 x f16 x f16 -> f32|4:512:16384:196608 x 2:256:1048576:2097152 x 2:256:1048576:2097152 x 2:8192 -> 4:512:6144:196608|hvx Br 1 Bc 64 threads 1 vtcm 82944|usec 76342 cycles 148044065 start 1626844065 mhz 1939.2
ggml-hex: HTP0 profile-op OPBATCH|----|n-ops 1|----|----|----|usec 76351 cycles 148060579 start 2054769541401 mhz 1939.2
ggml-hex: HTP0 profile-op FLASH_ATTN_EXT|q x k x v x mask -> out|128:32:12:1 x 128:4096:2:1 x 128:4096:2:1 x 4096:32 -> 128:12:32:1|f32 x f16 x f16 x f16 -> f32|4:512:16384:196608 x 2:256:1048576:2097152 x 2:256:1048576:2097152 x 2:8192 -> 4:512:6144:196608|hvx Br 1 Bc 64 threads 1 vtcm 82944|usec 76331 cycles 148021843 start 1775194407 mhz 1939.2
ggml-hex: HTP0 profile-op OPBATCH|----|n-ops 1|----|----|----|usec 76354 cycles 148067459 start 2054917879654 mhz 1939.2
ggml-hex: HTP0 profile-op FLASH_ATTN_EXT|q x k x v x mask -> out|128:32:12:1 x 128:4096:2:1 x 128:4096:2:1 x 4096:32 -> 128:12:32:1|f32 x f16 x f16 x f16 -> f32|4:512:16384:196608 x 2:256:1048576:2097152 x 2:256:1048576:2097152 x 2:8192 -> 4:512:6144:196608|hvx Br 1 Bc 64 threads 1 vtcm 82944|usec 76335 cycles 148029276 start 1923531223 mhz 1939.2
ggml-hex: HTP0 profile-op OPBATCH|----|n-ops 1|----|----|----|usec 76348 cycles 148055077 start 2055066216658 mhz 1939.2
ggml-hex: HTP0 profile-op FLASH_ATTN_EXT|q x k x v x mask -> out|128:32:12:1 x 128:4096:2:1 x 128:4096:2:1 x 4096:32 -> 128:12:32:1|f32 x f16 x f16 x f16 -> f32|4:512:16384:196608 x 2:256:1048576:2097152 x 2:256:1048576:2097152 x 2:8192 -> 4:512:6144:196608|hvx Br 1 Bc 64 threads 1 vtcm 82944|usec 76328 cycles 148016590 start 2071869952 mhz 1939.2
ggml-hex: HTP0 profile-op OPBATCH|----|n-ops 1|----|----|----|usec 76346 cycles 148051327 start 2055214668794 mhz 1939.2
ggml-hex: HTP0 profile-op FLASH_ATTN_EXT|q x k x v x mask -> out|128:32:12:1 x 128:4096:2:1 x 128:4096:2:1 x 4096:32 -> 128:12:32:1|f32 x f16 x f16 x f16 -> f32|4:512:16384:196608 x 2:256:1048576:2097152 x 2:256:1048576:2097152 x 2:8192 -> 4:512:6144:196608|hvx Br 1 Bc 64 threads 1 vtcm 82944|usec 76326 cycles 148013495 start 2220320654 mhz 1939.2
ggml-hex: HTP0 profile-op OPBATCH|----|n-ops 1|----|----|----|usec 76332 cycles 148025237 start 2055363037018 mhz 1939.2
ggml-hex: HTP0 profile-op FLASH_ATTN_EXT|q x k x v x mask -> out|128:32:12:1 x 128:4096:2:1 x 128:4096:2:1 x 4096:32 -> 128:12:32:1|f32 x f16 x f16 x f16 -> f32|4:512:16384:196608 x 2:256:1048576:2097152 x 2:256:1048576:2097152 x 2:8192 -> 4:512:6144:196608|hvx Br 1 Bc 64 threads 1 vtcm 82944|usec 76313 cycles 147986658 start 2368689268 mhz 1939.2
ggml-hex: HTP0 profile-op OPBATCH|----|n-ops 1|----|----|----|usec 76330 cycles 148020647 start 2055511403056 mhz 1939.2
ggml-hex: HTP0 profile-op FLASH_ATTN_EXT|q x k x v x mask -> out|128:32:12:1 x 128:4096:2:1 x 128:4096:2:1 x 4096:32 -> 128:12:32:1|f32 x f16 x f16 x f16 -> f32|4:512:16384:196608 x 2:256:1048576:2097152 x 2:256:1048576:2097152 x 2:8192 -> 4:512:6144:196608|hvx Br 1 Bc 64 threads 1 vtcm 82944|usec 76310 cycles 147981371 start 2517056398 mhz 1939.2
ggml-hex: HTP0 profile-op OPBATCH|----|n-ops 1|----|----|----|usec 76330 cycles 148021212 start 2055659793317 mhz 1939.2
ggml-hex: HTP0 profile-op FLASH_ATTN_EXT|q x k x v x mask -> out|128:32:12:1 x 128:4096:2:1 x 128:4096:2:1 x 4096:32 -> 128:12:32:1|f32 x f16 x f16 x f16 -> f32|4:512:16384:196608 x 2:256:1048576:2097152 x 2:256:1048576:2097152 x 2:8192 -> 4:512:6144:196608|hvx Br 1 Bc 64 threads 1 vtcm 82944|usec 76311 cycles 147983872 start 2665444829 mhz 1939.2
ggml-hex: HTP0 profile-op OPBATCH|----|n-ops 1|----|----|----|usec 76325 cycles 148011698 start 2055808113229 mhz 1939.2
ggml-hex: HTP0 profile-op FLASH_ATTN_EXT|q x k x v x mask -> out|128:32:12:1 x 128:4096:2:1 x 128:4096:2:1 x 4096:32 -> 128:12:32:1|f32 x f16 x f16 x f16 -> f32|4:512:16384:196608 x 2:256:1048576:2097152 x 2:256:1048576:2097152 x 2:8192 -> 4:512:6144:196608|hvx Br 1 Bc 64 threads 1 vtcm 82944|usec 76305 cycles 147972526 start 2813766273 mhz 1939.2
ggml-hex: HTP0 profile-op OPBATCH|----|n-ops 1|----|----|----|usec 76325 cycles 148010127 start 2055956452838 mhz 1939.2
ggml-hex: HTP0 profile-op FLASH_ATTN_EXT|q x k x v x mask -> out|128:32:12:1 x 128:4096:2:1 x 128:4096:2:1 x 4096:32 -> 128:12:32:1|f32 x f16 x f16 x f16 -> f32|4:512:16384:196608 x 2:256:1048576:2097152 x 2:256:1048576:2097152 x 2:8192 -> 4:512:6144:196608|hvx Br 1 Bc 64 threads 1 vtcm 82944|usec 76306 cycles 147973072 start 2962104260 mhz 1939.2
{"record":"measurement","iteration":0,"q":32,"kv":4096,"heads":12,"kv_heads":2,"head_dim":128,"requested_selector":"1","nhvx":"1","effective_kernel":"hvx","profile":"FLASH_ATTN_EXT|q x k x v x mask -> out|128:32:12:1 x 128:4096:2:1 x 128:4096:2:1 x 4096:32 -> 128:12:32:1|f32 x f16 x f16 x f16 -> f32|4:512:16384:196608 x 2:256:1048576:2097152 x 2:256:1048576:2097152 x 2:8192 -> 4:512:6144:196608|hvx Br 1 Bc 64 threads 1 vtcm 82944|usec 76328 cycles 148016590 start 2071869952 mhz 1939.2","host_us":78379.062,"dsp_op_us":"76328"}
{"record":"measurement","iteration":1,"q":32,"kv":4096,"heads":12,"kv_heads":2,"head_dim":128,"requested_selector":"1","nhvx":"1","effective_kernel":"hvx","profile":"FLASH_ATTN_EXT|q x k x v x mask -> out|128:32:12:1 x 128:4096:2:1 x 128:4096:2:1 x 4096:32 -> 128:12:32:1|f32 x f16 x f16 x f16 -> f32|4:512:16384:196608 x 2:256:1048576:2097152 x 2:256:1048576:2097152 x 2:8192 -> 4:512:6144:196608|hvx Br 1 Bc 64 threads 1 vtcm 82944|usec 76326 cycles 148013495 start 2220320654 mhz 1939.2","host_us":78921.145,"dsp_op_us":"76326"}
{"record":"measurement","iteration":2,"q":32,"kv":4096,"heads":12,"kv_heads":2,"head_dim":128,"requested_selector":"1","nhvx":"1","effective_kernel":"hvx","profile":"FLASH_ATTN_EXT|q x k x v x mask -> out|128:32:12:1 x 128:4096:2:1 x 128:4096:2:1 x 4096:32 -> 128:12:32:1|f32 x f16 x f16 x f16 -> f32|4:512:16384:196608 x 2:256:1048576:2097152 x 2:256:1048576:2097152 x 2:8192 -> 4:512:6144:196608|hvx Br 1 Bc 64 threads 1 vtcm 82944|usec 76313 cycles 147986658 start 2368689268 mhz 1939.2","host_us":77936.302,"dsp_op_us":"76313"}
{"record":"measurement","iteration":3,"q":32,"kv":4096,"heads":12,"kv_heads":2,"head_dim":128,"requested_selector":"1","nhvx":"1","effective_kernel":"hvx","profile":"FLASH_ATTN_EXT|q x k x v x mask -> out|128:32:12:1 x 128:4096:2:1 x 128:4096:2:1 x 4096:32 -> 128:12:32:1|f32 x f16 x f16 x f16 -> f32|4:512:16384:196608 x 2:256:1048576:2097152 x 2:256:1048576:2097152 x 2:8192 -> 4:512:6144:196608|hvx Br 1 Bc 64 threads 1 vtcm 82944|usec 76310 cycles 147981371 start 2517056398 mhz 1939.2","host_us":78369.166,"dsp_op_us":"76310"}
{"record":"measurement","iteration":4,"q":32,"kv":4096,"heads":12,"kv_heads":2,"head_dim":128,"requested_selector":"1","nhvx":"1","effective_kernel":"hvx","profile":"FLASH_ATTN_EXT|q x k x v x mask -> out|128:32:12:1 x 128:4096:2:1 x 128:4096:2:1 x 4096:32 -> 128:12:32:1|f32 x f16 x f16 x f16 -> f32|4:512:16384:196608 x 2:256:1048576:2097152 x 2:256:1048576:2097152 x 2:8192 -> 4:512:6144:196608|hvx Br 1 Bc 64 threads 1 vtcm 82944|usec 76311 cycles 147983872 start 2665444829 mhz 1939.2","host_us":78792.187,"dsp_op_us":"76311"}
{"record":"measurement","iteration":5,"q":32,"kv":4096,"heads":12,"kv_heads":2,"head_dim":128,"requested_selector":"1","nhvx":"1","effective_kernel":"hvx","profile":"FLASH_ATTN_EXT|q x k x v x mask -> out|128:32:12:1 x 128:4096:2:1 x 128:4096:2:1 x 4096:32 -> 128:12:32:1|f32 x f16 x f16 x f16 -> f32|4:512:16384:196608 x 2:256:1048576:2097152 x 2:256:1048576:2097152 x 2:8192 -> 4:512:6144:196608|hvx Br 1 Bc 64 threads 1 vtcm 82944|usec 76305 cycles 147972526 start 2813766273 mhz 1939.2","host_us":77711.563,"dsp_op_us":"76305"}
{"record":"measurement","iteration":6,"q":32,"kv":4096,"heads":12,"kv_heads":2,"head_dim":128,"requested_selector":"1","nhvx":"1","effective_kernel":"hvx","profile":"FLASH_ATTN_EXT|q x k x v x mask -> out|128:32:12:1 x 128:4096:2:1 x 128:4096:2:1 x 4096:32 -> 128:12:32:1|f32 x f16 x f16 x f16 -> f32|4:512:16384:196608 x 2:256:1048576:2097152 x 2:256:1048576:2097152 x 2:8192 -> 4:512:6144:196608|hvx Br 1 Bc 64 threads 1 vtcm 82944|usec 76306 cycles 147973072 start 2962104260 mhz 1939.2","host_us":78373.698,"dsp_op_us":"76306"}
{"record":"measurement","iteration":7,"q":32,"kv":4096,"heads":12,"kv_heads":2,"head_dim":128,"requested_selector":"1","nhvx":"1","effective_kernel":"hvx","profile":"FLASH_ATTN_EXT|q x k x v x mask -> out|128:32:12:1 x 128:4096:2:1 x 128:4096:2:1 x 4096:32 -> 128:12:32:1|f32 x f16 x f16 x f16 -> f32|4:512:16384:196608 x 2:256:1048576:2097152 x 2:256:1048576:2097152 x 2:ggml-hex: HTP0 profile-op OPBATCH|----|n-ops 1|----|----|----|usec 76325 cycles 148010130 start 2056104824696 mhz 1939.2
ggml-hex: HTP0 profile-op FLASH_ATTN_EXT|q x k x v x mask -> out|128:32:12:1 x 128:4096:2:1 x 128:4096:2:1 x 4096:32 -> 128:12:32:1|f32 x f16 x f16 x f16 -> f32|4:512:16384:196608 x 2:256:1048576:2097152 x 2:256:1048576:2097152 x 2:8192 -> 4:512:6144:196608|hvx Br 1 Bc 64 threads 1 vtcm 82944|usec 76306 cycles 147973485 start 3110476284 mhz 1939.2
ggml-hex: HTP0 profile-op OPBATCH|----|n-ops 1|----|----|----|usec 76333 cycles 148027226 start 2056253117067 mhz 1939.2
ggml-hex: HTP0 profile-op FLASH_ATTN_EXT|q x k x v x mask -> out|128:32:12:1 x 128:4096:2:1 x 128:4096:2:1 x 4096:32 -> 128:12:32:1|f32 x f16 x f16 x f16 -> f32|4:512:16384:196608 x 2:256:1048576:2097152 x 2:256:1048576:2097152 x 2:8192 -> 4:512:6144:196608|hvx Br 1 Bc 64 threads 1 vtcm 82944|usec 76314 cycles 147989018 start 3258769597 mhz 1939.2
ggml-hex: HTP0 profile-op OPBATCH|----|n-ops 1|----|----|----|usec 76332 cycles 148024247 start 2056401421065 mhz 1939.2
ggml-hex: HTP0 profile-op FLASH_ATTN_EXT|q x k x v x mask -> out|128:32:12:1 x 128:4096:2:1 x 128:4096:2:1 x 4096:32 -> 128:12:32:1|f32 x f16 x f16 x f16 -> f32|4:512:16384:196608 x 2:256:1048576:2097152 x 2:256:1048576:2097152 x 2:8192 -> 4:512:6144:196608|hvx Br 1 Bc 64 threads 1 vtcm 82944|usec 76313 cycles 147986955 start 3407072016 mhz 1939.2
ggml-hex: HTP0 profile-op OPBATCH|----|n-ops 1|----|----|----|usec 76335 cycles 148030082 start 2056549621257 mhz 1939.2
ggml-hex: HTP0 profile-op FLASH_ATTN_EXT|q x k x v x mask -> out|128:32:12:1 x 128:4096:2:1 x 128:4096:2:1 x 4096:32 -> 128:12:32:1|f32 x f16 x f16 x f16 -> f32|4:512:16384:196608 x 2:256:1048576:2097152 x 2:256:1048576:2097152 x 2:8192 -> 4:512:6144:196608|hvx Br 1 Bc 64 threads 1 vtcm 82944|usec 76315 cycles 147991711 start 3555274264 mhz 1939.2
ggml-hex: HTP0 profile-op OPBATCH|----|n-ops 1|----|----|----|usec 76319 cycles 147999660 start 2056697824058 mhz 1939.2
ggml-hex: HTP0 profile-op FLASH_ATTN_EXT|q x k x v x mask -> out|128:32:12:1 x 128:4096:2:1 x 128:4096:2:1 x 4096:32 -> 128:12:32:1|f32 x f16 x f16 x f16 -> f32|4:512:16384:196608 x 2:256:1048576:2097152 x 2:256:1048576:2097152 x 2:8192 -> 4:512:6144:196608|hvx Br 1 Bc 64 threads 1 vtcm 82944|usec 76301 cycles 147963442 start 3703474948 mhz 1939.2
ggml-hex: HTP0 profile-op OPBATCH|----|n-ops 1|----|----|----|usec 76322 cycles 148004943 start 2056846011933 mhz 1939.2
ggml-hex: HTP0 profile-op FLASH_ATTN_EXT|q x k x v x mask -> out|128:32:12:1 x 128:4096:2:1 x 128:4096:2:1 x 4096:32 -> 128:12:32:1|f32 x f16 x f16 x f16 -> f32|4:512:16384:196608 x 2:256:1048576:2097152 x 2:256:1048576:2097152 x 2:8192 -> 4:512:6144:196608|hvx Br 1 Bc 64 threads 1 vtcm 82944|usec 76303 cycles 147967337 start 3851663526 mhz 1939.2
ggml-hex: HTP0 profile-op OPBATCH|----|n-ops 1|----|----|----|usec 76330 cycles 148019692 start 2056994245764 mhz 1939.2
ggml-hex: HTP0 profile-op FLASH_ATTN_EXT|q x k x v x mask -> out|128:32:12:1 x 128:4096:2:1 x 128:4096:2:1 x 4096:32 -> 128:12:32:1|f32 x f16 x f16 x f16 -> f32|4:512:16384:196608 x 2:256:1048576:2097152 x 2:256:1048576:2097152 x 2:8192 -> 4:512:6144:196608|hvx Br 1 Bc 64 threads 1 vtcm 82944|usec 76311 cycles 147982796 start 3999896513 mhz 1939.2
ggml-hex: HTP0 profile-op OPBATCH|----|n-ops 1|----|----|----|usec 76326 cycles 148012963 start 2057142572310 mhz 1939.2
ggml-hex: HTP0 profile-op FLASH_ATTN_EXT|q x k x v x mask -> out|128:32:12:1 x 128:4096:2:1 x 128:4096:2:1 x 4096:32 -> 128:12:32:1|f32 x f16 x f16 x f16 -> f32|4:512:16384:196608 x 2:256:1048576:2097152 x 2:256:1048576:2097152 x 2:8192 -> 4:512:6144:196608|hvx Br 1 Bc 64 threads 1 vtcm 82944|usec 76307 cycles 147975821 start 4148223483 mhz 1939.2
ggml-hex: HTP0 profile-op OPBATCH|----|n-ops 1|----|----|----|usec 76330 cycles 148020740 start 2057290813521 mhz 1939.2
8192 -> 4:512:6144:196608|hvx Br 1 Bc 64 threads 1 vtcm 82944|usec 76306 cycles 147973485 start 3110476284 mhz 1939.2","host_us":78320.312,"dsp_op_us":"76306"}
{"record":"measurement","iteration":8,"q":32,"kv":4096,"heads":12,"kv_heads":2,"head_dim":128,"requested_selector":"1","nhvx":"1","effective_kernel":"hvx","profile":"FLASH_ATTN_EXT|q x k x v x mask -> out|128:32:12:1 x 128:4096:2:1 x 128:4096:2:1 x 4096:32 -> 128:12:32:1|f32 x f16 x f16 x f16 -> f32|4:512:16384:196608 x 2:256:1048576:2097152 x 2:256:1048576:2097152 x 2:8192 -> 4:512:6144:196608|hvx Br 1 Bc 64 threads 1 vtcm 82944|usec 76314 cycles 147989018 start 3258769597 mhz 1939.2","host_us":77979.948,"dsp_op_us":"76314"}
{"record":"measurement","iteration":9,"q":32,"kv":4096,"heads":12,"kv_heads":2,"head_dim":128,"requested_selector":"1","nhvx":"1","effective_kernel":"hvx","profile":"FLASH_ATTN_EXT|q x k x v x mask -> out|128:32:12:1 x 128:4096:2:1 x 128:4096:2:1 x 4096:32 -> 128:12:32:1|f32 x f16 x f16 x f16 -> f32|4:512:16384:196608 x 2:256:1048576:2097152 x 2:256:1048576:2097152 x 2:8192 -> 4:512:6144:196608|hvx Br 1 Bc 64 threads 1 vtcm 82944|usec 76313 cycles 147986955 start 3407072016 mhz 1939.2","host_us":77239.531,"dsp_op_us":"76313"}
{"record":"measurement","iteration":10,"q":32,"kv":4096,"heads":12,"kv_heads":2,"head_dim":128,"requested_selector":"1","nhvx":"1","effective_kernel":"hvx","profile":"FLASH_ATTN_EXT|q x k x v x mask -> out|128:32:12:1 x 128:4096:2:1 x 128:4096:2:1 x 4096:32 -> 128:12:32:1|f32 x f16 x f16 x f16 -> f32|4:512:16384:196608 x 2:256:1048576:2097152 x 2:256:1048576:2097152 x 2:8192 -> 4:512:6144:196608|hvx Br 1 Bc 64 threads 1 vtcm 82944|usec 76315 cycles 147991711 start 3555274264 mhz 1939.2","host_us":76897.969,"dsp_op_us":"76315"}
{"record":"measurement","iteration":11,"q":32,"kv":4096,"heads":12,"kv_heads":2,"head_dim":128,"requested_selector":"1","nhvx":"1","effective_kernel":"hvx","profile":"FLASH_ATTN_EXT|q x k x v x mask -> out|128:32:12:1 x 128:4096:2:1 x 128:4096:2:1 x 4096:32 -> 128:12:32:1|f32 x f16 x f16 x f16 -> f32|4:512:16384:196608 x 2:256:1048576:2097152 x 2:256:1048576:2097152 x 2:8192 -> 4:512:6144:196608|hvx Br 1 Bc 64 threads 1 vtcm 82944|usec 76301 cycles 147963442 start 3703474948 mhz 1939.2","host_us":77051.770,"dsp_op_us":"76301"}
{"record":"measurement","iteration":12,"q":32,"kv":4096,"heads":12,"kv_heads":2,"head_dim":128,"requested_selector":"1","nhvx":"1","effective_kernel":"hvx","profile":"FLASH_ATTN_EXT|q x k x v x mask -> out|128:32:12:1 x 128:4096:2:1 x 128:4096:2:1 x 4096:32 -> 128:12:32:1|f32 x f16 x f16 x f16 -> f32|4:512:16384:196608 x 2:256:1048576:2097152 x 2:256:1048576:2097152 x 2:8192 -> 4:512:6144:196608|hvx Br 1 Bc 64 threads 1 vtcm 82944|usec 76303 cycles 147967337 start 3851663526 mhz 1939.2","host_us":77097.656,"dsp_op_us":"76303"}
{"record":"measurement","iteration":13,"q":32,"kv":4096,"heads":12,"kv_heads":2,"head_dim":128,"requested_selector":"1","nhvx":"1","effective_kernel":"hvx","profile":"FLASH_ATTN_EXT|q x k x v x mask -> out|128:32:12:1 x 128:4096:2:1 x 128:4096:2:1 x 4096:32 -> 128:12:32:1|f32 x f16 x f16 x f16 -> f32|4:512:16384:196608 x 2:256:1048576:2097152 x 2:256:1048576:2097152 x 2:8192 -> 4:512:6144:196608|hvx Br 1 Bc 64 threads 1 vtcm 82944|usec 76311 cycles 147982796 start 3999896513 mhz 1939.2","host_us":77583.229,"dsp_op_us":"76311"}
{"record":"measurement","iteration":14,"q":32,"kv":4096,"heads":12,"kv_heads":2,"head_dim":128,"requested_selector":"1","nhvx":"1","effective_kernel":"hvx","profile":"FLASH_ATTN_EXT|q x k x v x mask -> out|128:32:12:1 x 128:4096:2:1 x 128:4096:2:1 x 4096:32 -> 128:12:32:1|f32 x f16 x f16 x f16 -> f32|4:512:16384:196608 x 2:256:1048576:2097152 x 2:256:1048576:2097152 x 2:8192 -> 4:512:6144:196608|hvx Br 1 Bc 64 threads 1 vtcm 82944|usec 76307 cycles 147975821 start 4148223483 mhz 1939.2","host_us":77291.302,"dsp_op_us":"76307"}
{"record":"measurement","iteration":15,"q":32,"kv":4096,"heads":12,"kv_heads":2,"head_dim":128,"requested_selector":"1","nhvx":"1","effective_kernel":"hvx","profile":"FLASH_ATTN_EXT|q x k x v x mask -> out|1ggml-hex: HTP0 profile-op FLASH_ATTN_EXT|q x k x v x mask -> out|128:32:12:1 x 128:4096:2:1 x 128:4096:2:1 x 4096:32 -> 128:12:32:1|f32 x f16 x f16 x f16 -> f32|4:512:16384:196608 x 2:256:1048576:2097152 x 2:256:1048576:2097152 x 2:8192 -> 4:512:6144:196608|hvx Br 1 Bc 64 threads 1 vtcm 82944|usec 76312 cycles 147984620 start 1497237 mhz 1939.2
ggml-hex: HTP0 profile-op OPBATCH|----|n-ops 1|----|----|----|usec 76326 cycles 148012831 start 2057439070607 mhz 1939.2
ggml-hex: HTP0 profile-op FLASH_ATTN_EXT|q x k x v x mask -> out|128:32:12:1 x 128:4096:2:1 x 128:4096:2:1 x 4096:32 -> 128:12:32:1|f32 x f16 x f16 x f16 -> f32|4:512:16384:196608 x 2:256:1048576:2097152 x 2:256:1048576:2097152 x 2:8192 -> 4:512:6144:196608|hvx Br 1 Bc 64 threads 1 vtcm 82944|usec 76307 cycles 147975642 start 149754375 mhz 1939.2
ggml-hex: HTP0 profile-op OPBATCH|----|n-ops 1|----|----|----|usec 76325 cycles 148010099 start 2057587308499 mhz 1939.2
ggml-hex: HTP0 profile-op FLASH_ATTN_EXT|q x k x v x mask -> out|128:32:12:1 x 128:4096:2:1 x 128:4096:2:1 x 4096:32 -> 128:12:32:1|f32 x f16 x f16 x f16 -> f32|4:512:16384:196608 x 2:256:1048576:2097152 x 2:256:1048576:2097152 x 2:8192 -> 4:512:6144:196608|hvx Br 1 Bc 64 threads 1 vtcm 82944|usec 76305 cycles 147973008 start 297992514 mhz 1939.2
ggml-hex: HTP0 profile-op OPBATCH|----|n-ops 1|----|----|----|usec 76326 cycles 148013512 start 2057735545959 mhz 1939.2
ggml-hex: HTP0 profile-op FLASH_ATTN_EXT|q x k x v x mask -> out|128:32:12:1 x 128:4096:2:1 x 128:4096:2:1 x 4096:32 -> 128:12:32:1|f32 x f16 x f16 x f16 -> f32|4:512:16384:196608 x 2:256:1048576:2097152 x 2:256:1048576:2097152 x 2:8192 -> 4:512:6144:196608|hvx Br 1 Bc 64 threads 1 vtcm 82944|usec 76307 cycles 147975534 start 446230339 mhz 1939.2
ggml-hex: HTP0 profile-op OPBATCH|----|n-ops 1|----|----|----|usec 76323 cycles 148006587 start 2057883774810 mhz 1939.2
ggml-hex: HTP0 profile-op FLASH_ATTN_EXT|q x k x v x mask -> out|128:32:12:1 x 128:4096:2:1 x 128:4096:2:1 x 4096:32 -> 128:12:32:1|f32 x f16 x f16 x f16 -> f32|4:512:16384:196608 x 2:256:1048576:2097152 x 2:256:1048576:2097152 x 2:8192 -> 4:512:6144:196608|hvx Br 1 Bc 64 threads 1 vtcm 82944|usec 76304 cycles 147970096 start 594458396 mhz 1939.2
28:32:12:1 x 128:4096:2:1 x 128:4096:2:1 x 4096:32 -> 128:12:32:1|f32 x f16 x f16 x f16 -> f32|4:512:16384:196608 x 2:256:1048576:2097152 x 2:256:1048576:2097152 x 2:8192 -> 4:512:6144:196608|hvx Br 1 Bc 64 threads 1 vtcm 82944|usec 76312 cycles 147984620 start 1497237 mhz 1939.2","host_us":77158.958,"dsp_op_us":"76312"}
{"record":"measurement","iteration":16,"q":32,"kv":4096,"heads":12,"kv_heads":2,"head_dim":128,"requested_selector":"1","nhvx":"1","effective_kernel":"hvx","profile":"FLASH_ATTN_EXT|q x k x v x mask -> out|128:32:12:1 x 128:4096:2:1 x 128:4096:2:1 x 4096:32 -> 128:12:32:1|f32 x f16 x f16 x f16 -> f32|4:512:16384:196608 x 2:256:1048576:2097152 x 2:256:1048576:2097152 x 2:8192 -> 4:512:6144:196608|hvx Br 1 Bc 64 threads 1 vtcm 82944|usec 76307 cycles 147975642 start 149754375 mhz 1939.2","host_us":76873.906,"dsp_op_us":"76307"}
{"record":"measurement","iteration":17,"q":32,"kv":4096,"heads":12,"kv_heads":2,"head_dim":128,"requested_selector":"1","nhvx":"1","effective_kernel":"hvx","profile":"FLASH_ATTN_EXT|q x k x v x mask -> out|128:32:12:1 x 128:4096:2:1 x 128:4096:2:1 x 4096:32 -> 128:12:32:1|f32 x f16 x f16 x f16 -> f32|4:512:16384:196608 x 2:256:1048576:2097152 x 2:256:1048576:2097152 x 2:8192 -> 4:512:6144:196608|hvx Br 1 Bc 64 threads 1 vtcm 82944|usec 76305 cycles 147973008 start 297992514 mhz 1939.2","host_us":77122.552,"dsp_op_us":"76305"}
{"record":"measurement","iteration":18,"q":32,"kv":4096,"heads":12,"kv_heads":2,"head_dim":128,"requested_selector":"1","nhvx":"1","effective_kernel":"hvx","profile":"FLASH_ATTN_EXT|q x k x v x mask -> out|128:32:12:1 x 128:4096:2:1 x 128:4096:2:1 x 4096:32 -> 128:12:32:1|f32 x f16 x f16 x f16 -> f32|4:512:16384:196608 x 2:256:1048576:2097152 x 2:256:1048576:2097152 x 2:8192 -> 4:512:6144:196608|hvx Br 1 Bc 64 threads 1 vtcm 82944|usec 76307 cycles 147975534 start 446230339 mhz 1939.2","host_us":76888.698,"dsp_op_us":"76307"}
{"record":"measurement","iteration":19,"q":32,"kv":4096,"heads":12,"kv_heads":2,"head_dim":128,"requested_selector":"1","nhvx":"1","effective_kernel":"hvx","profile":"FLASH_ATTN_EXT|q x k x v x mask -> out|128:32:12:1 x 128:4096:2:1 x 128:4096:2:1 x 4096:32 -> 128:12:32:1|f32 x f16 x f16 x f16 -> f32|4:512:16384:196608 x 2:256:1048576:2097152 x 2:256:1048576:2097152 x 2:8192 -> 4:512:6144:196608|hvx Br 1 Bc 64 threads 1 vtcm 82944|usec 76304 cycles 147970096 start 594458396 mhz 1939.2","host_us":76801.562,"dsp_op_us":"76304"}
