ggml-hex: Loading driver libcdsprpc.so
ggml-hex: Profiling mode 1 : pmu-evt [  ]
ggml-hex: Hexagon backend (experimental) : allocating new registry : ndev 1
ggml-hex: Hexagon Arch version v79
ggml-hex: HTP0 allocating new session
ggml-hex: HTP0 hwinfo: threads 6, hvx 6, hmx 1, vtcm 8 MB
ggml-hex: HTP0 new session : session-id 0 domain-id 3 uri file:///libggml-htp-v79.so?htp_iface_skel_handle_invoke&_modver=1.0&_dom=cdsp&_session=0 handle 0xb400007c8cada710
ggml-hex: HTP0 op batching: n-bufs 16 n-tensors 7168 n-ops 1024 vmem 3355443200
ggml-hex: HTP0 profile-op OPBATCH|----|n-ops 1|----|----|----|usec 759 cycles 1472434 start 2075528185062 mhz 1940.0
ggml-hex: HTP0 profile-op FLASH_ATTN_EXT|q x k x v x mask -> out|128:32:12:1 x 128:4096:2:1 x 128:4096:2:1 x 4096:32 -> 128:12:32:1|f32 x f16 x f16 x f16 -> f32|4:512:16384:196608 x 2:256:1048576:2097152 x 2:256:1048576:2097152 x 2:8192 -> 4:512:6144:196608|hmx-pipe Br 30 Bc 1344 threads 6 vtcm 5472128|usec 624 cycles 1211115 start 1059221962 mhz 1940.9
ggml-hex: HTP0 profile-op OPBATCH|----|n-ops 1|----|----|----|usec 622 cycles 1208158 start 2075529880602 mhz 1942.4
ggml-hex: HTP0 profile-op FLASH_ATTN_EXT|q x k x v x mask -> out|128:32:12:1 x 128:4096:2:1 x 128:4096:2:1 x 4096:32 -> 128:12:32:1|f32 x f16 x f16 x f16 -> f32|4:512:16384:196608 x 2:256:1048576:2097152 x 2:256:1048576:2097152 x 2:8192 -> 4:512:6144:196608|hmx-pipe Br 30 Bc 1344 threads 6 vtcm 5472128|usec 601 cycles 1166645 start 1060700201 mhz 1941.2
ggml-hex: HTP0 profile-op OPBATCH|----|n-ops 1|----|----|----|usec 618 cycles 1200867 start 2075531278656 mhz 1943.2
ggml-hex: HTP0 profile-op FLASH_ATTN_EXT|q x k x v x mask -> out|128:32:12:1 x 128:4096:2:1 x 128:4096:2:1 x 4096:32 -> 128:12:32:1|f32 x f16 x f16 x f16 -> f32|4:512:16384:196608 x 2:256:1048576:2097152 x 2:256:1048576:2097152 x 2:8192 -> 4:512:6144:196608|hmx-pipe Br 30 Bc 1344 threads 6 vtcm 5472128|usec 598 cycles 1160031 start 1062097255 mhz 1939.9
ggml-hex: HTP0 profile-op OPBATCH|----|n-ops 1|----|----|----|usec 625 cycles 1213378 start 2075532723242 mhz 1941.4
ggml-hex: HTP0 profile-op FLASH_ATTN_EXT|q x k x v x mask -> out|128:32:12:1 x 128:4096:2:1 x 128:4096:2:1 x 4096:32 -> 128:12:32:1|f32 x f16 x f16 x f16 -> f32|4:512:16384:196608 x 2:256:1048576:2097152 x 2:256:1048576:2097152 x 2:8192 -> 4:512:6144:196608|hmx-pipe Br 30 Bc 1344 threads 6 vtcm 5472128|usec 603 cycles 1170069 start 1063543875 mhz 1940.4
ggml-hex: HTP0 profile-op OPBATCH|----|n-ops 1|----|----|----|usec 620 cycles 1203866 start 2075534145809 mhz 1941.7
ggml-hex: HTP0 profile-op FLASH_ATTN_EXT|q x k x v x mask -> out|128:32:12:1 x 128:4096:2:1 x 128:4096:2:1 x 4096:32 -> 128:12:32:1|f32 x f16 x f16 x f16 -> f32|4:512:16384:196608 x 2:256:1048576:2097152 x 2:256:1048576:2097152 x 2:8192 -> 4:512:6144:196608|hmx-pipe Br 30 Bc 1344 threads 6 vtcm 5472128|usec 598 cycles 1160252 start 1064966971 mhz 1940.2
ggml-hex: HTP0 profile-op OPBATCH|----|n-ops 1|----|----|----|usec 618 cycles 1199621 start 2075535539811 mhz 1941.1
ggml-hex: HTP0 profile-op FLASH_ATTN_EXT|q x k x v x mask -> out|128:32:12:1 x 128:4096:2:1 x 128:4096:2:1 x 4096:32 -> 128:12:32:1|f32 x f16 x f16 x f16 -> f32|4:512:16384:196608 x 2:256:1048576:2097152 x 2:256:1048576:2097152 x 2:8192 -> 4:512:6144:196608|hmx-pipe Br 30 Bc 1344 threads 6 vtcm 5472128|usec 597 cycles 1158736 start 1066359094 mhz 1940.9
ggml-hex: HTP0 profile-op OPBATCH|----|n-ops 1|----|----|----|usec 619 cycles 1201924 start 2075536970334 mhz 1941.7
ggml-hex: HTP0 profile-op FLASH_ATTN_EXT|q x k x v x mask -> out|128:32:12:1 x 128:4096:2:1 x 128:4096:2:1 x 4096:32 -> 128:12:32:1|f32 x f16 x f16 x f16 -> f32|4:512:16384:196608 x 2:256:1048576:2097152 x 2:256:1048576:2097152 x 2:8192 -> 4:512:6144:196608|hmx-pipe Br 30 Bc 1344 threads 6 vtcm 5472128|usec 598 cycles 1160382 start 1067790002 mhz 1940.4
ggml-hex: HTP0 profile-op OPBATCH|----|n-ops 1|----|----|----|usec 618 cycles 1200184 start 2075538387703 mhz 1942.0
ggml-hex: HTP0 profile-op FLASH_ATTN_EXT|q x k x v x mask -> out|128:32:12:1 x 128:4096:2:1 x 128:4096:2:1 x 4096:32 -> 128:12:32:1|f32 x f16 x f16 x f16 -> f32|4:512:16384:196608 x 2:256:1048576:2097152 x 2:256:1048576:2097152 x 2:8192 -> 4:512:6144:196608|hmx-pipe Br 30 Bc 1344 threads 6 vtcm 5472128|usec 597 cycles 1159795 start 1069206875 mhz 1942.7
ggml-hex: HTP0 profile-op OPBATCH|----|n-ops 1|----|----|----|usec 612 cycles 1189113 start 2075539775125 mhz 1943.0
ggml-hex: HTP0 profile-op FLASH_ATTN_EXT|q x k x v x mask -> out|128:32:12:1 x 128:4096:2:1 x 128:4096:2:1 x 4096:32 -> 128:12:32:1|f32 x f16 x f16 x f16 -> f32|4:512:16384:196608 x 2:256:1048576:2097152 x 2:256:1048576:2097152 x 2:8192 -> 4:512:6144:196608|hmx-pipe Br 30 Bc 1344 threads 6 vtcm 5472128|usec 591 cycles 1146473 start 1070595963 mhz 1939.9
ggml-hex: HTP0 profile-op OPBATCH|----|n-ops 1|----|----|----|usec 615 cycles 1193862 start 2075541193156 mhz 1941.2
ggml-hex: HTP0 profile-op FLASH_ATTN_EXT|q x k x v x mask -> out|128:32:12:1 x 128:4096:2:1 x 128:4096:2:1 x 4096:32 -> 128:12:32:1|f32 x f16 x f16 x f16 -> f32|4:512:16384:196608 x 2:256:1048576:2097152 x 2:256:1048576:2097152 x 2:8192 -> 4:512:6144:196608|hmx-pipe Br 30 Bc 1344 threads 6 vtcm 5472128|usec 594 cycles 1152439 start 1072013147 mhz 1940.1
ggml-hex: HTP0 profile-op OPBATCH|----|n-ops 1|----|----|----|usec 613 cycles 1189550 start 2075542584810 mhz 1940.5
ggml-hex: HTP0 profile-op FLASH_ATTN_EXT|q x k x v x mask -> out|128:32:12:1 x 128:4096:2:1 x 128:4096:2:1 x 4096:32 -> 128:12:32:1|f32 x f16 x f16 x f16 -> f32|4:512:16384:196608 x 2:256:1048576:2097152 x 2:256:1048576:2097152 x 2:8192 -> 4:512:6144:196608|hmx-pipe Br 30 Bc 1344 threads 6 vtcm 5472128|usec 591 cycles 1147070 start 1073405083 mhz 1940.9
ggml-hex: HTP0 profile-op OPBATCH|----|n-ops 1|----|----|----|usec 618 cycles 1200480 start 2075543958052 mhz 1942.5
ggml-hex: HTP0 profile-op FLASH_ATTN_EXT|q x k x v x mask -> out|128:32:12:1 x 128:4096:2:1 x 128:4096:2:1 x 4096:32 -> 128:12:32:1|f32 x f16 x f16 x f16 -> f32|4:512:16384:196608 x 2:256:1048576:2097152 x 2:256:1048576:2097152 x 2:8192 -> 4:512:6144:196608|hmx-pipe Br 30 Bc 1344 threads 6 vtcm 5472128|usec 597 cycles 1159381 start 1074776967 mhz 1942.0
{"record":"measurement","iteration":0,"q":32,"kv":4096,"heads":12,"kv_heads":2,"head_dim":128,"requested_selector":"2","nhvx":"unset","effective_kernel":"hmx-pipe","profile":"FLASH_ATTN_EXT|q x k x v x mask -> out|128:32:12:1 x 128:4096:2:1 x 128:4096:2:1 x 4096:32 -> 128:12:32:1|f32 x f16 x f16 x f16 -> f32|4:512:16384:196608 x 2:256:1048576:2097152 x 2:256:1048576:2097152 x 2:8192 -> 4:512:6144:196608|hmx-pipe Br 30 Bc 1344 threads 6 vtcm 5472128|usec 597 cycles 1158736 start 1066359094 mhz 1940.9","host_us":1257.031,"dsp_op_us":"597"}
{"record":"measurement","iteration":1,"q":32,"kv":4096,"heads":12,"kv_heads":2,"head_dim":128,"requested_selector":"2","nhvx":"unset","effective_kernel":"hmx-pipe","profile":"FLASH_ATTN_EXT|q x k x v x mask -> out|128:32:12:1 x 128:4096:2:1 x 128:4096:2:1 x 4096:32 -> 128:12:32:1|f32 x f16 x f16 x f16 -> f32|4:512:16384:196608 x 2:256:1048576:2097152 x 2:256:1048576:2097152 x 2:8192 -> 4:512:6144:196608|hmx-pipe Br 30 Bc 1344 threads 6 vtcm 5472128|usec 598 cycles 1160382 start 1067790002 mhz 1940.4","host_us":1327.500,"dsp_op_us":"598"}
{"record":"measurement","iteration":2,"q":32,"kv":4096,"heads":12,"kv_heads":2,"head_dim":128,"requested_selector":"2","nhvx":"unset","effective_kernel":"hmx-pipe","profile":"FLASH_ATTN_EXT|q x k x v x mask -> out|128:32:12:1 x 128:4096:2:1 x 128:4096:2:1 x 4096:32 -> 128:12:32:1|f32 x f16 x f16 x f16 -> f32|4:512:16384:196608 x 2:256:1048576:2097152 x 2:256:1048576:2097152 x 2:8192 -> 4:512:6144:196608|hmx-pipe Br 30 Bc 1344 threads 6 vtcm 5472128|usec 597 cycles 1159795 start 1069206875 mhz 1942.7","host_us":1349.479,"dsp_op_us":"597"}
{"record":"measurement","iteration":3,"q":32,"kv":4096,"heads":12,"kv_heads":2,"head_dim":128,"requested_selector":"2","nhvx":"unset","effective_kernel":"hmx-pipe","profile":"FLASH_ATTN_EXT|q x k x v x mask -> out|128:32:12:1 x 128:4096:2:1 x 128:4096:2:1 x 4096:32 -> 128:12:32:1|f32 x f16 x f16 x f16 -> f32|4:512:16384:196608 x 2:256:1048576:2097152 x 2:256:1048576:2097152 x 2:8192 -> 4:512:6144:196608|hmx-pipe Br 30 Bc 1344 threads 6 vtcm 5472128|usec 591 cycles 1146473 start 1070595963 mhz 1939.9","host_us":1335.157,"dsp_op_us":"591"}
{"record":"measurement","iteration":4,"q":32,"kv":4096,"heads":12,"kv_heads":2,"head_dim":128,"requested_selector":"2","nhvx":"unset","effective_kernel":"hmx-pipe","profile":"FLASH_ATTN_EXT|q x k x v x mask -> out|128:32:12:1 x 128:4096:2:1 x 128:4096:2:1 x 4096:32 -> 128:12:32:1|f32 x f16 x f16 x f16 -> f32|4:512:16384:196608 x 2:256:1048576:2097152 x 2:256:1048576:2097152 x 2:8192 -> 4:512:6144:196608|hmx-pipe Br 30 Bc 1344 threads 6 vtcm 5472128|usec 594 cycles 1152439 start 1072013147 mhz 1940.1","host_us":1336.146,"dsp_op_us":"594"}
{"record":"measurement","iteration":5,"q":32,"kv":4096,"heads":12,"kv_heads":2,"head_dim":128,"requested_selector":"2","nhvx":"unset","effective_kernel":"hmx-pipe","profile":"FLASH_ATTN_EXT|q x k x v x mask -> out|128:32:12:1 x 128:4096:2:1 x 128:4096:2:1 x 4096:32 -> 128:12:32:1|f32 x f16 x f16 x f16 -> f32|4:512:16384:196608 x 2:256:1048576:2097152 x 2:256:1048576:2097152 x 2:8192 -> 4:512:6144:196608|hmx-pipe Br 30 Bc 1344 threads 6 vtcm 5472128|usec 591 cycles 1147070 start 1073405083 mhz 1940.9","host_us":1347.500,"dsp_op_us":"591"}
{"record":"measurement","iteration":6,"q":32,"kv":4096,"heads":12,"kv_heads":2,"head_dim":128,"requested_selector":"2","nhvx":"unset","effective_kernel":"hmx-pipe","profile":"FLASH_ATTN_EXT|q x k x v x mask -> out|128:32:12:1 x 128:4096:2:1 x 128:4096:2:1 x 4096:32 -> 128:12:32:1|f32 x f16 x f16 x f16 -> f32|4:512:16384:196608 x 2:256:1048576:2097152 x 2:256:1048576:2097152 x 2:8192 -> 4:512:6144:196608|hmx-pipe Br 30 Bc 1344 threads 6 vtcm 5472128|usec 597 cycles 1159381 start 1074776967 mhz 1942.0","host_us":1242.395,"dsp_op_us":"597"}
{"record":"measurement","iteration":7,"q":32,"kv":4096,"heads":12,"kv_heads":2,"head_dim":128,"requested_selector":"2","nhvx":"unset","effective_kernel":"hmx-pipe","profile":"FLASH_ATTN_EXT|q x k x v x mask -> out|128:32:12:1 x 128:4096:2:1 x 128:4096:2:1 x 4096:32 -> 128:12:32:1|f32 x fggml-hex: HTP0 profile-op OPBATCH|----|n-ops 1|----|----|----|usec 615 cycles 1193892 start 2075545378263 mhz 1941.3
ggml-hex: HTP0 profile-op FLASH_ATTN_EXT|q x k x v x mask -> out|128:32:12:1 x 128:4096:2:1 x 128:4096:2:1 x 4096:32 -> 128:12:32:1|f32 x f16 x f16 x f16 -> f32|4:512:16384:196608 x 2:256:1048576:2097152 x 2:256:1048576:2097152 x 2:8192 -> 4:512:6144:196608|hmx-pipe Br 30 Bc 1344 threads 6 vtcm 5472128|usec 594 cycles 1153434 start 1076197127 mhz 1941.8
ggml-hex: HTP0 profile-op OPBATCH|----|n-ops 1|----|----|----|usec 614 cycles 1192298 start 2075546803862 mhz 1941.9
ggml-hex: HTP0 profile-op FLASH_ATTN_EXT|q x k x v x mask -> out|128:32:12:1 x 128:4096:2:1 x 128:4096:2:1 x 4096:32 -> 128:12:32:1|f32 x f16 x f16 x f16 -> f32|4:512:16384:196608 x 2:256:1048576:2097152 x 2:256:1048576:2097152 x 2:8192 -> 4:512:6144:196608|hmx-pipe Br 30 Bc 1344 threads 6 vtcm 5472128|usec 592 cycles 1149657 start 1077624391 mhz 1942.0
ggml-hex: HTP0 profile-op OPBATCH|----|n-ops 1|----|----|----|usec 618 cycles 1198989 start 2075548187295 mhz 1940.1
ggml-hex: HTP0 profile-op FLASH_ATTN_EXT|q x k x v x mask -> out|128:32:12:1 x 128:4096:2:1 x 128:4096:2:1 x 4096:32 -> 128:12:32:1|f32 x f16 x f16 x f16 -> f32|4:512:16384:196608 x 2:256:1048576:2097152 x 2:256:1048576:2097152 x 2:8192 -> 4:512:6144:196608|hmx-pipe Br 30 Bc 1344 threads 6 vtcm 5472128|usec 597 cycles 1158078 start 1079006802 mhz 1939.8
ggml-hex: HTP0 profile-op OPBATCH|----|n-ops 1|----|----|----|usec 614 cycles 1192669 start 2075549607990 mhz 1942.5
ggml-hex: HTP0 profile-op FLASH_ATTN_EXT|q x k x v x mask -> out|128:32:12:1 x 128:4096:2:1 x 128:4096:2:1 x 4096:32 -> 128:12:32:1|f32 x f16 x f16 x f16 -> f32|4:512:16384:196608 x 2:256:1048576:2097152 x 2:256:1048576:2097152 x 2:8192 -> 4:512:6144:196608|hmx-pipe Br 30 Bc 1344 threads 6 vtcm 5472128|usec 592 cycles 1148668 start 1080429308 mhz 1940.3
ggml-hex: HTP0 profile-op OPBATCH|----|n-ops 1|----|----|----|usec 618 cycles 1199092 start 2075551023955 mhz 1940.3
ggml-hex: HTP0 profile-op FLASH_ATTN_EXT|q x k x v x mask -> out|128:32:12:1 x 128:4096:2:1 x 128:4096:2:1 x 4096:32 -> 128:12:32:1|f32 x f16 x f16 x f16 -> f32|4:512:16384:196608 x 2:256:1048576:2097152 x 2:256:1048576:2097152 x 2:8192 -> 4:512:6144:196608|hmx-pipe Br 30 Bc 1344 threads 6 vtcm 5472128|usec 597 cycles 1158727 start 1081843280 mhz 1940.9
ggml-hex: HTP0 profile-op OPBATCH|----|n-ops 1|----|----|----|usec 615 cycles 1194766 start 2075552398556 mhz 1942.7
ggml-hex: HTP0 profile-op FLASH_ATTN_EXT|q x k x v x mask -> out|128:32:12:1 x 128:4096:2:1 x 128:4096:2:1 x 4096:32 -> 128:12:32:1|f32 x f16 x f16 x f16 -> f32|4:512:16384:196608 x 2:256:1048576:2097152 x 2:256:1048576:2097152 x 2:8192 -> 4:512:6144:196608|hmx-pipe Br 30 Bc 1344 threads 6 vtcm 5472128|usec 594 cycles 1152887 start 1083218270 mhz 1940.9
ggml-hex: HTP0 profile-op OPBATCH|----|n-ops 1|----|----|----|usec 622 cycles 1206906 start 2075553772275 mhz 1940.4
ggml-hex: HTP0 profile-op FLASH_ATTN_EXT|q x k x v x mask -> out|128:32:12:1 x 128:4096:2:1 x 128:4096:2:1 x 4096:32 -> 128:12:32:1|f32 x f16 x f16 x f16 -> f32|4:512:16384:196608 x 2:256:1048576:2097152 x 2:256:1048576:2097152 x 2:8192 -> 4:512:6144:196608|hmx-pipe Br 30 Bc 1344 threads 6 vtcm 5472128|usec 601 cycles 1166328 start 1084591197 mhz 1940.6
ggml-hex: HTP0 profile-op OPBATCH|----|n-ops 1|----|----|----|usec 613 cycles 1189335 start 2075555152172 mhz 1940.2
ggml-hex: HTP0 profile-op FLASH_ATTN_EXT|q x k x v x mask -> out|128:32:12:1 x 128:4096:2:1 x 128:4096:2:1 x 4096:32 -> 128:12:32:1|f32 x f16 x f16 x f16 -> f32|4:512:16384:196608 x 2:256:1048576:2097152 x 2:256:1048576:2097152 x 2:8192 -> 4:512:6144:196608|hmx-pipe Br 30 Bc 1344 threads 6 vtcm 5472128|usec 592 cycles 1149382 start 1085970310 mhz 1941.5
16 x f16 x f16 -> f32|4:512:16384:196608 x 2:256:1048576:2097152 x 2:256:1048576:2097152 x 2:8192 -> 4:512:6144:196608|hmx-pipe Br 30 Bc 1344 threads 6 vtcm 5472128|usec 594 cycles 1153434 start 1076197127 mhz 1941.8","host_us":1238.489,"dsp_op_us":"594"}
{"record":"measurement","iteration":8,"q":32,"kv":4096,"heads":12,"kv_heads":2,"head_dim":128,"requested_selector":"2","nhvx":"unset","effective_kernel":"hmx-pipe","profile":"FLASH_ATTN_EXT|q x k x v x mask -> out|128:32:12:1 x 128:4096:2:1 x 128:4096:2:1 x 4096:32 -> 128:12:32:1|f32 x f16 x f16 x f16 -> f32|4:512:16384:196608 x 2:256:1048576:2097152 x 2:256:1048576:2097152 x 2:8192 -> 4:512:6144:196608|hmx-pipe Br 30 Bc 1344 threads 6 vtcm 5472128|usec 592 cycles 1149657 start 1077624391 mhz 1942.0","host_us":1344.375,"dsp_op_us":"592"}
{"record":"measurement","iteration":9,"q":32,"kv":4096,"heads":12,"kv_heads":2,"head_dim":128,"requested_selector":"2","nhvx":"unset","effective_kernel":"hmx-pipe","profile":"FLASH_ATTN_EXT|q x k x v x mask -> out|128:32:12:1 x 128:4096:2:1 x 128:4096:2:1 x 4096:32 -> 128:12:32:1|f32 x f16 x f16 x f16 -> f32|4:512:16384:196608 x 2:256:1048576:2097152 x 2:256:1048576:2097152 x 2:8192 -> 4:512:6144:196608|hmx-pipe Br 30 Bc 1344 threads 6 vtcm 5472128|usec 597 cycles 1158078 start 1079006802 mhz 1939.8","host_us":1330.156,"dsp_op_us":"597"}
{"record":"measurement","iteration":10,"q":32,"kv":4096,"heads":12,"kv_heads":2,"head_dim":128,"requested_selector":"2","nhvx":"unset","effective_kernel":"hmx-pipe","profile":"FLASH_ATTN_EXT|q x k x v x mask -> out|128:32:12:1 x 128:4096:2:1 x 128:4096:2:1 x 4096:32 -> 128:12:32:1|f32 x f16 x f16 x f16 -> f32|4:512:16384:196608 x 2:256:1048576:2097152 x 2:256:1048576:2097152 x 2:8192 -> 4:512:6144:196608|hmx-pipe Br 30 Bc 1344 threads 6 vtcm 5472128|usec 592 cycles 1148668 start 1080429308 mhz 1940.3","host_us":1309.791,"dsp_op_us":"592"}
{"record":"measurement","iteration":11,"q":32,"kv":4096,"heads":12,"kv_heads":2,"head_dim":128,"requested_selector":"2","nhvx":"unset","effective_kernel":"hmx-pipe","profile":"FLASH_ATTN_EXT|q x k x v x mask -> out|128:32:12:1 x 128:4096:2:1 x 128:4096:2:1 x 4096:32 -> 128:12:32:1|f32 x f16 x f16 x f16 -> f32|4:512:16384:196608 x 2:256:1048576:2097152 x 2:256:1048576:2097152 x 2:8192 -> 4:512:6144:196608|hmx-pipe Br 30 Bc 1344 threads 6 vtcm 5472128|usec 597 cycles 1158727 start 1081843280 mhz 1940.9","host_us":1316.250,"dsp_op_us":"597"}
{"record":"measurement","iteration":12,"q":32,"kv":4096,"heads":12,"kv_heads":2,"head_dim":128,"requested_selector":"2","nhvx":"unset","effective_kernel":"hmx-pipe","profile":"FLASH_ATTN_EXT|q x k x v x mask -> out|128:32:12:1 x 128:4096:2:1 x 128:4096:2:1 x 4096:32 -> 128:12:32:1|f32 x f16 x f16 x f16 -> f32|4:512:16384:196608 x 2:256:1048576:2097152 x 2:256:1048576:2097152 x 2:8192 -> 4:512:6144:196608|hmx-pipe Br 30 Bc 1344 threads 6 vtcm 5472128|usec 594 cycles 1152887 start 1083218270 mhz 1940.9","host_us":1088.385,"dsp_op_us":"594"}
{"record":"measurement","iteration":13,"q":32,"kv":4096,"heads":12,"kv_heads":2,"head_dim":128,"requested_selector":"2","nhvx":"unset","effective_kernel":"hmx-pipe","profile":"FLASH_ATTN_EXT|q x k x v x mask -> out|128:32:12:1 x 128:4096:2:1 x 128:4096:2:1 x 4096:32 -> 128:12:32:1|f32 x f16 x f16 x f16 -> f32|4:512:16384:196608 x 2:256:1048576:2097152 x 2:256:1048576:2097152 x 2:8192 -> 4:512:6144:196608|hmx-pipe Br 30 Bc 1344 threads 6 vtcm 5472128|usec 601 cycles 1166328 start 1084591197 mhz 1940.6","host_us":1084.011,"dsp_op_us":"601"}
{"record":"measurement","iteration":14,"q":32,"kv":4096,"heads":12,"kv_heads":2,"head_dim":128,"requested_selector":"2","nhvx":"unset","effective_kernel":"hmx-pipe","profile":"FLASH_ATTN_EXT|q x k x v x mask -> out|128:32:12:1 x 128:4096:2:1 x 128:4096:2:1 x 4096:32 -> 128:12:32:1|f32 x f16 x f16 x f16 -> f32|4:512:16384:196608 x 2:256:1048576:2097152 x 2:256:1048576:2097152 x 2:8192 -> 4:512:6144:196608|hmx-pipe Br 30 Bc 1344 threads 6 vtcm 5472128|usec 592 cycles 1149382 start 1085970310 mhz 1941.5","host_us":1070.052,"dsp_op_us":"592"}
{"record":"measurement","itggml-hex: HTP0 profile-op OPBATCH|----|n-ops 1|----|----|----|usec 619 cycles 1201425 start 2075556518967 mhz 1940.9
ggml-hex: HTP0 profile-op FLASH_ATTN_EXT|q x k x v x mask -> out|128:32:12:1 x 128:4096:2:1 x 128:4096:2:1 x 4096:32 -> 128:12:32:1|f32 x f16 x f16 x f16 -> f32|4:512:16384:196608 x 2:256:1048576:2097152 x 2:256:1048576:2097152 x 2:8192 -> 4:512:6144:196608|hmx-pipe Br 30 Bc 1344 threads 6 vtcm 5472128|usec 598 cycles 1160630 start 1087337560 mhz 1940.9
ggml-hex: HTP0 profile-op OPBATCH|----|n-ops 1|----|----|----|usec 614 cycles 1193016 start 2075557936352 mhz 1943.0
ggml-hex: HTP0 profile-op FLASH_ATTN_EXT|q x k x v x mask -> out|128:32:12:1 x 128:4096:2:1 x 128:4096:2:1 x 4096:32 -> 128:12:32:1|f32 x f16 x f16 x f16 -> f32|4:512:16384:196608 x 2:256:1048576:2097152 x 2:256:1048576:2097152 x 2:8192 -> 4:512:6144:196608|hmx-pipe Br 30 Bc 1344 threads 6 vtcm 5472128|usec 593 cycles 1151933 start 1088754504 mhz 1942.6
ggml-hex: HTP0 profile-op OPBATCH|----|n-ops 1|----|----|----|usec 617 cycles 1198531 start 2075559354047 mhz 1942.5
ggml-hex: HTP0 profile-op FLASH_ATTN_EXT|q x k x v x mask -> out|128:32:12:1 x 128:4096:2:1 x 128:4096:2:1 x 4096:32 -> 128:12:32:1|f32 x f16 x f16 x f16 -> f32|4:512:16384:196608 x 2:256:1048576:2097152 x 2:256:1048576:2097152 x 2:8192 -> 4:512:6144:196608|hmx-pipe Br 30 Bc 1344 threads 6 vtcm 5472128|usec 596 cycles 1157433 start 1090173061 mhz 1942.0
ggml-hex: HTP0 profile-op OPBATCH|----|n-ops 1|----|----|----|usec 614 cycles 1191709 start 2075560770548 mhz 1940.9
ggml-hex: HTP0 profile-op FLASH_ATTN_EXT|q x k x v x mask -> out|128:32:12:1 x 128:4096:2:1 x 128:4096:2:1 x 4096:32 -> 128:12:32:1|f32 x f16 x f16 x f16 -> f32|4:512:16384:196608 x 2:256:1048576:2097152 x 2:256:1048576:2097152 x 2:8192 -> 4:512:6144:196608|hmx-pipe Br 30 Bc 1344 threads 6 vtcm 5472128|usec 593 cycles 1151811 start 1091588982 mhz 1942.3
ggml-hex: HTP0 profile-op OPBATCH|----|n-ops 1|----|----|----|usec 619 cycles 1201737 start 2075562136747 mhz 1941.4
ggml-hex: HTP0 profile-op FLASH_ATTN_EXT|q x k x v x mask -> out|128:32:12:1 x 128:4096:2:1 x 128:4096:2:1 x 4096:32 -> 128:12:32:1|f32 x f16 x f16 x f16 -> f32|4:512:16384:196608 x 2:256:1048576:2097152 x 2:256:1048576:2097152 x 2:8192 -> 4:512:6144:196608|hmx-pipe Br 30 Bc 1344 threads 6 vtcm 5472128|usec 598 cycles 1161644 start 1092954751 mhz 1942.5
eration":15,"q":32,"kv":4096,"heads":12,"kv_heads":2,"head_dim":128,"requested_selector":"2","nhvx":"unset","effective_kernel":"hmx-pipe","profile":"FLASH_ATTN_EXT|q x k x v x mask -> out|128:32:12:1 x 128:4096:2:1 x 128:4096:2:1 x 4096:32 -> 128:12:32:1|f32 x f16 x f16 x f16 -> f32|4:512:16384:196608 x 2:256:1048576:2097152 x 2:256:1048576:2097152 x 2:8192 -> 4:512:6144:196608|hmx-pipe Br 30 Bc 1344 threads 6 vtcm 5472128|usec 598 cycles 1160630 start 1087337560 mhz 1940.9","host_us":1087.396,"dsp_op_us":"598"}
{"record":"measurement","iteration":16,"q":32,"kv":4096,"heads":12,"kv_heads":2,"head_dim":128,"requested_selector":"2","nhvx":"unset","effective_kernel":"hmx-pipe","profile":"FLASH_ATTN_EXT|q x k x v x mask -> out|128:32:12:1 x 128:4096:2:1 x 128:4096:2:1 x 4096:32 -> 128:12:32:1|f32 x f16 x f16 x f16 -> f32|4:512:16384:196608 x 2:256:1048576:2097152 x 2:256:1048576:2097152 x 2:8192 -> 4:512:6144:196608|hmx-pipe Br 30 Bc 1344 threads 6 vtcm 5472128|usec 593 cycles 1151933 start 1088754504 mhz 1942.6","host_us":1129.687,"dsp_op_us":"593"}
{"record":"measurement","iteration":17,"q":32,"kv":4096,"heads":12,"kv_heads":2,"head_dim":128,"requested_selector":"2","nhvx":"unset","effective_kernel":"hmx-pipe","profile":"FLASH_ATTN_EXT|q x k x v x mask -> out|128:32:12:1 x 128:4096:2:1 x 128:4096:2:1 x 4096:32 -> 128:12:32:1|f32 x f16 x f16 x f16 -> f32|4:512:16384:196608 x 2:256:1048576:2097152 x 2:256:1048576:2097152 x 2:8192 -> 4:512:6144:196608|hmx-pipe Br 30 Bc 1344 threads 6 vtcm 5472128|usec 596 cycles 1157433 start 1090173061 mhz 1942.0","host_us":1122.969,"dsp_op_us":"596"}
{"record":"measurement","iteration":18,"q":32,"kv":4096,"heads":12,"kv_heads":2,"head_dim":128,"requested_selector":"2","nhvx":"unset","effective_kernel":"hmx-pipe","profile":"FLASH_ATTN_EXT|q x k x v x mask -> out|128:32:12:1 x 128:4096:2:1 x 128:4096:2:1 x 4096:32 -> 128:12:32:1|f32 x f16 x f16 x f16 -> f32|4:512:16384:196608 x 2:256:1048576:2097152 x 2:256:1048576:2097152 x 2:8192 -> 4:512:6144:196608|hmx-pipe Br 30 Bc 1344 threads 6 vtcm 5472128|usec 593 cycles 1151811 start 1091588982 mhz 1942.3","host_us":1205.677,"dsp_op_us":"593"}
{"record":"measurement","iteration":19,"q":32,"kv":4096,"heads":12,"kv_heads":2,"head_dim":128,"requested_selector":"2","nhvx":"unset","effective_kernel":"hmx-pipe","profile":"FLASH_ATTN_EXT|q x k x v x mask -> out|128:32:12:1 x 128:4096:2:1 x 128:4096:2:1 x 4096:32 -> 128:12:32:1|f32 x f16 x f16 x f16 -> f32|4:512:16384:196608 x 2:256:1048576:2097152 x 2:256:1048576:2097152 x 2:8192 -> 4:512:6144:196608|hmx-pipe Br 30 Bc 1344 threads 6 vtcm 5472128|usec 598 cycles 1161644 start 1092954751 mhz 1942.5","host_us":1057.239,"dsp_op_us":"598"}
