ggml-hex: Loading driver libcdsprpc.so
ggml-hex: Profiling mode 1 : pmu-evt [  ]
ggml-hex: Hexagon backend (experimental) : allocating new registry : ndev 1
ggml-hex: Hexagon Arch version v79
ggml-hex: HTP0 allocating new session
ggml-hex: HTP0 hwinfo: threads 6, hvx 6, hmx 1, vtcm 8 MB
ggml-hex: HTP0 new session : session-id 0 domain-id 3 uri file:///libggml-htp-v79.so?htp_iface_skel_handle_invoke&_modver=1.0&_dom=cdsp&_session=0 handle 0xb40000714eccd610
ggml-hex: HTP0 op batching: n-bufs 16 n-tensors 7168 n-ops 1024 vmem 3355443200
ggml-hex: HTP0 profile-op OPBATCH|----|n-ops 1|----|----|----|usec 762 cycles 1479838 start 2049231773524 mhz 1942.0
ggml-hex: HTP0 profile-op FLASH_ATTN_EXT|q x k x v x mask -> out|128:32:12:1 x 128:4096:2:1 x 128:4096:2:1 x 4096:32 -> 128:12:32:1|f32 x f16 x f16 x f16 -> f32|4:512:16384:196608 x 2:256:1048576:2097152 x 2:256:1048576:2097152 x 2:8192 -> 4:512:6144:196608|hmx-pipe Br 30 Bc 1344 threads 6 vtcm 5472128|usec 630 cycles 1222750 start 532609721 mhz 1940.9
ggml-hex: HTP0 profile-op OPBATCH|----|n-ops 1|----|----|----|usec 630 cycles 1222974 start 2049233500785 mhz 1941.2
ggml-hex: HTP0 profile-op FLASH_ATTN_EXT|q x k x v x mask -> out|128:32:12:1 x 128:4096:2:1 x 128:4096:2:1 x 4096:32 -> 128:12:32:1|f32 x f16 x f16 x f16 -> f32|4:512:16384:196608 x 2:256:1048576:2097152 x 2:256:1048576:2097152 x 2:8192 -> 4:512:6144:196608|hmx-pipe Br 30 Bc 1344 threads 6 vtcm 5472128|usec 609 cycles 1181425 start 534123619 mhz 1939.9
ggml-hex: HTP0 profile-op OPBATCH|----|n-ops 1|----|----|----|usec 624 cycles 1212205 start 2049234907991 mhz 1942.6
ggml-hex: HTP0 profile-op FLASH_ATTN_EXT|q x k x v x mask -> out|128:32:12:1 x 128:4096:2:1 x 128:4096:2:1 x 4096:32 -> 128:12:32:1|f32 x f16 x f16 x f16 -> f32|4:512:16384:196608 x 2:256:1048576:2097152 x 2:256:1048576:2097152 x 2:8192 -> 4:512:6144:196608|hmx-pipe Br 30 Bc 1344 threads 6 vtcm 5472128|usec 603 cycles 1171332 start 535529947 mhz 1942.5
ggml-hex: HTP0 profile-op OPBATCH|----|n-ops 1|----|----|----|usec 618 cycles 1200791 start 2049236354215 mhz 1943.0
ggml-hex: HTP0 profile-op FLASH_ATTN_EXT|q x k x v x mask -> out|128:32:12:1 x 128:4096:2:1 x 128:4096:2:1 x 4096:32 -> 128:12:32:1|f32 x f16 x f16 x f16 -> f32|4:512:16384:196608 x 2:256:1048576:2097152 x 2:256:1048576:2097152 x 2:8192 -> 4:512:6144:196608|hmx-pipe Br 30 Bc 1344 threads 6 vtcm 5472128|usec 597 cycles 1158695 start 536978079 mhz 1940.9
ggml-hex: HTP0 profile-op OPBATCH|----|n-ops 1|----|----|----|usec 617 cycles 1197415 start 2049237788777 mhz 1940.7
ggml-hex: HTP0 profile-op FLASH_ATTN_EXT|q x k x v x mask -> out|128:32:12:1 x 128:4096:2:1 x 128:4096:2:1 x 4096:32 -> 128:12:32:1|f32 x f16 x f16 x f16 -> f32|4:512:16384:196608 x 2:256:1048576:2097152 x 2:256:1048576:2097152 x 2:8192 -> 4:512:6144:196608|hmx-pipe Br 30 Bc 1344 threads 6 vtcm 5472128|usec 596 cycles 1157352 start 538410615 mhz 1941.9
ggml-hex: HTP0 profile-op OPBATCH|----|n-ops 1|----|----|----|usec 616 cycles 1195793 start 2049239170092 mhz 1941.2
ggml-hex: HTP0 profile-op FLASH_ATTN_EXT|q x k x v x mask -> out|128:32:12:1 x 128:4096:2:1 x 128:4096:2:1 x 4096:32 -> 128:12:32:1|f32 x f16 x f16 x f16 -> f32|4:512:16384:196608 x 2:256:1048576:2097152 x 2:256:1048576:2097152 x 2:8192 -> 4:512:6144:196608|hmx-pipe Br 30 Bc 1344 threads 6 vtcm 5472128|usec 595 cycles 1154964 start 539793509 mhz 1941.1
ggml-hex: HTP0 profile-op OPBATCH|----|n-ops 1|----|----|----|usec 620 cycles 1203021 start 2049240588066 mhz 1940.4
ggml-hex: HTP0 profile-op FLASH_ATTN_EXT|q x k x v x mask -> out|128:32:12:1 x 128:4096:2:1 x 128:4096:2:1 x 4096:32 -> 128:12:32:1|f32 x f16 x f16 x f16 -> f32|4:512:16384:196608 x 2:256:1048576:2097152 x 2:256:1048576:2097152 x 2:8192 -> 4:512:6144:196608|hmx-pipe Br 30 Bc 1344 threads 6 vtcm 5472128|usec 599 cycles 1162212 start 541210824 mhz 1940.3
ggml-hex: HTP0 profile-op OPBATCH|----|n-ops 1|----|----|----|usec 615 cycles 1193849 start 2049242025065 mhz 1941.2
ggml-hex: HTP0 profile-op FLASH_ATTN_EXT|q x k x v x mask -> out|128:32:12:1 x 128:4096:2:1 x 128:4096:2:1 x 4096:32 -> 128:12:32:1|f32 x f16 x f16 x f16 -> f32|4:512:16384:196608 x 2:256:1048576:2097152 x 2:256:1048576:2097152 x 2:8192 -> 4:512:6144:196608|hmx-pipe Br 30 Bc 1344 threads 6 vtcm 5472128|usec 594 cycles 1152508 start 542649215 mhz 1940.2
ggml-hex: HTP0 profile-op OPBATCH|----|n-ops 1|----|----|----|usec 614 cycles 1191536 start 2049243452526 mhz 1940.6
ggml-hex: HTP0 profile-op FLASH_ATTN_EXT|q x k x v x mask -> out|128:32:12:1 x 128:4096:2:1 x 128:4096:2:1 x 4096:32 -> 128:12:32:1|f32 x f16 x f16 x f16 -> f32|4:512:16384:196608 x 2:256:1048576:2097152 x 2:256:1048576:2097152 x 2:8192 -> 4:512:6144:196608|hmx-pipe Br 30 Bc 1344 threads 6 vtcm 5472128|usec 593 cycles 1150799 start 544076208 mhz 1940.6
ggml-hex: HTP0 profile-op OPBATCH|----|n-ops 1|----|----|----|usec 616 cycles 1195917 start 2049244868457 mhz 1941.4
ggml-hex: HTP0 profile-op FLASH_ATTN_EXT|q x k x v x mask -> out|128:32:12:1 x 128:4096:2:1 x 128:4096:2:1 x 4096:32 -> 128:12:32:1|f32 x f16 x f16 x f16 -> f32|4:512:16384:196608 x 2:256:1048576:2097152 x 2:256:1048576:2097152 x 2:8192 -> 4:512:6144:196608|hmx-pipe Br 30 Bc 1344 threads 6 vtcm 5472128|usec 596 cycles 1156185 start 545490929 mhz 1939.9
ggml-hex: HTP0 profile-op OPBATCH|----|n-ops 1|----|----|----|usec 608 cycles 1180573 start 2049246252712 mhz 1941.7
ggml-hex: HTP0 profile-op FLASH_ATTN_EXT|q x k x v x mask -> out|128:32:12:1 x 128:4096:2:1 x 128:4096:2:1 x 4096:32 -> 128:12:32:1|f32 x f16 x f16 x f16 -> f32|4:512:16384:196608 x 2:256:1048576:2097152 x 2:256:1048576:2097152 x 2:8192 -> 4:512:6144:196608|hmx-pipe Br 30 Bc 1344 threads 6 vtcm 5472128|usec 587 cycles 1140452 start 546875485 mhz 1942.8
ggml-hex: HTP0 profile-op OPBATCH|----|n-ops 1|----|----|----|usec 612 cycles 1189050 start 2049247655039 mhz 1942.9
ggml-hex: HTP0 profile-op FLASH_ATTN_EXT|q x k x v x mask -> out|128:32:12:1 x 128:4096:2:1 x 128:4096:2:1 x 4096:32 -> 128:12:32:1|f32 x f16 x f16 x f16 -> f32|4:512:16384:196608 x 2:256:1048576:2097152 x 2:256:1048576:2097152 x 2:8192 -> 4:512:6144:196608|hmx-pipe Br 30 Bc 1344 threads 6 vtcm 5472128|usec 592 cycles 1149333 start 548277618 mhz 1941.4
{"record":"measurement","iteration":0,"q":32,"kv":4096,"heads":12,"kv_heads":2,"head_dim":128,"requested_selector":"2","nhvx":"unset","effective_kernel":"hmx-pipe","profile":"FLASH_ATTN_EXT|q x k x v x mask -> out|128:32:12:1 x 128:4096:2:1 x 128:4096:2:1 x 4096:32 -> 128:12:32:1|f32 x f16 x f16 x f16 -> f32|4:512:16384:196608 x 2:256:1048576:2097152 x 2:256:1048576:2097152 x 2:8192 -> 4:512:6144:196608|hmx-pipe Br 30 Bc 1344 threads 6 vtcm 5472128|usec 595 cycles 1154964 start 539793509 mhz 1941.1","host_us":1256.719,"dsp_op_us":"595"}
{"record":"measurement","iteration":1,"q":32,"kv":4096,"heads":12,"kv_heads":2,"head_dim":128,"requested_selector":"2","nhvx":"unset","effective_kernel":"hmx-pipe","profile":"FLASH_ATTN_EXT|q x k x v x mask -> out|128:32:12:1 x 128:4096:2:1 x 128:4096:2:1 x 4096:32 -> 128:12:32:1|f32 x f16 x f16 x f16 -> f32|4:512:16384:196608 x 2:256:1048576:2097152 x 2:256:1048576:2097152 x 2:8192 -> 4:512:6144:196608|hmx-pipe Br 30 Bc 1344 threads 6 vtcm 5472128|usec 599 cycles 1162212 start 541210824 mhz 1940.3","host_us":1327.969,"dsp_op_us":"599"}
{"record":"measurement","iteration":2,"q":32,"kv":4096,"heads":12,"kv_heads":2,"head_dim":128,"requested_selector":"2","nhvx":"unset","effective_kernel":"hmx-pipe","profile":"FLASH_ATTN_EXT|q x k x v x mask -> out|128:32:12:1 x 128:4096:2:1 x 128:4096:2:1 x 4096:32 -> 128:12:32:1|f32 x f16 x f16 x f16 -> f32|4:512:16384:196608 x 2:256:1048576:2097152 x 2:256:1048576:2097152 x 2:8192 -> 4:512:6144:196608|hmx-pipe Br 30 Bc 1344 threads 6 vtcm 5472128|usec 594 cycles 1152508 start 542649215 mhz 1940.2","host_us":1586.614,"dsp_op_us":"594"}
{"record":"measurement","iteration":3,"q":32,"kv":4096,"heads":12,"kv_heads":2,"head_dim":128,"requested_selector":"2","nhvx":"unset","effective_kernel":"hmx-pipe","profile":"FLASH_ATTN_EXT|q x k x v x mask -> out|128:32:12:1 x 128:4096:2:1 x 128:4096:2:1 x 4096:32 -> 128:12:32:1|f32 x f16 x f16 x f16 -> f32|4:512:16384:196608 x 2:256:1048576:2097152 x 2:256:1048576:2097152 x 2:8192 -> 4:512:6144:196608|hmx-pipe Br 30 Bc 1344 threads 6 vtcm 5472128|usec 593 cycles 1150799 start 544076208 mhz 1940.6","host_us":1301.511,"dsp_op_us":"593"}
{"record":"measurement","iteration":4,"q":32,"kv":4096,"heads":12,"kv_heads":2,"head_dim":128,"requested_selector":"2","nhvx":"unset","effective_kernel":"hmx-pipe","profile":"FLASH_ATTN_EXT|q x k x v x mask -> out|128:32:12:1 x 128:4096:2:1 x 128:4096:2:1 x 4096:32 -> 128:12:32:1|f32 x f16 x f16 x f16 -> f32|4:512:16384:196608 x 2:256:1048576:2097152 x 2:256:1048576:2097152 x 2:8192 -> 4:512:6144:196608|hmx-pipe Br 30 Bc 1344 threads 6 vtcm 5472128|usec 596 cycles 1156185 start 545490929 mhz 1939.9","host_us":1343.437,"dsp_op_us":"596"}
{"record":"measurement","iteration":5,"q":32,"kv":4096,"heads":12,"kv_heads":2,"head_dim":128,"requested_selector":"2","nhvx":"unset","effective_kernel":"hmx-pipe","profile":"FLASH_ATTN_EXT|q x k x v x mask -> out|128:32:12:1 x 128:4096:2:1 x 128:4096:2:1 x 4096:32 -> 128:12:32:1|f32 x f16 x f16 x f16 -> f32|4:512:16384:196608 x 2:256:1048576:2097152 x 2:256:1048576:2097152 x 2:8192 -> 4:512:6144:196608|hmx-pipe Br 30 Bc 1344 threads 6 vtcm 5472128|usec 587 cycles 1140452 start 546875485 mhz 1942.8","host_us":1338.282,"dsp_op_us":"587"}
{"record":"measurement","iteration":6,"q":32,"kv":4096,"heads":12,"kv_heads":2,"head_dim":128,"requested_selector":"2","nhvx":"unset","effective_kernel":"hmx-pipe","profile":"FLASH_ATTN_EXT|q x k x v x mask -> out|128:32:12:1 x 128:4096:2:1 x 128:4096:2:1 x 4096:32 -> 128:12:32:1|f32 x f16 x f16 x f16 -> f32|4:512:16384:196608 x 2:256:1048576:2097152 x 2:256:1048576:2097152 x 2:8192 -> 4:512:6144:196608|hmx-pipe Br 30 Bc 1344 threads 6 vtcm 5472128|usec 592 cycles 1149333 start 548277618 mhz 1941.4","host_us":1339.167,"dsp_op_us":"592"}
{"record":"measurement","iteration":7,"q":32,"kv":4096,"heads":12,"kv_heads":2,"head_dim":128,"requested_selector":"2","nhvx":"unset","effective_kernel":"hmx-pipe","profile":"FLASH_ATTN_EXT|q x k x v x mask -> out|128:32:12:1 x 128:4096:2:1 x 128:4096:2:1 x 4096:32 -> 128:12:32:1|f32 x f16 x f1ggml-hex: HTP0 profile-op OPBATCH|----|n-ops 1|----|----|----|usec 617 cycles 1198543 start 2049249069786 mhz 1942.5
ggml-hex: HTP0 profile-op FLASH_ATTN_EXT|q x k x v x mask -> out|128:32:12:1 x 128:4096:2:1 x 128:4096:2:1 x 4096:32 -> 128:12:32:1|f32 x f16 x f16 x f16 -> f32|4:512:16384:196608 x 2:256:1048576:2097152 x 2:256:1048576:2097152 x 2:8192 -> 4:512:6144:196608|hmx-pipe Br 30 Bc 1344 threads 6 vtcm 5472128|usec 597 cycles 1158707 start 549692401 mhz 1940.9
ggml-hex: HTP0 profile-op OPBATCH|----|n-ops 1|----|----|----|usec 615 cycles 1194530 start 2049250453769 mhz 1942.3
ggml-hex: HTP0 profile-op FLASH_ATTN_EXT|q x k x v x mask -> out|128:32:12:1 x 128:4096:2:1 x 128:4096:2:1 x 4096:32 -> 128:12:32:1|f32 x f16 x f16 x f16 -> f32|4:512:16384:196608 x 2:256:1048576:2097152 x 2:256:1048576:2097152 x 2:8192 -> 4:512:6144:196608|hmx-pipe Br 30 Bc 1344 threads 6 vtcm 5472128|usec 594 cycles 1153622 start 551077224 mhz 1942.1
ggml-hex: HTP0 profile-op OPBATCH|----|n-ops 1|----|----|----|usec 618 cycles 1199594 start 2049251878253 mhz 1941.1
ggml-hex: HTP0 profile-op FLASH_ATTN_EXT|q x k x v x mask -> out|128:32:12:1 x 128:4096:2:1 x 128:4096:2:1 x 4096:32 -> 128:12:32:1|f32 x f16 x f16 x f16 -> f32|4:512:16384:196608 x 2:256:1048576:2097152 x 2:256:1048576:2097152 x 2:8192 -> 4:512:6144:196608|hmx-pipe Br 30 Bc 1344 threads 6 vtcm 5472128|usec 597 cycles 1159876 start 552500721 mhz 1942.8
ggml-hex: HTP0 profile-op OPBATCH|----|n-ops 1|----|----|----|usec 615 cycles 1193112 start 2049253302460 mhz 1940.0
ggml-hex: HTP0 profile-op FLASH_ATTN_EXT|q x k x v x mask -> out|128:32:12:1 x 128:4096:2:1 x 128:4096:2:1 x 4096:32 -> 128:12:32:1|f32 x f16 x f16 x f16 -> f32|4:512:16384:196608 x 2:256:1048576:2097152 x 2:256:1048576:2097152 x 2:8192 -> 4:512:6144:196608|hmx-pipe Br 30 Bc 1344 threads 6 vtcm 5472128|usec 593 cycles 1151601 start 553926131 mhz 1942.0
ggml-hex: HTP0 profile-op OPBATCH|----|n-ops 1|----|----|----|usec 618 cycles 1200729 start 2049254672039 mhz 1942.9
ggml-hex: HTP0 profile-op FLASH_ATTN_EXT|q x k x v x mask -> out|128:32:12:1 x 128:4096:2:1 x 128:4096:2:1 x 4096:32 -> 128:12:32:1|f32 x f16 x f16 x f16 -> f32|4:512:16384:196608 x 2:256:1048576:2097152 x 2:256:1048576:2097152 x 2:8192 -> 4:512:6144:196608|hmx-pipe Br 30 Bc 1344 threads 6 vtcm 5472128|usec 598 cycles 1161332 start 555293783 mhz 1942.0
ggml-hex: HTP0 profile-op OPBATCH|----|n-ops 1|----|----|----|usec 620 cycles 1204460 start 2049256058758 mhz 1942.7
ggml-hex: HTP0 profile-op FLASH_ATTN_EXT|q x k x v x mask -> out|128:32:12:1 x 128:4096:2:1 x 128:4096:2:1 x 4096:32 -> 128:12:32:1|f32 x f16 x f16 x f16 -> f32|4:512:16384:196608 x 2:256:1048576:2097152 x 2:256:1048576:2097152 x 2:8192 -> 4:512:6144:196608|hmx-pipe Br 30 Bc 1344 threads 6 vtcm 5472128|usec 599 cycles 1163173 start 556682170 mhz 1941.9
ggml-hex: HTP0 profile-op OPBATCH|----|n-ops 1|----|----|----|usec 618 cycles 1200804 start 2049257493807 mhz 1943.0
ggml-hex: HTP0 profile-op FLASH_ATTN_EXT|q x k x v x mask -> out|128:32:12:1 x 128:4096:2:1 x 128:4096:2:1 x 4096:32 -> 128:12:32:1|f32 x f16 x f16 x f16 -> f32|4:512:16384:196608 x 2:256:1048576:2097152 x 2:256:1048576:2097152 x 2:8192 -> 4:512:6144:196608|hmx-pipe Br 30 Bc 1344 threads 6 vtcm 5472128|usec 598 cycles 1160352 start 558116474 mhz 1940.4
ggml-hex: HTP0 profile-op OPBATCH|----|n-ops 1|----|----|----|usec 617 cycles 1198745 start 2049258919363 mhz 1942.9
ggml-hex: HTP0 profile-op FLASH_ATTN_EXT|q x k x v x mask -> out|128:32:12:1 x 128:4096:2:1 x 128:4096:2:1 x 4096:32 -> 128:12:32:1|f32 x f16 x f16 x f16 -> f32|4:512:16384:196608 x 2:256:1048576:2097152 x 2:256:1048576:2097152 x 2:8192 -> 4:512:6144:196608|hmx-pipe Br 30 Bc 1344 threads 6 vtcm 5472128|usec 597 cycles 1158574 start 559541627 mhz 1940.7
6 x f16 -> f32|4:512:16384:196608 x 2:256:1048576:2097152 x 2:256:1048576:2097152 x 2:8192 -> 4:512:6144:196608|hmx-pipe Br 30 Bc 1344 threads 6 vtcm 5472128|usec 597 cycles 1158707 start 549692401 mhz 1940.9","host_us":1341.771,"dsp_op_us":"597"}
{"record":"measurement","iteration":8,"q":32,"kv":4096,"heads":12,"kv_heads":2,"head_dim":128,"requested_selector":"2","nhvx":"unset","effective_kernel":"hmx-pipe","profile":"FLASH_ATTN_EXT|q x k x v x mask -> out|128:32:12:1 x 128:4096:2:1 x 128:4096:2:1 x 4096:32 -> 128:12:32:1|f32 x f16 x f16 x f16 -> f32|4:512:16384:196608 x 2:256:1048576:2097152 x 2:256:1048576:2097152 x 2:8192 -> 4:512:6144:196608|hmx-pipe Br 30 Bc 1344 threads 6 vtcm 5472128|usec 594 cycles 1153622 start 551077224 mhz 1942.1","host_us":1337.916,"dsp_op_us":"594"}
{"record":"measurement","iteration":9,"q":32,"kv":4096,"heads":12,"kv_heads":2,"head_dim":128,"requested_selector":"2","nhvx":"unset","effective_kernel":"hmx-pipe","profile":"FLASH_ATTN_EXT|q x k x v x mask -> out|128:32:12:1 x 128:4096:2:1 x 128:4096:2:1 x 4096:32 -> 128:12:32:1|f32 x f16 x f16 x f16 -> f32|4:512:16384:196608 x 2:256:1048576:2097152 x 2:256:1048576:2097152 x 2:8192 -> 4:512:6144:196608|hmx-pipe Br 30 Bc 1344 threads 6 vtcm 5472128|usec 597 cycles 1159876 start 552500721 mhz 1942.8","host_us":1343.281,"dsp_op_us":"597"}
{"record":"measurement","iteration":10,"q":32,"kv":4096,"heads":12,"kv_heads":2,"head_dim":128,"requested_selector":"2","nhvx":"unset","effective_kernel":"hmx-pipe","profile":"FLASH_ATTN_EXT|q x k x v x mask -> out|128:32:12:1 x 128:4096:2:1 x 128:4096:2:1 x 4096:32 -> 128:12:32:1|f32 x f16 x f16 x f16 -> f32|4:512:16384:196608 x 2:256:1048576:2097152 x 2:256:1048576:2097152 x 2:8192 -> 4:512:6144:196608|hmx-pipe Br 30 Bc 1344 threads 6 vtcm 5472128|usec 593 cycles 1151601 start 553926131 mhz 1942.0","host_us":1379.792,"dsp_op_us":"593"}
{"record":"measurement","iteration":11,"q":32,"kv":4096,"heads":12,"kv_heads":2,"head_dim":128,"requested_selector":"2","nhvx":"unset","effective_kernel":"hmx-pipe","profile":"FLASH_ATTN_EXT|q x k x v x mask -> out|128:32:12:1 x 128:4096:2:1 x 128:4096:2:1 x 4096:32 -> 128:12:32:1|f32 x f16 x f16 x f16 -> f32|4:512:16384:196608 x 2:256:1048576:2097152 x 2:256:1048576:2097152 x 2:8192 -> 4:512:6144:196608|hmx-pipe Br 30 Bc 1344 threads 6 vtcm 5472128|usec 598 cycles 1161332 start 555293783 mhz 1942.0","host_us":1237.656,"dsp_op_us":"598"}
{"record":"measurement","iteration":12,"q":32,"kv":4096,"heads":12,"kv_heads":2,"head_dim":128,"requested_selector":"2","nhvx":"unset","effective_kernel":"hmx-pipe","profile":"FLASH_ATTN_EXT|q x k x v x mask -> out|128:32:12:1 x 128:4096:2:1 x 128:4096:2:1 x 4096:32 -> 128:12:32:1|f32 x f16 x f16 x f16 -> f32|4:512:16384:196608 x 2:256:1048576:2097152 x 2:256:1048576:2097152 x 2:8192 -> 4:512:6144:196608|hmx-pipe Br 30 Bc 1344 threads 6 vtcm 5472128|usec 599 cycles 1163173 start 556682170 mhz 1941.9","host_us":1093.541,"dsp_op_us":"599"}
{"record":"measurement","iteration":13,"q":32,"kv":4096,"heads":12,"kv_heads":2,"head_dim":128,"requested_selector":"2","nhvx":"unset","effective_kernel":"hmx-pipe","profile":"FLASH_ATTN_EXT|q x k x v x mask -> out|128:32:12:1 x 128:4096:2:1 x 128:4096:2:1 x 4096:32 -> 128:12:32:1|f32 x f16 x f16 x f16 -> f32|4:512:16384:196608 x 2:256:1048576:2097152 x 2:256:1048576:2097152 x 2:8192 -> 4:512:6144:196608|hmx-pipe Br 30 Bc 1344 threads 6 vtcm 5472128|usec 598 cycles 1160352 start 558116474 mhz 1940.4","host_us":1099.687,"dsp_op_us":"598"}
{"record":"measurement","iteration":14,"q":32,"kv":4096,"heads":12,"kv_heads":2,"head_dim":128,"requested_selector":"2","nhvx":"unset","effective_kernel":"hmx-pipe","profile":"FLASH_ATTN_EXT|q x k x v x mask -> out|128:32:12:1 x 128:4096:2:1 x 128:4096:2:1 x 4096:32 -> 128:12:32:1|f32 x f16 x f16 x f16 -> f32|4:512:16384:196608 x 2:256:1048576:2097152 x 2:256:1048576:2097152 x 2:8192 -> 4:512:6144:196608|hmx-pipe Br 30 Bc 1344 threads 6 vtcm 5472128|usec 597 cycles 1158574 start 559541627 mhz 1940.7","host_us":1128.698,"dsp_op_us":"597"}
{"record":"measurement","iteration":15,"q"ggml-hex: HTP0 profile-op OPBATCH|----|n-ops 1|----|----|----|usec 621 cycles 1205735 start 2049260340827 mhz 1941.6
ggml-hex: HTP0 profile-op FLASH_ATTN_EXT|q x k x v x mask -> out|128:32:12:1 x 128:4096:2:1 x 128:4096:2:1 x 4096:32 -> 128:12:32:1|f32 x f16 x f16 x f16 -> f32|4:512:16384:196608 x 2:256:1048576:2097152 x 2:256:1048576:2097152 x 2:8192 -> 4:512:6144:196608|hmx-pipe Br 30 Bc 1344 threads 6 vtcm 5472128|usec 600 cycles 1164810 start 560963476 mhz 1941.3
ggml-hex: HTP0 profile-op OPBATCH|----|n-ops 1|----|----|----|usec 619 cycles 1202409 start 2049261729691 mhz 1942.5
ggml-hex: HTP0 profile-op FLASH_ATTN_EXT|q x k x v x mask -> out|128:32:12:1 x 128:4096:2:1 x 128:4096:2:1 x 4096:32 -> 128:12:32:1|f32 x f16 x f16 x f16 -> f32|4:512:16384:196608 x 2:256:1048576:2097152 x 2:256:1048576:2097152 x 2:8192 -> 4:512:6144:196608|hmx-pipe Br 30 Bc 1344 threads 6 vtcm 5472128|usec 599 cycles 1162906 start 562351454 mhz 1941.4
ggml-hex: HTP0 profile-op OPBATCH|----|n-ops 1|----|----|----|usec 612 cycles 1188786 start 2049263112360 mhz 1942.5
ggml-hex: HTP0 profile-op FLASH_ATTN_EXT|q x k x v x mask -> out|128:32:12:1 x 128:4096:2:1 x 128:4096:2:1 x 4096:32 -> 128:12:32:1|f32 x f16 x f16 x f16 -> f32|4:512:16384:196608 x 2:256:1048576:2097152 x 2:256:1048576:2097152 x 2:8192 -> 4:512:6144:196608|hmx-pipe Br 30 Bc 1344 threads 6 vtcm 5472128|usec 592 cycles 1148749 start 563734306 mhz 1940.5
ggml-hex: HTP0 profile-op OPBATCH|----|n-ops 1|----|----|----|usec 612 cycles 1187467 start 2049264530661 mhz 1940.3
ggml-hex: HTP0 profile-op FLASH_ATTN_EXT|q x k x v x mask -> out|128:32:12:1 x 128:4096:2:1 x 128:4096:2:1 x 4096:32 -> 128:12:32:1|f32 x f16 x f16 x f16 -> f32|4:512:16384:196608 x 2:256:1048576:2097152 x 2:256:1048576:2097152 x 2:8192 -> 4:512:6144:196608|hmx-pipe Br 30 Bc 1344 threads 6 vtcm 5472128|usec 592 cycles 1148474 start 565152706 mhz 1940.0
ggml-hex: HTP0 profile-op OPBATCH|----|n-ops 1|----|----|----|usec 610 cycles 1184452 start 2049265939759 mhz 1941.7
ggml-hex: HTP0 profile-op FLASH_ATTN_EXT|q x k x v x mask -> out|128:32:12:1 x 128:4096:2:1 x 128:4096:2:1 x 4096:32 -> 128:12:32:1|f32 x f16 x f16 x f16 -> f32|4:512:16384:196608 x 2:256:1048576:2097152 x 2:256:1048576:2097152 x 2:8192 -> 4:512:6144:196608|hmx-pipe Br 30 Bc 1344 threads 6 vtcm 5472128|usec 590 cycles 1145073 start 566561531 mhz 1940.8
:32,"kv":4096,"heads":12,"kv_heads":2,"head_dim":128,"requested_selector":"2","nhvx":"unset","effective_kernel":"hmx-pipe","profile":"FLASH_ATTN_EXT|q x k x v x mask -> out|128:32:12:1 x 128:4096:2:1 x 128:4096:2:1 x 4096:32 -> 128:12:32:1|f32 x f16 x f16 x f16 -> f32|4:512:16384:196608 x 2:256:1048576:2097152 x 2:256:1048576:2097152 x 2:8192 -> 4:512:6144:196608|hmx-pipe Br 30 Bc 1344 threads 6 vtcm 5472128|usec 600 cycles 1164810 start 560963476 mhz 1941.3","host_us":1132.343,"dsp_op_us":"600"}
{"record":"measurement","iteration":16,"q":32,"kv":4096,"heads":12,"kv_heads":2,"head_dim":128,"requested_selector":"2","nhvx":"unset","effective_kernel":"hmx-pipe","profile":"FLASH_ATTN_EXT|q x k x v x mask -> out|128:32:12:1 x 128:4096:2:1 x 128:4096:2:1 x 4096:32 -> 128:12:32:1|f32 x f16 x f16 x f16 -> f32|4:512:16384:196608 x 2:256:1048576:2097152 x 2:256:1048576:2097152 x 2:8192 -> 4:512:6144:196608|hmx-pipe Br 30 Bc 1344 threads 6 vtcm 5472128|usec 599 cycles 1162906 start 562351454 mhz 1941.4","host_us":1132.135,"dsp_op_us":"599"}
{"record":"measurement","iteration":17,"q":32,"kv":4096,"heads":12,"kv_heads":2,"head_dim":128,"requested_selector":"2","nhvx":"unset","effective_kernel":"hmx-pipe","profile":"FLASH_ATTN_EXT|q x k x v x mask -> out|128:32:12:1 x 128:4096:2:1 x 128:4096:2:1 x 4096:32 -> 128:12:32:1|f32 x f16 x f16 x f16 -> f32|4:512:16384:196608 x 2:256:1048576:2097152 x 2:256:1048576:2097152 x 2:8192 -> 4:512:6144:196608|hmx-pipe Br 30 Bc 1344 threads 6 vtcm 5472128|usec 592 cycles 1148749 start 563734306 mhz 1940.5","host_us":1368.646,"dsp_op_us":"592"}
{"record":"measurement","iteration":18,"q":32,"kv":4096,"heads":12,"kv_heads":2,"head_dim":128,"requested_selector":"2","nhvx":"unset","effective_kernel":"hmx-pipe","profile":"FLASH_ATTN_EXT|q x k x v x mask -> out|128:32:12:1 x 128:4096:2:1 x 128:4096:2:1 x 4096:32 -> 128:12:32:1|f32 x f16 x f16 x f16 -> f32|4:512:16384:196608 x 2:256:1048576:2097152 x 2:256:1048576:2097152 x 2:8192 -> 4:512:6144:196608|hmx-pipe Br 30 Bc 1344 threads 6 vtcm 5472128|usec 592 cycles 1148474 start 565152706 mhz 1940.0","host_us":1083.645,"dsp_op_us":"592"}
{"record":"measurement","iteration":19,"q":32,"kv":4096,"heads":12,"kv_heads":2,"head_dim":128,"requested_selector":"2","nhvx":"unset","effective_kernel":"hmx-pipe","profile":"FLASH_ATTN_EXT|q x k x v x mask -> out|128:32:12:1 x 128:4096:2:1 x 128:4096:2:1 x 4096:32 -> 128:12:32:1|f32 x f16 x f16 x f16 -> f32|4:512:16384:196608 x 2:256:1048576:2097152 x 2:256:1048576:2097152 x 2:8192 -> 4:512:6144:196608|hmx-pipe Br 30 Bc 1344 threads 6 vtcm 5472128|usec 590 cycles 1145073 start 566561531 mhz 1940.8","host_us":1117.291,"dsp_op_us":"590"}
