FIG8_ATTENTION_CONFIG mode=lut-exp layout=serial variant=pair_static_d8 scna_width=8 seed=figure8_fixed mask_mode=full qo_len=8 kv_len=4096 kv_pad_len=4096 n_heads=12 n_kv_heads=2 head_dim=128 warmup=2 iters=3 q_size=49152 kv_size=2097152 mask_size=65536 profile_size=6272 profile_max_records=12 profile_max_events=0 mode_flags=65537 print_events=0 workers=1
FIG8_ATTENTION_HOST_TIMING mode=lut-exp layout=serial variant=pair_static_d8 workers=1 scna_width=8 seed=figure8_fixed mask_mode=full qo_len=8 kv_len=4096 n_heads=12 n_kv_heads=2 head_dim=128 phase=warmup iteration=0 host_elapsed_us=1443 ret=0
FIG8_ATTENTION_PROFILE_COUNT mode=lut-exp qo_len=8 phase=warmup iteration=0 records=4 max_records=12
FIG8_ATTENTION_WORKERS mode=lut-exp variant=pair_static_d8 qo_len=8 phase=warmup iteration=0 requested_workers=1 active_workers=1 hvx_contexts=6 vtcm_worker_cap=8 tasks=4 q_task_rows=4
FIG8_ATTENTION_TIMERS mode=lut-exp layout=serial phase=warmup iteration=0 lut_exp=1 scna_layout=0 scna_width=0 qo_len=4 kv_len=4096 n_heads=12 n_kv_heads=2 head_dim=128 kv_head=0 worker=0 profiled_total=270 q_load=2 k_load=83 v_load=83 qk_dot=2 safe_sm=88 scna_exp=0 param_prepare=0 core_acc=7 o_scale=2 o_store=3
FIG8_ATTENTION_TIMERS mode=lut-exp layout=serial phase=warmup iteration=0 lut_exp=1 scna_layout=0 scna_width=0 qo_len=4 kv_len=4096 n_heads=12 n_kv_heads=2 head_dim=128 kv_head=1 worker=0 profiled_total=264 q_load=1 k_load=82 v_load=89 qk_dot=2 safe_sm=79 scna_exp=0 param_prepare=0 core_acc=7 o_scale=2 o_store=2
FIG8_ATTENTION_TIMERS mode=lut-exp layout=serial phase=warmup iteration=0 lut_exp=1 scna_layout=0 scna_width=0 qo_len=4 kv_len=4096 n_heads=12 n_kv_heads=2 head_dim=128 kv_head=0 worker=0 profiled_total=221 q_load=1 k_load=69 v_load=78 qk_dot=1 safe_sm=63 scna_exp=0 param_prepare=0 core_acc=5 o_scale=1 o_store=3
FIG8_ATTENTION_TIMERS mode=lut-exp layout=serial phase=warmup iteration=0 lut_exp=1 scna_layout=0 scna_width=0 qo_len=4 kv_len=4096 n_heads=12 n_kv_heads=2 head_dim=128 kv_head=1 worker=0 profiled_total=218 q_load=1 k_load=68 v_load=79 qk_dot=2 safe_sm=61 scna_exp=0 param_prepare=0 core_acc=3 o_scale=2 o_store=2
FIG8_ATTENTION_EVENT_COUNT mode=lut-exp qo_len=8 phase=warmup iteration=0 events=0 max_events=0 overflow=0
FIG8_ATTENTION_CHECKSUM mode=lut-exp layout=serial scna_width=8 seed=figure8_fixed phase=warmup iteration=0 checksum=0xffb7e4bf821b0539
FIG8_ATTENTION_HOST_TIMING mode=lut-exp layout=serial variant=pair_static_d8 workers=1 scna_width=8 seed=figure8_fixed mask_mode=full qo_len=8 kv_len=4096 n_heads=12 n_kv_heads=2 head_dim=128 phase=warmup iteration=1 host_elapsed_us=1229 ret=0
FIG8_ATTENTION_PROFILE_COUNT mode=lut-exp qo_len=8 phase=warmup iteration=1 records=4 max_records=12
FIG8_ATTENTION_WORKERS mode=lut-exp variant=pair_static_d8 qo_len=8 phase=warmup iteration=1 requested_workers=1 active_workers=1 hvx_contexts=6 vtcm_worker_cap=8 tasks=4 q_task_rows=4
FIG8_ATTENTION_TIMERS mode=lut-exp layout=serial phase=warmup iteration=1 lut_exp=1 scna_layout=0 scna_width=0 qo_len=4 kv_len=4096 n_heads=12 n_kv_heads=2 head_dim=128 kv_head=0 worker=1 profiled_total=229 q_load=1 k_load=69 v_load=86 qk_dot=2 safe_sm=62 scna_exp=0 param_prepare=0 core_acc=6 o_scale=1 o_store=2
FIG8_ATTENTION_TIMERS mode=lut-exp layout=serial phase=warmup iteration=1 lut_exp=1 scna_layout=0 scna_width=0 qo_len=4 kv_len=4096 n_heads=12 n_kv_heads=2 head_dim=128 kv_head=1 worker=1 profiled_total=211 q_load=1 k_load=68 v_load=75 qk_dot=1 safe_sm=60 scna_exp=0 param_prepare=0 core_acc=2 o_scale=2 o_store=2
FIG8_ATTENTION_TIMERS mode=lut-exp layout=serial phase=warmup iteration=1 lut_exp=1 scna_layout=0 scna_width=0 qo_len=4 kv_len=4096 n_heads=12 n_kv_heads=2 head_dim=128 kv_head=0 worker=1 profiled_total=220 q_load=1 k_load=69 v_load=81 qk_dot=1 safe_sm=61 scna_exp=0 param_prepare=0 core_acc=5 o_scale=1 o_store=1
FIG8_ATTENTION_TIMERS mode=lut-exp layout=serial phase=warmup iteration=1 lut_exp=1 scna_layout=0 scna_width=0 qo_len=4 kv_len=4096 n_heads=12 n_kv_heads=2 head_dim=128 kv_head=1 worker=1 profiled_total=217 q_load=1 k_load=68 v_load=77 qk_dot=2 safe_sm=61 scna_exp=0 param_prepare=0 core_acc=4 o_scale=2 o_store=2
FIG8_ATTENTION_EVENT_COUNT mode=lut-exp qo_len=8 phase=warmup iteration=1 events=0 max_events=0 overflow=0
FIG8_ATTENTION_CHECKSUM mode=lut-exp layout=serial scna_width=8 seed=figure8_fixed phase=warmup iteration=1 checksum=0xffb7e4bf821b0539
FIG8_ATTENTION_HOST_TIMING mode=lut-exp layout=serial variant=pair_static_d8 workers=1 scna_width=8 seed=figure8_fixed mask_mode=full qo_len=8 kv_len=4096 n_heads=12 n_kv_heads=2 head_dim=128 phase=measure iteration=0 host_elapsed_us=1228 ret=0
FIG8_ATTENTION_PROFILE_COUNT mode=lut-exp qo_len=8 phase=measure iteration=0 records=4 max_records=12
FIG8_ATTENTION_WORKERS mode=lut-exp variant=pair_static_d8 qo_len=8 phase=measure iteration=0 requested_workers=1 active_workers=1 hvx_contexts=6 vtcm_worker_cap=8 tasks=4 q_task_rows=4
FIG8_ATTENTION_TIMERS mode=lut-exp layout=serial phase=measure iteration=0 lut_exp=1 scna_layout=0 scna_width=0 qo_len=4 kv_len=4096 n_heads=12 n_kv_heads=2 head_dim=128 kv_head=0 worker=2 profiled_total=220 q_load=1 k_load=68 v_load=81 qk_dot=2 safe_sm=61 scna_exp=0 param_prepare=0 core_acc=5 o_scale=1 o_store=1
FIG8_ATTENTION_TIMERS mode=lut-exp layout=serial phase=measure iteration=0 lut_exp=1 scna_layout=0 scna_width=0 qo_len=4 kv_len=4096 n_heads=12 n_kv_heads=2 head_dim=128 kv_head=1 worker=2 profiled_total=213 q_load=1 k_load=68 v_load=76 qk_dot=1 safe_sm=60 scna_exp=0 param_prepare=0 core_acc=3 o_scale=2 o_store=2
FIG8_ATTENTION_TIMERS mode=lut-exp layout=serial phase=measure iteration=0 lut_exp=1 scna_layout=0 scna_width=0 qo_len=4 kv_len=4096 n_heads=12 n_kv_heads=2 head_dim=128 kv_head=0 worker=2 profiled_total=213 q_load=1 k_load=68 v_load=75 qk_dot=2 safe_sm=60 scna_exp=0 param_prepare=0 core_acc=4 o_scale=1 o_store=2
FIG8_ATTENTION_TIMERS mode=lut-exp layout=serial phase=measure iteration=0 lut_exp=1 scna_layout=0 scna_width=0 qo_len=4 kv_len=4096 n_heads=12 n_kv_heads=2 head_dim=128 kv_head=1 worker=2 profiled_total=220 q_load=1 k_load=68 v_load=79 qk_dot=2 safe_sm=61 scna_exp=0 param_prepare=0 core_acc=5 o_scale=2 o_store=2
FIG8_ATTENTION_EVENT_COUNT mode=lut-exp qo_len=8 phase=measure iteration=0 events=0 max_events=0 overflow=0
FIG8_ATTENTION_CHECKSUM mode=lut-exp layout=serial scna_width=8 seed=figure8_fixed phase=measure iteration=0 checksum=0xffb7e4bf821b0539
FIG8_ATTENTION_HOST_TIMING mode=lut-exp layout=serial variant=pair_static_d8 workers=1 scna_width=8 seed=figure8_fixed mask_mode=full qo_len=8 kv_len=4096 n_heads=12 n_kv_heads=2 head_dim=128 phase=measure iteration=1 host_elapsed_us=1231 ret=0
FIG8_ATTENTION_PROFILE_COUNT mode=lut-exp qo_len=8 phase=measure iteration=1 records=4 max_records=12
FIG8_ATTENTION_WORKERS mode=lut-exp variant=pair_static_d8 qo_len=8 phase=measure iteration=1 requested_workers=1 active_workers=1 hvx_contexts=6 vtcm_worker_cap=8 tasks=4 q_task_rows=4
FIG8_ATTENTION_TIMERS mode=lut-exp layout=serial phase=measure iteration=1 lut_exp=1 scna_layout=0 scna_width=0 qo_len=4 kv_len=4096 n_heads=12 n_kv_heads=2 head_dim=128 kv_head=0 worker=3 profiled_total=219 q_load=1 k_load=68 v_load=81 qk_dot=1 safe_sm=61 scna_exp=0 param_prepare=0 core_acc=5 o_scale=1 o_store=1
FIG8_ATTENTION_TIMERS mode=lut-exp layout=serial phase=measure iteration=1 lut_exp=1 scna_layout=0 scna_width=0 qo_len=4 kv_len=4096 n_heads=12 n_kv_heads=2 head_dim=128 kv_head=1 worker=3 profiled_total=214 q_load=1 k_load=69 v_load=77 qk_dot=1 safe_sm=60 scna_exp=0 param_prepare=0 core_acc=3 o_scale=2 o_store=1
FIG8_ATTENTION_TIMERS mode=lut-exp layout=serial phase=measure iteration=1 lut_exp=1 scna_layout=0 scna_width=0 qo_len=4 kv_len=4096 n_heads=12 n_kv_heads=2 head_dim=128 kv_head=0 worker=3 profiled_total=215 q_load=1 k_load=68 v_load=74 qk_dot=2 safe_sm=61 scna_exp=0 param_prepare=0 core_acc=5 o_scale=2 o_store=2
FIG8_ATTENTION_TIMERS mode=lut-exp layout=serial phase=measure iteration=1 lut_exp=1 scna_layout=0 scna_width=0 qo_len=4 kv_len=4096 n_heads=12 n_kv_heads=2 head_dim=128 kv_head=1 worker=3 profiled_total=211 q_load=1 k_load=68 v_load=73 qk_dot=2 safe_sm=61 scna_exp=0 param_prepare=0 core_acc=3 o_scale=2 o_store=1
FIG8_ATTENTION_EVENT_COUNT mode=lut-exp qo_len=8 phase=measure iteration=1 events=0 max_events=0 overflow=0
FIG8_ATTENTION_CHECKSUM mode=lut-exp layout=serial scna_width=8 seed=figure8_fixed phase=measure iteration=1 checksum=0xffb7e4bf821b0539
FIG8_ATTENTION_HOST_TIMING mode=lut-exp layout=serial variant=pair_static_d8 workers=1 scna_width=8 seed=figure8_fixed mask_mode=full qo_len=8 kv_len=4096 n_heads=12 n_kv_heads=2 head_dim=128 phase=measure iteration=2 host_elapsed_us=1229 ret=0
FIG8_ATTENTION_PROFILE_COUNT mode=lut-exp qo_len=8 phase=measure iteration=2 records=4 max_records=12
FIG8_ATTENTION_WORKERS mode=lut-exp variant=pair_static_d8 qo_len=8 phase=measure iteration=2 requested_workers=1 active_workers=1 hvx_contexts=6 vtcm_worker_cap=8 tasks=4 q_task_rows=4
FIG8_ATTENTION_TIMERS mode=lut-exp layout=serial phase=measure iteration=2 lut_exp=1 scna_layout=0 scna_width=0 qo_len=4 kv_len=4096 n_heads=12 n_kv_heads=2 head_dim=128 kv_head=0 worker=4 profiled_total=218 q_load=1 k_load=68 v_load=81 qk_dot=1 safe_sm=60 scna_exp=0 param_prepare=0 core_acc=5 o_scale=1 o_store=1
FIG8_ATTENTION_TIMERS mode=lut-exp layout=serial phase=measure iteration=2 lut_exp=1 scna_layout=0 scna_width=0 qo_len=4 kv_len=4096 n_heads=12 n_kv_heads=2 head_dim=128 kv_head=1 worker=4 profiled_total=210 q_load=1 k_load=68 v_load=76 qk_dot=2 safe_sm=59 scna_exp=0 param_prepare=0 core_acc=2 o_scale=1 o_store=1
FIG8_ATTENTION_TIMERS mode=lut-exp layout=serial phase=measure iteration=2 lut_exp=1 scna_layout=0 scna_width=0 qo_len=4 kv_len=4096 n_heads=12 n_kv_heads=2 head_dim=128 kv_head=0 worker=4 profiled_total=213 q_load=1 k_load=68 v_load=73 qk_dot=2 safe_sm=61 scna_exp=0 param_prepare=0 core_acc=4 o_scale=2 o_store=2
FIG8_ATTENTION_TIMERS mode=lut-exp layout=serial phase=measure iteration=2 lut_exp=1 scna_layout=0 scna_width=0 qo_len=4 kv_len=4096 n_heads=12 n_kv_heads=2 head_dim=128 kv_head=1 worker=4 profiled_total=213 q_load=1 k_load=68 v_load=74 qk_dot=2 safe_sm=61 scna_exp=0 param_prepare=0 core_acc=4 o_scale=2 o_store=1
FIG8_ATTENTION_EVENT_COUNT mode=lut-exp qo_len=8 phase=measure iteration=2 events=0 max_events=0 overflow=0
FIG8_ATTENTION_CHECKSUM mode=lut-exp layout=serial scna_width=8 seed=figure8_fixed phase=measure iteration=2 checksum=0xffb7e4bf821b0539
