FIG8_ATTENTION_CONFIG mode=baseline layout=serial variant=pair_static_d8 scna_width=8 seed=figure8_fixed mask_mode=full qo_len=1 kv_len=4096 kv_pad_len=4096 n_heads=12 n_kv_heads=2 head_dim=128 warmup=2 iters=3 q_size=6144 kv_size=2097152 mask_size=8192 profile_size=5248 profile_max_records=10 profile_max_events=0 mode_flags=65536 print_events=0 workers=1
FIG8_ATTENTION_HOST_TIMING mode=baseline layout=serial variant=pair_static_d8 workers=1 scna_width=8 seed=figure8_fixed mask_mode=full qo_len=1 kv_len=4096 n_heads=12 n_kv_heads=2 head_dim=128 phase=warmup iteration=0 host_elapsed_us=766 ret=0
FIG8_ATTENTION_PROFILE_COUNT mode=baseline qo_len=1 phase=warmup iteration=0 records=2 max_records=10
FIG8_ATTENTION_WORKERS mode=baseline variant=pair_static_d8 qo_len=1 phase=warmup iteration=0 requested_workers=1 active_workers=1 hvx_contexts=6 vtcm_worker_cap=8 tasks=2 q_task_rows=4
FIG8_ATTENTION_TIMERS mode=baseline layout=serial phase=warmup iteration=0 lut_exp=0 scna_layout=0 scna_width=0 qo_len=1 kv_len=4096 n_heads=12 n_kv_heads=2 head_dim=128 kv_head=0 worker=0 profiled_total=222 q_load=1 k_load=75 v_load=84 qk_dot=2 safe_sm=50 scna_exp=0 param_prepare=0 core_acc=6 o_scale=2 o_store=2
FIG8_ATTENTION_TIMERS mode=baseline layout=serial phase=warmup iteration=0 lut_exp=0 scna_layout=0 scna_width=0 qo_len=1 kv_len=4096 n_heads=12 n_kv_heads=2 head_dim=128 kv_head=1 worker=0 profiled_total=223 q_load=0 k_load=76 v_load=96 qk_dot=1 safe_sm=42 scna_exp=0 param_prepare=0 core_acc=6 o_scale=1 o_store=1
FIG8_ATTENTION_EVENT_COUNT mode=baseline qo_len=1 phase=warmup iteration=0 events=0 max_events=0 overflow=0
FIG8_ATTENTION_CHECKSUM mode=baseline layout=serial scna_width=8 seed=figure8_fixed phase=warmup iteration=0 checksum=0x80034e374f9b666c
FIG8_ATTENTION_HOST_TIMING mode=baseline layout=serial variant=pair_static_d8 workers=1 scna_width=8 seed=figure8_fixed mask_mode=full qo_len=1 kv_len=4096 n_heads=12 n_kv_heads=2 head_dim=128 phase=warmup iteration=1 host_elapsed_us=750 ret=0
FIG8_ATTENTION_PROFILE_COUNT mode=baseline qo_len=1 phase=warmup iteration=1 records=2 max_records=10
FIG8_ATTENTION_WORKERS mode=baseline variant=pair_static_d8 qo_len=1 phase=warmup iteration=1 requested_workers=1 active_workers=1 hvx_contexts=6 vtcm_worker_cap=8 tasks=2 q_task_rows=4
FIG8_ATTENTION_TIMERS mode=baseline layout=serial phase=warmup iteration=1 lut_exp=0 scna_layout=0 scna_width=0 qo_len=1 kv_len=4096 n_heads=12 n_kv_heads=2 head_dim=128 kv_head=0 worker=1 profiled_total=217 q_load=0 k_load=67 v_load=101 qk_dot=2 safe_sm=41 scna_exp=0 param_prepare=0 core_acc=5 o_scale=1 o_store=0
FIG8_ATTENTION_TIMERS mode=baseline layout=serial phase=warmup iteration=1 lut_exp=0 scna_layout=0 scna_width=0 qo_len=1 kv_len=4096 n_heads=12 n_kv_heads=2 head_dim=128 kv_head=1 worker=1 profiled_total=219 q_load=0 k_load=68 v_load=110 qk_dot=1 safe_sm=37 scna_exp=0 param_prepare=0 core_acc=1 o_scale=1 o_store=1
FIG8_ATTENTION_EVENT_COUNT mode=baseline qo_len=1 phase=warmup iteration=1 events=0 max_events=0 overflow=0
FIG8_ATTENTION_CHECKSUM mode=baseline layout=serial scna_width=8 seed=figure8_fixed phase=warmup iteration=1 checksum=0x80034e374f9b666c
FIG8_ATTENTION_HOST_TIMING mode=baseline layout=serial variant=pair_static_d8 workers=1 scna_width=8 seed=figure8_fixed mask_mode=full qo_len=1 kv_len=4096 n_heads=12 n_kv_heads=2 head_dim=128 phase=measure iteration=0 host_elapsed_us=623 ret=0
FIG8_ATTENTION_PROFILE_COUNT mode=baseline qo_len=1 phase=measure iteration=0 records=2 max_records=10
FIG8_ATTENTION_WORKERS mode=baseline variant=pair_static_d8 qo_len=1 phase=measure iteration=0 requested_workers=1 active_workers=1 hvx_contexts=6 vtcm_worker_cap=8 tasks=2 q_task_rows=4
FIG8_ATTENTION_TIMERS mode=baseline layout=serial phase=measure iteration=0 lut_exp=0 scna_layout=0 scna_width=0 qo_len=1 kv_len=4096 n_heads=12 n_kv_heads=2 head_dim=128 kv_head=0 worker=2 profiled_total=174 q_load=0 k_load=64 v_load=68 qk_dot=1 safe_sm=37 scna_exp=0 param_prepare=0 core_acc=3 o_scale=1 o_store=0
FIG8_ATTENTION_TIMERS mode=baseline layout=serial phase=measure iteration=0 lut_exp=0 scna_layout=0 scna_width=0 qo_len=1 kv_len=4096 n_heads=12 n_kv_heads=2 head_dim=128 kv_head=1 worker=2 profiled_total=209 q_load=0 k_load=68 v_load=99 qk_dot=1 safe_sm=37 scna_exp=0 param_prepare=0 core_acc=2 o_scale=1 o_store=1
FIG8_ATTENTION_EVENT_COUNT mode=baseline qo_len=1 phase=measure iteration=0 events=0 max_events=0 overflow=0
FIG8_ATTENTION_CHECKSUM mode=baseline layout=serial scna_width=8 seed=figure8_fixed phase=measure iteration=0 checksum=0x80034e374f9b666c
FIG8_ATTENTION_HOST_TIMING mode=baseline layout=serial variant=pair_static_d8 workers=1 scna_width=8 seed=figure8_fixed mask_mode=full qo_len=1 kv_len=4096 n_heads=12 n_kv_heads=2 head_dim=128 phase=measure iteration=1 host_elapsed_us=637 ret=0
FIG8_ATTENTION_PROFILE_COUNT mode=baseline qo_len=1 phase=measure iteration=1 records=2 max_records=10
FIG8_ATTENTION_WORKERS mode=baseline variant=pair_static_d8 qo_len=1 phase=measure iteration=1 requested_workers=1 active_workers=1 hvx_contexts=6 vtcm_worker_cap=8 tasks=2 q_task_rows=4
FIG8_ATTENTION_TIMERS mode=baseline layout=serial phase=measure iteration=1 lut_exp=0 scna_layout=0 scna_width=0 qo_len=1 kv_len=4096 n_heads=12 n_kv_heads=2 head_dim=128 kv_head=0 worker=3 profiled_total=196 q_load=0 k_load=68 v_load=85 qk_dot=1 safe_sm=39 scna_exp=0 param_prepare=0 core_acc=2 o_scale=1 o_store=0
FIG8_ATTENTION_TIMERS mode=baseline layout=serial phase=measure iteration=1 lut_exp=0 scna_layout=0 scna_width=0 qo_len=1 kv_len=4096 n_heads=12 n_kv_heads=2 head_dim=128 kv_head=1 worker=3 profiled_total=188 q_load=0 k_load=67 v_load=79 qk_dot=1 safe_sm=37 scna_exp=0 param_prepare=0 core_acc=2 o_scale=1 o_store=1
FIG8_ATTENTION_EVENT_COUNT mode=baseline qo_len=1 phase=measure iteration=1 events=0 max_events=0 overflow=0
FIG8_ATTENTION_CHECKSUM mode=baseline layout=serial scna_width=8 seed=figure8_fixed phase=measure iteration=1 checksum=0x80034e374f9b666c
FIG8_ATTENTION_HOST_TIMING mode=baseline layout=serial variant=pair_static_d8 workers=1 scna_width=8 seed=figure8_fixed mask_mode=full qo_len=1 kv_len=4096 n_heads=12 n_kv_heads=2 head_dim=128 phase=measure iteration=2 host_elapsed_us=632 ret=0
FIG8_ATTENTION_PROFILE_COUNT mode=baseline qo_len=1 phase=measure iteration=2 records=2 max_records=10
FIG8_ATTENTION_WORKERS mode=baseline variant=pair_static_d8 qo_len=1 phase=measure iteration=2 requested_workers=1 active_workers=1 hvx_contexts=6 vtcm_worker_cap=8 tasks=2 q_task_rows=4
FIG8_ATTENTION_TIMERS mode=baseline layout=serial phase=measure iteration=2 lut_exp=0 scna_layout=0 scna_width=0 qo_len=1 kv_len=4096 n_heads=12 n_kv_heads=2 head_dim=128 kv_head=0 worker=4 profiled_total=190 q_load=0 k_load=67 v_load=81 qk_dot=1 safe_sm=38 scna_exp=0 param_prepare=0 core_acc=2 o_scale=1 o_store=0
FIG8_ATTENTION_TIMERS mode=baseline layout=serial phase=measure iteration=2 lut_exp=0 scna_layout=0 scna_width=0 qo_len=1 kv_len=4096 n_heads=12 n_kv_heads=2 head_dim=128 kv_head=1 worker=4 profiled_total=190 q_load=0 k_load=66 v_load=82 qk_dot=1 safe_sm=37 scna_exp=0 param_prepare=0 core_acc=2 o_scale=1 o_store=1
FIG8_ATTENTION_EVENT_COUNT mode=baseline qo_len=1 phase=measure iteration=2 events=0 max_events=0 overflow=0
FIG8_ATTENTION_CHECKSUM mode=baseline layout=serial scna_width=8 seed=figure8_fixed phase=measure iteration=2 checksum=0x80034e374f9b666c
