FIG8_ATTENTION_CONFIG mode=scna-fp16 layout=serial variant=pair_static_d8 scna_width=8 seed=20260810 mask_mode=causal qo_len=4 kv_len=4093 kv_pad_len=4096 n_heads=12 n_kv_heads=2 head_dim=128 warmup=1 iters=1 q_size=24576 kv_size=2095616 mask_size=32768 profile_size=5760 profile_max_records=10 profile_max_events=0 mode_flags=68692 print_events=0 workers=1 fixture=/data/local/tmp/stage25_softmax_v79/fixture.bin full_mask_fastpath=0
FIG8_ATTENTION_HOST_TIMING mode=scna-fp16 layout=serial variant=pair_static_d8 workers=1 scna_width=8 seed=20260810 mask_mode=causal qo_len=4 kv_len=4093 n_heads=12 n_kv_heads=2 head_dim=128 phase=warmup iteration=0 host_elapsed_us=1271 ret=0
FIG8_ATTENTION_PROFILE_COUNT mode=scna-fp16 qo_len=4 phase=warmup iteration=0 records=2 max_records=10
FIG8_ATTENTION_WORKERS mode=scna-fp16 variant=pair_static_d8 qo_len=4 phase=warmup iteration=0 requested_workers=1 active_workers=1 hvx_contexts=6 vtcm_worker_cap=8 tasks=2 q_task_rows=4
FIG8_ATTENTION_TIMERS mode=scna-fp16 layout=serial phase=warmup iteration=0 lut_exp=0 scna_layout=0 scna_width=8 qo_len=4 kv_len=4093 n_heads=12 n_kv_heads=2 head_dim=128 kv_head=0 worker=0 profiled_total=683 q_load=2 k_load=74 v_load=101 qk_dot=3 safe_sm=495 scna_exp=455 state_update=0 rowmax_mem=0 rowsum_reduce=0 rowmax_mem_ticks=0 rowsum_reduce_ticks=0 state_update_ticks=0 param_prepare=0 core_acc=3 o_scale=2 o_store=3
FIG8_NUMERIC seed=20260810 mode=scna-fp16 layout=serial kv_head=0 worker=0 qk0_bits=0xb8af rowmax0_bits=0x3a38 rowsum0_bits=0x634d l0_bits=0x634d core_o0_bits=0xc95f inv_l0_bits=0xd90 scaled_o0_bits=0x9c1c p0_first_bits=0x39c1 p0_last_bits=0x0 sum0_first_bits=0x43e9c281 sum0_last_bits=0x43e99581 masked_p_nonzero=0 tail_p_nonzero=0 scna_clamp_count=0 score_count=4090 centered_score_min=-1.56787109 centered_score_max=0 final_m0_bits=0x3a9e final_l0_bits=0x69b6 final_core_o0_bits=0xc9e9 p_expected_sum_bits=0x4514a2d2 p_max_abs_error_bits=0x3e1c8396
FIG8_NUMERIC_BLOCK seed=20260810 mode=scna-fp16 layout=serial kv_head=0 block=0 m0_bits=0x3a38 rowsum0_bits=0x634d l0_bits=0x634d p_scalar_sum_bits=0x4469b1c0 reduction_min_bits=0x43e8d861 reduction_max_bits=0x43ea75f1
FIG8_NUMERIC_BLOCK seed=20260810 mode=scna-fp16 layout=serial kv_head=0 block=1 m0_bits=0x3a4d rowsum0_bits=0x633c l0_bits=0x6741 p_scalar_sum_bits=0x4467956c reduction_min_bits=0x43e5e921 reduction_max_bits=0x43e92a61
FIG8_NUMERIC_BLOCK seed=20260810 mode=scna-fp16 layout=serial kv_head=0 block=2 m0_bits=0x3a9e rowsum0_bits=0x631f l0_bits=0x695c p_scalar_sum_bits=0x4463da18 reduction_min_bits=0x43e1bee1 reduction_max_bits=0x43e5deb1
FIG8_NUMERIC_BLOCK seed=20260810 mode=scna-fp16 layout=serial kv_head=0 block=3 m0_bits=0x3a9e rowsum0_bits=0x599e l0_bits=0x69b6 p_scalar_sum_bits=0x43325480 reduction_min_bits=0x42ad2241 reduction_max_bits=0x42b775c1
FIG8_NUMERIC_QK8 seed=20260810 mode=scna-fp16 layout=serial kv_head=0 bits=0xb8af,0xad4e,0x2df0,0xaa9f,0xac0b,0xb47d,0xb4fe,0xb267
FIG8_NUMERIC_P8 seed=20260810 mode=scna-fp16 layout=serial kv_head=0 centered_bits=0xbd74,0xbae2,0xb97a,0xbaa2,0xbab9,0xbc3b,0xbc5c,0xbbd2 p_bits=0x3836,0x399b,0x3a18,0x39b2,0x39aa,0x390f,0x38f8,0x3948
FIG8_ATTENTION_TIMERS mode=scna-fp16 layout=serial phase=warmup iteration=0 lut_exp=0 scna_layout=0 scna_width=8 qo_len=4 kv_len=4093 n_heads=12 n_kv_heads=2 head_dim=128 kv_head=1 worker=0 profiled_total=307 q_load=1 k_load=76 v_load=108 qk_dot=2 safe_sm=113 scna_exp=69 state_update=0 rowmax_mem=0 rowsum_reduce=0 rowmax_mem_ticks=0 rowsum_reduce_ticks=0 state_update_ticks=0 param_prepare=0 core_acc=4 o_scale=1 o_store=2
FIG8_NUMERIC seed=20260810 mode=scna-fp16 layout=serial kv_head=1 worker=0 qk0_bits=0x0 rowmax0_bits=0x0 rowsum0_bits=0x0 l0_bits=0x0 core_o0_bits=0x0 inv_l0_bits=0x0 scaled_o0_bits=0x0 p0_first_bits=0x0 p0_last_bits=0x0 sum0_first_bits=0x0 sum0_last_bits=0x0 masked_p_nonzero=0 tail_p_nonzero=0 scna_clamp_count=0 score_count=0 centered_score_min=0 centered_score_max=0 final_m0_bits=0x0 final_l0_bits=0x0 final_core_o0_bits=0x0 p_expected_sum_bits=0x0 p_max_abs_error_bits=0x0
FIG8_NUMERIC_QK8 seed=20260810 mode=scna-fp16 layout=serial kv_head=1 bits=0x0,0x0,0x0,0x0,0x0,0x0,0x0,0x0
FIG8_NUMERIC_P8 seed=20260810 mode=scna-fp16 layout=serial kv_head=1 centered_bits=0x0,0x0,0x0,0x0,0x0,0x0,0x0,0x0 p_bits=0x0,0x0,0x0,0x0,0x0,0x0,0x0,0x0
FIG8_ATTENTION_EVENT_COUNT mode=scna-fp16 qo_len=4 phase=warmup iteration=0 events=0 max_events=0 overflow=0
FIG8_ATTENTION_CHECKSUM mode=scna-fp16 layout=serial scna_width=8 seed=20260810 phase=warmup iteration=0 checksum=0xe6f3df7a658b1db7
FIG8_ATTENTION_HOST_TIMING mode=scna-fp16 layout=serial variant=pair_static_d8 workers=1 scna_width=8 seed=20260810 mask_mode=causal qo_len=4 kv_len=4093 n_heads=12 n_kv_heads=2 head_dim=128 phase=measure iteration=0 host_elapsed_us=1136 ret=0
FIG8_ATTENTION_PROFILE_COUNT mode=scna-fp16 qo_len=4 phase=measure iteration=0 records=2 max_records=10
FIG8_ATTENTION_WORKERS mode=scna-fp16 variant=pair_static_d8 qo_len=4 phase=measure iteration=0 requested_workers=1 active_workers=1 hvx_contexts=6 vtcm_worker_cap=8 tasks=2 q_task_rows=4
FIG8_ATTENTION_TIMERS mode=scna-fp16 layout=serial phase=measure iteration=0 lut_exp=0 scna_layout=0 scna_width=8 qo_len=4 kv_len=4093 n_heads=12 n_kv_heads=2 head_dim=128 kv_head=0 worker=1 profiled_total=651 q_load=1 k_load=67 v_load=86 qk_dot=1 safe_sm=491 scna_exp=453 state_update=0 rowmax_mem=0 rowsum_reduce=0 rowmax_mem_ticks=0 rowsum_reduce_ticks=0 state_update_ticks=0 param_prepare=0 core_acc=2 o_scale=1 o_store=2
FIG8_NUMERIC seed=20260810 mode=scna-fp16 layout=serial kv_head=0 worker=1 qk0_bits=0xb8af rowmax0_bits=0x3a38 rowsum0_bits=0x634d l0_bits=0x634d core_o0_bits=0xc95f inv_l0_bits=0xd90 scaled_o0_bits=0x9c1c p0_first_bits=0x39c1 p0_last_bits=0x0 sum0_first_bits=0x43e9c281 sum0_last_bits=0x43e99581 masked_p_nonzero=0 tail_p_nonzero=0 scna_clamp_count=0 score_count=4090 centered_score_min=-1.56787109 centered_score_max=0 final_m0_bits=0x3a9e final_l0_bits=0x69b6 final_core_o0_bits=0xc9e9 p_expected_sum_bits=0x4514a2d2 p_max_abs_error_bits=0x3e1c8396
FIG8_NUMERIC_BLOCK seed=20260810 mode=scna-fp16 layout=serial kv_head=0 block=0 m0_bits=0x3a38 rowsum0_bits=0x634d l0_bits=0x634d p_scalar_sum_bits=0x4469b1c0 reduction_min_bits=0x43e8d861 reduction_max_bits=0x43ea75f1
FIG8_NUMERIC_BLOCK seed=20260810 mode=scna-fp16 layout=serial kv_head=0 block=1 m0_bits=0x3a4d rowsum0_bits=0x633c l0_bits=0x6741 p_scalar_sum_bits=0x4467956c reduction_min_bits=0x43e5e921 reduction_max_bits=0x43e92a61
FIG8_NUMERIC_BLOCK seed=20260810 mode=scna-fp16 layout=serial kv_head=0 block=2 m0_bits=0x3a9e rowsum0_bits=0x631f l0_bits=0x695c p_scalar_sum_bits=0x4463da18 reduction_min_bits=0x43e1bee1 reduction_max_bits=0x43e5deb1
FIG8_NUMERIC_BLOCK seed=20260810 mode=scna-fp16 layout=serial kv_head=0 block=3 m0_bits=0x3a9e rowsum0_bits=0x599e l0_bits=0x69b6 p_scalar_sum_bits=0x43325480 reduction_min_bits=0x42ad2241 reduction_max_bits=0x42b775c1
FIG8_NUMERIC_QK8 seed=20260810 mode=scna-fp16 layout=serial kv_head=0 bits=0xb8af,0xad4e,0x2df0,0xaa9f,0xac0b,0xb47d,0xb4fe,0xb267
FIG8_NUMERIC_P8 seed=20260810 mode=scna-fp16 layout=serial kv_head=0 centered_bits=0xbd74,0xbae2,0xb97a,0xbaa2,0xbab9,0xbc3b,0xbc5c,0xbbd2 p_bits=0x3836,0x399b,0x3a18,0x39b2,0x39aa,0x390f,0x38f8,0x3948
FIG8_ATTENTION_TIMERS mode=scna-fp16 layout=serial phase=measure iteration=0 lut_exp=0 scna_layout=0 scna_width=8 qo_len=4 kv_len=4093 n_heads=12 n_kv_heads=2 head_dim=128 kv_head=1 worker=1 profiled_total=261 q_load=1 k_load=66 v_load=81 qk_dot=2 safe_sm=107 scna_exp=65 state_update=0 rowmax_mem=0 rowsum_reduce=0 rowmax_mem_ticks=0 rowsum_reduce_ticks=0 state_update_ticks=0 param_prepare=0 core_acc=1 o_scale=1 o_store=2
FIG8_NUMERIC seed=20260810 mode=scna-fp16 layout=serial kv_head=1 worker=1 qk0_bits=0x0 rowmax0_bits=0x0 rowsum0_bits=0x0 l0_bits=0x0 core_o0_bits=0x0 inv_l0_bits=0x0 scaled_o0_bits=0x0 p0_first_bits=0x0 p0_last_bits=0x0 sum0_first_bits=0x0 sum0_last_bits=0x0 masked_p_nonzero=0 tail_p_nonzero=0 scna_clamp_count=0 score_count=0 centered_score_min=0 centered_score_max=0 final_m0_bits=0x0 final_l0_bits=0x0 final_core_o0_bits=0x0 p_expected_sum_bits=0x0 p_max_abs_error_bits=0x0
FIG8_NUMERIC_QK8 seed=20260810 mode=scna-fp16 layout=serial kv_head=1 bits=0x0,0x0,0x0,0x0,0x0,0x0,0x0,0x0
FIG8_NUMERIC_P8 seed=20260810 mode=scna-fp16 layout=serial kv_head=1 centered_bits=0x0,0x0,0x0,0x0,0x0,0x0,0x0,0x0 p_bits=0x0,0x0,0x0,0x0,0x0,0x0,0x0,0x0
FIG8_ATTENTION_EVENT_COUNT mode=scna-fp16 qo_len=4 phase=measure iteration=0 events=0 max_events=0 overflow=0
FIG8_ATTENTION_CHECKSUM mode=scna-fp16 layout=serial scna_width=8 seed=20260810 phase=measure iteration=0 checksum=0xe6f3df7a658b1db7
FIG8_ATTENTION_REFERENCE_TIMING reference_mode=host-fp32 qo_len=4 kv_len=4093 n_heads=12 n_kv_heads=2 head_dim=128 elapsed_us=80072 ret=0
FIG8_ATTENTION_COMPARE candidate_mode=scna-fp16 layout=serial scna_width=8 reference_mode=host-fp32 seed=20260810 mask_mode=causal qo_len=4 kv_len=4093 n_heads=12 n_kv_heads=2 head_dim=128 elements=6144 rmse=0.000242324735 relative_l2=0.0540294386 max_abs_error=0.000971527305 candidate_nonfinite=0 reference_nonfinite=0 rmse_limit=0.002 max_abs_limit=0.01 pass=1
FIG8_ATTENTION_COMPARE_HEAD seed=20260810 mode=scna-fp16 layout=serial head=0 rmse=0.000220658869 max_abs_error=0.000731478445 candidate_first=-0.00401306106 reference_first=-0.00410108175
FIG8_ATTENTION_COMPARE_HEAD seed=20260810 mode=scna-fp16 layout=serial head=1 rmse=0.000242715629 max_abs_error=0.000712468289 candidate_first=-0.00362014747 reference_first=-0.00338724256
FIG8_ATTENTION_COMPARE_HEAD seed=20260810 mode=scna-fp16 layout=serial head=2 rmse=0.000244228751 max_abs_error=0.000739865238 candidate_first=-0.00431823684 reference_first=-0.00452769594
FIG8_ATTENTION_COMPARE_HEAD seed=20260810 mode=scna-fp16 layout=serial head=3 rmse=0.000243716131 max_abs_error=0.000901312102 candidate_first=-0.00463867141 reference_first=-0.00505782338
FIG8_ATTENTION_COMPARE_HEAD seed=20260810 mode=scna-fp16 layout=serial head=4 rmse=0.00024647903 max_abs_error=0.000904231798 candidate_first=-0.004379272 reference_first=-0.00465298863
FIG8_ATTENTION_COMPARE_HEAD seed=20260810 mode=scna-fp16 layout=serial head=5 rmse=0.000240636553 max_abs_error=0.000812977552 candidate_first=-0.00393676711 reference_first=-0.00396757387
FIG8_ATTENTION_COMPARE_HEAD seed=20260810 mode=scna-fp16 layout=serial head=6 rmse=0.000233618921 max_abs_error=0.000671970658 candidate_first=4.85181881e-05 reference_first=-8.92819007e-05
FIG8_ATTENTION_COMPARE_HEAD seed=20260810 mode=scna-fp16 layout=serial head=7 rmse=0.00023055941 max_abs_error=0.000804309268 candidate_first=0.00133514416 reference_first=0.00180047541
FIG8_ATTENTION_COMPARE_HEAD seed=20260810 mode=scna-fp16 layout=serial head=8 rmse=0.000243409682 max_abs_error=0.000777078443 candidate_first=0.000256061583 reference_first=0.000441251788
FIG8_ATTENTION_COMPARE_HEAD seed=20260810 mode=scna-fp16 layout=serial head=9 rmse=0.000243412374 max_abs_error=0.000869043171 candidate_first=0.000719070493 reference_first=0.000936775468
FIG8_ATTENTION_COMPARE_HEAD seed=20260810 mode=scna-fp16 layout=serial head=10 rmse=0.00026711906 max_abs_error=0.000971527305 candidate_first=0.000663757382 reference_first=0.000655699521
FIG8_ATTENTION_COMPARE_HEAD seed=20260810 mode=scna-fp16 layout=serial head=11 rmse=0.000248525874 max_abs_error=0.000741577591 candidate_first=0.00116348278 reference_first=0.00146957859
