FIG8_ATTENTION_CONFIG mode=baseline layout=serial variant=pair_static_d8 scna_width=8 seed=figure8_fixed mask_mode=full qo_len=16 kv_len=4096 kv_pad_len=4096 n_heads=12 n_kv_heads=2 head_dim=128 warmup=2 iters=3 q_size=98304 kv_size=2097152 mask_size=131072 profile_size=8448 profile_max_records=16 profile_max_events=0 mode_flags=65536 print_events=0 workers=1
FIG8_ATTENTION_HOST_TIMING mode=baseline layout=serial variant=pair_static_d8 workers=1 scna_width=8 seed=figure8_fixed mask_mode=full qo_len=16 kv_len=4096 n_heads=12 n_kv_heads=2 head_dim=128 phase=warmup iteration=0 host_elapsed_us=2892 ret=0
FIG8_ATTENTION_PROFILE_COUNT mode=baseline qo_len=16 phase=warmup iteration=0 records=8 max_records=16
FIG8_ATTENTION_WORKERS mode=baseline variant=pair_static_d8 qo_len=16 phase=warmup iteration=0 requested_workers=1 active_workers=1 hvx_contexts=6 vtcm_worker_cap=8 tasks=8 q_task_rows=4
FIG8_ATTENTION_TIMERS mode=baseline layout=serial phase=warmup iteration=0 lut_exp=0 scna_layout=0 scna_width=0 qo_len=4 kv_len=4096 n_heads=12 n_kv_heads=2 head_dim=128 kv_head=0 worker=0 profiled_total=327 q_load=2 k_load=82 v_load=88 qk_dot=3 safe_sm=137 scna_exp=0 state_update=0 param_prepare=0 core_acc=8 o_scale=4 o_store=3
FIG8_ATTENTION_TIMERS mode=baseline layout=serial phase=warmup iteration=0 lut_exp=0 scna_layout=0 scna_width=0 qo_len=4 kv_len=4096 n_heads=12 n_kv_heads=2 head_dim=128 kv_head=1 worker=0 profiled_total=316 q_load=2 k_load=79 v_load=91 qk_dot=2 safe_sm=130 scna_exp=0 state_update=0 param_prepare=0 core_acc=8 o_scale=2 o_store=2
FIG8_ATTENTION_TIMERS mode=baseline layout=serial phase=warmup iteration=0 lut_exp=0 scna_layout=0 scna_width=0 qo_len=4 kv_len=4096 n_heads=12 n_kv_heads=2 head_dim=128 kv_head=0 worker=0 profiled_total=278 q_load=1 k_load=70 v_load=83 qk_dot=1 safe_sm=114 scna_exp=0 state_update=0 param_prepare=0 core_acc=5 o_scale=2 o_store=2
FIG8_ATTENTION_TIMERS mode=baseline layout=serial phase=warmup iteration=0 lut_exp=0 scna_layout=0 scna_width=0 qo_len=4 kv_len=4096 n_heads=12 n_kv_heads=2 head_dim=128 kv_head=1 worker=0 profiled_total=275 q_load=1 k_load=68 v_load=84 qk_dot=2 safe_sm=113 scna_exp=0 state_update=0 param_prepare=0 core_acc=3 o_scale=2 o_store=2
FIG8_ATTENTION_TIMERS mode=baseline layout=serial phase=warmup iteration=0 lut_exp=0 scna_layout=0 scna_width=0 qo_len=4 kv_len=4096 n_heads=12 n_kv_heads=2 head_dim=128 kv_head=0 worker=0 profiled_total=271 q_load=1 k_load=70 v_load=78 qk_dot=1 safe_sm=113 scna_exp=0 state_update=0 param_prepare=0 core_acc=3 o_scale=2 o_store=3
FIG8_ATTENTION_TIMERS mode=baseline layout=serial phase=warmup iteration=0 lut_exp=0 scna_layout=0 scna_width=0 qo_len=4 kv_len=4096 n_heads=12 n_kv_heads=2 head_dim=128 kv_head=1 worker=0 profiled_total=272 q_load=1 k_load=70 v_load=78 qk_dot=2 safe_sm=113 scna_exp=0 state_update=0 param_prepare=0 core_acc=4 o_scale=2 o_store=2
FIG8_ATTENTION_TIMERS mode=baseline layout=serial phase=warmup iteration=0 lut_exp=0 scna_layout=0 scna_width=0 qo_len=4 kv_len=4096 n_heads=12 n_kv_heads=2 head_dim=128 kv_head=0 worker=0 profiled_total=272 q_load=1 k_load=68 v_load=79 qk_dot=1 safe_sm=114 scna_exp=0 state_update=0 param_prepare=0 core_acc=4 o_scale=2 o_store=3
FIG8_ATTENTION_TIMERS mode=baseline layout=serial phase=warmup iteration=0 lut_exp=0 scna_layout=0 scna_width=0 qo_len=4 kv_len=4096 n_heads=12 n_kv_heads=2 head_dim=128 kv_head=1 worker=0 profiled_total=274 q_load=1 k_load=68 v_load=80 qk_dot=2 safe_sm=114 scna_exp=0 state_update=0 param_prepare=0 core_acc=5 o_scale=2 o_store=2
FIG8_ATTENTION_EVENT_COUNT mode=baseline qo_len=16 phase=warmup iteration=0 events=0 max_events=0 overflow=0
FIG8_ATTENTION_CHECKSUM mode=baseline layout=serial scna_width=8 seed=figure8_fixed phase=warmup iteration=0 checksum=0x567c45cafbc5cbfd
FIG8_ATTENTION_HOST_TIMING mode=baseline layout=serial variant=pair_static_d8 workers=1 scna_width=8 seed=figure8_fixed mask_mode=full qo_len=16 kv_len=4096 n_heads=12 n_kv_heads=2 head_dim=128 phase=warmup iteration=1 host_elapsed_us=2765 ret=0
FIG8_ATTENTION_PROFILE_COUNT mode=baseline qo_len=16 phase=warmup iteration=1 records=8 max_records=16
FIG8_ATTENTION_WORKERS mode=baseline variant=pair_static_d8 qo_len=16 phase=warmup iteration=1 requested_workers=1 active_workers=1 hvx_contexts=6 vtcm_worker_cap=8 tasks=8 q_task_rows=4
FIG8_ATTENTION_TIMERS mode=baseline layout=serial phase=warmup iteration=1 lut_exp=0 scna_layout=0 scna_width=0 qo_len=4 kv_len=4096 n_heads=12 n_kv_heads=2 head_dim=128 kv_head=0 worker=1 profiled_total=278 q_load=1 k_load=69 v_load=81 qk_dot=2 safe_sm=115 scna_exp=0 state_update=0 param_prepare=0 core_acc=6 o_scale=2 o_store=2
FIG8_ATTENTION_TIMERS mode=baseline layout=serial phase=warmup iteration=1 lut_exp=0 scna_layout=0 scna_width=0 qo_len=4 kv_len=4096 n_heads=12 n_kv_heads=2 head_dim=128 kv_head=1 worker=1 profiled_total=270 q_load=1 k_load=70 v_load=80 qk_dot=1 safe_sm=112 scna_exp=0 state_update=0 param_prepare=0 core_acc=3 o_scale=1 o_store=2
FIG8_ATTENTION_TIMERS mode=baseline layout=serial phase=warmup iteration=1 lut_exp=0 scna_layout=0 scna_width=0 qo_len=4 kv_len=4096 n_heads=12 n_kv_heads=2 head_dim=128 kv_head=0 worker=1 profiled_total=270 q_load=1 k_load=70 v_load=78 qk_dot=1 safe_sm=113 scna_exp=0 state_update=0 param_prepare=0 core_acc=3 o_scale=2 o_store=2
FIG8_ATTENTION_TIMERS mode=baseline layout=serial phase=warmup iteration=1 lut_exp=0 scna_layout=0 scna_width=0 qo_len=4 kv_len=4096 n_heads=12 n_kv_heads=2 head_dim=128 kv_head=1 worker=1 profiled_total=271 q_load=1 k_load=68 v_load=77 qk_dot=2 safe_sm=114 scna_exp=0 state_update=0 param_prepare=0 core_acc=6 o_scale=1 o_store=2
FIG8_ATTENTION_TIMERS mode=baseline layout=serial phase=warmup iteration=1 lut_exp=0 scna_layout=0 scna_width=0 qo_len=4 kv_len=4096 n_heads=12 n_kv_heads=2 head_dim=128 kv_head=0 worker=1 profiled_total=266 q_load=1 k_load=69 v_load=78 qk_dot=1 safe_sm=112 scna_exp=0 state_update=0 param_prepare=0 core_acc=2 o_scale=2 o_store=1
FIG8_ATTENTION_TIMERS mode=baseline layout=serial phase=warmup iteration=1 lut_exp=0 scna_layout=0 scna_width=0 qo_len=4 kv_len=4096 n_heads=12 n_kv_heads=2 head_dim=128 kv_head=1 worker=1 profiled_total=271 q_load=1 k_load=69 v_load=77 qk_dot=2 safe_sm=113 scna_exp=0 state_update=0 param_prepare=0 core_acc=5 o_scale=2 o_store=2
FIG8_ATTENTION_TIMERS mode=baseline layout=serial phase=warmup iteration=1 lut_exp=0 scna_layout=0 scna_width=0 qo_len=4 kv_len=4096 n_heads=12 n_kv_heads=2 head_dim=128 kv_head=0 worker=1 profiled_total=266 q_load=1 k_load=68 v_load=74 qk_dot=1 safe_sm=114 scna_exp=0 state_update=0 param_prepare=0 core_acc=4 o_scale=2 o_store=2
FIG8_ATTENTION_TIMERS mode=baseline layout=serial phase=warmup iteration=1 lut_exp=0 scna_layout=0 scna_width=0 qo_len=4 kv_len=4096 n_heads=12 n_kv_heads=2 head_dim=128 kv_head=1 worker=1 profiled_total=269 q_load=1 k_load=66 v_load=78 qk_dot=2 safe_sm=114 scna_exp=0 state_update=0 param_prepare=0 core_acc=4 o_scale=2 o_store=2
FIG8_ATTENTION_EVENT_COUNT mode=baseline qo_len=16 phase=warmup iteration=1 events=0 max_events=0 overflow=0
FIG8_ATTENTION_CHECKSUM mode=baseline layout=serial scna_width=8 seed=figure8_fixed phase=warmup iteration=1 checksum=0x567c45cafbc5cbfd
FIG8_ATTENTION_HOST_TIMING mode=baseline layout=serial variant=pair_static_d8 workers=1 scna_width=8 seed=figure8_fixed mask_mode=full qo_len=16 kv_len=4096 n_heads=12 n_kv_heads=2 head_dim=128 phase=measure iteration=0 host_elapsed_us=2743 ret=0
FIG8_ATTENTION_PROFILE_COUNT mode=baseline qo_len=16 phase=measure iteration=0 records=8 max_records=16
FIG8_ATTENTION_WORKERS mode=baseline variant=pair_static_d8 qo_len=16 phase=measure iteration=0 requested_workers=1 active_workers=1 hvx_contexts=6 vtcm_worker_cap=8 tasks=8 q_task_rows=4
FIG8_ATTENTION_TIMERS mode=baseline layout=serial phase=measure iteration=0 lut_exp=0 scna_layout=0 scna_width=0 qo_len=4 kv_len=4096 n_heads=12 n_kv_heads=2 head_dim=128 kv_head=0 worker=2 profiled_total=276 q_load=1 k_load=68 v_load=86 qk_dot=1 safe_sm=113 scna_exp=0 state_update=0 param_prepare=0 core_acc=3 o_scale=2 o_store=2
FIG8_ATTENTION_TIMERS mode=baseline layout=serial phase=measure iteration=0 lut_exp=0 scna_layout=0 scna_width=0 qo_len=4 kv_len=4096 n_heads=12 n_kv_heads=2 head_dim=128 kv_head=1 worker=2 profiled_total=270 q_load=1 k_load=69 v_load=78 qk_dot=1 safe_sm=113 scna_exp=0 state_update=0 param_prepare=0 core_acc=4 o_scale=2 o_store=2
FIG8_ATTENTION_TIMERS mode=baseline layout=serial phase=measure iteration=0 lut_exp=0 scna_layout=0 scna_width=0 qo_len=4 kv_len=4096 n_heads=12 n_kv_heads=2 head_dim=128 kv_head=0 worker=2 profiled_total=266 q_load=1 k_load=69 v_load=76 qk_dot=1 safe_sm=113 scna_exp=0 state_update=0 param_prepare=0 core_acc=3 o_scale=1 o_store=2
FIG8_ATTENTION_TIMERS mode=baseline layout=serial phase=measure iteration=0 lut_exp=0 scna_layout=0 scna_width=0 qo_len=4 kv_len=4096 n_heads=12 n_kv_heads=2 head_dim=128 kv_head=1 worker=2 profiled_total=267 q_load=1 k_load=68 v_load=76 qk_dot=2 safe_sm=113 scna_exp=0 state_update=0 param_prepare=0 core_acc=4 o_scale=1 o_store=2
FIG8_ATTENTION_TIMERS mode=baseline layout=serial phase=measure iteration=0 lut_exp=0 scna_layout=0 scna_width=0 qo_len=4 kv_len=4096 n_heads=12 n_kv_heads=2 head_dim=128 kv_head=0 worker=2 profiled_total=266 q_load=1 k_load=69 v_load=75 qk_dot=1 safe_sm=112 scna_exp=0 state_update=0 param_prepare=0 core_acc=5 o_scale=2 o_store=1
FIG8_ATTENTION_TIMERS mode=baseline layout=serial phase=measure iteration=0 lut_exp=0 scna_layout=0 scna_width=0 qo_len=4 kv_len=4096 n_heads=12 n_kv_heads=2 head_dim=128 kv_head=1 worker=2 profiled_total=268 q_load=1 k_load=68 v_load=78 qk_dot=2 safe_sm=112 scna_exp=0 state_update=0 param_prepare=0 core_acc=4 o_scale=1 o_store=2
FIG8_ATTENTION_TIMERS mode=baseline layout=serial phase=measure iteration=0 lut_exp=0 scna_layout=0 scna_width=0 qo_len=4 kv_len=4096 n_heads=12 n_kv_heads=2 head_dim=128 kv_head=0 worker=2 profiled_total=265 q_load=1 k_load=68 v_load=73 qk_dot=1 safe_sm=114 scna_exp=0 state_update=0 param_prepare=0 core_acc=4 o_scale=2 o_store=2
FIG8_ATTENTION_TIMERS mode=baseline layout=serial phase=measure iteration=0 lut_exp=0 scna_layout=0 scna_width=0 qo_len=4 kv_len=4096 n_heads=12 n_kv_heads=2 head_dim=128 kv_head=1 worker=2 profiled_total=267 q_load=1 k_load=67 v_load=74 qk_dot=2 safe_sm=114 scna_exp=0 state_update=0 param_prepare=0 core_acc=5 o_scale=2 o_store=2
FIG8_ATTENTION_EVENT_COUNT mode=baseline qo_len=16 phase=measure iteration=0 events=0 max_events=0 overflow=0
FIG8_ATTENTION_CHECKSUM mode=baseline layout=serial scna_width=8 seed=figure8_fixed phase=measure iteration=0 checksum=0x567c45cafbc5cbfd
FIG8_ATTENTION_HOST_TIMING mode=baseline layout=serial variant=pair_static_d8 workers=1 scna_width=8 seed=figure8_fixed mask_mode=full qo_len=16 kv_len=4096 n_heads=12 n_kv_heads=2 head_dim=128 phase=measure iteration=1 host_elapsed_us=2688 ret=0
FIG8_ATTENTION_PROFILE_COUNT mode=baseline qo_len=16 phase=measure iteration=1 records=8 max_records=16
FIG8_ATTENTION_WORKERS mode=baseline variant=pair_static_d8 qo_len=16 phase=measure iteration=1 requested_workers=1 active_workers=1 hvx_contexts=6 vtcm_worker_cap=8 tasks=8 q_task_rows=4
FIG8_ATTENTION_TIMERS mode=baseline layout=serial phase=measure iteration=1 lut_exp=0 scna_layout=0 scna_width=0 qo_len=4 kv_len=4096 n_heads=12 n_kv_heads=2 head_dim=128 kv_head=0 worker=3 profiled_total=272 q_load=1 k_load=69 v_load=79 qk_dot=1 safe_sm=114 scna_exp=0 state_update=0 param_prepare=0 core_acc=4 o_scale=2 o_store=2
FIG8_ATTENTION_TIMERS mode=baseline layout=serial phase=measure iteration=1 lut_exp=0 scna_layout=0 scna_width=0 qo_len=4 kv_len=4096 n_heads=12 n_kv_heads=2 head_dim=128 kv_head=1 worker=3 profiled_total=276 q_load=1 k_load=69 v_load=79 qk_dot=2 safe_sm=114 scna_exp=0 state_update=0 param_prepare=0 core_acc=8 o_scale=1 o_store=2
FIG8_ATTENTION_TIMERS mode=baseline layout=serial phase=measure iteration=1 lut_exp=0 scna_layout=0 scna_width=0 qo_len=4 kv_len=4096 n_heads=12 n_kv_heads=2 head_dim=128 kv_head=0 worker=3 profiled_total=261 q_load=1 k_load=68 v_load=76 qk_dot=1 safe_sm=111 scna_exp=0 state_update=0 param_prepare=0 core_acc=2 o_scale=1 o_store=1
FIG8_ATTENTION_TIMERS mode=baseline layout=serial phase=measure iteration=1 lut_exp=0 scna_layout=0 scna_width=0 qo_len=4 kv_len=4096 n_heads=12 n_kv_heads=2 head_dim=128 kv_head=1 worker=3 profiled_total=269 q_load=1 k_load=70 v_load=76 qk_dot=2 safe_sm=113 scna_exp=0 state_update=0 param_prepare=0 core_acc=3 o_scale=2 o_store=2
FIG8_ATTENTION_TIMERS mode=baseline layout=serial phase=measure iteration=1 lut_exp=0 scna_layout=0 scna_width=0 qo_len=4 kv_len=4096 n_heads=12 n_kv_heads=2 head_dim=128 kv_head=0 worker=3 profiled_total=264 q_load=1 k_load=68 v_load=75 qk_dot=1 safe_sm=112 scna_exp=0 state_update=0 param_prepare=0 core_acc=5 o_scale=1 o_store=1
FIG8_ATTENTION_TIMERS mode=baseline layout=serial phase=measure iteration=1 lut_exp=0 scna_layout=0 scna_width=0 qo_len=4 kv_len=4096 n_heads=12 n_kv_heads=2 head_dim=128 kv_head=1 worker=3 profiled_total=266 q_load=1 k_load=69 v_load=74 qk_dot=2 safe_sm=114 scna_exp=0 state_update=0 param_prepare=0 core_acc=3 o_scale=1 o_store=2
FIG8_ATTENTION_TIMERS mode=baseline layout=serial phase=measure iteration=1 lut_exp=0 scna_layout=0 scna_width=0 qo_len=4 kv_len=4096 n_heads=12 n_kv_heads=2 head_dim=128 kv_head=0 worker=3 profiled_total=256 q_load=1 k_load=66 v_load=69 qk_dot=1 safe_sm=113 scna_exp=0 state_update=0 param_prepare=0 core_acc=2 o_scale=2 o_store=2
FIG8_ATTENTION_TIMERS mode=baseline layout=serial phase=measure iteration=1 lut_exp=0 scna_layout=0 scna_width=0 qo_len=4 kv_len=4096 n_heads=12 n_kv_heads=2 head_dim=128 kv_head=1 worker=3 profiled_total=262 q_load=1 k_load=66 v_load=71 qk_dot=2 safe_sm=114 scna_exp=0 state_update=0 param_prepare=0 core_acc=4 o_scale=2 o_store=2
FIG8_ATTENTION_EVENT_COUNT mode=baseline qo_len=16 phase=measure iteration=1 events=0 max_events=0 overflow=0
FIG8_ATTENTION_CHECKSUM mode=baseline layout=serial scna_width=8 seed=figure8_fixed phase=measure iteration=1 checksum=0x567c45cafbc5cbfd
FIG8_ATTENTION_HOST_TIMING mode=baseline layout=serial variant=pair_static_d8 workers=1 scna_width=8 seed=figure8_fixed mask_mode=full qo_len=16 kv_len=4096 n_heads=12 n_kv_heads=2 head_dim=128 phase=measure iteration=2 host_elapsed_us=2829 ret=0
FIG8_ATTENTION_PROFILE_COUNT mode=baseline qo_len=16 phase=measure iteration=2 records=8 max_records=16
FIG8_ATTENTION_WORKERS mode=baseline variant=pair_static_d8 qo_len=16 phase=measure iteration=2 requested_workers=1 active_workers=1 hvx_contexts=6 vtcm_worker_cap=8 tasks=8 q_task_rows=4
FIG8_ATTENTION_TIMERS mode=baseline layout=serial phase=measure iteration=2 lut_exp=0 scna_layout=0 scna_width=0 qo_len=4 kv_len=4096 n_heads=12 n_kv_heads=2 head_dim=128 kv_head=0 worker=4 profiled_total=271 q_load=1 k_load=69 v_load=79 qk_dot=2 safe_sm=113 scna_exp=0 state_update=0 param_prepare=0 core_acc=3 o_scale=2 o_store=2
FIG8_ATTENTION_TIMERS mode=baseline layout=serial phase=measure iteration=2 lut_exp=0 scna_layout=0 scna_width=0 qo_len=4 kv_len=4096 n_heads=12 n_kv_heads=2 head_dim=128 kv_head=1 worker=4 profiled_total=267 q_load=1 k_load=69 v_load=76 qk_dot=2 safe_sm=112 scna_exp=0 state_update=0 param_prepare=0 core_acc=3 o_scale=2 o_store=2
FIG8_ATTENTION_TIMERS mode=baseline layout=serial phase=measure iteration=2 lut_exp=0 scna_layout=0 scna_width=0 qo_len=4 kv_len=4096 n_heads=12 n_kv_heads=2 head_dim=128 kv_head=0 worker=4 profiled_total=266 q_load=1 k_load=68 v_load=78 qk_dot=1 safe_sm=112 scna_exp=0 state_update=0 param_prepare=0 core_acc=3 o_scale=1 o_store=2
FIG8_ATTENTION_TIMERS mode=baseline layout=serial phase=measure iteration=2 lut_exp=0 scna_layout=0 scna_width=0 qo_len=4 kv_len=4096 n_heads=12 n_kv_heads=2 head_dim=128 kv_head=1 worker=4 profiled_total=270 q_load=1 k_load=68 v_load=78 qk_dot=2 safe_sm=113 scna_exp=0 state_update=0 param_prepare=0 core_acc=4 o_scale=2 o_store=2
FIG8_ATTENTION_TIMERS mode=baseline layout=serial phase=measure iteration=2 lut_exp=0 scna_layout=0 scna_width=0 qo_len=4 kv_len=4096 n_heads=12 n_kv_heads=2 head_dim=128 kv_head=0 worker=4 profiled_total=267 q_load=1 k_load=70 v_load=75 qk_dot=1 safe_sm=113 scna_exp=0 state_update=0 param_prepare=0 core_acc=3 o_scale=2 o_store=2
FIG8_ATTENTION_TIMERS mode=baseline layout=serial phase=measure iteration=2 lut_exp=0 scna_layout=0 scna_width=0 qo_len=4 kv_len=4096 n_heads=12 n_kv_heads=2 head_dim=128 kv_head=1 worker=4 profiled_total=264 q_load=1 k_load=68 v_load=73 qk_dot=2 safe_sm=112 scna_exp=0 state_update=0 param_prepare=0 core_acc=4 o_scale=2 o_store=2
FIG8_ATTENTION_TIMERS mode=baseline layout=serial phase=measure iteration=2 lut_exp=0 scna_layout=0 scna_width=0 qo_len=4 kv_len=4096 n_heads=12 n_kv_heads=2 head_dim=128 kv_head=0 worker=4 profiled_total=268 q_load=1 k_load=69 v_load=76 qk_dot=1 safe_sm=114 scna_exp=0 state_update=0 param_prepare=0 core_acc=3 o_scale=2 o_store=2
FIG8_ATTENTION_TIMERS mode=baseline layout=serial phase=measure iteration=2 lut_exp=0 scna_layout=0 scna_width=0 qo_len=4 kv_len=4096 n_heads=12 n_kv_heads=2 head_dim=128 kv_head=1 worker=4 profiled_total=314 q_load=1 k_load=69 v_load=106 qk_dot=2 safe_sm=127 scna_exp=0 state_update=0 param_prepare=0 core_acc=5 o_scale=2 o_store=2
FIG8_ATTENTION_EVENT_COUNT mode=baseline qo_len=16 phase=measure iteration=2 events=0 max_events=0 overflow=0
FIG8_ATTENTION_CHECKSUM mode=baseline layout=serial scna_width=8 seed=figure8_fixed phase=measure iteration=2 checksum=0x567c45cafbc5cbfd
