FIG8_ATTENTION_CONFIG mode=baseline qo_len=4 kv_len=4096 n_heads=12 n_kv_heads=2 head_dim=128 warmup=5 iters=20 q_size=24576 kv_size=2097152 mask_size=32768 profile_size=233216 profile_max_records=10 profile_max_events=3224 mode_flags=0 print_events=0
FIG8_ATTENTION_HOST_TIMING mode=baseline qo_len=4 kv_len=4096 n_heads=12 n_kv_heads=2 head_dim=128 phase=warmup iteration=0 host_elapsed_us=571 ret=0
FIG8_ATTENTION_PROFILE_COUNT mode=baseline qo_len=4 phase=warmup iteration=0 records=2 max_records=10
FIG8_ATTENTION_TIMERS mode=baseline phase=warmup iteration=0 lut_exp=0 qo_len=4 kv_len=4096 n_heads=12 n_kv_heads=2 head_dim=128 kv_head=1 worker=3 profiled_total=316 q_load=2 k_load=104 v_load=87 qk_dot=1 safe_sm=113 core_acc=3 o_scale=2 o_store=4
FIG8_ATTENTION_TIMERS mode=baseline phase=warmup iteration=0 lut_exp=0 qo_len=4 kv_len=4096 n_heads=12 n_kv_heads=2 head_dim=128 kv_head=0 worker=1 profiled_total=315 q_load=2 k_load=85 v_load=91 qk_dot=4 safe_sm=126 core_acc=1 o_scale=2 o_store=4
FIG8_ATTENTION_EVENT_COUNT mode=baseline qo_len=4 phase=warmup iteration=0 events=46 max_events=3224 overflow=0
FIG8_ATTENTION_HOST_TIMING mode=baseline qo_len=4 kv_len=4096 n_heads=12 n_kv_heads=2 head_dim=128 phase=warmup iteration=1 host_elapsed_us=549 ret=0
FIG8_ATTENTION_PROFILE_COUNT mode=baseline qo_len=4 phase=warmup iteration=1 records=2 max_records=10
FIG8_ATTENTION_TIMERS mode=baseline phase=warmup iteration=1 lut_exp=0 qo_len=4 kv_len=4096 n_heads=12 n_kv_heads=2 head_dim=128 kv_head=0 worker=5 profiled_total=296 q_load=1 k_load=99 v_load=83 qk_dot=3 safe_sm=103 core_acc=3 o_scale=2 o_store=2
FIG8_ATTENTION_TIMERS mode=baseline phase=warmup iteration=1 lut_exp=0 qo_len=4 kv_len=4096 n_heads=12 n_kv_heads=2 head_dim=128 kv_head=1 worker=2 profiled_total=297 q_load=1 k_load=98 v_load=83 qk_dot=3 safe_sm=105 core_acc=3 o_scale=2 o_store=2
FIG8_ATTENTION_EVENT_COUNT mode=baseline qo_len=4 phase=warmup iteration=1 events=46 max_events=3224 overflow=0
FIG8_ATTENTION_HOST_TIMING mode=baseline qo_len=4 kv_len=4096 n_heads=12 n_kv_heads=2 head_dim=128 phase=warmup iteration=2 host_elapsed_us=549 ret=0
FIG8_ATTENTION_PROFILE_COUNT mode=baseline qo_len=4 phase=warmup iteration=2 records=2 max_records=10
FIG8_ATTENTION_TIMERS mode=baseline phase=warmup iteration=2 lut_exp=0 qo_len=4 kv_len=4096 n_heads=12 n_kv_heads=2 head_dim=128 kv_head=1 worker=4 profiled_total=289 q_load=1 k_load=97 v_load=78 qk_dot=3 safe_sm=104 core_acc=3 o_scale=1 o_store=2
FIG8_ATTENTION_TIMERS mode=baseline phase=warmup iteration=2 lut_exp=0 qo_len=4 kv_len=4096 n_heads=12 n_kv_heads=2 head_dim=128 kv_head=0 worker=1 profiled_total=289 q_load=1 k_load=97 v_load=79 qk_dot=4 safe_sm=102 core_acc=3 o_scale=1 o_store=2
FIG8_ATTENTION_EVENT_COUNT mode=baseline qo_len=4 phase=warmup iteration=2 events=46 max_events=3224 overflow=0
FIG8_ATTENTION_HOST_TIMING mode=baseline qo_len=4 kv_len=4096 n_heads=12 n_kv_heads=2 head_dim=128 phase=warmup iteration=3 host_elapsed_us=549 ret=0
FIG8_ATTENTION_PROFILE_COUNT mode=baseline qo_len=4 phase=warmup iteration=3 records=2 max_records=10
FIG8_ATTENTION_TIMERS mode=baseline phase=warmup iteration=3 lut_exp=0 qo_len=4 kv_len=4096 n_heads=12 n_kv_heads=2 head_dim=128 kv_head=0 worker=2 profiled_total=287 q_load=1 k_load=93 v_load=80 qk_dot=3 safe_sm=103 core_acc=3 o_scale=2 o_store=2
FIG8_ATTENTION_TIMERS mode=baseline phase=warmup iteration=3 lut_exp=0 qo_len=4 kv_len=4096 n_heads=12 n_kv_heads=2 head_dim=128 kv_head=1 worker=3 profiled_total=288 q_load=1 k_load=92 v_load=82 qk_dot=3 safe_sm=103 core_acc=3 o_scale=2 o_store=2
FIG8_ATTENTION_EVENT_COUNT mode=baseline qo_len=4 phase=warmup iteration=3 events=46 max_events=3224 overflow=0
FIG8_ATTENTION_HOST_TIMING mode=baseline qo_len=4 kv_len=4096 n_heads=12 n_kv_heads=2 head_dim=128 phase=warmup iteration=4 host_elapsed_us=549 ret=0
FIG8_ATTENTION_PROFILE_COUNT mode=baseline qo_len=4 phase=warmup iteration=4 records=2 max_records=10
FIG8_ATTENTION_TIMERS mode=baseline phase=warmup iteration=4 lut_exp=0 qo_len=4 kv_len=4096 n_heads=12 n_kv_heads=2 head_dim=128 kv_head=0 worker=1 profiled_total=289 q_load=1 k_load=94 v_load=80 qk_dot=3 safe_sm=104 core_acc=3 o_scale=2 o_store=2
FIG8_ATTENTION_TIMERS mode=baseline phase=warmup iteration=4 lut_exp=0 qo_len=4 kv_len=4096 n_heads=12 n_kv_heads=2 head_dim=128 kv_head=1 worker=0 profiled_total=289 q_load=1 k_load=94 v_load=81 qk_dot=4 safe_sm=103 core_acc=2 o_scale=2 o_store=2
FIG8_ATTENTION_EVENT_COUNT mode=baseline qo_len=4 phase=warmup iteration=4 events=46 max_events=3224 overflow=0
FIG8_ATTENTION_HOST_TIMING mode=baseline qo_len=4 kv_len=4096 n_heads=12 n_kv_heads=2 head_dim=128 phase=measure iteration=0 host_elapsed_us=548 ret=0
FIG8_ATTENTION_PROFILE_COUNT mode=baseline qo_len=4 phase=measure iteration=0 records=2 max_records=10
FIG8_ATTENTION_TIMERS mode=baseline phase=measure iteration=0 lut_exp=0 qo_len=4 kv_len=4096 n_heads=12 n_kv_heads=2 head_dim=128 kv_head=1 worker=5 profiled_total=283 q_load=2 k_load=90 v_load=80 qk_dot=3 safe_sm=102 core_acc=3 o_scale=1 o_store=2
FIG8_ATTENTION_TIMERS mode=baseline phase=measure iteration=0 lut_exp=0 qo_len=4 kv_len=4096 n_heads=12 n_kv_heads=2 head_dim=128 kv_head=0 worker=2 profiled_total=283 q_load=2 k_load=90 v_load=80 qk_dot=3 safe_sm=102 core_acc=3 o_scale=1 o_store=2
FIG8_ATTENTION_EVENT_COUNT mode=baseline qo_len=4 phase=measure iteration=0 events=46 max_events=3224 overflow=0
FIG8_ATTENTION_HOST_TIMING mode=baseline qo_len=4 kv_len=4096 n_heads=12 n_kv_heads=2 head_dim=128 phase=measure iteration=1 host_elapsed_us=549 ret=0
FIG8_ATTENTION_PROFILE_COUNT mode=baseline qo_len=4 phase=measure iteration=1 records=2 max_records=10
FIG8_ATTENTION_TIMERS mode=baseline phase=measure iteration=1 lut_exp=0 qo_len=4 kv_len=4096 n_heads=12 n_kv_heads=2 head_dim=128 kv_head=0 worker=3 profiled_total=287 q_load=1 k_load=88 v_load=83 qk_dot=3 safe_sm=106 core_acc=2 o_scale=2 o_store=2
FIG8_ATTENTION_TIMERS mode=baseline phase=measure iteration=1 lut_exp=0 qo_len=4 kv_len=4096 n_heads=12 n_kv_heads=2 head_dim=128 kv_head=1 worker=1 profiled_total=285 q_load=1 k_load=91 v_load=80 qk_dot=3 safe_sm=103 core_acc=5 o_scale=0 o_store=2
FIG8_ATTENTION_EVENT_COUNT mode=baseline qo_len=4 phase=measure iteration=1 events=46 max_events=3224 overflow=0
FIG8_ATTENTION_HOST_TIMING mode=baseline qo_len=4 kv_len=4096 n_heads=12 n_kv_heads=2 head_dim=128 phase=measure iteration=2 host_elapsed_us=550 ret=0
FIG8_ATTENTION_PROFILE_COUNT mode=baseline qo_len=4 phase=measure iteration=2 records=2 max_records=10
FIG8_ATTENTION_TIMERS mode=baseline phase=measure iteration=2 lut_exp=0 qo_len=4 kv_len=4096 n_heads=12 n_kv_heads=2 head_dim=128 kv_head=0 worker=2 profiled_total=278 q_load=1 k_load=88 v_load=78 qk_dot=3 safe_sm=102 core_acc=2 o_scale=2 o_store=2
FIG8_ATTENTION_TIMERS mode=baseline phase=measure iteration=2 lut_exp=0 qo_len=4 kv_len=4096 n_heads=12 n_kv_heads=2 head_dim=128 kv_head=1 worker=4 profiled_total=278 q_load=1 k_load=88 v_load=81 qk_dot=3 safe_sm=99 core_acc=2 o_scale=2 o_store=2
FIG8_ATTENTION_EVENT_COUNT mode=baseline qo_len=4 phase=measure iteration=2 events=46 max_events=3224 overflow=0
FIG8_ATTENTION_HOST_TIMING mode=baseline qo_len=4 kv_len=4096 n_heads=12 n_kv_heads=2 head_dim=128 phase=measure iteration=3 host_elapsed_us=549 ret=0
FIG8_ATTENTION_PROFILE_COUNT mode=baseline qo_len=4 phase=measure iteration=3 records=2 max_records=10
FIG8_ATTENTION_TIMERS mode=baseline phase=measure iteration=3 lut_exp=0 qo_len=4 kv_len=4096 n_heads=12 n_kv_heads=2 head_dim=128 kv_head=0 worker=5 profiled_total=292 q_load=1 k_load=96 v_load=82 qk_dot=3 safe_sm=103 core_acc=3 o_scale=2 o_store=2
FIG8_ATTENTION_TIMERS mode=baseline phase=measure iteration=3 lut_exp=0 qo_len=4 kv_len=4096 n_heads=12 n_kv_heads=2 head_dim=128 kv_head=1 worker=1 profiled_total=291 q_load=1 k_load=94 v_load=83 qk_dot=3 safe_sm=103 core_acc=3 o_scale=2 o_store=2
FIG8_ATTENTION_EVENT_COUNT mode=baseline qo_len=4 phase=measure iteration=3 events=46 max_events=3224 overflow=0
FIG8_ATTENTION_HOST_TIMING mode=baseline qo_len=4 kv_len=4096 n_heads=12 n_kv_heads=2 head_dim=128 phase=measure iteration=4 host_elapsed_us=549 ret=0
FIG8_ATTENTION_PROFILE_COUNT mode=baseline qo_len=4 phase=measure iteration=4 records=2 max_records=10
FIG8_ATTENTION_TIMERS mode=baseline phase=measure iteration=4 lut_exp=0 qo_len=4 kv_len=4096 n_heads=12 n_kv_heads=2 head_dim=128 kv_head=0 worker=3 profiled_total=286 q_load=1 k_load=90 v_load=81 qk_dot=4 safe_sm=103 core_acc=3 o_scale=2 o_store=2
FIG8_ATTENTION_TIMERS mode=baseline phase=measure iteration=4 lut_exp=0 qo_len=4 kv_len=4096 n_heads=12 n_kv_heads=2 head_dim=128 kv_head=1 worker=2 profiled_total=286 q_load=1 k_load=91 v_load=81 qk_dot=3 safe_sm=103 core_acc=3 o_scale=2 o_store=2
FIG8_ATTENTION_EVENT_COUNT mode=baseline qo_len=4 phase=measure iteration=4 events=46 max_events=3224 overflow=0
FIG8_ATTENTION_HOST_TIMING mode=baseline qo_len=4 kv_len=4096 n_heads=12 n_kv_heads=2 head_dim=128 phase=measure iteration=5 host_elapsed_us=550 ret=0
FIG8_ATTENTION_PROFILE_COUNT mode=baseline qo_len=4 phase=measure iteration=5 records=2 max_records=10
FIG8_ATTENTION_TIMERS mode=baseline phase=measure iteration=5 lut_exp=0 qo_len=4 kv_len=4096 n_heads=12 n_kv_heads=2 head_dim=128 kv_head=1 worker=0 profiled_total=290 q_load=1 k_load=94 v_load=81 qk_dot=4 safe_sm=103 core_acc=3 o_scale=2 o_store=2
FIG8_ATTENTION_TIMERS mode=baseline phase=measure iteration=5 lut_exp=0 qo_len=4 kv_len=4096 n_heads=12 n_kv_heads=2 head_dim=128 kv_head=0 worker=1 profiled_total=291 q_load=1 k_load=93 v_load=82 qk_dot=3 safe_sm=105 core_acc=3 o_scale=2 o_store=2
FIG8_ATTENTION_EVENT_COUNT mode=baseline qo_len=4 phase=measure iteration=5 events=46 max_events=3224 overflow=0
FIG8_ATTENTION_HOST_TIMING mode=baseline qo_len=4 kv_len=4096 n_heads=12 n_kv_heads=2 head_dim=128 phase=measure iteration=6 host_elapsed_us=549 ret=0
FIG8_ATTENTION_PROFILE_COUNT mode=baseline qo_len=4 phase=measure iteration=6 records=2 max_records=10
FIG8_ATTENTION_TIMERS mode=baseline phase=measure iteration=6 lut_exp=0 qo_len=4 kv_len=4096 n_heads=12 n_kv_heads=2 head_dim=128 kv_head=1 worker=5 profiled_total=284 q_load=1 k_load=90 v_load=83 qk_dot=3 safe_sm=101 core_acc=2 o_scale=2 o_store=2
FIG8_ATTENTION_TIMERS mode=baseline phase=measure iteration=6 lut_exp=0 qo_len=4 kv_len=4096 n_heads=12 n_kv_heads=2 head_dim=128 kv_head=0 worker=2 profiled_total=286 q_load=1 k_load=90 v_load=80 qk_dot=3 safe_sm=105 core_acc=3 o_scale=2 o_store=2
FIG8_ATTENTION_EVENT_COUNT mode=baseline qo_len=4 phase=measure iteration=6 events=46 max_events=3224 overflow=0
FIG8_ATTENTION_HOST_TIMING mode=baseline qo_len=4 kv_len=4096 n_heads=12 n_kv_heads=2 head_dim=128 phase=measure iteration=7 host_elapsed_us=547 ret=0
FIG8_ATTENTION_PROFILE_COUNT mode=baseline qo_len=4 phase=measure iteration=7 records=2 max_records=10
FIG8_ATTENTION_TIMERS mode=baseline phase=measure iteration=7 lut_exp=0 qo_len=4 kv_len=4096 n_heads=12 n_kv_heads=2 head_dim=128 kv_head=1 worker=0 profiled_total=287 q_load=1 k_load=91 v_load=80 qk_dot=3 safe_sm=105 core_acc=3 o_scale=2 o_store=2
FIG8_ATTENTION_TIMERS mode=baseline phase=measure iteration=7 lut_exp=0 qo_len=4 kv_len=4096 n_heads=12 n_kv_heads=2 head_dim=128 kv_head=0 worker=3 profiled_total=287 q_load=1 k_load=93 v_load=82 qk_dot=3 safe_sm=101 core_acc=3 o_scale=2 o_store=2
FIG8_ATTENTION_EVENT_COUNT mode=baseline qo_len=4 phase=measure iteration=7 events=46 max_events=3224 overflow=0
FIG8_ATTENTION_HOST_TIMING mode=baseline qo_len=4 kv_len=4096 n_heads=12 n_kv_heads=2 head_dim=128 phase=measure iteration=8 host_elapsed_us=548 ret=0
FIG8_ATTENTION_PROFILE_COUNT mode=baseline qo_len=4 phase=measure iteration=8 records=2 max_records=10
FIG8_ATTENTION_TIMERS mode=baseline phase=measure iteration=8 lut_exp=0 qo_len=4 kv_len=4096 n_heads=12 n_kv_heads=2 head_dim=128 kv_head=0 worker=5 profiled_total=292 q_load=1 k_load=97 v_load=82 qk_dot=4 safe_sm=102 core_acc=5 o_scale=0 o_store=1
FIG8_ATTENTION_TIMERS mode=baseline phase=measure iteration=8 lut_exp=0 qo_len=4 kv_len=4096 n_heads=12 n_kv_heads=2 head_dim=128 kv_head=1 worker=1 profiled_total=293 q_load=1 k_load=95 v_load=83 qk_dot=3 safe_sm=105 core_acc=3 o_scale=1 o_store=2
FIG8_ATTENTION_EVENT_COUNT mode=baseline qo_len=4 phase=measure iteration=8 events=46 max_events=3224 overflow=0
FIG8_ATTENTION_HOST_TIMING mode=baseline qo_len=4 kv_len=4096 n_heads=12 n_kv_heads=2 head_dim=128 phase=measure iteration=9 host_elapsed_us=580 ret=0
FIG8_ATTENTION_PROFILE_COUNT mode=baseline qo_len=4 phase=measure iteration=9 records=2 max_records=10
FIG8_ATTENTION_TIMERS mode=baseline phase=measure iteration=9 lut_exp=0 qo_len=4 kv_len=4096 n_heads=12 n_kv_heads=2 head_dim=128 kv_head=0 worker=3 profiled_total=286 q_load=1 k_load=95 v_load=80 qk_dot=2 safe_sm=102 core_acc=2 o_scale=2 o_store=2
FIG8_ATTENTION_TIMERS mode=baseline phase=measure iteration=9 lut_exp=0 qo_len=4 kv_len=4096 n_heads=12 n_kv_heads=2 head_dim=128 kv_head=1 worker=2 profiled_total=285 q_load=1 k_load=95 v_load=78 qk_dot=3 safe_sm=102 core_acc=2 o_scale=2 o_store=2
FIG8_ATTENTION_EVENT_COUNT mode=baseline qo_len=4 phase=measure iteration=9 events=46 max_events=3224 overflow=0
FIG8_ATTENTION_HOST_TIMING mode=baseline qo_len=4 kv_len=4096 n_heads=12 n_kv_heads=2 head_dim=128 phase=measure iteration=10 host_elapsed_us=550 ret=0
FIG8_ATTENTION_PROFILE_COUNT mode=baseline qo_len=4 phase=measure iteration=10 records=2 max_records=10
FIG8_ATTENTION_TIMERS mode=baseline phase=measure iteration=10 lut_exp=0 qo_len=4 kv_len=4096 n_heads=12 n_kv_heads=2 head_dim=128 kv_head=1 worker=4 profiled_total=285 q_load=1 k_load=90 v_load=80 qk_dot=3 safe_sm=104 core_acc=3 o_scale=2 o_store=2
FIG8_ATTENTION_TIMERS mode=baseline phase=measure iteration=10 lut_exp=0 qo_len=4 kv_len=4096 n_heads=12 n_kv_heads=2 head_dim=128 kv_head=0 worker=1 profiled_total=284 q_load=1 k_load=91 v_load=80 qk_dot=4 safe_sm=102 core_acc=2 o_scale=2 o_store=2
FIG8_ATTENTION_EVENT_COUNT mode=baseline qo_len=4 phase=measure iteration=10 events=46 max_events=3224 overflow=0
FIG8_ATTENTION_HOST_TIMING mode=baseline qo_len=4 kv_len=4096 n_heads=12 n_kv_heads=2 head_dim=128 phase=measure iteration=11 host_elapsed_us=548 ret=0
FIG8_ATTENTION_PROFILE_COUNT mode=baseline qo_len=4 phase=measure iteration=11 records=2 max_records=10
FIG8_ATTENTION_TIMERS mode=baseline phase=measure iteration=11 lut_exp=0 qo_len=4 kv_len=4096 n_heads=12 n_kv_heads=2 head_dim=128 kv_head=0 worker=2 profiled_total=281 q_load=1 k_load=87 v_load=82 qk_dot=3 safe_sm=102 core_acc=2 o_scale=2 o_store=2
FIG8_ATTENTION_TIMERS mode=baseline phase=measure iteration=11 lut_exp=0 qo_len=4 kv_len=4096 n_heads=12 n_kv_heads=2 head_dim=128 kv_head=1 worker=0 profiled_total=280 q_load=1 k_load=87 v_load=79 qk_dot=4 safe_sm=103 core_acc=2 o_scale=2 o_store=2
FIG8_ATTENTION_EVENT_COUNT mode=baseline qo_len=4 phase=measure iteration=11 events=46 max_events=3224 overflow=0
FIG8_ATTENTION_HOST_TIMING mode=baseline qo_len=4 kv_len=4096 n_heads=12 n_kv_heads=2 head_dim=128 phase=measure iteration=12 host_elapsed_us=549 ret=0
FIG8_ATTENTION_PROFILE_COUNT mode=baseline qo_len=4 phase=measure iteration=12 records=2 max_records=10
FIG8_ATTENTION_TIMERS mode=baseline phase=measure iteration=12 lut_exp=0 qo_len=4 kv_len=4096 n_heads=12 n_kv_heads=2 head_dim=128 kv_head=0 worker=1 profiled_total=288 q_load=1 k_load=94 v_load=81 qk_dot=3 safe_sm=103 core_acc=2 o_scale=2 o_store=2
FIG8_ATTENTION_TIMERS mode=baseline phase=measure iteration=12 lut_exp=0 qo_len=4 kv_len=4096 n_heads=12 n_kv_heads=2 head_dim=128 kv_head=1 worker=3 profiled_total=289 q_load=1 k_load=94 v_load=80 qk_dot=3 safe_sm=104 core_acc=3 o_scale=2 o_store=2
FIG8_ATTENTION_EVENT_COUNT mode=baseline qo_len=4 phase=measure iteration=12 events=46 max_events=3224 overflow=0
FIG8_ATTENTION_HOST_TIMING mode=baseline qo_len=4 kv_len=4096 n_heads=12 n_kv_heads=2 head_dim=128 phase=measure iteration=13 host_elapsed_us=559 ret=0
FIG8_ATTENTION_PROFILE_COUNT mode=baseline qo_len=4 phase=measure iteration=13 records=2 max_records=10
FIG8_ATTENTION_TIMERS mode=baseline phase=measure iteration=13 lut_exp=0 qo_len=4 kv_len=4096 n_heads=12 n_kv_heads=2 head_dim=128 kv_head=1 worker=5 profiled_total=276 q_load=1 k_load=87 v_load=76 qk_dot=3 safe_sm=103 core_acc=2 o_scale=2 o_store=2
FIG8_ATTENTION_TIMERS mode=baseline phase=measure iteration=13 lut_exp=0 qo_len=4 kv_len=4096 n_heads=12 n_kv_heads=2 head_dim=128 kv_head=0 worker=0 profiled_total=277 q_load=1 k_load=89 v_load=75 qk_dot=3 safe_sm=102 core_acc=3 o_scale=2 o_store=2
FIG8_ATTENTION_EVENT_COUNT mode=baseline qo_len=4 phase=measure iteration=13 events=46 max_events=3224 overflow=0
FIG8_ATTENTION_HOST_TIMING mode=baseline qo_len=4 kv_len=4096 n_heads=12 n_kv_heads=2 head_dim=128 phase=measure iteration=14 host_elapsed_us=549 ret=0
FIG8_ATTENTION_PROFILE_COUNT mode=baseline qo_len=4 phase=measure iteration=14 records=2 max_records=10
FIG8_ATTENTION_TIMERS mode=baseline phase=measure iteration=14 lut_exp=0 qo_len=4 kv_len=4096 n_heads=12 n_kv_heads=2 head_dim=128 kv_head=0 worker=3 profiled_total=291 q_load=2 k_load=95 v_load=81 qk_dot=4 safe_sm=102 core_acc=3 o_scale=2 o_store=2
FIG8_ATTENTION_TIMERS mode=baseline phase=measure iteration=14 lut_exp=0 qo_len=4 kv_len=4096 n_heads=12 n_kv_heads=2 head_dim=128 kv_head=1 worker=2 profiled_total=288 q_load=2 k_load=95 v_load=79 qk_dot=3 safe_sm=103 core_acc=2 o_scale=2 o_store=2
FIG8_ATTENTION_EVENT_COUNT mode=baseline qo_len=4 phase=measure iteration=14 events=46 max_events=3224 overflow=0
FIG8_ATTENTION_HOST_TIMING mode=baseline qo_len=4 kv_len=4096 n_heads=12 n_kv_heads=2 head_dim=128 phase=measure iteration=15 host_elapsed_us=555 ret=0
FIG8_ATTENTION_PROFILE_COUNT mode=baseline qo_len=4 phase=measure iteration=15 records=2 max_records=10
FIG8_ATTENTION_TIMERS mode=baseline phase=measure iteration=15 lut_exp=0 qo_len=4 kv_len=4096 n_heads=12 n_kv_heads=2 head_dim=128 kv_head=0 worker=0 profiled_total=293 q_load=1 k_load=101 v_load=78 qk_dot=3 safe_sm=105 core_acc=2 o_scale=1 o_store=2
FIG8_ATTENTION_TIMERS mode=baseline phase=measure iteration=15 lut_exp=0 qo_len=4 kv_len=4096 n_heads=12 n_kv_heads=2 head_dim=128 kv_head=1 worker=1 profiled_total=292 q_load=1 k_load=101 v_load=78 qk_dot=4 safe_sm=102 core_acc=5 o_scale=0 o_store=1
FIG8_ATTENTION_EVENT_COUNT mode=baseline qo_len=4 phase=measure iteration=15 events=46 max_events=3224 overflow=0
FIG8_ATTENTION_HOST_TIMING mode=baseline qo_len=4 kv_len=4096 n_heads=12 n_kv_heads=2 head_dim=128 phase=measure iteration=16 host_elapsed_us=550 ret=0
FIG8_ATTENTION_PROFILE_COUNT mode=baseline qo_len=4 phase=measure iteration=16 records=2 max_records=10
FIG8_ATTENTION_TIMERS mode=baseline phase=measure iteration=16 lut_exp=0 qo_len=4 kv_len=4096 n_heads=12 n_kv_heads=2 head_dim=128 kv_head=0 worker=5 profiled_total=275 q_load=1 k_load=87 v_load=77 qk_dot=3 safe_sm=101 core_acc=2 o_scale=2 o_store=2
FIG8_ATTENTION_TIMERS mode=baseline phase=measure iteration=16 lut_exp=0 qo_len=4 kv_len=4096 n_heads=12 n_kv_heads=2 head_dim=128 kv_head=1 worker=2 profiled_total=275 q_load=1 k_load=87 v_load=78 qk_dot=3 safe_sm=101 core_acc=1 o_scale=2 o_store=2
FIG8_ATTENTION_EVENT_COUNT mode=baseline qo_len=4 phase=measure iteration=16 events=46 max_events=3224 overflow=0
FIG8_ATTENTION_HOST_TIMING mode=baseline qo_len=4 kv_len=4096 n_heads=12 n_kv_heads=2 head_dim=128 phase=measure iteration=17 host_elapsed_us=522 ret=0
FIG8_ATTENTION_PROFILE_COUNT mode=baseline qo_len=4 phase=measure iteration=17 records=2 max_records=10
FIG8_ATTENTION_TIMERS mode=baseline phase=measure iteration=17 lut_exp=0 qo_len=4 kv_len=4096 n_heads=12 n_kv_heads=2 head_dim=128 kv_head=1 worker=3 profiled_total=291 q_load=1 k_load=91 v_load=85 qk_dot=4 safe_sm=104 core_acc=3 o_scale=1 o_store=2
FIG8_ATTENTION_TIMERS mode=baseline phase=measure iteration=17 lut_exp=0 qo_len=4 kv_len=4096 n_heads=12 n_kv_heads=2 head_dim=128 kv_head=0 worker=0 profiled_total=289 q_load=1 k_load=89 v_load=84 qk_dot=3 safe_sm=106 core_acc=3 o_scale=1 o_store=2
FIG8_ATTENTION_EVENT_COUNT mode=baseline qo_len=4 phase=measure iteration=17 events=46 max_events=3224 overflow=0
FIG8_ATTENTION_HOST_TIMING mode=baseline qo_len=4 kv_len=4096 n_heads=12 n_kv_heads=2 head_dim=128 phase=measure iteration=18 host_elapsed_us=587 ret=0
FIG8_ATTENTION_PROFILE_COUNT mode=baseline qo_len=4 phase=measure iteration=18 records=2 max_records=10
FIG8_ATTENTION_TIMERS mode=baseline phase=measure iteration=18 lut_exp=0 qo_len=4 kv_len=4096 n_heads=12 n_kv_heads=2 head_dim=128 kv_head=0 worker=2 profiled_total=321 q_load=1 k_load=102 v_load=97 qk_dot=3 safe_sm=112 core_acc=3 o_scale=1 o_store=2
FIG8_ATTENTION_TIMERS mode=baseline phase=measure iteration=18 lut_exp=0 qo_len=4 kv_len=4096 n_heads=12 n_kv_heads=2 head_dim=128 kv_head=1 worker=4 profiled_total=318 q_load=1 k_load=105 v_load=96 qk_dot=3 safe_sm=106 core_acc=4 o_scale=1 o_store=2
FIG8_ATTENTION_EVENT_COUNT mode=baseline qo_len=4 phase=measure iteration=18 events=46 max_events=3224 overflow=0
FIG8_ATTENTION_HOST_TIMING mode=baseline qo_len=4 kv_len=4096 n_heads=12 n_kv_heads=2 head_dim=128 phase=measure iteration=19 host_elapsed_us=589 ret=0
FIG8_ATTENTION_PROFILE_COUNT mode=baseline qo_len=4 phase=measure iteration=19 records=2 max_records=10
FIG8_ATTENTION_TIMERS mode=baseline phase=measure iteration=19 lut_exp=0 qo_len=4 kv_len=4096 n_heads=12 n_kv_heads=2 head_dim=128 kv_head=0 worker=5 profiled_total=319 q_load=1 k_load=103 v_load=96 qk_dot=3 safe_sm=110 core_acc=3 o_scale=1 o_store=2
FIG8_ATTENTION_TIMERS mode=baseline phase=measure iteration=19 lut_exp=0 qo_len=4 kv_len=4096 n_heads=12 n_kv_heads=2 head_dim=128 kv_head=1 worker=0 profiled_total=318 q_load=1 k_load=102 v_load=95 qk_dot=3 safe_sm=110 core_acc=4 o_scale=1 o_store=2
FIG8_ATTENTION_EVENT_COUNT mode=baseline qo_len=4 phase=measure iteration=19 events=46 max_events=3224 overflow=0
