alloc_shared_mem_buf: buf=0x7401be0000 fd=12 size=196608 flags=FASTRPC_MAP_FD
alloc_shared_mem_buf: buf=0x716ca00000 fd=13 size=2097152 flags=FASTRPC_MAP_FD
alloc_shared_mem_buf: buf=0x716c800000 fd=14 size=2097152 flags=FASTRPC_MAP_FD
alloc_shared_mem_buf: buf=0x7401ae0000 fd=15 size=196608 flags=FASTRPC_MAP_FD
alloc_shared_mem_buf: buf=0x7401a10000 fd=16 size=262144 flags=FASTRPC_MAP_FD
alloc_shared_mem_buf: buf=0x716c640000 fd=17 size=1794560 flags=FASTRPC_MAP_FD
alloc_shared_mem_buf: buf=0x7402029000 fd=18 size=4096 flags=FASTRPC_MAP_FD
No-op channel request completed
FIG8_ATTENTION_CONFIG mode=scna-int8 scna_function=exp2 scna_kernel=direct scna_pipeline=off mask_mode=full qo_len=32 kv_len=4096 n_heads=12 n_kv_heads=2 head_dim=128 warmup=5 iters=20 scna_width=8 q_size=196608 kv_size=2097152 mask_size=262144 profile_size=1794560 profile_max_records=10 profile_max_events=24896 mode_flags=24 print_events=0
FIG8_ATTENTION_HOST_TIMING mode=scna-int8 scna_function=exp2 scna_kernel=direct scna_pipeline=off scna_width=8 qo_len=32 kv_len=4096 n_heads=12 n_kv_heads=2 head_dim=128 phase=warmup iteration=0 host_elapsed_us=2798 ret=0
FIG8_ATTENTION_PROFILE_COUNT mode=scna-int8 qo_len=32 phase=warmup iteration=0 records=2 max_records=10
FIG8_ATTENTION_TIMERS mode=scna-int8 scna_function=0 scna_kernel=0 scna_pipeline=0 phase=warmup iteration=0 lut_exp=0 nonlinear_mode=2 scna_width=8 scna_exp=630 qo_len=32 kv_len=4096 n_heads=12 n_kv_heads=2 head_dim=128 kv_head=0 worker=0 profiled_total=1224 q_load=8 k_load=194 v_load=167 qk_dot=14 safe_sm=815 core_acc=12 o_scale=2 o_store=12 kv_dma_issue=0 kv_dma_wait=0 kv_transform=0
FIG8_ATTENTION_TIMERS mode=scna-int8 scna_function=0 scna_kernel=0 scna_pipeline=0 phase=warmup iteration=0 lut_exp=0 nonlinear_mode=2 scna_width=8 scna_exp=630 qo_len=32 kv_len=4096 n_heads=12 n_kv_heads=2 head_dim=128 kv_head=1 worker=0 profiled_total=1233 q_load=7 k_load=209 v_load=176 qk_dot=14 safe_sm=802 core_acc=12 o_scale=2 o_store=11 kv_dma_issue=0 kv_dma_wait=0 kv_transform=0
FIG8_ATTENTION_EVENT_COUNT mode=scna-int8 qo_len=32 phase=warmup iteration=0 events=16 max_events=24896 overflow=0
FIG8_ATTENTION_HOST_TIMING mode=scna-int8 scna_function=exp2 scna_kernel=direct scna_pipeline=off scna_width=8 qo_len=32 kv_len=4096 n_heads=12 n_kv_heads=2 head_dim=128 phase=warmup iteration=1 host_elapsed_us=2677 ret=0
FIG8_ATTENTION_PROFILE_COUNT mode=scna-int8 qo_len=32 phase=warmup iteration=1 records=2 max_records=10
FIG8_ATTENTION_TIMERS mode=scna-int8 scna_function=0 scna_kernel=0 scna_pipeline=0 phase=warmup iteration=1 lut_exp=0 nonlinear_mode=2 scna_width=8 scna_exp=626 qo_len=32 kv_len=4096 n_heads=12 n_kv_heads=2 head_dim=128 kv_head=0 worker=0 profiled_total=1183 q_load=8 k_load=161 v_load=179 qk_dot=12 safe_sm=800 core_acc=12 o_scale=1 o_store=10 kv_dma_issue=0 kv_dma_wait=0 kv_transform=0
FIG8_ATTENTION_TIMERS mode=scna-int8 scna_function=0 scna_kernel=0 scna_pipeline=0 phase=warmup iteration=1 lut_exp=0 nonlinear_mode=2 scna_width=8 scna_exp=628 qo_len=32 kv_len=4096 n_heads=12 n_kv_heads=2 head_dim=128 kv_head=1 worker=0 profiled_total=1208 q_load=8 k_load=190 v_load=175 qk_dot=14 safe_sm=798 core_acc=11 o_scale=2 o_store=10 kv_dma_issue=0 kv_dma_wait=0 kv_transform=0
FIG8_ATTENTION_EVENT_COUNT mode=scna-int8 qo_len=32 phase=warmup iteration=1 events=16 max_events=24896 overflow=0
FIG8_ATTENTION_HOST_TIMING mode=scna-int8 scna_function=exp2 scna_kernel=direct scna_pipeline=off scna_width=8 qo_len=32 kv_len=4096 n_heads=12 n_kv_heads=2 head_dim=128 phase=warmup iteration=2 host_elapsed_us=2676 ret=0
FIG8_ATTENTION_PROFILE_COUNT mode=scna-int8 qo_len=32 phase=warmup iteration=2 records=2 max_records=10
FIG8_ATTENTION_TIMERS mode=scna-int8 scna_function=0 scna_kernel=0 scna_pipeline=0 phase=warmup iteration=2 lut_exp=0 nonlinear_mode=2 scna_width=8 scna_exp=626 qo_len=32 kv_len=4096 n_heads=12 n_kv_heads=2 head_dim=128 kv_head=0 worker=0 profiled_total=1187 q_load=8 k_load=168 v_load=174 qk_dot=12 safe_sm=803 core_acc=11 o_scale=1 o_store=10 kv_dma_issue=0 kv_dma_wait=0 kv_transform=0
FIG8_ATTENTION_TIMERS mode=scna-int8 scna_function=0 scna_kernel=0 scna_pipeline=0 phase=warmup iteration=2 lut_exp=0 nonlinear_mode=2 scna_width=8 scna_exp=627 qo_len=32 kv_len=4096 n_heads=12 n_kv_heads=2 head_dim=128 kv_head=1 worker=0 profiled_total=1202 q_load=7 k_load=188 v_load=179 qk_dot=12 safe_sm=792 core_acc=11 o_scale=2 o_store=11 kv_dma_issue=0 kv_dma_wait=0 kv_transform=0
FIG8_ATTENTION_EVENT_COUNT mode=scna-int8 qo_len=32 phase=warmup iteration=2 events=16 max_events=24896 overflow=0
FIG8_ATTENTION_HOST_TIMING mode=scna-int8 scna_function=exp2 scna_kernel=direct scna_pipeline=off scna_width=8 qo_len=32 kv_len=4096 n_heads=12 n_kv_heads=2 head_dim=128 phase=warmup iteration=3 host_elapsed_us=2676 ret=0
FIG8_ATTENTION_PROFILE_COUNT mode=scna-int8 qo_len=32 phase=warmup iteration=3 records=2 max_records=10
FIG8_ATTENTION_TIMERS mode=scna-int8 scna_function=0 scna_kernel=0 scna_pipeline=0 phase=warmup iteration=3 lut_exp=0 nonlinear_mode=2 scna_width=8 scna_exp=625 qo_len=32 kv_len=4096 n_heads=12 n_kv_heads=2 head_dim=128 kv_head=0 worker=0 profiled_total=1186 q_load=8 k_load=168 v_load=173 qk_dot=12 safe_sm=803 core_acc=11 o_scale=1 o_store=10 kv_dma_issue=0 kv_dma_wait=0 kv_transform=0
FIG8_ATTENTION_TIMERS mode=scna-int8 scna_function=0 scna_kernel=0 scna_pipeline=0 phase=warmup iteration=3 lut_exp=0 nonlinear_mode=2 scna_width=8 scna_exp=627 qo_len=32 kv_len=4096 n_heads=12 n_kv_heads=2 head_dim=128 kv_head=1 worker=0 profiled_total=1199 q_load=8 k_load=187 v_load=174 qk_dot=12 safe_sm=795 core_acc=11 o_scale=2 o_store=10 kv_dma_issue=0 kv_dma_wait=0 kv_transform=0
FIG8_ATTENTION_EVENT_COUNT mode=scna-int8 qo_len=32 phase=warmup iteration=3 events=16 max_events=24896 overflow=0
FIG8_ATTENTION_HOST_TIMING mode=scna-int8 scna_function=exp2 scna_kernel=direct scna_pipeline=off scna_width=8 qo_len=32 kv_len=4096 n_heads=12 n_kv_heads=2 head_dim=128 phase=warmup iteration=4 host_elapsed_us=2675 ret=0
FIG8_ATTENTION_PROFILE_COUNT mode=scna-int8 qo_len=32 phase=warmup iteration=4 records=2 max_records=10
FIG8_ATTENTION_TIMERS mode=scna-int8 scna_function=0 scna_kernel=0 scna_pipeline=0 phase=warmup iteration=4 lut_exp=0 nonlinear_mode=2 scna_width=8 scna_exp=625 qo_len=32 kv_len=4096 n_heads=12 n_kv_heads=2 head_dim=128 kv_head=0 worker=0 profiled_total=1187 q_load=8 k_load=169 v_load=174 qk_dot=12 safe_sm=801 core_acc=11 o_scale=1 o_store=11 kv_dma_issue=0 kv_dma_wait=0 kv_transform=0
FIG8_ATTENTION_TIMERS mode=scna-int8 scna_function=0 scna_kernel=0 scna_pipeline=0 phase=warmup iteration=4 lut_exp=0 nonlinear_mode=2 scna_width=8 scna_exp=627 qo_len=32 kv_len=4096 n_heads=12 n_kv_heads=2 head_dim=128 kv_head=1 worker=0 profiled_total=1199 q_load=7 k_load=188 v_load=174 qk_dot=12 safe_sm=795 core_acc=11 o_scale=2 o_store=10 kv_dma_issue=0 kv_dma_wait=0 kv_transform=0
FIG8_ATTENTION_EVENT_COUNT mode=scna-int8 qo_len=32 phase=warmup iteration=4 events=16 max_events=24896 overflow=0
FIG8_ATTENTION_HOST_TIMING mode=scna-int8 scna_function=exp2 scna_kernel=direct scna_pipeline=off scna_width=8 qo_len=32 kv_len=4096 n_heads=12 n_kv_heads=2 head_dim=128 phase=measure iteration=0 host_elapsed_us=2742 ret=0
FIG8_ATTENTION_PROFILE_COUNT mode=scna-int8 qo_len=32 phase=measure iteration=0 records=2 max_records=10
FIG8_ATTENTION_TIMERS mode=scna-int8 scna_function=0 scna_kernel=0 scna_pipeline=0 phase=measure iteration=0 lut_exp=0 nonlinear_mode=2 scna_width=8 scna_exp=626 qo_len=32 kv_len=4096 n_heads=12 n_kv_heads=2 head_dim=128 kv_head=0 worker=0 profiled_total=1187 q_load=8 k_load=160 v_load=173 qk_dot=12 safe_sm=811 core_acc=12 o_scale=1 o_store=10 kv_dma_issue=0 kv_dma_wait=0 kv_transform=0
FIG8_ATTENTION_TIMERS mode=scna-int8 scna_function=0 scna_kernel=0 scna_pipeline=0 phase=measure iteration=0 lut_exp=0 nonlinear_mode=2 scna_width=8 scna_exp=629 qo_len=32 kv_len=4096 n_heads=12 n_kv_heads=2 head_dim=128 kv_head=1 worker=0 profiled_total=1228 q_load=7 k_load=196 v_load=174 qk_dot=12 safe_sm=814 core_acc=12 o_scale=2 o_store=11 kv_dma_issue=0 kv_dma_wait=0 kv_transform=0
FIG8_ATTENTION_EVENT_COUNT mode=scna-int8 qo_len=32 phase=measure iteration=0 events=16 max_events=24896 overflow=0
FIG8_ATTENTION_HOST_TIMING mode=scna-int8 scna_function=exp2 scna_kernel=direct scna_pipeline=off scna_width=8 qo_len=32 kv_len=4096 n_heads=12 n_kv_heads=2 head_dim=128 phase=measure iteration=1 host_elapsed_us=2782 ret=0
FIG8_ATTENTION_PROFILE_COUNT mode=scna-int8 qo_len=32 phase=measure iteration=1 records=2 max_records=10
FIG8_ATTENTION_TIMERS mode=scna-int8 scna_function=0 scna_kernel=0 scna_pipeline=0 phase=measure iteration=1 lut_exp=0 nonlinear_mode=2 scna_width=8 scna_exp=628 qo_len=32 kv_len=4096 n_heads=12 n_kv_heads=2 head_dim=128 kv_head=0 worker=0 profiled_total=1216 q_load=8 k_load=186 v_load=174 qk_dot=12 safe_sm=813 core_acc=12 o_scale=1 o_store=10 kv_dma_issue=0 kv_dma_wait=0 kv_transform=0
FIG8_ATTENTION_TIMERS mode=scna-int8 scna_function=0 scna_kernel=0 scna_pipeline=0 phase=measure iteration=1 lut_exp=0 nonlinear_mode=2 scna_width=8 scna_exp=629 qo_len=32 kv_len=4096 n_heads=12 n_kv_heads=2 head_dim=128 kv_head=1 worker=0 profiled_total=1225 q_load=7 k_load=195 v_load=172 qk_dot=12 safe_sm=816 core_acc=11 o_scale=2 o_store=10 kv_dma_issue=0 kv_dma_wait=0 kv_transform=0
FIG8_ATTENTION_EVENT_COUNT mode=scna-int8 qo_len=32 phase=measure iteration=1 events=16 max_events=24896 overflow=0
FIG8_ATTENTION_HOST_TIMING mode=scna-int8 scna_function=exp2 scna_kernel=direct scna_pipeline=off scna_width=8 qo_len=32 kv_len=4096 n_heads=12 n_kv_heads=2 head_dim=128 phase=measure iteration=2 host_elapsed_us=2735 ret=0
FIG8_ATTENTION_PROFILE_COUNT mode=scna-int8 qo_len=32 phase=measure iteration=2 records=2 max_records=10
FIG8_ATTENTION_TIMERS mode=scna-int8 scna_function=0 scna_kernel=0 scna_pipeline=0 phase=measure iteration=2 lut_exp=0 nonlinear_mode=2 scna_width=8 scna_exp=629 qo_len=32 kv_len=4096 n_heads=12 n_kv_heads=2 head_dim=128 kv_head=0 worker=0 profiled_total=1209 q_load=8 k_load=183 v_load=162 qk_dot=12 safe_sm=822 core_acc=11 o_scale=1 o_store=10 kv_dma_issue=0 kv_dma_wait=0 kv_transform=0
FIG8_ATTENTION_TIMERS mode=scna-int8 scna_function=0 scna_kernel=0 scna_pipeline=0 phase=measure iteration=2 lut_exp=0 nonlinear_mode=2 scna_width=8 scna_exp=629 qo_len=32 kv_len=4096 n_heads=12 n_kv_heads=2 head_dim=128 kv_head=1 worker=0 profiled_total=1227 q_load=7 k_load=201 v_load=170 qk_dot=12 safe_sm=814 core_acc=11 o_scale=2 o_store=10 kv_dma_issue=0 kv_dma_wait=0 kv_transform=0
FIG8_ATTENTION_EVENT_COUNT mode=scna-int8 qo_len=32 phase=measure iteration=2 events=16 max_events=24896 overflow=0
FIG8_ATTENTION_HOST_TIMING mode=scna-int8 scna_function=exp2 scna_kernel=direct scna_pipeline=off scna_width=8 qo_len=32 kv_len=4096 n_heads=12 n_kv_heads=2 head_dim=128 phase=measure iteration=3 host_elapsed_us=2770 ret=0
FIG8_ATTENTION_PROFILE_COUNT mode=scna-int8 qo_len=32 phase=measure iteration=3 records=2 max_records=10
FIG8_ATTENTION_TIMERS mode=scna-int8 scna_function=0 scna_kernel=0 scna_pipeline=0 phase=measure iteration=3 lut_exp=0 nonlinear_mode=2 scna_width=8 scna_exp=628 qo_len=32 kv_len=4096 n_heads=12 n_kv_heads=2 head_dim=128 kv_head=0 worker=0 profiled_total=1216 q_load=9 k_load=183 v_load=172 qk_dot=12 safe_sm=818 core_acc=11 o_scale=1 o_store=10 kv_dma_issue=0 kv_dma_wait=0 kv_transform=0
FIG8_ATTENTION_TIMERS mode=scna-int8 scna_function=0 scna_kernel=0 scna_pipeline=0 phase=measure iteration=3 lut_exp=0 nonlinear_mode=2 scna_width=8 scna_exp=630 qo_len=32 kv_len=4096 n_heads=12 n_kv_heads=2 head_dim=128 kv_head=1 worker=0 profiled_total=1232 q_load=8 k_load=203 v_load=173 qk_dot=12 safe_sm=813 core_acc=11 o_scale=2 o_store=10 kv_dma_issue=0 kv_dma_wait=0 kv_transform=0
FIG8_ATTENTION_EVENT_COUNT mode=scna-int8 qo_len=32 phase=measure iteration=3 events=16 max_events=24896 overflow=0
FIG8_ATTENTION_HOST_TIMING mode=scna-int8 scna_function=exp2 scna_kernel=direct scna_pipeline=off scna_width=8 qo_len=32 kv_len=4096 n_heads=12 n_kv_heads=2 head_dim=128 phase=measure iteration=4 host_elapsed_us=2791 ret=0
FIG8_ATTENTION_PROFILE_COUNT mode=scna-int8 qo_len=32 phase=measure iteration=4 records=2 max_records=10
FIG8_ATTENTION_TIMERS mode=scna-int8 scna_function=0 scna_kernel=0 scna_pipeline=0 phase=measure iteration=4 lut_exp=0 nonlinear_mode=2 scna_width=8 scna_exp=628 qo_len=32 kv_len=4096 n_heads=12 n_kv_heads=2 head_dim=128 kv_head=0 worker=0 profiled_total=1213 q_load=8 k_load=183 v_load=171 qk_dot=12 safe_sm=817 core_acc=11 o_scale=1 o_store=10 kv_dma_issue=0 kv_dma_wait=0 kv_transform=0
FIG8_ATTENTION_TIMERS mode=scna-int8 scna_function=0 scna_kernel=0 scna_pipeline=0 phase=measure iteration=4 lut_exp=0 nonlinear_mode=2 scna_width=8 scna_exp=629 qo_len=32 kv_len=4096 n_heads=12 n_kv_heads=2 head_dim=128 kv_head=1 worker=0 profiled_total=1239 q_load=8 k_load=212 v_load=171 qk_dot=12 safe_sm=813 core_acc=11 o_scale=2 o_store=10 kv_dma_issue=0 kv_dma_wait=0 kv_transform=0
FIG8_ATTENTION_EVENT_COUNT mode=scna-int8 qo_len=32 phase=measure iteration=4 events=16 max_events=24896 overflow=0
FIG8_ATTENTION_HOST_TIMING mode=scna-int8 scna_function=exp2 scna_kernel=direct scna_pipeline=off scna_width=8 qo_len=32 kv_len=4096 n_heads=12 n_kv_heads=2 head_dim=128 phase=measure iteration=5 host_elapsed_us=2739 ret=0
FIG8_ATTENTION_PROFILE_COUNT mode=scna-int8 qo_len=32 phase=measure iteration=5 records=2 max_records=10
FIG8_ATTENTION_TIMERS mode=scna-int8 scna_function=0 scna_kernel=0 scna_pipeline=0 phase=measure iteration=5 lut_exp=0 nonlinear_mode=2 scna_width=8 scna_exp=627 qo_len=32 kv_len=4096 n_heads=12 n_kv_heads=2 head_dim=128 kv_head=0 worker=0 profiled_total=1202 q_load=8 k_load=182 v_load=164 qk_dot=12 safe_sm=814 core_acc=11 o_scale=1 o_store=10 kv_dma_issue=0 kv_dma_wait=0 kv_transform=0
FIG8_ATTENTION_TIMERS mode=scna-int8 scna_function=0 scna_kernel=0 scna_pipeline=0 phase=measure iteration=5 lut_exp=0 nonlinear_mode=2 scna_width=8 scna_exp=629 qo_len=32 kv_len=4096 n_heads=12 n_kv_heads=2 head_dim=128 kv_head=1 worker=0 profiled_total=1231 q_load=8 k_load=204 v_load=172 qk_dot=12 safe_sm=811 core_acc=12 o_scale=2 o_store=10 kv_dma_issue=0 kv_dma_wait=0 kv_transform=0
FIG8_ATTENTION_EVENT_COUNT mode=scna-int8 qo_len=32 phase=measure iteration=5 events=16 max_events=24896 overflow=0
FIG8_ATTENTION_HOST_TIMING mode=scna-int8 scna_function=exp2 scna_kernel=direct scna_pipeline=off scna_width=8 qo_len=32 kv_len=4096 n_heads=12 n_kv_heads=2 head_dim=128 phase=measure iteration=6 host_elapsed_us=2727 ret=0
FIG8_ATTENTION_PROFILE_COUNT mode=scna-int8 qo_len=32 phase=measure iteration=6 records=2 max_records=10
FIG8_ATTENTION_TIMERS mode=scna-int8 scna_function=0 scna_kernel=0 scna_pipeline=0 phase=measure iteration=6 lut_exp=0 nonlinear_mode=2 scna_width=8 scna_exp=628 qo_len=32 kv_len=4096 n_heads=12 n_kv_heads=2 head_dim=128 kv_head=0 worker=0 profiled_total=1206 q_load=8 k_load=183 v_load=167 qk_dot=12 safe_sm=814 core_acc=11 o_scale=1 o_store=10 kv_dma_issue=0 kv_dma_wait=0 kv_transform=0
FIG8_ATTENTION_TIMERS mode=scna-int8 scna_function=0 scna_kernel=0 scna_pipeline=0 phase=measure iteration=6 lut_exp=0 nonlinear_mode=2 scna_width=8 scna_exp=629 qo_len=32 kv_len=4096 n_heads=12 n_kv_heads=2 head_dim=128 kv_head=1 worker=0 profiled_total=1232 q_load=8 k_load=210 v_load=174 qk_dot=12 safe_sm=805 core_acc=11 o_scale=2 o_store=10 kv_dma_issue=0 kv_dma_wait=0 kv_transform=0
FIG8_ATTENTION_EVENT_COUNT mode=scna-int8 qo_len=32 phase=measure iteration=6 events=16 max_events=24896 overflow=0
FIG8_ATTENTION_HOST_TIMING mode=scna-int8 scna_function=exp2 scna_kernel=direct scna_pipeline=off scna_width=8 qo_len=32 kv_len=4096 n_heads=12 n_kv_heads=2 head_dim=128 phase=measure iteration=7 host_elapsed_us=2784 ret=0
FIG8_ATTENTION_PROFILE_COUNT mode=scna-int8 qo_len=32 phase=measure iteration=7 records=2 max_records=10
FIG8_ATTENTION_TIMERS mode=scna-int8 scna_function=0 scna_kernel=0 scna_pipeline=0 phase=measure iteration=7 lut_exp=0 nonlinear_mode=2 scna_width=8 scna_exp=628 qo_len=32 kv_len=4096 n_heads=12 n_kv_heads=2 head_dim=128 kv_head=0 worker=0 profiled_total=1214 q_load=8 k_load=181 v_load=173 qk_dot=12 safe_sm=818 core_acc=11 o_scale=1 o_store=10 kv_dma_issue=0 kv_dma_wait=0 kv_transform=0
FIG8_ATTENTION_TIMERS mode=scna-int8 scna_function=0 scna_kernel=0 scna_pipeline=0 phase=measure iteration=7 lut_exp=0 nonlinear_mode=2 scna_width=8 scna_exp=628 qo_len=32 kv_len=4096 n_heads=12 n_kv_heads=2 head_dim=128 kv_head=1 worker=0 profiled_total=1240 q_load=8 k_load=210 v_load=173 qk_dot=12 safe_sm=813 core_acc=12 o_scale=2 o_store=10 kv_dma_issue=0 kv_dma_wait=0 kv_transform=0
FIG8_ATTENTION_EVENT_COUNT mode=scna-int8 qo_len=32 phase=measure iteration=7 events=16 max_events=24896 overflow=0
FIG8_ATTENTION_HOST_TIMING mode=scna-int8 scna_function=exp2 scna_kernel=direct scna_pipeline=off scna_width=8 qo_len=32 kv_len=4096 n_heads=12 n_kv_heads=2 head_dim=128 phase=measure iteration=8 host_elapsed_us=2811 ret=0
FIG8_ATTENTION_PROFILE_COUNT mode=scna-int8 qo_len=32 phase=measure iteration=8 records=2 max_records=10
FIG8_ATTENTION_TIMERS mode=scna-int8 scna_function=0 scna_kernel=0 scna_pipeline=0 phase=measure iteration=8 lut_exp=0 nonlinear_mode=2 scna_width=8 scna_exp=627 qo_len=32 kv_len=4096 n_heads=12 n_kv_heads=2 head_dim=128 kv_head=0 worker=0 profiled_total=1213 q_load=8 k_load=183 v_load=171 qk_dot=12 safe_sm=817 core_acc=11 o_scale=1 o_store=10 kv_dma_issue=0 kv_dma_wait=0 kv_transform=0
FIG8_ATTENTION_TIMERS mode=scna-int8 scna_function=0 scna_kernel=0 scna_pipeline=0 phase=measure iteration=8 lut_exp=0 nonlinear_mode=2 scna_width=8 scna_exp=629 qo_len=32 kv_len=4096 n_heads=12 n_kv_heads=2 head_dim=128 kv_head=1 worker=0 profiled_total=1236 q_load=8 k_load=210 v_load=170 qk_dot=12 safe_sm=812 core_acc=12 o_scale=2 o_store=10 kv_dma_issue=0 kv_dma_wait=0 kv_transform=0
FIG8_ATTENTION_EVENT_COUNT mode=scna-int8 qo_len=32 phase=measure iteration=8 events=16 max_events=24896 overflow=0
FIG8_ATTENTION_HOST_TIMING mode=scna-int8 scna_function=exp2 scna_kernel=direct scna_pipeline=off scna_width=8 qo_len=32 kv_len=4096 n_heads=12 n_kv_heads=2 head_dim=128 phase=measure iteration=9 host_elapsed_us=2790 ret=0
FIG8_ATTENTION_PROFILE_COUNT mode=scna-int8 qo_len=32 phase=measure iteration=9 records=2 max_records=10
FIG8_ATTENTION_TIMERS mode=scna-int8 scna_function=0 scna_kernel=0 scna_pipeline=0 phase=measure iteration=9 lut_exp=0 nonlinear_mode=2 scna_width=8 scna_exp=627 qo_len=32 kv_len=4096 n_heads=12 n_kv_heads=2 head_dim=128 kv_head=0 worker=0 profiled_total=1217 q_load=8 k_load=181 v_load=172 qk_dot=12 safe_sm=821 core_acc=12 o_scale=1 o_store=10 kv_dma_issue=0 kv_dma_wait=0 kv_transform=0
FIG8_ATTENTION_TIMERS mode=scna-int8 scna_function=0 scna_kernel=0 scna_pipeline=0 phase=measure iteration=9 lut_exp=0 nonlinear_mode=2 scna_width=8 scna_exp=629 qo_len=32 kv_len=4096 n_heads=12 n_kv_heads=2 head_dim=128 kv_head=1 worker=0 profiled_total=1239 q_load=8 k_load=210 v_load=173 qk_dot=12 safe_sm=813 core_acc=11 o_scale=2 o_store=10 kv_dma_issue=0 kv_dma_wait=0 kv_transform=0
FIG8_ATTENTION_EVENT_COUNT mode=scna-int8 qo_len=32 phase=measure iteration=9 events=16 max_events=24896 overflow=0
FIG8_ATTENTION_HOST_TIMING mode=scna-int8 scna_function=exp2 scna_kernel=direct scna_pipeline=off scna_width=8 qo_len=32 kv_len=4096 n_heads=12 n_kv_heads=2 head_dim=128 phase=measure iteration=10 host_elapsed_us=2803 ret=0
FIG8_ATTENTION_PROFILE_COUNT mode=scna-int8 qo_len=32 phase=measure iteration=10 records=2 max_records=10
FIG8_ATTENTION_TIMERS mode=scna-int8 scna_function=0 scna_kernel=0 scna_pipeline=0 phase=measure iteration=10 lut_exp=0 nonlinear_mode=2 scna_width=8 scna_exp=627 qo_len=32 kv_len=4096 n_heads=12 n_kv_heads=2 head_dim=128 kv_head=0 worker=0 profiled_total=1209 q_load=8 k_load=179 v_load=169 qk_dot=12 safe_sm=819 core_acc=11 o_scale=1 o_store=10 kv_dma_issue=0 kv_dma_wait=0 kv_transform=0
FIG8_ATTENTION_TIMERS mode=scna-int8 scna_function=0 scna_kernel=0 scna_pipeline=0 phase=measure iteration=10 lut_exp=0 nonlinear_mode=2 scna_width=8 scna_exp=630 qo_len=32 kv_len=4096 n_heads=12 n_kv_heads=2 head_dim=128 kv_head=1 worker=0 profiled_total=1242 q_load=8 k_load=213 v_load=172 qk_dot=12 safe_sm=814 core_acc=11 o_scale=2 o_store=10 kv_dma_issue=0 kv_dma_wait=0 kv_transform=0
FIG8_ATTENTION_EVENT_COUNT mode=scna-int8 qo_len=32 phase=measure iteration=10 events=16 max_events=24896 overflow=0
FIG8_ATTENTION_HOST_TIMING mode=scna-int8 scna_function=exp2 scna_kernel=direct scna_pipeline=off scna_width=8 qo_len=32 kv_len=4096 n_heads=12 n_kv_heads=2 head_dim=128 phase=measure iteration=11 host_elapsed_us=2780 ret=0
FIG8_ATTENTION_PROFILE_COUNT mode=scna-int8 qo_len=32 phase=measure iteration=11 records=2 max_records=10
FIG8_ATTENTION_TIMERS mode=scna-int8 scna_function=0 scna_kernel=0 scna_pipeline=0 phase=measure iteration=11 lut_exp=0 nonlinear_mode=2 scna_width=8 scna_exp=628 qo_len=32 kv_len=4096 n_heads=12 n_kv_heads=2 head_dim=128 kv_head=0 worker=0 profiled_total=1213 q_load=8 k_load=182 v_load=172 qk_dot=12 safe_sm=817 core_acc=11 o_scale=1 o_store=10 kv_dma_issue=0 kv_dma_wait=0 kv_transform=0
FIG8_ATTENTION_TIMERS mode=scna-int8 scna_function=0 scna_kernel=0 scna_pipeline=0 phase=measure iteration=11 lut_exp=0 nonlinear_mode=2 scna_width=8 scna_exp=629 qo_len=32 kv_len=4096 n_heads=12 n_kv_heads=2 head_dim=128 kv_head=1 worker=0 profiled_total=1236 q_load=8 k_load=206 v_load=173 qk_dot=12 safe_sm=814 core_acc=11 o_scale=2 o_store=10 kv_dma_issue=0 kv_dma_wait=0 kv_transform=0
FIG8_ATTENTION_EVENT_COUNT mode=scna-int8 qo_len=32 phase=measure iteration=11 events=16 max_events=24896 overflow=0
FIG8_ATTENTION_HOST_TIMING mode=scna-int8 scna_function=exp2 scna_kernel=direct scna_pipeline=off scna_width=8 qo_len=32 kv_len=4096 n_heads=12 n_kv_heads=2 head_dim=128 phase=measure iteration=12 host_elapsed_us=2817 ret=0
FIG8_ATTENTION_PROFILE_COUNT mode=scna-int8 qo_len=32 phase=measure iteration=12 records=2 max_records=10
FIG8_ATTENTION_TIMERS mode=scna-int8 scna_function=0 scna_kernel=0 scna_pipeline=0 phase=measure iteration=12 lut_exp=0 nonlinear_mode=2 scna_width=8 scna_exp=627 qo_len=32 kv_len=4096 n_heads=12 n_kv_heads=2 head_dim=128 kv_head=0 worker=0 profiled_total=1201 q_load=8 k_load=180 v_load=162 qk_dot=12 safe_sm=817 core_acc=11 o_scale=1 o_store=10 kv_dma_issue=0 kv_dma_wait=0 kv_transform=0
FIG8_ATTENTION_TIMERS mode=scna-int8 scna_function=0 scna_kernel=0 scna_pipeline=0 phase=measure iteration=12 lut_exp=0 nonlinear_mode=2 scna_width=8 scna_exp=629 qo_len=32 kv_len=4096 n_heads=12 n_kv_heads=2 head_dim=128 kv_head=1 worker=0 profiled_total=1228 q_load=8 k_load=209 v_load=168 qk_dot=12 safe_sm=808 core_acc=11 o_scale=2 o_store=10 kv_dma_issue=0 kv_dma_wait=0 kv_transform=0
FIG8_ATTENTION_EVENT_COUNT mode=scna-int8 qo_len=32 phase=measure iteration=12 events=16 max_events=24896 overflow=0
FIG8_ATTENTION_HOST_TIMING mode=scna-int8 scna_function=exp2 scna_kernel=direct scna_pipeline=off scna_width=8 qo_len=32 kv_len=4096 n_heads=12 n_kv_heads=2 head_dim=128 phase=measure iteration=13 host_elapsed_us=2765 ret=0
FIG8_ATTENTION_PROFILE_COUNT mode=scna-int8 qo_len=32 phase=measure iteration=13 records=2 max_records=10
FIG8_ATTENTION_TIMERS mode=scna-int8 scna_function=0 scna_kernel=0 scna_pipeline=0 phase=measure iteration=13 lut_exp=0 nonlinear_mode=2 scna_width=8 scna_exp=627 qo_len=32 kv_len=4096 n_heads=12 n_kv_heads=2 head_dim=128 kv_head=0 worker=0 profiled_total=1210 q_load=8 k_load=181 v_load=170 qk_dot=12 safe_sm=817 core_acc=11 o_scale=1 o_store=10 kv_dma_issue=0 kv_dma_wait=0 kv_transform=0
FIG8_ATTENTION_TIMERS mode=scna-int8 scna_function=0 scna_kernel=0 scna_pipeline=0 phase=measure iteration=13 lut_exp=0 nonlinear_mode=2 scna_width=8 scna_exp=629 qo_len=32 kv_len=4096 n_heads=12 n_kv_heads=2 head_dim=128 kv_head=1 worker=0 profiled_total=1237 q_load=8 k_load=207 v_load=174 qk_dot=12 safe_sm=813 core_acc=11 o_scale=2 o_store=10 kv_dma_issue=0 kv_dma_wait=0 kv_transform=0
FIG8_ATTENTION_EVENT_COUNT mode=scna-int8 qo_len=32 phase=measure iteration=13 events=16 max_events=24896 overflow=0
FIG8_ATTENTION_HOST_TIMING mode=scna-int8 scna_function=exp2 scna_kernel=direct scna_pipeline=off scna_width=8 qo_len=32 kv_len=4096 n_heads=12 n_kv_heads=2 head_dim=128 phase=measure iteration=14 host_elapsed_us=2767 ret=0
FIG8_ATTENTION_PROFILE_COUNT mode=scna-int8 qo_len=32 phase=measure iteration=14 records=2 max_records=10
FIG8_ATTENTION_TIMERS mode=scna-int8 scna_function=0 scna_kernel=0 scna_pipeline=0 phase=measure iteration=14 lut_exp=0 nonlinear_mode=2 scna_width=8 scna_exp=628 qo_len=32 kv_len=4096 n_heads=12 n_kv_heads=2 head_dim=128 kv_head=0 worker=0 profiled_total=1212 q_load=8 k_load=181 v_load=171 qk_dot=12 safe_sm=818 core_acc=11 o_scale=1 o_store=10 kv_dma_issue=0 kv_dma_wait=0 kv_transform=0
FIG8_ATTENTION_TIMERS mode=scna-int8 scna_function=0 scna_kernel=0 scna_pipeline=0 phase=measure iteration=14 lut_exp=0 nonlinear_mode=2 scna_width=8 scna_exp=629 qo_len=32 kv_len=4096 n_heads=12 n_kv_heads=2 head_dim=128 kv_head=1 worker=0 profiled_total=1236 q_load=8 k_load=207 v_load=174 qk_dot=12 safe_sm=813 core_acc=11 o_scale=1 o_store=10 kv_dma_issue=0 kv_dma_wait=0 kv_transform=0
FIG8_ATTENTION_EVENT_COUNT mode=scna-int8 qo_len=32 phase=measure iteration=14 events=16 max_events=24896 overflow=0
FIG8_ATTENTION_HOST_TIMING mode=scna-int8 scna_function=exp2 scna_kernel=direct scna_pipeline=off scna_width=8 qo_len=32 kv_len=4096 n_heads=12 n_kv_heads=2 head_dim=128 phase=measure iteration=15 host_elapsed_us=2799 ret=0
FIG8_ATTENTION_PROFILE_COUNT mode=scna-int8 qo_len=32 phase=measure iteration=15 records=2 max_records=10
FIG8_ATTENTION_TIMERS mode=scna-int8 scna_function=0 scna_kernel=0 scna_pipeline=0 phase=measure iteration=15 lut_exp=0 nonlinear_mode=2 scna_width=8 scna_exp=627 qo_len=32 kv_len=4096 n_heads=12 n_kv_heads=2 head_dim=128 kv_head=0 worker=0 profiled_total=1207 q_load=8 k_load=180 v_load=169 qk_dot=12 safe_sm=816 core_acc=11 o_scale=1 o_store=10 kv_dma_issue=0 kv_dma_wait=0 kv_transform=0
FIG8_ATTENTION_TIMERS mode=scna-int8 scna_function=0 scna_kernel=0 scna_pipeline=0 phase=measure iteration=15 lut_exp=0 nonlinear_mode=2 scna_width=8 scna_exp=629 qo_len=32 kv_len=4096 n_heads=12 n_kv_heads=2 head_dim=128 kv_head=1 worker=0 profiled_total=1237 q_load=8 k_load=209 v_load=172 qk_dot=12 safe_sm=813 core_acc=11 o_scale=2 o_store=10 kv_dma_issue=0 kv_dma_wait=0 kv_transform=0
FIG8_ATTENTION_EVENT_COUNT mode=scna-int8 qo_len=32 phase=measure iteration=15 events=16 max_events=24896 overflow=0
FIG8_ATTENTION_HOST_TIMING mode=scna-int8 scna_function=exp2 scna_kernel=direct scna_pipeline=off scna_width=8 qo_len=32 kv_len=4096 n_heads=12 n_kv_heads=2 head_dim=128 phase=measure iteration=16 host_elapsed_us=2811 ret=0
FIG8_ATTENTION_PROFILE_COUNT mode=scna-int8 qo_len=32 phase=measure iteration=16 records=2 max_records=10
FIG8_ATTENTION_TIMERS mode=scna-int8 scna_function=0 scna_kernel=0 scna_pipeline=0 phase=measure iteration=16 lut_exp=0 nonlinear_mode=2 scna_width=8 scna_exp=628 qo_len=32 kv_len=4096 n_heads=12 n_kv_heads=2 head_dim=128 kv_head=0 worker=0 profiled_total=1210 q_load=8 k_load=180 v_load=171 qk_dot=12 safe_sm=817 core_acc=11 o_scale=1 o_store=10 kv_dma_issue=0 kv_dma_wait=0 kv_transform=0
FIG8_ATTENTION_TIMERS mode=scna-int8 scna_function=0 scna_kernel=0 scna_pipeline=0 phase=measure iteration=16 lut_exp=0 nonlinear_mode=2 scna_width=8 scna_exp=628 qo_len=32 kv_len=4096 n_heads=12 n_kv_heads=2 head_dim=128 kv_head=1 worker=0 profiled_total=1227 q_load=8 k_load=201 v_load=169 qk_dot=12 safe_sm=814 core_acc=11 o_scale=2 o_store=10 kv_dma_issue=0 kv_dma_wait=0 kv_transform=0
FIG8_ATTENTION_EVENT_COUNT mode=scna-int8 qo_len=32 phase=measure iteration=16 events=16 max_events=24896 overflow=0
FIG8_ATTENTION_HOST_TIMING mode=scna-int8 scna_function=exp2 scna_kernel=direct scna_pipeline=off scna_width=8 qo_len=32 kv_len=4096 n_heads=12 n_kv_heads=2 head_dim=128 phase=measure iteration=17 host_elapsed_us=2765 ret=0
FIG8_ATTENTION_PROFILE_COUNT mode=scna-int8 qo_len=32 phase=measure iteration=17 records=2 max_records=10
FIG8_ATTENTION_TIMERS mode=scna-int8 scna_function=0 scna_kernel=0 scna_pipeline=0 phase=measure iteration=17 lut_exp=0 nonlinear_mode=2 scna_width=8 scna_exp=627 qo_len=32 kv_len=4096 n_heads=12 n_kv_heads=2 head_dim=128 kv_head=0 worker=0 profiled_total=1209 q_load=8 k_load=180 v_load=169 qk_dot=12 safe_sm=817 core_acc=12 o_scale=1 o_store=10 kv_dma_issue=0 kv_dma_wait=0 kv_transform=0
FIG8_ATTENTION_TIMERS mode=scna-int8 scna_function=0 scna_kernel=0 scna_pipeline=0 phase=measure iteration=17 lut_exp=0 nonlinear_mode=2 scna_width=8 scna_exp=629 qo_len=32 kv_len=4096 n_heads=12 n_kv_heads=2 head_dim=128 kv_head=1 worker=0 profiled_total=1238 q_load=8 k_load=208 v_load=174 qk_dot=12 safe_sm=813 core_acc=11 o_scale=2 o_store=10 kv_dma_issue=0 kv_dma_wait=0 kv_transform=0
FIG8_ATTENTION_EVENT_COUNT mode=scna-int8 qo_len=32 phase=measure iteration=17 events=16 max_events=24896 overflow=0
FIG8_ATTENTION_HOST_TIMING mode=scna-int8 scna_function=exp2 scna_kernel=direct scna_pipeline=off scna_width=8 qo_len=32 kv_len=4096 n_heads=12 n_kv_heads=2 head_dim=128 phase=measure iteration=18 host_elapsed_us=2728 ret=0
FIG8_ATTENTION_PROFILE_COUNT mode=scna-int8 qo_len=32 phase=measure iteration=18 records=2 max_records=10
FIG8_ATTENTION_TIMERS mode=scna-int8 scna_function=0 scna_kernel=0 scna_pipeline=0 phase=measure iteration=18 lut_exp=0 nonlinear_mode=2 scna_width=8 scna_exp=627 qo_len=32 kv_len=4096 n_heads=12 n_kv_heads=2 head_dim=128 kv_head=0 worker=0 profiled_total=1200 q_load=8 k_load=180 v_load=162 qk_dot=12 safe_sm=815 core_acc=12 o_scale=1 o_store=10 kv_dma_issue=0 kv_dma_wait=0 kv_transform=0
FIG8_ATTENTION_TIMERS mode=scna-int8 scna_function=0 scna_kernel=0 scna_pipeline=0 phase=measure iteration=18 lut_exp=0 nonlinear_mode=2 scna_width=8 scna_exp=629 qo_len=32 kv_len=4096 n_heads=12 n_kv_heads=2 head_dim=128 kv_head=1 worker=0 profiled_total=1233 q_load=8 k_load=206 v_load=169 qk_dot=12 safe_sm=815 core_acc=11 o_scale=2 o_store=10 kv_dma_issue=0 kv_dma_wait=0 kv_transform=0
FIG8_ATTENTION_EVENT_COUNT mode=scna-int8 qo_len=32 phase=measure iteration=18 events=16 max_events=24896 overflow=0
FIG8_ATTENTION_HOST_TIMING mode=scna-int8 scna_function=exp2 scna_kernel=direct scna_pipeline=off scna_width=8 qo_len=32 kv_len=4096 n_heads=12 n_kv_heads=2 head_dim=128 phase=measure iteration=19 host_elapsed_us=2757 ret=0
FIG8_ATTENTION_PROFILE_COUNT mode=scna-int8 qo_len=32 phase=measure iteration=19 records=2 max_records=10
FIG8_ATTENTION_TIMERS mode=scna-int8 scna_function=0 scna_kernel=0 scna_pipeline=0 phase=measure iteration=19 lut_exp=0 nonlinear_mode=2 scna_width=8 scna_exp=627 qo_len=32 kv_len=4096 n_heads=12 n_kv_heads=2 head_dim=128 kv_head=0 worker=0 profiled_total=1210 q_load=8 k_load=181 v_load=171 qk_dot=12 safe_sm=816 core_acc=11 o_scale=1 o_store=10 kv_dma_issue=0 kv_dma_wait=0 kv_transform=0
FIG8_ATTENTION_TIMERS mode=scna-int8 scna_function=0 scna_kernel=0 scna_pipeline=0 phase=measure iteration=19 lut_exp=0 nonlinear_mode=2 scna_width=8 scna_exp=628 qo_len=32 kv_len=4096 n_heads=12 n_kv_heads=2 head_dim=128 kv_head=1 worker=0 profiled_total=1234 q_load=8 k_load=207 v_load=174 qk_dot=12 safe_sm=810 core_acc=11 o_scale=2 o_store=10 kv_dma_issue=0 kv_dma_wait=0 kv_transform=0
FIG8_ATTENTION_EVENT_COUNT mode=scna-int8 qo_len=32 phase=measure iteration=19 events=16 max_events=24896 overflow=0
