alloc_shared_mem_buf: buf=0x7e69e20000 fd=12 size=98304 flags=FASTRPC_MAP_FD
alloc_shared_mem_buf: buf=0x7bd1a00000 fd=13 size=2097152 flags=FASTRPC_MAP_FD
alloc_shared_mem_buf: buf=0x7bd1800000 fd=14 size=2097152 flags=FASTRPC_MAP_FD
alloc_shared_mem_buf: buf=0x7e69020000 fd=15 size=98304 flags=FASTRPC_MAP_FD
alloc_shared_mem_buf: buf=0x7e68db0000 fd=16 size=131072 flags=FASTRPC_MAP_FD
alloc_shared_mem_buf: buf=0x7bd1ce0000 fd=17 size=902912 flags=FASTRPC_MAP_FD
alloc_shared_mem_buf: buf=0x7e6a3df000 fd=18 size=4096 flags=FASTRPC_MAP_FD
No-op channel request completed
FIG8_ATTENTION_CONFIG mode=scna-int8 scna_function=exp scna_kernel=direct scna_pipeline=on mask_mode=full qo_len=16 kv_len=4096 n_heads=12 n_kv_heads=2 head_dim=128 warmup=5 iters=20 scna_width=8 q_size=98304 kv_size=2097152 mask_size=131072 profile_size=902912 profile_max_records=10 profile_max_events=12512 mode_flags=2200 print_events=0
FIG8_ATTENTION_HOST_TIMING mode=scna-int8 scna_function=exp scna_kernel=direct scna_pipeline=on scna_width=8 qo_len=16 kv_len=4096 n_heads=12 n_kv_heads=2 head_dim=128 phase=warmup iteration=0 host_elapsed_us=1428 ret=0
FIG8_ATTENTION_PROFILE_COUNT mode=scna-int8 qo_len=16 phase=warmup iteration=0 records=2 max_records=10
FIG8_ATTENTION_TIMERS mode=scna-int8 scna_function=1 scna_kernel=0 scna_pipeline=1 phase=warmup iteration=0 lut_exp=0 nonlinear_mode=2 scna_width=8 scna_exp=323 qo_len=16 kv_len=4096 n_heads=12 n_kv_heads=2 head_dim=128 kv_head=0 worker=0 profiled_total=567 q_load=4 k_load=66 v_load=51 qk_dot=6 safe_sm=424 core_acc=6 o_scale=2 o_store=8 kv_dma_issue=5 kv_dma_wait=11 kv_transform=97
FIG8_ATTENTION_TIMERS mode=scna-int8 scna_function=1 scna_kernel=0 scna_pipeline=1 phase=warmup iteration=0 lut_exp=0 nonlinear_mode=2 scna_width=8 scna_exp=318 qo_len=16 kv_len=4096 n_heads=12 n_kv_heads=2 head_dim=128 kv_head=1 worker=0 profiled_total=537 q_load=3 k_load=66 v_load=51 qk_dot=6 safe_sm=400 core_acc=5 o_scale=1 o_store=5 kv_dma_issue=5 kv_dma_wait=11 kv_transform=97
FIG8_ATTENTION_EVENT_COUNT mode=scna-int8 qo_len=16 phase=warmup iteration=0 events=16 max_events=12512 overflow=0
FIG8_ATTENTION_HOST_TIMING mode=scna-int8 scna_function=exp scna_kernel=direct scna_pipeline=on scna_width=8 qo_len=16 kv_len=4096 n_heads=12 n_kv_heads=2 head_dim=128 phase=warmup iteration=1 host_elapsed_us=1322 ret=0
FIG8_ATTENTION_PROFILE_COUNT mode=scna-int8 qo_len=16 phase=warmup iteration=1 records=2 max_records=10
FIG8_ATTENTION_TIMERS mode=scna-int8 scna_function=1 scna_kernel=0 scna_pipeline=1 phase=warmup iteration=1 lut_exp=0 nonlinear_mode=2 scna_width=8 scna_exp=313 qo_len=16 kv_len=4096 n_heads=12 n_kv_heads=2 head_dim=128 kv_head=0 worker=0 profiled_total=531 q_load=4 k_load=65 v_load=50 qk_dot=5 safe_sm=396 core_acc=5 o_scale=1 o_store=5 kv_dma_issue=4 kv_dma_wait=12 kv_transform=95
FIG8_ATTENTION_TIMERS mode=scna-int8 scna_function=1 scna_kernel=0 scna_pipeline=1 phase=warmup iteration=1 lut_exp=0 nonlinear_mode=2 scna_width=8 scna_exp=313 qo_len=16 kv_len=4096 n_heads=12 n_kv_heads=2 head_dim=128 kv_head=1 worker=0 profiled_total=516 q_load=3 k_load=65 v_load=51 qk_dot=5 safe_sm=381 core_acc=5 o_scale=1 o_store=5 kv_dma_issue=5 kv_dma_wait=11 kv_transform=96
FIG8_ATTENTION_EVENT_COUNT mode=scna-int8 qo_len=16 phase=warmup iteration=1 events=16 max_events=12512 overflow=0
FIG8_ATTENTION_HOST_TIMING mode=scna-int8 scna_function=exp scna_kernel=direct scna_pipeline=on scna_width=8 qo_len=16 kv_len=4096 n_heads=12 n_kv_heads=2 head_dim=128 phase=warmup iteration=2 host_elapsed_us=1330 ret=0
FIG8_ATTENTION_PROFILE_COUNT mode=scna-int8 qo_len=16 phase=warmup iteration=2 records=2 max_records=10
FIG8_ATTENTION_TIMERS mode=scna-int8 scna_function=1 scna_kernel=0 scna_pipeline=1 phase=warmup iteration=2 lut_exp=0 nonlinear_mode=2 scna_width=8 scna_exp=313 qo_len=16 kv_len=4096 n_heads=12 n_kv_heads=2 head_dim=128 kv_head=0 worker=0 profiled_total=530 q_load=4 k_load=65 v_load=52 qk_dot=6 safe_sm=393 core_acc=4 o_scale=1 o_store=5 kv_dma_issue=4 kv_dma_wait=12 kv_transform=96
FIG8_ATTENTION_TIMERS mode=scna-int8 scna_function=1 scna_kernel=0 scna_pipeline=1 phase=warmup iteration=2 lut_exp=0 nonlinear_mode=2 scna_width=8 scna_exp=314 qo_len=16 kv_len=4096 n_heads=12 n_kv_heads=2 head_dim=128 kv_head=1 worker=0 profiled_total=517 q_load=3 k_load=66 v_load=50 qk_dot=5 safe_sm=382 core_acc=5 o_scale=1 o_store=5 kv_dma_issue=5 kv_dma_wait=11 kv_transform=96
FIG8_ATTENTION_EVENT_COUNT mode=scna-int8 qo_len=16 phase=warmup iteration=2 events=16 max_events=12512 overflow=0
FIG8_ATTENTION_HOST_TIMING mode=scna-int8 scna_function=exp scna_kernel=direct scna_pipeline=on scna_width=8 qo_len=16 kv_len=4096 n_heads=12 n_kv_heads=2 head_dim=128 phase=warmup iteration=3 host_elapsed_us=1319 ret=0
FIG8_ATTENTION_PROFILE_COUNT mode=scna-int8 qo_len=16 phase=warmup iteration=3 records=2 max_records=10
FIG8_ATTENTION_TIMERS mode=scna-int8 scna_function=1 scna_kernel=0 scna_pipeline=1 phase=warmup iteration=3 lut_exp=0 nonlinear_mode=2 scna_width=8 scna_exp=313 qo_len=16 kv_len=4096 n_heads=12 n_kv_heads=2 head_dim=128 kv_head=0 worker=0 profiled_total=532 q_load=4 k_load=65 v_load=50 qk_dot=6 safe_sm=397 core_acc=4 o_scale=1 o_store=5 kv_dma_issue=4 kv_dma_wait=10 kv_transform=97
FIG8_ATTENTION_TIMERS mode=scna-int8 scna_function=1 scna_kernel=0 scna_pipeline=1 phase=warmup iteration=3 lut_exp=0 nonlinear_mode=2 scna_width=8 scna_exp=313 qo_len=16 kv_len=4096 n_heads=12 n_kv_heads=2 head_dim=128 kv_head=1 worker=0 profiled_total=516 q_load=3 k_load=66 v_load=49 qk_dot=6 safe_sm=381 core_acc=5 o_scale=1 o_store=5 kv_dma_issue=4 kv_dma_wait=9 kv_transform=97
FIG8_ATTENTION_EVENT_COUNT mode=scna-int8 qo_len=16 phase=warmup iteration=3 events=16 max_events=12512 overflow=0
FIG8_ATTENTION_HOST_TIMING mode=scna-int8 scna_function=exp scna_kernel=direct scna_pipeline=on scna_width=8 qo_len=16 kv_len=4096 n_heads=12 n_kv_heads=2 head_dim=128 phase=warmup iteration=4 host_elapsed_us=1313 ret=0
FIG8_ATTENTION_PROFILE_COUNT mode=scna-int8 qo_len=16 phase=warmup iteration=4 records=2 max_records=10
FIG8_ATTENTION_TIMERS mode=scna-int8 scna_function=1 scna_kernel=0 scna_pipeline=1 phase=warmup iteration=4 lut_exp=0 nonlinear_mode=2 scna_width=8 scna_exp=313 qo_len=16 kv_len=4096 n_heads=12 n_kv_heads=2 head_dim=128 kv_head=0 worker=0 profiled_total=524 q_load=4 k_load=65 v_load=48 qk_dot=6 safe_sm=391 core_acc=4 o_scale=1 o_store=5 kv_dma_issue=4 kv_dma_wait=9 kv_transform=97
FIG8_ATTENTION_TIMERS mode=scna-int8 scna_function=1 scna_kernel=0 scna_pipeline=1 phase=warmup iteration=4 lut_exp=0 nonlinear_mode=2 scna_width=8 scna_exp=312 qo_len=16 kv_len=4096 n_heads=12 n_kv_heads=2 head_dim=128 kv_head=1 worker=0 profiled_total=515 q_load=3 k_load=66 v_load=49 qk_dot=5 safe_sm=381 core_acc=5 o_scale=1 o_store=5 kv_dma_issue=5 kv_dma_wait=9 kv_transform=97
FIG8_ATTENTION_EVENT_COUNT mode=scna-int8 qo_len=16 phase=warmup iteration=4 events=16 max_events=12512 overflow=0
FIG8_ATTENTION_HOST_TIMING mode=scna-int8 scna_function=exp scna_kernel=direct scna_pipeline=on scna_width=8 qo_len=16 kv_len=4096 n_heads=12 n_kv_heads=2 head_dim=128 phase=measure iteration=0 host_elapsed_us=1343 ret=0
FIG8_ATTENTION_PROFILE_COUNT mode=scna-int8 qo_len=16 phase=measure iteration=0 records=2 max_records=10
FIG8_ATTENTION_TIMERS mode=scna-int8 scna_function=1 scna_kernel=0 scna_pipeline=1 phase=measure iteration=0 lut_exp=0 nonlinear_mode=2 scna_width=8 scna_exp=313 qo_len=16 kv_len=4096 n_heads=12 n_kv_heads=2 head_dim=128 kv_head=0 worker=0 profiled_total=525 q_load=4 k_load=65 v_load=48 qk_dot=6 safe_sm=392 core_acc=4 o_scale=1 o_store=5 kv_dma_issue=4 kv_dma_wait=9 kv_transform=96
FIG8_ATTENTION_TIMERS mode=scna-int8 scna_function=1 scna_kernel=0 scna_pipeline=1 phase=measure iteration=0 lut_exp=0 nonlinear_mode=2 scna_width=8 scna_exp=312 qo_len=16 kv_len=4096 n_heads=12 n_kv_heads=2 head_dim=128 kv_head=1 worker=0 profiled_total=513 q_load=3 k_load=66 v_load=48 qk_dot=6 safe_sm=379 core_acc=5 o_scale=1 o_store=5 kv_dma_issue=5 kv_dma_wait=9 kv_transform=97
FIG8_ATTENTION_EVENT_COUNT mode=scna-int8 qo_len=16 phase=measure iteration=0 events=16 max_events=12512 overflow=0
FIG8_ATTENTION_HOST_TIMING mode=scna-int8 scna_function=exp scna_kernel=direct scna_pipeline=on scna_width=8 qo_len=16 kv_len=4096 n_heads=12 n_kv_heads=2 head_dim=128 phase=measure iteration=1 host_elapsed_us=1322 ret=0
FIG8_ATTENTION_PROFILE_COUNT mode=scna-int8 qo_len=16 phase=measure iteration=1 records=2 max_records=10
FIG8_ATTENTION_TIMERS mode=scna-int8 scna_function=1 scna_kernel=0 scna_pipeline=1 phase=measure iteration=1 lut_exp=0 nonlinear_mode=2 scna_width=8 scna_exp=312 qo_len=16 kv_len=4096 n_heads=12 n_kv_heads=2 head_dim=128 kv_head=0 worker=0 profiled_total=525 q_load=4 k_load=65 v_load=49 qk_dot=6 safe_sm=391 core_acc=4 o_scale=1 o_store=5 kv_dma_issue=4 kv_dma_wait=9 kv_transform=97
FIG8_ATTENTION_TIMERS mode=scna-int8 scna_function=1 scna_kernel=0 scna_pipeline=1 phase=measure iteration=1 lut_exp=0 nonlinear_mode=2 scna_width=8 scna_exp=312 qo_len=16 kv_len=4096 n_heads=12 n_kv_heads=2 head_dim=128 kv_head=1 worker=0 profiled_total=515 q_load=3 k_load=66 v_load=49 qk_dot=6 safe_sm=380 core_acc=5 o_scale=1 o_store=5 kv_dma_issue=4 kv_dma_wait=9 kv_transform=97
FIG8_ATTENTION_EVENT_COUNT mode=scna-int8 qo_len=16 phase=measure iteration=1 events=16 max_events=12512 overflow=0
FIG8_ATTENTION_HOST_TIMING mode=scna-int8 scna_function=exp scna_kernel=direct scna_pipeline=on scna_width=8 qo_len=16 kv_len=4096 n_heads=12 n_kv_heads=2 head_dim=128 phase=measure iteration=2 host_elapsed_us=1351 ret=0
FIG8_ATTENTION_PROFILE_COUNT mode=scna-int8 qo_len=16 phase=measure iteration=2 records=2 max_records=10
FIG8_ATTENTION_TIMERS mode=scna-int8 scna_function=1 scna_kernel=0 scna_pipeline=1 phase=measure iteration=2 lut_exp=0 nonlinear_mode=2 scna_width=8 scna_exp=313 qo_len=16 kv_len=4096 n_heads=12 n_kv_heads=2 head_dim=128 kv_head=0 worker=0 profiled_total=526 q_load=4 k_load=65 v_load=48 qk_dot=6 safe_sm=393 core_acc=4 o_scale=1 o_store=5 kv_dma_issue=4 kv_dma_wait=9 kv_transform=97
FIG8_ATTENTION_TIMERS mode=scna-int8 scna_function=1 scna_kernel=0 scna_pipeline=1 phase=measure iteration=2 lut_exp=0 nonlinear_mode=2 scna_width=8 scna_exp=313 qo_len=16 kv_len=4096 n_heads=12 n_kv_heads=2 head_dim=128 kv_head=1 worker=0 profiled_total=514 q_load=3 k_load=66 v_load=49 qk_dot=5 safe_sm=380 core_acc=5 o_scale=1 o_store=5 kv_dma_issue=4 kv_dma_wait=9 kv_transform=97
FIG8_ATTENTION_EVENT_COUNT mode=scna-int8 qo_len=16 phase=measure iteration=2 events=16 max_events=12512 overflow=0
FIG8_ATTENTION_HOST_TIMING mode=scna-int8 scna_function=exp scna_kernel=direct scna_pipeline=on scna_width=8 qo_len=16 kv_len=4096 n_heads=12 n_kv_heads=2 head_dim=128 phase=measure iteration=3 host_elapsed_us=1262 ret=0
FIG8_ATTENTION_PROFILE_COUNT mode=scna-int8 qo_len=16 phase=measure iteration=3 records=2 max_records=10
FIG8_ATTENTION_TIMERS mode=scna-int8 scna_function=1 scna_kernel=0 scna_pipeline=1 phase=measure iteration=3 lut_exp=0 nonlinear_mode=2 scna_width=8 scna_exp=313 qo_len=16 kv_len=4096 n_heads=12 n_kv_heads=2 head_dim=128 kv_head=0 worker=0 profiled_total=523 q_load=4 k_load=65 v_load=48 qk_dot=5 safe_sm=391 core_acc=4 o_scale=1 o_store=5 kv_dma_issue=5 kv_dma_wait=9 kv_transform=97
FIG8_ATTENTION_TIMERS mode=scna-int8 scna_function=1 scna_kernel=0 scna_pipeline=1 phase=measure iteration=3 lut_exp=0 nonlinear_mode=2 scna_width=8 scna_exp=313 qo_len=16 kv_len=4096 n_heads=12 n_kv_heads=2 head_dim=128 kv_head=1 worker=0 profiled_total=522 q_load=3 k_load=66 v_load=49 qk_dot=6 safe_sm=387 core_acc=5 o_scale=1 o_store=5 kv_dma_issue=5 kv_dma_wait=9 kv_transform=97
FIG8_ATTENTION_EVENT_COUNT mode=scna-int8 qo_len=16 phase=measure iteration=3 events=16 max_events=12512 overflow=0
FIG8_ATTENTION_HOST_TIMING mode=scna-int8 scna_function=exp scna_kernel=direct scna_pipeline=on scna_width=8 qo_len=16 kv_len=4096 n_heads=12 n_kv_heads=2 head_dim=128 phase=measure iteration=4 host_elapsed_us=1288 ret=0
FIG8_ATTENTION_PROFILE_COUNT mode=scna-int8 qo_len=16 phase=measure iteration=4 records=2 max_records=10
FIG8_ATTENTION_TIMERS mode=scna-int8 scna_function=1 scna_kernel=0 scna_pipeline=1 phase=measure iteration=4 lut_exp=0 nonlinear_mode=2 scna_width=8 scna_exp=312 qo_len=16 kv_len=4096 n_heads=12 n_kv_heads=2 head_dim=128 kv_head=0 worker=0 profiled_total=525 q_load=4 k_load=65 v_load=49 qk_dot=6 safe_sm=391 core_acc=4 o_scale=1 o_store=5 kv_dma_issue=5 kv_dma_wait=10 kv_transform=96
FIG8_ATTENTION_TIMERS mode=scna-int8 scna_function=1 scna_kernel=0 scna_pipeline=1 phase=measure iteration=4 lut_exp=0 nonlinear_mode=2 scna_width=8 scna_exp=312 qo_len=16 kv_len=4096 n_heads=12 n_kv_heads=2 head_dim=128 kv_head=1 worker=0 profiled_total=514 q_load=3 k_load=66 v_load=49 qk_dot=6 safe_sm=379 core_acc=5 o_scale=1 o_store=5 kv_dma_issue=5 kv_dma_wait=10 kv_transform=96
FIG8_ATTENTION_EVENT_COUNT mode=scna-int8 qo_len=16 phase=measure iteration=4 events=16 max_events=12512 overflow=0
FIG8_ATTENTION_HOST_TIMING mode=scna-int8 scna_function=exp scna_kernel=direct scna_pipeline=on scna_width=8 qo_len=16 kv_len=4096 n_heads=12 n_kv_heads=2 head_dim=128 phase=measure iteration=5 host_elapsed_us=1267 ret=0
FIG8_ATTENTION_PROFILE_COUNT mode=scna-int8 qo_len=16 phase=measure iteration=5 records=2 max_records=10
FIG8_ATTENTION_TIMERS mode=scna-int8 scna_function=1 scna_kernel=0 scna_pipeline=1 phase=measure iteration=5 lut_exp=0 nonlinear_mode=2 scna_width=8 scna_exp=313 qo_len=16 kv_len=4096 n_heads=12 n_kv_heads=2 head_dim=128 kv_head=0 worker=0 profiled_total=523 q_load=4 k_load=65 v_load=49 qk_dot=5 safe_sm=390 core_acc=4 o_scale=1 o_store=5 kv_dma_issue=5 kv_dma_wait=9 kv_transform=96
FIG8_ATTENTION_TIMERS mode=scna-int8 scna_function=1 scna_kernel=0 scna_pipeline=1 phase=measure iteration=5 lut_exp=0 nonlinear_mode=2 scna_width=8 scna_exp=312 qo_len=16 kv_len=4096 n_heads=12 n_kv_heads=2 head_dim=128 kv_head=1 worker=0 profiled_total=511 q_load=3 k_load=66 v_load=49 qk_dot=5 safe_sm=377 core_acc=5 o_scale=1 o_store=5 kv_dma_issue=5 kv_dma_wait=9 kv_transform=96
FIG8_ATTENTION_EVENT_COUNT mode=scna-int8 qo_len=16 phase=measure iteration=5 events=16 max_events=12512 overflow=0
FIG8_ATTENTION_HOST_TIMING mode=scna-int8 scna_function=exp scna_kernel=direct scna_pipeline=on scna_width=8 qo_len=16 kv_len=4096 n_heads=12 n_kv_heads=2 head_dim=128 phase=measure iteration=6 host_elapsed_us=1259 ret=0
FIG8_ATTENTION_PROFILE_COUNT mode=scna-int8 qo_len=16 phase=measure iteration=6 records=2 max_records=10
FIG8_ATTENTION_TIMERS mode=scna-int8 scna_function=1 scna_kernel=0 scna_pipeline=1 phase=measure iteration=6 lut_exp=0 nonlinear_mode=2 scna_width=8 scna_exp=312 qo_len=16 kv_len=4096 n_heads=12 n_kv_heads=2 head_dim=128 kv_head=0 worker=0 profiled_total=525 q_load=4 k_load=65 v_load=48 qk_dot=6 safe_sm=392 core_acc=4 o_scale=1 o_store=5 kv_dma_issue=4 kv_dma_wait=9 kv_transform=96
FIG8_ATTENTION_TIMERS mode=scna-int8 scna_function=1 scna_kernel=0 scna_pipeline=1 phase=measure iteration=6 lut_exp=0 nonlinear_mode=2 scna_width=8 scna_exp=313 qo_len=16 kv_len=4096 n_heads=12 n_kv_heads=2 head_dim=128 kv_head=1 worker=0 profiled_total=515 q_load=3 k_load=66 v_load=49 qk_dot=5 safe_sm=381 core_acc=5 o_scale=1 o_store=5 kv_dma_issue=5 kv_dma_wait=9 kv_transform=97
FIG8_ATTENTION_EVENT_COUNT mode=scna-int8 qo_len=16 phase=measure iteration=6 events=16 max_events=12512 overflow=0
FIG8_ATTENTION_HOST_TIMING mode=scna-int8 scna_function=exp scna_kernel=direct scna_pipeline=on scna_width=8 qo_len=16 kv_len=4096 n_heads=12 n_kv_heads=2 head_dim=128 phase=measure iteration=7 host_elapsed_us=1262 ret=0
FIG8_ATTENTION_PROFILE_COUNT mode=scna-int8 qo_len=16 phase=measure iteration=7 records=2 max_records=10
FIG8_ATTENTION_TIMERS mode=scna-int8 scna_function=1 scna_kernel=0 scna_pipeline=1 phase=measure iteration=7 lut_exp=0 nonlinear_mode=2 scna_width=8 scna_exp=313 qo_len=16 kv_len=4096 n_heads=12 n_kv_heads=2 head_dim=128 kv_head=0 worker=0 profiled_total=528 q_load=4 k_load=66 v_load=48 qk_dot=6 safe_sm=394 core_acc=4 o_scale=1 o_store=5 kv_dma_issue=4 kv_dma_wait=9 kv_transform=97
FIG8_ATTENTION_TIMERS mode=scna-int8 scna_function=1 scna_kernel=0 scna_pipeline=1 phase=measure iteration=7 lut_exp=0 nonlinear_mode=2 scna_width=8 scna_exp=312 qo_len=16 kv_len=4096 n_heads=12 n_kv_heads=2 head_dim=128 kv_head=1 worker=0 profiled_total=519 q_load=4 k_load=66 v_load=49 qk_dot=6 safe_sm=383 core_acc=4 o_scale=2 o_store=5 kv_dma_issue=5 kv_dma_wait=9 kv_transform=97
FIG8_ATTENTION_EVENT_COUNT mode=scna-int8 qo_len=16 phase=measure iteration=7 events=16 max_events=12512 overflow=0
FIG8_ATTENTION_HOST_TIMING mode=scna-int8 scna_function=exp scna_kernel=direct scna_pipeline=on scna_width=8 qo_len=16 kv_len=4096 n_heads=12 n_kv_heads=2 head_dim=128 phase=measure iteration=8 host_elapsed_us=1372 ret=0
FIG8_ATTENTION_PROFILE_COUNT mode=scna-int8 qo_len=16 phase=measure iteration=8 records=2 max_records=10
FIG8_ATTENTION_TIMERS mode=scna-int8 scna_function=1 scna_kernel=0 scna_pipeline=1 phase=measure iteration=8 lut_exp=0 nonlinear_mode=2 scna_width=8 scna_exp=313 qo_len=16 kv_len=4096 n_heads=12 n_kv_heads=2 head_dim=128 kv_head=0 worker=0 profiled_total=529 q_load=4 k_load=66 v_load=48 qk_dot=6 safe_sm=395 core_acc=4 o_scale=1 o_store=5 kv_dma_issue=5 kv_dma_wait=9 kv_transform=97
FIG8_ATTENTION_TIMERS mode=scna-int8 scna_function=1 scna_kernel=0 scna_pipeline=1 phase=measure iteration=8 lut_exp=0 nonlinear_mode=2 scna_width=8 scna_exp=312 qo_len=16 kv_len=4096 n_heads=12 n_kv_heads=2 head_dim=128 kv_head=1 worker=0 profiled_total=516 q_load=4 k_load=66 v_load=49 qk_dot=5 safe_sm=380 core_acc=5 o_scale=2 o_store=5 kv_dma_issue=4 kv_dma_wait=9 kv_transform=97
FIG8_ATTENTION_EVENT_COUNT mode=scna-int8 qo_len=16 phase=measure iteration=8 events=16 max_events=12512 overflow=0
FIG8_ATTENTION_HOST_TIMING mode=scna-int8 scna_function=exp scna_kernel=direct scna_pipeline=on scna_width=8 qo_len=16 kv_len=4096 n_heads=12 n_kv_heads=2 head_dim=128 phase=measure iteration=9 host_elapsed_us=1264 ret=0
FIG8_ATTENTION_PROFILE_COUNT mode=scna-int8 qo_len=16 phase=measure iteration=9 records=2 max_records=10
FIG8_ATTENTION_TIMERS mode=scna-int8 scna_function=1 scna_kernel=0 scna_pipeline=1 phase=measure iteration=9 lut_exp=0 nonlinear_mode=2 scna_width=8 scna_exp=312 qo_len=16 kv_len=4096 n_heads=12 n_kv_heads=2 head_dim=128 kv_head=0 worker=0 profiled_total=528 q_load=4 k_load=65 v_load=48 qk_dot=6 safe_sm=395 core_acc=4 o_scale=1 o_store=5 kv_dma_issue=5 kv_dma_wait=8 kv_transform=96
FIG8_ATTENTION_TIMERS mode=scna-int8 scna_function=1 scna_kernel=0 scna_pipeline=1 phase=measure iteration=9 lut_exp=0 nonlinear_mode=2 scna_width=8 scna_exp=312 qo_len=16 kv_len=4096 n_heads=12 n_kv_heads=2 head_dim=128 kv_head=1 worker=0 profiled_total=514 q_load=4 k_load=66 v_load=49 qk_dot=5 safe_sm=379 core_acc=5 o_scale=1 o_store=5 kv_dma_issue=5 kv_dma_wait=9 kv_transform=97
FIG8_ATTENTION_EVENT_COUNT mode=scna-int8 qo_len=16 phase=measure iteration=9 events=16 max_events=12512 overflow=0
FIG8_ATTENTION_HOST_TIMING mode=scna-int8 scna_function=exp scna_kernel=direct scna_pipeline=on scna_width=8 qo_len=16 kv_len=4096 n_heads=12 n_kv_heads=2 head_dim=128 phase=measure iteration=10 host_elapsed_us=1374 ret=0
FIG8_ATTENTION_PROFILE_COUNT mode=scna-int8 qo_len=16 phase=measure iteration=10 records=2 max_records=10
FIG8_ATTENTION_TIMERS mode=scna-int8 scna_function=1 scna_kernel=0 scna_pipeline=1 phase=measure iteration=10 lut_exp=0 nonlinear_mode=2 scna_width=8 scna_exp=313 qo_len=16 kv_len=4096 n_heads=12 n_kv_heads=2 head_dim=128 kv_head=0 worker=0 profiled_total=535 q_load=4 k_load=66 v_load=48 qk_dot=6 safe_sm=400 core_acc=5 o_scale=1 o_store=5 kv_dma_issue=4 kv_dma_wait=9 kv_transform=97
FIG8_ATTENTION_TIMERS mode=scna-int8 scna_function=1 scna_kernel=0 scna_pipeline=1 phase=measure iteration=10 lut_exp=0 nonlinear_mode=2 scna_width=8 scna_exp=312 qo_len=16 kv_len=4096 n_heads=12 n_kv_heads=2 head_dim=128 kv_head=1 worker=0 profiled_total=521 q_load=4 k_load=66 v_load=49 qk_dot=5 safe_sm=386 core_acc=5 o_scale=1 o_store=5 kv_dma_issue=5 kv_dma_wait=9 kv_transform=97
FIG8_ATTENTION_EVENT_COUNT mode=scna-int8 qo_len=16 phase=measure iteration=10 events=16 max_events=12512 overflow=0
FIG8_ATTENTION_HOST_TIMING mode=scna-int8 scna_function=exp scna_kernel=direct scna_pipeline=on scna_width=8 qo_len=16 kv_len=4096 n_heads=12 n_kv_heads=2 head_dim=128 phase=measure iteration=11 host_elapsed_us=1372 ret=0
FIG8_ATTENTION_PROFILE_COUNT mode=scna-int8 qo_len=16 phase=measure iteration=11 records=2 max_records=10
FIG8_ATTENTION_TIMERS mode=scna-int8 scna_function=1 scna_kernel=0 scna_pipeline=1 phase=measure iteration=11 lut_exp=0 nonlinear_mode=2 scna_width=8 scna_exp=313 qo_len=16 kv_len=4096 n_heads=12 n_kv_heads=2 head_dim=128 kv_head=0 worker=0 profiled_total=532 q_load=4 k_load=66 v_load=49 qk_dot=6 safe_sm=396 core_acc=5 o_scale=1 o_store=5 kv_dma_issue=5 kv_dma_wait=10 kv_transform=96
FIG8_ATTENTION_TIMERS mode=scna-int8 scna_function=1 scna_kernel=0 scna_pipeline=1 phase=measure iteration=11 lut_exp=0 nonlinear_mode=2 scna_width=8 scna_exp=312 qo_len=16 kv_len=4096 n_heads=12 n_kv_heads=2 head_dim=128 kv_head=1 worker=0 profiled_total=518 q_load=4 k_load=66 v_load=49 qk_dot=5 safe_sm=383 core_acc=5 o_scale=1 o_store=5 kv_dma_issue=5 kv_dma_wait=9 kv_transform=97
FIG8_ATTENTION_EVENT_COUNT mode=scna-int8 qo_len=16 phase=measure iteration=11 events=16 max_events=12512 overflow=0
FIG8_ATTENTION_HOST_TIMING mode=scna-int8 scna_function=exp scna_kernel=direct scna_pipeline=on scna_width=8 qo_len=16 kv_len=4096 n_heads=12 n_kv_heads=2 head_dim=128 phase=measure iteration=12 host_elapsed_us=1269 ret=0
FIG8_ATTENTION_PROFILE_COUNT mode=scna-int8 qo_len=16 phase=measure iteration=12 records=2 max_records=10
FIG8_ATTENTION_TIMERS mode=scna-int8 scna_function=1 scna_kernel=0 scna_pipeline=1 phase=measure iteration=12 lut_exp=0 nonlinear_mode=2 scna_width=8 scna_exp=313 qo_len=16 kv_len=4096 n_heads=12 n_kv_heads=2 head_dim=128 kv_head=0 worker=0 profiled_total=533 q_load=4 k_load=66 v_load=49 qk_dot=6 safe_sm=398 core_acc=4 o_scale=1 o_store=5 kv_dma_issue=5 kv_dma_wait=9 kv_transform=97
FIG8_ATTENTION_TIMERS mode=scna-int8 scna_function=1 scna_kernel=0 scna_pipeline=1 phase=measure iteration=12 lut_exp=0 nonlinear_mode=2 scna_width=8 scna_exp=312 qo_len=16 kv_len=4096 n_heads=12 n_kv_heads=2 head_dim=128 kv_head=1 worker=0 profiled_total=518 q_load=3 k_load=66 v_load=49 qk_dot=5 safe_sm=384 core_acc=5 o_scale=1 o_store=5 kv_dma_issue=5 kv_dma_wait=9 kv_transform=96
FIG8_ATTENTION_EVENT_COUNT mode=scna-int8 qo_len=16 phase=measure iteration=12 events=16 max_events=12512 overflow=0
FIG8_ATTENTION_HOST_TIMING mode=scna-int8 scna_function=exp scna_kernel=direct scna_pipeline=on scna_width=8 qo_len=16 kv_len=4096 n_heads=12 n_kv_heads=2 head_dim=128 phase=measure iteration=13 host_elapsed_us=1372 ret=0
FIG8_ATTENTION_PROFILE_COUNT mode=scna-int8 qo_len=16 phase=measure iteration=13 records=2 max_records=10
FIG8_ATTENTION_TIMERS mode=scna-int8 scna_function=1 scna_kernel=0 scna_pipeline=1 phase=measure iteration=13 lut_exp=0 nonlinear_mode=2 scna_width=8 scna_exp=312 qo_len=16 kv_len=4096 n_heads=12 n_kv_heads=2 head_dim=128 kv_head=0 worker=0 profiled_total=532 q_load=4 k_load=66 v_load=48 qk_dot=6 safe_sm=397 core_acc=5 o_scale=1 o_store=5 kv_dma_issue=4 kv_dma_wait=10 kv_transform=96
FIG8_ATTENTION_TIMERS mode=scna-int8 scna_function=1 scna_kernel=0 scna_pipeline=1 phase=measure iteration=13 lut_exp=0 nonlinear_mode=2 scna_width=8 scna_exp=313 qo_len=16 kv_len=4096 n_heads=12 n_kv_heads=2 head_dim=128 kv_head=1 worker=0 profiled_total=517 q_load=4 k_load=66 v_load=48 qk_dot=5 safe_sm=383 core_acc=5 o_scale=1 o_store=5 kv_dma_issue=4 kv_dma_wait=9 kv_transform=97
FIG8_ATTENTION_EVENT_COUNT mode=scna-int8 qo_len=16 phase=measure iteration=13 events=16 max_events=12512 overflow=0
FIG8_ATTENTION_HOST_TIMING mode=scna-int8 scna_function=exp scna_kernel=direct scna_pipeline=on scna_width=8 qo_len=16 kv_len=4096 n_heads=12 n_kv_heads=2 head_dim=128 phase=measure iteration=14 host_elapsed_us=1325 ret=0
FIG8_ATTENTION_PROFILE_COUNT mode=scna-int8 qo_len=16 phase=measure iteration=14 records=2 max_records=10
FIG8_ATTENTION_TIMERS mode=scna-int8 scna_function=1 scna_kernel=0 scna_pipeline=1 phase=measure iteration=14 lut_exp=0 nonlinear_mode=2 scna_width=8 scna_exp=313 qo_len=16 kv_len=4096 n_heads=12 n_kv_heads=2 head_dim=128 kv_head=0 worker=0 profiled_total=532 q_load=4 k_load=66 v_load=49 qk_dot=6 safe_sm=397 core_acc=4 o_scale=1 o_store=5 kv_dma_issue=5 kv_dma_wait=9 kv_transform=97
FIG8_ATTENTION_TIMERS mode=scna-int8 scna_function=1 scna_kernel=0 scna_pipeline=1 phase=measure iteration=14 lut_exp=0 nonlinear_mode=2 scna_width=8 scna_exp=313 qo_len=16 kv_len=4096 n_heads=12 n_kv_heads=2 head_dim=128 kv_head=1 worker=0 profiled_total=517 q_load=4 k_load=66 v_load=48 qk_dot=5 safe_sm=383 core_acc=5 o_scale=1 o_store=5 kv_dma_issue=4 kv_dma_wait=9 kv_transform=97
FIG8_ATTENTION_EVENT_COUNT mode=scna-int8 qo_len=16 phase=measure iteration=14 events=16 max_events=12512 overflow=0
FIG8_ATTENTION_HOST_TIMING mode=scna-int8 scna_function=exp scna_kernel=direct scna_pipeline=on scna_width=8 qo_len=16 kv_len=4096 n_heads=12 n_kv_heads=2 head_dim=128 phase=measure iteration=15 host_elapsed_us=1313 ret=0
FIG8_ATTENTION_PROFILE_COUNT mode=scna-int8 qo_len=16 phase=measure iteration=15 records=2 max_records=10
FIG8_ATTENTION_TIMERS mode=scna-int8 scna_function=1 scna_kernel=0 scna_pipeline=1 phase=measure iteration=15 lut_exp=0 nonlinear_mode=2 scna_width=8 scna_exp=312 qo_len=16 kv_len=4096 n_heads=12 n_kv_heads=2 head_dim=128 kv_head=0 worker=0 profiled_total=528 q_load=4 k_load=67 v_load=48 qk_dot=6 safe_sm=393 core_acc=4 o_scale=1 o_store=5 kv_dma_issue=5 kv_dma_wait=10 kv_transform=97
FIG8_ATTENTION_TIMERS mode=scna-int8 scna_function=1 scna_kernel=0 scna_pipeline=1 phase=measure iteration=15 lut_exp=0 nonlinear_mode=2 scna_width=8 scna_exp=312 qo_len=16 kv_len=4096 n_heads=12 n_kv_heads=2 head_dim=128 kv_head=1 worker=0 profiled_total=512 q_load=3 k_load=65 v_load=48 qk_dot=5 safe_sm=380 core_acc=5 o_scale=1 o_store=5 kv_dma_issue=5 kv_dma_wait=9 kv_transform=96
FIG8_ATTENTION_EVENT_COUNT mode=scna-int8 qo_len=16 phase=measure iteration=15 events=16 max_events=12512 overflow=0
FIG8_ATTENTION_HOST_TIMING mode=scna-int8 scna_function=exp scna_kernel=direct scna_pipeline=on scna_width=8 qo_len=16 kv_len=4096 n_heads=12 n_kv_heads=2 head_dim=128 phase=measure iteration=16 host_elapsed_us=1400 ret=0
FIG8_ATTENTION_PROFILE_COUNT mode=scna-int8 qo_len=16 phase=measure iteration=16 records=2 max_records=10
FIG8_ATTENTION_TIMERS mode=scna-int8 scna_function=1 scna_kernel=0 scna_pipeline=1 phase=measure iteration=16 lut_exp=0 nonlinear_mode=2 scna_width=8 scna_exp=313 qo_len=16 kv_len=4096 n_heads=12 n_kv_heads=2 head_dim=128 kv_head=0 worker=0 profiled_total=534 q_load=4 k_load=67 v_load=48 qk_dot=6 safe_sm=398 core_acc=5 o_scale=1 o_store=5 kv_dma_issue=4 kv_dma_wait=10 kv_transform=97
FIG8_ATTENTION_TIMERS mode=scna-int8 scna_function=1 scna_kernel=0 scna_pipeline=1 phase=measure iteration=16 lut_exp=0 nonlinear_mode=2 scna_width=8 scna_exp=312 qo_len=16 kv_len=4096 n_heads=12 n_kv_heads=2 head_dim=128 kv_head=1 worker=0 profiled_total=518 q_load=4 k_load=66 v_load=51 qk_dot=5 safe_sm=381 core_acc=5 o_scale=1 o_store=5 kv_dma_issue=5 kv_dma_wait=11 kv_transform=97
FIG8_ATTENTION_EVENT_COUNT mode=scna-int8 qo_len=16 phase=measure iteration=16 events=16 max_events=12512 overflow=0
FIG8_ATTENTION_HOST_TIMING mode=scna-int8 scna_function=exp scna_kernel=direct scna_pipeline=on scna_width=8 qo_len=16 kv_len=4096 n_heads=12 n_kv_heads=2 head_dim=128 phase=measure iteration=17 host_elapsed_us=1371 ret=0
FIG8_ATTENTION_PROFILE_COUNT mode=scna-int8 qo_len=16 phase=measure iteration=17 records=2 max_records=10
FIG8_ATTENTION_TIMERS mode=scna-int8 scna_function=1 scna_kernel=0 scna_pipeline=1 phase=measure iteration=17 lut_exp=0 nonlinear_mode=2 scna_width=8 scna_exp=313 qo_len=16 kv_len=4096 n_heads=12 n_kv_heads=2 head_dim=128 kv_head=0 worker=0 profiled_total=530 q_load=4 k_load=66 v_load=48 qk_dot=5 safe_sm=396 core_acc=5 o_scale=1 o_store=5 kv_dma_issue=5 kv_dma_wait=9 kv_transform=96
FIG8_ATTENTION_TIMERS mode=scna-int8 scna_function=1 scna_kernel=0 scna_pipeline=1 phase=measure iteration=17 lut_exp=0 nonlinear_mode=2 scna_width=8 scna_exp=312 qo_len=16 kv_len=4096 n_heads=12 n_kv_heads=2 head_dim=128 kv_head=1 worker=0 profiled_total=517 q_load=4 k_load=66 v_load=49 qk_dot=5 safe_sm=382 core_acc=5 o_scale=1 o_store=5 kv_dma_issue=5 kv_dma_wait=9 kv_transform=97
FIG8_ATTENTION_EVENT_COUNT mode=scna-int8 qo_len=16 phase=measure iteration=17 events=16 max_events=12512 overflow=0
FIG8_ATTENTION_HOST_TIMING mode=scna-int8 scna_function=exp scna_kernel=direct scna_pipeline=on scna_width=8 qo_len=16 kv_len=4096 n_heads=12 n_kv_heads=2 head_dim=128 phase=measure iteration=18 host_elapsed_us=1324 ret=0
FIG8_ATTENTION_PROFILE_COUNT mode=scna-int8 qo_len=16 phase=measure iteration=18 records=2 max_records=10
FIG8_ATTENTION_TIMERS mode=scna-int8 scna_function=1 scna_kernel=0 scna_pipeline=1 phase=measure iteration=18 lut_exp=0 nonlinear_mode=2 scna_width=8 scna_exp=313 qo_len=16 kv_len=4096 n_heads=12 n_kv_heads=2 head_dim=128 kv_head=0 worker=0 profiled_total=531 q_load=4 k_load=66 v_load=49 qk_dot=6 safe_sm=396 core_acc=4 o_scale=1 o_store=5 kv_dma_issue=4 kv_dma_wait=10 kv_transform=97
FIG8_ATTENTION_TIMERS mode=scna-int8 scna_function=1 scna_kernel=0 scna_pipeline=1 phase=measure iteration=18 lut_exp=0 nonlinear_mode=2 scna_width=8 scna_exp=312 qo_len=16 kv_len=4096 n_heads=12 n_kv_heads=2 head_dim=128 kv_head=1 worker=0 profiled_total=514 q_load=4 k_load=66 v_load=48 qk_dot=5 safe_sm=380 core_acc=5 o_scale=1 o_store=5 kv_dma_issue=5 kv_dma_wait=9 kv_transform=96
FIG8_ATTENTION_EVENT_COUNT mode=scna-int8 qo_len=16 phase=measure iteration=18 events=16 max_events=12512 overflow=0
FIG8_ATTENTION_HOST_TIMING mode=scna-int8 scna_function=exp scna_kernel=direct scna_pipeline=on scna_width=8 qo_len=16 kv_len=4096 n_heads=12 n_kv_heads=2 head_dim=128 phase=measure iteration=19 host_elapsed_us=1349 ret=0
FIG8_ATTENTION_PROFILE_COUNT mode=scna-int8 qo_len=16 phase=measure iteration=19 records=2 max_records=10
FIG8_ATTENTION_TIMERS mode=scna-int8 scna_function=1 scna_kernel=0 scna_pipeline=1 phase=measure iteration=19 lut_exp=0 nonlinear_mode=2 scna_width=8 scna_exp=312 qo_len=16 kv_len=4096 n_heads=12 n_kv_heads=2 head_dim=128 kv_head=0 worker=0 profiled_total=531 q_load=4 k_load=66 v_load=49 qk_dot=6 safe_sm=395 core_acc=5 o_scale=1 o_store=5 kv_dma_issue=4 kv_dma_wait=11 kv_transform=96
FIG8_ATTENTION_TIMERS mode=scna-int8 scna_function=1 scna_kernel=0 scna_pipeline=1 phase=measure iteration=19 lut_exp=0 nonlinear_mode=2 scna_width=8 scna_exp=312 qo_len=16 kv_len=4096 n_heads=12 n_kv_heads=2 head_dim=128 kv_head=1 worker=0 profiled_total=516 q_load=4 k_load=66 v_load=48 qk_dot=5 safe_sm=382 core_acc=5 o_scale=1 o_store=5 kv_dma_issue=5 kv_dma_wait=9 kv_transform=96
FIG8_ATTENTION_EVENT_COUNT mode=scna-int8 qo_len=16 phase=measure iteration=19 events=16 max_events=12512 overflow=0
