alloc_shared_mem_buf: buf=0x79bc60a000 fd=12 size=49152 flags=FASTRPC_MAP_FD
alloc_shared_mem_buf: buf=0x7723000000 fd=13 size=2097152 flags=FASTRPC_MAP_FD
alloc_shared_mem_buf: buf=0x7722e00000 fd=14 size=2097152 flags=FASTRPC_MAP_FD
alloc_shared_mem_buf: buf=0x79bc5fe000 fd=15 size=49152 flags=FASTRPC_MAP_FD
alloc_shared_mem_buf: buf=0x79bc3c0000 fd=16 size=65536 flags=FASTRPC_MAP_FD
alloc_shared_mem_buf: buf=0x7723280000 fd=17 size=457088 flags=FASTRPC_MAP_FD
alloc_shared_mem_buf: buf=0x79bc96a000 fd=18 size=4096 flags=FASTRPC_MAP_FD
No-op channel request completed
FIG8_ATTENTION_CONFIG mode=scna-int8 scna_function=exp scna_kernel=direct scna_pipeline=on mask_mode=full qo_len=8 kv_len=4096 n_heads=12 n_kv_heads=2 head_dim=128 warmup=5 iters=20 scna_width=32 q_size=49152 kv_size=2097152 mask_size=65536 profile_size=457088 profile_max_records=10 profile_max_events=6320 mode_flags=2216 print_events=0
FIG8_ATTENTION_HOST_TIMING mode=scna-int8 scna_function=exp scna_kernel=direct scna_pipeline=on scna_width=32 qo_len=8 kv_len=4096 n_heads=12 n_kv_heads=2 head_dim=128 phase=warmup iteration=0 host_elapsed_us=1269 ret=0
FIG8_ATTENTION_PROFILE_COUNT mode=scna-int8 qo_len=8 phase=warmup iteration=0 records=2 max_records=10
FIG8_ATTENTION_TIMERS mode=scna-int8 scna_function=1 scna_kernel=0 scna_pipeline=1 phase=warmup iteration=0 lut_exp=0 nonlinear_mode=2 scna_width=32 scna_exp=300 qo_len=8 kv_len=4096 n_heads=12 n_kv_heads=2 head_dim=128 kv_head=0 worker=0 profiled_total=489 q_load=3 k_load=67 v_load=51 qk_dot=4 safe_sm=351 core_acc=6 o_scale=2 o_store=5 kv_dma_issue=6 kv_dma_wait=11 kv_transform=97
FIG8_ATTENTION_TIMERS mode=scna-int8 scna_function=1 scna_kernel=0 scna_pipeline=1 phase=warmup iteration=0 lut_exp=0 nonlinear_mode=2 scna_width=32 scna_exp=291 qo_len=8 kv_len=4096 n_heads=12 n_kv_heads=2 head_dim=128 kv_head=1 worker=0 profiled_total=466 q_load=2 k_load=66 v_load=52 qk_dot=4 safe_sm=333 core_acc=4 o_scale=2 o_store=3 kv_dma_issue=5 kv_dma_wait=11 kv_transform=97
FIG8_ATTENTION_EVENT_COUNT mode=scna-int8 qo_len=8 phase=warmup iteration=0 events=16 max_events=6320 overflow=0
FIG8_ATTENTION_HOST_TIMING mode=scna-int8 scna_function=exp scna_kernel=direct scna_pipeline=on scna_width=32 qo_len=8 kv_len=4096 n_heads=12 n_kv_heads=2 head_dim=128 phase=warmup iteration=1 host_elapsed_us=1190 ret=0
FIG8_ATTENTION_PROFILE_COUNT mode=scna-int8 qo_len=8 phase=warmup iteration=1 records=2 max_records=10
FIG8_ATTENTION_TIMERS mode=scna-int8 scna_function=1 scna_kernel=0 scna_pipeline=1 phase=warmup iteration=1 lut_exp=0 nonlinear_mode=2 scna_width=32 scna_exp=285 qo_len=8 kv_len=4096 n_heads=12 n_kv_heads=2 head_dim=128 kv_head=0 worker=0 profiled_total=458 q_load=2 k_load=65 v_load=50 qk_dot=4 safe_sm=330 core_acc=3 o_scale=1 o_store=3 kv_dma_issue=4 kv_dma_wait=10 kv_transform=97
FIG8_ATTENTION_TIMERS mode=scna-int8 scna_function=1 scna_kernel=0 scna_pipeline=1 phase=warmup iteration=1 lut_exp=0 nonlinear_mode=2 scna_width=32 scna_exp=285 qo_len=8 kv_len=4096 n_heads=12 n_kv_heads=2 head_dim=128 kv_head=1 worker=0 profiled_total=450 q_load=2 k_load=66 v_load=50 qk_dot=4 safe_sm=321 core_acc=3 o_scale=1 o_store=3 kv_dma_issue=5 kv_dma_wait=11 kv_transform=97
FIG8_ATTENTION_EVENT_COUNT mode=scna-int8 qo_len=8 phase=warmup iteration=1 events=16 max_events=6320 overflow=0
FIG8_ATTENTION_HOST_TIMING mode=scna-int8 scna_function=exp scna_kernel=direct scna_pipeline=on scna_width=32 qo_len=8 kv_len=4096 n_heads=12 n_kv_heads=2 head_dim=128 phase=warmup iteration=2 host_elapsed_us=1159 ret=0
FIG8_ATTENTION_PROFILE_COUNT mode=scna-int8 qo_len=8 phase=warmup iteration=2 records=2 max_records=10
FIG8_ATTENTION_TIMERS mode=scna-int8 scna_function=1 scna_kernel=0 scna_pipeline=1 phase=warmup iteration=2 lut_exp=0 nonlinear_mode=2 scna_width=32 scna_exp=285 qo_len=8 kv_len=4096 n_heads=12 n_kv_heads=2 head_dim=128 kv_head=0 worker=0 profiled_total=456 q_load=2 k_load=65 v_load=50 qk_dot=4 safe_sm=330 core_acc=2 o_scale=1 o_store=2 kv_dma_issue=4 kv_dma_wait=11 kv_transform=97
FIG8_ATTENTION_TIMERS mode=scna-int8 scna_function=1 scna_kernel=0 scna_pipeline=1 phase=warmup iteration=2 lut_exp=0 nonlinear_mode=2 scna_width=32 scna_exp=285 qo_len=8 kv_len=4096 n_heads=12 n_kv_heads=2 head_dim=128 kv_head=1 worker=0 profiled_total=448 q_load=2 k_load=65 v_load=51 qk_dot=3 safe_sm=321 core_acc=2 o_scale=1 o_store=3 kv_dma_issue=5 kv_dma_wait=11 kv_transform=97
FIG8_ATTENTION_EVENT_COUNT mode=scna-int8 qo_len=8 phase=warmup iteration=2 events=16 max_events=6320 overflow=0
FIG8_ATTENTION_HOST_TIMING mode=scna-int8 scna_function=exp scna_kernel=direct scna_pipeline=on scna_width=32 qo_len=8 kv_len=4096 n_heads=12 n_kv_heads=2 head_dim=128 phase=warmup iteration=3 host_elapsed_us=1146 ret=0
FIG8_ATTENTION_PROFILE_COUNT mode=scna-int8 qo_len=8 phase=warmup iteration=3 records=2 max_records=10
FIG8_ATTENTION_TIMERS mode=scna-int8 scna_function=1 scna_kernel=0 scna_pipeline=1 phase=warmup iteration=3 lut_exp=0 nonlinear_mode=2 scna_width=32 scna_exp=285 qo_len=8 kv_len=4096 n_heads=12 n_kv_heads=2 head_dim=128 kv_head=0 worker=0 profiled_total=457 q_load=2 k_load=65 v_load=51 qk_dot=4 safe_sm=330 core_acc=2 o_scale=1 o_store=2 kv_dma_issue=5 kv_dma_wait=12 kv_transform=96
FIG8_ATTENTION_TIMERS mode=scna-int8 scna_function=1 scna_kernel=0 scna_pipeline=1 phase=warmup iteration=3 lut_exp=0 nonlinear_mode=2 scna_width=32 scna_exp=285 qo_len=8 kv_len=4096 n_heads=12 n_kv_heads=2 head_dim=128 kv_head=1 worker=0 profiled_total=447 q_load=1 k_load=65 v_load=51 qk_dot=3 safe_sm=321 core_acc=2 o_scale=1 o_store=3 kv_dma_issue=4 kv_dma_wait=11 kv_transform=97
FIG8_ATTENTION_EVENT_COUNT mode=scna-int8 qo_len=8 phase=warmup iteration=3 events=16 max_events=6320 overflow=0
FIG8_ATTENTION_HOST_TIMING mode=scna-int8 scna_function=exp scna_kernel=direct scna_pipeline=on scna_width=32 qo_len=8 kv_len=4096 n_heads=12 n_kv_heads=2 head_dim=128 phase=warmup iteration=4 host_elapsed_us=1143 ret=0
FIG8_ATTENTION_PROFILE_COUNT mode=scna-int8 qo_len=8 phase=warmup iteration=4 records=2 max_records=10
FIG8_ATTENTION_TIMERS mode=scna-int8 scna_function=1 scna_kernel=0 scna_pipeline=1 phase=warmup iteration=4 lut_exp=0 nonlinear_mode=2 scna_width=32 scna_exp=285 qo_len=8 kv_len=4096 n_heads=12 n_kv_heads=2 head_dim=128 kv_head=0 worker=0 profiled_total=456 q_load=2 k_load=65 v_load=50 qk_dot=4 safe_sm=330 core_acc=2 o_scale=1 o_store=2 kv_dma_issue=5 kv_dma_wait=11 kv_transform=96
FIG8_ATTENTION_TIMERS mode=scna-int8 scna_function=1 scna_kernel=0 scna_pipeline=1 phase=warmup iteration=4 lut_exp=0 nonlinear_mode=2 scna_width=32 scna_exp=285 qo_len=8 kv_len=4096 n_heads=12 n_kv_heads=2 head_dim=128 kv_head=1 worker=0 profiled_total=447 q_load=2 k_load=66 v_load=50 qk_dot=3 safe_sm=320 core_acc=2 o_scale=1 o_store=3 kv_dma_issue=5 kv_dma_wait=11 kv_transform=97
FIG8_ATTENTION_EVENT_COUNT mode=scna-int8 qo_len=8 phase=warmup iteration=4 events=16 max_events=6320 overflow=0
FIG8_ATTENTION_HOST_TIMING mode=scna-int8 scna_function=exp scna_kernel=direct scna_pipeline=on scna_width=32 qo_len=8 kv_len=4096 n_heads=12 n_kv_heads=2 head_dim=128 phase=measure iteration=0 host_elapsed_us=1151 ret=0
FIG8_ATTENTION_PROFILE_COUNT mode=scna-int8 qo_len=8 phase=measure iteration=0 records=2 max_records=10
FIG8_ATTENTION_TIMERS mode=scna-int8 scna_function=1 scna_kernel=0 scna_pipeline=1 phase=measure iteration=0 lut_exp=0 nonlinear_mode=2 scna_width=32 scna_exp=285 qo_len=8 kv_len=4096 n_heads=12 n_kv_heads=2 head_dim=128 kv_head=0 worker=0 profiled_total=456 q_load=2 k_load=65 v_load=50 qk_dot=4 safe_sm=330 core_acc=2 o_scale=1 o_store=2 kv_dma_issue=5 kv_dma_wait=11 kv_transform=96
FIG8_ATTENTION_TIMERS mode=scna-int8 scna_function=1 scna_kernel=0 scna_pipeline=1 phase=measure iteration=0 lut_exp=0 nonlinear_mode=2 scna_width=32 scna_exp=285 qo_len=8 kv_len=4096 n_heads=12 n_kv_heads=2 head_dim=128 kv_head=1 worker=0 profiled_total=447 q_load=1 k_load=66 v_load=51 qk_dot=3 safe_sm=321 core_acc=2 o_scale=1 o_store=2 kv_dma_issue=5 kv_dma_wait=11 kv_transform=97
FIG8_ATTENTION_EVENT_COUNT mode=scna-int8 qo_len=8 phase=measure iteration=0 events=16 max_events=6320 overflow=0
FIG8_ATTENTION_HOST_TIMING mode=scna-int8 scna_function=exp scna_kernel=direct scna_pipeline=on scna_width=32 qo_len=8 kv_len=4096 n_heads=12 n_kv_heads=2 head_dim=128 phase=measure iteration=1 host_elapsed_us=1148 ret=0
FIG8_ATTENTION_PROFILE_COUNT mode=scna-int8 qo_len=8 phase=measure iteration=1 records=2 max_records=10
FIG8_ATTENTION_TIMERS mode=scna-int8 scna_function=1 scna_kernel=0 scna_pipeline=1 phase=measure iteration=1 lut_exp=0 nonlinear_mode=2 scna_width=32 scna_exp=285 qo_len=8 kv_len=4096 n_heads=12 n_kv_heads=2 head_dim=128 kv_head=0 worker=0 profiled_total=456 q_load=2 k_load=65 v_load=50 qk_dot=4 safe_sm=330 core_acc=2 o_scale=1 o_store=2 kv_dma_issue=4 kv_dma_wait=10 kv_transform=97
FIG8_ATTENTION_TIMERS mode=scna-int8 scna_function=1 scna_kernel=0 scna_pipeline=1 phase=measure iteration=1 lut_exp=0 nonlinear_mode=2 scna_width=32 scna_exp=285 qo_len=8 kv_len=4096 n_heads=12 n_kv_heads=2 head_dim=128 kv_head=1 worker=0 profiled_total=447 q_load=2 k_load=65 v_load=50 qk_dot=3 safe_sm=321 core_acc=2 o_scale=1 o_store=3 kv_dma_issue=5 kv_dma_wait=10 kv_transform=97
FIG8_ATTENTION_EVENT_COUNT mode=scna-int8 qo_len=8 phase=measure iteration=1 events=16 max_events=6320 overflow=0
FIG8_ATTENTION_HOST_TIMING mode=scna-int8 scna_function=exp scna_kernel=direct scna_pipeline=on scna_width=32 qo_len=8 kv_len=4096 n_heads=12 n_kv_heads=2 head_dim=128 phase=measure iteration=2 host_elapsed_us=1141 ret=0
FIG8_ATTENTION_PROFILE_COUNT mode=scna-int8 qo_len=8 phase=measure iteration=2 records=2 max_records=10
FIG8_ATTENTION_TIMERS mode=scna-int8 scna_function=1 scna_kernel=0 scna_pipeline=1 phase=measure iteration=2 lut_exp=0 nonlinear_mode=2 scna_width=32 scna_exp=285 qo_len=8 kv_len=4096 n_heads=12 n_kv_heads=2 head_dim=128 kv_head=0 worker=0 profiled_total=455 q_load=2 k_load=65 v_load=50 qk_dot=4 safe_sm=329 core_acc=2 o_scale=1 o_store=2 kv_dma_issue=4 kv_dma_wait=11 kv_transform=97
FIG8_ATTENTION_TIMERS mode=scna-int8 scna_function=1 scna_kernel=0 scna_pipeline=1 phase=measure iteration=2 lut_exp=0 nonlinear_mode=2 scna_width=32 scna_exp=285 qo_len=8 kv_len=4096 n_heads=12 n_kv_heads=2 head_dim=128 kv_head=1 worker=0 profiled_total=449 q_load=2 k_load=66 v_load=50 qk_dot=3 safe_sm=322 core_acc=2 o_scale=1 o_store=3 kv_dma_issue=4 kv_dma_wait=11 kv_transform=97
FIG8_ATTENTION_EVENT_COUNT mode=scna-int8 qo_len=8 phase=measure iteration=2 events=16 max_events=6320 overflow=0
FIG8_ATTENTION_HOST_TIMING mode=scna-int8 scna_function=exp scna_kernel=direct scna_pipeline=on scna_width=32 qo_len=8 kv_len=4096 n_heads=12 n_kv_heads=2 head_dim=128 phase=measure iteration=3 host_elapsed_us=1149 ret=0
FIG8_ATTENTION_PROFILE_COUNT mode=scna-int8 qo_len=8 phase=measure iteration=3 records=2 max_records=10
FIG8_ATTENTION_TIMERS mode=scna-int8 scna_function=1 scna_kernel=0 scna_pipeline=1 phase=measure iteration=3 lut_exp=0 nonlinear_mode=2 scna_width=32 scna_exp=285 qo_len=8 kv_len=4096 n_heads=12 n_kv_heads=2 head_dim=128 kv_head=0 worker=0 profiled_total=455 q_load=2 k_load=65 v_load=50 qk_dot=4 safe_sm=329 core_acc=2 o_scale=1 o_store=2 kv_dma_issue=5 kv_dma_wait=11 kv_transform=97
FIG8_ATTENTION_TIMERS mode=scna-int8 scna_function=1 scna_kernel=0 scna_pipeline=1 phase=measure iteration=3 lut_exp=0 nonlinear_mode=2 scna_width=32 scna_exp=285 qo_len=8 kv_len=4096 n_heads=12 n_kv_heads=2 head_dim=128 kv_head=1 worker=0 profiled_total=447 q_load=2 k_load=65 v_load=50 qk_dot=3 safe_sm=322 core_acc=2 o_scale=1 o_store=2 kv_dma_issue=5 kv_dma_wait=10 kv_transform=97
FIG8_ATTENTION_EVENT_COUNT mode=scna-int8 qo_len=8 phase=measure iteration=3 events=16 max_events=6320 overflow=0
FIG8_ATTENTION_HOST_TIMING mode=scna-int8 scna_function=exp scna_kernel=direct scna_pipeline=on scna_width=32 qo_len=8 kv_len=4096 n_heads=12 n_kv_heads=2 head_dim=128 phase=measure iteration=4 host_elapsed_us=1149 ret=0
FIG8_ATTENTION_PROFILE_COUNT mode=scna-int8 qo_len=8 phase=measure iteration=4 records=2 max_records=10
FIG8_ATTENTION_TIMERS mode=scna-int8 scna_function=1 scna_kernel=0 scna_pipeline=1 phase=measure iteration=4 lut_exp=0 nonlinear_mode=2 scna_width=32 scna_exp=285 qo_len=8 kv_len=4096 n_heads=12 n_kv_heads=2 head_dim=128 kv_head=0 worker=0 profiled_total=456 q_load=2 k_load=65 v_load=50 qk_dot=4 safe_sm=330 core_acc=2 o_scale=1 o_store=2 kv_dma_issue=5 kv_dma_wait=11 kv_transform=97
FIG8_ATTENTION_TIMERS mode=scna-int8 scna_function=1 scna_kernel=0 scna_pipeline=1 phase=measure iteration=4 lut_exp=0 nonlinear_mode=2 scna_width=32 scna_exp=284 qo_len=8 kv_len=4096 n_heads=12 n_kv_heads=2 head_dim=128 kv_head=1 worker=0 profiled_total=445 q_load=1 k_load=65 v_load=50 qk_dot=3 safe_sm=320 core_acc=2 o_scale=1 o_store=3 kv_dma_issue=5 kv_dma_wait=10 kv_transform=97
FIG8_ATTENTION_EVENT_COUNT mode=scna-int8 qo_len=8 phase=measure iteration=4 events=16 max_events=6320 overflow=0
FIG8_ATTENTION_HOST_TIMING mode=scna-int8 scna_function=exp scna_kernel=direct scna_pipeline=on scna_width=32 qo_len=8 kv_len=4096 n_heads=12 n_kv_heads=2 head_dim=128 phase=measure iteration=5 host_elapsed_us=1158 ret=0
FIG8_ATTENTION_PROFILE_COUNT mode=scna-int8 qo_len=8 phase=measure iteration=5 records=2 max_records=10
FIG8_ATTENTION_TIMERS mode=scna-int8 scna_function=1 scna_kernel=0 scna_pipeline=1 phase=measure iteration=5 lut_exp=0 nonlinear_mode=2 scna_width=32 scna_exp=285 qo_len=8 kv_len=4096 n_heads=12 n_kv_heads=2 head_dim=128 kv_head=0 worker=0 profiled_total=456 q_load=2 k_load=65 v_load=50 qk_dot=4 safe_sm=330 core_acc=2 o_scale=1 o_store=2 kv_dma_issue=5 kv_dma_wait=11 kv_transform=96
FIG8_ATTENTION_TIMERS mode=scna-int8 scna_function=1 scna_kernel=0 scna_pipeline=1 phase=measure iteration=5 lut_exp=0 nonlinear_mode=2 scna_width=32 scna_exp=285 qo_len=8 kv_len=4096 n_heads=12 n_kv_heads=2 head_dim=128 kv_head=1 worker=0 profiled_total=447 q_load=2 k_load=65 v_load=51 qk_dot=3 safe_sm=320 core_acc=2 o_scale=1 o_store=3 kv_dma_issue=5 kv_dma_wait=11 kv_transform=96
FIG8_ATTENTION_EVENT_COUNT mode=scna-int8 qo_len=8 phase=measure iteration=5 events=16 max_events=6320 overflow=0
FIG8_ATTENTION_HOST_TIMING mode=scna-int8 scna_function=exp scna_kernel=direct scna_pipeline=on scna_width=32 qo_len=8 kv_len=4096 n_heads=12 n_kv_heads=2 head_dim=128 phase=measure iteration=6 host_elapsed_us=1181 ret=0
FIG8_ATTENTION_PROFILE_COUNT mode=scna-int8 qo_len=8 phase=measure iteration=6 records=2 max_records=10
FIG8_ATTENTION_TIMERS mode=scna-int8 scna_function=1 scna_kernel=0 scna_pipeline=1 phase=measure iteration=6 lut_exp=0 nonlinear_mode=2 scna_width=32 scna_exp=285 qo_len=8 kv_len=4096 n_heads=12 n_kv_heads=2 head_dim=128 kv_head=0 worker=0 profiled_total=455 q_load=2 k_load=65 v_load=50 qk_dot=4 safe_sm=329 core_acc=2 o_scale=1 o_store=2 kv_dma_issue=4 kv_dma_wait=11 kv_transform=96
FIG8_ATTENTION_TIMERS mode=scna-int8 scna_function=1 scna_kernel=0 scna_pipeline=1 phase=measure iteration=6 lut_exp=0 nonlinear_mode=2 scna_width=32 scna_exp=284 qo_len=8 kv_len=4096 n_heads=12 n_kv_heads=2 head_dim=128 kv_head=1 worker=0 profiled_total=445 q_load=1 k_load=65 v_load=51 qk_dot=3 safe_sm=319 core_acc=2 o_scale=1 o_store=3 kv_dma_issue=5 kv_dma_wait=11 kv_transform=96
FIG8_ATTENTION_EVENT_COUNT mode=scna-int8 qo_len=8 phase=measure iteration=6 events=16 max_events=6320 overflow=0
FIG8_ATTENTION_HOST_TIMING mode=scna-int8 scna_function=exp scna_kernel=direct scna_pipeline=on scna_width=32 qo_len=8 kv_len=4096 n_heads=12 n_kv_heads=2 head_dim=128 phase=measure iteration=7 host_elapsed_us=1164 ret=0
FIG8_ATTENTION_PROFILE_COUNT mode=scna-int8 qo_len=8 phase=measure iteration=7 records=2 max_records=10
FIG8_ATTENTION_TIMERS mode=scna-int8 scna_function=1 scna_kernel=0 scna_pipeline=1 phase=measure iteration=7 lut_exp=0 nonlinear_mode=2 scna_width=32 scna_exp=285 qo_len=8 kv_len=4096 n_heads=12 n_kv_heads=2 head_dim=128 kv_head=0 worker=0 profiled_total=455 q_load=2 k_load=65 v_load=50 qk_dot=4 safe_sm=329 core_acc=2 o_scale=1 o_store=2 kv_dma_issue=4 kv_dma_wait=10 kv_transform=96
FIG8_ATTENTION_TIMERS mode=scna-int8 scna_function=1 scna_kernel=0 scna_pipeline=1 phase=measure iteration=7 lut_exp=0 nonlinear_mode=2 scna_width=32 scna_exp=285 qo_len=8 kv_len=4096 n_heads=12 n_kv_heads=2 head_dim=128 kv_head=1 worker=0 profiled_total=450 q_load=2 k_load=65 v_load=53 qk_dot=3 safe_sm=322 core_acc=2 o_scale=1 o_store=2 kv_dma_issue=5 kv_dma_wait=13 kv_transform=96
FIG8_ATTENTION_EVENT_COUNT mode=scna-int8 qo_len=8 phase=measure iteration=7 events=16 max_events=6320 overflow=0
FIG8_ATTENTION_HOST_TIMING mode=scna-int8 scna_function=exp scna_kernel=direct scna_pipeline=on scna_width=32 qo_len=8 kv_len=4096 n_heads=12 n_kv_heads=2 head_dim=128 phase=measure iteration=8 host_elapsed_us=1193 ret=0
FIG8_ATTENTION_PROFILE_COUNT mode=scna-int8 qo_len=8 phase=measure iteration=8 records=2 max_records=10
FIG8_ATTENTION_TIMERS mode=scna-int8 scna_function=1 scna_kernel=0 scna_pipeline=1 phase=measure iteration=8 lut_exp=0 nonlinear_mode=2 scna_width=32 scna_exp=286 qo_len=8 kv_len=4096 n_heads=12 n_kv_heads=2 head_dim=128 kv_head=0 worker=0 profiled_total=458 q_load=2 k_load=65 v_load=51 qk_dot=4 safe_sm=331 core_acc=2 o_scale=1 o_store=2 kv_dma_issue=4 kv_dma_wait=12 kv_transform=96
FIG8_ATTENTION_TIMERS mode=scna-int8 scna_function=1 scna_kernel=0 scna_pipeline=1 phase=measure iteration=8 lut_exp=0 nonlinear_mode=2 scna_width=32 scna_exp=285 qo_len=8 kv_len=4096 n_heads=12 n_kv_heads=2 head_dim=128 kv_head=1 worker=0 profiled_total=447 q_load=1 k_load=65 v_load=52 qk_dot=3 safe_sm=321 core_acc=2 o_scale=1 o_store=2 kv_dma_issue=4 kv_dma_wait=12 kv_transform=97
FIG8_ATTENTION_EVENT_COUNT mode=scna-int8 qo_len=8 phase=measure iteration=8 events=16 max_events=6320 overflow=0
FIG8_ATTENTION_HOST_TIMING mode=scna-int8 scna_function=exp scna_kernel=direct scna_pipeline=on scna_width=32 qo_len=8 kv_len=4096 n_heads=12 n_kv_heads=2 head_dim=128 phase=measure iteration=9 host_elapsed_us=1141 ret=0
FIG8_ATTENTION_PROFILE_COUNT mode=scna-int8 qo_len=8 phase=measure iteration=9 records=2 max_records=10
FIG8_ATTENTION_TIMERS mode=scna-int8 scna_function=1 scna_kernel=0 scna_pipeline=1 phase=measure iteration=9 lut_exp=0 nonlinear_mode=2 scna_width=32 scna_exp=286 qo_len=8 kv_len=4096 n_heads=12 n_kv_heads=2 head_dim=128 kv_head=0 worker=0 profiled_total=457 q_load=2 k_load=65 v_load=51 qk_dot=4 safe_sm=330 core_acc=2 o_scale=1 o_store=2 kv_dma_issue=5 kv_dma_wait=12 kv_transform=96
FIG8_ATTENTION_TIMERS mode=scna-int8 scna_function=1 scna_kernel=0 scna_pipeline=1 phase=measure iteration=9 lut_exp=0 nonlinear_mode=2 scna_width=32 scna_exp=284 qo_len=8 kv_len=4096 n_heads=12 n_kv_heads=2 head_dim=128 kv_head=1 worker=0 profiled_total=446 q_load=1 k_load=66 v_load=51 qk_dot=3 safe_sm=320 core_acc=2 o_scale=1 o_store=2 kv_dma_issue=4 kv_dma_wait=12 kv_transform=96
FIG8_ATTENTION_EVENT_COUNT mode=scna-int8 qo_len=8 phase=measure iteration=9 events=16 max_events=6320 overflow=0
FIG8_ATTENTION_HOST_TIMING mode=scna-int8 scna_function=exp scna_kernel=direct scna_pipeline=on scna_width=32 qo_len=8 kv_len=4096 n_heads=12 n_kv_heads=2 head_dim=128 phase=measure iteration=10 host_elapsed_us=1212 ret=0
FIG8_ATTENTION_PROFILE_COUNT mode=scna-int8 qo_len=8 phase=measure iteration=10 records=2 max_records=10
FIG8_ATTENTION_TIMERS mode=scna-int8 scna_function=1 scna_kernel=0 scna_pipeline=1 phase=measure iteration=10 lut_exp=0 nonlinear_mode=2 scna_width=32 scna_exp=285 qo_len=8 kv_len=4096 n_heads=12 n_kv_heads=2 head_dim=128 kv_head=0 worker=0 profiled_total=456 q_load=2 k_load=65 v_load=50 qk_dot=4 safe_sm=330 core_acc=2 o_scale=1 o_store=2 kv_dma_issue=4 kv_dma_wait=11 kv_transform=96
FIG8_ATTENTION_TIMERS mode=scna-int8 scna_function=1 scna_kernel=0 scna_pipeline=1 phase=measure iteration=10 lut_exp=0 nonlinear_mode=2 scna_width=32 scna_exp=285 qo_len=8 kv_len=4096 n_heads=12 n_kv_heads=2 head_dim=128 kv_head=1 worker=0 profiled_total=450 q_load=2 k_load=65 v_load=51 qk_dot=3 safe_sm=323 core_acc=2 o_scale=1 o_store=3 kv_dma_issue=5 kv_dma_wait=12 kv_transform=95
FIG8_ATTENTION_EVENT_COUNT mode=scna-int8 qo_len=8 phase=measure iteration=10 events=16 max_events=6320 overflow=0
FIG8_ATTENTION_HOST_TIMING mode=scna-int8 scna_function=exp scna_kernel=direct scna_pipeline=on scna_width=32 qo_len=8 kv_len=4096 n_heads=12 n_kv_heads=2 head_dim=128 phase=measure iteration=11 host_elapsed_us=1122 ret=0
FIG8_ATTENTION_PROFILE_COUNT mode=scna-int8 qo_len=8 phase=measure iteration=11 records=2 max_records=10
FIG8_ATTENTION_TIMERS mode=scna-int8 scna_function=1 scna_kernel=0 scna_pipeline=1 phase=measure iteration=11 lut_exp=0 nonlinear_mode=2 scna_width=32 scna_exp=285 qo_len=8 kv_len=4096 n_heads=12 n_kv_heads=2 head_dim=128 kv_head=0 worker=0 profiled_total=460 q_load=2 k_load=66 v_load=52 qk_dot=4 safe_sm=331 core_acc=2 o_scale=1 o_store=2 kv_dma_issue=4 kv_dma_wait=13 kv_transform=96
FIG8_ATTENTION_TIMERS mode=scna-int8 scna_function=1 scna_kernel=0 scna_pipeline=1 phase=measure iteration=11 lut_exp=0 nonlinear_mode=2 scna_width=32 scna_exp=285 qo_len=8 kv_len=4096 n_heads=12 n_kv_heads=2 head_dim=128 kv_head=1 worker=0 profiled_total=450 q_load=2 k_load=65 v_load=51 qk_dot=3 safe_sm=322 core_acc=3 o_scale=1 o_store=3 kv_dma_issue=4 kv_dma_wait=11 kv_transform=97
FIG8_ATTENTION_EVENT_COUNT mode=scna-int8 qo_len=8 phase=measure iteration=11 events=16 max_events=6320 overflow=0
FIG8_ATTENTION_HOST_TIMING mode=scna-int8 scna_function=exp scna_kernel=direct scna_pipeline=on scna_width=32 qo_len=8 kv_len=4096 n_heads=12 n_kv_heads=2 head_dim=128 phase=measure iteration=12 host_elapsed_us=1106 ret=0
FIG8_ATTENTION_PROFILE_COUNT mode=scna-int8 qo_len=8 phase=measure iteration=12 records=2 max_records=10
FIG8_ATTENTION_TIMERS mode=scna-int8 scna_function=1 scna_kernel=0 scna_pipeline=1 phase=measure iteration=12 lut_exp=0 nonlinear_mode=2 scna_width=32 scna_exp=286 qo_len=8 kv_len=4096 n_heads=12 n_kv_heads=2 head_dim=128 kv_head=0 worker=0 profiled_total=458 q_load=2 k_load=65 v_load=51 qk_dot=4 safe_sm=331 core_acc=2 o_scale=1 o_store=2 kv_dma_issue=5 kv_dma_wait=11 kv_transform=97
FIG8_ATTENTION_TIMERS mode=scna-int8 scna_function=1 scna_kernel=0 scna_pipeline=1 phase=measure iteration=12 lut_exp=0 nonlinear_mode=2 scna_width=32 scna_exp=285 qo_len=8 kv_len=4096 n_heads=12 n_kv_heads=2 head_dim=128 kv_head=1 worker=0 profiled_total=449 q_load=1 k_load=66 v_load=51 qk_dot=3 safe_sm=322 core_acc=2 o_scale=1 o_store=3 kv_dma_issue=4 kv_dma_wait=12 kv_transform=97
FIG8_ATTENTION_EVENT_COUNT mode=scna-int8 qo_len=8 phase=measure iteration=12 events=16 max_events=6320 overflow=0
FIG8_ATTENTION_HOST_TIMING mode=scna-int8 scna_function=exp scna_kernel=direct scna_pipeline=on scna_width=32 qo_len=8 kv_len=4096 n_heads=12 n_kv_heads=2 head_dim=128 phase=measure iteration=13 host_elapsed_us=1100 ret=0
FIG8_ATTENTION_PROFILE_COUNT mode=scna-int8 qo_len=8 phase=measure iteration=13 records=2 max_records=10
FIG8_ATTENTION_TIMERS mode=scna-int8 scna_function=1 scna_kernel=0 scna_pipeline=1 phase=measure iteration=13 lut_exp=0 nonlinear_mode=2 scna_width=32 scna_exp=285 qo_len=8 kv_len=4096 n_heads=12 n_kv_heads=2 head_dim=128 kv_head=0 worker=0 profiled_total=458 q_load=2 k_load=66 v_load=50 qk_dot=4 safe_sm=331 core_acc=2 o_scale=1 o_store=2 kv_dma_issue=4 kv_dma_wait=12 kv_transform=96
FIG8_ATTENTION_TIMERS mode=scna-int8 scna_function=1 scna_kernel=0 scna_pipeline=1 phase=measure iteration=13 lut_exp=0 nonlinear_mode=2 scna_width=32 scna_exp=286 qo_len=8 kv_len=4096 n_heads=12 n_kv_heads=2 head_dim=128 kv_head=1 worker=0 profiled_total=453 q_load=1 k_load=65 v_load=56 qk_dot=3 safe_sm=323 core_acc=2 o_scale=1 o_store=2 kv_dma_issue=4 kv_dma_wait=17 kv_transform=97
FIG8_ATTENTION_EVENT_COUNT mode=scna-int8 qo_len=8 phase=measure iteration=13 events=16 max_events=6320 overflow=0
FIG8_ATTENTION_HOST_TIMING mode=scna-int8 scna_function=exp scna_kernel=direct scna_pipeline=on scna_width=32 qo_len=8 kv_len=4096 n_heads=12 n_kv_heads=2 head_dim=128 phase=measure iteration=14 host_elapsed_us=1222 ret=0
FIG8_ATTENTION_PROFILE_COUNT mode=scna-int8 qo_len=8 phase=measure iteration=14 records=2 max_records=10
FIG8_ATTENTION_TIMERS mode=scna-int8 scna_function=1 scna_kernel=0 scna_pipeline=1 phase=measure iteration=14 lut_exp=0 nonlinear_mode=2 scna_width=32 scna_exp=285 qo_len=8 kv_len=4096 n_heads=12 n_kv_heads=2 head_dim=128 kv_head=0 worker=0 profiled_total=457 q_load=2 k_load=65 v_load=51 qk_dot=4 safe_sm=330 core_acc=2 o_scale=1 o_store=2 kv_dma_issue=4 kv_dma_wait=13 kv_transform=96
FIG8_ATTENTION_TIMERS mode=scna-int8 scna_function=1 scna_kernel=0 scna_pipeline=1 phase=measure iteration=14 lut_exp=0 nonlinear_mode=2 scna_width=32 scna_exp=286 qo_len=8 kv_len=4096 n_heads=12 n_kv_heads=2 head_dim=128 kv_head=1 worker=0 profiled_total=455 q_load=2 k_load=66 v_load=55 qk_dot=3 safe_sm=323 core_acc=2 o_scale=1 o_store=3 kv_dma_issue=5 kv_dma_wait=17 kv_transform=96
FIG8_ATTENTION_EVENT_COUNT mode=scna-int8 qo_len=8 phase=measure iteration=14 events=16 max_events=6320 overflow=0
FIG8_ATTENTION_HOST_TIMING mode=scna-int8 scna_function=exp scna_kernel=direct scna_pipeline=on scna_width=32 qo_len=8 kv_len=4096 n_heads=12 n_kv_heads=2 head_dim=128 phase=measure iteration=15 host_elapsed_us=1214 ret=0
FIG8_ATTENTION_PROFILE_COUNT mode=scna-int8 qo_len=8 phase=measure iteration=15 records=2 max_records=10
FIG8_ATTENTION_TIMERS mode=scna-int8 scna_function=1 scna_kernel=0 scna_pipeline=1 phase=measure iteration=15 lut_exp=0 nonlinear_mode=2 scna_width=32 scna_exp=285 qo_len=8 kv_len=4096 n_heads=12 n_kv_heads=2 head_dim=128 kv_head=0 worker=0 profiled_total=459 q_load=2 k_load=66 v_load=51 qk_dot=4 safe_sm=331 core_acc=2 o_scale=1 o_store=2 kv_dma_issue=4 kv_dma_wait=13 kv_transform=97
FIG8_ATTENTION_TIMERS mode=scna-int8 scna_function=1 scna_kernel=0 scna_pipeline=1 phase=measure iteration=15 lut_exp=0 nonlinear_mode=2 scna_width=32 scna_exp=285 qo_len=8 kv_len=4096 n_heads=12 n_kv_heads=2 head_dim=128 kv_head=1 worker=0 profiled_total=454 q_load=2 k_load=66 v_load=52 qk_dot=3 safe_sm=324 core_acc=3 o_scale=1 o_store=3 kv_dma_issue=4 kv_dma_wait=13 kv_transform=97
FIG8_ATTENTION_EVENT_COUNT mode=scna-int8 qo_len=8 phase=measure iteration=15 events=16 max_events=6320 overflow=0
FIG8_ATTENTION_HOST_TIMING mode=scna-int8 scna_function=exp scna_kernel=direct scna_pipeline=on scna_width=32 qo_len=8 kv_len=4096 n_heads=12 n_kv_heads=2 head_dim=128 phase=measure iteration=16 host_elapsed_us=1180 ret=0
FIG8_ATTENTION_PROFILE_COUNT mode=scna-int8 qo_len=8 phase=measure iteration=16 records=2 max_records=10
FIG8_ATTENTION_TIMERS mode=scna-int8 scna_function=1 scna_kernel=0 scna_pipeline=1 phase=measure iteration=16 lut_exp=0 nonlinear_mode=2 scna_width=32 scna_exp=285 qo_len=8 kv_len=4096 n_heads=12 n_kv_heads=2 head_dim=128 kv_head=0 worker=0 profiled_total=460 q_load=2 k_load=65 v_load=52 qk_dot=4 safe_sm=331 core_acc=3 o_scale=1 o_store=2 kv_dma_issue=4 kv_dma_wait=12 kv_transform=96
FIG8_ATTENTION_TIMERS mode=scna-int8 scna_function=1 scna_kernel=0 scna_pipeline=1 phase=measure iteration=16 lut_exp=0 nonlinear_mode=2 scna_width=32 scna_exp=285 qo_len=8 kv_len=4096 n_heads=12 n_kv_heads=2 head_dim=128 kv_head=1 worker=0 profiled_total=453 q_load=2 k_load=65 v_load=54 qk_dot=3 safe_sm=322 core_acc=3 o_scale=1 o_store=3 kv_dma_issue=5 kv_dma_wait=14 kv_transform=96
FIG8_ATTENTION_EVENT_COUNT mode=scna-int8 qo_len=8 phase=measure iteration=16 events=16 max_events=6320 overflow=0
FIG8_ATTENTION_HOST_TIMING mode=scna-int8 scna_function=exp scna_kernel=direct scna_pipeline=on scna_width=32 qo_len=8 kv_len=4096 n_heads=12 n_kv_heads=2 head_dim=128 phase=measure iteration=17 host_elapsed_us=1104 ret=0
FIG8_ATTENTION_PROFILE_COUNT mode=scna-int8 qo_len=8 phase=measure iteration=17 records=2 max_records=10
FIG8_ATTENTION_TIMERS mode=scna-int8 scna_function=1 scna_kernel=0 scna_pipeline=1 phase=measure iteration=17 lut_exp=0 nonlinear_mode=2 scna_width=32 scna_exp=285 qo_len=8 kv_len=4096 n_heads=12 n_kv_heads=2 head_dim=128 kv_head=0 worker=0 profiled_total=458 q_load=2 k_load=65 v_load=52 qk_dot=4 safe_sm=330 core_acc=2 o_scale=1 o_store=2 kv_dma_issue=5 kv_dma_wait=12 kv_transform=97
FIG8_ATTENTION_TIMERS mode=scna-int8 scna_function=1 scna_kernel=0 scna_pipeline=1 phase=measure iteration=17 lut_exp=0 nonlinear_mode=2 scna_width=32 scna_exp=285 qo_len=8 kv_len=4096 n_heads=12 n_kv_heads=2 head_dim=128 kv_head=1 worker=0 profiled_total=452 q_load=2 k_load=65 v_load=54 qk_dot=3 safe_sm=322 core_acc=2 o_scale=1 o_store=3 kv_dma_issue=5 kv_dma_wait=14 kv_transform=97
FIG8_ATTENTION_EVENT_COUNT mode=scna-int8 qo_len=8 phase=measure iteration=17 events=16 max_events=6320 overflow=0
FIG8_ATTENTION_HOST_TIMING mode=scna-int8 scna_function=exp scna_kernel=direct scna_pipeline=on scna_width=32 qo_len=8 kv_len=4096 n_heads=12 n_kv_heads=2 head_dim=128 phase=measure iteration=18 host_elapsed_us=1178 ret=0
FIG8_ATTENTION_PROFILE_COUNT mode=scna-int8 qo_len=8 phase=measure iteration=18 records=2 max_records=10
FIG8_ATTENTION_TIMERS mode=scna-int8 scna_function=1 scna_kernel=0 scna_pipeline=1 phase=measure iteration=18 lut_exp=0 nonlinear_mode=2 scna_width=32 scna_exp=285 qo_len=8 kv_len=4096 n_heads=12 n_kv_heads=2 head_dim=128 kv_head=0 worker=0 profiled_total=458 q_load=2 k_load=65 v_load=51 qk_dot=4 safe_sm=331 core_acc=2 o_scale=1 o_store=2 kv_dma_issue=4 kv_dma_wait=11 kv_transform=97
FIG8_ATTENTION_TIMERS mode=scna-int8 scna_function=1 scna_kernel=0 scna_pipeline=1 phase=measure iteration=18 lut_exp=0 nonlinear_mode=2 scna_width=32 scna_exp=285 qo_len=8 kv_len=4096 n_heads=12 n_kv_heads=2 head_dim=128 kv_head=1 worker=0 profiled_total=451 q_load=2 k_load=65 v_load=53 qk_dot=3 safe_sm=322 core_acc=2 o_scale=1 o_store=3 kv_dma_issue=5 kv_dma_wait=14 kv_transform=97
FIG8_ATTENTION_EVENT_COUNT mode=scna-int8 qo_len=8 phase=measure iteration=18 events=16 max_events=6320 overflow=0
FIG8_ATTENTION_HOST_TIMING mode=scna-int8 scna_function=exp scna_kernel=direct scna_pipeline=on scna_width=32 qo_len=8 kv_len=4096 n_heads=12 n_kv_heads=2 head_dim=128 phase=measure iteration=19 host_elapsed_us=1222 ret=0
FIG8_ATTENTION_PROFILE_COUNT mode=scna-int8 qo_len=8 phase=measure iteration=19 records=2 max_records=10
FIG8_ATTENTION_TIMERS mode=scna-int8 scna_function=1 scna_kernel=0 scna_pipeline=1 phase=measure iteration=19 lut_exp=0 nonlinear_mode=2 scna_width=32 scna_exp=285 qo_len=8 kv_len=4096 n_heads=12 n_kv_heads=2 head_dim=128 kv_head=0 worker=0 profiled_total=457 q_load=2 k_load=65 v_load=51 qk_dot=4 safe_sm=330 core_acc=2 o_scale=1 o_store=2 kv_dma_issue=5 kv_dma_wait=12 kv_transform=97
FIG8_ATTENTION_TIMERS mode=scna-int8 scna_function=1 scna_kernel=0 scna_pipeline=1 phase=measure iteration=19 lut_exp=0 nonlinear_mode=2 scna_width=32 scna_exp=285 qo_len=8 kv_len=4096 n_heads=12 n_kv_heads=2 head_dim=128 kv_head=1 worker=0 profiled_total=454 q_load=2 k_load=65 v_load=54 qk_dot=3 safe_sm=323 core_acc=3 o_scale=1 o_store=3 kv_dma_issue=4 kv_dma_wait=14 kv_transform=96
FIG8_ATTENTION_EVENT_COUNT mode=scna-int8 qo_len=8 phase=measure iteration=19 events=16 max_events=6320 overflow=0
