alloc_shared_mem_buf: buf=0x78478de000 fd=12 size=24576 flags=FASTRPC_MAP_FD
alloc_shared_mem_buf: buf=0x75aaa00000 fd=13 size=2097152 flags=FASTRPC_MAP_FD
alloc_shared_mem_buf: buf=0x75aa800000 fd=14 size=2097152 flags=FASTRPC_MAP_FD
alloc_shared_mem_buf: buf=0x7847800000 fd=15 size=24576 flags=FASTRPC_MAP_FD
alloc_shared_mem_buf: buf=0x784779b000 fd=16 size=32768 flags=FASTRPC_MAP_FD
alloc_shared_mem_buf: buf=0x7847620000 fd=17 size=234240 flags=FASTRPC_MAP_FD
alloc_shared_mem_buf: buf=0x7847a5e000 fd=18 size=4096 flags=FASTRPC_MAP_FD
No-op channel request completed
FIG8_ATTENTION_CONFIG mode=scna-fp16 scna_function=exp2 scna_kernel=direct scna_pipeline=on mask_mode=full qo_len=4 kv_len=4096 n_heads=12 n_kv_heads=2 head_dim=128 warmup=5 iters=20 scna_width=32 q_size=24576 kv_size=2097152 mask_size=32768 profile_size=234240 profile_max_records=10 profile_max_events=3224 mode_flags=2084 print_events=0
FIG8_ATTENTION_HOST_TIMING mode=scna-fp16 scna_function=exp2 scna_kernel=direct scna_pipeline=on scna_width=32 qo_len=4 kv_len=4096 n_heads=12 n_kv_heads=2 head_dim=128 phase=warmup iteration=0 host_elapsed_us=1063 ret=0
FIG8_ATTENTION_PROFILE_COUNT mode=scna-fp16 qo_len=4 phase=warmup iteration=0 records=2 max_records=10
FIG8_ATTENTION_TIMERS mode=scna-fp16 scna_function=0 scna_kernel=0 scna_pipeline=1 phase=warmup iteration=0 lut_exp=0 nonlinear_mode=1 scna_width=32 scna_exp=200 qo_len=4 kv_len=4096 n_heads=12 n_kv_heads=2 head_dim=128 kv_head=0 worker=0 profiled_total=373 q_load=1 k_load=66 v_load=60 qk_dot=2 safe_sm=236 core_acc=4 o_scale=1 o_store=3 kv_dma_issue=6 kv_dma_wait=20 kv_transform=97
FIG8_ATTENTION_TIMERS mode=scna-fp16 scna_function=0 scna_kernel=0 scna_pipeline=1 phase=warmup iteration=0 lut_exp=0 nonlinear_mode=1 scna_width=32 scna_exp=184 qo_len=4 kv_len=4096 n_heads=12 n_kv_heads=2 head_dim=128 kv_head=1 worker=0 profiled_total=338 q_load=1 k_load=67 v_load=57 qk_dot=2 safe_sm=208 core_acc=1 o_scale=1 o_store=1 kv_dma_issue=5 kv_dma_wait=17 kv_transform=97
FIG8_ATTENTION_EVENT_COUNT mode=scna-fp16 qo_len=4 phase=warmup iteration=0 events=16 max_events=3224 overflow=0
FIG8_ATTENTION_HOST_TIMING mode=scna-fp16 scna_function=exp2 scna_kernel=direct scna_pipeline=on scna_width=32 qo_len=4 kv_len=4096 n_heads=12 n_kv_heads=2 head_dim=128 phase=warmup iteration=1 host_elapsed_us=942 ret=0
FIG8_ATTENTION_PROFILE_COUNT mode=scna-fp16 qo_len=4 phase=warmup iteration=1 records=2 max_records=10
FIG8_ATTENTION_TIMERS mode=scna-fp16 scna_function=0 scna_kernel=0 scna_pipeline=1 phase=warmup iteration=1 lut_exp=0 nonlinear_mode=1 scna_width=32 scna_exp=181 qo_len=4 kv_len=4096 n_heads=12 n_kv_heads=2 head_dim=128 kv_head=0 worker=0 profiled_total=338 q_load=1 k_load=65 v_load=61 qk_dot=2 safe_sm=207 core_acc=1 o_scale=0 o_store=1 kv_dma_issue=5 kv_dma_wait=21 kv_transform=97
FIG8_ATTENTION_TIMERS mode=scna-fp16 scna_function=0 scna_kernel=0 scna_pipeline=1 phase=warmup iteration=1 lut_exp=0 nonlinear_mode=1 scna_width=32 scna_exp=179 qo_len=4 kv_len=4096 n_heads=12 n_kv_heads=2 head_dim=128 kv_head=1 worker=0 profiled_total=322 q_load=1 k_load=67 v_load=55 qk_dot=1 safe_sm=196 core_acc=1 o_scale=0 o_store=1 kv_dma_issue=5 kv_dma_wait=17 kv_transform=96
FIG8_ATTENTION_EVENT_COUNT mode=scna-fp16 qo_len=4 phase=warmup iteration=1 events=16 max_events=3224 overflow=0
FIG8_ATTENTION_HOST_TIMING mode=scna-fp16 scna_function=exp2 scna_kernel=direct scna_pipeline=on scna_width=32 qo_len=4 kv_len=4096 n_heads=12 n_kv_heads=2 head_dim=128 phase=warmup iteration=2 host_elapsed_us=845 ret=0
FIG8_ATTENTION_PROFILE_COUNT mode=scna-fp16 qo_len=4 phase=warmup iteration=2 records=2 max_records=10
FIG8_ATTENTION_TIMERS mode=scna-fp16 scna_function=0 scna_kernel=0 scna_pipeline=1 phase=warmup iteration=2 lut_exp=0 nonlinear_mode=1 scna_width=32 scna_exp=180 qo_len=4 kv_len=4096 n_heads=12 n_kv_heads=2 head_dim=128 kv_head=0 worker=0 profiled_total=332 q_load=1 k_load=65 v_load=57 qk_dot=1 safe_sm=206 core_acc=0 o_scale=0 o_store=2 kv_dma_issue=4 kv_dma_wait=18 kv_transform=96
FIG8_ATTENTION_TIMERS mode=scna-fp16 scna_function=0 scna_kernel=0 scna_pipeline=1 phase=warmup iteration=2 lut_exp=0 nonlinear_mode=1 scna_width=32 scna_exp=179 qo_len=4 kv_len=4096 n_heads=12 n_kv_heads=2 head_dim=128 kv_head=1 worker=0 profiled_total=322 q_load=1 k_load=66 v_load=57 qk_dot=1 safe_sm=195 core_acc=0 o_scale=0 o_store=2 kv_dma_issue=4 kv_dma_wait=19 kv_transform=96
FIG8_ATTENTION_EVENT_COUNT mode=scna-fp16 qo_len=4 phase=warmup iteration=2 events=16 max_events=3224 overflow=0
FIG8_ATTENTION_HOST_TIMING mode=scna-fp16 scna_function=exp2 scna_kernel=direct scna_pipeline=on scna_width=32 qo_len=4 kv_len=4096 n_heads=12 n_kv_heads=2 head_dim=128 phase=warmup iteration=3 host_elapsed_us=829 ret=0
FIG8_ATTENTION_PROFILE_COUNT mode=scna-fp16 qo_len=4 phase=warmup iteration=3 records=2 max_records=10
FIG8_ATTENTION_TIMERS mode=scna-fp16 scna_function=0 scna_kernel=0 scna_pipeline=1 phase=warmup iteration=3 lut_exp=0 nonlinear_mode=1 scna_width=32 scna_exp=180 qo_len=4 kv_len=4096 n_heads=12 n_kv_heads=2 head_dim=128 kv_head=0 worker=0 profiled_total=334 q_load=1 k_load=65 v_load=59 qk_dot=2 safe_sm=205 core_acc=0 o_scale=0 o_store=2 kv_dma_issue=5 kv_dma_wait=20 kv_transform=96
FIG8_ATTENTION_TIMERS mode=scna-fp16 scna_function=0 scna_kernel=0 scna_pipeline=1 phase=warmup iteration=3 lut_exp=0 nonlinear_mode=1 scna_width=32 scna_exp=179 qo_len=4 kv_len=4096 n_heads=12 n_kv_heads=2 head_dim=128 kv_head=1 worker=0 profiled_total=325 q_load=1 k_load=66 v_load=59 qk_dot=1 safe_sm=196 core_acc=0 o_scale=0 o_store=2 kv_dma_issue=4 kv_dma_wait=20 kv_transform=96
FIG8_ATTENTION_EVENT_COUNT mode=scna-fp16 qo_len=4 phase=warmup iteration=3 events=16 max_events=3224 overflow=0
FIG8_ATTENTION_HOST_TIMING mode=scna-fp16 scna_function=exp2 scna_kernel=direct scna_pipeline=on scna_width=32 qo_len=4 kv_len=4096 n_heads=12 n_kv_heads=2 head_dim=128 phase=warmup iteration=4 host_elapsed_us=844 ret=0
FIG8_ATTENTION_PROFILE_COUNT mode=scna-fp16 qo_len=4 phase=warmup iteration=4 records=2 max_records=10
FIG8_ATTENTION_TIMERS mode=scna-fp16 scna_function=0 scna_kernel=0 scna_pipeline=1 phase=warmup iteration=4 lut_exp=0 nonlinear_mode=1 scna_width=32 scna_exp=180 qo_len=4 kv_len=4096 n_heads=12 n_kv_heads=2 head_dim=128 kv_head=0 worker=0 profiled_total=331 q_load=1 k_load=65 v_load=57 qk_dot=1 safe_sm=205 core_acc=0 o_scale=0 o_store=2 kv_dma_issue=5 kv_dma_wait=17 kv_transform=97
FIG8_ATTENTION_TIMERS mode=scna-fp16 scna_function=0 scna_kernel=0 scna_pipeline=1 phase=warmup iteration=4 lut_exp=0 nonlinear_mode=1 scna_width=32 scna_exp=179 qo_len=4 kv_len=4096 n_heads=12 n_kv_heads=2 head_dim=128 kv_head=1 worker=0 profiled_total=323 q_load=1 k_load=66 v_load=57 qk_dot=1 safe_sm=196 core_acc=0 o_scale=0 o_store=2 kv_dma_issue=4 kv_dma_wait=19 kv_transform=96
FIG8_ATTENTION_EVENT_COUNT mode=scna-fp16 qo_len=4 phase=warmup iteration=4 events=16 max_events=3224 overflow=0
FIG8_ATTENTION_HOST_TIMING mode=scna-fp16 scna_function=exp2 scna_kernel=direct scna_pipeline=on scna_width=32 qo_len=4 kv_len=4096 n_heads=12 n_kv_heads=2 head_dim=128 phase=measure iteration=0 host_elapsed_us=905 ret=0
FIG8_ATTENTION_PROFILE_COUNT mode=scna-fp16 qo_len=4 phase=measure iteration=0 records=2 max_records=10
FIG8_ATTENTION_TIMERS mode=scna-fp16 scna_function=0 scna_kernel=0 scna_pipeline=1 phase=measure iteration=0 lut_exp=0 nonlinear_mode=1 scna_width=32 scna_exp=179 qo_len=4 kv_len=4096 n_heads=12 n_kv_heads=2 head_dim=128 kv_head=0 worker=0 profiled_total=332 q_load=1 k_load=65 v_load=59 qk_dot=2 safe_sm=203 core_acc=0 o_scale=0 o_store=2 kv_dma_issue=4 kv_dma_wait=21 kv_transform=96
FIG8_ATTENTION_TIMERS mode=scna-fp16 scna_function=0 scna_kernel=0 scna_pipeline=1 phase=measure iteration=0 lut_exp=0 nonlinear_mode=1 scna_width=32 scna_exp=179 qo_len=4 kv_len=4096 n_heads=12 n_kv_heads=2 head_dim=128 kv_head=1 worker=0 profiled_total=325 q_load=1 k_load=67 v_load=60 qk_dot=1 safe_sm=194 core_acc=0 o_scale=0 o_store=2 kv_dma_issue=4 kv_dma_wait=22 kv_transform=96
FIG8_ATTENTION_EVENT_COUNT mode=scna-fp16 qo_len=4 phase=measure iteration=0 events=16 max_events=3224 overflow=0
FIG8_ATTENTION_HOST_TIMING mode=scna-fp16 scna_function=exp2 scna_kernel=direct scna_pipeline=on scna_width=32 qo_len=4 kv_len=4096 n_heads=12 n_kv_heads=2 head_dim=128 phase=measure iteration=1 host_elapsed_us=934 ret=0
FIG8_ATTENTION_PROFILE_COUNT mode=scna-fp16 qo_len=4 phase=measure iteration=1 records=2 max_records=10
FIG8_ATTENTION_TIMERS mode=scna-fp16 scna_function=0 scna_kernel=0 scna_pipeline=1 phase=measure iteration=1 lut_exp=0 nonlinear_mode=1 scna_width=32 scna_exp=179 qo_len=4 kv_len=4096 n_heads=12 n_kv_heads=2 head_dim=128 kv_head=0 worker=0 profiled_total=331 q_load=1 k_load=65 v_load=58 qk_dot=1 safe_sm=204 core_acc=0 o_scale=0 o_store=2 kv_dma_issue=4 kv_dma_wait=18 kv_transform=97
FIG8_ATTENTION_TIMERS mode=scna-fp16 scna_function=0 scna_kernel=0 scna_pipeline=1 phase=measure iteration=1 lut_exp=0 nonlinear_mode=1 scna_width=32 scna_exp=179 qo_len=4 kv_len=4096 n_heads=12 n_kv_heads=2 head_dim=128 kv_head=1 worker=0 profiled_total=324 q_load=1 k_load=66 v_load=59 qk_dot=1 safe_sm=195 core_acc=0 o_scale=0 o_store=2 kv_dma_issue=4 kv_dma_wait=21 kv_transform=96
FIG8_ATTENTION_EVENT_COUNT mode=scna-fp16 qo_len=4 phase=measure iteration=1 events=16 max_events=3224 overflow=0
FIG8_ATTENTION_HOST_TIMING mode=scna-fp16 scna_function=exp2 scna_kernel=direct scna_pipeline=on scna_width=32 qo_len=4 kv_len=4096 n_heads=12 n_kv_heads=2 head_dim=128 phase=measure iteration=2 host_elapsed_us=929 ret=0
FIG8_ATTENTION_PROFILE_COUNT mode=scna-fp16 qo_len=4 phase=measure iteration=2 records=2 max_records=10
FIG8_ATTENTION_TIMERS mode=scna-fp16 scna_function=0 scna_kernel=0 scna_pipeline=1 phase=measure iteration=2 lut_exp=0 nonlinear_mode=1 scna_width=32 scna_exp=180 qo_len=4 kv_len=4096 n_heads=12 n_kv_heads=2 head_dim=128 kv_head=0 worker=0 profiled_total=335 q_load=1 k_load=65 v_load=60 qk_dot=2 safe_sm=205 core_acc=0 o_scale=0 o_store=2 kv_dma_issue=4 kv_dma_wait=21 kv_transform=96
FIG8_ATTENTION_TIMERS mode=scna-fp16 scna_function=0 scna_kernel=0 scna_pipeline=1 phase=measure iteration=2 lut_exp=0 nonlinear_mode=1 scna_width=32 scna_exp=179 qo_len=4 kv_len=4096 n_heads=12 n_kv_heads=2 head_dim=128 kv_head=1 worker=0 profiled_total=325 q_load=1 k_load=66 v_load=59 qk_dot=1 safe_sm=196 core_acc=0 o_scale=0 o_store=2 kv_dma_issue=4 kv_dma_wait=21 kv_transform=96
FIG8_ATTENTION_EVENT_COUNT mode=scna-fp16 qo_len=4 phase=measure iteration=2 events=16 max_events=3224 overflow=0
FIG8_ATTENTION_HOST_TIMING mode=scna-fp16 scna_function=exp2 scna_kernel=direct scna_pipeline=on scna_width=32 qo_len=4 kv_len=4096 n_heads=12 n_kv_heads=2 head_dim=128 phase=measure iteration=3 host_elapsed_us=930 ret=0
FIG8_ATTENTION_PROFILE_COUNT mode=scna-fp16 qo_len=4 phase=measure iteration=3 records=2 max_records=10
FIG8_ATTENTION_TIMERS mode=scna-fp16 scna_function=0 scna_kernel=0 scna_pipeline=1 phase=measure iteration=3 lut_exp=0 nonlinear_mode=1 scna_width=32 scna_exp=179 qo_len=4 kv_len=4096 n_heads=12 n_kv_heads=2 head_dim=128 kv_head=0 worker=0 profiled_total=334 q_load=1 k_load=65 v_load=58 qk_dot=1 safe_sm=207 core_acc=0 o_scale=0 o_store=2 kv_dma_issue=4 kv_dma_wait=19 kv_transform=97
FIG8_ATTENTION_TIMERS mode=scna-fp16 scna_function=0 scna_kernel=0 scna_pipeline=1 phase=measure iteration=3 lut_exp=0 nonlinear_mode=1 scna_width=32 scna_exp=179 qo_len=4 kv_len=4096 n_heads=12 n_kv_heads=2 head_dim=128 kv_head=1 worker=0 profiled_total=322 q_load=1 k_load=67 v_load=55 qk_dot=1 safe_sm=196 core_acc=0 o_scale=0 o_store=2 kv_dma_issue=4 kv_dma_wait=18 kv_transform=96
FIG8_ATTENTION_EVENT_COUNT mode=scna-fp16 qo_len=4 phase=measure iteration=3 events=16 max_events=3224 overflow=0
FIG8_ATTENTION_HOST_TIMING mode=scna-fp16 scna_function=exp2 scna_kernel=direct scna_pipeline=on scna_width=32 qo_len=4 kv_len=4096 n_heads=12 n_kv_heads=2 head_dim=128 phase=measure iteration=4 host_elapsed_us=936 ret=0
FIG8_ATTENTION_PROFILE_COUNT mode=scna-fp16 qo_len=4 phase=measure iteration=4 records=2 max_records=10
FIG8_ATTENTION_TIMERS mode=scna-fp16 scna_function=0 scna_kernel=0 scna_pipeline=1 phase=measure iteration=4 lut_exp=0 nonlinear_mode=1 scna_width=32 scna_exp=179 qo_len=4 kv_len=4096 n_heads=12 n_kv_heads=2 head_dim=128 kv_head=0 worker=0 profiled_total=331 q_load=1 k_load=65 v_load=58 qk_dot=2 safe_sm=203 core_acc=0 o_scale=0 o_store=2 kv_dma_issue=4 kv_dma_wait=19 kv_transform=97
FIG8_ATTENTION_TIMERS mode=scna-fp16 scna_function=0 scna_kernel=0 scna_pipeline=1 phase=measure iteration=4 lut_exp=0 nonlinear_mode=1 scna_width=32 scna_exp=179 qo_len=4 kv_len=4096 n_heads=12 n_kv_heads=2 head_dim=128 kv_head=1 worker=0 profiled_total=323 q_load=1 k_load=66 v_load=58 qk_dot=1 safe_sm=195 core_acc=0 o_scale=0 o_store=2 kv_dma_issue=4 kv_dma_wait=19 kv_transform=96
FIG8_ATTENTION_EVENT_COUNT mode=scna-fp16 qo_len=4 phase=measure iteration=4 events=16 max_events=3224 overflow=0
FIG8_ATTENTION_HOST_TIMING mode=scna-fp16 scna_function=exp2 scna_kernel=direct scna_pipeline=on scna_width=32 qo_len=4 kv_len=4096 n_heads=12 n_kv_heads=2 head_dim=128 phase=measure iteration=5 host_elapsed_us=930 ret=0
FIG8_ATTENTION_PROFILE_COUNT mode=scna-fp16 qo_len=4 phase=measure iteration=5 records=2 max_records=10
FIG8_ATTENTION_TIMERS mode=scna-fp16 scna_function=0 scna_kernel=0 scna_pipeline=1 phase=measure iteration=5 lut_exp=0 nonlinear_mode=1 scna_width=32 scna_exp=179 qo_len=4 kv_len=4096 n_heads=12 n_kv_heads=2 head_dim=128 kv_head=0 worker=0 profiled_total=328 q_load=1 k_load=65 v_load=54 qk_dot=1 safe_sm=205 core_acc=0 o_scale=0 o_store=2 kv_dma_issue=4 kv_dma_wait=15 kv_transform=96
FIG8_ATTENTION_TIMERS mode=scna-fp16 scna_function=0 scna_kernel=0 scna_pipeline=1 phase=measure iteration=5 lut_exp=0 nonlinear_mode=1 scna_width=32 scna_exp=179 qo_len=4 kv_len=4096 n_heads=12 n_kv_heads=2 head_dim=128 kv_head=1 worker=0 profiled_total=325 q_load=0 k_load=66 v_load=58 qk_dot=1 safe_sm=198 core_acc=0 o_scale=0 o_store=2 kv_dma_issue=4 kv_dma_wait=21 kv_transform=97
FIG8_ATTENTION_EVENT_COUNT mode=scna-fp16 qo_len=4 phase=measure iteration=5 events=16 max_events=3224 overflow=0
FIG8_ATTENTION_HOST_TIMING mode=scna-fp16 scna_function=exp2 scna_kernel=direct scna_pipeline=on scna_width=32 qo_len=4 kv_len=4096 n_heads=12 n_kv_heads=2 head_dim=128 phase=measure iteration=6 host_elapsed_us=933 ret=0
FIG8_ATTENTION_PROFILE_COUNT mode=scna-fp16 qo_len=4 phase=measure iteration=6 records=2 max_records=10
FIG8_ATTENTION_TIMERS mode=scna-fp16 scna_function=0 scna_kernel=0 scna_pipeline=1 phase=measure iteration=6 lut_exp=0 nonlinear_mode=1 scna_width=32 scna_exp=179 qo_len=4 kv_len=4096 n_heads=12 n_kv_heads=2 head_dim=128 kv_head=0 worker=0 profiled_total=333 q_load=1 k_load=65 v_load=58 qk_dot=2 safe_sm=205 core_acc=0 o_scale=0 o_store=2 kv_dma_issue=5 kv_dma_wait=18 kv_transform=97
FIG8_ATTENTION_TIMERS mode=scna-fp16 scna_function=0 scna_kernel=0 scna_pipeline=1 phase=measure iteration=6 lut_exp=0 nonlinear_mode=1 scna_width=32 scna_exp=179 qo_len=4 kv_len=4096 n_heads=12 n_kv_heads=2 head_dim=128 kv_head=1 worker=0 profiled_total=324 q_load=1 k_load=66 v_load=58 qk_dot=1 safe_sm=196 core_acc=0 o_scale=0 o_store=2 kv_dma_issue=4 kv_dma_wait=20 kv_transform=97
FIG8_ATTENTION_EVENT_COUNT mode=scna-fp16 qo_len=4 phase=measure iteration=6 events=16 max_events=3224 overflow=0
FIG8_ATTENTION_HOST_TIMING mode=scna-fp16 scna_function=exp2 scna_kernel=direct scna_pipeline=on scna_width=32 qo_len=4 kv_len=4096 n_heads=12 n_kv_heads=2 head_dim=128 phase=measure iteration=7 host_elapsed_us=928 ret=0
FIG8_ATTENTION_PROFILE_COUNT mode=scna-fp16 qo_len=4 phase=measure iteration=7 records=2 max_records=10
FIG8_ATTENTION_TIMERS mode=scna-fp16 scna_function=0 scna_kernel=0 scna_pipeline=1 phase=measure iteration=7 lut_exp=0 nonlinear_mode=1 scna_width=32 scna_exp=179 qo_len=4 kv_len=4096 n_heads=12 n_kv_heads=2 head_dim=128 kv_head=0 worker=0 profiled_total=333 q_load=1 k_load=65 v_load=58 qk_dot=1 safe_sm=206 core_acc=0 o_scale=0 o_store=2 kv_dma_issue=4 kv_dma_wait=19 kv_transform=96
FIG8_ATTENTION_TIMERS mode=scna-fp16 scna_function=0 scna_kernel=0 scna_pipeline=1 phase=measure iteration=7 lut_exp=0 nonlinear_mode=1 scna_width=32 scna_exp=179 qo_len=4 kv_len=4096 n_heads=12 n_kv_heads=2 head_dim=128 kv_head=1 worker=0 profiled_total=325 q_load=0 k_load=66 v_load=59 qk_dot=1 safe_sm=197 core_acc=0 o_scale=0 o_store=2 kv_dma_issue=4 kv_dma_wait=20 kv_transform=96
FIG8_ATTENTION_EVENT_COUNT mode=scna-fp16 qo_len=4 phase=measure iteration=7 events=16 max_events=3224 overflow=0
FIG8_ATTENTION_HOST_TIMING mode=scna-fp16 scna_function=exp2 scna_kernel=direct scna_pipeline=on scna_width=32 qo_len=4 kv_len=4096 n_heads=12 n_kv_heads=2 head_dim=128 phase=measure iteration=8 host_elapsed_us=930 ret=0
FIG8_ATTENTION_PROFILE_COUNT mode=scna-fp16 qo_len=4 phase=measure iteration=8 records=2 max_records=10
FIG8_ATTENTION_TIMERS mode=scna-fp16 scna_function=0 scna_kernel=0 scna_pipeline=1 phase=measure iteration=8 lut_exp=0 nonlinear_mode=1 scna_width=32 scna_exp=179 qo_len=4 kv_len=4096 n_heads=12 n_kv_heads=2 head_dim=128 kv_head=0 worker=0 profiled_total=328 q_load=1 k_load=65 v_load=54 qk_dot=2 safe_sm=204 core_acc=0 o_scale=0 o_store=2 kv_dma_issue=5 kv_dma_wait=15 kv_transform=96
FIG8_ATTENTION_TIMERS mode=scna-fp16 scna_function=0 scna_kernel=0 scna_pipeline=1 phase=measure iteration=8 lut_exp=0 nonlinear_mode=1 scna_width=32 scna_exp=179 qo_len=4 kv_len=4096 n_heads=12 n_kv_heads=2 head_dim=128 kv_head=1 worker=0 profiled_total=322 q_load=0 k_load=66 v_load=58 qk_dot=1 safe_sm=195 core_acc=0 o_scale=0 o_store=2 kv_dma_issue=5 kv_dma_wait=20 kv_transform=96
FIG8_ATTENTION_EVENT_COUNT mode=scna-fp16 qo_len=4 phase=measure iteration=8 events=16 max_events=3224 overflow=0
FIG8_ATTENTION_HOST_TIMING mode=scna-fp16 scna_function=exp2 scna_kernel=direct scna_pipeline=on scna_width=32 qo_len=4 kv_len=4096 n_heads=12 n_kv_heads=2 head_dim=128 phase=measure iteration=9 host_elapsed_us=930 ret=0
FIG8_ATTENTION_PROFILE_COUNT mode=scna-fp16 qo_len=4 phase=measure iteration=9 records=2 max_records=10
FIG8_ATTENTION_TIMERS mode=scna-fp16 scna_function=0 scna_kernel=0 scna_pipeline=1 phase=measure iteration=9 lut_exp=0 nonlinear_mode=1 scna_width=32 scna_exp=179 qo_len=4 kv_len=4096 n_heads=12 n_kv_heads=2 head_dim=128 kv_head=0 worker=0 profiled_total=329 q_load=1 k_load=65 v_load=55 qk_dot=1 safe_sm=205 core_acc=0 o_scale=0 o_store=2 kv_dma_issue=4 kv_dma_wait=16 kv_transform=96
FIG8_ATTENTION_TIMERS mode=scna-fp16 scna_function=0 scna_kernel=0 scna_pipeline=1 phase=measure iteration=9 lut_exp=0 nonlinear_mode=1 scna_width=32 scna_exp=179 qo_len=4 kv_len=4096 n_heads=12 n_kv_heads=2 head_dim=128 kv_head=1 worker=0 profiled_total=324 q_load=0 k_load=66 v_load=58 qk_dot=1 safe_sm=197 core_acc=0 o_scale=0 o_store=2 kv_dma_issue=5 kv_dma_wait=20 kv_transform=97
FIG8_ATTENTION_EVENT_COUNT mode=scna-fp16 qo_len=4 phase=measure iteration=9 events=16 max_events=3224 overflow=0
FIG8_ATTENTION_HOST_TIMING mode=scna-fp16 scna_function=exp2 scna_kernel=direct scna_pipeline=on scna_width=32 qo_len=4 kv_len=4096 n_heads=12 n_kv_heads=2 head_dim=128 phase=measure iteration=10 host_elapsed_us=931 ret=0
FIG8_ATTENTION_PROFILE_COUNT mode=scna-fp16 qo_len=4 phase=measure iteration=10 records=2 max_records=10
FIG8_ATTENTION_TIMERS mode=scna-fp16 scna_function=0 scna_kernel=0 scna_pipeline=1 phase=measure iteration=10 lut_exp=0 nonlinear_mode=1 scna_width=32 scna_exp=179 qo_len=4 kv_len=4096 n_heads=12 n_kv_heads=2 head_dim=128 kv_head=0 worker=0 profiled_total=332 q_load=1 k_load=65 v_load=57 qk_dot=2 safe_sm=205 core_acc=0 o_scale=0 o_store=2 kv_dma_issue=4 kv_dma_wait=19 kv_transform=97
FIG8_ATTENTION_TIMERS mode=scna-fp16 scna_function=0 scna_kernel=0 scna_pipeline=1 phase=measure iteration=10 lut_exp=0 nonlinear_mode=1 scna_width=32 scna_exp=179 qo_len=4 kv_len=4096 n_heads=12 n_kv_heads=2 head_dim=128 kv_head=1 worker=0 profiled_total=323 q_load=0 k_load=65 v_load=58 qk_dot=1 safe_sm=197 core_acc=0 o_scale=0 o_store=2 kv_dma_issue=5 kv_dma_wait=20 kv_transform=96
FIG8_ATTENTION_EVENT_COUNT mode=scna-fp16 qo_len=4 phase=measure iteration=10 events=16 max_events=3224 overflow=0
FIG8_ATTENTION_HOST_TIMING mode=scna-fp16 scna_function=exp2 scna_kernel=direct scna_pipeline=on scna_width=32 qo_len=4 kv_len=4096 n_heads=12 n_kv_heads=2 head_dim=128 phase=measure iteration=11 host_elapsed_us=964 ret=0
FIG8_ATTENTION_PROFILE_COUNT mode=scna-fp16 qo_len=4 phase=measure iteration=11 records=2 max_records=10
FIG8_ATTENTION_TIMERS mode=scna-fp16 scna_function=0 scna_kernel=0 scna_pipeline=1 phase=measure iteration=11 lut_exp=0 nonlinear_mode=1 scna_width=32 scna_exp=180 qo_len=4 kv_len=4096 n_heads=12 n_kv_heads=2 head_dim=128 kv_head=0 worker=0 profiled_total=366 q_load=1 k_load=78 v_load=74 qk_dot=1 safe_sm=210 core_acc=0 o_scale=0 o_store=2 kv_dma_issue=5 kv_dma_wait=48 kv_transform=97
FIG8_ATTENTION_TIMERS mode=scna-fp16 scna_function=0 scna_kernel=0 scna_pipeline=1 phase=measure iteration=11 lut_exp=0 nonlinear_mode=1 scna_width=32 scna_exp=180 qo_len=4 kv_len=4096 n_heads=12 n_kv_heads=2 head_dim=128 kv_head=1 worker=0 profiled_total=363 q_load=1 k_load=80 v_load=81 qk_dot=1 safe_sm=198 core_acc=0 o_scale=0 o_store=2 kv_dma_issue=4 kv_dma_wait=57 kv_transform=96
FIG8_ATTENTION_EVENT_COUNT mode=scna-fp16 qo_len=4 phase=measure iteration=11 events=16 max_events=3224 overflow=0
FIG8_ATTENTION_HOST_TIMING mode=scna-fp16 scna_function=exp2 scna_kernel=direct scna_pipeline=on scna_width=32 qo_len=4 kv_len=4096 n_heads=12 n_kv_heads=2 head_dim=128 phase=measure iteration=12 host_elapsed_us=914 ret=0
FIG8_ATTENTION_PROFILE_COUNT mode=scna-fp16 qo_len=4 phase=measure iteration=12 records=2 max_records=10
FIG8_ATTENTION_TIMERS mode=scna-fp16 scna_function=0 scna_kernel=0 scna_pipeline=1 phase=measure iteration=12 lut_exp=0 nonlinear_mode=1 scna_width=32 scna_exp=180 qo_len=4 kv_len=4096 n_heads=12 n_kv_heads=2 head_dim=128 kv_head=0 worker=0 profiled_total=368 q_load=1 k_load=79 v_load=73 qk_dot=2 safe_sm=211 core_acc=0 o_scale=0 o_store=2 kv_dma_issue=4 kv_dma_wait=49 kv_transform=96
FIG8_ATTENTION_TIMERS mode=scna-fp16 scna_function=0 scna_kernel=0 scna_pipeline=1 phase=measure iteration=12 lut_exp=0 nonlinear_mode=1 scna_width=32 scna_exp=180 qo_len=4 kv_len=4096 n_heads=12 n_kv_heads=2 head_dim=128 kv_head=1 worker=0 profiled_total=355 q_load=0 k_load=79 v_load=75 qk_dot=1 safe_sm=198 core_acc=0 o_scale=0 o_store=2 kv_dma_issue=4 kv_dma_wait=49 kv_transform=96
FIG8_ATTENTION_EVENT_COUNT mode=scna-fp16 qo_len=4 phase=measure iteration=12 events=16 max_events=3224 overflow=0
FIG8_ATTENTION_HOST_TIMING mode=scna-fp16 scna_function=exp2 scna_kernel=direct scna_pipeline=on scna_width=32 qo_len=4 kv_len=4096 n_heads=12 n_kv_heads=2 head_dim=128 phase=measure iteration=13 host_elapsed_us=913 ret=0
FIG8_ATTENTION_PROFILE_COUNT mode=scna-fp16 qo_len=4 phase=measure iteration=13 records=2 max_records=10
FIG8_ATTENTION_TIMERS mode=scna-fp16 scna_function=0 scna_kernel=0 scna_pipeline=1 phase=measure iteration=13 lut_exp=0 nonlinear_mode=1 scna_width=32 scna_exp=180 qo_len=4 kv_len=4096 n_heads=12 n_kv_heads=2 head_dim=128 kv_head=0 worker=0 profiled_total=367 q_load=1 k_load=79 v_load=73 qk_dot=1 safe_sm=211 core_acc=0 o_scale=0 o_store=2 kv_dma_issue=5 kv_dma_wait=48 kv_transform=96
FIG8_ATTENTION_TIMERS mode=scna-fp16 scna_function=0 scna_kernel=0 scna_pipeline=1 phase=measure iteration=13 lut_exp=0 nonlinear_mode=1 scna_width=32 scna_exp=180 qo_len=4 kv_len=4096 n_heads=12 n_kv_heads=2 head_dim=128 kv_head=1 worker=0 profiled_total=360 q_load=1 k_load=80 v_load=78 qk_dot=1 safe_sm=198 core_acc=0 o_scale=0 o_store=2 kv_dma_issue=4 kv_dma_wait=53 kv_transform=96
FIG8_ATTENTION_EVENT_COUNT mode=scna-fp16 qo_len=4 phase=measure iteration=13 events=16 max_events=3224 overflow=0
FIG8_ATTENTION_HOST_TIMING mode=scna-fp16 scna_function=exp2 scna_kernel=direct scna_pipeline=on scna_width=32 qo_len=4 kv_len=4096 n_heads=12 n_kv_heads=2 head_dim=128 phase=measure iteration=14 host_elapsed_us=961 ret=0
FIG8_ATTENTION_PROFILE_COUNT mode=scna-fp16 qo_len=4 phase=measure iteration=14 records=2 max_records=10
FIG8_ATTENTION_TIMERS mode=scna-fp16 scna_function=0 scna_kernel=0 scna_pipeline=1 phase=measure iteration=14 lut_exp=0 nonlinear_mode=1 scna_width=32 scna_exp=180 qo_len=4 kv_len=4096 n_heads=12 n_kv_heads=2 head_dim=128 kv_head=0 worker=0 profiled_total=368 q_load=1 k_load=79 v_load=74 qk_dot=2 safe_sm=210 core_acc=0 o_scale=0 o_store=2 kv_dma_issue=4 kv_dma_wait=49 kv_transform=96
FIG8_ATTENTION_TIMERS mode=scna-fp16 scna_function=0 scna_kernel=0 scna_pipeline=1 phase=measure iteration=14 lut_exp=0 nonlinear_mode=1 scna_width=32 scna_exp=180 qo_len=4 kv_len=4096 n_heads=12 n_kv_heads=2 head_dim=128 kv_head=1 worker=0 profiled_total=361 q_load=0 k_load=82 v_load=79 qk_dot=1 safe_sm=197 core_acc=0 o_scale=0 o_store=2 kv_dma_issue=5 kv_dma_wait=57 kv_transform=96
FIG8_ATTENTION_EVENT_COUNT mode=scna-fp16 qo_len=4 phase=measure iteration=14 events=16 max_events=3224 overflow=0
FIG8_ATTENTION_HOST_TIMING mode=scna-fp16 scna_function=exp2 scna_kernel=direct scna_pipeline=on scna_width=32 qo_len=4 kv_len=4096 n_heads=12 n_kv_heads=2 head_dim=128 phase=measure iteration=15 host_elapsed_us=915 ret=0
FIG8_ATTENTION_PROFILE_COUNT mode=scna-fp16 qo_len=4 phase=measure iteration=15 records=2 max_records=10
FIG8_ATTENTION_TIMERS mode=scna-fp16 scna_function=0 scna_kernel=0 scna_pipeline=1 phase=measure iteration=15 lut_exp=0 nonlinear_mode=1 scna_width=32 scna_exp=180 qo_len=4 kv_len=4096 n_heads=12 n_kv_heads=2 head_dim=128 kv_head=0 worker=0 profiled_total=366 q_load=1 k_load=78 v_load=73 qk_dot=1 safe_sm=211 core_acc=0 o_scale=0 o_store=2 kv_dma_issue=5 kv_dma_wait=48 kv_transform=96
FIG8_ATTENTION_TIMERS mode=scna-fp16 scna_function=0 scna_kernel=0 scna_pipeline=1 phase=measure iteration=15 lut_exp=0 nonlinear_mode=1 scna_width=32 scna_exp=180 qo_len=4 kv_len=4096 n_heads=12 n_kv_heads=2 head_dim=128 kv_head=1 worker=0 profiled_total=358 q_load=1 k_load=79 v_load=77 qk_dot=1 safe_sm=198 core_acc=0 o_scale=0 o_store=2 kv_dma_issue=4 kv_dma_wait=51 kv_transform=97
FIG8_ATTENTION_EVENT_COUNT mode=scna-fp16 qo_len=4 phase=measure iteration=15 events=16 max_events=3224 overflow=0
FIG8_ATTENTION_HOST_TIMING mode=scna-fp16 scna_function=exp2 scna_kernel=direct scna_pipeline=on scna_width=32 qo_len=4 kv_len=4096 n_heads=12 n_kv_heads=2 head_dim=128 phase=measure iteration=16 host_elapsed_us=939 ret=0
FIG8_ATTENTION_PROFILE_COUNT mode=scna-fp16 qo_len=4 phase=measure iteration=16 records=2 max_records=10
FIG8_ATTENTION_TIMERS mode=scna-fp16 scna_function=0 scna_kernel=0 scna_pipeline=1 phase=measure iteration=16 lut_exp=0 nonlinear_mode=1 scna_width=32 scna_exp=180 qo_len=4 kv_len=4096 n_heads=12 n_kv_heads=2 head_dim=128 kv_head=0 worker=0 profiled_total=368 q_load=1 k_load=78 v_load=72 qk_dot=2 safe_sm=213 core_acc=0 o_scale=0 o_store=2 kv_dma_issue=4 kv_dma_wait=47 kv_transform=96
FIG8_ATTENTION_TIMERS mode=scna-fp16 scna_function=0 scna_kernel=0 scna_pipeline=1 phase=measure iteration=16 lut_exp=0 nonlinear_mode=1 scna_width=32 scna_exp=180 qo_len=4 kv_len=4096 n_heads=12 n_kv_heads=2 head_dim=128 kv_head=1 worker=0 profiled_total=357 q_load=0 k_load=83 v_load=74 qk_dot=1 safe_sm=197 core_acc=0 o_scale=0 o_store=2 kv_dma_issue=4 kv_dma_wait=53 kv_transform=96
FIG8_ATTENTION_EVENT_COUNT mode=scna-fp16 qo_len=4 phase=measure iteration=16 events=16 max_events=3224 overflow=0
FIG8_ATTENTION_HOST_TIMING mode=scna-fp16 scna_function=exp2 scna_kernel=direct scna_pipeline=on scna_width=32 qo_len=4 kv_len=4096 n_heads=12 n_kv_heads=2 head_dim=128 phase=measure iteration=17 host_elapsed_us=915 ret=0
FIG8_ATTENTION_PROFILE_COUNT mode=scna-fp16 qo_len=4 phase=measure iteration=17 records=2 max_records=10
FIG8_ATTENTION_TIMERS mode=scna-fp16 scna_function=0 scna_kernel=0 scna_pipeline=1 phase=measure iteration=17 lut_exp=0 nonlinear_mode=1 scna_width=32 scna_exp=180 qo_len=4 kv_len=4096 n_heads=12 n_kv_heads=2 head_dim=128 kv_head=0 worker=0 profiled_total=365 q_load=1 k_load=77 v_load=73 qk_dot=1 safe_sm=211 core_acc=0 o_scale=0 o_store=2 kv_dma_issue=4 kv_dma_wait=46 kv_transform=96
FIG8_ATTENTION_TIMERS mode=scna-fp16 scna_function=0 scna_kernel=0 scna_pipeline=1 phase=measure iteration=17 lut_exp=0 nonlinear_mode=1 scna_width=32 scna_exp=180 qo_len=4 kv_len=4096 n_heads=12 n_kv_heads=2 head_dim=128 kv_head=1 worker=0 profiled_total=354 q_load=1 k_load=78 v_load=76 qk_dot=1 safe_sm=196 core_acc=0 o_scale=0 o_store=2 kv_dma_issue=4 kv_dma_wait=51 kv_transform=96
FIG8_ATTENTION_EVENT_COUNT mode=scna-fp16 qo_len=4 phase=measure iteration=17 events=16 max_events=3224 overflow=0
FIG8_ATTENTION_HOST_TIMING mode=scna-fp16 scna_function=exp2 scna_kernel=direct scna_pipeline=on scna_width=32 qo_len=4 kv_len=4096 n_heads=12 n_kv_heads=2 head_dim=128 phase=measure iteration=18 host_elapsed_us=903 ret=0
FIG8_ATTENTION_PROFILE_COUNT mode=scna-fp16 qo_len=4 phase=measure iteration=18 records=2 max_records=10
FIG8_ATTENTION_TIMERS mode=scna-fp16 scna_function=0 scna_kernel=0 scna_pipeline=1 phase=measure iteration=18 lut_exp=0 nonlinear_mode=1 scna_width=32 scna_exp=180 qo_len=4 kv_len=4096 n_heads=12 n_kv_heads=2 head_dim=128 kv_head=0 worker=0 profiled_total=366 q_load=1 k_load=77 v_load=73 qk_dot=2 safe_sm=211 core_acc=0 o_scale=0 o_store=2 kv_dma_issue=4 kv_dma_wait=46 kv_transform=96
FIG8_ATTENTION_TIMERS mode=scna-fp16 scna_function=0 scna_kernel=0 scna_pipeline=1 phase=measure iteration=18 lut_exp=0 nonlinear_mode=1 scna_width=32 scna_exp=180 qo_len=4 kv_len=4096 n_heads=12 n_kv_heads=2 head_dim=128 kv_head=1 worker=0 profiled_total=353 q_load=0 k_load=79 v_load=73 qk_dot=1 safe_sm=198 core_acc=0 o_scale=0 o_store=2 kv_dma_issue=4 kv_dma_wait=48 kv_transform=96
FIG8_ATTENTION_EVENT_COUNT mode=scna-fp16 qo_len=4 phase=measure iteration=18 events=16 max_events=3224 overflow=0
FIG8_ATTENTION_HOST_TIMING mode=scna-fp16 scna_function=exp2 scna_kernel=direct scna_pipeline=on scna_width=32 qo_len=4 kv_len=4096 n_heads=12 n_kv_heads=2 head_dim=128 phase=measure iteration=19 host_elapsed_us=963 ret=0
FIG8_ATTENTION_PROFILE_COUNT mode=scna-fp16 qo_len=4 phase=measure iteration=19 records=2 max_records=10
FIG8_ATTENTION_TIMERS mode=scna-fp16 scna_function=0 scna_kernel=0 scna_pipeline=1 phase=measure iteration=19 lut_exp=0 nonlinear_mode=1 scna_width=32 scna_exp=180 qo_len=4 kv_len=4096 n_heads=12 n_kv_heads=2 head_dim=128 kv_head=0 worker=0 profiled_total=365 q_load=1 k_load=78 v_load=72 qk_dot=1 safe_sm=211 core_acc=0 o_scale=0 o_store=2 kv_dma_issue=4 kv_dma_wait=46 kv_transform=97
FIG8_ATTENTION_TIMERS mode=scna-fp16 scna_function=0 scna_kernel=0 scna_pipeline=1 phase=measure iteration=19 lut_exp=0 nonlinear_mode=1 scna_width=32 scna_exp=180 qo_len=4 kv_len=4096 n_heads=12 n_kv_heads=2 head_dim=128 kv_head=1 worker=0 profiled_total=350 q_load=0 k_load=78 v_load=73 qk_dot=1 safe_sm=196 core_acc=0 o_scale=0 o_store=2 kv_dma_issue=4 kv_dma_wait=46 kv_transform=97
FIG8_ATTENTION_EVENT_COUNT mode=scna-fp16 qo_len=4 phase=measure iteration=19 events=16 max_events=3224 overflow=0
