alloc_shared_mem_buf: buf=0x722f001000 fd=12 size=24576 flags=FASTRPC_MAP_FD
alloc_shared_mem_buf: buf=0x6f97c00000 fd=13 size=2097152 flags=FASTRPC_MAP_FD
alloc_shared_mem_buf: buf=0x6f97a00000 fd=14 size=2097152 flags=FASTRPC_MAP_FD
alloc_shared_mem_buf: buf=0x722bdee000 fd=15 size=24576 flags=FASTRPC_MAP_FD
alloc_shared_mem_buf: buf=0x722bde6000 fd=16 size=32768 flags=FASTRPC_MAP_FD
alloc_shared_mem_buf: buf=0x722b2e0000 fd=17 size=234240 flags=FASTRPC_MAP_FD
alloc_shared_mem_buf: buf=0x722f26a000 fd=18 size=4096 flags=FASTRPC_MAP_FD
No-op channel request completed
FIG8_ATTENTION_CONFIG mode=scna-int8 scna_function=exp2 scna_kernel=tree scna_pipeline=on mask_mode=full qo_len=4 kv_len=4096 n_heads=12 n_kv_heads=2 head_dim=128 warmup=5 iters=20 scna_width=32 q_size=24576 kv_size=2097152 mask_size=32768 profile_size=234240 profile_max_records=10 profile_max_events=3224 mode_flags=3112 print_events=0
FIG8_ATTENTION_HOST_TIMING mode=scna-int8 scna_function=exp2 scna_kernel=tree scna_pipeline=on scna_width=32 qo_len=4 kv_len=4096 n_heads=12 n_kv_heads=2 head_dim=128 phase=warmup iteration=0 host_elapsed_us=888 ret=0
FIG8_ATTENTION_PROFILE_COUNT mode=scna-int8 qo_len=4 phase=warmup iteration=0 records=2 max_records=10
FIG8_ATTENTION_TIMERS mode=scna-int8 scna_function=0 scna_kernel=1 scna_pipeline=1 phase=warmup iteration=0 lut_exp=0 nonlinear_mode=2 scna_width=32 scna_exp=125 qo_len=4 kv_len=4096 n_heads=12 n_kv_heads=2 head_dim=128 kv_head=0 worker=0 profiled_total=288 q_load=2 k_load=66 v_load=52 qk_dot=3 safe_sm=157 core_acc=3 o_scale=2 o_store=3 kv_dma_issue=6 kv_dma_wait=12 kv_transform=97
FIG8_ATTENTION_TIMERS mode=scna-int8 scna_function=0 scna_kernel=1 scna_pipeline=1 phase=warmup iteration=0 lut_exp=0 nonlinear_mode=2 scna_width=32 scna_exp=121 qo_len=4 kv_len=4096 n_heads=12 n_kv_heads=2 head_dim=128 kv_head=1 worker=0 profiled_total=264 q_load=1 k_load=66 v_load=50 qk_dot=2 safe_sm=142 core_acc=1 o_scale=1 o_store=1 kv_dma_issue=5 kv_dma_wait=10 kv_transform=97
FIG8_ATTENTION_EVENT_COUNT mode=scna-int8 qo_len=4 phase=warmup iteration=0 events=16 max_events=3224 overflow=0
FIG8_ATTENTION_HOST_TIMING mode=scna-int8 scna_function=exp2 scna_kernel=tree scna_pipeline=on scna_width=32 qo_len=4 kv_len=4096 n_heads=12 n_kv_heads=2 head_dim=128 phase=warmup iteration=1 host_elapsed_us=771 ret=0
FIG8_ATTENTION_PROFILE_COUNT mode=scna-int8 qo_len=4 phase=warmup iteration=1 records=2 max_records=10
FIG8_ATTENTION_TIMERS mode=scna-int8 scna_function=0 scna_kernel=1 scna_pipeline=1 phase=warmup iteration=1 lut_exp=0 nonlinear_mode=2 scna_width=32 scna_exp=112 qo_len=4 kv_len=4096 n_heads=12 n_kv_heads=2 head_dim=128 kv_head=0 worker=0 profiled_total=257 q_load=1 k_load=65 v_load=50 qk_dot=2 safe_sm=138 core_acc=0 o_scale=0 o_store=1 kv_dma_issue=4 kv_dma_wait=10 kv_transform=96
FIG8_ATTENTION_TIMERS mode=scna-int8 scna_function=0 scna_kernel=1 scna_pipeline=1 phase=warmup iteration=1 lut_exp=0 nonlinear_mode=2 scna_width=32 scna_exp=113 qo_len=4 kv_len=4096 n_heads=12 n_kv_heads=2 head_dim=128 kv_head=1 worker=0 profiled_total=250 q_load=1 k_load=66 v_load=52 qk_dot=1 safe_sm=128 core_acc=1 o_scale=0 o_store=1 kv_dma_issue=4 kv_dma_wait=13 kv_transform=96
FIG8_ATTENTION_EVENT_COUNT mode=scna-int8 qo_len=4 phase=warmup iteration=1 events=16 max_events=3224 overflow=0
FIG8_ATTENTION_HOST_TIMING mode=scna-int8 scna_function=exp2 scna_kernel=tree scna_pipeline=on scna_width=32 qo_len=4 kv_len=4096 n_heads=12 n_kv_heads=2 head_dim=128 phase=warmup iteration=2 host_elapsed_us=771 ret=0
FIG8_ATTENTION_PROFILE_COUNT mode=scna-int8 qo_len=4 phase=warmup iteration=2 records=2 max_records=10
FIG8_ATTENTION_TIMERS mode=scna-int8 scna_function=0 scna_kernel=1 scna_pipeline=1 phase=warmup iteration=2 lut_exp=0 nonlinear_mode=2 scna_width=32 scna_exp=112 qo_len=4 kv_len=4096 n_heads=12 n_kv_heads=2 head_dim=128 kv_head=0 worker=0 profiled_total=256 q_load=1 k_load=65 v_load=51 qk_dot=2 safe_sm=136 core_acc=0 o_scale=0 o_store=1 kv_dma_issue=5 kv_dma_wait=11 kv_transform=96
FIG8_ATTENTION_TIMERS mode=scna-int8 scna_function=0 scna_kernel=1 scna_pipeline=1 phase=warmup iteration=2 lut_exp=0 nonlinear_mode=2 scna_width=32 scna_exp=113 qo_len=4 kv_len=4096 n_heads=12 n_kv_heads=2 head_dim=128 kv_head=1 worker=0 profiled_total=250 q_load=1 k_load=65 v_load=52 qk_dot=1 safe_sm=128 core_acc=1 o_scale=0 o_store=2 kv_dma_issue=4 kv_dma_wait=12 kv_transform=97
FIG8_ATTENTION_EVENT_COUNT mode=scna-int8 qo_len=4 phase=warmup iteration=2 events=16 max_events=3224 overflow=0
FIG8_ATTENTION_HOST_TIMING mode=scna-int8 scna_function=exp2 scna_kernel=tree scna_pipeline=on scna_width=32 qo_len=4 kv_len=4096 n_heads=12 n_kv_heads=2 head_dim=128 phase=warmup iteration=3 host_elapsed_us=674 ret=0
FIG8_ATTENTION_PROFILE_COUNT mode=scna-int8 qo_len=4 phase=warmup iteration=3 records=2 max_records=10
FIG8_ATTENTION_TIMERS mode=scna-int8 scna_function=0 scna_kernel=1 scna_pipeline=1 phase=warmup iteration=3 lut_exp=0 nonlinear_mode=2 scna_width=32 scna_exp=112 qo_len=4 kv_len=4096 n_heads=12 n_kv_heads=2 head_dim=128 kv_head=0 worker=0 profiled_total=259 q_load=1 k_load=65 v_load=52 qk_dot=2 safe_sm=137 core_acc=0 o_scale=0 o_store=2 kv_dma_issue=4 kv_dma_wait=12 kv_transform=96
FIG8_ATTENTION_TIMERS mode=scna-int8 scna_function=0 scna_kernel=1 scna_pipeline=1 phase=warmup iteration=3 lut_exp=0 nonlinear_mode=2 scna_width=32 scna_exp=113 qo_len=4 kv_len=4096 n_heads=12 n_kv_heads=2 head_dim=128 kv_head=1 worker=0 profiled_total=247 q_load=1 k_load=65 v_load=50 qk_dot=1 safe_sm=128 core_acc=0 o_scale=0 o_store=2 kv_dma_issue=4 kv_dma_wait=11 kv_transform=96
FIG8_ATTENTION_EVENT_COUNT mode=scna-int8 qo_len=4 phase=warmup iteration=3 events=16 max_events=3224 overflow=0
FIG8_ATTENTION_HOST_TIMING mode=scna-int8 scna_function=exp2 scna_kernel=tree scna_pipeline=on scna_width=32 qo_len=4 kv_len=4096 n_heads=12 n_kv_heads=2 head_dim=128 phase=warmup iteration=4 host_elapsed_us=775 ret=0
FIG8_ATTENTION_PROFILE_COUNT mode=scna-int8 qo_len=4 phase=warmup iteration=4 records=2 max_records=10
FIG8_ATTENTION_TIMERS mode=scna-int8 scna_function=0 scna_kernel=1 scna_pipeline=1 phase=warmup iteration=4 lut_exp=0 nonlinear_mode=2 scna_width=32 scna_exp=112 qo_len=4 kv_len=4096 n_heads=12 n_kv_heads=2 head_dim=128 kv_head=0 worker=0 profiled_total=257 q_load=1 k_load=65 v_load=52 qk_dot=2 safe_sm=136 core_acc=0 o_scale=0 o_store=1 kv_dma_issue=5 kv_dma_wait=12 kv_transform=97
FIG8_ATTENTION_TIMERS mode=scna-int8 scna_function=0 scna_kernel=1 scna_pipeline=1 phase=warmup iteration=4 lut_exp=0 nonlinear_mode=2 scna_width=32 scna_exp=113 qo_len=4 kv_len=4096 n_heads=12 n_kv_heads=2 head_dim=128 kv_head=1 worker=0 profiled_total=247 q_load=0 k_load=65 v_load=51 qk_dot=1 safe_sm=128 core_acc=0 o_scale=0 o_store=2 kv_dma_issue=4 kv_dma_wait=12 kv_transform=96
FIG8_ATTENTION_EVENT_COUNT mode=scna-int8 qo_len=4 phase=warmup iteration=4 events=16 max_events=3224 overflow=0
FIG8_ATTENTION_HOST_TIMING mode=scna-int8 scna_function=exp2 scna_kernel=tree scna_pipeline=on scna_width=32 qo_len=4 kv_len=4096 n_heads=12 n_kv_heads=2 head_dim=128 phase=measure iteration=0 host_elapsed_us=669 ret=0
FIG8_ATTENTION_PROFILE_COUNT mode=scna-int8 qo_len=4 phase=measure iteration=0 records=2 max_records=10
FIG8_ATTENTION_TIMERS mode=scna-int8 scna_function=0 scna_kernel=1 scna_pipeline=1 phase=measure iteration=0 lut_exp=0 nonlinear_mode=2 scna_width=32 scna_exp=112 qo_len=4 kv_len=4096 n_heads=12 n_kv_heads=2 head_dim=128 kv_head=0 worker=0 profiled_total=258 q_load=1 k_load=65 v_load=51 qk_dot=2 safe_sm=137 core_acc=0 o_scale=0 o_store=2 kv_dma_issue=5 kv_dma_wait=12 kv_transform=96
FIG8_ATTENTION_TIMERS mode=scna-int8 scna_function=0 scna_kernel=1 scna_pipeline=1 phase=measure iteration=0 lut_exp=0 nonlinear_mode=2 scna_width=32 scna_exp=113 qo_len=4 kv_len=4096 n_heads=12 n_kv_heads=2 head_dim=128 kv_head=1 worker=0 profiled_total=249 q_load=1 k_load=65 v_load=51 qk_dot=1 safe_sm=128 core_acc=1 o_scale=0 o_store=2 kv_dma_issue=4 kv_dma_wait=12 kv_transform=97
FIG8_ATTENTION_EVENT_COUNT mode=scna-int8 qo_len=4 phase=measure iteration=0 events=16 max_events=3224 overflow=0
FIG8_ATTENTION_HOST_TIMING mode=scna-int8 scna_function=exp2 scna_kernel=tree scna_pipeline=on scna_width=32 qo_len=4 kv_len=4096 n_heads=12 n_kv_heads=2 head_dim=128 phase=measure iteration=1 host_elapsed_us=778 ret=0
FIG8_ATTENTION_PROFILE_COUNT mode=scna-int8 qo_len=4 phase=measure iteration=1 records=2 max_records=10
FIG8_ATTENTION_TIMERS mode=scna-int8 scna_function=0 scna_kernel=1 scna_pipeline=1 phase=measure iteration=1 lut_exp=0 nonlinear_mode=2 scna_width=32 scna_exp=112 qo_len=4 kv_len=4096 n_heads=12 n_kv_heads=2 head_dim=128 kv_head=0 worker=0 profiled_total=259 q_load=1 k_load=65 v_load=52 qk_dot=2 safe_sm=137 core_acc=0 o_scale=0 o_store=2 kv_dma_issue=4 kv_dma_wait=12 kv_transform=97
FIG8_ATTENTION_TIMERS mode=scna-int8 scna_function=0 scna_kernel=1 scna_pipeline=1 phase=measure iteration=1 lut_exp=0 nonlinear_mode=2 scna_width=32 scna_exp=113 qo_len=4 kv_len=4096 n_heads=12 n_kv_heads=2 head_dim=128 kv_head=1 worker=0 profiled_total=250 q_load=1 k_load=65 v_load=52 qk_dot=1 safe_sm=128 core_acc=1 o_scale=0 o_store=2 kv_dma_issue=4 kv_dma_wait=13 kv_transform=96
FIG8_ATTENTION_EVENT_COUNT mode=scna-int8 qo_len=4 phase=measure iteration=1 events=16 max_events=3224 overflow=0
FIG8_ATTENTION_HOST_TIMING mode=scna-int8 scna_function=exp2 scna_kernel=tree scna_pipeline=on scna_width=32 qo_len=4 kv_len=4096 n_heads=12 n_kv_heads=2 head_dim=128 phase=measure iteration=2 host_elapsed_us=769 ret=0
FIG8_ATTENTION_PROFILE_COUNT mode=scna-int8 qo_len=4 phase=measure iteration=2 records=2 max_records=10
FIG8_ATTENTION_TIMERS mode=scna-int8 scna_function=0 scna_kernel=1 scna_pipeline=1 phase=measure iteration=2 lut_exp=0 nonlinear_mode=2 scna_width=32 scna_exp=112 qo_len=4 kv_len=4096 n_heads=12 n_kv_heads=2 head_dim=128 kv_head=0 worker=0 profiled_total=257 q_load=1 k_load=65 v_load=51 qk_dot=2 safe_sm=136 core_acc=0 o_scale=0 o_store=2 kv_dma_issue=4 kv_dma_wait=12 kv_transform=97
FIG8_ATTENTION_TIMERS mode=scna-int8 scna_function=0 scna_kernel=1 scna_pipeline=1 phase=measure iteration=2 lut_exp=0 nonlinear_mode=2 scna_width=32 scna_exp=113 qo_len=4 kv_len=4096 n_heads=12 n_kv_heads=2 head_dim=128 kv_head=1 worker=0 profiled_total=250 q_load=1 k_load=65 v_load=52 qk_dot=1 safe_sm=128 core_acc=1 o_scale=0 o_store=2 kv_dma_issue=4 kv_dma_wait=13 kv_transform=97
FIG8_ATTENTION_EVENT_COUNT mode=scna-int8 qo_len=4 phase=measure iteration=2 events=16 max_events=3224 overflow=0
FIG8_ATTENTION_HOST_TIMING mode=scna-int8 scna_function=exp2 scna_kernel=tree scna_pipeline=on scna_width=32 qo_len=4 kv_len=4096 n_heads=12 n_kv_heads=2 head_dim=128 phase=measure iteration=3 host_elapsed_us=671 ret=0
FIG8_ATTENTION_PROFILE_COUNT mode=scna-int8 qo_len=4 phase=measure iteration=3 records=2 max_records=10
FIG8_ATTENTION_TIMERS mode=scna-int8 scna_function=0 scna_kernel=1 scna_pipeline=1 phase=measure iteration=3 lut_exp=0 nonlinear_mode=2 scna_width=32 scna_exp=112 qo_len=4 kv_len=4096 n_heads=12 n_kv_heads=2 head_dim=128 kv_head=0 worker=0 profiled_total=257 q_load=1 k_load=65 v_load=52 qk_dot=2 safe_sm=136 core_acc=0 o_scale=0 o_store=1 kv_dma_issue=5 kv_dma_wait=13 kv_transform=97
FIG8_ATTENTION_TIMERS mode=scna-int8 scna_function=0 scna_kernel=1 scna_pipeline=1 phase=measure iteration=3 lut_exp=0 nonlinear_mode=2 scna_width=32 scna_exp=113 qo_len=4 kv_len=4096 n_heads=12 n_kv_heads=2 head_dim=128 kv_head=1 worker=0 profiled_total=247 q_load=1 k_load=65 v_load=51 qk_dot=1 safe_sm=126 core_acc=1 o_scale=0 o_store=2 kv_dma_issue=4 kv_dma_wait=13 kv_transform=97
FIG8_ATTENTION_EVENT_COUNT mode=scna-int8 qo_len=4 phase=measure iteration=3 events=16 max_events=3224 overflow=0
FIG8_ATTENTION_HOST_TIMING mode=scna-int8 scna_function=exp2 scna_kernel=tree scna_pipeline=on scna_width=32 qo_len=4 kv_len=4096 n_heads=12 n_kv_heads=2 head_dim=128 phase=measure iteration=4 host_elapsed_us=769 ret=0
FIG8_ATTENTION_PROFILE_COUNT mode=scna-int8 qo_len=4 phase=measure iteration=4 records=2 max_records=10
FIG8_ATTENTION_TIMERS mode=scna-int8 scna_function=0 scna_kernel=1 scna_pipeline=1 phase=measure iteration=4 lut_exp=0 nonlinear_mode=2 scna_width=32 scna_exp=112 qo_len=4 kv_len=4096 n_heads=12 n_kv_heads=2 head_dim=128 kv_head=0 worker=0 profiled_total=258 q_load=1 k_load=65 v_load=52 qk_dot=2 safe_sm=136 core_acc=0 o_scale=0 o_store=2 kv_dma_issue=4 kv_dma_wait=12 kv_transform=96
FIG8_ATTENTION_TIMERS mode=scna-int8 scna_function=0 scna_kernel=1 scna_pipeline=1 phase=measure iteration=4 lut_exp=0 nonlinear_mode=2 scna_width=32 scna_exp=113 qo_len=4 kv_len=4096 n_heads=12 n_kv_heads=2 head_dim=128 kv_head=1 worker=0 profiled_total=250 q_load=1 k_load=65 v_load=52 qk_dot=1 safe_sm=128 core_acc=1 o_scale=0 o_store=2 kv_dma_issue=4 kv_dma_wait=14 kv_transform=96
FIG8_ATTENTION_EVENT_COUNT mode=scna-int8 qo_len=4 phase=measure iteration=4 events=16 max_events=3224 overflow=0
FIG8_ATTENTION_HOST_TIMING mode=scna-int8 scna_function=exp2 scna_kernel=tree scna_pipeline=on scna_width=32 qo_len=4 kv_len=4096 n_heads=12 n_kv_heads=2 head_dim=128 phase=measure iteration=5 host_elapsed_us=776 ret=0
FIG8_ATTENTION_PROFILE_COUNT mode=scna-int8 qo_len=4 phase=measure iteration=5 records=2 max_records=10
FIG8_ATTENTION_TIMERS mode=scna-int8 scna_function=0 scna_kernel=1 scna_pipeline=1 phase=measure iteration=5 lut_exp=0 nonlinear_mode=2 scna_width=32 scna_exp=112 qo_len=4 kv_len=4096 n_heads=12 n_kv_heads=2 head_dim=128 kv_head=0 worker=0 profiled_total=257 q_load=1 k_load=65 v_load=51 qk_dot=2 safe_sm=136 core_acc=0 o_scale=0 o_store=2 kv_dma_issue=5 kv_dma_wait=11 kv_transform=97
FIG8_ATTENTION_TIMERS mode=scna-int8 scna_function=0 scna_kernel=1 scna_pipeline=1 phase=measure iteration=5 lut_exp=0 nonlinear_mode=2 scna_width=32 scna_exp=113 qo_len=4 kv_len=4096 n_heads=12 n_kv_heads=2 head_dim=128 kv_head=1 worker=0 profiled_total=249 q_load=1 k_load=65 v_load=51 qk_dot=1 safe_sm=128 core_acc=1 o_scale=0 o_store=2 kv_dma_issue=4 kv_dma_wait=13 kv_transform=96
FIG8_ATTENTION_EVENT_COUNT mode=scna-int8 qo_len=4 phase=measure iteration=5 events=16 max_events=3224 overflow=0
FIG8_ATTENTION_HOST_TIMING mode=scna-int8 scna_function=exp2 scna_kernel=tree scna_pipeline=on scna_width=32 qo_len=4 kv_len=4096 n_heads=12 n_kv_heads=2 head_dim=128 phase=measure iteration=6 host_elapsed_us=780 ret=0
FIG8_ATTENTION_PROFILE_COUNT mode=scna-int8 qo_len=4 phase=measure iteration=6 records=2 max_records=10
FIG8_ATTENTION_TIMERS mode=scna-int8 scna_function=0 scna_kernel=1 scna_pipeline=1 phase=measure iteration=6 lut_exp=0 nonlinear_mode=2 scna_width=32 scna_exp=112 qo_len=4 kv_len=4096 n_heads=12 n_kv_heads=2 head_dim=128 kv_head=0 worker=0 profiled_total=258 q_load=1 k_load=65 v_load=52 qk_dot=2 safe_sm=136 core_acc=0 o_scale=0 o_store=2 kv_dma_issue=4 kv_dma_wait=13 kv_transform=96
FIG8_ATTENTION_TIMERS mode=scna-int8 scna_function=0 scna_kernel=1 scna_pipeline=1 phase=measure iteration=6 lut_exp=0 nonlinear_mode=2 scna_width=32 scna_exp=112 qo_len=4 kv_len=4096 n_heads=12 n_kv_heads=2 head_dim=128 kv_head=1 worker=0 profiled_total=248 q_load=1 k_load=65 v_load=51 qk_dot=1 safe_sm=128 core_acc=0 o_scale=0 o_store=2 kv_dma_issue=4 kv_dma_wait=12 kv_transform=96
FIG8_ATTENTION_EVENT_COUNT mode=scna-int8 qo_len=4 phase=measure iteration=6 events=16 max_events=3224 overflow=0
FIG8_ATTENTION_HOST_TIMING mode=scna-int8 scna_function=exp2 scna_kernel=tree scna_pipeline=on scna_width=32 qo_len=4 kv_len=4096 n_heads=12 n_kv_heads=2 head_dim=128 phase=measure iteration=7 host_elapsed_us=767 ret=0
FIG8_ATTENTION_PROFILE_COUNT mode=scna-int8 qo_len=4 phase=measure iteration=7 records=2 max_records=10
FIG8_ATTENTION_TIMERS mode=scna-int8 scna_function=0 scna_kernel=1 scna_pipeline=1 phase=measure iteration=7 lut_exp=0 nonlinear_mode=2 scna_width=32 scna_exp=112 qo_len=4 kv_len=4096 n_heads=12 n_kv_heads=2 head_dim=128 kv_head=0 worker=0 profiled_total=257 q_load=1 k_load=65 v_load=52 qk_dot=1 safe_sm=136 core_acc=0 o_scale=0 o_store=2 kv_dma_issue=4 kv_dma_wait=12 kv_transform=96
FIG8_ATTENTION_TIMERS mode=scna-int8 scna_function=0 scna_kernel=1 scna_pipeline=1 phase=measure iteration=7 lut_exp=0 nonlinear_mode=2 scna_width=32 scna_exp=112 qo_len=4 kv_len=4096 n_heads=12 n_kv_heads=2 head_dim=128 kv_head=1 worker=0 profiled_total=249 q_load=1 k_load=65 v_load=52 qk_dot=1 safe_sm=128 core_acc=0 o_scale=0 o_store=2 kv_dma_issue=4 kv_dma_wait=12 kv_transform=97
FIG8_ATTENTION_EVENT_COUNT mode=scna-int8 qo_len=4 phase=measure iteration=7 events=16 max_events=3224 overflow=0
FIG8_ATTENTION_HOST_TIMING mode=scna-int8 scna_function=exp2 scna_kernel=tree scna_pipeline=on scna_width=32 qo_len=4 kv_len=4096 n_heads=12 n_kv_heads=2 head_dim=128 phase=measure iteration=8 host_elapsed_us=764 ret=0
FIG8_ATTENTION_PROFILE_COUNT mode=scna-int8 qo_len=4 phase=measure iteration=8 records=2 max_records=10
FIG8_ATTENTION_TIMERS mode=scna-int8 scna_function=0 scna_kernel=1 scna_pipeline=1 phase=measure iteration=8 lut_exp=0 nonlinear_mode=2 scna_width=32 scna_exp=112 qo_len=4 kv_len=4096 n_heads=12 n_kv_heads=2 head_dim=128 kv_head=0 worker=0 profiled_total=257 q_load=1 k_load=65 v_load=51 qk_dot=2 safe_sm=136 core_acc=0 o_scale=0 o_store=2 kv_dma_issue=5 kv_dma_wait=11 kv_transform=97
FIG8_ATTENTION_TIMERS mode=scna-int8 scna_function=0 scna_kernel=1 scna_pipeline=1 phase=measure iteration=8 lut_exp=0 nonlinear_mode=2 scna_width=32 scna_exp=113 qo_len=4 kv_len=4096 n_heads=12 n_kv_heads=2 head_dim=128 kv_head=1 worker=0 profiled_total=249 q_load=1 k_load=66 v_load=52 qk_dot=1 safe_sm=127 core_acc=0 o_scale=0 o_store=2 kv_dma_issue=4 kv_dma_wait=13 kv_transform=97
FIG8_ATTENTION_EVENT_COUNT mode=scna-int8 qo_len=4 phase=measure iteration=8 events=16 max_events=3224 overflow=0
FIG8_ATTENTION_HOST_TIMING mode=scna-int8 scna_function=exp2 scna_kernel=tree scna_pipeline=on scna_width=32 qo_len=4 kv_len=4096 n_heads=12 n_kv_heads=2 head_dim=128 phase=measure iteration=9 host_elapsed_us=753 ret=0
FIG8_ATTENTION_PROFILE_COUNT mode=scna-int8 qo_len=4 phase=measure iteration=9 records=2 max_records=10
FIG8_ATTENTION_TIMERS mode=scna-int8 scna_function=0 scna_kernel=1 scna_pipeline=1 phase=measure iteration=9 lut_exp=0 nonlinear_mode=2 scna_width=32 scna_exp=112 qo_len=4 kv_len=4096 n_heads=12 n_kv_heads=2 head_dim=128 kv_head=0 worker=0 profiled_total=255 q_load=1 k_load=65 v_load=51 qk_dot=1 safe_sm=135 core_acc=0 o_scale=0 o_store=2 kv_dma_issue=5 kv_dma_wait=12 kv_transform=96
FIG8_ATTENTION_TIMERS mode=scna-int8 scna_function=0 scna_kernel=1 scna_pipeline=1 phase=measure iteration=9 lut_exp=0 nonlinear_mode=2 scna_width=32 scna_exp=113 qo_len=4 kv_len=4096 n_heads=12 n_kv_heads=2 head_dim=128 kv_head=1 worker=0 profiled_total=249 q_load=1 k_load=65 v_load=52 qk_dot=1 safe_sm=128 core_acc=0 o_scale=0 o_store=2 kv_dma_issue=5 kv_dma_wait=13 kv_transform=97
FIG8_ATTENTION_EVENT_COUNT mode=scna-int8 qo_len=4 phase=measure iteration=9 events=16 max_events=3224 overflow=0
FIG8_ATTENTION_HOST_TIMING mode=scna-int8 scna_function=exp2 scna_kernel=tree scna_pipeline=on scna_width=32 qo_len=4 kv_len=4096 n_heads=12 n_kv_heads=2 head_dim=128 phase=measure iteration=10 host_elapsed_us=673 ret=0
FIG8_ATTENTION_PROFILE_COUNT mode=scna-int8 qo_len=4 phase=measure iteration=10 records=2 max_records=10
FIG8_ATTENTION_TIMERS mode=scna-int8 scna_function=0 scna_kernel=1 scna_pipeline=1 phase=measure iteration=10 lut_exp=0 nonlinear_mode=2 scna_width=32 scna_exp=112 qo_len=4 kv_len=4096 n_heads=12 n_kv_heads=2 head_dim=128 kv_head=0 worker=0 profiled_total=258 q_load=1 k_load=65 v_load=52 qk_dot=2 safe_sm=136 core_acc=0 o_scale=0 o_store=2 kv_dma_issue=5 kv_dma_wait=12 kv_transform=96
FIG8_ATTENTION_TIMERS mode=scna-int8 scna_function=0 scna_kernel=1 scna_pipeline=1 phase=measure iteration=10 lut_exp=0 nonlinear_mode=2 scna_width=32 scna_exp=113 qo_len=4 kv_len=4096 n_heads=12 n_kv_heads=2 head_dim=128 kv_head=1 worker=0 profiled_total=247 q_load=1 k_load=65 v_load=51 qk_dot=1 safe_sm=127 core_acc=0 o_scale=0 o_store=2 kv_dma_issue=4 kv_dma_wait=13 kv_transform=96
FIG8_ATTENTION_EVENT_COUNT mode=scna-int8 qo_len=4 phase=measure iteration=10 events=16 max_events=3224 overflow=0
FIG8_ATTENTION_HOST_TIMING mode=scna-int8 scna_function=exp2 scna_kernel=tree scna_pipeline=on scna_width=32 qo_len=4 kv_len=4096 n_heads=12 n_kv_heads=2 head_dim=128 phase=measure iteration=11 host_elapsed_us=766 ret=0
FIG8_ATTENTION_PROFILE_COUNT mode=scna-int8 qo_len=4 phase=measure iteration=11 records=2 max_records=10
FIG8_ATTENTION_TIMERS mode=scna-int8 scna_function=0 scna_kernel=1 scna_pipeline=1 phase=measure iteration=11 lut_exp=0 nonlinear_mode=2 scna_width=32 scna_exp=112 qo_len=4 kv_len=4096 n_heads=12 n_kv_heads=2 head_dim=128 kv_head=0 worker=0 profiled_total=256 q_load=1 k_load=65 v_load=51 qk_dot=1 safe_sm=136 core_acc=0 o_scale=0 o_store=2 kv_dma_issue=4 kv_dma_wait=11 kv_transform=97
FIG8_ATTENTION_TIMERS mode=scna-int8 scna_function=0 scna_kernel=1 scna_pipeline=1 phase=measure iteration=11 lut_exp=0 nonlinear_mode=2 scna_width=32 scna_exp=112 qo_len=4 kv_len=4096 n_heads=12 n_kv_heads=2 head_dim=128 kv_head=1 worker=0 profiled_total=249 q_load=1 k_load=65 v_load=52 qk_dot=1 safe_sm=128 core_acc=0 o_scale=0 o_store=2 kv_dma_issue=4 kv_dma_wait=13 kv_transform=96
FIG8_ATTENTION_EVENT_COUNT mode=scna-int8 qo_len=4 phase=measure iteration=11 events=16 max_events=3224 overflow=0
FIG8_ATTENTION_HOST_TIMING mode=scna-int8 scna_function=exp2 scna_kernel=tree scna_pipeline=on scna_width=32 qo_len=4 kv_len=4096 n_heads=12 n_kv_heads=2 head_dim=128 phase=measure iteration=12 host_elapsed_us=698 ret=0
FIG8_ATTENTION_PROFILE_COUNT mode=scna-int8 qo_len=4 phase=measure iteration=12 records=2 max_records=10
FIG8_ATTENTION_TIMERS mode=scna-int8 scna_function=0 scna_kernel=1 scna_pipeline=1 phase=measure iteration=12 lut_exp=0 nonlinear_mode=2 scna_width=32 scna_exp=112 qo_len=4 kv_len=4096 n_heads=12 n_kv_heads=2 head_dim=128 kv_head=0 worker=0 profiled_total=258 q_load=1 k_load=65 v_load=52 qk_dot=2 safe_sm=136 core_acc=0 o_scale=0 o_store=2 kv_dma_issue=5 kv_dma_wait=13 kv_transform=96
FIG8_ATTENTION_TIMERS mode=scna-int8 scna_function=0 scna_kernel=1 scna_pipeline=1 phase=measure iteration=12 lut_exp=0 nonlinear_mode=2 scna_width=32 scna_exp=113 qo_len=4 kv_len=4096 n_heads=12 n_kv_heads=2 head_dim=128 kv_head=1 worker=0 profiled_total=249 q_load=1 k_load=65 v_load=52 qk_dot=1 safe_sm=127 core_acc=1 o_scale=0 o_store=2 kv_dma_issue=5 kv_dma_wait=12 kv_transform=96
FIG8_ATTENTION_EVENT_COUNT mode=scna-int8 qo_len=4 phase=measure iteration=12 events=16 max_events=3224 overflow=0
FIG8_ATTENTION_HOST_TIMING mode=scna-int8 scna_function=exp2 scna_kernel=tree scna_pipeline=on scna_width=32 qo_len=4 kv_len=4096 n_heads=12 n_kv_heads=2 head_dim=128 phase=measure iteration=13 host_elapsed_us=731 ret=0
FIG8_ATTENTION_PROFILE_COUNT mode=scna-int8 qo_len=4 phase=measure iteration=13 records=2 max_records=10
FIG8_ATTENTION_TIMERS mode=scna-int8 scna_function=0 scna_kernel=1 scna_pipeline=1 phase=measure iteration=13 lut_exp=0 nonlinear_mode=2 scna_width=32 scna_exp=112 qo_len=4 kv_len=4096 n_heads=12 n_kv_heads=2 head_dim=128 kv_head=0 worker=0 profiled_total=269 q_load=1 k_load=66 v_load=59 qk_dot=1 safe_sm=140 core_acc=0 o_scale=0 o_store=2 kv_dma_issue=4 kv_dma_wait=21 kv_transform=96
FIG8_ATTENTION_TIMERS mode=scna-int8 scna_function=0 scna_kernel=1 scna_pipeline=1 phase=measure iteration=13 lut_exp=0 nonlinear_mode=2 scna_width=32 scna_exp=113 qo_len=4 kv_len=4096 n_heads=12 n_kv_heads=2 head_dim=128 kv_head=1 worker=0 profiled_total=265 q_load=1 k_load=69 v_load=61 qk_dot=1 safe_sm=130 core_acc=1 o_scale=0 o_store=2 kv_dma_issue=4 kv_dma_wait=27 kv_transform=96
FIG8_ATTENTION_EVENT_COUNT mode=scna-int8 qo_len=4 phase=measure iteration=13 events=16 max_events=3224 overflow=0
FIG8_ATTENTION_HOST_TIMING mode=scna-int8 scna_function=exp2 scna_kernel=tree scna_pipeline=on scna_width=32 qo_len=4 kv_len=4096 n_heads=12 n_kv_heads=2 head_dim=128 phase=measure iteration=14 host_elapsed_us=711 ret=0
FIG8_ATTENTION_PROFILE_COUNT mode=scna-int8 qo_len=4 phase=measure iteration=14 records=2 max_records=10
FIG8_ATTENTION_TIMERS mode=scna-int8 scna_function=0 scna_kernel=1 scna_pipeline=1 phase=measure iteration=14 lut_exp=0 nonlinear_mode=2 scna_width=32 scna_exp=113 qo_len=4 kv_len=4096 n_heads=12 n_kv_heads=2 head_dim=128 kv_head=0 worker=0 profiled_total=271 q_load=1 k_load=66 v_load=61 qk_dot=2 safe_sm=139 core_acc=0 o_scale=0 o_store=2 kv_dma_issue=5 kv_dma_wait=23 kv_transform=96
FIG8_ATTENTION_TIMERS mode=scna-int8 scna_function=0 scna_kernel=1 scna_pipeline=1 phase=measure iteration=14 lut_exp=0 nonlinear_mode=2 scna_width=32 scna_exp=113 qo_len=4 kv_len=4096 n_heads=12 n_kv_heads=2 head_dim=128 kv_head=1 worker=0 profiled_total=259 q_load=1 k_load=67 v_load=59 qk_dot=1 safe_sm=129 core_acc=0 o_scale=0 o_store=2 kv_dma_issue=5 kv_dma_wait=21 kv_transform=96
FIG8_ATTENTION_EVENT_COUNT mode=scna-int8 qo_len=4 phase=measure iteration=14 events=16 max_events=3224 overflow=0
FIG8_ATTENTION_HOST_TIMING mode=scna-int8 scna_function=exp2 scna_kernel=tree scna_pipeline=on scna_width=32 qo_len=4 kv_len=4096 n_heads=12 n_kv_heads=2 head_dim=128 phase=measure iteration=15 host_elapsed_us=753 ret=0
FIG8_ATTENTION_PROFILE_COUNT mode=scna-int8 qo_len=4 phase=measure iteration=15 records=2 max_records=10
FIG8_ATTENTION_TIMERS mode=scna-int8 scna_function=0 scna_kernel=1 scna_pipeline=1 phase=measure iteration=15 lut_exp=0 nonlinear_mode=2 scna_width=32 scna_exp=113 qo_len=4 kv_len=4096 n_heads=12 n_kv_heads=2 head_dim=128 kv_head=0 worker=0 profiled_total=265 q_load=1 k_load=66 v_load=57 qk_dot=1 safe_sm=138 core_acc=0 o_scale=0 o_store=2 kv_dma_issue=4 kv_dma_wait=19 kv_transform=97
FIG8_ATTENTION_TIMERS mode=scna-int8 scna_function=0 scna_kernel=1 scna_pipeline=1 phase=measure iteration=15 lut_exp=0 nonlinear_mode=2 scna_width=32 scna_exp=113 qo_len=4 kv_len=4096 n_heads=12 n_kv_heads=2 head_dim=128 kv_head=1 worker=0 profiled_total=257 q_load=1 k_load=67 v_load=56 qk_dot=1 safe_sm=129 core_acc=1 o_scale=0 o_store=2 kv_dma_issue=4 kv_dma_wait=18 kv_transform=97
FIG8_ATTENTION_EVENT_COUNT mode=scna-int8 qo_len=4 phase=measure iteration=15 events=16 max_events=3224 overflow=0
FIG8_ATTENTION_HOST_TIMING mode=scna-int8 scna_function=exp2 scna_kernel=tree scna_pipeline=on scna_width=32 qo_len=4 kv_len=4096 n_heads=12 n_kv_heads=2 head_dim=128 phase=measure iteration=16 host_elapsed_us=722 ret=0
FIG8_ATTENTION_PROFILE_COUNT mode=scna-int8 qo_len=4 phase=measure iteration=16 records=2 max_records=10
FIG8_ATTENTION_TIMERS mode=scna-int8 scna_function=0 scna_kernel=1 scna_pipeline=1 phase=measure iteration=16 lut_exp=0 nonlinear_mode=2 scna_width=32 scna_exp=112 qo_len=4 kv_len=4096 n_heads=12 n_kv_heads=2 head_dim=128 kv_head=0 worker=0 profiled_total=264 q_load=1 k_load=66 v_load=56 qk_dot=2 safe_sm=138 core_acc=0 o_scale=0 o_store=1 kv_dma_issue=4 kv_dma_wait=18 kv_transform=96
FIG8_ATTENTION_TIMERS mode=scna-int8 scna_function=0 scna_kernel=1 scna_pipeline=1 phase=measure iteration=16 lut_exp=0 nonlinear_mode=2 scna_width=32 scna_exp=113 qo_len=4 kv_len=4096 n_heads=12 n_kv_heads=2 head_dim=128 kv_head=1 worker=0 profiled_total=255 q_load=1 k_load=66 v_load=56 qk_dot=1 safe_sm=128 core_acc=1 o_scale=0 o_store=2 kv_dma_issue=4 kv_dma_wait=18 kv_transform=97
FIG8_ATTENTION_EVENT_COUNT mode=scna-int8 qo_len=4 phase=measure iteration=16 events=16 max_events=3224 overflow=0
FIG8_ATTENTION_HOST_TIMING mode=scna-int8 scna_function=exp2 scna_kernel=tree scna_pipeline=on scna_width=32 qo_len=4 kv_len=4096 n_heads=12 n_kv_heads=2 head_dim=128 phase=measure iteration=17 host_elapsed_us=723 ret=0
FIG8_ATTENTION_PROFILE_COUNT mode=scna-int8 qo_len=4 phase=measure iteration=17 records=2 max_records=10
FIG8_ATTENTION_TIMERS mode=scna-int8 scna_function=0 scna_kernel=1 scna_pipeline=1 phase=measure iteration=17 lut_exp=0 nonlinear_mode=2 scna_width=32 scna_exp=112 qo_len=4 kv_len=4096 n_heads=12 n_kv_heads=2 head_dim=128 kv_head=0 worker=0 profiled_total=264 q_load=1 k_load=66 v_load=56 qk_dot=1 safe_sm=138 core_acc=0 o_scale=0 o_store=2 kv_dma_issue=5 kv_dma_wait=18 kv_transform=96
FIG8_ATTENTION_TIMERS mode=scna-int8 scna_function=0 scna_kernel=1 scna_pipeline=1 phase=measure iteration=17 lut_exp=0 nonlinear_mode=2 scna_width=32 scna_exp=113 qo_len=4 kv_len=4096 n_heads=12 n_kv_heads=2 head_dim=128 kv_head=1 worker=0 profiled_total=257 q_load=1 k_load=66 v_load=57 qk_dot=1 safe_sm=129 core_acc=1 o_scale=0 o_store=2 kv_dma_issue=5 kv_dma_wait=19 kv_transform=96
FIG8_ATTENTION_EVENT_COUNT mode=scna-int8 qo_len=4 phase=measure iteration=17 events=16 max_events=3224 overflow=0
FIG8_ATTENTION_HOST_TIMING mode=scna-int8 scna_function=exp2 scna_kernel=tree scna_pipeline=on scna_width=32 qo_len=4 kv_len=4096 n_heads=12 n_kv_heads=2 head_dim=128 phase=measure iteration=18 host_elapsed_us=726 ret=0
FIG8_ATTENTION_PROFILE_COUNT mode=scna-int8 qo_len=4 phase=measure iteration=18 records=2 max_records=10
FIG8_ATTENTION_TIMERS mode=scna-int8 scna_function=0 scna_kernel=1 scna_pipeline=1 phase=measure iteration=18 lut_exp=0 nonlinear_mode=2 scna_width=32 scna_exp=112 qo_len=4 kv_len=4096 n_heads=12 n_kv_heads=2 head_dim=128 kv_head=0 worker=0 profiled_total=270 q_load=1 k_load=66 v_load=60 qk_dot=2 safe_sm=139 core_acc=0 o_scale=0 o_store=2 kv_dma_issue=4 kv_dma_wait=22 kv_transform=96
FIG8_ATTENTION_TIMERS mode=scna-int8 scna_function=0 scna_kernel=1 scna_pipeline=1 phase=measure iteration=18 lut_exp=0 nonlinear_mode=2 scna_width=32 scna_exp=113 qo_len=4 kv_len=4096 n_heads=12 n_kv_heads=2 head_dim=128 kv_head=1 worker=0 profiled_total=260 q_load=1 k_load=67 v_load=58 qk_dot=1 safe_sm=130 core_acc=1 o_scale=0 o_store=2 kv_dma_issue=4 kv_dma_wait=20 kv_transform=96
FIG8_ATTENTION_EVENT_COUNT mode=scna-int8 qo_len=4 phase=measure iteration=18 events=16 max_events=3224 overflow=0
FIG8_ATTENTION_HOST_TIMING mode=scna-int8 scna_function=exp2 scna_kernel=tree scna_pipeline=on scna_width=32 qo_len=4 kv_len=4096 n_heads=12 n_kv_heads=2 head_dim=128 phase=measure iteration=19 host_elapsed_us=725 ret=0
FIG8_ATTENTION_PROFILE_COUNT mode=scna-int8 qo_len=4 phase=measure iteration=19 records=2 max_records=10
FIG8_ATTENTION_TIMERS mode=scna-int8 scna_function=0 scna_kernel=1 scna_pipeline=1 phase=measure iteration=19 lut_exp=0 nonlinear_mode=2 scna_width=32 scna_exp=112 qo_len=4 kv_len=4096 n_heads=12 n_kv_heads=2 head_dim=128 kv_head=0 worker=0 profiled_total=267 q_load=1 k_load=66 v_load=58 qk_dot=1 safe_sm=139 core_acc=0 o_scale=0 o_store=2 kv_dma_issue=5 kv_dma_wait=19 kv_transform=96
FIG8_ATTENTION_TIMERS mode=scna-int8 scna_function=0 scna_kernel=1 scna_pipeline=1 phase=measure iteration=19 lut_exp=0 nonlinear_mode=2 scna_width=32 scna_exp=113 qo_len=4 kv_len=4096 n_heads=12 n_kv_heads=2 head_dim=128 kv_head=1 worker=0 profiled_total=257 q_load=1 k_load=68 v_load=56 qk_dot=1 safe_sm=128 core_acc=1 o_scale=0 o_store=2 kv_dma_issue=4 kv_dma_wait=20 kv_transform=96
FIG8_ATTENTION_EVENT_COUNT mode=scna-int8 qo_len=4 phase=measure iteration=19 events=16 max_events=3224 overflow=0
