alloc_shared_mem_buf: buf=0x7f18b13000 fd=12 size=24576 flags=FASTRPC_MAP_FD
alloc_shared_mem_buf: buf=0x7c7a000000 fd=13 size=2097152 flags=FASTRPC_MAP_FD
alloc_shared_mem_buf: buf=0x7c79e00000 fd=14 size=2097152 flags=FASTRPC_MAP_FD
alloc_shared_mem_buf: buf=0x7f189c6000 fd=15 size=24576 flags=FASTRPC_MAP_FD
alloc_shared_mem_buf: buf=0x7f189be000 fd=16 size=32768 flags=FASTRPC_MAP_FD
alloc_shared_mem_buf: buf=0x7f17a10000 fd=17 size=234240 flags=FASTRPC_MAP_FD
alloc_shared_mem_buf: buf=0x7f18c93000 fd=18 size=4096 flags=FASTRPC_MAP_FD
No-op channel request completed
FIG8_ATTENTION_CONFIG mode=scna-fp16 scna_function=exp scna_kernel=direct scna_pipeline=off mask_mode=full qo_len=4 kv_len=4096 n_heads=12 n_kv_heads=2 head_dim=128 warmup=5 iters=20 scna_width=8 q_size=24576 kv_size=2097152 mask_size=32768 profile_size=234240 profile_max_records=10 profile_max_events=3224 mode_flags=148 print_events=0
FIG8_ATTENTION_HOST_TIMING mode=scna-fp16 scna_function=exp scna_kernel=direct scna_pipeline=off scna_width=8 qo_len=4 kv_len=4096 n_heads=12 n_kv_heads=2 head_dim=128 phase=warmup iteration=0 host_elapsed_us=1102 ret=0
FIG8_ATTENTION_PROFILE_COUNT mode=scna-fp16 qo_len=4 phase=warmup iteration=0 records=2 max_records=10
FIG8_ATTENTION_TIMERS mode=scna-fp16 scna_function=1 scna_kernel=0 scna_pipeline=0 phase=warmup iteration=0 lut_exp=0 nonlinear_mode=1 scna_width=8 scna_exp=93 qo_len=4 kv_len=4096 n_heads=12 n_kv_heads=2 head_dim=128 kv_head=0 worker=0 profiled_total=447 q_load=2 k_load=175 v_load=133 qk_dot=4 safe_sm=125 core_acc=2 o_scale=2 o_store=4 kv_dma_issue=0 kv_dma_wait=0 kv_transform=0
FIG8_ATTENTION_TIMERS mode=scna-fp16 scna_function=1 scna_kernel=0 scna_pipeline=0 phase=warmup iteration=0 lut_exp=0 nonlinear_mode=1 scna_width=8 scna_exp=88 qo_len=4 kv_len=4096 n_heads=12 n_kv_heads=2 head_dim=128 kv_head=1 worker=0 profiled_total=329 q_load=1 k_load=66 v_load=138 qk_dot=2 safe_sm=116 core_acc=2 o_scale=2 o_store=2 kv_dma_issue=0 kv_dma_wait=0 kv_transform=0
FIG8_ATTENTION_EVENT_COUNT mode=scna-fp16 qo_len=4 phase=warmup iteration=0 events=16 max_events=3224 overflow=0
FIG8_ATTENTION_HOST_TIMING mode=scna-fp16 scna_function=exp scna_kernel=direct scna_pipeline=off scna_width=8 qo_len=4 kv_len=4096 n_heads=12 n_kv_heads=2 head_dim=128 phase=warmup iteration=1 host_elapsed_us=1011 ret=0
FIG8_ATTENTION_PROFILE_COUNT mode=scna-fp16 qo_len=4 phase=warmup iteration=1 records=2 max_records=10
FIG8_ATTENTION_TIMERS mode=scna-fp16 scna_function=1 scna_kernel=0 scna_pipeline=0 phase=warmup iteration=1 lut_exp=0 nonlinear_mode=1 scna_width=8 scna_exp=81 qo_len=4 kv_len=4096 n_heads=12 n_kv_heads=2 head_dim=128 kv_head=0 worker=0 profiled_total=375 q_load=1 k_load=134 v_load=132 qk_dot=2 safe_sm=102 core_acc=2 o_scale=1 o_store=1 kv_dma_issue=0 kv_dma_wait=0 kv_transform=0
FIG8_ATTENTION_TIMERS mode=scna-fp16 scna_function=1 scna_kernel=0 scna_pipeline=0 phase=warmup iteration=1 lut_exp=0 nonlinear_mode=1 scna_width=8 scna_exp=82 qo_len=4 kv_len=4096 n_heads=12 n_kv_heads=2 head_dim=128 kv_head=1 worker=0 profiled_total=386 q_load=1 k_load=137 v_load=140 qk_dot=2 safe_sm=102 core_acc=1 o_scale=2 o_store=1 kv_dma_issue=0 kv_dma_wait=0 kv_transform=0
FIG8_ATTENTION_EVENT_COUNT mode=scna-fp16 qo_len=4 phase=warmup iteration=1 events=16 max_events=3224 overflow=0
FIG8_ATTENTION_HOST_TIMING mode=scna-fp16 scna_function=exp scna_kernel=direct scna_pipeline=off scna_width=8 qo_len=4 kv_len=4096 n_heads=12 n_kv_heads=2 head_dim=128 phase=warmup iteration=2 host_elapsed_us=1119 ret=0
FIG8_ATTENTION_PROFILE_COUNT mode=scna-fp16 qo_len=4 phase=warmup iteration=2 records=2 max_records=10
FIG8_ATTENTION_TIMERS mode=scna-fp16 scna_function=1 scna_kernel=0 scna_pipeline=0 phase=warmup iteration=2 lut_exp=0 nonlinear_mode=1 scna_width=8 scna_exp=82 qo_len=4 kv_len=4096 n_heads=12 n_kv_heads=2 head_dim=128 kv_head=0 worker=0 profiled_total=381 q_load=1 k_load=141 v_load=132 qk_dot=2 safe_sm=102 core_acc=1 o_scale=1 o_store=1 kv_dma_issue=0 kv_dma_wait=0 kv_transform=0
FIG8_ATTENTION_TIMERS mode=scna-fp16 scna_function=1 scna_kernel=0 scna_pipeline=0 phase=warmup iteration=2 lut_exp=0 nonlinear_mode=1 scna_width=8 scna_exp=81 qo_len=4 kv_len=4096 n_heads=12 n_kv_heads=2 head_dim=128 kv_head=1 worker=0 profiled_total=396 q_load=1 k_load=151 v_load=138 qk_dot=2 safe_sm=101 core_acc=1 o_scale=1 o_store=1 kv_dma_issue=0 kv_dma_wait=0 kv_transform=0
FIG8_ATTENTION_EVENT_COUNT mode=scna-fp16 qo_len=4 phase=warmup iteration=2 events=16 max_events=3224 overflow=0
FIG8_ATTENTION_HOST_TIMING mode=scna-fp16 scna_function=exp scna_kernel=direct scna_pipeline=off scna_width=8 qo_len=4 kv_len=4096 n_heads=12 n_kv_heads=2 head_dim=128 phase=warmup iteration=3 host_elapsed_us=1100 ret=0
FIG8_ATTENTION_PROFILE_COUNT mode=scna-fp16 qo_len=4 phase=warmup iteration=3 records=2 max_records=10
FIG8_ATTENTION_TIMERS mode=scna-fp16 scna_function=1 scna_kernel=0 scna_pipeline=0 phase=warmup iteration=3 lut_exp=0 nonlinear_mode=1 scna_width=8 scna_exp=81 qo_len=4 kv_len=4096 n_heads=12 n_kv_heads=2 head_dim=128 kv_head=0 worker=0 profiled_total=391 q_load=1 k_load=147 v_load=135 qk_dot=2 safe_sm=103 core_acc=1 o_scale=1 o_store=1 kv_dma_issue=0 kv_dma_wait=0 kv_transform=0
FIG8_ATTENTION_TIMERS mode=scna-fp16 scna_function=1 scna_kernel=0 scna_pipeline=0 phase=warmup iteration=3 lut_exp=0 nonlinear_mode=1 scna_width=8 scna_exp=82 qo_len=4 kv_len=4096 n_heads=12 n_kv_heads=2 head_dim=128 kv_head=1 worker=0 profiled_total=394 q_load=1 k_load=152 v_load=135 qk_dot=2 safe_sm=101 core_acc=1 o_scale=1 o_store=1 kv_dma_issue=0 kv_dma_wait=0 kv_transform=0
FIG8_ATTENTION_EVENT_COUNT mode=scna-fp16 qo_len=4 phase=warmup iteration=3 events=16 max_events=3224 overflow=0
FIG8_ATTENTION_HOST_TIMING mode=scna-fp16 scna_function=exp scna_kernel=direct scna_pipeline=off scna_width=8 qo_len=4 kv_len=4096 n_heads=12 n_kv_heads=2 head_dim=128 phase=warmup iteration=4 host_elapsed_us=1097 ret=0
FIG8_ATTENTION_PROFILE_COUNT mode=scna-fp16 qo_len=4 phase=warmup iteration=4 records=2 max_records=10
FIG8_ATTENTION_TIMERS mode=scna-fp16 scna_function=1 scna_kernel=0 scna_pipeline=0 phase=warmup iteration=4 lut_exp=0 nonlinear_mode=1 scna_width=8 scna_exp=81 qo_len=4 kv_len=4096 n_heads=12 n_kv_heads=2 head_dim=128 kv_head=0 worker=0 profiled_total=383 q_load=1 k_load=144 v_load=129 qk_dot=2 safe_sm=103 core_acc=2 o_scale=1 o_store=1 kv_dma_issue=0 kv_dma_wait=0 kv_transform=0
FIG8_ATTENTION_TIMERS mode=scna-fp16 scna_function=1 scna_kernel=0 scna_pipeline=0 phase=warmup iteration=4 lut_exp=0 nonlinear_mode=1 scna_width=8 scna_exp=81 qo_len=4 kv_len=4096 n_heads=12 n_kv_heads=2 head_dim=128 kv_head=1 worker=0 profiled_total=402 q_load=1 k_load=156 v_load=140 qk_dot=2 safe_sm=100 core_acc=1 o_scale=1 o_store=1 kv_dma_issue=0 kv_dma_wait=0 kv_transform=0
FIG8_ATTENTION_EVENT_COUNT mode=scna-fp16 qo_len=4 phase=warmup iteration=4 events=16 max_events=3224 overflow=0
FIG8_ATTENTION_HOST_TIMING mode=scna-fp16 scna_function=exp scna_kernel=direct scna_pipeline=off scna_width=8 qo_len=4 kv_len=4096 n_heads=12 n_kv_heads=2 head_dim=128 phase=measure iteration=0 host_elapsed_us=1098 ret=0
FIG8_ATTENTION_PROFILE_COUNT mode=scna-fp16 qo_len=4 phase=measure iteration=0 records=2 max_records=10
FIG8_ATTENTION_TIMERS mode=scna-fp16 scna_function=1 scna_kernel=0 scna_pipeline=0 phase=measure iteration=0 lut_exp=0 nonlinear_mode=1 scna_width=8 scna_exp=81 qo_len=4 kv_len=4096 n_heads=12 n_kv_heads=2 head_dim=128 kv_head=0 worker=0 profiled_total=391 q_load=1 k_load=147 v_load=134 qk_dot=2 safe_sm=103 core_acc=2 o_scale=1 o_store=1 kv_dma_issue=0 kv_dma_wait=0 kv_transform=0
FIG8_ATTENTION_TIMERS mode=scna-fp16 scna_function=1 scna_kernel=0 scna_pipeline=0 phase=measure iteration=0 lut_exp=0 nonlinear_mode=1 scna_width=8 scna_exp=81 qo_len=4 kv_len=4096 n_heads=12 n_kv_heads=2 head_dim=128 kv_head=1 worker=0 profiled_total=396 q_load=1 k_load=155 v_load=132 qk_dot=2 safe_sm=102 core_acc=1 o_scale=1 o_store=2 kv_dma_issue=0 kv_dma_wait=0 kv_transform=0
FIG8_ATTENTION_EVENT_COUNT mode=scna-fp16 qo_len=4 phase=measure iteration=0 events=16 max_events=3224 overflow=0
FIG8_ATTENTION_HOST_TIMING mode=scna-fp16 scna_function=exp scna_kernel=direct scna_pipeline=off scna_width=8 qo_len=4 kv_len=4096 n_heads=12 n_kv_heads=2 head_dim=128 phase=measure iteration=1 host_elapsed_us=1108 ret=0
FIG8_ATTENTION_PROFILE_COUNT mode=scna-fp16 qo_len=4 phase=measure iteration=1 records=2 max_records=10
FIG8_ATTENTION_TIMERS mode=scna-fp16 scna_function=1 scna_kernel=0 scna_pipeline=0 phase=measure iteration=1 lut_exp=0 nonlinear_mode=1 scna_width=8 scna_exp=81 qo_len=4 kv_len=4096 n_heads=12 n_kv_heads=2 head_dim=128 kv_head=0 worker=0 profiled_total=387 q_load=1 k_load=141 v_load=137 qk_dot=2 safe_sm=102 core_acc=2 o_scale=1 o_store=1 kv_dma_issue=0 kv_dma_wait=0 kv_transform=0
FIG8_ATTENTION_TIMERS mode=scna-fp16 scna_function=1 scna_kernel=0 scna_pipeline=0 phase=measure iteration=1 lut_exp=0 nonlinear_mode=1 scna_width=8 scna_exp=82 qo_len=4 kv_len=4096 n_heads=12 n_kv_heads=2 head_dim=128 kv_head=1 worker=0 profiled_total=402 q_load=1 k_load=155 v_load=139 qk_dot=2 safe_sm=102 core_acc=1 o_scale=1 o_store=1 kv_dma_issue=0 kv_dma_wait=0 kv_transform=0
FIG8_ATTENTION_EVENT_COUNT mode=scna-fp16 qo_len=4 phase=measure iteration=1 events=16 max_events=3224 overflow=0
FIG8_ATTENTION_HOST_TIMING mode=scna-fp16 scna_function=exp scna_kernel=direct scna_pipeline=off scna_width=8 qo_len=4 kv_len=4096 n_heads=12 n_kv_heads=2 head_dim=128 phase=measure iteration=2 host_elapsed_us=1099 ret=0
FIG8_ATTENTION_PROFILE_COUNT mode=scna-fp16 qo_len=4 phase=measure iteration=2 records=2 max_records=10
FIG8_ATTENTION_TIMERS mode=scna-fp16 scna_function=1 scna_kernel=0 scna_pipeline=0 phase=measure iteration=2 lut_exp=0 nonlinear_mode=1 scna_width=8 scna_exp=81 qo_len=4 kv_len=4096 n_heads=12 n_kv_heads=2 head_dim=128 kv_head=0 worker=0 profiled_total=383 q_load=1 k_load=144 v_load=130 qk_dot=2 safe_sm=103 core_acc=2 o_scale=0 o_store=1 kv_dma_issue=0 kv_dma_wait=0 kv_transform=0
FIG8_ATTENTION_TIMERS mode=scna-fp16 scna_function=1 scna_kernel=0 scna_pipeline=0 phase=measure iteration=2 lut_exp=0 nonlinear_mode=1 scna_width=8 scna_exp=81 qo_len=4 kv_len=4096 n_heads=12 n_kv_heads=2 head_dim=128 kv_head=1 worker=0 profiled_total=392 q_load=1 k_load=145 v_load=139 qk_dot=2 safe_sm=102 core_acc=1 o_scale=1 o_store=1 kv_dma_issue=0 kv_dma_wait=0 kv_transform=0
FIG8_ATTENTION_EVENT_COUNT mode=scna-fp16 qo_len=4 phase=measure iteration=2 events=16 max_events=3224 overflow=0
FIG8_ATTENTION_HOST_TIMING mode=scna-fp16 scna_function=exp scna_kernel=direct scna_pipeline=off scna_width=8 qo_len=4 kv_len=4096 n_heads=12 n_kv_heads=2 head_dim=128 phase=measure iteration=3 host_elapsed_us=1100 ret=0
FIG8_ATTENTION_PROFILE_COUNT mode=scna-fp16 qo_len=4 phase=measure iteration=3 records=2 max_records=10
FIG8_ATTENTION_TIMERS mode=scna-fp16 scna_function=1 scna_kernel=0 scna_pipeline=0 phase=measure iteration=3 lut_exp=0 nonlinear_mode=1 scna_width=8 scna_exp=81 qo_len=4 kv_len=4096 n_heads=12 n_kv_heads=2 head_dim=128 kv_head=0 worker=0 profiled_total=394 q_load=1 k_load=149 v_load=137 qk_dot=2 safe_sm=103 core_acc=1 o_scale=0 o_store=1 kv_dma_issue=0 kv_dma_wait=0 kv_transform=0
FIG8_ATTENTION_TIMERS mode=scna-fp16 scna_function=1 scna_kernel=0 scna_pipeline=0 phase=measure iteration=3 lut_exp=0 nonlinear_mode=1 scna_width=8 scna_exp=82 qo_len=4 kv_len=4096 n_heads=12 n_kv_heads=2 head_dim=128 kv_head=1 worker=0 profiled_total=378 q_load=1 k_load=144 v_load=126 qk_dot=2 safe_sm=102 core_acc=1 o_scale=1 o_store=1 kv_dma_issue=0 kv_dma_wait=0 kv_transform=0
FIG8_ATTENTION_EVENT_COUNT mode=scna-fp16 qo_len=4 phase=measure iteration=3 events=16 max_events=3224 overflow=0
FIG8_ATTENTION_HOST_TIMING mode=scna-fp16 scna_function=exp scna_kernel=direct scna_pipeline=off scna_width=8 qo_len=4 kv_len=4096 n_heads=12 n_kv_heads=2 head_dim=128 phase=measure iteration=4 host_elapsed_us=1092 ret=0
FIG8_ATTENTION_PROFILE_COUNT mode=scna-fp16 qo_len=4 phase=measure iteration=4 records=2 max_records=10
FIG8_ATTENTION_TIMERS mode=scna-fp16 scna_function=1 scna_kernel=0 scna_pipeline=0 phase=measure iteration=4 lut_exp=0 nonlinear_mode=1 scna_width=8 scna_exp=81 qo_len=4 kv_len=4096 n_heads=12 n_kv_heads=2 head_dim=128 kv_head=0 worker=0 profiled_total=395 q_load=1 k_load=152 v_load=132 qk_dot=2 safe_sm=103 core_acc=2 o_scale=1 o_store=2 kv_dma_issue=0 kv_dma_wait=0 kv_transform=0
FIG8_ATTENTION_TIMERS mode=scna-fp16 scna_function=1 scna_kernel=0 scna_pipeline=0 phase=measure iteration=4 lut_exp=0 nonlinear_mode=1 scna_width=8 scna_exp=81 qo_len=4 kv_len=4096 n_heads=12 n_kv_heads=2 head_dim=128 kv_head=1 worker=0 profiled_total=397 q_load=1 k_load=153 v_load=137 qk_dot=2 safe_sm=101 core_acc=1 o_scale=1 o_store=1 kv_dma_issue=0 kv_dma_wait=0 kv_transform=0
FIG8_ATTENTION_EVENT_COUNT mode=scna-fp16 qo_len=4 phase=measure iteration=4 events=16 max_events=3224 overflow=0
FIG8_ATTENTION_HOST_TIMING mode=scna-fp16 scna_function=exp scna_kernel=direct scna_pipeline=off scna_width=8 qo_len=4 kv_len=4096 n_heads=12 n_kv_heads=2 head_dim=128 phase=measure iteration=5 host_elapsed_us=1109 ret=0
FIG8_ATTENTION_PROFILE_COUNT mode=scna-fp16 qo_len=4 phase=measure iteration=5 records=2 max_records=10
FIG8_ATTENTION_TIMERS mode=scna-fp16 scna_function=1 scna_kernel=0 scna_pipeline=0 phase=measure iteration=5 lut_exp=0 nonlinear_mode=1 scna_width=8 scna_exp=81 qo_len=4 kv_len=4096 n_heads=12 n_kv_heads=2 head_dim=128 kv_head=0 worker=0 profiled_total=388 q_load=1 k_load=150 v_load=129 qk_dot=2 safe_sm=102 core_acc=2 o_scale=1 o_store=1 kv_dma_issue=0 kv_dma_wait=0 kv_transform=0
FIG8_ATTENTION_TIMERS mode=scna-fp16 scna_function=1 scna_kernel=0 scna_pipeline=0 phase=measure iteration=5 lut_exp=0 nonlinear_mode=1 scna_width=8 scna_exp=81 qo_len=4 kv_len=4096 n_heads=12 n_kv_heads=2 head_dim=128 kv_head=1 worker=0 profiled_total=400 q_load=1 k_load=154 v_load=139 qk_dot=2 safe_sm=101 core_acc=1 o_scale=1 o_store=1 kv_dma_issue=0 kv_dma_wait=0 kv_transform=0
FIG8_ATTENTION_EVENT_COUNT mode=scna-fp16 qo_len=4 phase=measure iteration=5 events=16 max_events=3224 overflow=0
FIG8_ATTENTION_HOST_TIMING mode=scna-fp16 scna_function=exp scna_kernel=direct scna_pipeline=off scna_width=8 qo_len=4 kv_len=4096 n_heads=12 n_kv_heads=2 head_dim=128 phase=measure iteration=6 host_elapsed_us=1096 ret=0
FIG8_ATTENTION_PROFILE_COUNT mode=scna-fp16 qo_len=4 phase=measure iteration=6 records=2 max_records=10
FIG8_ATTENTION_TIMERS mode=scna-fp16 scna_function=1 scna_kernel=0 scna_pipeline=0 phase=measure iteration=6 lut_exp=0 nonlinear_mode=1 scna_width=8 scna_exp=81 qo_len=4 kv_len=4096 n_heads=12 n_kv_heads=2 head_dim=128 kv_head=0 worker=0 profiled_total=384 q_load=1 k_load=143 v_load=132 qk_dot=2 safe_sm=103 core_acc=2 o_scale=0 o_store=1 kv_dma_issue=0 kv_dma_wait=0 kv_transform=0
FIG8_ATTENTION_TIMERS mode=scna-fp16 scna_function=1 scna_kernel=0 scna_pipeline=0 phase=measure iteration=6 lut_exp=0 nonlinear_mode=1 scna_width=8 scna_exp=81 qo_len=4 kv_len=4096 n_heads=12 n_kv_heads=2 head_dim=128 kv_head=1 worker=0 profiled_total=398 q_load=1 k_load=156 v_load=135 qk_dot=2 safe_sm=101 core_acc=1 o_scale=1 o_store=1 kv_dma_issue=0 kv_dma_wait=0 kv_transform=0
FIG8_ATTENTION_EVENT_COUNT mode=scna-fp16 qo_len=4 phase=measure iteration=6 events=16 max_events=3224 overflow=0
FIG8_ATTENTION_HOST_TIMING mode=scna-fp16 scna_function=exp scna_kernel=direct scna_pipeline=off scna_width=8 qo_len=4 kv_len=4096 n_heads=12 n_kv_heads=2 head_dim=128 phase=measure iteration=7 host_elapsed_us=1102 ret=0
FIG8_ATTENTION_PROFILE_COUNT mode=scna-fp16 qo_len=4 phase=measure iteration=7 records=2 max_records=10
FIG8_ATTENTION_TIMERS mode=scna-fp16 scna_function=1 scna_kernel=0 scna_pipeline=0 phase=measure iteration=7 lut_exp=0 nonlinear_mode=1 scna_width=8 scna_exp=82 qo_len=4 kv_len=4096 n_heads=12 n_kv_heads=2 head_dim=128 kv_head=0 worker=0 profiled_total=389 q_load=1 k_load=148 v_load=130 qk_dot=2 safe_sm=104 core_acc=2 o_scale=1 o_store=1 kv_dma_issue=0 kv_dma_wait=0 kv_transform=0
FIG8_ATTENTION_TIMERS mode=scna-fp16 scna_function=1 scna_kernel=0 scna_pipeline=0 phase=measure iteration=7 lut_exp=0 nonlinear_mode=1 scna_width=8 scna_exp=82 qo_len=4 kv_len=4096 n_heads=12 n_kv_heads=2 head_dim=128 kv_head=1 worker=0 profiled_total=395 q_load=1 k_load=151 v_load=137 qk_dot=2 safe_sm=101 core_acc=1 o_scale=1 o_store=1 kv_dma_issue=0 kv_dma_wait=0 kv_transform=0
FIG8_ATTENTION_EVENT_COUNT mode=scna-fp16 qo_len=4 phase=measure iteration=7 events=16 max_events=3224 overflow=0
FIG8_ATTENTION_HOST_TIMING mode=scna-fp16 scna_function=exp scna_kernel=direct scna_pipeline=off scna_width=8 qo_len=4 kv_len=4096 n_heads=12 n_kv_heads=2 head_dim=128 phase=measure iteration=8 host_elapsed_us=1109 ret=0
FIG8_ATTENTION_PROFILE_COUNT mode=scna-fp16 qo_len=4 phase=measure iteration=8 records=2 max_records=10
FIG8_ATTENTION_TIMERS mode=scna-fp16 scna_function=1 scna_kernel=0 scna_pipeline=0 phase=measure iteration=8 lut_exp=0 nonlinear_mode=1 scna_width=8 scna_exp=81 qo_len=4 kv_len=4096 n_heads=12 n_kv_heads=2 head_dim=128 kv_head=0 worker=0 profiled_total=373 q_load=1 k_load=141 v_load=123 qk_dot=2 safe_sm=102 core_acc=2 o_scale=1 o_store=1 kv_dma_issue=0 kv_dma_wait=0 kv_transform=0
FIG8_ATTENTION_TIMERS mode=scna-fp16 scna_function=1 scna_kernel=0 scna_pipeline=0 phase=measure iteration=8 lut_exp=0 nonlinear_mode=1 scna_width=8 scna_exp=81 qo_len=4 kv_len=4096 n_heads=12 n_kv_heads=2 head_dim=128 kv_head=1 worker=0 profiled_total=394 q_load=1 k_load=149 v_load=137 qk_dot=2 safe_sm=102 core_acc=1 o_scale=1 o_store=1 kv_dma_issue=0 kv_dma_wait=0 kv_transform=0
FIG8_ATTENTION_EVENT_COUNT mode=scna-fp16 qo_len=4 phase=measure iteration=8 events=16 max_events=3224 overflow=0
FIG8_ATTENTION_HOST_TIMING mode=scna-fp16 scna_function=exp scna_kernel=direct scna_pipeline=off scna_width=8 qo_len=4 kv_len=4096 n_heads=12 n_kv_heads=2 head_dim=128 phase=measure iteration=9 host_elapsed_us=1094 ret=0
FIG8_ATTENTION_PROFILE_COUNT mode=scna-fp16 qo_len=4 phase=measure iteration=9 records=2 max_records=10
FIG8_ATTENTION_TIMERS mode=scna-fp16 scna_function=1 scna_kernel=0 scna_pipeline=0 phase=measure iteration=9 lut_exp=0 nonlinear_mode=1 scna_width=8 scna_exp=82 qo_len=4 kv_len=4096 n_heads=12 n_kv_heads=2 head_dim=128 kv_head=0 worker=0 profiled_total=389 q_load=1 k_load=143 v_load=135 qk_dot=2 safe_sm=104 core_acc=2 o_scale=1 o_store=1 kv_dma_issue=0 kv_dma_wait=0 kv_transform=0
FIG8_ATTENTION_TIMERS mode=scna-fp16 scna_function=1 scna_kernel=0 scna_pipeline=0 phase=measure iteration=9 lut_exp=0 nonlinear_mode=1 scna_width=8 scna_exp=81 qo_len=4 kv_len=4096 n_heads=12 n_kv_heads=2 head_dim=128 kv_head=1 worker=0 profiled_total=381 q_load=1 k_load=147 v_load=127 qk_dot=2 safe_sm=101 core_acc=1 o_scale=1 o_store=1 kv_dma_issue=0 kv_dma_wait=0 kv_transform=0
FIG8_ATTENTION_EVENT_COUNT mode=scna-fp16 qo_len=4 phase=measure iteration=9 events=16 max_events=3224 overflow=0
FIG8_ATTENTION_HOST_TIMING mode=scna-fp16 scna_function=exp scna_kernel=direct scna_pipeline=off scna_width=8 qo_len=4 kv_len=4096 n_heads=12 n_kv_heads=2 head_dim=128 phase=measure iteration=10 host_elapsed_us=1073 ret=0
FIG8_ATTENTION_PROFILE_COUNT mode=scna-fp16 qo_len=4 phase=measure iteration=10 records=2 max_records=10
FIG8_ATTENTION_TIMERS mode=scna-fp16 scna_function=1 scna_kernel=0 scna_pipeline=0 phase=measure iteration=10 lut_exp=0 nonlinear_mode=1 scna_width=8 scna_exp=81 qo_len=4 kv_len=4096 n_heads=12 n_kv_heads=2 head_dim=128 kv_head=0 worker=0 profiled_total=380 q_load=1 k_load=144 v_load=126 qk_dot=2 safe_sm=103 core_acc=2 o_scale=1 o_store=1 kv_dma_issue=0 kv_dma_wait=0 kv_transform=0
FIG8_ATTENTION_TIMERS mode=scna-fp16 scna_function=1 scna_kernel=0 scna_pipeline=0 phase=measure iteration=10 lut_exp=0 nonlinear_mode=1 scna_width=8 scna_exp=81 qo_len=4 kv_len=4096 n_heads=12 n_kv_heads=2 head_dim=128 kv_head=1 worker=0 profiled_total=419 q_load=1 k_load=152 v_load=158 qk_dot=2 safe_sm=103 core_acc=1 o_scale=1 o_store=1 kv_dma_issue=0 kv_dma_wait=0 kv_transform=0
FIG8_ATTENTION_EVENT_COUNT mode=scna-fp16 qo_len=4 phase=measure iteration=10 events=16 max_events=3224 overflow=0
FIG8_ATTENTION_HOST_TIMING mode=scna-fp16 scna_function=exp scna_kernel=direct scna_pipeline=off scna_width=8 qo_len=4 kv_len=4096 n_heads=12 n_kv_heads=2 head_dim=128 phase=measure iteration=11 host_elapsed_us=1209 ret=0
FIG8_ATTENTION_PROFILE_COUNT mode=scna-fp16 qo_len=4 phase=measure iteration=11 records=2 max_records=10
FIG8_ATTENTION_TIMERS mode=scna-fp16 scna_function=1 scna_kernel=0 scna_pipeline=0 phase=measure iteration=11 lut_exp=0 nonlinear_mode=1 scna_width=8 scna_exp=81 qo_len=4 kv_len=4096 n_heads=12 n_kv_heads=2 head_dim=128 kv_head=0 worker=0 profiled_total=428 q_load=2 k_load=161 v_load=150 qk_dot=2 safe_sm=108 core_acc=2 o_scale=1 o_store=2 kv_dma_issue=0 kv_dma_wait=0 kv_transform=0
FIG8_ATTENTION_TIMERS mode=scna-fp16 scna_function=1 scna_kernel=0 scna_pipeline=0 phase=measure iteration=11 lut_exp=0 nonlinear_mode=1 scna_width=8 scna_exp=83 qo_len=4 kv_len=4096 n_heads=12 n_kv_heads=2 head_dim=128 kv_head=1 worker=0 profiled_total=443 q_load=1 k_load=178 v_load=151 qk_dot=2 safe_sm=108 core_acc=1 o_scale=1 o_store=1 kv_dma_issue=0 kv_dma_wait=0 kv_transform=0
FIG8_ATTENTION_EVENT_COUNT mode=scna-fp16 qo_len=4 phase=measure iteration=11 events=16 max_events=3224 overflow=0
FIG8_ATTENTION_HOST_TIMING mode=scna-fp16 scna_function=exp scna_kernel=direct scna_pipeline=off scna_width=8 qo_len=4 kv_len=4096 n_heads=12 n_kv_heads=2 head_dim=128 phase=measure iteration=12 host_elapsed_us=1170 ret=0
FIG8_ATTENTION_PROFILE_COUNT mode=scna-fp16 qo_len=4 phase=measure iteration=12 records=2 max_records=10
FIG8_ATTENTION_TIMERS mode=scna-fp16 scna_function=1 scna_kernel=0 scna_pipeline=0 phase=measure iteration=12 lut_exp=0 nonlinear_mode=1 scna_width=8 scna_exp=82 qo_len=4 kv_len=4096 n_heads=12 n_kv_heads=2 head_dim=128 kv_head=0 worker=0 profiled_total=435 q_load=1 k_load=164 v_load=156 qk_dot=2 safe_sm=108 core_acc=2 o_scale=1 o_store=1 kv_dma_issue=0 kv_dma_wait=0 kv_transform=0
FIG8_ATTENTION_TIMERS mode=scna-fp16 scna_function=1 scna_kernel=0 scna_pipeline=0 phase=measure iteration=12 lut_exp=0 nonlinear_mode=1 scna_width=8 scna_exp=82 qo_len=4 kv_len=4096 n_heads=12 n_kv_heads=2 head_dim=128 kv_head=1 worker=0 profiled_total=443 q_load=1 k_load=170 v_load=159 qk_dot=2 safe_sm=108 core_acc=1 o_scale=1 o_store=1 kv_dma_issue=0 kv_dma_wait=0 kv_transform=0
FIG8_ATTENTION_EVENT_COUNT mode=scna-fp16 qo_len=4 phase=measure iteration=12 events=16 max_events=3224 overflow=0
FIG8_ATTENTION_HOST_TIMING mode=scna-fp16 scna_function=exp scna_kernel=direct scna_pipeline=off scna_width=8 qo_len=4 kv_len=4096 n_heads=12 n_kv_heads=2 head_dim=128 phase=measure iteration=13 host_elapsed_us=1152 ret=0
FIG8_ATTENTION_PROFILE_COUNT mode=scna-fp16 qo_len=4 phase=measure iteration=13 records=2 max_records=10
FIG8_ATTENTION_TIMERS mode=scna-fp16 scna_function=1 scna_kernel=0 scna_pipeline=0 phase=measure iteration=13 lut_exp=0 nonlinear_mode=1 scna_width=8 scna_exp=82 qo_len=4 kv_len=4096 n_heads=12 n_kv_heads=2 head_dim=128 kv_head=0 worker=0 profiled_total=430 q_load=1 k_load=164 v_load=151 qk_dot=2 safe_sm=108 core_acc=2 o_scale=1 o_store=1 kv_dma_issue=0 kv_dma_wait=0 kv_transform=0
FIG8_ATTENTION_TIMERS mode=scna-fp16 scna_function=1 scna_kernel=0 scna_pipeline=0 phase=measure iteration=13 lut_exp=0 nonlinear_mode=1 scna_width=8 scna_exp=82 qo_len=4 kv_len=4096 n_heads=12 n_kv_heads=2 head_dim=128 kv_head=1 worker=0 profiled_total=451 q_load=1 k_load=180 v_load=157 qk_dot=2 safe_sm=107 core_acc=1 o_scale=1 o_store=2 kv_dma_issue=0 kv_dma_wait=0 kv_transform=0
FIG8_ATTENTION_EVENT_COUNT mode=scna-fp16 qo_len=4 phase=measure iteration=13 events=16 max_events=3224 overflow=0
FIG8_ATTENTION_HOST_TIMING mode=scna-fp16 scna_function=exp scna_kernel=direct scna_pipeline=off scna_width=8 qo_len=4 kv_len=4096 n_heads=12 n_kv_heads=2 head_dim=128 phase=measure iteration=14 host_elapsed_us=1226 ret=0
FIG8_ATTENTION_PROFILE_COUNT mode=scna-fp16 qo_len=4 phase=measure iteration=14 records=2 max_records=10
FIG8_ATTENTION_TIMERS mode=scna-fp16 scna_function=1 scna_kernel=0 scna_pipeline=0 phase=measure iteration=14 lut_exp=0 nonlinear_mode=1 scna_width=8 scna_exp=83 qo_len=4 kv_len=4096 n_heads=12 n_kv_heads=2 head_dim=128 kv_head=0 worker=0 profiled_total=431 q_load=2 k_load=162 v_load=152 qk_dot=2 safe_sm=109 core_acc=2 o_scale=1 o_store=1 kv_dma_issue=0 kv_dma_wait=0 kv_transform=0
FIG8_ATTENTION_TIMERS mode=scna-fp16 scna_function=1 scna_kernel=0 scna_pipeline=0 phase=measure iteration=14 lut_exp=0 nonlinear_mode=1 scna_width=8 scna_exp=82 qo_len=4 kv_len=4096 n_heads=12 n_kv_heads=2 head_dim=128 kv_head=1 worker=0 profiled_total=448 q_load=1 k_load=167 v_load=166 qk_dot=2 safe_sm=108 core_acc=1 o_scale=1 o_store=2 kv_dma_issue=0 kv_dma_wait=0 kv_transform=0
FIG8_ATTENTION_EVENT_COUNT mode=scna-fp16 qo_len=4 phase=measure iteration=14 events=16 max_events=3224 overflow=0
FIG8_ATTENTION_HOST_TIMING mode=scna-fp16 scna_function=exp scna_kernel=direct scna_pipeline=off scna_width=8 qo_len=4 kv_len=4096 n_heads=12 n_kv_heads=2 head_dim=128 phase=measure iteration=15 host_elapsed_us=1222 ret=0
FIG8_ATTENTION_PROFILE_COUNT mode=scna-fp16 qo_len=4 phase=measure iteration=15 records=2 max_records=10
FIG8_ATTENTION_TIMERS mode=scna-fp16 scna_function=1 scna_kernel=0 scna_pipeline=0 phase=measure iteration=15 lut_exp=0 nonlinear_mode=1 scna_width=8 scna_exp=82 qo_len=4 kv_len=4096 n_heads=12 n_kv_heads=2 head_dim=128 kv_head=0 worker=0 profiled_total=428 q_load=2 k_load=160 v_load=153 qk_dot=2 safe_sm=107 core_acc=2 o_scale=1 o_store=1 kv_dma_issue=0 kv_dma_wait=0 kv_transform=0
FIG8_ATTENTION_TIMERS mode=scna-fp16 scna_function=1 scna_kernel=0 scna_pipeline=0 phase=measure iteration=15 lut_exp=0 nonlinear_mode=1 scna_width=8 scna_exp=82 qo_len=4 kv_len=4096 n_heads=12 n_kv_heads=2 head_dim=128 kv_head=1 worker=0 profiled_total=444 q_load=1 k_load=167 v_load=164 qk_dot=2 safe_sm=107 core_acc=1 o_scale=1 o_store=1 kv_dma_issue=0 kv_dma_wait=0 kv_transform=0
FIG8_ATTENTION_EVENT_COUNT mode=scna-fp16 qo_len=4 phase=measure iteration=15 events=16 max_events=3224 overflow=0
FIG8_ATTENTION_HOST_TIMING mode=scna-fp16 scna_function=exp scna_kernel=direct scna_pipeline=off scna_width=8 qo_len=4 kv_len=4096 n_heads=12 n_kv_heads=2 head_dim=128 phase=measure iteration=16 host_elapsed_us=1216 ret=0
FIG8_ATTENTION_PROFILE_COUNT mode=scna-fp16 qo_len=4 phase=measure iteration=16 records=2 max_records=10
FIG8_ATTENTION_TIMERS mode=scna-fp16 scna_function=1 scna_kernel=0 scna_pipeline=0 phase=measure iteration=16 lut_exp=0 nonlinear_mode=1 scna_width=8 scna_exp=82 qo_len=4 kv_len=4096 n_heads=12 n_kv_heads=2 head_dim=128 kv_head=0 worker=0 profiled_total=428 q_load=1 k_load=160 v_load=153 qk_dot=2 safe_sm=108 core_acc=2 o_scale=1 o_store=1 kv_dma_issue=0 kv_dma_wait=0 kv_transform=0
FIG8_ATTENTION_TIMERS mode=scna-fp16 scna_function=1 scna_kernel=0 scna_pipeline=0 phase=measure iteration=16 lut_exp=0 nonlinear_mode=1 scna_width=8 scna_exp=82 qo_len=4 kv_len=4096 n_heads=12 n_kv_heads=2 head_dim=128 kv_head=1 worker=0 profiled_total=446 q_load=1 k_load=169 v_load=164 qk_dot=2 safe_sm=107 core_acc=1 o_scale=1 o_store=1 kv_dma_issue=0 kv_dma_wait=0 kv_transform=0
FIG8_ATTENTION_EVENT_COUNT mode=scna-fp16 qo_len=4 phase=measure iteration=16 events=16 max_events=3224 overflow=0
FIG8_ATTENTION_HOST_TIMING mode=scna-fp16 scna_function=exp scna_kernel=direct scna_pipeline=off scna_width=8 qo_len=4 kv_len=4096 n_heads=12 n_kv_heads=2 head_dim=128 phase=measure iteration=17 host_elapsed_us=1230 ret=0
FIG8_ATTENTION_PROFILE_COUNT mode=scna-fp16 qo_len=4 phase=measure iteration=17 records=2 max_records=10
FIG8_ATTENTION_TIMERS mode=scna-fp16 scna_function=1 scna_kernel=0 scna_pipeline=0 phase=measure iteration=17 lut_exp=0 nonlinear_mode=1 scna_width=8 scna_exp=83 qo_len=4 kv_len=4096 n_heads=12 n_kv_heads=2 head_dim=128 kv_head=0 worker=0 profiled_total=430 q_load=1 k_load=159 v_load=155 qk_dot=2 safe_sm=109 core_acc=2 o_scale=1 o_store=1 kv_dma_issue=0 kv_dma_wait=0 kv_transform=0
FIG8_ATTENTION_TIMERS mode=scna-fp16 scna_function=1 scna_kernel=0 scna_pipeline=0 phase=measure iteration=17 lut_exp=0 nonlinear_mode=1 scna_width=8 scna_exp=83 qo_len=4 kv_len=4096 n_heads=12 n_kv_heads=2 head_dim=128 kv_head=1 worker=0 profiled_total=438 q_load=1 k_load=174 v_load=150 qk_dot=2 safe_sm=108 core_acc=1 o_scale=1 o_store=1 kv_dma_issue=0 kv_dma_wait=0 kv_transform=0
FIG8_ATTENTION_EVENT_COUNT mode=scna-fp16 qo_len=4 phase=measure iteration=17 events=16 max_events=3224 overflow=0
FIG8_ATTENTION_HOST_TIMING mode=scna-fp16 scna_function=exp scna_kernel=direct scna_pipeline=off scna_width=8 qo_len=4 kv_len=4096 n_heads=12 n_kv_heads=2 head_dim=128 phase=measure iteration=18 host_elapsed_us=1190 ret=0
FIG8_ATTENTION_PROFILE_COUNT mode=scna-fp16 qo_len=4 phase=measure iteration=18 records=2 max_records=10
FIG8_ATTENTION_TIMERS mode=scna-fp16 scna_function=1 scna_kernel=0 scna_pipeline=0 phase=measure iteration=18 lut_exp=0 nonlinear_mode=1 scna_width=8 scna_exp=82 qo_len=4 kv_len=4096 n_heads=12 n_kv_heads=2 head_dim=128 kv_head=0 worker=0 profiled_total=427 q_load=2 k_load=162 v_load=148 qk_dot=2 safe_sm=108 core_acc=2 o_scale=1 o_store=2 kv_dma_issue=0 kv_dma_wait=0 kv_transform=0
FIG8_ATTENTION_TIMERS mode=scna-fp16 scna_function=1 scna_kernel=0 scna_pipeline=0 phase=measure iteration=18 lut_exp=0 nonlinear_mode=1 scna_width=8 scna_exp=82 qo_len=4 kv_len=4096 n_heads=12 n_kv_heads=2 head_dim=128 kv_head=1 worker=0 profiled_total=443 q_load=1 k_load=169 v_load=160 qk_dot=2 safe_sm=108 core_acc=1 o_scale=1 o_store=1 kv_dma_issue=0 kv_dma_wait=0 kv_transform=0
FIG8_ATTENTION_EVENT_COUNT mode=scna-fp16 qo_len=4 phase=measure iteration=18 events=16 max_events=3224 overflow=0
FIG8_ATTENTION_HOST_TIMING mode=scna-fp16 scna_function=exp scna_kernel=direct scna_pipeline=off scna_width=8 qo_len=4 kv_len=4096 n_heads=12 n_kv_heads=2 head_dim=128 phase=measure iteration=19 host_elapsed_us=1214 ret=0
FIG8_ATTENTION_PROFILE_COUNT mode=scna-fp16 qo_len=4 phase=measure iteration=19 records=2 max_records=10
FIG8_ATTENTION_TIMERS mode=scna-fp16 scna_function=1 scna_kernel=0 scna_pipeline=0 phase=measure iteration=19 lut_exp=0 nonlinear_mode=1 scna_width=8 scna_exp=82 qo_len=4 kv_len=4096 n_heads=12 n_kv_heads=2 head_dim=128 kv_head=0 worker=0 profiled_total=429 q_load=1 k_load=160 v_load=154 qk_dot=2 safe_sm=108 core_acc=2 o_scale=1 o_store=1 kv_dma_issue=0 kv_dma_wait=0 kv_transform=0
FIG8_ATTENTION_TIMERS mode=scna-fp16 scna_function=1 scna_kernel=0 scna_pipeline=0 phase=measure iteration=19 lut_exp=0 nonlinear_mode=1 scna_width=8 scna_exp=82 qo_len=4 kv_len=4096 n_heads=12 n_kv_heads=2 head_dim=128 kv_head=1 worker=0 profiled_total=446 q_load=1 k_load=169 v_load=162 qk_dot=2 safe_sm=108 core_acc=1 o_scale=2 o_store=1 kv_dma_issue=0 kv_dma_wait=0 kv_transform=0
FIG8_ATTENTION_EVENT_COUNT mode=scna-fp16 qo_len=4 phase=measure iteration=19 events=16 max_events=3224 overflow=0
