alloc_shared_mem_buf: buf=0x713d220000 fd=12 size=196608 flags=FASTRPC_MAP_FD
alloc_shared_mem_buf: buf=0x6ea2000000 fd=13 size=2097152 flags=FASTRPC_MAP_FD
alloc_shared_mem_buf: buf=0x6ea1e00000 fd=14 size=2097152 flags=FASTRPC_MAP_FD
alloc_shared_mem_buf: buf=0x71395d0000 fd=15 size=196608 flags=FASTRPC_MAP_FD
alloc_shared_mem_buf: buf=0x7138010000 fd=16 size=262144 flags=FASTRPC_MAP_FD
alloc_shared_mem_buf: buf=0x6ea1c40000 fd=17 size=1794560 flags=FASTRPC_MAP_FD
alloc_shared_mem_buf: buf=0x713e53a000 fd=18 size=4096 flags=FASTRPC_MAP_FD
No-op channel request completed
FIG8_ATTENTION_CONFIG mode=scna-fp16 scna_function=exp scna_kernel=direct scna_pipeline=off mask_mode=full qo_len=32 kv_len=4096 n_heads=12 n_kv_heads=2 head_dim=128 warmup=5 iters=20 scna_width=16 q_size=196608 kv_size=2097152 mask_size=262144 profile_size=1794560 profile_max_records=10 profile_max_events=24896 mode_flags=132 print_events=0
FIG8_ATTENTION_HOST_TIMING mode=scna-fp16 scna_function=exp scna_kernel=direct scna_pipeline=off scna_width=16 qo_len=32 kv_len=4096 n_heads=12 n_kv_heads=2 head_dim=128 phase=warmup iteration=0 host_elapsed_us=3167 ret=0
FIG8_ATTENTION_PROFILE_COUNT mode=scna-fp16 qo_len=32 phase=warmup iteration=0 records=2 max_records=10
FIG8_ATTENTION_TIMERS mode=scna-fp16 scna_function=1 scna_kernel=0 scna_pipeline=0 phase=warmup iteration=0 lut_exp=0 nonlinear_mode=1 scna_width=16 scna_exp=870 qo_len=32 kv_len=4096 n_heads=12 n_kv_heads=2 head_dim=128 kv_head=0 worker=0 profiled_total=1418 q_load=8 k_load=175 v_load=154 qk_dot=14 safe_sm=1040 core_acc=12 o_scale=2 o_store=13 kv_dma_issue=0 kv_dma_wait=0 kv_transform=0
FIG8_ATTENTION_TIMERS mode=scna-fp16 scna_function=1 scna_kernel=0 scna_pipeline=0 phase=warmup iteration=0 lut_exp=0 nonlinear_mode=1 scna_width=16 scna_exp=867 qo_len=32 kv_len=4096 n_heads=12 n_kv_heads=2 head_dim=128 kv_head=1 worker=0 profiled_total=1391 q_load=7 k_load=178 v_load=144 qk_dot=13 safe_sm=1024 core_acc=12 o_scale=2 o_store=11 kv_dma_issue=0 kv_dma_wait=0 kv_transform=0
FIG8_ATTENTION_EVENT_COUNT mode=scna-fp16 qo_len=32 phase=warmup iteration=0 events=16 max_events=24896 overflow=0
FIG8_ATTENTION_HOST_TIMING mode=scna-fp16 scna_function=exp scna_kernel=direct scna_pipeline=off scna_width=16 qo_len=32 kv_len=4096 n_heads=12 n_kv_heads=2 head_dim=128 phase=warmup iteration=1 host_elapsed_us=3045 ret=0
FIG8_ATTENTION_PROFILE_COUNT mode=scna-fp16 qo_len=32 phase=warmup iteration=1 records=2 max_records=10
FIG8_ATTENTION_TIMERS mode=scna-fp16 scna_function=1 scna_kernel=0 scna_pipeline=0 phase=warmup iteration=1 lut_exp=0 nonlinear_mode=1 scna_width=16 scna_exp=865 qo_len=32 kv_len=4096 n_heads=12 n_kv_heads=2 head_dim=128 kv_head=0 worker=0 profiled_total=1376 q_load=8 k_load=152 v_load=145 qk_dot=13 safe_sm=1034 core_acc=12 o_scale=1 o_store=11 kv_dma_issue=0 kv_dma_wait=0 kv_transform=0
FIG8_ATTENTION_TIMERS mode=scna-fp16 scna_function=1 scna_kernel=0 scna_pipeline=0 phase=warmup iteration=1 lut_exp=0 nonlinear_mode=1 scna_width=16 scna_exp=863 qo_len=32 kv_len=4096 n_heads=12 n_kv_heads=2 head_dim=128 kv_head=1 worker=0 profiled_total=1362 q_load=8 k_load=154 v_load=143 qk_dot=14 safe_sm=1019 core_acc=11 o_scale=2 o_store=11 kv_dma_issue=0 kv_dma_wait=0 kv_transform=0
FIG8_ATTENTION_EVENT_COUNT mode=scna-fp16 qo_len=32 phase=warmup iteration=1 events=16 max_events=24896 overflow=0
FIG8_ATTENTION_HOST_TIMING mode=scna-fp16 scna_function=exp scna_kernel=direct scna_pipeline=off scna_width=16 qo_len=32 kv_len=4096 n_heads=12 n_kv_heads=2 head_dim=128 phase=warmup iteration=2 host_elapsed_us=3074 ret=0
FIG8_ATTENTION_PROFILE_COUNT mode=scna-fp16 qo_len=32 phase=warmup iteration=2 records=2 max_records=10
FIG8_ATTENTION_TIMERS mode=scna-fp16 scna_function=1 scna_kernel=0 scna_pipeline=0 phase=warmup iteration=2 lut_exp=0 nonlinear_mode=1 scna_width=16 scna_exp=862 qo_len=32 kv_len=4096 n_heads=12 n_kv_heads=2 head_dim=128 kv_head=0 worker=0 profiled_total=1378 q_load=7 k_load=149 v_load=158 qk_dot=12 safe_sm=1028 core_acc=11 o_scale=2 o_store=11 kv_dma_issue=0 kv_dma_wait=0 kv_transform=0
FIG8_ATTENTION_TIMERS mode=scna-fp16 scna_function=1 scna_kernel=0 scna_pipeline=0 phase=warmup iteration=2 lut_exp=0 nonlinear_mode=1 scna_width=16 scna_exp=863 qo_len=32 kv_len=4096 n_heads=12 n_kv_heads=2 head_dim=128 kv_head=1 worker=0 profiled_total=1398 q_load=8 k_load=187 v_load=141 qk_dot=12 safe_sm=1026 core_acc=11 o_scale=2 o_store=11 kv_dma_issue=0 kv_dma_wait=0 kv_transform=0
FIG8_ATTENTION_EVENT_COUNT mode=scna-fp16 qo_len=32 phase=warmup iteration=2 events=16 max_events=24896 overflow=0
FIG8_ATTENTION_HOST_TIMING mode=scna-fp16 scna_function=exp scna_kernel=direct scna_pipeline=off scna_width=16 qo_len=32 kv_len=4096 n_heads=12 n_kv_heads=2 head_dim=128 phase=warmup iteration=3 host_elapsed_us=3070 ret=0
FIG8_ATTENTION_PROFILE_COUNT mode=scna-fp16 qo_len=32 phase=warmup iteration=3 records=2 max_records=10
FIG8_ATTENTION_TIMERS mode=scna-fp16 scna_function=1 scna_kernel=0 scna_pipeline=0 phase=warmup iteration=3 lut_exp=0 nonlinear_mode=1 scna_width=16 scna_exp=863 qo_len=32 kv_len=4096 n_heads=12 n_kv_heads=2 head_dim=128 kv_head=0 worker=0 profiled_total=1347 q_load=8 k_load=141 v_load=135 qk_dot=12 safe_sm=1027 core_acc=12 o_scale=1 o_store=11 kv_dma_issue=0 kv_dma_wait=0 kv_transform=0
FIG8_ATTENTION_TIMERS mode=scna-fp16 scna_function=1 scna_kernel=0 scna_pipeline=0 phase=warmup iteration=3 lut_exp=0 nonlinear_mode=1 scna_width=16 scna_exp=862 qo_len=32 kv_len=4096 n_heads=12 n_kv_heads=2 head_dim=128 kv_head=1 worker=0 profiled_total=1391 q_load=8 k_load=159 v_load=156 qk_dot=12 safe_sm=1032 core_acc=11 o_scale=2 o_store=11 kv_dma_issue=0 kv_dma_wait=0 kv_transform=0
FIG8_ATTENTION_EVENT_COUNT mode=scna-fp16 qo_len=32 phase=warmup iteration=3 events=16 max_events=24896 overflow=0
FIG8_ATTENTION_HOST_TIMING mode=scna-fp16 scna_function=exp scna_kernel=direct scna_pipeline=off scna_width=16 qo_len=32 kv_len=4096 n_heads=12 n_kv_heads=2 head_dim=128 phase=warmup iteration=4 host_elapsed_us=3194 ret=0
FIG8_ATTENTION_PROFILE_COUNT mode=scna-fp16 qo_len=32 phase=warmup iteration=4 records=2 max_records=10
FIG8_ATTENTION_TIMERS mode=scna-fp16 scna_function=1 scna_kernel=0 scna_pipeline=0 phase=warmup iteration=4 lut_exp=0 nonlinear_mode=1 scna_width=16 scna_exp=863 qo_len=32 kv_len=4096 n_heads=12 n_kv_heads=2 head_dim=128 kv_head=0 worker=0 profiled_total=1392 q_load=8 k_load=147 v_load=163 qk_dot=12 safe_sm=1038 core_acc=12 o_scale=1 o_store=11 kv_dma_issue=0 kv_dma_wait=0 kv_transform=0
FIG8_ATTENTION_TIMERS mode=scna-fp16 scna_function=1 scna_kernel=0 scna_pipeline=0 phase=warmup iteration=4 lut_exp=0 nonlinear_mode=1 scna_width=16 scna_exp=862 qo_len=32 kv_len=4096 n_heads=12 n_kv_heads=2 head_dim=128 kv_head=1 worker=0 profiled_total=1419 q_load=8 k_load=182 v_load=162 qk_dot=12 safe_sm=1030 core_acc=12 o_scale=2 o_store=11 kv_dma_issue=0 kv_dma_wait=0 kv_transform=0
FIG8_ATTENTION_EVENT_COUNT mode=scna-fp16 qo_len=32 phase=warmup iteration=4 events=16 max_events=24896 overflow=0
FIG8_ATTENTION_HOST_TIMING mode=scna-fp16 scna_function=exp scna_kernel=direct scna_pipeline=off scna_width=16 qo_len=32 kv_len=4096 n_heads=12 n_kv_heads=2 head_dim=128 phase=measure iteration=0 host_elapsed_us=3195 ret=0
FIG8_ATTENTION_PROFILE_COUNT mode=scna-fp16 qo_len=32 phase=measure iteration=0 records=2 max_records=10
FIG8_ATTENTION_TIMERS mode=scna-fp16 scna_function=1 scna_kernel=0 scna_pipeline=0 phase=measure iteration=0 lut_exp=0 nonlinear_mode=1 scna_width=16 scna_exp=862 qo_len=32 kv_len=4096 n_heads=12 n_kv_heads=2 head_dim=128 kv_head=0 worker=0 profiled_total=1407 q_load=8 k_load=162 v_load=159 qk_dot=12 safe_sm=1042 core_acc=12 o_scale=1 o_store=11 kv_dma_issue=0 kv_dma_wait=0 kv_transform=0
FIG8_ATTENTION_TIMERS mode=scna-fp16 scna_function=1 scna_kernel=0 scna_pipeline=0 phase=measure iteration=0 lut_exp=0 nonlinear_mode=1 scna_width=16 scna_exp=862 qo_len=32 kv_len=4096 n_heads=12 n_kv_heads=2 head_dim=128 kv_head=1 worker=0 profiled_total=1420 q_load=8 k_load=185 v_load=159 qk_dot=12 safe_sm=1032 core_acc=11 o_scale=2 o_store=11 kv_dma_issue=0 kv_dma_wait=0 kv_transform=0
FIG8_ATTENTION_EVENT_COUNT mode=scna-fp16 qo_len=32 phase=measure iteration=0 events=16 max_events=24896 overflow=0
FIG8_ATTENTION_HOST_TIMING mode=scna-fp16 scna_function=exp scna_kernel=direct scna_pipeline=off scna_width=16 qo_len=32 kv_len=4096 n_heads=12 n_kv_heads=2 head_dim=128 phase=measure iteration=1 host_elapsed_us=3193 ret=0
FIG8_ATTENTION_PROFILE_COUNT mode=scna-fp16 qo_len=32 phase=measure iteration=1 records=2 max_records=10
FIG8_ATTENTION_TIMERS mode=scna-fp16 scna_function=1 scna_kernel=0 scna_pipeline=0 phase=measure iteration=1 lut_exp=0 nonlinear_mode=1 scna_width=16 scna_exp=862 qo_len=32 kv_len=4096 n_heads=12 n_kv_heads=2 head_dim=128 kv_head=0 worker=0 profiled_total=1407 q_load=8 k_load=161 v_load=158 qk_dot=12 safe_sm=1044 core_acc=12 o_scale=1 o_store=11 kv_dma_issue=0 kv_dma_wait=0 kv_transform=0
FIG8_ATTENTION_TIMERS mode=scna-fp16 scna_function=1 scna_kernel=0 scna_pipeline=0 phase=measure iteration=1 lut_exp=0 nonlinear_mode=1 scna_width=16 scna_exp=862 qo_len=32 kv_len=4096 n_heads=12 n_kv_heads=2 head_dim=128 kv_head=1 worker=0 profiled_total=1420 q_load=8 k_load=183 v_load=159 qk_dot=12 safe_sm=1034 core_acc=12 o_scale=2 o_store=10 kv_dma_issue=0 kv_dma_wait=0 kv_transform=0
FIG8_ATTENTION_EVENT_COUNT mode=scna-fp16 qo_len=32 phase=measure iteration=1 events=16 max_events=24896 overflow=0
FIG8_ATTENTION_HOST_TIMING mode=scna-fp16 scna_function=exp scna_kernel=direct scna_pipeline=off scna_width=16 qo_len=32 kv_len=4096 n_heads=12 n_kv_heads=2 head_dim=128 phase=measure iteration=2 host_elapsed_us=3258 ret=0
FIG8_ATTENTION_PROFILE_COUNT mode=scna-fp16 qo_len=32 phase=measure iteration=2 records=2 max_records=10
FIG8_ATTENTION_TIMERS mode=scna-fp16 scna_function=1 scna_kernel=0 scna_pipeline=0 phase=measure iteration=2 lut_exp=0 nonlinear_mode=1 scna_width=16 scna_exp=862 qo_len=32 kv_len=4096 n_heads=12 n_kv_heads=2 head_dim=128 kv_head=0 worker=0 profiled_total=1419 q_load=8 k_load=159 v_load=170 qk_dot=12 safe_sm=1046 core_acc=12 o_scale=1 o_store=11 kv_dma_issue=0 kv_dma_wait=0 kv_transform=0
FIG8_ATTENTION_TIMERS mode=scna-fp16 scna_function=1 scna_kernel=0 scna_pipeline=0 phase=measure iteration=2 lut_exp=0 nonlinear_mode=1 scna_width=16 scna_exp=864 qo_len=32 kv_len=4096 n_heads=12 n_kv_heads=2 head_dim=128 kv_head=1 worker=0 profiled_total=1470 q_load=8 k_load=211 v_load=167 qk_dot=12 safe_sm=1047 core_acc=12 o_scale=2 o_store=11 kv_dma_issue=0 kv_dma_wait=0 kv_transform=0
FIG8_ATTENTION_EVENT_COUNT mode=scna-fp16 qo_len=32 phase=measure iteration=2 events=16 max_events=24896 overflow=0
FIG8_ATTENTION_HOST_TIMING mode=scna-fp16 scna_function=exp scna_kernel=direct scna_pipeline=off scna_width=16 qo_len=32 kv_len=4096 n_heads=12 n_kv_heads=2 head_dim=128 phase=measure iteration=3 host_elapsed_us=3245 ret=0
FIG8_ATTENTION_PROFILE_COUNT mode=scna-fp16 qo_len=32 phase=measure iteration=3 records=2 max_records=10
FIG8_ATTENTION_TIMERS mode=scna-fp16 scna_function=1 scna_kernel=0 scna_pipeline=0 phase=measure iteration=3 lut_exp=0 nonlinear_mode=1 scna_width=16 scna_exp=864 qo_len=32 kv_len=4096 n_heads=12 n_kv_heads=2 head_dim=128 kv_head=0 worker=0 profiled_total=1438 q_load=8 k_load=175 v_load=168 qk_dot=12 safe_sm=1051 core_acc=12 o_scale=1 o_store=11 kv_dma_issue=0 kv_dma_wait=0 kv_transform=0
FIG8_ATTENTION_TIMERS mode=scna-fp16 scna_function=1 scna_kernel=0 scna_pipeline=0 phase=measure iteration=3 lut_exp=0 nonlinear_mode=1 scna_width=16 scna_exp=863 qo_len=32 kv_len=4096 n_heads=12 n_kv_heads=2 head_dim=128 kv_head=1 worker=0 profiled_total=1461 q_load=7 k_load=202 v_load=171 qk_dot=12 safe_sm=1045 core_acc=11 o_scale=2 o_store=11 kv_dma_issue=0 kv_dma_wait=0 kv_transform=0
FIG8_ATTENTION_EVENT_COUNT mode=scna-fp16 qo_len=32 phase=measure iteration=3 events=16 max_events=24896 overflow=0
FIG8_ATTENTION_HOST_TIMING mode=scna-fp16 scna_function=exp scna_kernel=direct scna_pipeline=off scna_width=16 qo_len=32 kv_len=4096 n_heads=12 n_kv_heads=2 head_dim=128 phase=measure iteration=4 host_elapsed_us=3309 ret=0
FIG8_ATTENTION_PROFILE_COUNT mode=scna-fp16 qo_len=32 phase=measure iteration=4 records=2 max_records=10
FIG8_ATTENTION_TIMERS mode=scna-fp16 scna_function=1 scna_kernel=0 scna_pipeline=0 phase=measure iteration=4 lut_exp=0 nonlinear_mode=1 scna_width=16 scna_exp=864 qo_len=32 kv_len=4096 n_heads=12 n_kv_heads=2 head_dim=128 kv_head=0 worker=0 profiled_total=1438 q_load=8 k_load=172 v_load=167 qk_dot=12 safe_sm=1055 core_acc=12 o_scale=1 o_store=11 kv_dma_issue=0 kv_dma_wait=0 kv_transform=0
FIG8_ATTENTION_TIMERS mode=scna-fp16 scna_function=1 scna_kernel=0 scna_pipeline=0 phase=measure iteration=4 lut_exp=0 nonlinear_mode=1 scna_width=16 scna_exp=864 qo_len=32 kv_len=4096 n_heads=12 n_kv_heads=2 head_dim=128 kv_head=1 worker=0 profiled_total=1469 q_load=8 k_load=212 v_load=168 qk_dot=12 safe_sm=1045 core_acc=12 o_scale=2 o_store=10 kv_dma_issue=0 kv_dma_wait=0 kv_transform=0
FIG8_ATTENTION_EVENT_COUNT mode=scna-fp16 qo_len=32 phase=measure iteration=4 events=16 max_events=24896 overflow=0
FIG8_ATTENTION_HOST_TIMING mode=scna-fp16 scna_function=exp scna_kernel=direct scna_pipeline=off scna_width=16 qo_len=32 kv_len=4096 n_heads=12 n_kv_heads=2 head_dim=128 phase=measure iteration=5 host_elapsed_us=3223 ret=0
FIG8_ATTENTION_PROFILE_COUNT mode=scna-fp16 qo_len=32 phase=measure iteration=5 records=2 max_records=10
FIG8_ATTENTION_TIMERS mode=scna-fp16 scna_function=1 scna_kernel=0 scna_pipeline=0 phase=measure iteration=5 lut_exp=0 nonlinear_mode=1 scna_width=16 scna_exp=865 qo_len=32 kv_len=4096 n_heads=12 n_kv_heads=2 head_dim=128 kv_head=0 worker=0 profiled_total=1437 q_load=8 k_load=174 v_load=166 qk_dot=12 safe_sm=1052 core_acc=13 o_scale=1 o_store=11 kv_dma_issue=0 kv_dma_wait=0 kv_transform=0
FIG8_ATTENTION_TIMERS mode=scna-fp16 scna_function=1 scna_kernel=0 scna_pipeline=0 phase=measure iteration=5 lut_exp=0 nonlinear_mode=1 scna_width=16 scna_exp=863 qo_len=32 kv_len=4096 n_heads=12 n_kv_heads=2 head_dim=128 kv_head=1 worker=0 profiled_total=1466 q_load=8 k_load=206 v_load=170 qk_dot=12 safe_sm=1046 core_acc=11 o_scale=2 o_store=11 kv_dma_issue=0 kv_dma_wait=0 kv_transform=0
FIG8_ATTENTION_EVENT_COUNT mode=scna-fp16 qo_len=32 phase=measure iteration=5 events=16 max_events=24896 overflow=0
FIG8_ATTENTION_HOST_TIMING mode=scna-fp16 scna_function=exp scna_kernel=direct scna_pipeline=off scna_width=16 qo_len=32 kv_len=4096 n_heads=12 n_kv_heads=2 head_dim=128 phase=measure iteration=6 host_elapsed_us=3305 ret=0
FIG8_ATTENTION_PROFILE_COUNT mode=scna-fp16 qo_len=32 phase=measure iteration=6 records=2 max_records=10
FIG8_ATTENTION_TIMERS mode=scna-fp16 scna_function=1 scna_kernel=0 scna_pipeline=0 phase=measure iteration=6 lut_exp=0 nonlinear_mode=1 scna_width=16 scna_exp=865 qo_len=32 kv_len=4096 n_heads=12 n_kv_heads=2 head_dim=128 kv_head=0 worker=0 profiled_total=1437 q_load=8 k_load=173 v_load=168 qk_dot=12 safe_sm=1052 core_acc=12 o_scale=1 o_store=11 kv_dma_issue=0 kv_dma_wait=0 kv_transform=0
FIG8_ATTENTION_TIMERS mode=scna-fp16 scna_function=1 scna_kernel=0 scna_pipeline=0 phase=measure iteration=6 lut_exp=0 nonlinear_mode=1 scna_width=16 scna_exp=863 qo_len=32 kv_len=4096 n_heads=12 n_kv_heads=2 head_dim=128 kv_head=1 worker=0 profiled_total=1474 q_load=8 k_load=214 v_load=164 qk_dot=12 safe_sm=1051 core_acc=12 o_scale=2 o_store=11 kv_dma_issue=0 kv_dma_wait=0 kv_transform=0
FIG8_ATTENTION_EVENT_COUNT mode=scna-fp16 qo_len=32 phase=measure iteration=6 events=16 max_events=24896 overflow=0
FIG8_ATTENTION_HOST_TIMING mode=scna-fp16 scna_function=exp scna_kernel=direct scna_pipeline=off scna_width=16 qo_len=32 kv_len=4096 n_heads=12 n_kv_heads=2 head_dim=128 phase=measure iteration=7 host_elapsed_us=3306 ret=0
FIG8_ATTENTION_PROFILE_COUNT mode=scna-fp16 qo_len=32 phase=measure iteration=7 records=2 max_records=10
FIG8_ATTENTION_TIMERS mode=scna-fp16 scna_function=1 scna_kernel=0 scna_pipeline=0 phase=measure iteration=7 lut_exp=0 nonlinear_mode=1 scna_width=16 scna_exp=865 qo_len=32 kv_len=4096 n_heads=12 n_kv_heads=2 head_dim=128 kv_head=0 worker=0 profiled_total=1440 q_load=8 k_load=175 v_load=168 qk_dot=12 safe_sm=1053 core_acc=12 o_scale=1 o_store=11 kv_dma_issue=0 kv_dma_wait=0 kv_transform=0
FIG8_ATTENTION_TIMERS mode=scna-fp16 scna_function=1 scna_kernel=0 scna_pipeline=0 phase=measure iteration=7 lut_exp=0 nonlinear_mode=1 scna_width=16 scna_exp=863 qo_len=32 kv_len=4096 n_heads=12 n_kv_heads=2 head_dim=128 kv_head=1 worker=0 profiled_total=1474 q_load=8 k_load=215 v_load=164 qk_dot=12 safe_sm=1051 core_acc=11 o_scale=2 o_store=11 kv_dma_issue=0 kv_dma_wait=0 kv_transform=0
FIG8_ATTENTION_EVENT_COUNT mode=scna-fp16 qo_len=32 phase=measure iteration=7 events=16 max_events=24896 overflow=0
FIG8_ATTENTION_HOST_TIMING mode=scna-fp16 scna_function=exp scna_kernel=direct scna_pipeline=off scna_width=16 qo_len=32 kv_len=4096 n_heads=12 n_kv_heads=2 head_dim=128 phase=measure iteration=8 host_elapsed_us=3309 ret=0
FIG8_ATTENTION_PROFILE_COUNT mode=scna-fp16 qo_len=32 phase=measure iteration=8 records=2 max_records=10
FIG8_ATTENTION_TIMERS mode=scna-fp16 scna_function=1 scna_kernel=0 scna_pipeline=0 phase=measure iteration=8 lut_exp=0 nonlinear_mode=1 scna_width=16 scna_exp=864 qo_len=32 kv_len=4096 n_heads=12 n_kv_heads=2 head_dim=128 kv_head=0 worker=0 profiled_total=1438 q_load=8 k_load=174 v_load=167 qk_dot=12 safe_sm=1053 core_acc=12 o_scale=1 o_store=11 kv_dma_issue=0 kv_dma_wait=0 kv_transform=0
FIG8_ATTENTION_TIMERS mode=scna-fp16 scna_function=1 scna_kernel=0 scna_pipeline=0 phase=measure iteration=8 lut_exp=0 nonlinear_mode=1 scna_width=16 scna_exp=863 qo_len=32 kv_len=4096 n_heads=12 n_kv_heads=2 head_dim=128 kv_head=1 worker=0 profiled_total=1469 q_load=8 k_load=214 v_load=168 qk_dot=12 safe_sm=1043 core_acc=11 o_scale=2 o_store=11 kv_dma_issue=0 kv_dma_wait=0 kv_transform=0
FIG8_ATTENTION_EVENT_COUNT mode=scna-fp16 qo_len=32 phase=measure iteration=8 events=16 max_events=24896 overflow=0
FIG8_ATTENTION_HOST_TIMING mode=scna-fp16 scna_function=exp scna_kernel=direct scna_pipeline=off scna_width=16 qo_len=32 kv_len=4096 n_heads=12 n_kv_heads=2 head_dim=128 phase=measure iteration=9 host_elapsed_us=3300 ret=0
FIG8_ATTENTION_PROFILE_COUNT mode=scna-fp16 qo_len=32 phase=measure iteration=9 records=2 max_records=10
FIG8_ATTENTION_TIMERS mode=scna-fp16 scna_function=1 scna_kernel=0 scna_pipeline=0 phase=measure iteration=9 lut_exp=0 nonlinear_mode=1 scna_width=16 scna_exp=865 qo_len=32 kv_len=4096 n_heads=12 n_kv_heads=2 head_dim=128 kv_head=0 worker=0 profiled_total=1439 q_load=8 k_load=173 v_load=167 qk_dot=12 safe_sm=1055 core_acc=12 o_scale=1 o_store=11 kv_dma_issue=0 kv_dma_wait=0 kv_transform=0
FIG8_ATTENTION_TIMERS mode=scna-fp16 scna_function=1 scna_kernel=0 scna_pipeline=0 phase=measure iteration=9 lut_exp=0 nonlinear_mode=1 scna_width=16 scna_exp=863 qo_len=32 kv_len=4096 n_heads=12 n_kv_heads=2 head_dim=128 kv_head=1 worker=0 profiled_total=1475 q_load=8 k_load=214 v_load=166 qk_dot=12 safe_sm=1050 core_acc=12 o_scale=2 o_store=11 kv_dma_issue=0 kv_dma_wait=0 kv_transform=0
FIG8_ATTENTION_EVENT_COUNT mode=scna-fp16 qo_len=32 phase=measure iteration=9 events=16 max_events=24896 overflow=0
FIG8_ATTENTION_HOST_TIMING mode=scna-fp16 scna_function=exp scna_kernel=direct scna_pipeline=off scna_width=16 qo_len=32 kv_len=4096 n_heads=12 n_kv_heads=2 head_dim=128 phase=measure iteration=10 host_elapsed_us=3282 ret=0
FIG8_ATTENTION_PROFILE_COUNT mode=scna-fp16 qo_len=32 phase=measure iteration=10 records=2 max_records=10
FIG8_ATTENTION_TIMERS mode=scna-fp16 scna_function=1 scna_kernel=0 scna_pipeline=0 phase=measure iteration=10 lut_exp=0 nonlinear_mode=1 scna_width=16 scna_exp=865 qo_len=32 kv_len=4096 n_heads=12 n_kv_heads=2 head_dim=128 kv_head=0 worker=0 profiled_total=1443 q_load=8 k_load=173 v_load=172 qk_dot=12 safe_sm=1054 core_acc=12 o_scale=1 o_store=11 kv_dma_issue=0 kv_dma_wait=0 kv_transform=0
FIG8_ATTENTION_TIMERS mode=scna-fp16 scna_function=1 scna_kernel=0 scna_pipeline=0 phase=measure iteration=10 lut_exp=0 nonlinear_mode=1 scna_width=16 scna_exp=864 qo_len=32 kv_len=4096 n_heads=12 n_kv_heads=2 head_dim=128 kv_head=1 worker=0 profiled_total=1469 q_load=8 k_load=213 v_load=166 qk_dot=12 safe_sm=1045 core_acc=12 o_scale=2 o_store=11 kv_dma_issue=0 kv_dma_wait=0 kv_transform=0
FIG8_ATTENTION_EVENT_COUNT mode=scna-fp16 qo_len=32 phase=measure iteration=10 events=16 max_events=24896 overflow=0
FIG8_ATTENTION_HOST_TIMING mode=scna-fp16 scna_function=exp scna_kernel=direct scna_pipeline=off scna_width=16 qo_len=32 kv_len=4096 n_heads=12 n_kv_heads=2 head_dim=128 phase=measure iteration=11 host_elapsed_us=3253 ret=0
FIG8_ATTENTION_PROFILE_COUNT mode=scna-fp16 qo_len=32 phase=measure iteration=11 records=2 max_records=10
FIG8_ATTENTION_TIMERS mode=scna-fp16 scna_function=1 scna_kernel=0 scna_pipeline=0 phase=measure iteration=11 lut_exp=0 nonlinear_mode=1 scna_width=16 scna_exp=864 qo_len=32 kv_len=4096 n_heads=12 n_kv_heads=2 head_dim=128 kv_head=0 worker=0 profiled_total=1434 q_load=7 k_load=173 v_load=165 qk_dot=12 safe_sm=1053 core_acc=12 o_scale=1 o_store=11 kv_dma_issue=0 kv_dma_wait=0 kv_transform=0
FIG8_ATTENTION_TIMERS mode=scna-fp16 scna_function=1 scna_kernel=0 scna_pipeline=0 phase=measure iteration=11 lut_exp=0 nonlinear_mode=1 scna_width=16 scna_exp=863 qo_len=32 kv_len=4096 n_heads=12 n_kv_heads=2 head_dim=128 kv_head=1 worker=0 profiled_total=1463 q_load=8 k_load=207 v_load=170 qk_dot=12 safe_sm=1042 core_acc=11 o_scale=2 o_store=11 kv_dma_issue=0 kv_dma_wait=0 kv_transform=0
FIG8_ATTENTION_EVENT_COUNT mode=scna-fp16 qo_len=32 phase=measure iteration=11 events=16 max_events=24896 overflow=0
FIG8_ATTENTION_HOST_TIMING mode=scna-fp16 scna_function=exp scna_kernel=direct scna_pipeline=off scna_width=16 qo_len=32 kv_len=4096 n_heads=12 n_kv_heads=2 head_dim=128 phase=measure iteration=12 host_elapsed_us=3303 ret=0
FIG8_ATTENTION_PROFILE_COUNT mode=scna-fp16 qo_len=32 phase=measure iteration=12 records=2 max_records=10
FIG8_ATTENTION_TIMERS mode=scna-fp16 scna_function=1 scna_kernel=0 scna_pipeline=0 phase=measure iteration=12 lut_exp=0 nonlinear_mode=1 scna_width=16 scna_exp=864 qo_len=32 kv_len=4096 n_heads=12 n_kv_heads=2 head_dim=128 kv_head=0 worker=0 profiled_total=1432 q_load=8 k_load=173 v_load=167 qk_dot=12 safe_sm=1048 core_acc=12 o_scale=1 o_store=11 kv_dma_issue=0 kv_dma_wait=0 kv_transform=0
FIG8_ATTENTION_TIMERS mode=scna-fp16 scna_function=1 scna_kernel=0 scna_pipeline=0 phase=measure iteration=12 lut_exp=0 nonlinear_mode=1 scna_width=16 scna_exp=863 qo_len=32 kv_len=4096 n_heads=12 n_kv_heads=2 head_dim=128 kv_head=1 worker=0 profiled_total=1464 q_load=8 k_load=210 v_load=168 qk_dot=12 safe_sm=1042 core_acc=11 o_scale=2 o_store=11 kv_dma_issue=0 kv_dma_wait=0 kv_transform=0
FIG8_ATTENTION_EVENT_COUNT mode=scna-fp16 qo_len=32 phase=measure iteration=12 events=16 max_events=24896 overflow=0
FIG8_ATTENTION_HOST_TIMING mode=scna-fp16 scna_function=exp scna_kernel=direct scna_pipeline=off scna_width=16 qo_len=32 kv_len=4096 n_heads=12 n_kv_heads=2 head_dim=128 phase=measure iteration=13 host_elapsed_us=3296 ret=0
FIG8_ATTENTION_PROFILE_COUNT mode=scna-fp16 qo_len=32 phase=measure iteration=13 records=2 max_records=10
FIG8_ATTENTION_TIMERS mode=scna-fp16 scna_function=1 scna_kernel=0 scna_pipeline=0 phase=measure iteration=13 lut_exp=0 nonlinear_mode=1 scna_width=16 scna_exp=864 qo_len=32 kv_len=4096 n_heads=12 n_kv_heads=2 head_dim=128 kv_head=0 worker=0 profiled_total=1430 q_load=8 k_load=171 v_load=165 qk_dot=12 safe_sm=1050 core_acc=12 o_scale=1 o_store=11 kv_dma_issue=0 kv_dma_wait=0 kv_transform=0
FIG8_ATTENTION_TIMERS mode=scna-fp16 scna_function=1 scna_kernel=0 scna_pipeline=0 phase=measure iteration=13 lut_exp=0 nonlinear_mode=1 scna_width=16 scna_exp=863 qo_len=32 kv_len=4096 n_heads=12 n_kv_heads=2 head_dim=128 kv_head=1 worker=0 profiled_total=1471 q_load=8 k_load=213 v_load=166 qk_dot=12 safe_sm=1048 core_acc=11 o_scale=2 o_store=11 kv_dma_issue=0 kv_dma_wait=0 kv_transform=0
FIG8_ATTENTION_EVENT_COUNT mode=scna-fp16 qo_len=32 phase=measure iteration=13 events=16 max_events=24896 overflow=0
FIG8_ATTENTION_HOST_TIMING mode=scna-fp16 scna_function=exp scna_kernel=direct scna_pipeline=off scna_width=16 qo_len=32 kv_len=4096 n_heads=12 n_kv_heads=2 head_dim=128 phase=measure iteration=14 host_elapsed_us=3206 ret=0
FIG8_ATTENTION_PROFILE_COUNT mode=scna-fp16 qo_len=32 phase=measure iteration=14 records=2 max_records=10
FIG8_ATTENTION_TIMERS mode=scna-fp16 scna_function=1 scna_kernel=0 scna_pipeline=0 phase=measure iteration=14 lut_exp=0 nonlinear_mode=1 scna_width=16 scna_exp=864 qo_len=32 kv_len=4096 n_heads=12 n_kv_heads=2 head_dim=128 kv_head=0 worker=0 profiled_total=1431 q_load=8 k_load=171 v_load=166 qk_dot=12 safe_sm=1050 core_acc=12 o_scale=1 o_store=11 kv_dma_issue=0 kv_dma_wait=0 kv_transform=0
FIG8_ATTENTION_TIMERS mode=scna-fp16 scna_function=1 scna_kernel=0 scna_pipeline=0 phase=measure iteration=14 lut_exp=0 nonlinear_mode=1 scna_width=16 scna_exp=863 qo_len=32 kv_len=4096 n_heads=12 n_kv_heads=2 head_dim=128 kv_head=1 worker=0 profiled_total=1464 q_load=8 k_load=204 v_load=170 qk_dot=12 safe_sm=1045 core_acc=12 o_scale=2 o_store=11 kv_dma_issue=0 kv_dma_wait=0 kv_transform=0
FIG8_ATTENTION_EVENT_COUNT mode=scna-fp16 qo_len=32 phase=measure iteration=14 events=16 max_events=24896 overflow=0
FIG8_ATTENTION_HOST_TIMING mode=scna-fp16 scna_function=exp scna_kernel=direct scna_pipeline=off scna_width=16 qo_len=32 kv_len=4096 n_heads=12 n_kv_heads=2 head_dim=128 phase=measure iteration=15 host_elapsed_us=3179 ret=0
FIG8_ATTENTION_PROFILE_COUNT mode=scna-fp16 qo_len=32 phase=measure iteration=15 records=2 max_records=10
FIG8_ATTENTION_TIMERS mode=scna-fp16 scna_function=1 scna_kernel=0 scna_pipeline=0 phase=measure iteration=15 lut_exp=0 nonlinear_mode=1 scna_width=16 scna_exp=864 qo_len=32 kv_len=4096 n_heads=12 n_kv_heads=2 head_dim=128 kv_head=0 worker=0 profiled_total=1434 q_load=8 k_load=171 v_load=166 qk_dot=12 safe_sm=1053 core_acc=12 o_scale=1 o_store=11 kv_dma_issue=0 kv_dma_wait=0 kv_transform=0
FIG8_ATTENTION_TIMERS mode=scna-fp16 scna_function=1 scna_kernel=0 scna_pipeline=0 phase=measure iteration=15 lut_exp=0 nonlinear_mode=1 scna_width=16 scna_exp=864 qo_len=32 kv_len=4096 n_heads=12 n_kv_heads=2 head_dim=128 kv_head=1 worker=0 profiled_total=1458 q_load=8 k_load=205 v_load=168 qk_dot=12 safe_sm=1041 core_acc=11 o_scale=2 o_store=11 kv_dma_issue=0 kv_dma_wait=0 kv_transform=0
FIG8_ATTENTION_EVENT_COUNT mode=scna-fp16 qo_len=32 phase=measure iteration=15 events=16 max_events=24896 overflow=0
FIG8_ATTENTION_HOST_TIMING mode=scna-fp16 scna_function=exp scna_kernel=direct scna_pipeline=off scna_width=16 qo_len=32 kv_len=4096 n_heads=12 n_kv_heads=2 head_dim=128 phase=measure iteration=16 host_elapsed_us=3227 ret=0
FIG8_ATTENTION_PROFILE_COUNT mode=scna-fp16 qo_len=32 phase=measure iteration=16 records=2 max_records=10
FIG8_ATTENTION_TIMERS mode=scna-fp16 scna_function=1 scna_kernel=0 scna_pipeline=0 phase=measure iteration=16 lut_exp=0 nonlinear_mode=1 scna_width=16 scna_exp=864 qo_len=32 kv_len=4096 n_heads=12 n_kv_heads=2 head_dim=128 kv_head=0 worker=0 profiled_total=1436 q_load=7 k_load=170 v_load=168 qk_dot=12 safe_sm=1054 core_acc=13 o_scale=1 o_store=11 kv_dma_issue=0 kv_dma_wait=0 kv_transform=0
FIG8_ATTENTION_TIMERS mode=scna-fp16 scna_function=1 scna_kernel=0 scna_pipeline=0 phase=measure iteration=16 lut_exp=0 nonlinear_mode=1 scna_width=16 scna_exp=864 qo_len=32 kv_len=4096 n_heads=12 n_kv_heads=2 head_dim=128 kv_head=1 worker=0 profiled_total=1469 q_load=8 k_load=203 v_load=171 qk_dot=12 safe_sm=1051 core_acc=11 o_scale=2 o_store=11 kv_dma_issue=0 kv_dma_wait=0 kv_transform=0
FIG8_ATTENTION_EVENT_COUNT mode=scna-fp16 qo_len=32 phase=measure iteration=16 events=16 max_events=24896 overflow=0
FIG8_ATTENTION_HOST_TIMING mode=scna-fp16 scna_function=exp scna_kernel=direct scna_pipeline=off scna_width=16 qo_len=32 kv_len=4096 n_heads=12 n_kv_heads=2 head_dim=128 phase=measure iteration=17 host_elapsed_us=3283 ret=0
FIG8_ATTENTION_PROFILE_COUNT mode=scna-fp16 qo_len=32 phase=measure iteration=17 records=2 max_records=10
FIG8_ATTENTION_TIMERS mode=scna-fp16 scna_function=1 scna_kernel=0 scna_pipeline=0 phase=measure iteration=17 lut_exp=0 nonlinear_mode=1 scna_width=16 scna_exp=863 qo_len=32 kv_len=4096 n_heads=12 n_kv_heads=2 head_dim=128 kv_head=0 worker=0 profiled_total=1438 q_load=8 k_load=171 v_load=169 qk_dot=12 safe_sm=1054 core_acc=12 o_scale=1 o_store=11 kv_dma_issue=0 kv_dma_wait=0 kv_transform=0
FIG8_ATTENTION_TIMERS mode=scna-fp16 scna_function=1 scna_kernel=0 scna_pipeline=0 phase=measure iteration=17 lut_exp=0 nonlinear_mode=1 scna_width=16 scna_exp=864 qo_len=32 kv_len=4096 n_heads=12 n_kv_heads=2 head_dim=128 kv_head=1 worker=0 profiled_total=1463 q_load=8 k_load=210 v_load=165 qk_dot=12 safe_sm=1043 core_acc=12 o_scale=2 o_store=11 kv_dma_issue=0 kv_dma_wait=0 kv_transform=0
FIG8_ATTENTION_EVENT_COUNT mode=scna-fp16 qo_len=32 phase=measure iteration=17 events=16 max_events=24896 overflow=0
FIG8_ATTENTION_HOST_TIMING mode=scna-fp16 scna_function=exp scna_kernel=direct scna_pipeline=off scna_width=16 qo_len=32 kv_len=4096 n_heads=12 n_kv_heads=2 head_dim=128 phase=measure iteration=18 host_elapsed_us=3242 ret=0
FIG8_ATTENTION_PROFILE_COUNT mode=scna-fp16 qo_len=32 phase=measure iteration=18 records=2 max_records=10
FIG8_ATTENTION_TIMERS mode=scna-fp16 scna_function=1 scna_kernel=0 scna_pipeline=0 phase=measure iteration=18 lut_exp=0 nonlinear_mode=1 scna_width=16 scna_exp=864 qo_len=32 kv_len=4096 n_heads=12 n_kv_heads=2 head_dim=128 kv_head=0 worker=0 profiled_total=1438 q_load=8 k_load=170 v_load=169 qk_dot=12 safe_sm=1055 core_acc=12 o_scale=1 o_store=11 kv_dma_issue=0 kv_dma_wait=0 kv_transform=0
FIG8_ATTENTION_TIMERS mode=scna-fp16 scna_function=1 scna_kernel=0 scna_pipeline=0 phase=measure iteration=18 lut_exp=0 nonlinear_mode=1 scna_width=16 scna_exp=863 qo_len=32 kv_len=4096 n_heads=12 n_kv_heads=2 head_dim=128 kv_head=1 worker=0 profiled_total=1461 q_load=8 k_load=203 v_load=168 qk_dot=12 safe_sm=1045 core_acc=12 o_scale=2 o_store=11 kv_dma_issue=0 kv_dma_wait=0 kv_transform=0
FIG8_ATTENTION_EVENT_COUNT mode=scna-fp16 qo_len=32 phase=measure iteration=18 events=16 max_events=24896 overflow=0
FIG8_ATTENTION_HOST_TIMING mode=scna-fp16 scna_function=exp scna_kernel=direct scna_pipeline=off scna_width=16 qo_len=32 kv_len=4096 n_heads=12 n_kv_heads=2 head_dim=128 phase=measure iteration=19 host_elapsed_us=3133 ret=0
FIG8_ATTENTION_PROFILE_COUNT mode=scna-fp16 qo_len=32 phase=measure iteration=19 records=2 max_records=10
FIG8_ATTENTION_TIMERS mode=scna-fp16 scna_function=1 scna_kernel=0 scna_pipeline=0 phase=measure iteration=19 lut_exp=0 nonlinear_mode=1 scna_width=16 scna_exp=863 qo_len=32 kv_len=4096 n_heads=12 n_kv_heads=2 head_dim=128 kv_head=0 worker=0 profiled_total=1402 q_load=8 k_load=169 v_load=145 qk_dot=12 safe_sm=1044 core_acc=12 o_scale=1 o_store=11 kv_dma_issue=0 kv_dma_wait=0 kv_transform=0
FIG8_ATTENTION_TIMERS mode=scna-fp16 scna_function=1 scna_kernel=0 scna_pipeline=0 phase=measure iteration=19 lut_exp=0 nonlinear_mode=1 scna_width=16 scna_exp=862 qo_len=32 kv_len=4096 n_heads=12 n_kv_heads=2 head_dim=128 kv_head=1 worker=0 profiled_total=1420 q_load=8 k_load=169 v_load=168 qk_dot=12 safe_sm=1039 core_acc=11 o_scale=2 o_store=11 kv_dma_issue=0 kv_dma_wait=0 kv_transform=0
FIG8_ATTENTION_EVENT_COUNT mode=scna-fp16 qo_len=32 phase=measure iteration=19 events=16 max_events=24896 overflow=0
