alloc_shared_mem_buf: buf=0x7034c9f000 fd=12 size=49152 flags=FASTRPC_MAP_FD
alloc_shared_mem_buf: buf=0x6d96800000 fd=13 size=2097152 flags=FASTRPC_MAP_FD
alloc_shared_mem_buf: buf=0x6d96600000 fd=14 size=2097152 flags=FASTRPC_MAP_FD
alloc_shared_mem_buf: buf=0x7034c93000 fd=15 size=49152 flags=FASTRPC_MAP_FD
alloc_shared_mem_buf: buf=0x7034c30000 fd=16 size=65536 flags=FASTRPC_MAP_FD
alloc_shared_mem_buf: buf=0x6d96b80000 fd=17 size=456832 flags=FASTRPC_MAP_FD
alloc_shared_mem_buf: buf=0x7034fb9000 fd=18 size=4096 flags=FASTRPC_MAP_FD
No-op channel request completed
FIG8_ATTENTION_CONFIG mode=scna-fp16 scna_function=exp2 scna_kernel=direct mask_mode=full qo_len=8 kv_len=4096 n_heads=12 n_kv_heads=2 head_dim=128 warmup=5 iters=20 scna_width=16 q_size=49152 kv_size=2097152 mask_size=65536 profile_size=456832 profile_max_records=10 profile_max_events=6320 mode_flags=4 print_events=0
FIG8_ATTENTION_HOST_TIMING mode=scna-fp16 scna_function=exp2 scna_kernel=direct scna_width=16 qo_len=8 kv_len=4096 n_heads=12 n_kv_heads=2 head_dim=128 phase=warmup iteration=0 host_elapsed_us=1558 ret=0
FIG8_ATTENTION_PROFILE_COUNT mode=scna-fp16 qo_len=8 phase=warmup iteration=0 records=2 max_records=10
FIG8_ATTENTION_TIMERS mode=scna-fp16 scna_function=0 scna_kernel=0 phase=warmup iteration=0 lut_exp=0 nonlinear_mode=1 scna_width=16 scna_exp=238 qo_len=8 kv_len=4096 n_heads=12 n_kv_heads=2 head_dim=128 kv_head=0 worker=0 profiled_total=621 q_load=3 k_load=178 v_load=137 qk_dot=4 safe_sm=287 core_acc=5 o_scale=2 o_store=5
FIG8_ATTENTION_TIMERS mode=scna-fp16 scna_function=0 scna_kernel=0 phase=warmup iteration=0 lut_exp=0 nonlinear_mode=1 scna_width=16 scna_exp=230 qo_len=8 kv_len=4096 n_heads=12 n_kv_heads=2 head_dim=128 kv_head=1 worker=0 profiled_total=587 q_load=2 k_load=158 v_load=136 qk_dot=8 safe_sm=275 core_acc=4 o_scale=1 o_store=3
FIG8_ATTENTION_EVENT_COUNT mode=scna-fp16 qo_len=8 phase=warmup iteration=0 events=16 max_events=6320 overflow=0
FIG8_ATTENTION_HOST_TIMING mode=scna-fp16 scna_function=exp2 scna_kernel=direct scna_width=16 qo_len=8 kv_len=4096 n_heads=12 n_kv_heads=2 head_dim=128 phase=warmup iteration=1 host_elapsed_us=1341 ret=0
FIG8_ATTENTION_PROFILE_COUNT mode=scna-fp16 qo_len=8 phase=warmup iteration=1 records=2 max_records=10
FIG8_ATTENTION_TIMERS mode=scna-fp16 scna_function=0 scna_kernel=0 phase=warmup iteration=1 lut_exp=0 nonlinear_mode=1 scna_width=16 scna_exp=225 qo_len=8 kv_len=4096 n_heads=12 n_kv_heads=2 head_dim=128 kv_head=0 worker=0 profiled_total=555 q_load=2 k_load=130 v_load=137 qk_dot=4 safe_sm=273 core_acc=4 o_scale=2 o_store=3
FIG8_ATTENTION_TIMERS mode=scna-fp16 scna_function=0 scna_kernel=0 phase=warmup iteration=1 lut_exp=0 nonlinear_mode=1 scna_width=16 scna_exp=226 qo_len=8 kv_len=4096 n_heads=12 n_kv_heads=2 head_dim=128 kv_head=1 worker=0 profiled_total=537 q_load=2 k_load=126 v_load=129 qk_dot=4 safe_sm=268 core_acc=4 o_scale=1 o_store=3
FIG8_ATTENTION_EVENT_COUNT mode=scna-fp16 qo_len=8 phase=warmup iteration=1 events=16 max_events=6320 overflow=0
FIG8_ATTENTION_HOST_TIMING mode=scna-fp16 scna_function=exp2 scna_kernel=direct scna_width=16 qo_len=8 kv_len=4096 n_heads=12 n_kv_heads=2 head_dim=128 phase=warmup iteration=2 host_elapsed_us=1433 ret=0
FIG8_ATTENTION_PROFILE_COUNT mode=scna-fp16 qo_len=8 phase=warmup iteration=2 records=2 max_records=10
FIG8_ATTENTION_TIMERS mode=scna-fp16 scna_function=0 scna_kernel=0 phase=warmup iteration=2 lut_exp=0 nonlinear_mode=1 scna_width=16 scna_exp=226 qo_len=8 kv_len=4096 n_heads=12 n_kv_heads=2 head_dim=128 kv_head=0 worker=0 profiled_total=563 q_load=2 k_load=144 v_load=134 qk_dot=4 safe_sm=271 core_acc=4 o_scale=1 o_store=3
FIG8_ATTENTION_TIMERS mode=scna-fp16 scna_function=0 scna_kernel=0 phase=warmup iteration=2 lut_exp=0 nonlinear_mode=1 scna_width=16 scna_exp=226 qo_len=8 kv_len=4096 n_heads=12 n_kv_heads=2 head_dim=128 kv_head=1 worker=0 profiled_total=556 q_load=2 k_load=154 v_load=121 qk_dot=4 safe_sm=267 core_acc=4 o_scale=1 o_store=3
FIG8_ATTENTION_EVENT_COUNT mode=scna-fp16 qo_len=8 phase=warmup iteration=2 events=16 max_events=6320 overflow=0
FIG8_ATTENTION_HOST_TIMING mode=scna-fp16 scna_function=exp2 scna_kernel=direct scna_width=16 qo_len=8 kv_len=4096 n_heads=12 n_kv_heads=2 head_dim=128 phase=warmup iteration=3 host_elapsed_us=1414 ret=0
FIG8_ATTENTION_PROFILE_COUNT mode=scna-fp16 qo_len=8 phase=warmup iteration=3 records=2 max_records=10
FIG8_ATTENTION_TIMERS mode=scna-fp16 scna_function=0 scna_kernel=0 phase=warmup iteration=3 lut_exp=0 nonlinear_mode=1 scna_width=16 scna_exp=225 qo_len=8 kv_len=4096 n_heads=12 n_kv_heads=2 head_dim=128 kv_head=0 worker=0 profiled_total=561 q_load=2 k_load=142 v_load=133 qk_dot=4 safe_sm=272 core_acc=4 o_scale=1 o_store=3
FIG8_ATTENTION_TIMERS mode=scna-fp16 scna_function=0 scna_kernel=0 phase=warmup iteration=3 lut_exp=0 nonlinear_mode=1 scna_width=16 scna_exp=225 qo_len=8 kv_len=4096 n_heads=12 n_kv_heads=2 head_dim=128 kv_head=1 worker=0 profiled_total=560 q_load=2 k_load=147 v_load=131 qk_dot=4 safe_sm=268 core_acc=4 o_scale=1 o_store=3
FIG8_ATTENTION_EVENT_COUNT mode=scna-fp16 qo_len=8 phase=warmup iteration=3 events=16 max_events=6320 overflow=0
FIG8_ATTENTION_HOST_TIMING mode=scna-fp16 scna_function=exp2 scna_kernel=direct scna_width=16 qo_len=8 kv_len=4096 n_heads=12 n_kv_heads=2 head_dim=128 phase=warmup iteration=4 host_elapsed_us=1412 ret=0
FIG8_ATTENTION_PROFILE_COUNT mode=scna-fp16 qo_len=8 phase=warmup iteration=4 records=2 max_records=10
FIG8_ATTENTION_TIMERS mode=scna-fp16 scna_function=0 scna_kernel=0 phase=warmup iteration=4 lut_exp=0 nonlinear_mode=1 scna_width=16 scna_exp=225 qo_len=8 kv_len=4096 n_heads=12 n_kv_heads=2 head_dim=128 kv_head=0 worker=0 profiled_total=561 q_load=3 k_load=140 v_load=135 qk_dot=4 safe_sm=271 core_acc=4 o_scale=1 o_store=3
FIG8_ATTENTION_TIMERS mode=scna-fp16 scna_function=0 scna_kernel=0 phase=warmup iteration=4 lut_exp=0 nonlinear_mode=1 scna_width=16 scna_exp=225 qo_len=8 kv_len=4096 n_heads=12 n_kv_heads=2 head_dim=128 kv_head=1 worker=0 profiled_total=556 q_load=2 k_load=143 v_load=133 qk_dot=4 safe_sm=266 core_acc=4 o_scale=1 o_store=3
FIG8_ATTENTION_EVENT_COUNT mode=scna-fp16 qo_len=8 phase=warmup iteration=4 events=16 max_events=6320 overflow=0
FIG8_ATTENTION_HOST_TIMING mode=scna-fp16 scna_function=exp2 scna_kernel=direct scna_width=16 qo_len=8 kv_len=4096 n_heads=12 n_kv_heads=2 head_dim=128 phase=measure iteration=0 host_elapsed_us=1428 ret=0
FIG8_ATTENTION_PROFILE_COUNT mode=scna-fp16 qo_len=8 phase=measure iteration=0 records=2 max_records=10
FIG8_ATTENTION_TIMERS mode=scna-fp16 scna_function=0 scna_kernel=0 phase=measure iteration=0 lut_exp=0 nonlinear_mode=1 scna_width=16 scna_exp=225 qo_len=8 kv_len=4096 n_heads=12 n_kv_heads=2 head_dim=128 kv_head=0 worker=0 profiled_total=560 q_load=2 k_load=143 v_load=132 qk_dot=4 safe_sm=271 core_acc=4 o_scale=1 o_store=3
FIG8_ATTENTION_TIMERS mode=scna-fp16 scna_function=0 scna_kernel=0 phase=measure iteration=0 lut_exp=0 nonlinear_mode=1 scna_width=16 scna_exp=224 qo_len=8 kv_len=4096 n_heads=12 n_kv_heads=2 head_dim=128 kv_head=1 worker=0 profiled_total=558 q_load=2 k_load=146 v_load=132 qk_dot=4 safe_sm=266 core_acc=4 o_scale=1 o_store=3
FIG8_ATTENTION_EVENT_COUNT mode=scna-fp16 qo_len=8 phase=measure iteration=0 events=16 max_events=6320 overflow=0
FIG8_ATTENTION_HOST_TIMING mode=scna-fp16 scna_function=exp2 scna_kernel=direct scna_width=16 qo_len=8 kv_len=4096 n_heads=12 n_kv_heads=2 head_dim=128 phase=measure iteration=1 host_elapsed_us=1434 ret=0
FIG8_ATTENTION_PROFILE_COUNT mode=scna-fp16 qo_len=8 phase=measure iteration=1 records=2 max_records=10
FIG8_ATTENTION_TIMERS mode=scna-fp16 scna_function=0 scna_kernel=0 phase=measure iteration=1 lut_exp=0 nonlinear_mode=1 scna_width=16 scna_exp=225 qo_len=8 kv_len=4096 n_heads=12 n_kv_heads=2 head_dim=128 kv_head=0 worker=0 profiled_total=558 q_load=2 k_load=141 v_load=132 qk_dot=4 safe_sm=271 core_acc=4 o_scale=1 o_store=3
FIG8_ATTENTION_TIMERS mode=scna-fp16 scna_function=0 scna_kernel=0 phase=measure iteration=1 lut_exp=0 nonlinear_mode=1 scna_width=16 scna_exp=224 qo_len=8 kv_len=4096 n_heads=12 n_kv_heads=2 head_dim=128 kv_head=1 worker=0 profiled_total=560 q_load=2 k_load=150 v_load=131 qk_dot=4 safe_sm=266 core_acc=4 o_scale=1 o_store=2
FIG8_ATTENTION_EVENT_COUNT mode=scna-fp16 qo_len=8 phase=measure iteration=1 events=16 max_events=6320 overflow=0
FIG8_ATTENTION_HOST_TIMING mode=scna-fp16 scna_function=exp2 scna_kernel=direct scna_width=16 qo_len=8 kv_len=4096 n_heads=12 n_kv_heads=2 head_dim=128 phase=measure iteration=2 host_elapsed_us=1434 ret=0
FIG8_ATTENTION_PROFILE_COUNT mode=scna-fp16 qo_len=8 phase=measure iteration=2 records=2 max_records=10
FIG8_ATTENTION_TIMERS mode=scna-fp16 scna_function=0 scna_kernel=0 phase=measure iteration=2 lut_exp=0 nonlinear_mode=1 scna_width=16 scna_exp=225 qo_len=8 kv_len=4096 n_heads=12 n_kv_heads=2 head_dim=128 kv_head=0 worker=0 profiled_total=561 q_load=2 k_load=142 v_load=133 qk_dot=4 safe_sm=272 core_acc=4 o_scale=1 o_store=3
FIG8_ATTENTION_TIMERS mode=scna-fp16 scna_function=0 scna_kernel=0 phase=measure iteration=2 lut_exp=0 nonlinear_mode=1 scna_width=16 scna_exp=225 qo_len=8 kv_len=4096 n_heads=12 n_kv_heads=2 head_dim=128 kv_head=1 worker=0 profiled_total=562 q_load=2 k_load=149 v_load=132 qk_dot=4 safe_sm=268 core_acc=4 o_scale=1 o_store=2
FIG8_ATTENTION_EVENT_COUNT mode=scna-fp16 qo_len=8 phase=measure iteration=2 events=16 max_events=6320 overflow=0
FIG8_ATTENTION_HOST_TIMING mode=scna-fp16 scna_function=exp2 scna_kernel=direct scna_width=16 qo_len=8 kv_len=4096 n_heads=12 n_kv_heads=2 head_dim=128 phase=measure iteration=3 host_elapsed_us=1428 ret=0
FIG8_ATTENTION_PROFILE_COUNT mode=scna-fp16 qo_len=8 phase=measure iteration=3 records=2 max_records=10
FIG8_ATTENTION_TIMERS mode=scna-fp16 scna_function=0 scna_kernel=0 phase=measure iteration=3 lut_exp=0 nonlinear_mode=1 scna_width=16 scna_exp=226 qo_len=8 kv_len=4096 n_heads=12 n_kv_heads=2 head_dim=128 kv_head=0 worker=0 profiled_total=558 q_load=2 k_load=139 v_load=134 qk_dot=4 safe_sm=271 core_acc=4 o_scale=1 o_store=3
FIG8_ATTENTION_TIMERS mode=scna-fp16 scna_function=0 scna_kernel=0 phase=measure iteration=3 lut_exp=0 nonlinear_mode=1 scna_width=16 scna_exp=225 qo_len=8 kv_len=4096 n_heads=12 n_kv_heads=2 head_dim=128 kv_head=1 worker=0 profiled_total=562 q_load=2 k_load=150 v_load=132 qk_dot=4 safe_sm=267 core_acc=4 o_scale=1 o_store=2
FIG8_ATTENTION_EVENT_COUNT mode=scna-fp16 qo_len=8 phase=measure iteration=3 events=16 max_events=6320 overflow=0
FIG8_ATTENTION_HOST_TIMING mode=scna-fp16 scna_function=exp2 scna_kernel=direct scna_width=16 qo_len=8 kv_len=4096 n_heads=12 n_kv_heads=2 head_dim=128 phase=measure iteration=4 host_elapsed_us=1428 ret=0
FIG8_ATTENTION_PROFILE_COUNT mode=scna-fp16 qo_len=8 phase=measure iteration=4 records=2 max_records=10
FIG8_ATTENTION_TIMERS mode=scna-fp16 scna_function=0 scna_kernel=0 phase=measure iteration=4 lut_exp=0 nonlinear_mode=1 scna_width=16 scna_exp=225 qo_len=8 kv_len=4096 n_heads=12 n_kv_heads=2 head_dim=128 kv_head=0 worker=0 profiled_total=559 q_load=2 k_load=139 v_load=133 qk_dot=4 safe_sm=273 core_acc=4 o_scale=1 o_store=3
FIG8_ATTENTION_TIMERS mode=scna-fp16 scna_function=0 scna_kernel=0 phase=measure iteration=4 lut_exp=0 nonlinear_mode=1 scna_width=16 scna_exp=224 qo_len=8 kv_len=4096 n_heads=12 n_kv_heads=2 head_dim=128 kv_head=1 worker=0 profiled_total=559 q_load=2 k_load=150 v_load=130 qk_dot=4 safe_sm=266 core_acc=4 o_scale=1 o_store=2
FIG8_ATTENTION_EVENT_COUNT mode=scna-fp16 qo_len=8 phase=measure iteration=4 events=16 max_events=6320 overflow=0
FIG8_ATTENTION_HOST_TIMING mode=scna-fp16 scna_function=exp2 scna_kernel=direct scna_width=16 qo_len=8 kv_len=4096 n_heads=12 n_kv_heads=2 head_dim=128 phase=measure iteration=5 host_elapsed_us=1430 ret=0
FIG8_ATTENTION_PROFILE_COUNT mode=scna-fp16 qo_len=8 phase=measure iteration=5 records=2 max_records=10
FIG8_ATTENTION_TIMERS mode=scna-fp16 scna_function=0 scna_kernel=0 phase=measure iteration=5 lut_exp=0 nonlinear_mode=1 scna_width=16 scna_exp=225 qo_len=8 kv_len=4096 n_heads=12 n_kv_heads=2 head_dim=128 kv_head=0 worker=0 profiled_total=551 q_load=2 k_load=138 v_load=126 qk_dot=4 safe_sm=273 core_acc=4 o_scale=1 o_store=3
FIG8_ATTENTION_TIMERS mode=scna-fp16 scna_function=0 scna_kernel=0 phase=measure iteration=5 lut_exp=0 nonlinear_mode=1 scna_width=16 scna_exp=225 qo_len=8 kv_len=4096 n_heads=12 n_kv_heads=2 head_dim=128 kv_head=1 worker=0 profiled_total=560 q_load=2 k_load=149 v_load=130 qk_dot=4 safe_sm=267 core_acc=4 o_scale=1 o_store=3
FIG8_ATTENTION_EVENT_COUNT mode=scna-fp16 qo_len=8 phase=measure iteration=5 events=16 max_events=6320 overflow=0
FIG8_ATTENTION_HOST_TIMING mode=scna-fp16 scna_function=exp2 scna_kernel=direct scna_width=16 qo_len=8 kv_len=4096 n_heads=12 n_kv_heads=2 head_dim=128 phase=measure iteration=6 host_elapsed_us=1358 ret=0
FIG8_ATTENTION_PROFILE_COUNT mode=scna-fp16 qo_len=8 phase=measure iteration=6 records=2 max_records=10
FIG8_ATTENTION_TIMERS mode=scna-fp16 scna_function=0 scna_kernel=0 phase=measure iteration=6 lut_exp=0 nonlinear_mode=1 scna_width=16 scna_exp=226 qo_len=8 kv_len=4096 n_heads=12 n_kv_heads=2 head_dim=128 kv_head=0 worker=0 profiled_total=556 q_load=2 k_load=136 v_load=133 qk_dot=4 safe_sm=273 core_acc=4 o_scale=1 o_store=3
FIG8_ATTENTION_TIMERS mode=scna-fp16 scna_function=0 scna_kernel=0 phase=measure iteration=6 lut_exp=0 nonlinear_mode=1 scna_width=16 scna_exp=225 qo_len=8 kv_len=4096 n_heads=12 n_kv_heads=2 head_dim=128 kv_head=1 worker=0 profiled_total=551 q_load=2 k_load=140 v_load=131 qk_dot=4 safe_sm=267 core_acc=3 o_scale=1 o_store=3
FIG8_ATTENTION_EVENT_COUNT mode=scna-fp16 qo_len=8 phase=measure iteration=6 events=16 max_events=6320 overflow=0
FIG8_ATTENTION_HOST_TIMING mode=scna-fp16 scna_function=exp2 scna_kernel=direct scna_width=16 qo_len=8 kv_len=4096 n_heads=12 n_kv_heads=2 head_dim=128 phase=measure iteration=7 host_elapsed_us=1364 ret=0
FIG8_ATTENTION_PROFILE_COUNT mode=scna-fp16 qo_len=8 phase=measure iteration=7 records=2 max_records=10
FIG8_ATTENTION_TIMERS mode=scna-fp16 scna_function=0 scna_kernel=0 phase=measure iteration=7 lut_exp=0 nonlinear_mode=1 scna_width=16 scna_exp=225 qo_len=8 kv_len=4096 n_heads=12 n_kv_heads=2 head_dim=128 kv_head=0 worker=0 profiled_total=555 q_load=2 k_load=141 v_load=129 qk_dot=4 safe_sm=271 core_acc=4 o_scale=1 o_store=3
FIG8_ATTENTION_TIMERS mode=scna-fp16 scna_function=0 scna_kernel=0 phase=measure iteration=7 lut_exp=0 nonlinear_mode=1 scna_width=16 scna_exp=225 qo_len=8 kv_len=4096 n_heads=12 n_kv_heads=2 head_dim=128 kv_head=1 worker=0 profiled_total=558 q_load=2 k_load=146 v_load=130 qk_dot=4 safe_sm=268 core_acc=4 o_scale=1 o_store=3
FIG8_ATTENTION_EVENT_COUNT mode=scna-fp16 qo_len=8 phase=measure iteration=7 events=16 max_events=6320 overflow=0
FIG8_ATTENTION_HOST_TIMING mode=scna-fp16 scna_function=exp2 scna_kernel=direct scna_width=16 qo_len=8 kv_len=4096 n_heads=12 n_kv_heads=2 head_dim=128 phase=measure iteration=8 host_elapsed_us=1404 ret=0
FIG8_ATTENTION_PROFILE_COUNT mode=scna-fp16 qo_len=8 phase=measure iteration=8 records=2 max_records=10
FIG8_ATTENTION_TIMERS mode=scna-fp16 scna_function=0 scna_kernel=0 phase=measure iteration=8 lut_exp=0 nonlinear_mode=1 scna_width=16 scna_exp=225 qo_len=8 kv_len=4096 n_heads=12 n_kv_heads=2 head_dim=128 kv_head=0 worker=0 profiled_total=559 q_load=2 k_load=140 v_load=134 qk_dot=4 safe_sm=271 core_acc=4 o_scale=1 o_store=3
FIG8_ATTENTION_TIMERS mode=scna-fp16 scna_function=0 scna_kernel=0 phase=measure iteration=8 lut_exp=0 nonlinear_mode=1 scna_width=16 scna_exp=224 qo_len=8 kv_len=4096 n_heads=12 n_kv_heads=2 head_dim=128 kv_head=1 worker=0 profiled_total=582 q_load=2 k_load=157 v_load=143 qk_dot=4 safe_sm=269 core_acc=4 o_scale=1 o_store=2
FIG8_ATTENTION_EVENT_COUNT mode=scna-fp16 qo_len=8 phase=measure iteration=8 events=16 max_events=6320 overflow=0
FIG8_ATTENTION_HOST_TIMING mode=scna-fp16 scna_function=exp2 scna_kernel=direct scna_width=16 qo_len=8 kv_len=4096 n_heads=12 n_kv_heads=2 head_dim=128 phase=measure iteration=9 host_elapsed_us=1397 ret=0
FIG8_ATTENTION_PROFILE_COUNT mode=scna-fp16 qo_len=8 phase=measure iteration=9 records=2 max_records=10
FIG8_ATTENTION_TIMERS mode=scna-fp16 scna_function=0 scna_kernel=0 phase=measure iteration=9 lut_exp=0 nonlinear_mode=1 scna_width=16 scna_exp=226 qo_len=8 kv_len=4096 n_heads=12 n_kv_heads=2 head_dim=128 kv_head=0 worker=0 profiled_total=569 q_load=2 k_load=140 v_load=143 qk_dot=4 safe_sm=272 core_acc=4 o_scale=1 o_store=3
FIG8_ATTENTION_TIMERS mode=scna-fp16 scna_function=0 scna_kernel=0 phase=measure iteration=9 lut_exp=0 nonlinear_mode=1 scna_width=16 scna_exp=225 qo_len=8 kv_len=4096 n_heads=12 n_kv_heads=2 head_dim=128 kv_head=1 worker=0 profiled_total=582 q_load=2 k_load=158 v_load=140 qk_dot=4 safe_sm=270 core_acc=4 o_scale=1 o_store=3
FIG8_ATTENTION_EVENT_COUNT mode=scna-fp16 qo_len=8 phase=measure iteration=9 events=16 max_events=6320 overflow=0
FIG8_ATTENTION_HOST_TIMING mode=scna-fp16 scna_function=exp2 scna_kernel=direct scna_width=16 qo_len=8 kv_len=4096 n_heads=12 n_kv_heads=2 head_dim=128 phase=measure iteration=10 host_elapsed_us=1394 ret=0
FIG8_ATTENTION_PROFILE_COUNT mode=scna-fp16 qo_len=8 phase=measure iteration=10 records=2 max_records=10
FIG8_ATTENTION_TIMERS mode=scna-fp16 scna_function=0 scna_kernel=0 phase=measure iteration=10 lut_exp=0 nonlinear_mode=1 scna_width=16 scna_exp=225 qo_len=8 kv_len=4096 n_heads=12 n_kv_heads=2 head_dim=128 kv_head=0 worker=0 profiled_total=566 q_load=2 k_load=146 v_load=133 qk_dot=4 safe_sm=273 core_acc=4 o_scale=1 o_store=3
FIG8_ATTENTION_TIMERS mode=scna-fp16 scna_function=0 scna_kernel=0 phase=measure iteration=10 lut_exp=0 nonlinear_mode=1 scna_width=16 scna_exp=224 qo_len=8 kv_len=4096 n_heads=12 n_kv_heads=2 head_dim=128 kv_head=1 worker=0 profiled_total=584 q_load=2 k_load=159 v_load=142 qk_dot=4 safe_sm=269 core_acc=4 o_scale=1 o_store=3
FIG8_ATTENTION_EVENT_COUNT mode=scna-fp16 qo_len=8 phase=measure iteration=10 events=16 max_events=6320 overflow=0
FIG8_ATTENTION_HOST_TIMING mode=scna-fp16 scna_function=exp2 scna_kernel=direct scna_width=16 qo_len=8 kv_len=4096 n_heads=12 n_kv_heads=2 head_dim=128 phase=measure iteration=11 host_elapsed_us=1394 ret=0
FIG8_ATTENTION_PROFILE_COUNT mode=scna-fp16 qo_len=8 phase=measure iteration=11 records=2 max_records=10
FIG8_ATTENTION_TIMERS mode=scna-fp16 scna_function=0 scna_kernel=0 phase=measure iteration=11 lut_exp=0 nonlinear_mode=1 scna_width=16 scna_exp=226 qo_len=8 kv_len=4096 n_heads=12 n_kv_heads=2 head_dim=128 kv_head=0 worker=0 profiled_total=565 q_load=2 k_load=141 v_load=136 qk_dot=4 safe_sm=274 core_acc=4 o_scale=1 o_store=3
FIG8_ATTENTION_TIMERS mode=scna-fp16 scna_function=0 scna_kernel=0 phase=measure iteration=11 lut_exp=0 nonlinear_mode=1 scna_width=16 scna_exp=225 qo_len=8 kv_len=4096 n_heads=12 n_kv_heads=2 head_dim=128 kv_head=1 worker=0 profiled_total=581 q_load=2 k_load=158 v_load=140 qk_dot=4 safe_sm=269 core_acc=4 o_scale=1 o_store=3
FIG8_ATTENTION_EVENT_COUNT mode=scna-fp16 qo_len=8 phase=measure iteration=11 events=16 max_events=6320 overflow=0
FIG8_ATTENTION_HOST_TIMING mode=scna-fp16 scna_function=exp2 scna_kernel=direct scna_width=16 qo_len=8 kv_len=4096 n_heads=12 n_kv_heads=2 head_dim=128 phase=measure iteration=12 host_elapsed_us=1392 ret=0
FIG8_ATTENTION_PROFILE_COUNT mode=scna-fp16 qo_len=8 phase=measure iteration=12 records=2 max_records=10
FIG8_ATTENTION_TIMERS mode=scna-fp16 scna_function=0 scna_kernel=0 phase=measure iteration=12 lut_exp=0 nonlinear_mode=1 scna_width=16 scna_exp=225 qo_len=8 kv_len=4096 n_heads=12 n_kv_heads=2 head_dim=128 kv_head=0 worker=0 profiled_total=566 q_load=2 k_load=145 v_load=134 qk_dot=4 safe_sm=274 core_acc=3 o_scale=1 o_store=3
FIG8_ATTENTION_TIMERS mode=scna-fp16 scna_function=0 scna_kernel=0 phase=measure iteration=12 lut_exp=0 nonlinear_mode=1 scna_width=16 scna_exp=225 qo_len=8 kv_len=4096 n_heads=12 n_kv_heads=2 head_dim=128 kv_head=1 worker=0 profiled_total=565 q_load=2 k_load=160 v_load=128 qk_dot=4 safe_sm=265 core_acc=3 o_scale=0 o_store=3
FIG8_ATTENTION_EVENT_COUNT mode=scna-fp16 qo_len=8 phase=measure iteration=12 events=16 max_events=6320 overflow=0
FIG8_ATTENTION_HOST_TIMING mode=scna-fp16 scna_function=exp2 scna_kernel=direct scna_width=16 qo_len=8 kv_len=4096 n_heads=12 n_kv_heads=2 head_dim=128 phase=measure iteration=13 host_elapsed_us=1457 ret=0
FIG8_ATTENTION_PROFILE_COUNT mode=scna-fp16 qo_len=8 phase=measure iteration=13 records=2 max_records=10
FIG8_ATTENTION_TIMERS mode=scna-fp16 scna_function=0 scna_kernel=0 phase=measure iteration=13 lut_exp=0 nonlinear_mode=1 scna_width=16 scna_exp=226 qo_len=8 kv_len=4096 n_heads=12 n_kv_heads=2 head_dim=128 kv_head=0 worker=0 profiled_total=551 q_load=2 k_load=134 v_load=130 qk_dot=4 safe_sm=273 core_acc=4 o_scale=1 o_store=3
FIG8_ATTENTION_TIMERS mode=scna-fp16 scna_function=0 scna_kernel=0 phase=measure iteration=13 lut_exp=0 nonlinear_mode=1 scna_width=16 scna_exp=225 qo_len=8 kv_len=4096 n_heads=12 n_kv_heads=2 head_dim=128 kv_head=1 worker=0 profiled_total=581 q_load=2 k_load=160 v_load=139 qk_dot=4 safe_sm=268 core_acc=4 o_scale=1 o_store=3
FIG8_ATTENTION_EVENT_COUNT mode=scna-fp16 qo_len=8 phase=measure iteration=13 events=16 max_events=6320 overflow=0
FIG8_ATTENTION_HOST_TIMING mode=scna-fp16 scna_function=exp2 scna_kernel=direct scna_width=16 qo_len=8 kv_len=4096 n_heads=12 n_kv_heads=2 head_dim=128 phase=measure iteration=14 host_elapsed_us=1360 ret=0
FIG8_ATTENTION_PROFILE_COUNT mode=scna-fp16 qo_len=8 phase=measure iteration=14 records=2 max_records=10
FIG8_ATTENTION_TIMERS mode=scna-fp16 scna_function=0 scna_kernel=0 phase=measure iteration=14 lut_exp=0 nonlinear_mode=1 scna_width=16 scna_exp=225 qo_len=8 kv_len=4096 n_heads=12 n_kv_heads=2 head_dim=128 kv_head=0 worker=0 profiled_total=552 q_load=2 k_load=139 v_load=127 qk_dot=4 safe_sm=272 core_acc=4 o_scale=1 o_store=3
FIG8_ATTENTION_TIMERS mode=scna-fp16 scna_function=0 scna_kernel=0 phase=measure iteration=14 lut_exp=0 nonlinear_mode=1 scna_width=16 scna_exp=225 qo_len=8 kv_len=4096 n_heads=12 n_kv_heads=2 head_dim=128 kv_head=1 worker=0 profiled_total=566 q_load=2 k_load=146 v_load=137 qk_dot=4 safe_sm=269 core_acc=4 o_scale=1 o_store=3
FIG8_ATTENTION_EVENT_COUNT mode=scna-fp16 qo_len=8 phase=measure iteration=14 events=16 max_events=6320 overflow=0
FIG8_ATTENTION_HOST_TIMING mode=scna-fp16 scna_function=exp2 scna_kernel=direct scna_width=16 qo_len=8 kv_len=4096 n_heads=12 n_kv_heads=2 head_dim=128 phase=measure iteration=15 host_elapsed_us=1484 ret=0
FIG8_ATTENTION_PROFILE_COUNT mode=scna-fp16 qo_len=8 phase=measure iteration=15 records=2 max_records=10
FIG8_ATTENTION_TIMERS mode=scna-fp16 scna_function=0 scna_kernel=0 phase=measure iteration=15 lut_exp=0 nonlinear_mode=1 scna_width=16 scna_exp=226 qo_len=8 kv_len=4096 n_heads=12 n_kv_heads=2 head_dim=128 kv_head=0 worker=0 profiled_total=564 q_load=2 k_load=136 v_load=141 qk_dot=4 safe_sm=273 core_acc=4 o_scale=1 o_store=3
FIG8_ATTENTION_TIMERS mode=scna-fp16 scna_function=0 scna_kernel=0 phase=measure iteration=15 lut_exp=0 nonlinear_mode=1 scna_width=16 scna_exp=225 qo_len=8 kv_len=4096 n_heads=12 n_kv_heads=2 head_dim=128 kv_head=1 worker=0 profiled_total=578 q_load=2 k_load=156 v_load=139 qk_dot=4 safe_sm=269 core_acc=4 o_scale=1 o_store=3
FIG8_ATTENTION_EVENT_COUNT mode=scna-fp16 qo_len=8 phase=measure iteration=15 events=16 max_events=6320 overflow=0
FIG8_ATTENTION_HOST_TIMING mode=scna-fp16 scna_function=exp2 scna_kernel=direct scna_width=16 qo_len=8 kv_len=4096 n_heads=12 n_kv_heads=2 head_dim=128 phase=measure iteration=16 host_elapsed_us=1403 ret=0
FIG8_ATTENTION_PROFILE_COUNT mode=scna-fp16 qo_len=8 phase=measure iteration=16 records=2 max_records=10
FIG8_ATTENTION_TIMERS mode=scna-fp16 scna_function=0 scna_kernel=0 phase=measure iteration=16 lut_exp=0 nonlinear_mode=1 scna_width=16 scna_exp=225 qo_len=8 kv_len=4096 n_heads=12 n_kv_heads=2 head_dim=128 kv_head=0 worker=0 profiled_total=557 q_load=2 k_load=139 v_load=133 qk_dot=4 safe_sm=272 core_acc=3 o_scale=1 o_store=3
FIG8_ATTENTION_TIMERS mode=scna-fp16 scna_function=0 scna_kernel=0 phase=measure iteration=16 lut_exp=0 nonlinear_mode=1 scna_width=16 scna_exp=225 qo_len=8 kv_len=4096 n_heads=12 n_kv_heads=2 head_dim=128 kv_head=1 worker=0 profiled_total=582 q_load=2 k_load=155 v_load=144 qk_dot=4 safe_sm=269 core_acc=4 o_scale=1 o_store=3
FIG8_ATTENTION_EVENT_COUNT mode=scna-fp16 qo_len=8 phase=measure iteration=16 events=16 max_events=6320 overflow=0
FIG8_ATTENTION_HOST_TIMING mode=scna-fp16 scna_function=exp2 scna_kernel=direct scna_width=16 qo_len=8 kv_len=4096 n_heads=12 n_kv_heads=2 head_dim=128 phase=measure iteration=17 host_elapsed_us=1411 ret=0
FIG8_ATTENTION_PROFILE_COUNT mode=scna-fp16 qo_len=8 phase=measure iteration=17 records=2 max_records=10
FIG8_ATTENTION_TIMERS mode=scna-fp16 scna_function=0 scna_kernel=0 phase=measure iteration=17 lut_exp=0 nonlinear_mode=1 scna_width=16 scna_exp=225 qo_len=8 kv_len=4096 n_heads=12 n_kv_heads=2 head_dim=128 kv_head=0 worker=0 profiled_total=563 q_load=2 k_load=142 v_load=135 qk_dot=4 safe_sm=272 core_acc=4 o_scale=1 o_store=3
FIG8_ATTENTION_TIMERS mode=scna-fp16 scna_function=0 scna_kernel=0 phase=measure iteration=17 lut_exp=0 nonlinear_mode=1 scna_width=16 scna_exp=225 qo_len=8 kv_len=4096 n_heads=12 n_kv_heads=2 head_dim=128 kv_head=1 worker=0 profiled_total=579 q_load=2 k_load=153 v_load=143 qk_dot=4 safe_sm=269 core_acc=4 o_scale=1 o_store=3
FIG8_ATTENTION_EVENT_COUNT mode=scna-fp16 qo_len=8 phase=measure iteration=17 events=16 max_events=6320 overflow=0
FIG8_ATTENTION_HOST_TIMING mode=scna-fp16 scna_function=exp2 scna_kernel=direct scna_width=16 qo_len=8 kv_len=4096 n_heads=12 n_kv_heads=2 head_dim=128 phase=measure iteration=18 host_elapsed_us=1445 ret=0
FIG8_ATTENTION_PROFILE_COUNT mode=scna-fp16 qo_len=8 phase=measure iteration=18 records=2 max_records=10
FIG8_ATTENTION_TIMERS mode=scna-fp16 scna_function=0 scna_kernel=0 phase=measure iteration=18 lut_exp=0 nonlinear_mode=1 scna_width=16 scna_exp=226 qo_len=8 kv_len=4096 n_heads=12 n_kv_heads=2 head_dim=128 kv_head=0 worker=0 profiled_total=563 q_load=2 k_load=143 v_load=135 qk_dot=4 safe_sm=271 core_acc=4 o_scale=1 o_store=3
FIG8_ATTENTION_TIMERS mode=scna-fp16 scna_function=0 scna_kernel=0 phase=measure iteration=18 lut_exp=0 nonlinear_mode=1 scna_width=16 scna_exp=225 qo_len=8 kv_len=4096 n_heads=12 n_kv_heads=2 head_dim=128 kv_head=1 worker=0 profiled_total=580 q_load=2 k_load=155 v_load=140 qk_dot=4 safe_sm=271 core_acc=4 o_scale=1 o_store=3
FIG8_ATTENTION_EVENT_COUNT mode=scna-fp16 qo_len=8 phase=measure iteration=18 events=16 max_events=6320 overflow=0
FIG8_ATTENTION_HOST_TIMING mode=scna-fp16 scna_function=exp2 scna_kernel=direct scna_width=16 qo_len=8 kv_len=4096 n_heads=12 n_kv_heads=2 head_dim=128 phase=measure iteration=19 host_elapsed_us=1428 ret=0
FIG8_ATTENTION_PROFILE_COUNT mode=scna-fp16 qo_len=8 phase=measure iteration=19 records=2 max_records=10
FIG8_ATTENTION_TIMERS mode=scna-fp16 scna_function=0 scna_kernel=0 phase=measure iteration=19 lut_exp=0 nonlinear_mode=1 scna_width=16 scna_exp=225 qo_len=8 kv_len=4096 n_heads=12 n_kv_heads=2 head_dim=128 kv_head=0 worker=0 profiled_total=568 q_load=3 k_load=140 v_load=140 qk_dot=4 safe_sm=273 core_acc=4 o_scale=1 o_store=3
FIG8_ATTENTION_TIMERS mode=scna-fp16 scna_function=0 scna_kernel=0 phase=measure iteration=19 lut_exp=0 nonlinear_mode=1 scna_width=16 scna_exp=225 qo_len=8 kv_len=4096 n_heads=12 n_kv_heads=2 head_dim=128 kv_head=1 worker=0 profiled_total=574 q_load=2 k_load=152 v_load=137 qk_dot=4 safe_sm=271 core_acc=4 o_scale=1 o_store=3
FIG8_ATTENTION_EVENT_COUNT mode=scna-fp16 qo_len=8 phase=measure iteration=19 events=16 max_events=6320 overflow=0
