alloc_shared_mem_buf: buf=0x70d9450000 fd=12 size=98304 flags=FASTRPC_MAP_FD
alloc_shared_mem_buf: buf=0x6e3e800000 fd=13 size=2097152 flags=FASTRPC_MAP_FD
alloc_shared_mem_buf: buf=0x6e3e600000 fd=14 size=2097152 flags=FASTRPC_MAP_FD
alloc_shared_mem_buf: buf=0x70d9430000 fd=15 size=98304 flags=FASTRPC_MAP_FD
alloc_shared_mem_buf: buf=0x70d9410000 fd=16 size=131072 flags=FASTRPC_MAP_FD
alloc_shared_mem_buf: buf=0x6e3ea90000 fd=17 size=902656 flags=FASTRPC_MAP_FD
alloc_shared_mem_buf: buf=0x70dbd3e000 fd=18 size=4096 flags=FASTRPC_MAP_FD
No-op channel request completed
FIG8_ATTENTION_CONFIG mode=scna-int8 scna_function=exp2 scna_kernel=tree mask_mode=full qo_len=16 kv_len=4096 n_heads=12 n_kv_heads=2 head_dim=128 warmup=5 iters=20 scna_width=8 q_size=98304 kv_size=2097152 mask_size=131072 profile_size=902656 profile_max_records=10 profile_max_events=12512 mode_flags=1048 print_events=0
FIG8_ATTENTION_HOST_TIMING mode=scna-int8 scna_function=exp2 scna_kernel=tree scna_width=8 qo_len=16 kv_len=4096 n_heads=12 n_kv_heads=2 head_dim=128 phase=warmup iteration=0 host_elapsed_us=1817 ret=0
FIG8_ATTENTION_PROFILE_COUNT mode=scna-int8 qo_len=16 phase=warmup iteration=0 records=2 max_records=10
FIG8_ATTENTION_TIMERS mode=scna-int8 scna_function=0 scna_kernel=1 phase=warmup iteration=0 lut_exp=0 nonlinear_mode=2 scna_width=8 scna_exp=352 qo_len=16 kv_len=4096 n_heads=12 n_kv_heads=2 head_dim=128 kv_head=0 worker=0 profiled_total=821 q_load=5 k_load=189 v_load=156 qk_dot=6 safe_sm=448 core_acc=6 o_scale=3 o_store=8
FIG8_ATTENTION_TIMERS mode=scna-int8 scna_function=0 scna_kernel=1 phase=warmup iteration=0 lut_exp=0 nonlinear_mode=2 scna_width=8 scna_exp=351 qo_len=16 kv_len=4096 n_heads=12 n_kv_heads=2 head_dim=128 kv_head=1 worker=0 profiled_total=683 q_load=4 k_load=68 v_load=154 qk_dot=6 safe_sm=439 core_acc=6 o_scale=1 o_store=5
FIG8_ATTENTION_EVENT_COUNT mode=scna-int8 qo_len=16 phase=warmup iteration=0 events=16 max_events=12512 overflow=0
FIG8_ATTENTION_HOST_TIMING mode=scna-int8 scna_function=exp2 scna_kernel=tree scna_width=8 qo_len=16 kv_len=4096 n_heads=12 n_kv_heads=2 head_dim=128 phase=warmup iteration=1 host_elapsed_us=1797 ret=0
FIG8_ATTENTION_PROFILE_COUNT mode=scna-int8 qo_len=16 phase=warmup iteration=1 records=2 max_records=10
FIG8_ATTENTION_TIMERS mode=scna-int8 scna_function=0 scna_kernel=1 phase=warmup iteration=1 lut_exp=0 nonlinear_mode=2 scna_width=8 scna_exp=344 qo_len=16 kv_len=4096 n_heads=12 n_kv_heads=2 head_dim=128 kv_head=0 worker=0 profiled_total=729 q_load=4 k_load=139 v_load=136 qk_dot=6 safe_sm=432 core_acc=6 o_scale=1 o_store=5
FIG8_ATTENTION_TIMERS mode=scna-int8 scna_function=0 scna_kernel=1 phase=warmup iteration=1 lut_exp=0 nonlinear_mode=2 scna_width=8 scna_exp=345 qo_len=16 kv_len=4096 n_heads=12 n_kv_heads=2 head_dim=128 kv_head=1 worker=0 profiled_total=764 q_load=4 k_load=163 v_load=153 qk_dot=6 safe_sm=426 core_acc=6 o_scale=1 o_store=5
FIG8_ATTENTION_EVENT_COUNT mode=scna-int8 qo_len=16 phase=warmup iteration=1 events=16 max_events=12512 overflow=0
FIG8_ATTENTION_HOST_TIMING mode=scna-int8 scna_function=exp2 scna_kernel=tree scna_width=8 qo_len=16 kv_len=4096 n_heads=12 n_kv_heads=2 head_dim=128 phase=warmup iteration=2 host_elapsed_us=1817 ret=0
FIG8_ATTENTION_PROFILE_COUNT mode=scna-int8 qo_len=16 phase=warmup iteration=2 records=2 max_records=10
FIG8_ATTENTION_TIMERS mode=scna-int8 scna_function=0 scna_kernel=1 phase=warmup iteration=2 lut_exp=0 nonlinear_mode=2 scna_width=8 scna_exp=344 qo_len=16 kv_len=4096 n_heads=12 n_kv_heads=2 head_dim=128 kv_head=0 worker=0 profiled_total=743 q_load=4 k_load=152 v_load=137 qk_dot=6 safe_sm=432 core_acc=6 o_scale=1 o_store=5
FIG8_ATTENTION_TIMERS mode=scna-int8 scna_function=0 scna_kernel=1 phase=warmup iteration=2 lut_exp=0 nonlinear_mode=2 scna_width=8 scna_exp=345 qo_len=16 kv_len=4096 n_heads=12 n_kv_heads=2 head_dim=128 kv_head=1 worker=0 profiled_total=767 q_load=4 k_load=168 v_load=152 qk_dot=6 safe_sm=425 core_acc=6 o_scale=1 o_store=5
FIG8_ATTENTION_EVENT_COUNT mode=scna-int8 qo_len=16 phase=warmup iteration=2 events=16 max_events=12512 overflow=0
FIG8_ATTENTION_HOST_TIMING mode=scna-int8 scna_function=exp2 scna_kernel=tree scna_width=8 qo_len=16 kv_len=4096 n_heads=12 n_kv_heads=2 head_dim=128 phase=warmup iteration=3 host_elapsed_us=1783 ret=0
FIG8_ATTENTION_PROFILE_COUNT mode=scna-int8 qo_len=16 phase=warmup iteration=3 records=2 max_records=10
FIG8_ATTENTION_TIMERS mode=scna-int8 scna_function=0 scna_kernel=1 phase=warmup iteration=3 lut_exp=0 nonlinear_mode=2 scna_width=8 scna_exp=344 qo_len=16 kv_len=4096 n_heads=12 n_kv_heads=2 head_dim=128 kv_head=0 worker=0 profiled_total=747 q_load=5 k_load=144 v_load=151 qk_dot=6 safe_sm=429 core_acc=6 o_scale=1 o_store=5
FIG8_ATTENTION_TIMERS mode=scna-int8 scna_function=0 scna_kernel=1 phase=warmup iteration=3 lut_exp=0 nonlinear_mode=2 scna_width=8 scna_exp=345 qo_len=16 kv_len=4096 n_heads=12 n_kv_heads=2 head_dim=128 kv_head=1 worker=0 profiled_total=770 q_load=4 k_load=168 v_load=153 qk_dot=6 safe_sm=426 core_acc=6 o_scale=1 o_store=6
FIG8_ATTENTION_EVENT_COUNT mode=scna-int8 qo_len=16 phase=warmup iteration=3 events=16 max_events=12512 overflow=0
FIG8_ATTENTION_HOST_TIMING mode=scna-int8 scna_function=exp2 scna_kernel=tree scna_width=8 qo_len=16 kv_len=4096 n_heads=12 n_kv_heads=2 head_dim=128 phase=warmup iteration=4 host_elapsed_us=1783 ret=0
FIG8_ATTENTION_PROFILE_COUNT mode=scna-int8 qo_len=16 phase=warmup iteration=4 records=2 max_records=10
FIG8_ATTENTION_TIMERS mode=scna-int8 scna_function=0 scna_kernel=1 phase=warmup iteration=4 lut_exp=0 nonlinear_mode=2 scna_width=8 scna_exp=344 qo_len=16 kv_len=4096 n_heads=12 n_kv_heads=2 head_dim=128 kv_head=0 worker=0 profiled_total=751 q_load=5 k_load=148 v_load=150 qk_dot=6 safe_sm=429 core_acc=6 o_scale=1 o_store=6
FIG8_ATTENTION_TIMERS mode=scna-int8 scna_function=0 scna_kernel=1 phase=warmup iteration=4 lut_exp=0 nonlinear_mode=2 scna_width=8 scna_exp=344 qo_len=16 kv_len=4096 n_heads=12 n_kv_heads=2 head_dim=128 kv_head=1 worker=0 profiled_total=762 q_load=4 k_load=159 v_load=154 qk_dot=6 safe_sm=427 core_acc=6 o_scale=1 o_store=5
FIG8_ATTENTION_EVENT_COUNT mode=scna-int8 qo_len=16 phase=warmup iteration=4 events=16 max_events=12512 overflow=0
FIG8_ATTENTION_HOST_TIMING mode=scna-int8 scna_function=exp2 scna_kernel=tree scna_width=8 qo_len=16 kv_len=4096 n_heads=12 n_kv_heads=2 head_dim=128 phase=measure iteration=0 host_elapsed_us=1778 ret=0
FIG8_ATTENTION_PROFILE_COUNT mode=scna-int8 qo_len=16 phase=measure iteration=0 records=2 max_records=10
FIG8_ATTENTION_TIMERS mode=scna-int8 scna_function=0 scna_kernel=1 phase=measure iteration=0 lut_exp=0 nonlinear_mode=2 scna_width=8 scna_exp=344 qo_len=16 kv_len=4096 n_heads=12 n_kv_heads=2 head_dim=128 kv_head=0 worker=0 profiled_total=751 q_load=5 k_load=146 v_load=152 qk_dot=6 safe_sm=431 core_acc=5 o_scale=1 o_store=5
FIG8_ATTENTION_TIMERS mode=scna-int8 scna_function=0 scna_kernel=1 phase=measure iteration=0 lut_exp=0 nonlinear_mode=2 scna_width=8 scna_exp=345 qo_len=16 kv_len=4096 n_heads=12 n_kv_heads=2 head_dim=128 kv_head=1 worker=0 profiled_total=767 q_load=4 k_load=167 v_load=151 qk_dot=6 safe_sm=427 core_acc=6 o_scale=1 o_store=5
FIG8_ATTENTION_EVENT_COUNT mode=scna-int8 qo_len=16 phase=measure iteration=0 events=16 max_events=12512 overflow=0
FIG8_ATTENTION_HOST_TIMING mode=scna-int8 scna_function=exp2 scna_kernel=tree scna_width=8 qo_len=16 kv_len=4096 n_heads=12 n_kv_heads=2 head_dim=128 phase=measure iteration=1 host_elapsed_us=1862 ret=0
FIG8_ATTENTION_PROFILE_COUNT mode=scna-int8 qo_len=16 phase=measure iteration=1 records=2 max_records=10
FIG8_ATTENTION_TIMERS mode=scna-int8 scna_function=0 scna_kernel=1 phase=measure iteration=1 lut_exp=0 nonlinear_mode=2 scna_width=8 scna_exp=344 qo_len=16 kv_len=4096 n_heads=12 n_kv_heads=2 head_dim=128 kv_head=0 worker=0 profiled_total=758 q_load=5 k_load=156 v_load=149 qk_dot=6 safe_sm=430 core_acc=6 o_scale=1 o_store=5
FIG8_ATTENTION_TIMERS mode=scna-int8 scna_function=0 scna_kernel=1 phase=measure iteration=1 lut_exp=0 nonlinear_mode=2 scna_width=8 scna_exp=344 qo_len=16 kv_len=4096 n_heads=12 n_kv_heads=2 head_dim=128 kv_head=1 worker=0 profiled_total=756 q_load=4 k_load=159 v_load=147 qk_dot=6 safe_sm=428 core_acc=6 o_scale=1 o_store=5
FIG8_ATTENTION_EVENT_COUNT mode=scna-int8 qo_len=16 phase=measure iteration=1 events=16 max_events=12512 overflow=0
FIG8_ATTENTION_HOST_TIMING mode=scna-int8 scna_function=exp2 scna_kernel=tree scna_width=8 qo_len=16 kv_len=4096 n_heads=12 n_kv_heads=2 head_dim=128 phase=measure iteration=2 host_elapsed_us=1867 ret=0
FIG8_ATTENTION_PROFILE_COUNT mode=scna-int8 qo_len=16 phase=measure iteration=2 records=2 max_records=10
FIG8_ATTENTION_TIMERS mode=scna-int8 scna_function=0 scna_kernel=1 phase=measure iteration=2 lut_exp=0 nonlinear_mode=2 scna_width=8 scna_exp=344 qo_len=16 kv_len=4096 n_heads=12 n_kv_heads=2 head_dim=128 kv_head=0 worker=0 profiled_total=750 q_load=4 k_load=145 v_load=151 qk_dot=6 safe_sm=432 core_acc=6 o_scale=1 o_store=5
FIG8_ATTENTION_TIMERS mode=scna-int8 scna_function=0 scna_kernel=1 phase=measure iteration=2 lut_exp=0 nonlinear_mode=2 scna_width=8 scna_exp=345 qo_len=16 kv_len=4096 n_heads=12 n_kv_heads=2 head_dim=128 kv_head=1 worker=0 profiled_total=795 q_load=4 k_load=165 v_load=181 qk_dot=6 safe_sm=427 core_acc=6 o_scale=1 o_store=5
FIG8_ATTENTION_EVENT_COUNT mode=scna-int8 qo_len=16 phase=measure iteration=2 events=16 max_events=12512 overflow=0
FIG8_ATTENTION_HOST_TIMING mode=scna-int8 scna_function=exp2 scna_kernel=tree scna_width=8 qo_len=16 kv_len=4096 n_heads=12 n_kv_heads=2 head_dim=128 phase=measure iteration=3 host_elapsed_us=2097 ret=0
FIG8_ATTENTION_PROFILE_COUNT mode=scna-int8 qo_len=16 phase=measure iteration=3 records=2 max_records=10
FIG8_ATTENTION_TIMERS mode=scna-int8 scna_function=0 scna_kernel=1 phase=measure iteration=3 lut_exp=0 nonlinear_mode=2 scna_width=8 scna_exp=350 qo_len=16 kv_len=4096 n_heads=12 n_kv_heads=2 head_dim=128 kv_head=0 worker=0 profiled_total=861 q_load=5 k_load=203 v_load=179 qk_dot=6 safe_sm=457 core_acc=5 o_scale=1 o_store=5
FIG8_ATTENTION_TIMERS mode=scna-int8 scna_function=0 scna_kernel=1 phase=measure iteration=3 lut_exp=0 nonlinear_mode=2 scna_width=8 scna_exp=352 qo_len=16 kv_len=4096 n_heads=12 n_kv_heads=2 head_dim=128 kv_head=1 worker=0 profiled_total=875 q_load=3 k_load=213 v_load=185 qk_dot=6 safe_sm=457 core_acc=5 o_scale=1 o_store=5
FIG8_ATTENTION_EVENT_COUNT mode=scna-int8 qo_len=16 phase=measure iteration=3 events=16 max_events=12512 overflow=0
FIG8_ATTENTION_HOST_TIMING mode=scna-int8 scna_function=exp2 scna_kernel=tree scna_width=8 qo_len=16 kv_len=4096 n_heads=12 n_kv_heads=2 head_dim=128 phase=measure iteration=4 host_elapsed_us=2081 ret=0
FIG8_ATTENTION_PROFILE_COUNT mode=scna-int8 qo_len=16 phase=measure iteration=4 records=2 max_records=10
FIG8_ATTENTION_TIMERS mode=scna-int8 scna_function=0 scna_kernel=1 phase=measure iteration=4 lut_exp=0 nonlinear_mode=2 scna_width=8 scna_exp=351 qo_len=16 kv_len=4096 n_heads=12 n_kv_heads=2 head_dim=128 kv_head=0 worker=0 profiled_total=863 q_load=4 k_load=202 v_load=182 qk_dot=6 safe_sm=457 core_acc=5 o_scale=1 o_store=6
FIG8_ATTENTION_TIMERS mode=scna-int8 scna_function=0 scna_kernel=1 phase=measure iteration=4 lut_exp=0 nonlinear_mode=2 scna_width=8 scna_exp=352 qo_len=16 kv_len=4096 n_heads=12 n_kv_heads=2 head_dim=128 kv_head=1 worker=0 profiled_total=880 q_load=4 k_load=216 v_load=186 qk_dot=6 safe_sm=455 core_acc=6 o_scale=1 o_store=6
FIG8_ATTENTION_EVENT_COUNT mode=scna-int8 qo_len=16 phase=measure iteration=4 events=16 max_events=12512 overflow=0
FIG8_ATTENTION_HOST_TIMING mode=scna-int8 scna_function=exp2 scna_kernel=tree scna_width=8 qo_len=16 kv_len=4096 n_heads=12 n_kv_heads=2 head_dim=128 phase=measure iteration=5 host_elapsed_us=2102 ret=0
FIG8_ATTENTION_PROFILE_COUNT mode=scna-int8 qo_len=16 phase=measure iteration=5 records=2 max_records=10
FIG8_ATTENTION_TIMERS mode=scna-int8 scna_function=0 scna_kernel=1 phase=measure iteration=5 lut_exp=0 nonlinear_mode=2 scna_width=8 scna_exp=351 qo_len=16 kv_len=4096 n_heads=12 n_kv_heads=2 head_dim=128 kv_head=0 worker=0 profiled_total=861 q_load=4 k_load=203 v_load=179 qk_dot=6 safe_sm=456 core_acc=6 o_scale=1 o_store=6
FIG8_ATTENTION_TIMERS mode=scna-int8 scna_function=0 scna_kernel=1 phase=measure iteration=5 lut_exp=0 nonlinear_mode=2 scna_width=8 scna_exp=352 qo_len=16 kv_len=4096 n_heads=12 n_kv_heads=2 head_dim=128 kv_head=1 worker=0 profiled_total=878 q_load=4 k_load=214 v_load=187 qk_dot=6 safe_sm=455 core_acc=6 o_scale=1 o_store=5
FIG8_ATTENTION_EVENT_COUNT mode=scna-int8 qo_len=16 phase=measure iteration=5 events=16 max_events=12512 overflow=0
FIG8_ATTENTION_HOST_TIMING mode=scna-int8 scna_function=exp2 scna_kernel=tree scna_width=8 qo_len=16 kv_len=4096 n_heads=12 n_kv_heads=2 head_dim=128 phase=measure iteration=6 host_elapsed_us=2042 ret=0
FIG8_ATTENTION_PROFILE_COUNT mode=scna-int8 qo_len=16 phase=measure iteration=6 records=2 max_records=10
FIG8_ATTENTION_TIMERS mode=scna-int8 scna_function=0 scna_kernel=1 phase=measure iteration=6 lut_exp=0 nonlinear_mode=2 scna_width=8 scna_exp=351 qo_len=16 kv_len=4096 n_heads=12 n_kv_heads=2 head_dim=128 kv_head=0 worker=0 profiled_total=863 q_load=5 k_load=201 v_load=181 qk_dot=6 safe_sm=458 core_acc=6 o_scale=1 o_store=5
FIG8_ATTENTION_TIMERS mode=scna-int8 scna_function=0 scna_kernel=1 phase=measure iteration=6 lut_exp=0 nonlinear_mode=2 scna_width=8 scna_exp=352 qo_len=16 kv_len=4096 n_heads=12 n_kv_heads=2 head_dim=128 kv_head=1 worker=0 profiled_total=882 q_load=4 k_load=222 v_load=182 qk_dot=7 safe_sm=455 core_acc=6 o_scale=1 o_store=5
FIG8_ATTENTION_EVENT_COUNT mode=scna-int8 qo_len=16 phase=measure iteration=6 events=16 max_events=12512 overflow=0
FIG8_ATTENTION_HOST_TIMING mode=scna-int8 scna_function=exp2 scna_kernel=tree scna_width=8 qo_len=16 kv_len=4096 n_heads=12 n_kv_heads=2 head_dim=128 phase=measure iteration=7 host_elapsed_us=2044 ret=0
FIG8_ATTENTION_PROFILE_COUNT mode=scna-int8 qo_len=16 phase=measure iteration=7 records=2 max_records=10
FIG8_ATTENTION_TIMERS mode=scna-int8 scna_function=0 scna_kernel=1 phase=measure iteration=7 lut_exp=0 nonlinear_mode=2 scna_width=8 scna_exp=350 qo_len=16 kv_len=4096 n_heads=12 n_kv_heads=2 head_dim=128 kv_head=0 worker=0 profiled_total=857 q_load=4 k_load=201 v_load=179 qk_dot=6 safe_sm=456 core_acc=5 o_scale=1 o_store=5
FIG8_ATTENTION_TIMERS mode=scna-int8 scna_function=0 scna_kernel=1 phase=measure iteration=7 lut_exp=0 nonlinear_mode=2 scna_width=8 scna_exp=352 qo_len=16 kv_len=4096 n_heads=12 n_kv_heads=2 head_dim=128 kv_head=1 worker=0 profiled_total=884 q_load=4 k_load=221 v_load=184 qk_dot=7 safe_sm=457 core_acc=5 o_scale=1 o_store=5
FIG8_ATTENTION_EVENT_COUNT mode=scna-int8 qo_len=16 phase=measure iteration=7 events=16 max_events=12512 overflow=0
FIG8_ATTENTION_HOST_TIMING mode=scna-int8 scna_function=exp2 scna_kernel=tree scna_width=8 qo_len=16 kv_len=4096 n_heads=12 n_kv_heads=2 head_dim=128 phase=measure iteration=8 host_elapsed_us=2105 ret=0
FIG8_ATTENTION_PROFILE_COUNT mode=scna-int8 qo_len=16 phase=measure iteration=8 records=2 max_records=10
FIG8_ATTENTION_TIMERS mode=scna-int8 scna_function=0 scna_kernel=1 phase=measure iteration=8 lut_exp=0 nonlinear_mode=2 scna_width=8 scna_exp=350 qo_len=16 kv_len=4096 n_heads=12 n_kv_heads=2 head_dim=128 kv_head=0 worker=0 profiled_total=860 q_load=5 k_load=201 v_load=180 qk_dot=6 safe_sm=456 core_acc=5 o_scale=1 o_store=6
FIG8_ATTENTION_TIMERS mode=scna-int8 scna_function=0 scna_kernel=1 phase=measure iteration=8 lut_exp=0 nonlinear_mode=2 scna_width=8 scna_exp=352 qo_len=16 kv_len=4096 n_heads=12 n_kv_heads=2 head_dim=128 kv_head=1 worker=0 profiled_total=879 q_load=4 k_load=221 v_load=183 qk_dot=6 safe_sm=453 core_acc=6 o_scale=1 o_store=5
FIG8_ATTENTION_EVENT_COUNT mode=scna-int8 qo_len=16 phase=measure iteration=8 events=16 max_events=12512 overflow=0
FIG8_ATTENTION_HOST_TIMING mode=scna-int8 scna_function=exp2 scna_kernel=tree scna_width=8 qo_len=16 kv_len=4096 n_heads=12 n_kv_heads=2 head_dim=128 phase=measure iteration=9 host_elapsed_us=2109 ret=0
FIG8_ATTENTION_PROFILE_COUNT mode=scna-int8 qo_len=16 phase=measure iteration=9 records=2 max_records=10
FIG8_ATTENTION_TIMERS mode=scna-int8 scna_function=0 scna_kernel=1 phase=measure iteration=9 lut_exp=0 nonlinear_mode=2 scna_width=8 scna_exp=350 qo_len=16 kv_len=4096 n_heads=12 n_kv_heads=2 head_dim=128 kv_head=0 worker=0 profiled_total=866 q_load=5 k_load=201 v_load=187 qk_dot=6 safe_sm=455 core_acc=6 o_scale=1 o_store=5
FIG8_ATTENTION_TIMERS mode=scna-int8 scna_function=0 scna_kernel=1 phase=measure iteration=9 lut_exp=0 nonlinear_mode=2 scna_width=8 scna_exp=352 qo_len=16 kv_len=4096 n_heads=12 n_kv_heads=2 head_dim=128 kv_head=1 worker=0 profiled_total=876 q_load=4 k_load=217 v_load=182 qk_dot=6 safe_sm=455 core_acc=6 o_scale=1 o_store=5
FIG8_ATTENTION_EVENT_COUNT mode=scna-int8 qo_len=16 phase=measure iteration=9 events=16 max_events=12512 overflow=0
FIG8_ATTENTION_HOST_TIMING mode=scna-int8 scna_function=exp2 scna_kernel=tree scna_width=8 qo_len=16 kv_len=4096 n_heads=12 n_kv_heads=2 head_dim=128 phase=measure iteration=10 host_elapsed_us=2077 ret=0
FIG8_ATTENTION_PROFILE_COUNT mode=scna-int8 qo_len=16 phase=measure iteration=10 records=2 max_records=10
FIG8_ATTENTION_TIMERS mode=scna-int8 scna_function=0 scna_kernel=1 phase=measure iteration=10 lut_exp=0 nonlinear_mode=2 scna_width=8 scna_exp=351 qo_len=16 kv_len=4096 n_heads=12 n_kv_heads=2 head_dim=128 kv_head=0 worker=0 profiled_total=861 q_load=5 k_load=200 v_load=184 qk_dot=6 safe_sm=455 core_acc=5 o_scale=1 o_store=5
FIG8_ATTENTION_TIMERS mode=scna-int8 scna_function=0 scna_kernel=1 phase=measure iteration=10 lut_exp=0 nonlinear_mode=2 scna_width=8 scna_exp=352 qo_len=16 kv_len=4096 n_heads=12 n_kv_heads=2 head_dim=128 kv_head=1 worker=0 profiled_total=878 q_load=4 k_load=214 v_load=187 qk_dot=7 safe_sm=454 core_acc=6 o_scale=1 o_store=5
FIG8_ATTENTION_EVENT_COUNT mode=scna-int8 qo_len=16 phase=measure iteration=10 events=16 max_events=12512 overflow=0
FIG8_ATTENTION_HOST_TIMING mode=scna-int8 scna_function=exp2 scna_kernel=tree scna_width=8 qo_len=16 kv_len=4096 n_heads=12 n_kv_heads=2 head_dim=128 phase=measure iteration=11 host_elapsed_us=2053 ret=0
FIG8_ATTENTION_PROFILE_COUNT mode=scna-int8 qo_len=16 phase=measure iteration=11 records=2 max_records=10
FIG8_ATTENTION_TIMERS mode=scna-int8 scna_function=0 scna_kernel=1 phase=measure iteration=11 lut_exp=0 nonlinear_mode=2 scna_width=8 scna_exp=350 qo_len=16 kv_len=4096 n_heads=12 n_kv_heads=2 head_dim=128 kv_head=0 worker=0 profiled_total=861 q_load=5 k_load=201 v_load=180 qk_dot=6 safe_sm=457 core_acc=5 o_scale=2 o_store=5
FIG8_ATTENTION_TIMERS mode=scna-int8 scna_function=0 scna_kernel=1 phase=measure iteration=11 lut_exp=0 nonlinear_mode=2 scna_width=8 scna_exp=351 qo_len=16 kv_len=4096 n_heads=12 n_kv_heads=2 head_dim=128 kv_head=1 worker=0 profiled_total=883 q_load=4 k_load=222 v_load=184 qk_dot=6 safe_sm=455 core_acc=6 o_scale=1 o_store=5
FIG8_ATTENTION_EVENT_COUNT mode=scna-int8 qo_len=16 phase=measure iteration=11 events=16 max_events=12512 overflow=0
FIG8_ATTENTION_HOST_TIMING mode=scna-int8 scna_function=exp2 scna_kernel=tree scna_width=8 qo_len=16 kv_len=4096 n_heads=12 n_kv_heads=2 head_dim=128 phase=measure iteration=12 host_elapsed_us=2047 ret=0
FIG8_ATTENTION_PROFILE_COUNT mode=scna-int8 qo_len=16 phase=measure iteration=12 records=2 max_records=10
FIG8_ATTENTION_TIMERS mode=scna-int8 scna_function=0 scna_kernel=1 phase=measure iteration=12 lut_exp=0 nonlinear_mode=2 scna_width=8 scna_exp=351 qo_len=16 kv_len=4096 n_heads=12 n_kv_heads=2 head_dim=128 kv_head=0 worker=0 profiled_total=864 q_load=4 k_load=200 v_load=186 qk_dot=6 safe_sm=456 core_acc=6 o_scale=1 o_store=5
FIG8_ATTENTION_TIMERS mode=scna-int8 scna_function=0 scna_kernel=1 phase=measure iteration=12 lut_exp=0 nonlinear_mode=2 scna_width=8 scna_exp=352 qo_len=16 kv_len=4096 n_heads=12 n_kv_heads=2 head_dim=128 kv_head=1 worker=0 profiled_total=873 q_load=4 k_load=215 v_load=182 qk_dot=6 safe_sm=454 core_acc=6 o_scale=1 o_store=5
FIG8_ATTENTION_EVENT_COUNT mode=scna-int8 qo_len=16 phase=measure iteration=12 events=16 max_events=12512 overflow=0
FIG8_ATTENTION_HOST_TIMING mode=scna-int8 scna_function=exp2 scna_kernel=tree scna_width=8 qo_len=16 kv_len=4096 n_heads=12 n_kv_heads=2 head_dim=128 phase=measure iteration=13 host_elapsed_us=2096 ret=0
FIG8_ATTENTION_PROFILE_COUNT mode=scna-int8 qo_len=16 phase=measure iteration=13 records=2 max_records=10
FIG8_ATTENTION_TIMERS mode=scna-int8 scna_function=0 scna_kernel=1 phase=measure iteration=13 lut_exp=0 nonlinear_mode=2 scna_width=8 scna_exp=350 qo_len=16 kv_len=4096 n_heads=12 n_kv_heads=2 head_dim=128 kv_head=0 worker=0 profiled_total=858 q_load=4 k_load=199 v_load=180 qk_dot=6 safe_sm=456 core_acc=6 o_scale=1 o_store=6
FIG8_ATTENTION_TIMERS mode=scna-int8 scna_function=0 scna_kernel=1 phase=measure iteration=13 lut_exp=0 nonlinear_mode=2 scna_width=8 scna_exp=352 qo_len=16 kv_len=4096 n_heads=12 n_kv_heads=2 head_dim=128 kv_head=1 worker=0 profiled_total=880 q_load=4 k_load=218 v_load=185 qk_dot=6 safe_sm=455 core_acc=6 o_scale=1 o_store=5
FIG8_ATTENTION_EVENT_COUNT mode=scna-int8 qo_len=16 phase=measure iteration=13 events=16 max_events=12512 overflow=0
FIG8_ATTENTION_HOST_TIMING mode=scna-int8 scna_function=exp2 scna_kernel=tree scna_width=8 qo_len=16 kv_len=4096 n_heads=12 n_kv_heads=2 head_dim=128 phase=measure iteration=14 host_elapsed_us=2047 ret=0
FIG8_ATTENTION_PROFILE_COUNT mode=scna-int8 qo_len=16 phase=measure iteration=14 records=2 max_records=10
FIG8_ATTENTION_TIMERS mode=scna-int8 scna_function=0 scna_kernel=1 phase=measure iteration=14 lut_exp=0 nonlinear_mode=2 scna_width=8 scna_exp=351 qo_len=16 kv_len=4096 n_heads=12 n_kv_heads=2 head_dim=128 kv_head=0 worker=0 profiled_total=860 q_load=4 k_load=199 v_load=185 qk_dot=6 safe_sm=454 core_acc=6 o_scale=1 o_store=5
FIG8_ATTENTION_TIMERS mode=scna-int8 scna_function=0 scna_kernel=1 phase=measure iteration=14 lut_exp=0 nonlinear_mode=2 scna_width=8 scna_exp=352 qo_len=16 kv_len=4096 n_heads=12 n_kv_heads=2 head_dim=128 kv_head=1 worker=0 profiled_total=876 q_load=4 k_load=215 v_load=185 qk_dot=6 safe_sm=454 core_acc=6 o_scale=1 o_store=5
FIG8_ATTENTION_EVENT_COUNT mode=scna-int8 qo_len=16 phase=measure iteration=14 events=16 max_events=12512 overflow=0
FIG8_ATTENTION_HOST_TIMING mode=scna-int8 scna_function=exp2 scna_kernel=tree scna_width=8 qo_len=16 kv_len=4096 n_heads=12 n_kv_heads=2 head_dim=128 phase=measure iteration=15 host_elapsed_us=2054 ret=0
FIG8_ATTENTION_PROFILE_COUNT mode=scna-int8 qo_len=16 phase=measure iteration=15 records=2 max_records=10
FIG8_ATTENTION_TIMERS mode=scna-int8 scna_function=0 scna_kernel=1 phase=measure iteration=15 lut_exp=0 nonlinear_mode=2 scna_width=8 scna_exp=351 qo_len=16 kv_len=4096 n_heads=12 n_kv_heads=2 head_dim=128 kv_head=0 worker=0 profiled_total=861 q_load=4 k_load=199 v_load=185 qk_dot=6 safe_sm=455 core_acc=6 o_scale=1 o_store=5
FIG8_ATTENTION_TIMERS mode=scna-int8 scna_function=0 scna_kernel=1 phase=measure iteration=15 lut_exp=0 nonlinear_mode=2 scna_width=8 scna_exp=352 qo_len=16 kv_len=4096 n_heads=12 n_kv_heads=2 head_dim=128 kv_head=1 worker=0 profiled_total=876 q_load=4 k_load=215 v_load=187 qk_dot=6 safe_sm=453 core_acc=5 o_scale=1 o_store=5
FIG8_ATTENTION_EVENT_COUNT mode=scna-int8 qo_len=16 phase=measure iteration=15 events=16 max_events=12512 overflow=0
FIG8_ATTENTION_HOST_TIMING mode=scna-int8 scna_function=exp2 scna_kernel=tree scna_width=8 qo_len=16 kv_len=4096 n_heads=12 n_kv_heads=2 head_dim=128 phase=measure iteration=16 host_elapsed_us=2061 ret=0
FIG8_ATTENTION_PROFILE_COUNT mode=scna-int8 qo_len=16 phase=measure iteration=16 records=2 max_records=10
FIG8_ATTENTION_TIMERS mode=scna-int8 scna_function=0 scna_kernel=1 phase=measure iteration=16 lut_exp=0 nonlinear_mode=2 scna_width=8 scna_exp=349 qo_len=16 kv_len=4096 n_heads=12 n_kv_heads=2 head_dim=128 kv_head=0 worker=0 profiled_total=860 q_load=4 k_load=198 v_load=184 qk_dot=6 safe_sm=457 core_acc=5 o_scale=1 o_store=5
FIG8_ATTENTION_TIMERS mode=scna-int8 scna_function=0 scna_kernel=1 phase=measure iteration=16 lut_exp=0 nonlinear_mode=2 scna_width=8 scna_exp=352 qo_len=16 kv_len=4096 n_heads=12 n_kv_heads=2 head_dim=128 kv_head=1 worker=0 profiled_total=875 q_load=4 k_load=213 v_load=184 qk_dot=6 safe_sm=456 core_acc=6 o_scale=1 o_store=5
FIG8_ATTENTION_EVENT_COUNT mode=scna-int8 qo_len=16 phase=measure iteration=16 events=16 max_events=12512 overflow=0
FIG8_ATTENTION_HOST_TIMING mode=scna-int8 scna_function=exp2 scna_kernel=tree scna_width=8 qo_len=16 kv_len=4096 n_heads=12 n_kv_heads=2 head_dim=128 phase=measure iteration=17 host_elapsed_us=2103 ret=0
FIG8_ATTENTION_PROFILE_COUNT mode=scna-int8 qo_len=16 phase=measure iteration=17 records=2 max_records=10
FIG8_ATTENTION_TIMERS mode=scna-int8 scna_function=0 scna_kernel=1 phase=measure iteration=17 lut_exp=0 nonlinear_mode=2 scna_width=8 scna_exp=350 qo_len=16 kv_len=4096 n_heads=12 n_kv_heads=2 head_dim=128 kv_head=0 worker=0 profiled_total=857 q_load=5 k_load=200 v_load=180 qk_dot=6 safe_sm=454 core_acc=5 o_scale=1 o_store=6
FIG8_ATTENTION_TIMERS mode=scna-int8 scna_function=0 scna_kernel=1 phase=measure iteration=17 lut_exp=0 nonlinear_mode=2 scna_width=8 scna_exp=352 qo_len=16 kv_len=4096 n_heads=12 n_kv_heads=2 head_dim=128 kv_head=1 worker=0 profiled_total=882 q_load=4 k_load=221 v_load=186 qk_dot=6 safe_sm=453 core_acc=6 o_scale=1 o_store=5
FIG8_ATTENTION_EVENT_COUNT mode=scna-int8 qo_len=16 phase=measure iteration=17 events=16 max_events=12512 overflow=0
FIG8_ATTENTION_HOST_TIMING mode=scna-int8 scna_function=exp2 scna_kernel=tree scna_width=8 qo_len=16 kv_len=4096 n_heads=12 n_kv_heads=2 head_dim=128 phase=measure iteration=18 host_elapsed_us=2062 ret=0
FIG8_ATTENTION_PROFILE_COUNT mode=scna-int8 qo_len=16 phase=measure iteration=18 records=2 max_records=10
FIG8_ATTENTION_TIMERS mode=scna-int8 scna_function=0 scna_kernel=1 phase=measure iteration=18 lut_exp=0 nonlinear_mode=2 scna_width=8 scna_exp=350 qo_len=16 kv_len=4096 n_heads=12 n_kv_heads=2 head_dim=128 kv_head=0 worker=0 profiled_total=857 q_load=5 k_load=199 v_load=179 qk_dot=6 safe_sm=455 core_acc=6 o_scale=1 o_store=6
FIG8_ATTENTION_TIMERS mode=scna-int8 scna_function=0 scna_kernel=1 phase=measure iteration=18 lut_exp=0 nonlinear_mode=2 scna_width=8 scna_exp=352 qo_len=16 kv_len=4096 n_heads=12 n_kv_heads=2 head_dim=128 kv_head=1 worker=0 profiled_total=883 q_load=4 k_load=221 v_load=186 qk_dot=6 safe_sm=454 core_acc=6 o_scale=1 o_store=5
FIG8_ATTENTION_EVENT_COUNT mode=scna-int8 qo_len=16 phase=measure iteration=18 events=16 max_events=12512 overflow=0
FIG8_ATTENTION_HOST_TIMING mode=scna-int8 scna_function=exp2 scna_kernel=tree scna_width=8 qo_len=16 kv_len=4096 n_heads=12 n_kv_heads=2 head_dim=128 phase=measure iteration=19 host_elapsed_us=2063 ret=0
FIG8_ATTENTION_PROFILE_COUNT mode=scna-int8 qo_len=16 phase=measure iteration=19 records=2 max_records=10
FIG8_ATTENTION_TIMERS mode=scna-int8 scna_function=0 scna_kernel=1 phase=measure iteration=19 lut_exp=0 nonlinear_mode=2 scna_width=8 scna_exp=350 qo_len=16 kv_len=4096 n_heads=12 n_kv_heads=2 head_dim=128 kv_head=0 worker=0 profiled_total=862 q_load=4 k_load=199 v_load=184 qk_dot=6 safe_sm=456 core_acc=6 o_scale=1 o_store=6
FIG8_ATTENTION_TIMERS mode=scna-int8 scna_function=0 scna_kernel=1 phase=measure iteration=19 lut_exp=0 nonlinear_mode=2 scna_width=8 scna_exp=352 qo_len=16 kv_len=4096 n_heads=12 n_kv_heads=2 head_dim=128 kv_head=1 worker=0 profiled_total=873 q_load=4 k_load=214 v_load=185 qk_dot=6 safe_sm=452 core_acc=6 o_scale=1 o_store=5
FIG8_ATTENTION_EVENT_COUNT mode=scna-int8 qo_len=16 phase=measure iteration=19 events=16 max_events=12512 overflow=0
