alloc_shared_mem_buf: buf=0x7d640ca000 fd=12 size=49152 flags=FASTRPC_MAP_FD
alloc_shared_mem_buf: buf=0x7ac2a00000 fd=13 size=2097152 flags=FASTRPC_MAP_FD
alloc_shared_mem_buf: buf=0x7ac2800000 fd=14 size=2097152 flags=FASTRPC_MAP_FD
alloc_shared_mem_buf: buf=0x7d640be000 fd=15 size=49152 flags=FASTRPC_MAP_FD
alloc_shared_mem_buf: buf=0x7d64070000 fd=16 size=65536 flags=FASTRPC_MAP_FD
alloc_shared_mem_buf: buf=0x7ac2d10000 fd=17 size=456832 flags=FASTRPC_MAP_FD
alloc_shared_mem_buf: buf=0x7d64367000 fd=18 size=4096 flags=FASTRPC_MAP_FD
No-op channel request completed
FIG8_ATTENTION_CONFIG mode=scna-fp16 scna_function=exp scna_kernel=direct mask_mode=full qo_len=8 kv_len=4096 n_heads=12 n_kv_heads=2 head_dim=128 warmup=5 iters=20 scna_width=16 q_size=49152 kv_size=2097152 mask_size=65536 profile_size=456832 profile_max_records=10 profile_max_events=6320 mode_flags=132 print_events=0
FIG8_ATTENTION_HOST_TIMING mode=scna-fp16 scna_function=exp scna_kernel=direct scna_width=16 qo_len=8 kv_len=4096 n_heads=12 n_kv_heads=2 head_dim=128 phase=warmup iteration=0 host_elapsed_us=1452 ret=0
FIG8_ATTENTION_PROFILE_COUNT mode=scna-fp16 qo_len=8 phase=warmup iteration=0 records=2 max_records=10
FIG8_ATTENTION_TIMERS mode=scna-fp16 scna_function=1 scna_kernel=0 phase=warmup iteration=0 lut_exp=0 nonlinear_mode=1 scna_width=16 scna_exp=233 qo_len=8 kv_len=4096 n_heads=12 n_kv_heads=2 head_dim=128 kv_head=0 worker=0 profiled_total=643 q_load=3 k_load=193 v_load=144 qk_dot=4 safe_sm=287 core_acc=6 o_scale=2 o_store=4
FIG8_ATTENTION_TIMERS mode=scna-fp16 scna_function=1 scna_kernel=0 phase=warmup iteration=0 lut_exp=0 nonlinear_mode=1 scna_width=16 scna_exp=231 qo_len=8 kv_len=4096 n_heads=12 n_kv_heads=2 head_dim=128 kv_head=1 worker=0 profiled_total=518 q_load=2 k_load=70 v_load=151 qk_dot=5 safe_sm=281 core_acc=5 o_scale=1 o_store=3
FIG8_ATTENTION_EVENT_COUNT mode=scna-fp16 qo_len=8 phase=warmup iteration=0 events=16 max_events=6320 overflow=0
FIG8_ATTENTION_HOST_TIMING mode=scna-fp16 scna_function=exp scna_kernel=direct scna_width=16 qo_len=8 kv_len=4096 n_heads=12 n_kv_heads=2 head_dim=128 phase=warmup iteration=1 host_elapsed_us=1451 ret=0
FIG8_ATTENTION_PROFILE_COUNT mode=scna-fp16 qo_len=8 phase=warmup iteration=1 records=2 max_records=10
FIG8_ATTENTION_TIMERS mode=scna-fp16 scna_function=1 scna_kernel=0 phase=warmup iteration=1 lut_exp=0 nonlinear_mode=1 scna_width=16 scna_exp=226 qo_len=8 kv_len=4096 n_heads=12 n_kv_heads=2 head_dim=128 kv_head=0 worker=0 profiled_total=561 q_load=2 k_load=139 v_load=137 qk_dot=4 safe_sm=271 core_acc=4 o_scale=1 o_store=3
FIG8_ATTENTION_TIMERS mode=scna-fp16 scna_function=1 scna_kernel=0 phase=warmup iteration=1 lut_exp=0 nonlinear_mode=1 scna_width=16 scna_exp=225 qo_len=8 kv_len=4096 n_heads=12 n_kv_heads=2 head_dim=128 kv_head=1 worker=0 profiled_total=589 q_load=2 k_load=154 v_load=154 qk_dot=5 safe_sm=266 core_acc=4 o_scale=1 o_store=3
FIG8_ATTENTION_EVENT_COUNT mode=scna-fp16 qo_len=8 phase=warmup iteration=1 events=16 max_events=6320 overflow=0
FIG8_ATTENTION_HOST_TIMING mode=scna-fp16 scna_function=exp scna_kernel=direct scna_width=16 qo_len=8 kv_len=4096 n_heads=12 n_kv_heads=2 head_dim=128 phase=warmup iteration=2 host_elapsed_us=1450 ret=0
FIG8_ATTENTION_PROFILE_COUNT mode=scna-fp16 qo_len=8 phase=warmup iteration=2 records=2 max_records=10
FIG8_ATTENTION_TIMERS mode=scna-fp16 scna_function=1 scna_kernel=0 phase=warmup iteration=2 lut_exp=0 nonlinear_mode=1 scna_width=16 scna_exp=225 qo_len=8 kv_len=4096 n_heads=12 n_kv_heads=2 head_dim=128 kv_head=0 worker=0 profiled_total=565 q_load=3 k_load=143 v_load=136 qk_dot=4 safe_sm=271 core_acc=4 o_scale=1 o_store=3
FIG8_ATTENTION_TIMERS mode=scna-fp16 scna_function=1 scna_kernel=0 phase=warmup iteration=2 lut_exp=0 nonlinear_mode=1 scna_width=16 scna_exp=225 qo_len=8 kv_len=4096 n_heads=12 n_kv_heads=2 head_dim=128 kv_head=1 worker=0 profiled_total=596 q_load=2 k_load=162 v_load=154 qk_dot=4 safe_sm=267 core_acc=3 o_scale=1 o_store=3
FIG8_ATTENTION_EVENT_COUNT mode=scna-fp16 qo_len=8 phase=warmup iteration=2 events=16 max_events=6320 overflow=0
FIG8_ATTENTION_HOST_TIMING mode=scna-fp16 scna_function=exp scna_kernel=direct scna_width=16 qo_len=8 kv_len=4096 n_heads=12 n_kv_heads=2 head_dim=128 phase=warmup iteration=3 host_elapsed_us=1472 ret=0
FIG8_ATTENTION_PROFILE_COUNT mode=scna-fp16 qo_len=8 phase=warmup iteration=3 records=2 max_records=10
FIG8_ATTENTION_TIMERS mode=scna-fp16 scna_function=1 scna_kernel=0 phase=warmup iteration=3 lut_exp=0 nonlinear_mode=1 scna_width=16 scna_exp=225 qo_len=8 kv_len=4096 n_heads=12 n_kv_heads=2 head_dim=128 kv_head=0 worker=0 profiled_total=565 q_load=2 k_load=152 v_load=129 qk_dot=4 safe_sm=270 core_acc=4 o_scale=1 o_store=3
FIG8_ATTENTION_TIMERS mode=scna-fp16 scna_function=1 scna_kernel=0 phase=warmup iteration=3 lut_exp=0 nonlinear_mode=1 scna_width=16 scna_exp=225 qo_len=8 kv_len=4096 n_heads=12 n_kv_heads=2 head_dim=128 kv_head=1 worker=0 profiled_total=598 q_load=2 k_load=164 v_load=151 qk_dot=5 safe_sm=268 core_acc=4 o_scale=1 o_store=3
FIG8_ATTENTION_EVENT_COUNT mode=scna-fp16 qo_len=8 phase=warmup iteration=3 events=16 max_events=6320 overflow=0
FIG8_ATTENTION_HOST_TIMING mode=scna-fp16 scna_function=exp scna_kernel=direct scna_width=16 qo_len=8 kv_len=4096 n_heads=12 n_kv_heads=2 head_dim=128 phase=warmup iteration=4 host_elapsed_us=1453 ret=0
FIG8_ATTENTION_PROFILE_COUNT mode=scna-fp16 qo_len=8 phase=warmup iteration=4 records=2 max_records=10
FIG8_ATTENTION_TIMERS mode=scna-fp16 scna_function=1 scna_kernel=0 phase=warmup iteration=4 lut_exp=0 nonlinear_mode=1 scna_width=16 scna_exp=225 qo_len=8 kv_len=4096 n_heads=12 n_kv_heads=2 head_dim=128 kv_head=0 worker=0 profiled_total=564 q_load=2 k_load=142 v_load=139 qk_dot=4 safe_sm=269 core_acc=4 o_scale=1 o_store=3
FIG8_ATTENTION_TIMERS mode=scna-fp16 scna_function=1 scna_kernel=0 phase=warmup iteration=4 lut_exp=0 nonlinear_mode=1 scna_width=16 scna_exp=225 qo_len=8 kv_len=4096 n_heads=12 n_kv_heads=2 head_dim=128 kv_head=1 worker=0 profiled_total=597 q_load=2 k_load=165 v_load=152 qk_dot=4 safe_sm=266 core_acc=4 o_scale=1 o_store=3
FIG8_ATTENTION_EVENT_COUNT mode=scna-fp16 qo_len=8 phase=warmup iteration=4 events=16 max_events=6320 overflow=0
FIG8_ATTENTION_HOST_TIMING mode=scna-fp16 scna_function=exp scna_kernel=direct scna_width=16 qo_len=8 kv_len=4096 n_heads=12 n_kv_heads=2 head_dim=128 phase=measure iteration=0 host_elapsed_us=1453 ret=0
FIG8_ATTENTION_PROFILE_COUNT mode=scna-fp16 qo_len=8 phase=measure iteration=0 records=2 max_records=10
FIG8_ATTENTION_TIMERS mode=scna-fp16 scna_function=1 scna_kernel=0 phase=measure iteration=0 lut_exp=0 nonlinear_mode=1 scna_width=16 scna_exp=225 qo_len=8 kv_len=4096 n_heads=12 n_kv_heads=2 head_dim=128 kv_head=0 worker=0 profiled_total=562 q_load=2 k_load=141 v_load=138 qk_dot=4 safe_sm=269 core_acc=4 o_scale=1 o_store=3
FIG8_ATTENTION_TIMERS mode=scna-fp16 scna_function=1 scna_kernel=0 phase=measure iteration=0 lut_exp=0 nonlinear_mode=1 scna_width=16 scna_exp=225 qo_len=8 kv_len=4096 n_heads=12 n_kv_heads=2 head_dim=128 kv_head=1 worker=0 profiled_total=598 q_load=2 k_load=163 v_load=153 qk_dot=5 safe_sm=267 core_acc=5 o_scale=0 o_store=3
FIG8_ATTENTION_EVENT_COUNT mode=scna-fp16 qo_len=8 phase=measure iteration=0 events=16 max_events=6320 overflow=0
FIG8_ATTENTION_HOST_TIMING mode=scna-fp16 scna_function=exp scna_kernel=direct scna_width=16 qo_len=8 kv_len=4096 n_heads=12 n_kv_heads=2 head_dim=128 phase=measure iteration=1 host_elapsed_us=1443 ret=0
FIG8_ATTENTION_PROFILE_COUNT mode=scna-fp16 qo_len=8 phase=measure iteration=1 records=2 max_records=10
FIG8_ATTENTION_TIMERS mode=scna-fp16 scna_function=1 scna_kernel=0 phase=measure iteration=1 lut_exp=0 nonlinear_mode=1 scna_width=16 scna_exp=224 qo_len=8 kv_len=4096 n_heads=12 n_kv_heads=2 head_dim=128 kv_head=0 worker=0 profiled_total=575 q_load=2 k_load=143 v_load=149 qk_dot=4 safe_sm=269 core_acc=4 o_scale=1 o_store=3
FIG8_ATTENTION_TIMERS mode=scna-fp16 scna_function=1 scna_kernel=0 phase=measure iteration=1 lut_exp=0 nonlinear_mode=1 scna_width=16 scna_exp=225 qo_len=8 kv_len=4096 n_heads=12 n_kv_heads=2 head_dim=128 kv_head=1 worker=0 profiled_total=596 q_load=2 k_load=164 v_load=152 qk_dot=4 safe_sm=267 core_acc=4 o_scale=0 o_store=3
FIG8_ATTENTION_EVENT_COUNT mode=scna-fp16 qo_len=8 phase=measure iteration=1 events=16 max_events=6320 overflow=0
FIG8_ATTENTION_HOST_TIMING mode=scna-fp16 scna_function=exp scna_kernel=direct scna_width=16 qo_len=8 kv_len=4096 n_heads=12 n_kv_heads=2 head_dim=128 phase=measure iteration=2 host_elapsed_us=1433 ret=0
FIG8_ATTENTION_PROFILE_COUNT mode=scna-fp16 qo_len=8 phase=measure iteration=2 records=2 max_records=10
FIG8_ATTENTION_TIMERS mode=scna-fp16 scna_function=1 scna_kernel=0 phase=measure iteration=2 lut_exp=0 nonlinear_mode=1 scna_width=16 scna_exp=225 qo_len=8 kv_len=4096 n_heads=12 n_kv_heads=2 head_dim=128 kv_head=0 worker=0 profiled_total=578 q_load=2 k_load=145 v_load=149 qk_dot=4 safe_sm=270 core_acc=4 o_scale=1 o_store=3
FIG8_ATTENTION_TIMERS mode=scna-fp16 scna_function=1 scna_kernel=0 phase=measure iteration=2 lut_exp=0 nonlinear_mode=1 scna_width=16 scna_exp=225 qo_len=8 kv_len=4096 n_heads=12 n_kv_heads=2 head_dim=128 kv_head=1 worker=0 profiled_total=575 q_load=2 k_load=160 v_load=132 qk_dot=5 safe_sm=269 core_acc=4 o_scale=0 o_store=3
FIG8_ATTENTION_EVENT_COUNT mode=scna-fp16 qo_len=8 phase=measure iteration=2 events=16 max_events=6320 overflow=0
FIG8_ATTENTION_HOST_TIMING mode=scna-fp16 scna_function=exp scna_kernel=direct scna_width=16 qo_len=8 kv_len=4096 n_heads=12 n_kv_heads=2 head_dim=128 phase=measure iteration=3 host_elapsed_us=1472 ret=0
FIG8_ATTENTION_PROFILE_COUNT mode=scna-fp16 qo_len=8 phase=measure iteration=3 records=2 max_records=10
FIG8_ATTENTION_TIMERS mode=scna-fp16 scna_function=1 scna_kernel=0 phase=measure iteration=3 lut_exp=0 nonlinear_mode=1 scna_width=16 scna_exp=224 qo_len=8 kv_len=4096 n_heads=12 n_kv_heads=2 head_dim=128 kv_head=0 worker=0 profiled_total=578 q_load=2 k_load=154 v_load=141 qk_dot=4 safe_sm=269 core_acc=4 o_scale=1 o_store=3
FIG8_ATTENTION_TIMERS mode=scna-fp16 scna_function=1 scna_kernel=0 phase=measure iteration=3 lut_exp=0 nonlinear_mode=1 scna_width=16 scna_exp=225 qo_len=8 kv_len=4096 n_heads=12 n_kv_heads=2 head_dim=128 kv_head=1 worker=0 profiled_total=595 q_load=2 k_load=164 v_load=151 qk_dot=4 safe_sm=266 core_acc=4 o_scale=1 o_store=3
FIG8_ATTENTION_EVENT_COUNT mode=scna-fp16 qo_len=8 phase=measure iteration=3 events=16 max_events=6320 overflow=0
FIG8_ATTENTION_HOST_TIMING mode=scna-fp16 scna_function=exp scna_kernel=direct scna_width=16 qo_len=8 kv_len=4096 n_heads=12 n_kv_heads=2 head_dim=128 phase=measure iteration=4 host_elapsed_us=1448 ret=0
FIG8_ATTENTION_PROFILE_COUNT mode=scna-fp16 qo_len=8 phase=measure iteration=4 records=2 max_records=10
FIG8_ATTENTION_TIMERS mode=scna-fp16 scna_function=1 scna_kernel=0 phase=measure iteration=4 lut_exp=0 nonlinear_mode=1 scna_width=16 scna_exp=225 qo_len=8 kv_len=4096 n_heads=12 n_kv_heads=2 head_dim=128 kv_head=0 worker=0 profiled_total=579 q_load=2 k_load=142 v_load=153 qk_dot=4 safe_sm=270 core_acc=4 o_scale=1 o_store=3
FIG8_ATTENTION_TIMERS mode=scna-fp16 scna_function=1 scna_kernel=0 phase=measure iteration=4 lut_exp=0 nonlinear_mode=1 scna_width=16 scna_exp=225 qo_len=8 kv_len=4096 n_heads=12 n_kv_heads=2 head_dim=128 kv_head=1 worker=0 profiled_total=581 q_load=2 k_load=146 v_load=155 qk_dot=5 safe_sm=266 core_acc=4 o_scale=0 o_store=3
FIG8_ATTENTION_EVENT_COUNT mode=scna-fp16 qo_len=8 phase=measure iteration=4 events=16 max_events=6320 overflow=0
FIG8_ATTENTION_HOST_TIMING mode=scna-fp16 scna_function=exp scna_kernel=direct scna_width=16 qo_len=8 kv_len=4096 n_heads=12 n_kv_heads=2 head_dim=128 phase=measure iteration=5 host_elapsed_us=1471 ret=0
FIG8_ATTENTION_PROFILE_COUNT mode=scna-fp16 qo_len=8 phase=measure iteration=5 records=2 max_records=10
FIG8_ATTENTION_TIMERS mode=scna-fp16 scna_function=1 scna_kernel=0 phase=measure iteration=5 lut_exp=0 nonlinear_mode=1 scna_width=16 scna_exp=224 qo_len=8 kv_len=4096 n_heads=12 n_kv_heads=2 head_dim=128 kv_head=0 worker=0 profiled_total=596 q_load=2 k_load=150 v_load=164 qk_dot=4 safe_sm=268 core_acc=4 o_scale=1 o_store=3
FIG8_ATTENTION_TIMERS mode=scna-fp16 scna_function=1 scna_kernel=0 phase=measure iteration=5 lut_exp=0 nonlinear_mode=1 scna_width=16 scna_exp=225 qo_len=8 kv_len=4096 n_heads=12 n_kv_heads=2 head_dim=128 kv_head=1 worker=0 profiled_total=604 q_load=1 k_load=153 v_load=171 qk_dot=4 safe_sm=268 core_acc=4 o_scale=0 o_store=3
FIG8_ATTENTION_EVENT_COUNT mode=scna-fp16 qo_len=8 phase=measure iteration=5 events=16 max_events=6320 overflow=0
FIG8_ATTENTION_HOST_TIMING mode=scna-fp16 scna_function=exp scna_kernel=direct scna_width=16 qo_len=8 kv_len=4096 n_heads=12 n_kv_heads=2 head_dim=128 phase=measure iteration=6 host_elapsed_us=1542 ret=0
FIG8_ATTENTION_PROFILE_COUNT mode=scna-fp16 qo_len=8 phase=measure iteration=6 records=2 max_records=10
FIG8_ATTENTION_TIMERS mode=scna-fp16 scna_function=1 scna_kernel=0 phase=measure iteration=6 lut_exp=0 nonlinear_mode=1 scna_width=16 scna_exp=225 qo_len=8 kv_len=4096 n_heads=12 n_kv_heads=2 head_dim=128 kv_head=0 worker=0 profiled_total=588 q_load=2 k_load=150 v_load=152 qk_dot=4 safe_sm=272 core_acc=4 o_scale=1 o_store=3
FIG8_ATTENTION_TIMERS mode=scna-fp16 scna_function=1 scna_kernel=0 phase=measure iteration=6 lut_exp=0 nonlinear_mode=1 scna_width=16 scna_exp=225 qo_len=8 kv_len=4096 n_heads=12 n_kv_heads=2 head_dim=128 kv_head=1 worker=0 profiled_total=642 q_load=2 k_load=186 v_load=171 qk_dot=4 safe_sm=272 core_acc=4 o_scale=0 o_store=3
FIG8_ATTENTION_EVENT_COUNT mode=scna-fp16 qo_len=8 phase=measure iteration=6 events=16 max_events=6320 overflow=0
FIG8_ATTENTION_HOST_TIMING mode=scna-fp16 scna_function=exp scna_kernel=direct scna_width=16 qo_len=8 kv_len=4096 n_heads=12 n_kv_heads=2 head_dim=128 phase=measure iteration=7 host_elapsed_us=1548 ret=0
FIG8_ATTENTION_PROFILE_COUNT mode=scna-fp16 qo_len=8 phase=measure iteration=7 records=2 max_records=10
FIG8_ATTENTION_TIMERS mode=scna-fp16 scna_function=1 scna_kernel=0 phase=measure iteration=7 lut_exp=0 nonlinear_mode=1 scna_width=16 scna_exp=224 qo_len=8 kv_len=4096 n_heads=12 n_kv_heads=2 head_dim=128 kv_head=0 worker=0 profiled_total=592 q_load=2 k_load=158 v_load=149 qk_dot=4 safe_sm=271 core_acc=4 o_scale=1 o_store=3
FIG8_ATTENTION_TIMERS mode=scna-fp16 scna_function=1 scna_kernel=0 phase=measure iteration=7 lut_exp=0 nonlinear_mode=1 scna_width=16 scna_exp=225 qo_len=8 kv_len=4096 n_heads=12 n_kv_heads=2 head_dim=128 kv_head=1 worker=0 profiled_total=638 q_load=2 k_load=184 v_load=169 qk_dot=5 safe_sm=271 core_acc=4 o_scale=0 o_store=3
FIG8_ATTENTION_EVENT_COUNT mode=scna-fp16 qo_len=8 phase=measure iteration=7 events=16 max_events=6320 overflow=0
FIG8_ATTENTION_HOST_TIMING mode=scna-fp16 scna_function=exp scna_kernel=direct scna_width=16 qo_len=8 kv_len=4096 n_heads=12 n_kv_heads=2 head_dim=128 phase=measure iteration=8 host_elapsed_us=1549 ret=0
FIG8_ATTENTION_PROFILE_COUNT mode=scna-fp16 qo_len=8 phase=measure iteration=8 records=2 max_records=10
FIG8_ATTENTION_TIMERS mode=scna-fp16 scna_function=1 scna_kernel=0 phase=measure iteration=8 lut_exp=0 nonlinear_mode=1 scna_width=16 scna_exp=225 qo_len=8 kv_len=4096 n_heads=12 n_kv_heads=2 head_dim=128 kv_head=0 worker=0 profiled_total=593 q_load=2 k_load=153 v_load=153 qk_dot=4 safe_sm=273 core_acc=4 o_scale=1 o_store=3
FIG8_ATTENTION_TIMERS mode=scna-fp16 scna_function=1 scna_kernel=0 phase=measure iteration=8 lut_exp=0 nonlinear_mode=1 scna_width=16 scna_exp=225 qo_len=8 kv_len=4096 n_heads=12 n_kv_heads=2 head_dim=128 kv_head=1 worker=0 profiled_total=624 q_load=2 k_load=178 v_load=168 qk_dot=4 safe_sm=265 core_acc=4 o_scale=0 o_store=3
FIG8_ATTENTION_EVENT_COUNT mode=scna-fp16 qo_len=8 phase=measure iteration=8 events=16 max_events=6320 overflow=0
FIG8_ATTENTION_HOST_TIMING mode=scna-fp16 scna_function=exp scna_kernel=direct scna_width=16 qo_len=8 kv_len=4096 n_heads=12 n_kv_heads=2 head_dim=128 phase=measure iteration=9 host_elapsed_us=1545 ret=0
FIG8_ATTENTION_PROFILE_COUNT mode=scna-fp16 qo_len=8 phase=measure iteration=9 records=2 max_records=10
FIG8_ATTENTION_TIMERS mode=scna-fp16 scna_function=1 scna_kernel=0 phase=measure iteration=9 lut_exp=0 nonlinear_mode=1 scna_width=16 scna_exp=225 qo_len=8 kv_len=4096 n_heads=12 n_kv_heads=2 head_dim=128 kv_head=0 worker=0 profiled_total=598 q_load=2 k_load=153 v_load=157 qk_dot=4 safe_sm=274 core_acc=4 o_scale=1 o_store=3
FIG8_ATTENTION_TIMERS mode=scna-fp16 scna_function=1 scna_kernel=0 phase=measure iteration=9 lut_exp=0 nonlinear_mode=1 scna_width=16 scna_exp=225 qo_len=8 kv_len=4096 n_heads=12 n_kv_heads=2 head_dim=128 kv_head=1 worker=0 profiled_total=641 q_load=2 k_load=183 v_load=172 qk_dot=5 safe_sm=271 core_acc=4 o_scale=1 o_store=3
FIG8_ATTENTION_EVENT_COUNT mode=scna-fp16 qo_len=8 phase=measure iteration=9 events=16 max_events=6320 overflow=0
FIG8_ATTENTION_HOST_TIMING mode=scna-fp16 scna_function=exp scna_kernel=direct scna_width=16 qo_len=8 kv_len=4096 n_heads=12 n_kv_heads=2 head_dim=128 phase=measure iteration=10 host_elapsed_us=1544 ret=0
FIG8_ATTENTION_PROFILE_COUNT mode=scna-fp16 qo_len=8 phase=measure iteration=10 records=2 max_records=10
FIG8_ATTENTION_TIMERS mode=scna-fp16 scna_function=1 scna_kernel=0 phase=measure iteration=10 lut_exp=0 nonlinear_mode=1 scna_width=16 scna_exp=224 qo_len=8 kv_len=4096 n_heads=12 n_kv_heads=2 head_dim=128 kv_head=0 worker=0 profiled_total=611 q_load=2 k_load=153 v_load=172 qk_dot=4 safe_sm=272 core_acc=4 o_scale=1 o_store=3
FIG8_ATTENTION_TIMERS mode=scna-fp16 scna_function=1 scna_kernel=0 phase=measure iteration=10 lut_exp=0 nonlinear_mode=1 scna_width=16 scna_exp=225 qo_len=8 kv_len=4096 n_heads=12 n_kv_heads=2 head_dim=128 kv_head=1 worker=0 profiled_total=606 q_load=2 k_load=155 v_load=168 qk_dot=4 safe_sm=270 core_acc=4 o_scale=1 o_store=2
FIG8_ATTENTION_EVENT_COUNT mode=scna-fp16 qo_len=8 phase=measure iteration=10 events=16 max_events=6320 overflow=0
FIG8_ATTENTION_HOST_TIMING mode=scna-fp16 scna_function=exp scna_kernel=direct scna_width=16 qo_len=8 kv_len=4096 n_heads=12 n_kv_heads=2 head_dim=128 phase=measure iteration=11 host_elapsed_us=1550 ret=0
FIG8_ATTENTION_PROFILE_COUNT mode=scna-fp16 qo_len=8 phase=measure iteration=11 records=2 max_records=10
FIG8_ATTENTION_TIMERS mode=scna-fp16 scna_function=1 scna_kernel=0 phase=measure iteration=11 lut_exp=0 nonlinear_mode=1 scna_width=16 scna_exp=224 qo_len=8 kv_len=4096 n_heads=12 n_kv_heads=2 head_dim=128 kv_head=0 worker=0 profiled_total=603 q_load=2 k_load=154 v_load=161 qk_dot=4 safe_sm=274 core_acc=4 o_scale=1 o_store=3
FIG8_ATTENTION_TIMERS mode=scna-fp16 scna_function=1 scna_kernel=0 phase=measure iteration=11 lut_exp=0 nonlinear_mode=1 scna_width=16 scna_exp=225 qo_len=8 kv_len=4096 n_heads=12 n_kv_heads=2 head_dim=128 kv_head=1 worker=0 profiled_total=639 q_load=1 k_load=182 v_load=171 qk_dot=5 safe_sm=272 core_acc=4 o_scale=1 o_store=3
FIG8_ATTENTION_EVENT_COUNT mode=scna-fp16 qo_len=8 phase=measure iteration=11 events=16 max_events=6320 overflow=0
FIG8_ATTENTION_HOST_TIMING mode=scna-fp16 scna_function=exp scna_kernel=direct scna_width=16 qo_len=8 kv_len=4096 n_heads=12 n_kv_heads=2 head_dim=128 phase=measure iteration=12 host_elapsed_us=1542 ret=0
FIG8_ATTENTION_PROFILE_COUNT mode=scna-fp16 qo_len=8 phase=measure iteration=12 records=2 max_records=10
FIG8_ATTENTION_TIMERS mode=scna-fp16 scna_function=1 scna_kernel=0 phase=measure iteration=12 lut_exp=0 nonlinear_mode=1 scna_width=16 scna_exp=224 qo_len=8 kv_len=4096 n_heads=12 n_kv_heads=2 head_dim=128 kv_head=0 worker=0 profiled_total=600 q_load=2 k_load=156 v_load=158 qk_dot=4 safe_sm=272 core_acc=4 o_scale=1 o_store=3
FIG8_ATTENTION_TIMERS mode=scna-fp16 scna_function=1 scna_kernel=0 phase=measure iteration=12 lut_exp=0 nonlinear_mode=1 scna_width=16 scna_exp=225 qo_len=8 kv_len=4096 n_heads=12 n_kv_heads=2 head_dim=128 kv_head=1 worker=0 profiled_total=645 q_load=2 k_load=185 v_load=174 qk_dot=5 safe_sm=271 core_acc=4 o_scale=1 o_store=3
FIG8_ATTENTION_EVENT_COUNT mode=scna-fp16 qo_len=8 phase=measure iteration=12 events=16 max_events=6320 overflow=0
FIG8_ATTENTION_HOST_TIMING mode=scna-fp16 scna_function=exp scna_kernel=direct scna_width=16 qo_len=8 kv_len=4096 n_heads=12 n_kv_heads=2 head_dim=128 phase=measure iteration=13 host_elapsed_us=1547 ret=0
FIG8_ATTENTION_PROFILE_COUNT mode=scna-fp16 qo_len=8 phase=measure iteration=13 records=2 max_records=10
FIG8_ATTENTION_TIMERS mode=scna-fp16 scna_function=1 scna_kernel=0 phase=measure iteration=13 lut_exp=0 nonlinear_mode=1 scna_width=16 scna_exp=225 qo_len=8 kv_len=4096 n_heads=12 n_kv_heads=2 head_dim=128 kv_head=0 worker=0 profiled_total=580 q_load=2 k_load=151 v_load=143 qk_dot=4 safe_sm=272 core_acc=4 o_scale=1 o_store=3
FIG8_ATTENTION_TIMERS mode=scna-fp16 scna_function=1 scna_kernel=0 phase=measure iteration=13 lut_exp=0 nonlinear_mode=1 scna_width=16 scna_exp=225 qo_len=8 kv_len=4096 n_heads=12 n_kv_heads=2 head_dim=128 kv_head=1 worker=0 profiled_total=634 q_load=2 k_load=184 v_load=165 qk_dot=4 safe_sm=271 core_acc=4 o_scale=1 o_store=3
FIG8_ATTENTION_EVENT_COUNT mode=scna-fp16 qo_len=8 phase=measure iteration=13 events=16 max_events=6320 overflow=0
FIG8_ATTENTION_HOST_TIMING mode=scna-fp16 scna_function=exp scna_kernel=direct scna_width=16 qo_len=8 kv_len=4096 n_heads=12 n_kv_heads=2 head_dim=128 phase=measure iteration=14 host_elapsed_us=1493 ret=0
FIG8_ATTENTION_PROFILE_COUNT mode=scna-fp16 qo_len=8 phase=measure iteration=14 records=2 max_records=10
FIG8_ATTENTION_TIMERS mode=scna-fp16 scna_function=1 scna_kernel=0 phase=measure iteration=14 lut_exp=0 nonlinear_mode=1 scna_width=16 scna_exp=225 qo_len=8 kv_len=4096 n_heads=12 n_kv_heads=2 head_dim=128 kv_head=0 worker=0 profiled_total=593 q_load=2 k_load=151 v_load=153 qk_dot=4 safe_sm=275 core_acc=4 o_scale=1 o_store=3
FIG8_ATTENTION_TIMERS mode=scna-fp16 scna_function=1 scna_kernel=0 phase=measure iteration=14 lut_exp=0 nonlinear_mode=1 scna_width=16 scna_exp=225 qo_len=8 kv_len=4096 n_heads=12 n_kv_heads=2 head_dim=128 kv_head=1 worker=0 profiled_total=629 q_load=2 k_load=185 v_load=161 qk_dot=5 safe_sm=268 core_acc=4 o_scale=1 o_store=3
FIG8_ATTENTION_EVENT_COUNT mode=scna-fp16 qo_len=8 phase=measure iteration=14 events=16 max_events=6320 overflow=0
FIG8_ATTENTION_HOST_TIMING mode=scna-fp16 scna_function=exp scna_kernel=direct scna_width=16 qo_len=8 kv_len=4096 n_heads=12 n_kv_heads=2 head_dim=128 phase=measure iteration=15 host_elapsed_us=1596 ret=0
FIG8_ATTENTION_PROFILE_COUNT mode=scna-fp16 qo_len=8 phase=measure iteration=15 records=2 max_records=10
FIG8_ATTENTION_TIMERS mode=scna-fp16 scna_function=1 scna_kernel=0 phase=measure iteration=15 lut_exp=0 nonlinear_mode=1 scna_width=16 scna_exp=225 qo_len=8 kv_len=4096 n_heads=12 n_kv_heads=2 head_dim=128 kv_head=0 worker=0 profiled_total=623 q_load=2 k_load=171 v_load=166 qk_dot=4 safe_sm=272 core_acc=4 o_scale=1 o_store=3
FIG8_ATTENTION_TIMERS mode=scna-fp16 scna_function=1 scna_kernel=0 phase=measure iteration=15 lut_exp=0 nonlinear_mode=1 scna_width=16 scna_exp=226 qo_len=8 kv_len=4096 n_heads=12 n_kv_heads=2 head_dim=128 kv_head=1 worker=0 profiled_total=642 q_load=2 k_load=184 v_load=172 qk_dot=4 safe_sm=273 core_acc=3 o_scale=1 o_store=3
FIG8_ATTENTION_EVENT_COUNT mode=scna-fp16 qo_len=8 phase=measure iteration=15 events=16 max_events=6320 overflow=0
FIG8_ATTENTION_HOST_TIMING mode=scna-fp16 scna_function=exp scna_kernel=direct scna_width=16 qo_len=8 kv_len=4096 n_heads=12 n_kv_heads=2 head_dim=128 phase=measure iteration=16 host_elapsed_us=1587 ret=0
FIG8_ATTENTION_PROFILE_COUNT mode=scna-fp16 qo_len=8 phase=measure iteration=16 records=2 max_records=10
FIG8_ATTENTION_TIMERS mode=scna-fp16 scna_function=1 scna_kernel=0 phase=measure iteration=16 lut_exp=0 nonlinear_mode=1 scna_width=16 scna_exp=226 qo_len=8 kv_len=4096 n_heads=12 n_kv_heads=2 head_dim=128 kv_head=0 worker=0 profiled_total=625 q_load=2 k_load=169 v_load=167 qk_dot=4 safe_sm=275 core_acc=4 o_scale=1 o_store=3
FIG8_ATTENTION_TIMERS mode=scna-fp16 scna_function=1 scna_kernel=0 phase=measure iteration=16 lut_exp=0 nonlinear_mode=1 scna_width=16 scna_exp=227 qo_len=8 kv_len=4096 n_heads=12 n_kv_heads=2 head_dim=128 kv_head=1 worker=0 profiled_total=643 q_load=2 k_load=182 v_load=172 qk_dot=5 safe_sm=274 core_acc=4 o_scale=1 o_store=3
FIG8_ATTENTION_EVENT_COUNT mode=scna-fp16 qo_len=8 phase=measure iteration=16 events=16 max_events=6320 overflow=0
FIG8_ATTENTION_HOST_TIMING mode=scna-fp16 scna_function=exp scna_kernel=direct scna_width=16 qo_len=8 kv_len=4096 n_heads=12 n_kv_heads=2 head_dim=128 phase=measure iteration=17 host_elapsed_us=1514 ret=0
FIG8_ATTENTION_PROFILE_COUNT mode=scna-fp16 qo_len=8 phase=measure iteration=17 records=2 max_records=10
FIG8_ATTENTION_TIMERS mode=scna-fp16 scna_function=1 scna_kernel=0 phase=measure iteration=17 lut_exp=0 nonlinear_mode=1 scna_width=16 scna_exp=226 qo_len=8 kv_len=4096 n_heads=12 n_kv_heads=2 head_dim=128 kv_head=0 worker=0 profiled_total=617 q_load=2 k_load=169 v_load=161 qk_dot=4 safe_sm=273 core_acc=4 o_scale=1 o_store=3
FIG8_ATTENTION_TIMERS mode=scna-fp16 scna_function=1 scna_kernel=0 phase=measure iteration=17 lut_exp=0 nonlinear_mode=1 scna_width=16 scna_exp=226 qo_len=8 kv_len=4096 n_heads=12 n_kv_heads=2 head_dim=128 kv_head=1 worker=0 profiled_total=627 q_load=2 k_load=175 v_load=166 qk_dot=5 safe_sm=272 core_acc=4 o_scale=0 o_store=3
FIG8_ATTENTION_EVENT_COUNT mode=scna-fp16 qo_len=8 phase=measure iteration=17 events=16 max_events=6320 overflow=0
FIG8_ATTENTION_HOST_TIMING mode=scna-fp16 scna_function=exp scna_kernel=direct scna_width=16 qo_len=8 kv_len=4096 n_heads=12 n_kv_heads=2 head_dim=128 phase=measure iteration=18 host_elapsed_us=1482 ret=0
FIG8_ATTENTION_PROFILE_COUNT mode=scna-fp16 qo_len=8 phase=measure iteration=18 records=2 max_records=10
FIG8_ATTENTION_TIMERS mode=scna-fp16 scna_function=1 scna_kernel=0 phase=measure iteration=18 lut_exp=0 nonlinear_mode=1 scna_width=16 scna_exp=225 qo_len=8 kv_len=4096 n_heads=12 n_kv_heads=2 head_dim=128 kv_head=0 worker=0 profiled_total=619 q_load=2 k_load=169 v_load=164 qk_dot=4 safe_sm=272 core_acc=4 o_scale=1 o_store=3
FIG8_ATTENTION_TIMERS mode=scna-fp16 scna_function=1 scna_kernel=0 phase=measure iteration=18 lut_exp=0 nonlinear_mode=1 scna_width=16 scna_exp=226 qo_len=8 kv_len=4096 n_heads=12 n_kv_heads=2 head_dim=128 kv_head=1 worker=0 profiled_total=633 q_load=2 k_load=175 v_load=170 qk_dot=4 safe_sm=274 core_acc=4 o_scale=1 o_store=3
FIG8_ATTENTION_EVENT_COUNT mode=scna-fp16 qo_len=8 phase=measure iteration=18 events=16 max_events=6320 overflow=0
FIG8_ATTENTION_HOST_TIMING mode=scna-fp16 scna_function=exp scna_kernel=direct scna_width=16 qo_len=8 kv_len=4096 n_heads=12 n_kv_heads=2 head_dim=128 phase=measure iteration=19 host_elapsed_us=1590 ret=0
FIG8_ATTENTION_PROFILE_COUNT mode=scna-fp16 qo_len=8 phase=measure iteration=19 records=2 max_records=10
FIG8_ATTENTION_TIMERS mode=scna-fp16 scna_function=1 scna_kernel=0 phase=measure iteration=19 lut_exp=0 nonlinear_mode=1 scna_width=16 scna_exp=226 qo_len=8 kv_len=4096 n_heads=12 n_kv_heads=2 head_dim=128 kv_head=0 worker=0 profiled_total=612 q_load=2 k_load=169 v_load=155 qk_dot=4 safe_sm=274 core_acc=4 o_scale=1 o_store=3
FIG8_ATTENTION_TIMERS mode=scna-fp16 scna_function=1 scna_kernel=0 phase=measure iteration=19 lut_exp=0 nonlinear_mode=1 scna_width=16 scna_exp=226 qo_len=8 kv_len=4096 n_heads=12 n_kv_heads=2 head_dim=128 kv_head=1 worker=0 profiled_total=649 q_load=2 k_load=187 v_load=173 qk_dot=5 safe_sm=274 core_acc=4 o_scale=1 o_store=3
FIG8_ATTENTION_EVENT_COUNT mode=scna-fp16 qo_len=8 phase=measure iteration=19 events=16 max_events=6320 overflow=0
