alloc_shared_mem_buf: buf=0x7994e70000 fd=12 size=196608 flags=FASTRPC_MAP_FD
alloc_shared_mem_buf: buf=0x7701400000 fd=13 size=2097152 flags=FASTRPC_MAP_FD
alloc_shared_mem_buf: buf=0x7701200000 fd=14 size=2097152 flags=FASTRPC_MAP_FD
alloc_shared_mem_buf: buf=0x7994d70000 fd=15 size=196608 flags=FASTRPC_MAP_FD
alloc_shared_mem_buf: buf=0x77016c0000 fd=16 size=262144 flags=FASTRPC_MAP_FD
alloc_shared_mem_buf: buf=0x7701040000 fd=17 size=1794304 flags=FASTRPC_MAP_FD
alloc_shared_mem_buf: buf=0x799588d000 fd=18 size=4096 flags=FASTRPC_MAP_FD
No-op channel request completed
FIG8_ATTENTION_CONFIG mode=scna-fp16 scna_function=exp2 scna_kernel=direct mask_mode=full qo_len=32 kv_len=4096 n_heads=12 n_kv_heads=2 head_dim=128 warmup=5 iters=20 scna_width=32 q_size=196608 kv_size=2097152 mask_size=262144 profile_size=1794304 profile_max_records=10 profile_max_events=24896 mode_flags=36 print_events=0
FIG8_ATTENTION_HOST_TIMING mode=scna-fp16 scna_function=exp2 scna_kernel=direct scna_width=32 qo_len=32 kv_len=4096 n_heads=12 n_kv_heads=2 head_dim=128 phase=warmup iteration=0 host_elapsed_us=4194 ret=0
FIG8_ATTENTION_PROFILE_COUNT mode=scna-fp16 qo_len=32 phase=warmup iteration=0 records=2 max_records=10
FIG8_ATTENTION_TIMERS mode=scna-fp16 scna_function=0 scna_kernel=0 phase=warmup iteration=0 lut_exp=0 nonlinear_mode=1 scna_width=32 scna_exp=1447 qo_len=32 kv_len=4096 n_heads=12 n_kv_heads=2 head_dim=128 kv_head=0 worker=0 profiled_total=1911 q_load=8 k_load=71 v_load=164 qk_dot=12 safe_sm=1626 core_acc=15 o_scale=2 o_store=13
FIG8_ATTENTION_TIMERS mode=scna-fp16 scna_function=0 scna_kernel=0 phase=warmup iteration=0 lut_exp=0 nonlinear_mode=1 scna_width=32 scna_exp=1443 qo_len=32 kv_len=4096 n_heads=12 n_kv_heads=2 head_dim=128 kv_head=1 worker=0 profiled_total=1893 q_load=8 k_load=75 v_load=157 qk_dot=12 safe_sm=1615 core_acc=14 o_scale=1 o_store=11
FIG8_ATTENTION_EVENT_COUNT mode=scna-fp16 qo_len=32 phase=warmup iteration=0 events=16 max_events=24896 overflow=0
FIG8_ATTENTION_HOST_TIMING mode=scna-fp16 scna_function=exp2 scna_kernel=direct scna_width=32 qo_len=32 kv_len=4096 n_heads=12 n_kv_heads=2 head_dim=128 phase=warmup iteration=1 host_elapsed_us=4229 ret=0
FIG8_ATTENTION_PROFILE_COUNT mode=scna-fp16 qo_len=32 phase=warmup iteration=1 records=2 max_records=10
FIG8_ATTENTION_TIMERS mode=scna-fp16 scna_function=0 scna_kernel=0 phase=warmup iteration=1 lut_exp=0 nonlinear_mode=1 scna_width=32 scna_exp=1436 qo_len=32 kv_len=4096 n_heads=12 n_kv_heads=2 head_dim=128 kv_head=0 worker=0 profiled_total=1948 q_load=8 k_load=153 v_load=134 qk_dot=12 safe_sm=1616 core_acc=12 o_scale=2 o_store=11
FIG8_ATTENTION_TIMERS mode=scna-fp16 scna_function=0 scna_kernel=0 phase=warmup iteration=1 lut_exp=0 nonlinear_mode=1 scna_width=32 scna_exp=1436 qo_len=32 kv_len=4096 n_heads=12 n_kv_heads=2 head_dim=128 kv_head=1 worker=0 profiled_total=1934 q_load=7 k_load=132 v_load=154 qk_dot=12 safe_sm=1604 core_acc=13 o_scale=1 o_store=11
FIG8_ATTENTION_EVENT_COUNT mode=scna-fp16 qo_len=32 phase=warmup iteration=1 events=16 max_events=24896 overflow=0
FIG8_ATTENTION_HOST_TIMING mode=scna-fp16 scna_function=exp2 scna_kernel=direct scna_width=32 qo_len=32 kv_len=4096 n_heads=12 n_kv_heads=2 head_dim=128 phase=warmup iteration=2 host_elapsed_us=4305 ret=0
FIG8_ATTENTION_PROFILE_COUNT mode=scna-fp16 qo_len=32 phase=warmup iteration=2 records=2 max_records=10
FIG8_ATTENTION_TIMERS mode=scna-fp16 scna_function=0 scna_kernel=0 phase=warmup iteration=2 lut_exp=0 nonlinear_mode=1 scna_width=32 scna_exp=1434 qo_len=32 kv_len=4096 n_heads=12 n_kv_heads=2 head_dim=128 kv_head=0 worker=0 profiled_total=1972 q_load=8 k_load=156 v_load=153 qk_dot=12 safe_sm=1617 core_acc=13 o_scale=2 o_store=11
FIG8_ATTENTION_TIMERS mode=scna-fp16 scna_function=0 scna_kernel=0 phase=warmup iteration=2 lut_exp=0 nonlinear_mode=1 scna_width=32 scna_exp=1436 qo_len=32 kv_len=4096 n_heads=12 n_kv_heads=2 head_dim=128 kv_head=1 worker=0 profiled_total=1981 q_load=7 k_load=177 v_load=154 qk_dot=12 safe_sm=1606 core_acc=13 o_scale=1 o_store=11
FIG8_ATTENTION_EVENT_COUNT mode=scna-fp16 qo_len=32 phase=warmup iteration=2 events=16 max_events=24896 overflow=0
FIG8_ATTENTION_HOST_TIMING mode=scna-fp16 scna_function=exp2 scna_kernel=direct scna_width=32 qo_len=32 kv_len=4096 n_heads=12 n_kv_heads=2 head_dim=128 phase=warmup iteration=3 host_elapsed_us=4272 ret=0
FIG8_ATTENTION_PROFILE_COUNT mode=scna-fp16 qo_len=32 phase=warmup iteration=3 records=2 max_records=10
FIG8_ATTENTION_TIMERS mode=scna-fp16 scna_function=0 scna_kernel=0 phase=warmup iteration=3 lut_exp=0 nonlinear_mode=1 scna_width=32 scna_exp=1435 qo_len=32 kv_len=4096 n_heads=12 n_kv_heads=2 head_dim=128 kv_head=0 worker=0 profiled_total=1977 q_load=8 k_load=158 v_load=156 qk_dot=12 safe_sm=1617 core_acc=13 o_scale=2 o_store=11
FIG8_ATTENTION_TIMERS mode=scna-fp16 scna_function=0 scna_kernel=0 phase=warmup iteration=3 lut_exp=0 nonlinear_mode=1 scna_width=32 scna_exp=1434 qo_len=32 kv_len=4096 n_heads=12 n_kv_heads=2 head_dim=128 kv_head=1 worker=0 profiled_total=1984 q_load=7 k_load=175 v_load=161 qk_dot=12 safe_sm=1604 core_acc=13 o_scale=1 o_store=11
FIG8_ATTENTION_EVENT_COUNT mode=scna-fp16 qo_len=32 phase=warmup iteration=3 events=16 max_events=24896 overflow=0
FIG8_ATTENTION_HOST_TIMING mode=scna-fp16 scna_function=exp2 scna_kernel=direct scna_width=32 qo_len=32 kv_len=4096 n_heads=12 n_kv_heads=2 head_dim=128 phase=warmup iteration=4 host_elapsed_us=4296 ret=0
FIG8_ATTENTION_PROFILE_COUNT mode=scna-fp16 qo_len=32 phase=warmup iteration=4 records=2 max_records=10
FIG8_ATTENTION_TIMERS mode=scna-fp16 scna_function=0 scna_kernel=0 phase=warmup iteration=4 lut_exp=0 nonlinear_mode=1 scna_width=32 scna_exp=1436 qo_len=32 kv_len=4096 n_heads=12 n_kv_heads=2 head_dim=128 kv_head=0 worker=0 profiled_total=1983 q_load=8 k_load=151 v_load=162 qk_dot=12 safe_sm=1624 core_acc=13 o_scale=2 o_store=11
FIG8_ATTENTION_TIMERS mode=scna-fp16 scna_function=0 scna_kernel=0 phase=warmup iteration=4 lut_exp=0 nonlinear_mode=1 scna_width=32 scna_exp=1434 qo_len=32 kv_len=4096 n_heads=12 n_kv_heads=2 head_dim=128 kv_head=1 worker=0 profiled_total=1995 q_load=7 k_load=181 v_load=162 qk_dot=12 safe_sm=1608 core_acc=13 o_scale=1 o_store=11
FIG8_ATTENTION_EVENT_COUNT mode=scna-fp16 qo_len=32 phase=warmup iteration=4 events=16 max_events=24896 overflow=0
FIG8_ATTENTION_HOST_TIMING mode=scna-fp16 scna_function=exp2 scna_kernel=direct scna_width=32 qo_len=32 kv_len=4096 n_heads=12 n_kv_heads=2 head_dim=128 phase=measure iteration=0 host_elapsed_us=4298 ret=0
FIG8_ATTENTION_PROFILE_COUNT mode=scna-fp16 qo_len=32 phase=measure iteration=0 records=2 max_records=10
FIG8_ATTENTION_TIMERS mode=scna-fp16 scna_function=0 scna_kernel=0 phase=measure iteration=0 lut_exp=0 nonlinear_mode=1 scna_width=32 scna_exp=1435 qo_len=32 kv_len=4096 n_heads=12 n_kv_heads=2 head_dim=128 kv_head=0 worker=0 profiled_total=1974 q_load=8 k_load=143 v_load=163 qk_dot=12 safe_sm=1622 core_acc=13 o_scale=2 o_store=11
FIG8_ATTENTION_TIMERS mode=scna-fp16 scna_function=0 scna_kernel=0 phase=measure iteration=0 lut_exp=0 nonlinear_mode=1 scna_width=32 scna_exp=1435 qo_len=32 kv_len=4096 n_heads=12 n_kv_heads=2 head_dim=128 kv_head=1 worker=0 profiled_total=1996 q_load=7 k_load=184 v_load=159 qk_dot=12 safe_sm=1608 core_acc=14 o_scale=1 o_store=11
FIG8_ATTENTION_EVENT_COUNT mode=scna-fp16 qo_len=32 phase=measure iteration=0 events=16 max_events=24896 overflow=0
FIG8_ATTENTION_HOST_TIMING mode=scna-fp16 scna_function=exp2 scna_kernel=direct scna_width=32 qo_len=32 kv_len=4096 n_heads=12 n_kv_heads=2 head_dim=128 phase=measure iteration=1 host_elapsed_us=4295 ret=0
FIG8_ATTENTION_PROFILE_COUNT mode=scna-fp16 qo_len=32 phase=measure iteration=1 records=2 max_records=10
FIG8_ATTENTION_TIMERS mode=scna-fp16 scna_function=0 scna_kernel=0 phase=measure iteration=1 lut_exp=0 nonlinear_mode=1 scna_width=32 scna_exp=1435 qo_len=32 kv_len=4096 n_heads=12 n_kv_heads=2 head_dim=128 kv_head=0 worker=0 profiled_total=1967 q_load=8 k_load=144 v_load=161 qk_dot=12 safe_sm=1616 core_acc=13 o_scale=2 o_store=11
FIG8_ATTENTION_TIMERS mode=scna-fp16 scna_function=0 scna_kernel=0 phase=measure iteration=1 lut_exp=0 nonlinear_mode=1 scna_width=32 scna_exp=1434 qo_len=32 kv_len=4096 n_heads=12 n_kv_heads=2 head_dim=128 kv_head=1 worker=0 profiled_total=1995 q_load=7 k_load=183 v_load=159 qk_dot=12 safe_sm=1608 core_acc=14 o_scale=1 o_store=11
FIG8_ATTENTION_EVENT_COUNT mode=scna-fp16 qo_len=32 phase=measure iteration=1 events=16 max_events=24896 overflow=0
FIG8_ATTENTION_HOST_TIMING mode=scna-fp16 scna_function=exp2 scna_kernel=direct scna_width=32 qo_len=32 kv_len=4096 n_heads=12 n_kv_heads=2 head_dim=128 phase=measure iteration=2 host_elapsed_us=4340 ret=0
FIG8_ATTENTION_PROFILE_COUNT mode=scna-fp16 qo_len=32 phase=measure iteration=2 records=2 max_records=10
FIG8_ATTENTION_TIMERS mode=scna-fp16 scna_function=0 scna_kernel=0 phase=measure iteration=2 lut_exp=0 nonlinear_mode=1 scna_width=32 scna_exp=1434 qo_len=32 kv_len=4096 n_heads=12 n_kv_heads=2 head_dim=128 kv_head=0 worker=0 profiled_total=1948 q_load=8 k_load=145 v_load=138 qk_dot=12 safe_sm=1619 core_acc=13 o_scale=2 o_store=11
FIG8_ATTENTION_TIMERS mode=scna-fp16 scna_function=0 scna_kernel=0 phase=measure iteration=2 lut_exp=0 nonlinear_mode=1 scna_width=32 scna_exp=1435 qo_len=32 kv_len=4096 n_heads=12 n_kv_heads=2 head_dim=128 kv_head=1 worker=0 profiled_total=2004 q_load=7 k_load=181 v_load=167 qk_dot=12 safe_sm=1611 core_acc=14 o_scale=1 o_store=11
FIG8_ATTENTION_EVENT_COUNT mode=scna-fp16 qo_len=32 phase=measure iteration=2 events=16 max_events=24896 overflow=0
FIG8_ATTENTION_HOST_TIMING mode=scna-fp16 scna_function=exp2 scna_kernel=direct scna_width=32 qo_len=32 kv_len=4096 n_heads=12 n_kv_heads=2 head_dim=128 phase=measure iteration=3 host_elapsed_us=4376 ret=0
FIG8_ATTENTION_PROFILE_COUNT mode=scna-fp16 qo_len=32 phase=measure iteration=3 records=2 max_records=10
FIG8_ATTENTION_TIMERS mode=scna-fp16 scna_function=0 scna_kernel=0 phase=measure iteration=3 lut_exp=0 nonlinear_mode=1 scna_width=32 scna_exp=1435 qo_len=32 kv_len=4096 n_heads=12 n_kv_heads=2 head_dim=128 kv_head=0 worker=0 profiled_total=2013 q_load=8 k_load=168 v_load=169 qk_dot=12 safe_sm=1630 core_acc=13 o_scale=2 o_store=11
FIG8_ATTENTION_TIMERS mode=scna-fp16 scna_function=0 scna_kernel=0 phase=measure iteration=3 lut_exp=0 nonlinear_mode=1 scna_width=32 scna_exp=1436 qo_len=32 kv_len=4096 n_heads=12 n_kv_heads=2 head_dim=128 kv_head=1 worker=0 profiled_total=2019 q_load=7 k_load=194 v_load=164 qk_dot=12 safe_sm=1616 core_acc=14 o_scale=1 o_store=11
FIG8_ATTENTION_EVENT_COUNT mode=scna-fp16 qo_len=32 phase=measure iteration=3 events=16 max_events=24896 overflow=0
FIG8_ATTENTION_HOST_TIMING mode=scna-fp16 scna_function=exp2 scna_kernel=direct scna_width=32 qo_len=32 kv_len=4096 n_heads=12 n_kv_heads=2 head_dim=128 phase=measure iteration=4 host_elapsed_us=4342 ret=0
FIG8_ATTENTION_PROFILE_COUNT mode=scna-fp16 qo_len=32 phase=measure iteration=4 records=2 max_records=10
FIG8_ATTENTION_TIMERS mode=scna-fp16 scna_function=0 scna_kernel=0 phase=measure iteration=4 lut_exp=0 nonlinear_mode=1 scna_width=32 scna_exp=1435 qo_len=32 kv_len=4096 n_heads=12 n_kv_heads=2 head_dim=128 kv_head=0 worker=0 profiled_total=2010 q_load=8 k_load=166 v_load=166 qk_dot=12 safe_sm=1632 core_acc=13 o_scale=2 o_store=11
FIG8_ATTENTION_TIMERS mode=scna-fp16 scna_function=0 scna_kernel=0 phase=measure iteration=4 lut_exp=0 nonlinear_mode=1 scna_width=32 scna_exp=1435 qo_len=32 kv_len=4096 n_heads=12 n_kv_heads=2 head_dim=128 kv_head=1 worker=0 profiled_total=2026 q_load=7 k_load=192 v_load=168 qk_dot=12 safe_sm=1621 core_acc=14 o_scale=1 o_store=11
FIG8_ATTENTION_EVENT_COUNT mode=scna-fp16 qo_len=32 phase=measure iteration=4 events=16 max_events=24896 overflow=0
FIG8_ATTENTION_HOST_TIMING mode=scna-fp16 scna_function=exp2 scna_kernel=direct scna_width=32 qo_len=32 kv_len=4096 n_heads=12 n_kv_heads=2 head_dim=128 phase=measure iteration=5 host_elapsed_us=4414 ret=0
FIG8_ATTENTION_PROFILE_COUNT mode=scna-fp16 qo_len=32 phase=measure iteration=5 records=2 max_records=10
FIG8_ATTENTION_TIMERS mode=scna-fp16 scna_function=0 scna_kernel=0 phase=measure iteration=5 lut_exp=0 nonlinear_mode=1 scna_width=32 scna_exp=1435 qo_len=32 kv_len=4096 n_heads=12 n_kv_heads=2 head_dim=128 kv_head=0 worker=0 profiled_total=2010 q_load=8 k_load=166 v_load=165 qk_dot=12 safe_sm=1633 core_acc=13 o_scale=2 o_store=11
FIG8_ATTENTION_TIMERS mode=scna-fp16 scna_function=0 scna_kernel=0 phase=measure iteration=5 lut_exp=0 nonlinear_mode=1 scna_width=32 scna_exp=1435 qo_len=32 kv_len=4096 n_heads=12 n_kv_heads=2 head_dim=128 kv_head=1 worker=0 profiled_total=2025 q_load=7 k_load=194 v_load=166 qk_dot=12 safe_sm=1620 core_acc=14 o_scale=1 o_store=11
FIG8_ATTENTION_EVENT_COUNT mode=scna-fp16 qo_len=32 phase=measure iteration=5 events=16 max_events=24896 overflow=0
FIG8_ATTENTION_HOST_TIMING mode=scna-fp16 scna_function=exp2 scna_kernel=direct scna_width=32 qo_len=32 kv_len=4096 n_heads=12 n_kv_heads=2 head_dim=128 phase=measure iteration=6 host_elapsed_us=4334 ret=0
FIG8_ATTENTION_PROFILE_COUNT mode=scna-fp16 qo_len=32 phase=measure iteration=6 records=2 max_records=10
FIG8_ATTENTION_TIMERS mode=scna-fp16 scna_function=0 scna_kernel=0 phase=measure iteration=6 lut_exp=0 nonlinear_mode=1 scna_width=32 scna_exp=1436 qo_len=32 kv_len=4096 n_heads=12 n_kv_heads=2 head_dim=128 kv_head=0 worker=0 profiled_total=2012 q_load=8 k_load=165 v_load=168 qk_dot=12 safe_sm=1633 core_acc=13 o_scale=2 o_store=11
FIG8_ATTENTION_TIMERS mode=scna-fp16 scna_function=0 scna_kernel=0 phase=measure iteration=6 lut_exp=0 nonlinear_mode=1 scna_width=32 scna_exp=1435 qo_len=32 kv_len=4096 n_heads=12 n_kv_heads=2 head_dim=128 kv_head=1 worker=0 profiled_total=2024 q_load=7 k_load=189 v_load=169 qk_dot=12 safe_sm=1621 core_acc=14 o_scale=1 o_store=11
FIG8_ATTENTION_EVENT_COUNT mode=scna-fp16 qo_len=32 phase=measure iteration=6 events=16 max_events=24896 overflow=0
FIG8_ATTENTION_HOST_TIMING mode=scna-fp16 scna_function=exp2 scna_kernel=direct scna_width=32 qo_len=32 kv_len=4096 n_heads=12 n_kv_heads=2 head_dim=128 phase=measure iteration=7 host_elapsed_us=4358 ret=0
FIG8_ATTENTION_PROFILE_COUNT mode=scna-fp16 qo_len=32 phase=measure iteration=7 records=2 max_records=10
FIG8_ATTENTION_TIMERS mode=scna-fp16 scna_function=0 scna_kernel=0 phase=measure iteration=7 lut_exp=0 nonlinear_mode=1 scna_width=32 scna_exp=1435 qo_len=32 kv_len=4096 n_heads=12 n_kv_heads=2 head_dim=128 kv_head=0 worker=0 profiled_total=2007 q_load=8 k_load=164 v_load=167 qk_dot=12 safe_sm=1630 core_acc=13 o_scale=2 o_store=11
FIG8_ATTENTION_TIMERS mode=scna-fp16 scna_function=0 scna_kernel=0 phase=measure iteration=7 lut_exp=0 nonlinear_mode=1 scna_width=32 scna_exp=1435 qo_len=32 kv_len=4096 n_heads=12 n_kv_heads=2 head_dim=128 kv_head=1 worker=0 profiled_total=2024 q_load=7 k_load=191 v_load=169 qk_dot=12 safe_sm=1620 core_acc=13 o_scale=1 o_store=11
FIG8_ATTENTION_EVENT_COUNT mode=scna-fp16 qo_len=32 phase=measure iteration=7 events=16 max_events=24896 overflow=0
FIG8_ATTENTION_HOST_TIMING mode=scna-fp16 scna_function=exp2 scna_kernel=direct scna_width=32 qo_len=32 kv_len=4096 n_heads=12 n_kv_heads=2 head_dim=128 phase=measure iteration=8 host_elapsed_us=4312 ret=0
FIG8_ATTENTION_PROFILE_COUNT mode=scna-fp16 qo_len=32 phase=measure iteration=8 records=2 max_records=10
FIG8_ATTENTION_TIMERS mode=scna-fp16 scna_function=0 scna_kernel=0 phase=measure iteration=8 lut_exp=0 nonlinear_mode=1 scna_width=32 scna_exp=1435 qo_len=32 kv_len=4096 n_heads=12 n_kv_heads=2 head_dim=128 kv_head=0 worker=0 profiled_total=2012 q_load=8 k_load=165 v_load=168 qk_dot=12 safe_sm=1633 core_acc=13 o_scale=2 o_store=11
FIG8_ATTENTION_TIMERS mode=scna-fp16 scna_function=0 scna_kernel=0 phase=measure iteration=8 lut_exp=0 nonlinear_mode=1 scna_width=32 scna_exp=1435 qo_len=32 kv_len=4096 n_heads=12 n_kv_heads=2 head_dim=128 kv_head=1 worker=0 profiled_total=2017 q_load=7 k_load=187 v_load=168 qk_dot=12 safe_sm=1618 core_acc=13 o_scale=1 o_store=11
FIG8_ATTENTION_EVENT_COUNT mode=scna-fp16 qo_len=32 phase=measure iteration=8 events=16 max_events=24896 overflow=0
FIG8_ATTENTION_HOST_TIMING mode=scna-fp16 scna_function=exp2 scna_kernel=direct scna_width=32 qo_len=32 kv_len=4096 n_heads=12 n_kv_heads=2 head_dim=128 phase=measure iteration=9 host_elapsed_us=4424 ret=0
FIG8_ATTENTION_PROFILE_COUNT mode=scna-fp16 qo_len=32 phase=measure iteration=9 records=2 max_records=10
FIG8_ATTENTION_TIMERS mode=scna-fp16 scna_function=0 scna_kernel=0 phase=measure iteration=9 lut_exp=0 nonlinear_mode=1 scna_width=32 scna_exp=1435 qo_len=32 kv_len=4096 n_heads=12 n_kv_heads=2 head_dim=128 kv_head=0 worker=0 profiled_total=2003 q_load=8 k_load=164 v_load=164 qk_dot=12 safe_sm=1629 core_acc=13 o_scale=2 o_store=11
FIG8_ATTENTION_TIMERS mode=scna-fp16 scna_function=0 scna_kernel=0 phase=measure iteration=9 lut_exp=0 nonlinear_mode=1 scna_width=32 scna_exp=1435 qo_len=32 kv_len=4096 n_heads=12 n_kv_heads=2 head_dim=128 kv_head=1 worker=0 profiled_total=2022 q_load=7 k_load=192 v_load=166 qk_dot=12 safe_sm=1619 core_acc=14 o_scale=1 o_store=11
FIG8_ATTENTION_EVENT_COUNT mode=scna-fp16 qo_len=32 phase=measure iteration=9 events=16 max_events=24896 overflow=0
FIG8_ATTENTION_HOST_TIMING mode=scna-fp16 scna_function=exp2 scna_kernel=direct scna_width=32 qo_len=32 kv_len=4096 n_heads=12 n_kv_heads=2 head_dim=128 phase=measure iteration=10 host_elapsed_us=4338 ret=0
FIG8_ATTENTION_PROFILE_COUNT mode=scna-fp16 qo_len=32 phase=measure iteration=10 records=2 max_records=10
FIG8_ATTENTION_TIMERS mode=scna-fp16 scna_function=0 scna_kernel=0 phase=measure iteration=10 lut_exp=0 nonlinear_mode=1 scna_width=32 scna_exp=1435 qo_len=32 kv_len=4096 n_heads=12 n_kv_heads=2 head_dim=128 kv_head=0 worker=0 profiled_total=2011 q_load=8 k_load=165 v_load=167 qk_dot=12 safe_sm=1633 core_acc=13 o_scale=2 o_store=11
FIG8_ATTENTION_TIMERS mode=scna-fp16 scna_function=0 scna_kernel=0 phase=measure iteration=10 lut_exp=0 nonlinear_mode=1 scna_width=32 scna_exp=1435 qo_len=32 kv_len=4096 n_heads=12 n_kv_heads=2 head_dim=128 kv_head=1 worker=0 profiled_total=2024 q_load=7 k_load=191 v_load=167 qk_dot=12 safe_sm=1621 core_acc=13 o_scale=1 o_store=12
FIG8_ATTENTION_EVENT_COUNT mode=scna-fp16 qo_len=32 phase=measure iteration=10 events=16 max_events=24896 overflow=0
FIG8_ATTENTION_HOST_TIMING mode=scna-fp16 scna_function=exp2 scna_kernel=direct scna_width=32 qo_len=32 kv_len=4096 n_heads=12 n_kv_heads=2 head_dim=128 phase=measure iteration=11 host_elapsed_us=4337 ret=0
FIG8_ATTENTION_PROFILE_COUNT mode=scna-fp16 qo_len=32 phase=measure iteration=11 records=2 max_records=10
FIG8_ATTENTION_TIMERS mode=scna-fp16 scna_function=0 scna_kernel=0 phase=measure iteration=11 lut_exp=0 nonlinear_mode=1 scna_width=32 scna_exp=1435 qo_len=32 kv_len=4096 n_heads=12 n_kv_heads=2 head_dim=128 kv_head=0 worker=0 profiled_total=2011 q_load=8 k_load=166 v_load=168 qk_dot=12 safe_sm=1631 core_acc=13 o_scale=2 o_store=11
FIG8_ATTENTION_TIMERS mode=scna-fp16 scna_function=0 scna_kernel=0 phase=measure iteration=11 lut_exp=0 nonlinear_mode=1 scna_width=32 scna_exp=1435 qo_len=32 kv_len=4096 n_heads=12 n_kv_heads=2 head_dim=128 kv_head=1 worker=0 profiled_total=2024 q_load=7 k_load=191 v_load=167 qk_dot=12 safe_sm=1621 core_acc=14 o_scale=1 o_store=11
FIG8_ATTENTION_EVENT_COUNT mode=scna-fp16 qo_len=32 phase=measure iteration=11 events=16 max_events=24896 overflow=0
FIG8_ATTENTION_HOST_TIMING mode=scna-fp16 scna_function=exp2 scna_kernel=direct scna_width=32 qo_len=32 kv_len=4096 n_heads=12 n_kv_heads=2 head_dim=128 phase=measure iteration=12 host_elapsed_us=4335 ret=0
FIG8_ATTENTION_PROFILE_COUNT mode=scna-fp16 qo_len=32 phase=measure iteration=12 records=2 max_records=10
FIG8_ATTENTION_TIMERS mode=scna-fp16 scna_function=0 scna_kernel=0 phase=measure iteration=12 lut_exp=0 nonlinear_mode=1 scna_width=32 scna_exp=1435 qo_len=32 kv_len=4096 n_heads=12 n_kv_heads=2 head_dim=128 kv_head=0 worker=0 profiled_total=2012 q_load=8 k_load=165 v_load=168 qk_dot=12 safe_sm=1633 core_acc=13 o_scale=2 o_store=11
FIG8_ATTENTION_TIMERS mode=scna-fp16 scna_function=0 scna_kernel=0 phase=measure iteration=12 lut_exp=0 nonlinear_mode=1 scna_width=32 scna_exp=1435 qo_len=32 kv_len=4096 n_heads=12 n_kv_heads=2 head_dim=128 kv_head=1 worker=0 profiled_total=2022 q_load=7 k_load=190 v_load=168 qk_dot=12 safe_sm=1620 core_acc=13 o_scale=1 o_store=11
FIG8_ATTENTION_EVENT_COUNT mode=scna-fp16 qo_len=32 phase=measure iteration=12 events=16 max_events=24896 overflow=0
FIG8_ATTENTION_HOST_TIMING mode=scna-fp16 scna_function=exp2 scna_kernel=direct scna_width=32 qo_len=32 kv_len=4096 n_heads=12 n_kv_heads=2 head_dim=128 phase=measure iteration=13 host_elapsed_us=4307 ret=0
FIG8_ATTENTION_PROFILE_COUNT mode=scna-fp16 qo_len=32 phase=measure iteration=13 records=2 max_records=10
FIG8_ATTENTION_TIMERS mode=scna-fp16 scna_function=0 scna_kernel=0 phase=measure iteration=13 lut_exp=0 nonlinear_mode=1 scna_width=32 scna_exp=1435 qo_len=32 kv_len=4096 n_heads=12 n_kv_heads=2 head_dim=128 kv_head=0 worker=0 profiled_total=2006 q_load=8 k_load=165 v_load=164 qk_dot=12 safe_sm=1631 core_acc=13 o_scale=2 o_store=11
FIG8_ATTENTION_TIMERS mode=scna-fp16 scna_function=0 scna_kernel=0 phase=measure iteration=13 lut_exp=0 nonlinear_mode=1 scna_width=32 scna_exp=1436 qo_len=32 kv_len=4096 n_heads=12 n_kv_heads=2 head_dim=128 kv_head=1 worker=0 profiled_total=2015 q_load=7 k_load=182 v_load=168 qk_dot=12 safe_sm=1620 core_acc=14 o_scale=1 o_store=11
FIG8_ATTENTION_EVENT_COUNT mode=scna-fp16 qo_len=32 phase=measure iteration=13 events=16 max_events=24896 overflow=0
FIG8_ATTENTION_HOST_TIMING mode=scna-fp16 scna_function=exp2 scna_kernel=direct scna_width=32 qo_len=32 kv_len=4096 n_heads=12 n_kv_heads=2 head_dim=128 phase=measure iteration=14 host_elapsed_us=4380 ret=0
FIG8_ATTENTION_PROFILE_COUNT mode=scna-fp16 qo_len=32 phase=measure iteration=14 records=2 max_records=10
FIG8_ATTENTION_TIMERS mode=scna-fp16 scna_function=0 scna_kernel=0 phase=measure iteration=14 lut_exp=0 nonlinear_mode=1 scna_width=32 scna_exp=1435 qo_len=32 kv_len=4096 n_heads=12 n_kv_heads=2 head_dim=128 kv_head=0 worker=0 profiled_total=2004 q_load=8 k_load=163 v_load=165 qk_dot=12 safe_sm=1630 core_acc=13 o_scale=2 o_store=11
FIG8_ATTENTION_TIMERS mode=scna-fp16 scna_function=0 scna_kernel=0 phase=measure iteration=14 lut_exp=0 nonlinear_mode=1 scna_width=32 scna_exp=1436 qo_len=32 kv_len=4096 n_heads=12 n_kv_heads=2 head_dim=128 kv_head=1 worker=0 profiled_total=2028 q_load=7 k_load=195 v_load=168 qk_dot=12 safe_sm=1620 core_acc=14 o_scale=1 o_store=11
FIG8_ATTENTION_EVENT_COUNT mode=scna-fp16 qo_len=32 phase=measure iteration=14 events=16 max_events=24896 overflow=0
FIG8_ATTENTION_HOST_TIMING mode=scna-fp16 scna_function=exp2 scna_kernel=direct scna_width=32 qo_len=32 kv_len=4096 n_heads=12 n_kv_heads=2 head_dim=128 phase=measure iteration=15 host_elapsed_us=4212 ret=0
FIG8_ATTENTION_PROFILE_COUNT mode=scna-fp16 qo_len=32 phase=measure iteration=15 records=2 max_records=10
FIG8_ATTENTION_TIMERS mode=scna-fp16 scna_function=0 scna_kernel=0 phase=measure iteration=15 lut_exp=0 nonlinear_mode=1 scna_width=32 scna_exp=1435 qo_len=32 kv_len=4096 n_heads=12 n_kv_heads=2 head_dim=128 kv_head=0 worker=0 profiled_total=1970 q_load=8 k_load=163 v_load=139 qk_dot=12 safe_sm=1622 core_acc=13 o_scale=2 o_store=11
FIG8_ATTENTION_TIMERS mode=scna-fp16 scna_function=0 scna_kernel=0 phase=measure iteration=15 lut_exp=0 nonlinear_mode=1 scna_width=32 scna_exp=1434 qo_len=32 kv_len=4096 n_heads=12 n_kv_heads=2 head_dim=128 kv_head=1 worker=0 profiled_total=1951 q_load=7 k_load=162 v_load=144 qk_dot=12 safe_sm=1601 core_acc=13 o_scale=1 o_store=11
FIG8_ATTENTION_EVENT_COUNT mode=scna-fp16 qo_len=32 phase=measure iteration=15 events=16 max_events=24896 overflow=0
FIG8_ATTENTION_HOST_TIMING mode=scna-fp16 scna_function=exp2 scna_kernel=direct scna_width=32 qo_len=32 kv_len=4096 n_heads=12 n_kv_heads=2 head_dim=128 phase=measure iteration=16 host_elapsed_us=4251 ret=0
FIG8_ATTENTION_PROFILE_COUNT mode=scna-fp16 qo_len=32 phase=measure iteration=16 records=2 max_records=10
FIG8_ATTENTION_TIMERS mode=scna-fp16 scna_function=0 scna_kernel=0 phase=measure iteration=16 lut_exp=0 nonlinear_mode=1 scna_width=32 scna_exp=1434 qo_len=32 kv_len=4096 n_heads=12 n_kv_heads=2 head_dim=128 kv_head=0 worker=0 profiled_total=1941 q_load=8 k_load=139 v_load=146 qk_dot=12 safe_sm=1610 core_acc=13 o_scale=2 o_store=11
FIG8_ATTENTION_TIMERS mode=scna-fp16 scna_function=0 scna_kernel=0 phase=measure iteration=16 lut_exp=0 nonlinear_mode=1 scna_width=32 scna_exp=1434 qo_len=32 kv_len=4096 n_heads=12 n_kv_heads=2 head_dim=128 kv_head=1 worker=0 profiled_total=1976 q_load=7 k_load=160 v_load=168 qk_dot=12 safe_sm=1604 core_acc=13 o_scale=1 o_store=11
FIG8_ATTENTION_EVENT_COUNT mode=scna-fp16 qo_len=32 phase=measure iteration=16 events=16 max_events=24896 overflow=0
FIG8_ATTENTION_HOST_TIMING mode=scna-fp16 scna_function=exp2 scna_kernel=direct scna_width=32 qo_len=32 kv_len=4096 n_heads=12 n_kv_heads=2 head_dim=128 phase=measure iteration=17 host_elapsed_us=4329 ret=0
FIG8_ATTENTION_PROFILE_COUNT mode=scna-fp16 qo_len=32 phase=measure iteration=17 records=2 max_records=10
FIG8_ATTENTION_TIMERS mode=scna-fp16 scna_function=0 scna_kernel=0 phase=measure iteration=17 lut_exp=0 nonlinear_mode=1 scna_width=32 scna_exp=1435 qo_len=32 kv_len=4096 n_heads=12 n_kv_heads=2 head_dim=128 kv_head=0 worker=0 profiled_total=2005 q_load=8 k_load=166 v_load=165 qk_dot=12 safe_sm=1628 core_acc=13 o_scale=2 o_store=11
FIG8_ATTENTION_TIMERS mode=scna-fp16 scna_function=0 scna_kernel=0 phase=measure iteration=17 lut_exp=0 nonlinear_mode=1 scna_width=32 scna_exp=1435 qo_len=32 kv_len=4096 n_heads=12 n_kv_heads=2 head_dim=128 kv_head=1 worker=0 profiled_total=2020 q_load=7 k_load=189 v_load=168 qk_dot=12 safe_sm=1619 core_acc=13 o_scale=1 o_store=11
FIG8_ATTENTION_EVENT_COUNT mode=scna-fp16 qo_len=32 phase=measure iteration=17 events=16 max_events=24896 overflow=0
FIG8_ATTENTION_HOST_TIMING mode=scna-fp16 scna_function=exp2 scna_kernel=direct scna_width=32 qo_len=32 kv_len=4096 n_heads=12 n_kv_heads=2 head_dim=128 phase=measure iteration=18 host_elapsed_us=4319 ret=0
FIG8_ATTENTION_PROFILE_COUNT mode=scna-fp16 qo_len=32 phase=measure iteration=18 records=2 max_records=10
FIG8_ATTENTION_TIMERS mode=scna-fp16 scna_function=0 scna_kernel=0 phase=measure iteration=18 lut_exp=0 nonlinear_mode=1 scna_width=32 scna_exp=1435 qo_len=32 kv_len=4096 n_heads=12 n_kv_heads=2 head_dim=128 kv_head=0 worker=0 profiled_total=2009 q_load=8 k_load=162 v_load=164 qk_dot=12 safe_sm=1636 core_acc=14 o_scale=2 o_store=11
FIG8_ATTENTION_TIMERS mode=scna-fp16 scna_function=0 scna_kernel=0 phase=measure iteration=18 lut_exp=0 nonlinear_mode=1 scna_width=32 scna_exp=1435 qo_len=32 kv_len=4096 n_heads=12 n_kv_heads=2 head_dim=128 kv_head=1 worker=0 profiled_total=2017 q_load=7 k_load=187 v_load=168 qk_dot=12 safe_sm=1617 core_acc=14 o_scale=1 o_store=11
FIG8_ATTENTION_EVENT_COUNT mode=scna-fp16 qo_len=32 phase=measure iteration=18 events=16 max_events=24896 overflow=0
FIG8_ATTENTION_HOST_TIMING mode=scna-fp16 scna_function=exp2 scna_kernel=direct scna_width=32 qo_len=32 kv_len=4096 n_heads=12 n_kv_heads=2 head_dim=128 phase=measure iteration=19 host_elapsed_us=4417 ret=0
FIG8_ATTENTION_PROFILE_COUNT mode=scna-fp16 qo_len=32 phase=measure iteration=19 records=2 max_records=10
FIG8_ATTENTION_TIMERS mode=scna-fp16 scna_function=0 scna_kernel=0 phase=measure iteration=19 lut_exp=0 nonlinear_mode=1 scna_width=32 scna_exp=1435 qo_len=32 kv_len=4096 n_heads=12 n_kv_heads=2 head_dim=128 kv_head=0 worker=0 profiled_total=2011 q_load=8 k_load=176 v_load=159 qk_dot=12 safe_sm=1630 core_acc=13 o_scale=2 o_store=11
FIG8_ATTENTION_TIMERS mode=scna-fp16 scna_function=0 scna_kernel=0 phase=measure iteration=19 lut_exp=0 nonlinear_mode=1 scna_width=32 scna_exp=1435 qo_len=32 kv_len=4096 n_heads=12 n_kv_heads=2 head_dim=128 kv_head=1 worker=0 profiled_total=2014 q_load=7 k_load=187 v_load=166 qk_dot=12 safe_sm=1617 core_acc=13 o_scale=1 o_store=11
FIG8_ATTENTION_EVENT_COUNT mode=scna-fp16 qo_len=32 phase=measure iteration=19 events=16 max_events=24896 overflow=0
