alloc_shared_mem_buf: buf=0x72bda76000 fd=12 size=49152 flags=FASTRPC_MAP_FD
alloc_shared_mem_buf: buf=0x7021000000 fd=13 size=2097152 flags=FASTRPC_MAP_FD
alloc_shared_mem_buf: buf=0x7020e00000 fd=14 size=2097152 flags=FASTRPC_MAP_FD
alloc_shared_mem_buf: buf=0x72bda32000 fd=15 size=49152 flags=FASTRPC_MAP_FD
alloc_shared_mem_buf: buf=0x72bda20000 fd=16 size=65536 flags=FASTRPC_MAP_FD
alloc_shared_mem_buf: buf=0x72b8620000 fd=17 size=456832 flags=FASTRPC_MAP_FD
alloc_shared_mem_buf: buf=0x72bde7a000 fd=18 size=4096 flags=FASTRPC_MAP_FD
No-op channel request completed
FIG8_ATTENTION_CONFIG mode=scna-int8 scna_function=exp scna_kernel=tree mask_mode=full qo_len=8 kv_len=4096 n_heads=12 n_kv_heads=2 head_dim=128 warmup=5 iters=20 scna_width=8 q_size=49152 kv_size=2097152 mask_size=65536 profile_size=456832 profile_max_records=10 profile_max_events=6320 mode_flags=1176 print_events=0
FIG8_ATTENTION_HOST_TIMING mode=scna-int8 scna_function=exp scna_kernel=tree scna_width=8 qo_len=8 kv_len=4096 n_heads=12 n_kv_heads=2 head_dim=128 phase=warmup iteration=0 host_elapsed_us=1313 ret=0
FIG8_ATTENTION_PROFILE_COUNT mode=scna-int8 qo_len=8 phase=warmup iteration=0 records=2 max_records=10
FIG8_ATTENTION_TIMERS mode=scna-int8 scna_function=1 scna_kernel=1 phase=warmup iteration=0 lut_exp=0 nonlinear_mode=2 scna_width=8 scna_exp=183 qo_len=8 kv_len=4096 n_heads=12 n_kv_heads=2 head_dim=128 kv_head=0 worker=0 profiled_total=494 q_load=3 k_load=72 v_load=165 qk_dot=4 safe_sm=238 core_acc=5 o_scale=2 o_store=5
FIG8_ATTENTION_TIMERS mode=scna-int8 scna_function=1 scna_kernel=1 phase=warmup iteration=0 lut_exp=0 nonlinear_mode=2 scna_width=8 scna_exp=181 qo_len=8 kv_len=4096 n_heads=12 n_kv_heads=2 head_dim=128 kv_head=1 worker=0 profiled_total=500 q_load=2 k_load=76 v_load=176 qk_dot=5 safe_sm=232 core_acc=4 o_scale=1 o_store=4
FIG8_ATTENTION_EVENT_COUNT mode=scna-int8 qo_len=8 phase=warmup iteration=0 events=16 max_events=6320 overflow=0
FIG8_ATTENTION_HOST_TIMING mode=scna-int8 scna_function=exp scna_kernel=tree scna_width=8 qo_len=8 kv_len=4096 n_heads=12 n_kv_heads=2 head_dim=128 phase=warmup iteration=1 host_elapsed_us=1423 ret=0
FIG8_ATTENTION_PROFILE_COUNT mode=scna-int8 qo_len=8 phase=warmup iteration=1 records=2 max_records=10
FIG8_ATTENTION_TIMERS mode=scna-int8 scna_function=1 scna_kernel=1 phase=warmup iteration=1 lut_exp=0 nonlinear_mode=2 scna_width=8 scna_exp=176 qo_len=8 kv_len=4096 n_heads=12 n_kv_heads=2 head_dim=128 kv_head=0 worker=0 profiled_total=555 q_load=2 k_load=150 v_load=170 qk_dot=4 safe_sm=222 core_acc=3 o_scale=1 o_store=3
FIG8_ATTENTION_TIMERS mode=scna-int8 scna_function=1 scna_kernel=1 phase=warmup iteration=1 lut_exp=0 nonlinear_mode=2 scna_width=8 scna_exp=177 qo_len=8 kv_len=4096 n_heads=12 n_kv_heads=2 head_dim=128 kv_head=1 worker=0 profiled_total=579 q_load=2 k_load=167 v_load=177 qk_dot=4 safe_sm=221 core_acc=4 o_scale=1 o_store=3
FIG8_ATTENTION_EVENT_COUNT mode=scna-int8 qo_len=8 phase=warmup iteration=1 events=16 max_events=6320 overflow=0
FIG8_ATTENTION_HOST_TIMING mode=scna-int8 scna_function=exp scna_kernel=tree scna_width=8 qo_len=8 kv_len=4096 n_heads=12 n_kv_heads=2 head_dim=128 phase=warmup iteration=2 host_elapsed_us=1459 ret=0
FIG8_ATTENTION_PROFILE_COUNT mode=scna-int8 qo_len=8 phase=warmup iteration=2 records=2 max_records=10
FIG8_ATTENTION_TIMERS mode=scna-int8 scna_function=1 scna_kernel=1 phase=warmup iteration=2 lut_exp=0 nonlinear_mode=2 scna_width=8 scna_exp=175 qo_len=8 kv_len=4096 n_heads=12 n_kv_heads=2 head_dim=128 kv_head=0 worker=0 profiled_total=545 q_load=2 k_load=156 v_load=153 qk_dot=4 safe_sm=222 core_acc=4 o_scale=1 o_store=3
FIG8_ATTENTION_TIMERS mode=scna-int8 scna_function=1 scna_kernel=1 phase=warmup iteration=2 lut_exp=0 nonlinear_mode=2 scna_width=8 scna_exp=176 qo_len=8 kv_len=4096 n_heads=12 n_kv_heads=2 head_dim=128 kv_head=1 worker=0 profiled_total=568 q_load=2 k_load=173 v_load=161 qk_dot=4 safe_sm=220 core_acc=4 o_scale=1 o_store=3
FIG8_ATTENTION_EVENT_COUNT mode=scna-int8 qo_len=8 phase=warmup iteration=2 events=16 max_events=6320 overflow=0
FIG8_ATTENTION_HOST_TIMING mode=scna-int8 scna_function=exp scna_kernel=tree scna_width=8 qo_len=8 kv_len=4096 n_heads=12 n_kv_heads=2 head_dim=128 phase=warmup iteration=3 host_elapsed_us=1438 ret=0
FIG8_ATTENTION_PROFILE_COUNT mode=scna-int8 qo_len=8 phase=warmup iteration=3 records=2 max_records=10
FIG8_ATTENTION_TIMERS mode=scna-int8 scna_function=1 scna_kernel=1 phase=warmup iteration=3 lut_exp=0 nonlinear_mode=2 scna_width=8 scna_exp=176 qo_len=8 kv_len=4096 n_heads=12 n_kv_heads=2 head_dim=128 kv_head=0 worker=0 profiled_total=562 q_load=2 k_load=159 v_load=167 qk_dot=4 safe_sm=223 core_acc=3 o_scale=1 o_store=3
FIG8_ATTENTION_TIMERS mode=scna-int8 scna_function=1 scna_kernel=1 phase=warmup iteration=3 lut_exp=0 nonlinear_mode=2 scna_width=8 scna_exp=176 qo_len=8 kv_len=4096 n_heads=12 n_kv_heads=2 head_dim=128 kv_head=1 worker=0 profiled_total=592 q_load=2 k_load=182 v_load=175 qk_dot=4 safe_sm=221 core_acc=4 o_scale=1 o_store=3
FIG8_ATTENTION_EVENT_COUNT mode=scna-int8 qo_len=8 phase=warmup iteration=3 events=16 max_events=6320 overflow=0
FIG8_ATTENTION_HOST_TIMING mode=scna-int8 scna_function=exp scna_kernel=tree scna_width=8 qo_len=8 kv_len=4096 n_heads=12 n_kv_heads=2 head_dim=128 phase=warmup iteration=4 host_elapsed_us=1436 ret=0
FIG8_ATTENTION_PROFILE_COUNT mode=scna-int8 qo_len=8 phase=warmup iteration=4 records=2 max_records=10
FIG8_ATTENTION_TIMERS mode=scna-int8 scna_function=1 scna_kernel=1 phase=warmup iteration=4 lut_exp=0 nonlinear_mode=2 scna_width=8 scna_exp=175 qo_len=8 kv_len=4096 n_heads=12 n_kv_heads=2 head_dim=128 kv_head=0 worker=0 profiled_total=544 q_load=2 k_load=166 v_load=143 qk_dot=4 safe_sm=222 core_acc=3 o_scale=1 o_store=3
FIG8_ATTENTION_TIMERS mode=scna-int8 scna_function=1 scna_kernel=1 phase=warmup iteration=4 lut_exp=0 nonlinear_mode=2 scna_width=8 scna_exp=176 qo_len=8 kv_len=4096 n_heads=12 n_kv_heads=2 head_dim=128 kv_head=1 worker=0 profiled_total=596 q_load=2 k_load=187 v_load=177 qk_dot=4 safe_sm=218 core_acc=4 o_scale=1 o_store=3
FIG8_ATTENTION_EVENT_COUNT mode=scna-int8 qo_len=8 phase=warmup iteration=4 events=16 max_events=6320 overflow=0
FIG8_ATTENTION_HOST_TIMING mode=scna-int8 scna_function=exp scna_kernel=tree scna_width=8 qo_len=8 kv_len=4096 n_heads=12 n_kv_heads=2 head_dim=128 phase=measure iteration=0 host_elapsed_us=1436 ret=0
FIG8_ATTENTION_PROFILE_COUNT mode=scna-int8 qo_len=8 phase=measure iteration=0 records=2 max_records=10
FIG8_ATTENTION_TIMERS mode=scna-int8 scna_function=1 scna_kernel=1 phase=measure iteration=0 lut_exp=0 nonlinear_mode=2 scna_width=8 scna_exp=176 qo_len=8 kv_len=4096 n_heads=12 n_kv_heads=2 head_dim=128 kv_head=0 worker=0 profiled_total=543 q_load=2 k_load=161 v_load=147 qk_dot=4 safe_sm=222 core_acc=3 o_scale=1 o_store=3
FIG8_ATTENTION_TIMERS mode=scna-int8 scna_function=1 scna_kernel=1 phase=measure iteration=0 lut_exp=0 nonlinear_mode=2 scna_width=8 scna_exp=176 qo_len=8 kv_len=4096 n_heads=12 n_kv_heads=2 head_dim=128 kv_head=1 worker=0 profiled_total=599 q_load=2 k_load=185 v_load=179 qk_dot=4 safe_sm=221 core_acc=4 o_scale=1 o_store=3
FIG8_ATTENTION_EVENT_COUNT mode=scna-int8 qo_len=8 phase=measure iteration=0 events=16 max_events=6320 overflow=0
FIG8_ATTENTION_HOST_TIMING mode=scna-int8 scna_function=exp scna_kernel=tree scna_width=8 qo_len=8 kv_len=4096 n_heads=12 n_kv_heads=2 head_dim=128 phase=measure iteration=1 host_elapsed_us=1432 ret=0
FIG8_ATTENTION_PROFILE_COUNT mode=scna-int8 qo_len=8 phase=measure iteration=1 records=2 max_records=10
FIG8_ATTENTION_TIMERS mode=scna-int8 scna_function=1 scna_kernel=1 phase=measure iteration=1 lut_exp=0 nonlinear_mode=2 scna_width=8 scna_exp=176 qo_len=8 kv_len=4096 n_heads=12 n_kv_heads=2 head_dim=128 kv_head=0 worker=0 profiled_total=546 q_load=2 k_load=165 v_load=146 qk_dot=4 safe_sm=222 core_acc=3 o_scale=1 o_store=3
FIG8_ATTENTION_TIMERS mode=scna-int8 scna_function=1 scna_kernel=1 phase=measure iteration=1 lut_exp=0 nonlinear_mode=2 scna_width=8 scna_exp=176 qo_len=8 kv_len=4096 n_heads=12 n_kv_heads=2 head_dim=128 kv_head=1 worker=0 profiled_total=597 q_load=2 k_load=188 v_load=175 qk_dot=4 safe_sm=220 core_acc=4 o_scale=1 o_store=3
FIG8_ATTENTION_EVENT_COUNT mode=scna-int8 qo_len=8 phase=measure iteration=1 events=16 max_events=6320 overflow=0
FIG8_ATTENTION_HOST_TIMING mode=scna-int8 scna_function=exp scna_kernel=tree scna_width=8 qo_len=8 kv_len=4096 n_heads=12 n_kv_heads=2 head_dim=128 phase=measure iteration=2 host_elapsed_us=1323 ret=0
FIG8_ATTENTION_PROFILE_COUNT mode=scna-int8 qo_len=8 phase=measure iteration=2 records=2 max_records=10
FIG8_ATTENTION_TIMERS mode=scna-int8 scna_function=1 scna_kernel=1 phase=measure iteration=2 lut_exp=0 nonlinear_mode=2 scna_width=8 scna_exp=176 qo_len=8 kv_len=4096 n_heads=12 n_kv_heads=2 head_dim=128 kv_head=0 worker=0 profiled_total=538 q_load=2 k_load=162 v_load=142 qk_dot=4 safe_sm=221 core_acc=3 o_scale=1 o_store=3
FIG8_ATTENTION_TIMERS mode=scna-int8 scna_function=1 scna_kernel=1 phase=measure iteration=2 lut_exp=0 nonlinear_mode=2 scna_width=8 scna_exp=176 qo_len=8 kv_len=4096 n_heads=12 n_kv_heads=2 head_dim=128 kv_head=1 worker=0 profiled_total=526 q_load=1 k_load=157 v_load=140 qk_dot=4 safe_sm=217 core_acc=3 o_scale=1 o_store=3
FIG8_ATTENTION_EVENT_COUNT mode=scna-int8 qo_len=8 phase=measure iteration=2 events=16 max_events=6320 overflow=0
FIG8_ATTENTION_HOST_TIMING mode=scna-int8 scna_function=exp scna_kernel=tree scna_width=8 qo_len=8 kv_len=4096 n_heads=12 n_kv_heads=2 head_dim=128 phase=measure iteration=3 host_elapsed_us=1312 ret=0
FIG8_ATTENTION_PROFILE_COUNT mode=scna-int8 qo_len=8 phase=measure iteration=3 records=2 max_records=10
FIG8_ATTENTION_TIMERS mode=scna-int8 scna_function=1 scna_kernel=1 phase=measure iteration=3 lut_exp=0 nonlinear_mode=2 scna_width=8 scna_exp=175 qo_len=8 kv_len=4096 n_heads=12 n_kv_heads=2 head_dim=128 kv_head=0 worker=0 profiled_total=524 q_load=2 k_load=153 v_load=141 qk_dot=4 safe_sm=217 core_acc=3 o_scale=1 o_store=3
FIG8_ATTENTION_TIMERS mode=scna-int8 scna_function=1 scna_kernel=1 phase=measure iteration=3 lut_exp=0 nonlinear_mode=2 scna_width=8 scna_exp=176 qo_len=8 kv_len=4096 n_heads=12 n_kv_heads=2 head_dim=128 kv_head=1 worker=0 profiled_total=525 q_load=2 k_load=156 v_load=140 qk_dot=4 safe_sm=215 core_acc=4 o_scale=1 o_store=3
FIG8_ATTENTION_EVENT_COUNT mode=scna-int8 qo_len=8 phase=measure iteration=3 events=16 max_events=6320 overflow=0
FIG8_ATTENTION_HOST_TIMING mode=scna-int8 scna_function=exp scna_kernel=tree scna_width=8 qo_len=8 kv_len=4096 n_heads=12 n_kv_heads=2 head_dim=128 phase=measure iteration=4 host_elapsed_us=1444 ret=0
FIG8_ATTENTION_PROFILE_COUNT mode=scna-int8 qo_len=8 phase=measure iteration=4 records=2 max_records=10
FIG8_ATTENTION_TIMERS mode=scna-int8 scna_function=1 scna_kernel=1 phase=measure iteration=4 lut_exp=0 nonlinear_mode=2 scna_width=8 scna_exp=176 qo_len=8 kv_len=4096 n_heads=12 n_kv_heads=2 head_dim=128 kv_head=0 worker=0 profiled_total=543 q_load=2 k_load=153 v_load=155 qk_dot=4 safe_sm=222 core_acc=3 o_scale=1 o_store=3
FIG8_ATTENTION_TIMERS mode=scna-int8 scna_function=1 scna_kernel=1 phase=measure iteration=4 lut_exp=0 nonlinear_mode=2 scna_width=8 scna_exp=180 qo_len=8 kv_len=4096 n_heads=12 n_kv_heads=2 head_dim=128 kv_head=1 worker=0 profiled_total=608 q_load=2 k_load=194 v_load=169 qk_dot=4 safe_sm=231 core_acc=4 o_scale=1 o_store=3
FIG8_ATTENTION_EVENT_COUNT mode=scna-int8 qo_len=8 phase=measure iteration=4 events=16 max_events=6320 overflow=0
FIG8_ATTENTION_HOST_TIMING mode=scna-int8 scna_function=exp scna_kernel=tree scna_width=8 qo_len=8 kv_len=4096 n_heads=12 n_kv_heads=2 head_dim=128 phase=measure iteration=5 host_elapsed_us=1486 ret=0
FIG8_ATTENTION_PROFILE_COUNT mode=scna-int8 qo_len=8 phase=measure iteration=5 records=2 max_records=10
FIG8_ATTENTION_TIMERS mode=scna-int8 scna_function=1 scna_kernel=1 phase=measure iteration=5 lut_exp=0 nonlinear_mode=2 scna_width=8 scna_exp=178 qo_len=8 kv_len=4096 n_heads=12 n_kv_heads=2 head_dim=128 kv_head=0 worker=0 profiled_total=577 q_load=2 k_load=176 v_load=160 qk_dot=4 safe_sm=228 core_acc=3 o_scale=1 o_store=3
FIG8_ATTENTION_TIMERS mode=scna-int8 scna_function=1 scna_kernel=1 phase=measure iteration=5 lut_exp=0 nonlinear_mode=2 scna_width=8 scna_exp=179 qo_len=8 kv_len=4096 n_heads=12 n_kv_heads=2 head_dim=128 kv_head=1 worker=0 profiled_total=611 q_load=2 k_load=196 v_load=171 qk_dot=4 safe_sm=230 core_acc=4 o_scale=1 o_store=3
FIG8_ATTENTION_EVENT_COUNT mode=scna-int8 qo_len=8 phase=measure iteration=5 events=16 max_events=6320 overflow=0
FIG8_ATTENTION_HOST_TIMING mode=scna-int8 scna_function=exp scna_kernel=tree scna_width=8 qo_len=8 kv_len=4096 n_heads=12 n_kv_heads=2 head_dim=128 phase=measure iteration=6 host_elapsed_us=1541 ret=0
FIG8_ATTENTION_PROFILE_COUNT mode=scna-int8 qo_len=8 phase=measure iteration=6 records=2 max_records=10
FIG8_ATTENTION_TIMERS mode=scna-int8 scna_function=1 scna_kernel=1 phase=measure iteration=6 lut_exp=0 nonlinear_mode=2 scna_width=8 scna_exp=178 qo_len=8 kv_len=4096 n_heads=12 n_kv_heads=2 head_dim=128 kv_head=0 worker=0 profiled_total=575 q_load=2 k_load=176 v_load=158 qk_dot=4 safe_sm=228 core_acc=3 o_scale=1 o_store=3
FIG8_ATTENTION_TIMERS mode=scna-int8 scna_function=1 scna_kernel=1 phase=measure iteration=6 lut_exp=0 nonlinear_mode=2 scna_width=8 scna_exp=179 qo_len=8 kv_len=4096 n_heads=12 n_kv_heads=2 head_dim=128 kv_head=1 worker=0 profiled_total=599 q_load=2 k_load=188 v_load=167 qk_dot=4 safe_sm=230 core_acc=4 o_scale=1 o_store=3
FIG8_ATTENTION_EVENT_COUNT mode=scna-int8 qo_len=8 phase=measure iteration=6 events=16 max_events=6320 overflow=0
FIG8_ATTENTION_HOST_TIMING mode=scna-int8 scna_function=exp scna_kernel=tree scna_width=8 qo_len=8 kv_len=4096 n_heads=12 n_kv_heads=2 head_dim=128 phase=measure iteration=7 host_elapsed_us=1502 ret=0
FIG8_ATTENTION_PROFILE_COUNT mode=scna-int8 qo_len=8 phase=measure iteration=7 records=2 max_records=10
FIG8_ATTENTION_TIMERS mode=scna-int8 scna_function=1 scna_kernel=1 phase=measure iteration=7 lut_exp=0 nonlinear_mode=2 scna_width=8 scna_exp=177 qo_len=8 kv_len=4096 n_heads=12 n_kv_heads=2 head_dim=128 kv_head=0 worker=0 profiled_total=586 q_load=2 k_load=182 v_load=162 qk_dot=4 safe_sm=228 core_acc=4 o_scale=1 o_store=3
FIG8_ATTENTION_TIMERS mode=scna-int8 scna_function=1 scna_kernel=1 phase=measure iteration=7 lut_exp=0 nonlinear_mode=2 scna_width=8 scna_exp=178 qo_len=8 kv_len=4096 n_heads=12 n_kv_heads=2 head_dim=128 kv_head=1 worker=0 profiled_total=599 q_load=2 k_load=197 v_load=162 qk_dot=4 safe_sm=226 core_acc=4 o_scale=1 o_store=3
FIG8_ATTENTION_EVENT_COUNT mode=scna-int8 qo_len=8 phase=measure iteration=7 events=16 max_events=6320 overflow=0
FIG8_ATTENTION_HOST_TIMING mode=scna-int8 scna_function=exp scna_kernel=tree scna_width=8 qo_len=8 kv_len=4096 n_heads=12 n_kv_heads=2 head_dim=128 phase=measure iteration=8 host_elapsed_us=1484 ret=0
FIG8_ATTENTION_PROFILE_COUNT mode=scna-int8 qo_len=8 phase=measure iteration=8 records=2 max_records=10
FIG8_ATTENTION_TIMERS mode=scna-int8 scna_function=1 scna_kernel=1 phase=measure iteration=8 lut_exp=0 nonlinear_mode=2 scna_width=8 scna_exp=177 qo_len=8 kv_len=4096 n_heads=12 n_kv_heads=2 head_dim=128 kv_head=0 worker=0 profiled_total=584 q_load=2 k_load=177 v_load=165 qk_dot=4 safe_sm=228 core_acc=4 o_scale=1 o_store=3
FIG8_ATTENTION_TIMERS mode=scna-int8 scna_function=1 scna_kernel=1 phase=measure iteration=8 lut_exp=0 nonlinear_mode=2 scna_width=8 scna_exp=179 qo_len=8 kv_len=4096 n_heads=12 n_kv_heads=2 head_dim=128 kv_head=1 worker=0 profiled_total=604 q_load=2 k_load=200 v_load=163 qk_dot=4 safe_sm=227 core_acc=4 o_scale=1 o_store=3
FIG8_ATTENTION_EVENT_COUNT mode=scna-int8 qo_len=8 phase=measure iteration=8 events=16 max_events=6320 overflow=0
FIG8_ATTENTION_HOST_TIMING mode=scna-int8 scna_function=exp scna_kernel=tree scna_width=8 qo_len=8 kv_len=4096 n_heads=12 n_kv_heads=2 head_dim=128 phase=measure iteration=9 host_elapsed_us=1479 ret=0
FIG8_ATTENTION_PROFILE_COUNT mode=scna-int8 qo_len=8 phase=measure iteration=9 records=2 max_records=10
FIG8_ATTENTION_TIMERS mode=scna-int8 scna_function=1 scna_kernel=1 phase=measure iteration=9 lut_exp=0 nonlinear_mode=2 scna_width=8 scna_exp=178 qo_len=8 kv_len=4096 n_heads=12 n_kv_heads=2 head_dim=128 kv_head=0 worker=0 profiled_total=588 q_load=2 k_load=176 v_load=169 qk_dot=4 safe_sm=229 core_acc=4 o_scale=1 o_store=3
FIG8_ATTENTION_TIMERS mode=scna-int8 scna_function=1 scna_kernel=1 phase=measure iteration=9 lut_exp=0 nonlinear_mode=2 scna_width=8 scna_exp=179 qo_len=8 kv_len=4096 n_heads=12 n_kv_heads=2 head_dim=128 kv_head=1 worker=0 profiled_total=603 q_load=2 k_load=200 v_load=161 qk_dot=4 safe_sm=228 core_acc=4 o_scale=1 o_store=3
FIG8_ATTENTION_EVENT_COUNT mode=scna-int8 qo_len=8 phase=measure iteration=9 events=16 max_events=6320 overflow=0
FIG8_ATTENTION_HOST_TIMING mode=scna-int8 scna_function=exp scna_kernel=tree scna_width=8 qo_len=8 kv_len=4096 n_heads=12 n_kv_heads=2 head_dim=128 phase=measure iteration=10 host_elapsed_us=1477 ret=0
FIG8_ATTENTION_PROFILE_COUNT mode=scna-int8 qo_len=8 phase=measure iteration=10 records=2 max_records=10
FIG8_ATTENTION_TIMERS mode=scna-int8 scna_function=1 scna_kernel=1 phase=measure iteration=10 lut_exp=0 nonlinear_mode=2 scna_width=8 scna_exp=178 qo_len=8 kv_len=4096 n_heads=12 n_kv_heads=2 head_dim=128 kv_head=0 worker=0 profiled_total=582 q_load=2 k_load=175 v_load=166 qk_dot=4 safe_sm=227 core_acc=4 o_scale=1 o_store=3
FIG8_ATTENTION_TIMERS mode=scna-int8 scna_function=1 scna_kernel=1 phase=measure iteration=10 lut_exp=0 nonlinear_mode=2 scna_width=8 scna_exp=179 qo_len=8 kv_len=4096 n_heads=12 n_kv_heads=2 head_dim=128 kv_head=1 worker=0 profiled_total=600 q_load=2 k_load=198 v_load=160 qk_dot=4 safe_sm=228 core_acc=4 o_scale=1 o_store=3
FIG8_ATTENTION_EVENT_COUNT mode=scna-int8 qo_len=8 phase=measure iteration=10 events=16 max_events=6320 overflow=0
FIG8_ATTENTION_HOST_TIMING mode=scna-int8 scna_function=exp scna_kernel=tree scna_width=8 qo_len=8 kv_len=4096 n_heads=12 n_kv_heads=2 head_dim=128 phase=measure iteration=11 host_elapsed_us=1534 ret=0
FIG8_ATTENTION_PROFILE_COUNT mode=scna-int8 qo_len=8 phase=measure iteration=11 records=2 max_records=10
FIG8_ATTENTION_TIMERS mode=scna-int8 scna_function=1 scna_kernel=1 phase=measure iteration=11 lut_exp=0 nonlinear_mode=2 scna_width=8 scna_exp=177 qo_len=8 kv_len=4096 n_heads=12 n_kv_heads=2 head_dim=128 kv_head=0 worker=0 profiled_total=577 q_load=2 k_load=175 v_load=162 qk_dot=4 safe_sm=227 core_acc=3 o_scale=1 o_store=3
FIG8_ATTENTION_TIMERS mode=scna-int8 scna_function=1 scna_kernel=1 phase=measure iteration=11 lut_exp=0 nonlinear_mode=2 scna_width=8 scna_exp=178 qo_len=8 kv_len=4096 n_heads=12 n_kv_heads=2 head_dim=128 kv_head=1 worker=0 profiled_total=601 q_load=2 k_load=199 v_load=162 qk_dot=4 safe_sm=226 core_acc=4 o_scale=1 o_store=3
FIG8_ATTENTION_EVENT_COUNT mode=scna-int8 qo_len=8 phase=measure iteration=11 events=16 max_events=6320 overflow=0
FIG8_ATTENTION_HOST_TIMING mode=scna-int8 scna_function=exp scna_kernel=tree scna_width=8 qo_len=8 kv_len=4096 n_heads=12 n_kv_heads=2 head_dim=128 phase=measure iteration=12 host_elapsed_us=1467 ret=0
FIG8_ATTENTION_PROFILE_COUNT mode=scna-int8 qo_len=8 phase=measure iteration=12 records=2 max_records=10
FIG8_ATTENTION_TIMERS mode=scna-int8 scna_function=1 scna_kernel=1 phase=measure iteration=12 lut_exp=0 nonlinear_mode=2 scna_width=8 scna_exp=177 qo_len=8 kv_len=4096 n_heads=12 n_kv_heads=2 head_dim=128 kv_head=0 worker=0 profiled_total=576 q_load=2 k_load=174 v_load=160 qk_dot=4 safe_sm=228 core_acc=4 o_scale=1 o_store=3
FIG8_ATTENTION_TIMERS mode=scna-int8 scna_function=1 scna_kernel=1 phase=measure iteration=12 lut_exp=0 nonlinear_mode=2 scna_width=8 scna_exp=179 qo_len=8 kv_len=4096 n_heads=12 n_kv_heads=2 head_dim=128 kv_head=1 worker=0 profiled_total=596 q_load=2 k_load=185 v_load=170 qk_dot=4 safe_sm=227 core_acc=4 o_scale=1 o_store=3
FIG8_ATTENTION_EVENT_COUNT mode=scna-int8 qo_len=8 phase=measure iteration=12 events=16 max_events=6320 overflow=0
FIG8_ATTENTION_HOST_TIMING mode=scna-int8 scna_function=exp scna_kernel=tree scna_width=8 qo_len=8 kv_len=4096 n_heads=12 n_kv_heads=2 head_dim=128 phase=measure iteration=13 host_elapsed_us=1532 ret=0
FIG8_ATTENTION_PROFILE_COUNT mode=scna-int8 qo_len=8 phase=measure iteration=13 records=2 max_records=10
FIG8_ATTENTION_TIMERS mode=scna-int8 scna_function=1 scna_kernel=1 phase=measure iteration=13 lut_exp=0 nonlinear_mode=2 scna_width=8 scna_exp=177 qo_len=8 kv_len=4096 n_heads=12 n_kv_heads=2 head_dim=128 kv_head=0 worker=0 profiled_total=579 q_load=2 k_load=177 v_load=162 qk_dot=4 safe_sm=227 core_acc=3 o_scale=1 o_store=3
FIG8_ATTENTION_TIMERS mode=scna-int8 scna_function=1 scna_kernel=1 phase=measure iteration=13 lut_exp=0 nonlinear_mode=2 scna_width=8 scna_exp=178 qo_len=8 kv_len=4096 n_heads=12 n_kv_heads=2 head_dim=128 kv_head=1 worker=0 profiled_total=592 q_load=2 k_load=184 v_load=166 qk_dot=4 safe_sm=228 core_acc=4 o_scale=1 o_store=3
FIG8_ATTENTION_EVENT_COUNT mode=scna-int8 qo_len=8 phase=measure iteration=13 events=16 max_events=6320 overflow=0
FIG8_ATTENTION_HOST_TIMING mode=scna-int8 scna_function=exp scna_kernel=tree scna_width=8 qo_len=8 kv_len=4096 n_heads=12 n_kv_heads=2 head_dim=128 phase=measure iteration=14 host_elapsed_us=1509 ret=0
FIG8_ATTENTION_PROFILE_COUNT mode=scna-int8 qo_len=8 phase=measure iteration=14 records=2 max_records=10
FIG8_ATTENTION_TIMERS mode=scna-int8 scna_function=1 scna_kernel=1 phase=measure iteration=14 lut_exp=0 nonlinear_mode=2 scna_width=8 scna_exp=177 qo_len=8 kv_len=4096 n_heads=12 n_kv_heads=2 head_dim=128 kv_head=0 worker=0 profiled_total=581 q_load=2 k_load=180 v_load=161 qk_dot=4 safe_sm=227 core_acc=3 o_scale=1 o_store=3
FIG8_ATTENTION_TIMERS mode=scna-int8 scna_function=1 scna_kernel=1 phase=measure iteration=14 lut_exp=0 nonlinear_mode=2 scna_width=8 scna_exp=180 qo_len=8 kv_len=4096 n_heads=12 n_kv_heads=2 head_dim=128 kv_head=1 worker=0 profiled_total=611 q_load=2 k_load=200 v_load=171 qk_dot=4 safe_sm=226 core_acc=4 o_scale=1 o_store=3
FIG8_ATTENTION_EVENT_COUNT mode=scna-int8 qo_len=8 phase=measure iteration=14 events=16 max_events=6320 overflow=0
FIG8_ATTENTION_HOST_TIMING mode=scna-int8 scna_function=exp scna_kernel=tree scna_width=8 qo_len=8 kv_len=4096 n_heads=12 n_kv_heads=2 head_dim=128 phase=measure iteration=15 host_elapsed_us=1477 ret=0
FIG8_ATTENTION_PROFILE_COUNT mode=scna-int8 qo_len=8 phase=measure iteration=15 records=2 max_records=10
FIG8_ATTENTION_TIMERS mode=scna-int8 scna_function=1 scna_kernel=1 phase=measure iteration=15 lut_exp=0 nonlinear_mode=2 scna_width=8 scna_exp=178 qo_len=8 kv_len=4096 n_heads=12 n_kv_heads=2 head_dim=128 kv_head=0 worker=0 profiled_total=578 q_load=2 k_load=174 v_load=163 qk_dot=4 safe_sm=227 core_acc=4 o_scale=1 o_store=3
FIG8_ATTENTION_TIMERS mode=scna-int8 scna_function=1 scna_kernel=1 phase=measure iteration=15 lut_exp=0 nonlinear_mode=2 scna_width=8 scna_exp=178 qo_len=8 kv_len=4096 n_heads=12 n_kv_heads=2 head_dim=128 kv_head=1 worker=0 profiled_total=608 q_load=2 k_load=196 v_load=170 qk_dot=4 safe_sm=228 core_acc=4 o_scale=1 o_store=3
FIG8_ATTENTION_EVENT_COUNT mode=scna-int8 qo_len=8 phase=measure iteration=15 events=16 max_events=6320 overflow=0
FIG8_ATTENTION_HOST_TIMING mode=scna-int8 scna_function=exp scna_kernel=tree scna_width=8 qo_len=8 kv_len=4096 n_heads=12 n_kv_heads=2 head_dim=128 phase=measure iteration=16 host_elapsed_us=1491 ret=0
FIG8_ATTENTION_PROFILE_COUNT mode=scna-int8 qo_len=8 phase=measure iteration=16 records=2 max_records=10
FIG8_ATTENTION_TIMERS mode=scna-int8 scna_function=1 scna_kernel=1 phase=measure iteration=16 lut_exp=0 nonlinear_mode=2 scna_width=8 scna_exp=177 qo_len=8 kv_len=4096 n_heads=12 n_kv_heads=2 head_dim=128 kv_head=0 worker=0 profiled_total=587 q_load=2 k_load=177 v_load=169 qk_dot=4 safe_sm=227 core_acc=4 o_scale=1 o_store=3
FIG8_ATTENTION_TIMERS mode=scna-int8 scna_function=1 scna_kernel=1 phase=measure iteration=16 lut_exp=0 nonlinear_mode=2 scna_width=8 scna_exp=178 qo_len=8 kv_len=4096 n_heads=12 n_kv_heads=2 head_dim=128 kv_head=1 worker=0 profiled_total=605 q_load=2 k_load=192 v_load=169 qk_dot=4 safe_sm=230 core_acc=4 o_scale=1 o_store=3
FIG8_ATTENTION_EVENT_COUNT mode=scna-int8 qo_len=8 phase=measure iteration=16 events=16 max_events=6320 overflow=0
FIG8_ATTENTION_HOST_TIMING mode=scna-int8 scna_function=exp scna_kernel=tree scna_width=8 qo_len=8 kv_len=4096 n_heads=12 n_kv_heads=2 head_dim=128 phase=measure iteration=17 host_elapsed_us=1506 ret=0
FIG8_ATTENTION_PROFILE_COUNT mode=scna-int8 qo_len=8 phase=measure iteration=17 records=2 max_records=10
FIG8_ATTENTION_TIMERS mode=scna-int8 scna_function=1 scna_kernel=1 phase=measure iteration=17 lut_exp=0 nonlinear_mode=2 scna_width=8 scna_exp=179 qo_len=8 kv_len=4096 n_heads=12 n_kv_heads=2 head_dim=128 kv_head=0 worker=0 profiled_total=573 q_load=2 k_load=173 v_load=158 qk_dot=4 safe_sm=228 core_acc=4 o_scale=1 o_store=3
FIG8_ATTENTION_TIMERS mode=scna-int8 scna_function=1 scna_kernel=1 phase=measure iteration=17 lut_exp=0 nonlinear_mode=2 scna_width=8 scna_exp=178 qo_len=8 kv_len=4096 n_heads=12 n_kv_heads=2 head_dim=128 kv_head=1 worker=0 profiled_total=612 q_load=2 k_load=198 v_load=172 qk_dot=4 safe_sm=228 core_acc=4 o_scale=1 o_store=3
FIG8_ATTENTION_EVENT_COUNT mode=scna-int8 qo_len=8 phase=measure iteration=17 events=16 max_events=6320 overflow=0
FIG8_ATTENTION_HOST_TIMING mode=scna-int8 scna_function=exp scna_kernel=tree scna_width=8 qo_len=8 kv_len=4096 n_heads=12 n_kv_heads=2 head_dim=128 phase=measure iteration=18 host_elapsed_us=1489 ret=0
FIG8_ATTENTION_PROFILE_COUNT mode=scna-int8 qo_len=8 phase=measure iteration=18 records=2 max_records=10
FIG8_ATTENTION_TIMERS mode=scna-int8 scna_function=1 scna_kernel=1 phase=measure iteration=18 lut_exp=0 nonlinear_mode=2 scna_width=8 scna_exp=177 qo_len=8 kv_len=4096 n_heads=12 n_kv_heads=2 head_dim=128 kv_head=0 worker=0 profiled_total=585 q_load=2 k_load=180 v_load=164 qk_dot=4 safe_sm=227 core_acc=4 o_scale=1 o_store=3
FIG8_ATTENTION_TIMERS mode=scna-int8 scna_function=1 scna_kernel=1 phase=measure iteration=18 lut_exp=0 nonlinear_mode=2 scna_width=8 scna_exp=178 qo_len=8 kv_len=4096 n_heads=12 n_kv_heads=2 head_dim=128 kv_head=1 worker=0 profiled_total=599 q_load=2 k_load=186 v_load=171 qk_dot=4 safe_sm=228 core_acc=4 o_scale=1 o_store=3
FIG8_ATTENTION_EVENT_COUNT mode=scna-int8 qo_len=8 phase=measure iteration=18 events=16 max_events=6320 overflow=0
FIG8_ATTENTION_HOST_TIMING mode=scna-int8 scna_function=exp scna_kernel=tree scna_width=8 qo_len=8 kv_len=4096 n_heads=12 n_kv_heads=2 head_dim=128 phase=measure iteration=19 host_elapsed_us=1500 ret=0
FIG8_ATTENTION_PROFILE_COUNT mode=scna-int8 qo_len=8 phase=measure iteration=19 records=2 max_records=10
FIG8_ATTENTION_TIMERS mode=scna-int8 scna_function=1 scna_kernel=1 phase=measure iteration=19 lut_exp=0 nonlinear_mode=2 scna_width=8 scna_exp=177 qo_len=8 kv_len=4096 n_heads=12 n_kv_heads=2 head_dim=128 kv_head=0 worker=0 profiled_total=582 q_load=2 k_load=179 v_load=163 qk_dot=4 safe_sm=227 core_acc=3 o_scale=1 o_store=3
FIG8_ATTENTION_TIMERS mode=scna-int8 scna_function=1 scna_kernel=1 phase=measure iteration=19 lut_exp=0 nonlinear_mode=2 scna_width=8 scna_exp=178 qo_len=8 kv_len=4096 n_heads=12 n_kv_heads=2 head_dim=128 kv_head=1 worker=0 profiled_total=602 q_load=1 k_load=191 v_load=171 qk_dot=4 safe_sm=227 core_acc=4 o_scale=1 o_store=3
FIG8_ATTENTION_EVENT_COUNT mode=scna-int8 qo_len=8 phase=measure iteration=19 events=16 max_events=6320 overflow=0
