alloc_shared_mem_buf: buf=0x72c5e83000 fd=12 size=24576 flags=FASTRPC_MAP_FD
alloc_shared_mem_buf: buf=0x702bc00000 fd=13 size=2097152 flags=FASTRPC_MAP_FD
alloc_shared_mem_buf: buf=0x702ba00000 fd=14 size=2097152 flags=FASTRPC_MAP_FD
alloc_shared_mem_buf: buf=0x72c5e01000 fd=15 size=24576 flags=FASTRPC_MAP_FD
alloc_shared_mem_buf: buf=0x72c21ec000 fd=16 size=32768 flags=FASTRPC_MAP_FD
alloc_shared_mem_buf: buf=0x72c17b0000 fd=17 size=233856 flags=FASTRPC_MAP_FD
alloc_shared_mem_buf: buf=0x72c60ff000 fd=18 size=4096 flags=FASTRPC_MAP_FD
No-op channel request completed
FIG8_ATTENTION_CONFIG mode=scna-fp16 scna_function=exp2 scna_kernel=direct mask_mode=full qo_len=4 kv_len=4096 n_heads=12 n_kv_heads=2 head_dim=128 warmup=5 iters=20 scna_width=16 q_size=24576 kv_size=2097152 mask_size=32768 profile_size=233856 profile_max_records=10 profile_max_events=3224 mode_flags=4 print_events=0
FIG8_ATTENTION_HOST_TIMING mode=scna-fp16 scna_function=exp2 scna_kernel=direct scna_width=16 qo_len=4 kv_len=4096 n_heads=12 n_kv_heads=2 head_dim=128 phase=warmup iteration=0 host_elapsed_us=1229 ret=0
FIG8_ATTENTION_PROFILE_COUNT mode=scna-fp16 qo_len=4 phase=warmup iteration=0 records=2 max_records=10
FIG8_ATTENTION_TIMERS mode=scna-fp16 scna_function=0 scna_kernel=0 phase=warmup iteration=0 lut_exp=0 nonlinear_mode=1 scna_width=16 scna_exp=124 qo_len=4 kv_len=4096 n_heads=12 n_kv_heads=2 head_dim=128 kv_head=0 worker=0 profiled_total=473 q_load=2 k_load=171 v_load=137 qk_dot=2 safe_sm=153 core_acc=3 o_scale=2 o_store=3
FIG8_ATTENTION_TIMERS mode=scna-fp16 scna_function=0 scna_kernel=0 phase=warmup iteration=0 lut_exp=0 nonlinear_mode=1 scna_width=16 scna_exp=119 qo_len=4 kv_len=4096 n_heads=12 n_kv_heads=2 head_dim=128 kv_head=1 worker=0 profiled_total=441 q_load=1 k_load=158 v_load=131 qk_dot=2 safe_sm=144 core_acc=2 o_scale=1 o_store=2
FIG8_ATTENTION_EVENT_COUNT mode=scna-fp16 qo_len=4 phase=warmup iteration=0 events=16 max_events=3224 overflow=0
FIG8_ATTENTION_HOST_TIMING mode=scna-fp16 scna_function=exp2 scna_kernel=direct scna_width=16 qo_len=4 kv_len=4096 n_heads=12 n_kv_heads=2 head_dim=128 phase=warmup iteration=1 host_elapsed_us=1112 ret=0
FIG8_ATTENTION_PROFILE_COUNT mode=scna-fp16 qo_len=4 phase=warmup iteration=1 records=2 max_records=10
FIG8_ATTENTION_TIMERS mode=scna-fp16 scna_function=0 scna_kernel=0 phase=warmup iteration=1 lut_exp=0 nonlinear_mode=1 scna_width=16 scna_exp=115 qo_len=4 kv_len=4096 n_heads=12 n_kv_heads=2 head_dim=128 kv_head=0 worker=0 profiled_total=400 q_load=1 k_load=126 v_load=128 qk_dot=2 safe_sm=138 core_acc=2 o_scale=1 o_store=2
FIG8_ATTENTION_TIMERS mode=scna-fp16 scna_function=0 scna_kernel=0 phase=warmup iteration=1 lut_exp=0 nonlinear_mode=1 scna_width=16 scna_exp=114 qo_len=4 kv_len=4096 n_heads=12 n_kv_heads=2 head_dim=128 kv_head=1 worker=0 profiled_total=414 q_load=1 k_load=127 v_load=144 qk_dot=2 safe_sm=136 core_acc=2 o_scale=1 o_store=1
FIG8_ATTENTION_EVENT_COUNT mode=scna-fp16 qo_len=4 phase=warmup iteration=1 events=16 max_events=3224 overflow=0
FIG8_ATTENTION_HOST_TIMING mode=scna-fp16 scna_function=exp2 scna_kernel=direct scna_width=16 qo_len=4 kv_len=4096 n_heads=12 n_kv_heads=2 head_dim=128 phase=warmup iteration=2 host_elapsed_us=1140 ret=0
FIG8_ATTENTION_PROFILE_COUNT mode=scna-fp16 qo_len=4 phase=warmup iteration=2 records=2 max_records=10
FIG8_ATTENTION_TIMERS mode=scna-fp16 scna_function=0 scna_kernel=0 phase=warmup iteration=2 lut_exp=0 nonlinear_mode=1 scna_width=16 scna_exp=114 qo_len=4 kv_len=4096 n_heads=12 n_kv_heads=2 head_dim=128 kv_head=0 worker=0 profiled_total=427 q_load=1 k_load=150 v_load=133 qk_dot=2 safe_sm=136 core_acc=2 o_scale=1 o_store=2
FIG8_ATTENTION_TIMERS mode=scna-fp16 scna_function=0 scna_kernel=0 phase=warmup iteration=2 lut_exp=0 nonlinear_mode=1 scna_width=16 scna_exp=115 qo_len=4 kv_len=4096 n_heads=12 n_kv_heads=2 head_dim=128 kv_head=1 worker=0 profiled_total=432 q_load=1 k_load=152 v_load=138 qk_dot=2 safe_sm=135 core_acc=2 o_scale=1 o_store=1
FIG8_ATTENTION_EVENT_COUNT mode=scna-fp16 qo_len=4 phase=warmup iteration=2 events=16 max_events=3224 overflow=0
FIG8_ATTENTION_HOST_TIMING mode=scna-fp16 scna_function=exp2 scna_kernel=direct scna_width=16 qo_len=4 kv_len=4096 n_heads=12 n_kv_heads=2 head_dim=128 phase=warmup iteration=3 host_elapsed_us=1123 ret=0
FIG8_ATTENTION_PROFILE_COUNT mode=scna-fp16 qo_len=4 phase=warmup iteration=3 records=2 max_records=10
FIG8_ATTENTION_TIMERS mode=scna-fp16 scna_function=0 scna_kernel=0 phase=warmup iteration=3 lut_exp=0 nonlinear_mode=1 scna_width=16 scna_exp=114 qo_len=4 kv_len=4096 n_heads=12 n_kv_heads=2 head_dim=128 kv_head=0 worker=0 profiled_total=426 q_load=1 k_load=147 v_load=135 qk_dot=2 safe_sm=136 core_acc=2 o_scale=1 o_store=2
FIG8_ATTENTION_TIMERS mode=scna-fp16 scna_function=0 scna_kernel=0 phase=warmup iteration=3 lut_exp=0 nonlinear_mode=1 scna_width=16 scna_exp=115 qo_len=4 kv_len=4096 n_heads=12 n_kv_heads=2 head_dim=128 kv_head=1 worker=0 profiled_total=415 q_load=1 k_load=141 v_load=132 qk_dot=2 safe_sm=135 core_acc=2 o_scale=1 o_store=1
FIG8_ATTENTION_EVENT_COUNT mode=scna-fp16 qo_len=4 phase=warmup iteration=3 events=16 max_events=3224 overflow=0
FIG8_ATTENTION_HOST_TIMING mode=scna-fp16 scna_function=exp2 scna_kernel=direct scna_width=16 qo_len=4 kv_len=4096 n_heads=12 n_kv_heads=2 head_dim=128 phase=warmup iteration=4 host_elapsed_us=1089 ret=0
FIG8_ATTENTION_PROFILE_COUNT mode=scna-fp16 qo_len=4 phase=warmup iteration=4 records=2 max_records=10
FIG8_ATTENTION_TIMERS mode=scna-fp16 scna_function=0 scna_kernel=0 phase=warmup iteration=4 lut_exp=0 nonlinear_mode=1 scna_width=16 scna_exp=115 qo_len=4 kv_len=4096 n_heads=12 n_kv_heads=2 head_dim=128 kv_head=0 worker=0 profiled_total=422 q_load=1 k_load=145 v_load=131 qk_dot=2 safe_sm=139 core_acc=2 o_scale=1 o_store=1
FIG8_ATTENTION_TIMERS mode=scna-fp16 scna_function=0 scna_kernel=0 phase=warmup iteration=4 lut_exp=0 nonlinear_mode=1 scna_width=16 scna_exp=115 qo_len=4 kv_len=4096 n_heads=12 n_kv_heads=2 head_dim=128 kv_head=1 worker=0 profiled_total=423 q_load=1 k_load=148 v_load=131 qk_dot=2 safe_sm=137 core_acc=2 o_scale=1 o_store=1
FIG8_ATTENTION_EVENT_COUNT mode=scna-fp16 qo_len=4 phase=warmup iteration=4 events=16 max_events=3224 overflow=0
FIG8_ATTENTION_HOST_TIMING mode=scna-fp16 scna_function=exp2 scna_kernel=direct scna_width=16 qo_len=4 kv_len=4096 n_heads=12 n_kv_heads=2 head_dim=128 phase=measure iteration=0 host_elapsed_us=1085 ret=0
FIG8_ATTENTION_PROFILE_COUNT mode=scna-fp16 qo_len=4 phase=measure iteration=0 records=2 max_records=10
FIG8_ATTENTION_TIMERS mode=scna-fp16 scna_function=0 scna_kernel=0 phase=measure iteration=0 lut_exp=0 nonlinear_mode=1 scna_width=16 scna_exp=114 qo_len=4 kv_len=4096 n_heads=12 n_kv_heads=2 head_dim=128 kv_head=0 worker=0 profiled_total=428 q_load=1 k_load=146 v_load=136 qk_dot=2 safe_sm=138 core_acc=2 o_scale=1 o_store=2
FIG8_ATTENTION_TIMERS mode=scna-fp16 scna_function=0 scna_kernel=0 phase=measure iteration=0 lut_exp=0 nonlinear_mode=1 scna_width=16 scna_exp=115 qo_len=4 kv_len=4096 n_heads=12 n_kv_heads=2 head_dim=128 kv_head=1 worker=0 profiled_total=416 q_load=1 k_load=144 v_load=130 qk_dot=2 safe_sm=135 core_acc=2 o_scale=1 o_store=1
FIG8_ATTENTION_EVENT_COUNT mode=scna-fp16 qo_len=4 phase=measure iteration=0 events=16 max_events=3224 overflow=0
FIG8_ATTENTION_HOST_TIMING mode=scna-fp16 scna_function=exp2 scna_kernel=direct scna_width=16 qo_len=4 kv_len=4096 n_heads=12 n_kv_heads=2 head_dim=128 phase=measure iteration=1 host_elapsed_us=1096 ret=0
FIG8_ATTENTION_PROFILE_COUNT mode=scna-fp16 qo_len=4 phase=measure iteration=1 records=2 max_records=10
FIG8_ATTENTION_TIMERS mode=scna-fp16 scna_function=0 scna_kernel=0 phase=measure iteration=1 lut_exp=0 nonlinear_mode=1 scna_width=16 scna_exp=114 qo_len=4 kv_len=4096 n_heads=12 n_kv_heads=2 head_dim=128 kv_head=0 worker=0 profiled_total=421 q_load=1 k_load=142 v_load=132 qk_dot=2 safe_sm=139 core_acc=2 o_scale=1 o_store=2
FIG8_ATTENTION_TIMERS mode=scna-fp16 scna_function=0 scna_kernel=0 phase=measure iteration=1 lut_exp=0 nonlinear_mode=1 scna_width=16 scna_exp=114 qo_len=4 kv_len=4096 n_heads=12 n_kv_heads=2 head_dim=128 kv_head=1 worker=0 profiled_total=423 q_load=1 k_load=148 v_load=132 qk_dot=2 safe_sm=136 core_acc=2 o_scale=1 o_store=1
FIG8_ATTENTION_EVENT_COUNT mode=scna-fp16 qo_len=4 phase=measure iteration=1 events=16 max_events=3224 overflow=0
FIG8_ATTENTION_HOST_TIMING mode=scna-fp16 scna_function=exp2 scna_kernel=direct scna_width=16 qo_len=4 kv_len=4096 n_heads=12 n_kv_heads=2 head_dim=128 phase=measure iteration=2 host_elapsed_us=1099 ret=0
FIG8_ATTENTION_PROFILE_COUNT mode=scna-fp16 qo_len=4 phase=measure iteration=2 records=2 max_records=10
FIG8_ATTENTION_TIMERS mode=scna-fp16 scna_function=0 scna_kernel=0 phase=measure iteration=2 lut_exp=0 nonlinear_mode=1 scna_width=16 scna_exp=114 qo_len=4 kv_len=4096 n_heads=12 n_kv_heads=2 head_dim=128 kv_head=0 worker=0 profiled_total=425 q_load=1 k_load=147 v_load=132 qk_dot=2 safe_sm=138 core_acc=2 o_scale=1 o_store=2
FIG8_ATTENTION_TIMERS mode=scna-fp16 scna_function=0 scna_kernel=0 phase=measure iteration=2 lut_exp=0 nonlinear_mode=1 scna_width=16 scna_exp=114 qo_len=4 kv_len=4096 n_heads=12 n_kv_heads=2 head_dim=128 kv_head=1 worker=0 profiled_total=421 q_load=1 k_load=146 v_load=132 qk_dot=2 safe_sm=135 core_acc=2 o_scale=1 o_store=2
FIG8_ATTENTION_EVENT_COUNT mode=scna-fp16 qo_len=4 phase=measure iteration=2 events=16 max_events=3224 overflow=0
FIG8_ATTENTION_HOST_TIMING mode=scna-fp16 scna_function=exp2 scna_kernel=direct scna_width=16 qo_len=4 kv_len=4096 n_heads=12 n_kv_heads=2 head_dim=128 phase=measure iteration=3 host_elapsed_us=1102 ret=0
FIG8_ATTENTION_PROFILE_COUNT mode=scna-fp16 qo_len=4 phase=measure iteration=3 records=2 max_records=10
FIG8_ATTENTION_TIMERS mode=scna-fp16 scna_function=0 scna_kernel=0 phase=measure iteration=3 lut_exp=0 nonlinear_mode=1 scna_width=16 scna_exp=114 qo_len=4 kv_len=4096 n_heads=12 n_kv_heads=2 head_dim=128 kv_head=0 worker=0 profiled_total=423 q_load=1 k_load=146 v_load=131 qk_dot=2 safe_sm=138 core_acc=2 o_scale=1 o_store=2
FIG8_ATTENTION_TIMERS mode=scna-fp16 scna_function=0 scna_kernel=0 phase=measure iteration=3 lut_exp=0 nonlinear_mode=1 scna_width=16 scna_exp=114 qo_len=4 kv_len=4096 n_heads=12 n_kv_heads=2 head_dim=128 kv_head=1 worker=0 profiled_total=422 q_load=1 k_load=147 v_load=133 qk_dot=2 safe_sm=135 core_acc=2 o_scale=1 o_store=1
FIG8_ATTENTION_EVENT_COUNT mode=scna-fp16 qo_len=4 phase=measure iteration=3 events=16 max_events=3224 overflow=0
FIG8_ATTENTION_HOST_TIMING mode=scna-fp16 scna_function=exp2 scna_kernel=direct scna_width=16 qo_len=4 kv_len=4096 n_heads=12 n_kv_heads=2 head_dim=128 phase=measure iteration=4 host_elapsed_us=1083 ret=0
FIG8_ATTENTION_PROFILE_COUNT mode=scna-fp16 qo_len=4 phase=measure iteration=4 records=2 max_records=10
FIG8_ATTENTION_TIMERS mode=scna-fp16 scna_function=0 scna_kernel=0 phase=measure iteration=4 lut_exp=0 nonlinear_mode=1 scna_width=16 scna_exp=115 qo_len=4 kv_len=4096 n_heads=12 n_kv_heads=2 head_dim=128 kv_head=0 worker=0 profiled_total=421 q_load=1 k_load=144 v_load=130 qk_dot=2 safe_sm=139 core_acc=2 o_scale=1 o_store=2
FIG8_ATTENTION_TIMERS mode=scna-fp16 scna_function=0 scna_kernel=0 phase=measure iteration=4 lut_exp=0 nonlinear_mode=1 scna_width=16 scna_exp=115 qo_len=4 kv_len=4096 n_heads=12 n_kv_heads=2 head_dim=128 kv_head=1 worker=0 profiled_total=422 q_load=1 k_load=147 v_load=131 qk_dot=2 safe_sm=137 core_acc=2 o_scale=1 o_store=1
FIG8_ATTENTION_EVENT_COUNT mode=scna-fp16 qo_len=4 phase=measure iteration=4 events=16 max_events=3224 overflow=0
FIG8_ATTENTION_HOST_TIMING mode=scna-fp16 scna_function=exp2 scna_kernel=direct scna_width=16 qo_len=4 kv_len=4096 n_heads=12 n_kv_heads=2 head_dim=128 phase=measure iteration=5 host_elapsed_us=1092 ret=0
FIG8_ATTENTION_PROFILE_COUNT mode=scna-fp16 qo_len=4 phase=measure iteration=5 records=2 max_records=10
FIG8_ATTENTION_TIMERS mode=scna-fp16 scna_function=0 scna_kernel=0 phase=measure iteration=5 lut_exp=0 nonlinear_mode=1 scna_width=16 scna_exp=115 qo_len=4 kv_len=4096 n_heads=12 n_kv_heads=2 head_dim=128 kv_head=0 worker=0 profiled_total=423 q_load=1 k_load=143 v_load=133 qk_dot=2 safe_sm=139 core_acc=2 o_scale=1 o_store=2
FIG8_ATTENTION_TIMERS mode=scna-fp16 scna_function=0 scna_kernel=0 phase=measure iteration=5 lut_exp=0 nonlinear_mode=1 scna_width=16 scna_exp=115 qo_len=4 kv_len=4096 n_heads=12 n_kv_heads=2 head_dim=128 kv_head=1 worker=0 profiled_total=417 q_load=1 k_load=143 v_load=131 qk_dot=2 safe_sm=136 core_acc=2 o_scale=1 o_store=1
FIG8_ATTENTION_EVENT_COUNT mode=scna-fp16 qo_len=4 phase=measure iteration=5 events=16 max_events=3224 overflow=0
FIG8_ATTENTION_HOST_TIMING mode=scna-fp16 scna_function=exp2 scna_kernel=direct scna_width=16 qo_len=4 kv_len=4096 n_heads=12 n_kv_heads=2 head_dim=128 phase=measure iteration=6 host_elapsed_us=1090 ret=0
FIG8_ATTENTION_PROFILE_COUNT mode=scna-fp16 qo_len=4 phase=measure iteration=6 records=2 max_records=10
FIG8_ATTENTION_TIMERS mode=scna-fp16 scna_function=0 scna_kernel=0 phase=measure iteration=6 lut_exp=0 nonlinear_mode=1 scna_width=16 scna_exp=114 qo_len=4 kv_len=4096 n_heads=12 n_kv_heads=2 head_dim=128 kv_head=0 worker=0 profiled_total=424 q_load=1 k_load=144 v_load=134 qk_dot=2 safe_sm=138 core_acc=2 o_scale=1 o_store=2
FIG8_ATTENTION_TIMERS mode=scna-fp16 scna_function=0 scna_kernel=0 phase=measure iteration=6 lut_exp=0 nonlinear_mode=1 scna_width=16 scna_exp=114 qo_len=4 kv_len=4096 n_heads=12 n_kv_heads=2 head_dim=128 kv_head=1 worker=0 profiled_total=419 q_load=1 k_load=147 v_load=130 qk_dot=2 safe_sm=135 core_acc=2 o_scale=1 o_store=1
FIG8_ATTENTION_EVENT_COUNT mode=scna-fp16 qo_len=4 phase=measure iteration=6 events=16 max_events=3224 overflow=0
FIG8_ATTENTION_HOST_TIMING mode=scna-fp16 scna_function=exp2 scna_kernel=direct scna_width=16 qo_len=4 kv_len=4096 n_heads=12 n_kv_heads=2 head_dim=128 phase=measure iteration=7 host_elapsed_us=1090 ret=0
FIG8_ATTENTION_PROFILE_COUNT mode=scna-fp16 qo_len=4 phase=measure iteration=7 records=2 max_records=10
FIG8_ATTENTION_TIMERS mode=scna-fp16 scna_function=0 scna_kernel=0 phase=measure iteration=7 lut_exp=0 nonlinear_mode=1 scna_width=16 scna_exp=114 qo_len=4 kv_len=4096 n_heads=12 n_kv_heads=2 head_dim=128 kv_head=0 worker=0 profiled_total=413 q_load=1 k_load=135 v_load=133 qk_dot=2 safe_sm=137 core_acc=2 o_scale=1 o_store=2
FIG8_ATTENTION_TIMERS mode=scna-fp16 scna_function=0 scna_kernel=0 phase=measure iteration=7 lut_exp=0 nonlinear_mode=1 scna_width=16 scna_exp=115 qo_len=4 kv_len=4096 n_heads=12 n_kv_heads=2 head_dim=128 kv_head=1 worker=0 profiled_total=419 q_load=1 k_load=146 v_load=130 qk_dot=2 safe_sm=136 core_acc=2 o_scale=1 o_store=1
FIG8_ATTENTION_EVENT_COUNT mode=scna-fp16 qo_len=4 phase=measure iteration=7 events=16 max_events=3224 overflow=0
FIG8_ATTENTION_HOST_TIMING mode=scna-fp16 scna_function=exp2 scna_kernel=direct scna_width=16 qo_len=4 kv_len=4096 n_heads=12 n_kv_heads=2 head_dim=128 phase=measure iteration=8 host_elapsed_us=1089 ret=0
FIG8_ATTENTION_PROFILE_COUNT mode=scna-fp16 qo_len=4 phase=measure iteration=8 records=2 max_records=10
FIG8_ATTENTION_TIMERS mode=scna-fp16 scna_function=0 scna_kernel=0 phase=measure iteration=8 lut_exp=0 nonlinear_mode=1 scna_width=16 scna_exp=114 qo_len=4 kv_len=4096 n_heads=12 n_kv_heads=2 head_dim=128 kv_head=0 worker=0 profiled_total=416 q_load=1 k_load=140 v_load=130 qk_dot=2 safe_sm=138 core_acc=2 o_scale=1 o_store=2
FIG8_ATTENTION_TIMERS mode=scna-fp16 scna_function=0 scna_kernel=0 phase=measure iteration=8 lut_exp=0 nonlinear_mode=1 scna_width=16 scna_exp=114 qo_len=4 kv_len=4096 n_heads=12 n_kv_heads=2 head_dim=128 kv_head=1 worker=0 profiled_total=422 q_load=1 k_load=147 v_load=132 qk_dot=2 safe_sm=136 core_acc=2 o_scale=1 o_store=1
FIG8_ATTENTION_EVENT_COUNT mode=scna-fp16 qo_len=4 phase=measure iteration=8 events=16 max_events=3224 overflow=0
FIG8_ATTENTION_HOST_TIMING mode=scna-fp16 scna_function=exp2 scna_kernel=direct scna_width=16 qo_len=4 kv_len=4096 n_heads=12 n_kv_heads=2 head_dim=128 phase=measure iteration=9 host_elapsed_us=1198 ret=0
FIG8_ATTENTION_PROFILE_COUNT mode=scna-fp16 qo_len=4 phase=measure iteration=9 records=2 max_records=10
FIG8_ATTENTION_TIMERS mode=scna-fp16 scna_function=0 scna_kernel=0 phase=measure iteration=9 lut_exp=0 nonlinear_mode=1 scna_width=16 scna_exp=115 qo_len=4 kv_len=4096 n_heads=12 n_kv_heads=2 head_dim=128 kv_head=0 worker=0 profiled_total=418 q_load=1 k_load=140 v_load=131 qk_dot=2 safe_sm=139 core_acc=2 o_scale=1 o_store=2
FIG8_ATTENTION_TIMERS mode=scna-fp16 scna_function=0 scna_kernel=0 phase=measure iteration=9 lut_exp=0 nonlinear_mode=1 scna_width=16 scna_exp=115 qo_len=4 kv_len=4096 n_heads=12 n_kv_heads=2 head_dim=128 kv_head=1 worker=0 profiled_total=441 q_load=1 k_load=150 v_load=148 qk_dot=2 safe_sm=136 core_acc=2 o_scale=1 o_store=1
FIG8_ATTENTION_EVENT_COUNT mode=scna-fp16 qo_len=4 phase=measure iteration=9 events=16 max_events=3224 overflow=0
FIG8_ATTENTION_HOST_TIMING mode=scna-fp16 scna_function=exp2 scna_kernel=direct scna_width=16 qo_len=4 kv_len=4096 n_heads=12 n_kv_heads=2 head_dim=128 phase=measure iteration=10 host_elapsed_us=1225 ret=0
FIG8_ATTENTION_PROFILE_COUNT mode=scna-fp16 qo_len=4 phase=measure iteration=10 records=2 max_records=10
FIG8_ATTENTION_TIMERS mode=scna-fp16 scna_function=0 scna_kernel=0 phase=measure iteration=10 lut_exp=0 nonlinear_mode=1 scna_width=16 scna_exp=115 qo_len=4 kv_len=4096 n_heads=12 n_kv_heads=2 head_dim=128 kv_head=0 worker=0 profiled_total=444 q_load=1 k_load=149 v_load=148 qk_dot=2 safe_sm=139 core_acc=2 o_scale=1 o_store=2
FIG8_ATTENTION_TIMERS mode=scna-fp16 scna_function=0 scna_kernel=0 phase=measure iteration=10 lut_exp=0 nonlinear_mode=1 scna_width=16 scna_exp=114 qo_len=4 kv_len=4096 n_heads=12 n_kv_heads=2 head_dim=128 kv_head=1 worker=0 profiled_total=439 q_load=1 k_load=156 v_load=140 qk_dot=2 safe_sm=136 core_acc=2 o_scale=1 o_store=1
FIG8_ATTENTION_EVENT_COUNT mode=scna-fp16 qo_len=4 phase=measure iteration=10 events=16 max_events=3224 overflow=0
FIG8_ATTENTION_HOST_TIMING mode=scna-fp16 scna_function=exp2 scna_kernel=direct scna_width=16 qo_len=4 kv_len=4096 n_heads=12 n_kv_heads=2 head_dim=128 phase=measure iteration=11 host_elapsed_us=1219 ret=0
FIG8_ATTENTION_PROFILE_COUNT mode=scna-fp16 qo_len=4 phase=measure iteration=11 records=2 max_records=10
FIG8_ATTENTION_TIMERS mode=scna-fp16 scna_function=0 scna_kernel=0 phase=measure iteration=11 lut_exp=0 nonlinear_mode=1 scna_width=16 scna_exp=115 qo_len=4 kv_len=4096 n_heads=12 n_kv_heads=2 head_dim=128 kv_head=0 worker=0 profiled_total=436 q_load=1 k_load=149 v_load=141 qk_dot=2 safe_sm=138 core_acc=2 o_scale=1 o_store=2
FIG8_ATTENTION_TIMERS mode=scna-fp16 scna_function=0 scna_kernel=0 phase=measure iteration=11 lut_exp=0 nonlinear_mode=1 scna_width=16 scna_exp=115 qo_len=4 kv_len=4096 n_heads=12 n_kv_heads=2 head_dim=128 kv_head=1 worker=0 profiled_total=457 q_load=1 k_load=165 v_load=149 qk_dot=2 safe_sm=136 core_acc=2 o_scale=1 o_store=1
FIG8_ATTENTION_EVENT_COUNT mode=scna-fp16 qo_len=4 phase=measure iteration=11 events=16 max_events=3224 overflow=0
FIG8_ATTENTION_HOST_TIMING mode=scna-fp16 scna_function=exp2 scna_kernel=direct scna_width=16 qo_len=4 kv_len=4096 n_heads=12 n_kv_heads=2 head_dim=128 phase=measure iteration=12 host_elapsed_us=1222 ret=0
FIG8_ATTENTION_PROFILE_COUNT mode=scna-fp16 qo_len=4 phase=measure iteration=12 records=2 max_records=10
FIG8_ATTENTION_TIMERS mode=scna-fp16 scna_function=0 scna_kernel=0 phase=measure iteration=12 lut_exp=0 nonlinear_mode=1 scna_width=16 scna_exp=115 qo_len=4 kv_len=4096 n_heads=12 n_kv_heads=2 head_dim=128 kv_head=0 worker=0 profiled_total=437 q_load=1 k_load=150 v_load=140 qk_dot=2 safe_sm=139 core_acc=2 o_scale=1 o_store=2
FIG8_ATTENTION_TIMERS mode=scna-fp16 scna_function=0 scna_kernel=0 phase=measure iteration=12 lut_exp=0 nonlinear_mode=1 scna_width=16 scna_exp=115 qo_len=4 kv_len=4096 n_heads=12 n_kv_heads=2 head_dim=128 kv_head=1 worker=0 profiled_total=446 q_load=1 k_load=165 v_load=138 qk_dot=2 safe_sm=136 core_acc=2 o_scale=1 o_store=1
FIG8_ATTENTION_EVENT_COUNT mode=scna-fp16 qo_len=4 phase=measure iteration=12 events=16 max_events=3224 overflow=0
FIG8_ATTENTION_HOST_TIMING mode=scna-fp16 scna_function=exp2 scna_kernel=direct scna_width=16 qo_len=4 kv_len=4096 n_heads=12 n_kv_heads=2 head_dim=128 phase=measure iteration=13 host_elapsed_us=1197 ret=0
FIG8_ATTENTION_PROFILE_COUNT mode=scna-fp16 qo_len=4 phase=measure iteration=13 records=2 max_records=10
FIG8_ATTENTION_TIMERS mode=scna-fp16 scna_function=0 scna_kernel=0 phase=measure iteration=13 lut_exp=0 nonlinear_mode=1 scna_width=16 scna_exp=115 qo_len=4 kv_len=4096 n_heads=12 n_kv_heads=2 head_dim=128 kv_head=0 worker=0 profiled_total=435 q_load=1 k_load=148 v_load=140 qk_dot=2 safe_sm=139 core_acc=2 o_scale=1 o_store=2
FIG8_ATTENTION_TIMERS mode=scna-fp16 scna_function=0 scna_kernel=0 phase=measure iteration=13 lut_exp=0 nonlinear_mode=1 scna_width=16 scna_exp=114 qo_len=4 kv_len=4096 n_heads=12 n_kv_heads=2 head_dim=128 kv_head=1 worker=0 profiled_total=436 q_load=1 k_load=157 v_load=136 qk_dot=2 safe_sm=135 core_acc=2 o_scale=1 o_store=2
FIG8_ATTENTION_EVENT_COUNT mode=scna-fp16 qo_len=4 phase=measure iteration=13 events=16 max_events=3224 overflow=0
FIG8_ATTENTION_HOST_TIMING mode=scna-fp16 scna_function=exp2 scna_kernel=direct scna_width=16 qo_len=4 kv_len=4096 n_heads=12 n_kv_heads=2 head_dim=128 phase=measure iteration=14 host_elapsed_us=1181 ret=0
FIG8_ATTENTION_PROFILE_COUNT mode=scna-fp16 qo_len=4 phase=measure iteration=14 records=2 max_records=10
FIG8_ATTENTION_TIMERS mode=scna-fp16 scna_function=0 scna_kernel=0 phase=measure iteration=14 lut_exp=0 nonlinear_mode=1 scna_width=16 scna_exp=115 qo_len=4 kv_len=4096 n_heads=12 n_kv_heads=2 head_dim=128 kv_head=0 worker=0 profiled_total=450 q_load=1 k_load=150 v_load=151 qk_dot=2 safe_sm=141 core_acc=2 o_scale=1 o_store=2
FIG8_ATTENTION_TIMERS mode=scna-fp16 scna_function=0 scna_kernel=0 phase=measure iteration=14 lut_exp=0 nonlinear_mode=1 scna_width=16 scna_exp=114 qo_len=4 kv_len=4096 n_heads=12 n_kv_heads=2 head_dim=128 kv_head=1 worker=0 profiled_total=459 q_load=1 k_load=163 v_load=151 qk_dot=2 safe_sm=138 core_acc=2 o_scale=1 o_store=1
FIG8_ATTENTION_EVENT_COUNT mode=scna-fp16 qo_len=4 phase=measure iteration=14 events=16 max_events=3224 overflow=0
FIG8_ATTENTION_HOST_TIMING mode=scna-fp16 scna_function=exp2 scna_kernel=direct scna_width=16 qo_len=4 kv_len=4096 n_heads=12 n_kv_heads=2 head_dim=128 phase=measure iteration=15 host_elapsed_us=1175 ret=0
FIG8_ATTENTION_PROFILE_COUNT mode=scna-fp16 qo_len=4 phase=measure iteration=15 records=2 max_records=10
FIG8_ATTENTION_TIMERS mode=scna-fp16 scna_function=0 scna_kernel=0 phase=measure iteration=15 lut_exp=0 nonlinear_mode=1 scna_width=16 scna_exp=115 qo_len=4 kv_len=4096 n_heads=12 n_kv_heads=2 head_dim=128 kv_head=0 worker=0 profiled_total=463 q_load=1 k_load=165 v_load=150 qk_dot=2 safe_sm=140 core_acc=2 o_scale=1 o_store=2
FIG8_ATTENTION_TIMERS mode=scna-fp16 scna_function=0 scna_kernel=0 phase=measure iteration=15 lut_exp=0 nonlinear_mode=1 scna_width=16 scna_exp=114 qo_len=4 kv_len=4096 n_heads=12 n_kv_heads=2 head_dim=128 kv_head=1 worker=0 profiled_total=459 q_load=1 k_load=165 v_load=151 qk_dot=2 safe_sm=136 core_acc=2 o_scale=1 o_store=1
FIG8_ATTENTION_EVENT_COUNT mode=scna-fp16 qo_len=4 phase=measure iteration=15 events=16 max_events=3224 overflow=0
FIG8_ATTENTION_HOST_TIMING mode=scna-fp16 scna_function=exp2 scna_kernel=direct scna_width=16 qo_len=4 kv_len=4096 n_heads=12 n_kv_heads=2 head_dim=128 phase=measure iteration=16 host_elapsed_us=1166 ret=0
FIG8_ATTENTION_PROFILE_COUNT mode=scna-fp16 qo_len=4 phase=measure iteration=16 records=2 max_records=10
FIG8_ATTENTION_TIMERS mode=scna-fp16 scna_function=0 scna_kernel=0 phase=measure iteration=16 lut_exp=0 nonlinear_mode=1 scna_width=16 scna_exp=115 qo_len=4 kv_len=4096 n_heads=12 n_kv_heads=2 head_dim=128 kv_head=0 worker=0 profiled_total=448 q_load=1 k_load=151 v_load=150 qk_dot=2 safe_sm=139 core_acc=2 o_scale=1 o_store=2
FIG8_ATTENTION_TIMERS mode=scna-fp16 scna_function=0 scna_kernel=0 phase=measure iteration=16 lut_exp=0 nonlinear_mode=1 scna_width=16 scna_exp=114 qo_len=4 kv_len=4096 n_heads=12 n_kv_heads=2 head_dim=128 kv_head=1 worker=0 profiled_total=443 q_load=1 k_load=152 v_load=147 qk_dot=2 safe_sm=137 core_acc=2 o_scale=1 o_store=1
FIG8_ATTENTION_EVENT_COUNT mode=scna-fp16 qo_len=4 phase=measure iteration=16 events=16 max_events=3224 overflow=0
FIG8_ATTENTION_HOST_TIMING mode=scna-fp16 scna_function=exp2 scna_kernel=direct scna_width=16 qo_len=4 kv_len=4096 n_heads=12 n_kv_heads=2 head_dim=128 phase=measure iteration=17 host_elapsed_us=1133 ret=0
FIG8_ATTENTION_PROFILE_COUNT mode=scna-fp16 qo_len=4 phase=measure iteration=17 records=2 max_records=10
FIG8_ATTENTION_TIMERS mode=scna-fp16 scna_function=0 scna_kernel=0 phase=measure iteration=17 lut_exp=0 nonlinear_mode=1 scna_width=16 scna_exp=115 qo_len=4 kv_len=4096 n_heads=12 n_kv_heads=2 head_dim=128 kv_head=0 worker=0 profiled_total=430 q_load=1 k_load=146 v_load=136 qk_dot=2 safe_sm=140 core_acc=2 o_scale=1 o_store=2
FIG8_ATTENTION_TIMERS mode=scna-fp16 scna_function=0 scna_kernel=0 phase=measure iteration=17 lut_exp=0 nonlinear_mode=1 scna_width=16 scna_exp=114 qo_len=4 kv_len=4096 n_heads=12 n_kv_heads=2 head_dim=128 kv_head=1 worker=0 profiled_total=425 q_load=1 k_load=150 v_load=133 qk_dot=2 safe_sm=135 core_acc=2 o_scale=1 o_store=1
FIG8_ATTENTION_EVENT_COUNT mode=scna-fp16 qo_len=4 phase=measure iteration=17 events=16 max_events=3224 overflow=0
FIG8_ATTENTION_HOST_TIMING mode=scna-fp16 scna_function=exp2 scna_kernel=direct scna_width=16 qo_len=4 kv_len=4096 n_heads=12 n_kv_heads=2 head_dim=128 phase=measure iteration=18 host_elapsed_us=1185 ret=0
FIG8_ATTENTION_PROFILE_COUNT mode=scna-fp16 qo_len=4 phase=measure iteration=18 records=2 max_records=10
FIG8_ATTENTION_TIMERS mode=scna-fp16 scna_function=0 scna_kernel=0 phase=measure iteration=18 lut_exp=0 nonlinear_mode=1 scna_width=16 scna_exp=115 qo_len=4 kv_len=4096 n_heads=12 n_kv_heads=2 head_dim=128 kv_head=0 worker=0 profiled_total=432 q_load=1 k_load=148 v_load=137 qk_dot=2 safe_sm=139 core_acc=2 o_scale=1 o_store=2
FIG8_ATTENTION_TIMERS mode=scna-fp16 scna_function=0 scna_kernel=0 phase=measure iteration=18 lut_exp=0 nonlinear_mode=1 scna_width=16 scna_exp=114 qo_len=4 kv_len=4096 n_heads=12 n_kv_heads=2 head_dim=128 kv_head=1 worker=0 profiled_total=443 q_load=1 k_load=154 v_load=146 qk_dot=2 safe_sm=136 core_acc=2 o_scale=1 o_store=1
FIG8_ATTENTION_EVENT_COUNT mode=scna-fp16 qo_len=4 phase=measure iteration=18 events=16 max_events=3224 overflow=0
FIG8_ATTENTION_HOST_TIMING mode=scna-fp16 scna_function=exp2 scna_kernel=direct scna_width=16 qo_len=4 kv_len=4096 n_heads=12 n_kv_heads=2 head_dim=128 phase=measure iteration=19 host_elapsed_us=1133 ret=0
FIG8_ATTENTION_PROFILE_COUNT mode=scna-fp16 qo_len=4 phase=measure iteration=19 records=2 max_records=10
FIG8_ATTENTION_TIMERS mode=scna-fp16 scna_function=0 scna_kernel=0 phase=measure iteration=19 lut_exp=0 nonlinear_mode=1 scna_width=16 scna_exp=114 qo_len=4 kv_len=4096 n_heads=12 n_kv_heads=2 head_dim=128 kv_head=0 worker=0 profiled_total=429 q_load=1 k_load=145 v_load=136 qk_dot=2 safe_sm=140 core_acc=2 o_scale=1 o_store=2
FIG8_ATTENTION_TIMERS mode=scna-fp16 scna_function=0 scna_kernel=0 phase=measure iteration=19 lut_exp=0 nonlinear_mode=1 scna_width=16 scna_exp=114 qo_len=4 kv_len=4096 n_heads=12 n_kv_heads=2 head_dim=128 kv_head=1 worker=0 profiled_total=437 q_load=1 k_load=153 v_load=141 qk_dot=2 safe_sm=136 core_acc=2 o_scale=1 o_store=1
FIG8_ATTENTION_EVENT_COUNT mode=scna-fp16 qo_len=4 phase=measure iteration=19 events=16 max_events=3224 overflow=0
