alloc_shared_mem_buf: buf=0x77cc0f9000 fd=12 size=49152 flags=FASTRPC_MAP_FD
alloc_shared_mem_buf: buf=0x752fc00000 fd=13 size=2097152 flags=FASTRPC_MAP_FD
alloc_shared_mem_buf: buf=0x752fa00000 fd=14 size=2097152 flags=FASTRPC_MAP_FD
alloc_shared_mem_buf: buf=0x77cc0ed000 fd=15 size=49152 flags=FASTRPC_MAP_FD
alloc_shared_mem_buf: buf=0x77cbff0000 fd=16 size=65536 flags=FASTRPC_MAP_FD
alloc_shared_mem_buf: buf=0x752fe80000 fd=17 size=456832 flags=FASTRPC_MAP_FD
alloc_shared_mem_buf: buf=0x77cc43f000 fd=18 size=4096 flags=FASTRPC_MAP_FD
No-op channel request completed
FIG8_ATTENTION_CONFIG mode=scna-fp16 scna_function=exp scna_kernel=tree mask_mode=full qo_len=8 kv_len=4096 n_heads=12 n_kv_heads=2 head_dim=128 warmup=5 iters=20 scna_width=16 q_size=49152 kv_size=2097152 mask_size=65536 profile_size=456832 profile_max_records=10 profile_max_events=6320 mode_flags=1156 print_events=0
FIG8_ATTENTION_HOST_TIMING mode=scna-fp16 scna_function=exp scna_kernel=tree scna_width=16 qo_len=8 kv_len=4096 n_heads=12 n_kv_heads=2 head_dim=128 phase=warmup iteration=0 host_elapsed_us=1287 ret=0
FIG8_ATTENTION_PROFILE_COUNT mode=scna-fp16 qo_len=8 phase=warmup iteration=0 records=2 max_records=10
FIG8_ATTENTION_TIMERS mode=scna-fp16 scna_function=1 scna_kernel=1 phase=warmup iteration=0 lut_exp=0 nonlinear_mode=1 scna_width=16 scna_exp=167 qo_len=8 kv_len=4096 n_heads=12 n_kv_heads=2 head_dim=128 kv_head=0 worker=0 profiled_total=470 q_load=3 k_load=69 v_load=156 qk_dot=4 safe_sm=227 core_acc=5 o_scale=1 o_store=5
FIG8_ATTENTION_TIMERS mode=scna-fp16 scna_function=1 scna_kernel=1 phase=warmup iteration=0 lut_exp=0 nonlinear_mode=1 scna_width=16 scna_exp=165 qo_len=8 kv_len=4096 n_heads=12 n_kv_heads=2 head_dim=128 kv_head=1 worker=0 profiled_total=470 q_load=2 k_load=72 v_load=170 qk_dot=5 safe_sm=212 core_acc=5 o_scale=1 o_store=3
FIG8_ATTENTION_EVENT_COUNT mode=scna-fp16 qo_len=8 phase=warmup iteration=0 events=16 max_events=6320 overflow=0
FIG8_ATTENTION_HOST_TIMING mode=scna-fp16 scna_function=exp scna_kernel=tree scna_width=16 qo_len=8 kv_len=4096 n_heads=12 n_kv_heads=2 head_dim=128 phase=warmup iteration=1 host_elapsed_us=1392 ret=0
FIG8_ATTENTION_PROFILE_COUNT mode=scna-fp16 qo_len=8 phase=warmup iteration=1 records=2 max_records=10
FIG8_ATTENTION_TIMERS mode=scna-fp16 scna_function=1 scna_kernel=1 phase=warmup iteration=1 lut_exp=0 nonlinear_mode=1 scna_width=16 scna_exp=160 qo_len=8 kv_len=4096 n_heads=12 n_kv_heads=2 head_dim=128 kv_head=0 worker=0 profiled_total=536 q_load=2 k_load=149 v_load=167 qk_dot=4 safe_sm=207 core_acc=3 o_scale=1 o_store=3
FIG8_ATTENTION_TIMERS mode=scna-fp16 scna_function=1 scna_kernel=1 phase=warmup iteration=1 lut_exp=0 nonlinear_mode=1 scna_width=16 scna_exp=161 qo_len=8 kv_len=4096 n_heads=12 n_kv_heads=2 head_dim=128 kv_head=1 worker=0 profiled_total=536 q_load=2 k_load=149 v_load=168 qk_dot=4 safe_sm=205 core_acc=4 o_scale=1 o_store=3
FIG8_ATTENTION_EVENT_COUNT mode=scna-fp16 qo_len=8 phase=warmup iteration=1 events=16 max_events=6320 overflow=0
FIG8_ATTENTION_HOST_TIMING mode=scna-fp16 scna_function=exp scna_kernel=tree scna_width=16 qo_len=8 kv_len=4096 n_heads=12 n_kv_heads=2 head_dim=128 phase=warmup iteration=2 host_elapsed_us=1393 ret=0
FIG8_ATTENTION_PROFILE_COUNT mode=scna-fp16 qo_len=8 phase=warmup iteration=2 records=2 max_records=10
FIG8_ATTENTION_TIMERS mode=scna-fp16 scna_function=1 scna_kernel=1 phase=warmup iteration=2 lut_exp=0 nonlinear_mode=1 scna_width=16 scna_exp=159 qo_len=8 kv_len=4096 n_heads=12 n_kv_heads=2 head_dim=128 kv_head=0 worker=0 profiled_total=513 q_load=2 k_load=157 v_load=136 qk_dot=4 safe_sm=207 core_acc=3 o_scale=1 o_store=3
FIG8_ATTENTION_TIMERS mode=scna-fp16 scna_function=1 scna_kernel=1 phase=warmup iteration=2 lut_exp=0 nonlinear_mode=1 scna_width=16 scna_exp=160 qo_len=8 kv_len=4096 n_heads=12 n_kv_heads=2 head_dim=128 kv_head=1 worker=0 profiled_total=543 q_load=2 k_load=160 v_load=164 qk_dot=4 safe_sm=205 core_acc=4 o_scale=1 o_store=3
FIG8_ATTENTION_EVENT_COUNT mode=scna-fp16 qo_len=8 phase=warmup iteration=2 events=16 max_events=6320 overflow=0
FIG8_ATTENTION_HOST_TIMING mode=scna-fp16 scna_function=exp scna_kernel=tree scna_width=16 qo_len=8 kv_len=4096 n_heads=12 n_kv_heads=2 head_dim=128 phase=warmup iteration=3 host_elapsed_us=1393 ret=0
FIG8_ATTENTION_PROFILE_COUNT mode=scna-fp16 qo_len=8 phase=warmup iteration=3 records=2 max_records=10
FIG8_ATTENTION_TIMERS mode=scna-fp16 scna_function=1 scna_kernel=1 phase=warmup iteration=3 lut_exp=0 nonlinear_mode=1 scna_width=16 scna_exp=159 qo_len=8 kv_len=4096 n_heads=12 n_kv_heads=2 head_dim=128 kv_head=0 worker=0 profiled_total=536 q_load=2 k_load=156 v_load=161 qk_dot=4 safe_sm=206 core_acc=3 o_scale=1 o_store=3
FIG8_ATTENTION_TIMERS mode=scna-fp16 scna_function=1 scna_kernel=1 phase=warmup iteration=3 lut_exp=0 nonlinear_mode=1 scna_width=16 scna_exp=159 qo_len=8 kv_len=4096 n_heads=12 n_kv_heads=2 head_dim=128 kv_head=1 worker=0 profiled_total=570 q_load=2 k_load=181 v_load=172 qk_dot=4 safe_sm=203 core_acc=4 o_scale=1 o_store=3
FIG8_ATTENTION_EVENT_COUNT mode=scna-fp16 qo_len=8 phase=warmup iteration=3 events=16 max_events=6320 overflow=0
FIG8_ATTENTION_HOST_TIMING mode=scna-fp16 scna_function=exp scna_kernel=tree scna_width=16 qo_len=8 kv_len=4096 n_heads=12 n_kv_heads=2 head_dim=128 phase=warmup iteration=4 host_elapsed_us=1391 ret=0
FIG8_ATTENTION_PROFILE_COUNT mode=scna-fp16 qo_len=8 phase=warmup iteration=4 records=2 max_records=10
FIG8_ATTENTION_TIMERS mode=scna-fp16 scna_function=1 scna_kernel=1 phase=warmup iteration=4 lut_exp=0 nonlinear_mode=1 scna_width=16 scna_exp=159 qo_len=8 kv_len=4096 n_heads=12 n_kv_heads=2 head_dim=128 kv_head=0 worker=0 profiled_total=531 q_load=2 k_load=156 v_load=155 qk_dot=4 safe_sm=207 core_acc=3 o_scale=1 o_store=3
FIG8_ATTENTION_TIMERS mode=scna-fp16 scna_function=1 scna_kernel=1 phase=warmup iteration=4 lut_exp=0 nonlinear_mode=1 scna_width=16 scna_exp=160 qo_len=8 kv_len=4096 n_heads=12 n_kv_heads=2 head_dim=128 kv_head=1 worker=0 profiled_total=574 q_load=2 k_load=184 v_load=173 qk_dot=4 safe_sm=203 core_acc=4 o_scale=1 o_store=3
FIG8_ATTENTION_EVENT_COUNT mode=scna-fp16 qo_len=8 phase=warmup iteration=4 events=16 max_events=6320 overflow=0
FIG8_ATTENTION_HOST_TIMING mode=scna-fp16 scna_function=exp scna_kernel=tree scna_width=16 qo_len=8 kv_len=4096 n_heads=12 n_kv_heads=2 head_dim=128 phase=measure iteration=0 host_elapsed_us=1397 ret=0
FIG8_ATTENTION_PROFILE_COUNT mode=scna-fp16 qo_len=8 phase=measure iteration=0 records=2 max_records=10
FIG8_ATTENTION_TIMERS mode=scna-fp16 scna_function=1 scna_kernel=1 phase=measure iteration=0 lut_exp=0 nonlinear_mode=1 scna_width=16 scna_exp=159 qo_len=8 kv_len=4096 n_heads=12 n_kv_heads=2 head_dim=128 kv_head=0 worker=0 profiled_total=503 q_load=2 k_load=146 v_load=139 qk_dot=4 safe_sm=205 core_acc=3 o_scale=1 o_store=3
FIG8_ATTENTION_TIMERS mode=scna-fp16 scna_function=1 scna_kernel=1 phase=measure iteration=0 lut_exp=0 nonlinear_mode=1 scna_width=16 scna_exp=160 qo_len=8 kv_len=4096 n_heads=12 n_kv_heads=2 head_dim=128 kv_head=1 worker=0 profiled_total=560 q_load=2 k_load=177 v_load=164 qk_dot=4 safe_sm=205 core_acc=4 o_scale=1 o_store=3
FIG8_ATTENTION_EVENT_COUNT mode=scna-fp16 qo_len=8 phase=measure iteration=0 events=16 max_events=6320 overflow=0
FIG8_ATTENTION_HOST_TIMING mode=scna-fp16 scna_function=exp scna_kernel=tree scna_width=16 qo_len=8 kv_len=4096 n_heads=12 n_kv_heads=2 head_dim=128 phase=measure iteration=1 host_elapsed_us=1392 ret=0
FIG8_ATTENTION_PROFILE_COUNT mode=scna-fp16 qo_len=8 phase=measure iteration=1 records=2 max_records=10
FIG8_ATTENTION_TIMERS mode=scna-fp16 scna_function=1 scna_kernel=1 phase=measure iteration=1 lut_exp=0 nonlinear_mode=1 scna_width=16 scna_exp=159 qo_len=8 kv_len=4096 n_heads=12 n_kv_heads=2 head_dim=128 kv_head=0 worker=0 profiled_total=528 q_load=2 k_load=153 v_load=156 qk_dot=4 safe_sm=206 core_acc=3 o_scale=1 o_store=3
FIG8_ATTENTION_TIMERS mode=scna-fp16 scna_function=1 scna_kernel=1 phase=measure iteration=1 lut_exp=0 nonlinear_mode=1 scna_width=16 scna_exp=160 qo_len=8 kv_len=4096 n_heads=12 n_kv_heads=2 head_dim=128 kv_head=1 worker=0 profiled_total=574 q_load=2 k_load=184 v_load=173 qk_dot=4 safe_sm=203 core_acc=4 o_scale=1 o_store=3
FIG8_ATTENTION_EVENT_COUNT mode=scna-fp16 qo_len=8 phase=measure iteration=1 events=16 max_events=6320 overflow=0
FIG8_ATTENTION_HOST_TIMING mode=scna-fp16 scna_function=exp scna_kernel=tree scna_width=16 qo_len=8 kv_len=4096 n_heads=12 n_kv_heads=2 head_dim=128 phase=measure iteration=2 host_elapsed_us=1393 ret=0
FIG8_ATTENTION_PROFILE_COUNT mode=scna-fp16 qo_len=8 phase=measure iteration=2 records=2 max_records=10
FIG8_ATTENTION_TIMERS mode=scna-fp16 scna_function=1 scna_kernel=1 phase=measure iteration=2 lut_exp=0 nonlinear_mode=1 scna_width=16 scna_exp=159 qo_len=8 kv_len=4096 n_heads=12 n_kv_heads=2 head_dim=128 kv_head=0 worker=0 profiled_total=533 q_load=2 k_load=157 v_load=157 qk_dot=4 safe_sm=206 core_acc=3 o_scale=1 o_store=3
FIG8_ATTENTION_TIMERS mode=scna-fp16 scna_function=1 scna_kernel=1 phase=measure iteration=2 lut_exp=0 nonlinear_mode=1 scna_width=16 scna_exp=160 qo_len=8 kv_len=4096 n_heads=12 n_kv_heads=2 head_dim=128 kv_head=1 worker=0 profiled_total=568 q_load=2 k_load=182 v_load=168 qk_dot=4 safe_sm=204 core_acc=4 o_scale=1 o_store=3
FIG8_ATTENTION_EVENT_COUNT mode=scna-fp16 qo_len=8 phase=measure iteration=2 events=16 max_events=6320 overflow=0
FIG8_ATTENTION_HOST_TIMING mode=scna-fp16 scna_function=exp scna_kernel=tree scna_width=16 qo_len=8 kv_len=4096 n_heads=12 n_kv_heads=2 head_dim=128 phase=measure iteration=3 host_elapsed_us=1392 ret=0
FIG8_ATTENTION_PROFILE_COUNT mode=scna-fp16 qo_len=8 phase=measure iteration=3 records=2 max_records=10
FIG8_ATTENTION_TIMERS mode=scna-fp16 scna_function=1 scna_kernel=1 phase=measure iteration=3 lut_exp=0 nonlinear_mode=1 scna_width=16 scna_exp=159 qo_len=8 kv_len=4096 n_heads=12 n_kv_heads=2 head_dim=128 kv_head=0 worker=0 profiled_total=531 q_load=2 k_load=157 v_load=154 qk_dot=4 safe_sm=207 core_acc=3 o_scale=1 o_store=3
FIG8_ATTENTION_TIMERS mode=scna-fp16 scna_function=1 scna_kernel=1 phase=measure iteration=3 lut_exp=0 nonlinear_mode=1 scna_width=16 scna_exp=160 qo_len=8 kv_len=4096 n_heads=12 n_kv_heads=2 head_dim=128 kv_head=1 worker=0 profiled_total=576 q_load=2 k_load=185 v_load=173 qk_dot=4 safe_sm=204 core_acc=4 o_scale=1 o_store=3
FIG8_ATTENTION_EVENT_COUNT mode=scna-fp16 qo_len=8 phase=measure iteration=3 events=16 max_events=6320 overflow=0
FIG8_ATTENTION_HOST_TIMING mode=scna-fp16 scna_function=exp scna_kernel=tree scna_width=16 qo_len=8 kv_len=4096 n_heads=12 n_kv_heads=2 head_dim=128 phase=measure iteration=4 host_elapsed_us=1312 ret=0
FIG8_ATTENTION_PROFILE_COUNT mode=scna-fp16 qo_len=8 phase=measure iteration=4 records=2 max_records=10
FIG8_ATTENTION_TIMERS mode=scna-fp16 scna_function=1 scna_kernel=1 phase=measure iteration=4 lut_exp=0 nonlinear_mode=1 scna_width=16 scna_exp=159 qo_len=8 kv_len=4096 n_heads=12 n_kv_heads=2 head_dim=128 kv_head=0 worker=0 profiled_total=519 q_load=2 k_load=156 v_load=144 qk_dot=4 safe_sm=206 core_acc=3 o_scale=1 o_store=3
FIG8_ATTENTION_TIMERS mode=scna-fp16 scna_function=1 scna_kernel=1 phase=measure iteration=4 lut_exp=0 nonlinear_mode=1 scna_width=16 scna_exp=160 qo_len=8 kv_len=4096 n_heads=12 n_kv_heads=2 head_dim=128 kv_head=1 worker=0 profiled_total=555 q_load=2 k_load=177 v_load=159 qk_dot=4 safe_sm=205 core_acc=4 o_scale=1 o_store=3
FIG8_ATTENTION_EVENT_COUNT mode=scna-fp16 qo_len=8 phase=measure iteration=4 events=16 max_events=6320 overflow=0
FIG8_ATTENTION_HOST_TIMING mode=scna-fp16 scna_function=exp scna_kernel=tree scna_width=16 qo_len=8 kv_len=4096 n_heads=12 n_kv_heads=2 head_dim=128 phase=measure iteration=5 host_elapsed_us=1488 ret=0
FIG8_ATTENTION_PROFILE_COUNT mode=scna-fp16 qo_len=8 phase=measure iteration=5 records=2 max_records=10
FIG8_ATTENTION_TIMERS mode=scna-fp16 scna_function=1 scna_kernel=1 phase=measure iteration=5 lut_exp=0 nonlinear_mode=1 scna_width=16 scna_exp=161 qo_len=8 kv_len=4096 n_heads=12 n_kv_heads=2 head_dim=128 kv_head=0 worker=0 profiled_total=562 q_load=2 k_load=174 v_load=162 qk_dot=4 safe_sm=213 core_acc=3 o_scale=1 o_store=3
FIG8_ATTENTION_TIMERS mode=scna-fp16 scna_function=1 scna_kernel=1 phase=measure iteration=5 lut_exp=0 nonlinear_mode=1 scna_width=16 scna_exp=163 qo_len=8 kv_len=4096 n_heads=12 n_kv_heads=2 head_dim=128 kv_head=1 worker=0 profiled_total=581 q_load=2 k_load=199 v_load=159 qk_dot=4 safe_sm=209 core_acc=4 o_scale=1 o_store=3
FIG8_ATTENTION_EVENT_COUNT mode=scna-fp16 qo_len=8 phase=measure iteration=5 events=16 max_events=6320 overflow=0
FIG8_ATTENTION_HOST_TIMING mode=scna-fp16 scna_function=exp scna_kernel=tree scna_width=16 qo_len=8 kv_len=4096 n_heads=12 n_kv_heads=2 head_dim=128 phase=measure iteration=6 host_elapsed_us=1458 ret=0
FIG8_ATTENTION_PROFILE_COUNT mode=scna-fp16 qo_len=8 phase=measure iteration=6 records=2 max_records=10
FIG8_ATTENTION_TIMERS mode=scna-fp16 scna_function=1 scna_kernel=1 phase=measure iteration=6 lut_exp=0 nonlinear_mode=1 scna_width=16 scna_exp=161 qo_len=8 kv_len=4096 n_heads=12 n_kv_heads=2 head_dim=128 kv_head=0 worker=0 profiled_total=561 q_load=2 k_load=171 v_load=163 qk_dot=4 safe_sm=214 core_acc=3 o_scale=1 o_store=3
FIG8_ATTENTION_TIMERS mode=scna-fp16 scna_function=1 scna_kernel=1 phase=measure iteration=6 lut_exp=0 nonlinear_mode=1 scna_width=16 scna_exp=163 qo_len=8 kv_len=4096 n_heads=12 n_kv_heads=2 head_dim=128 kv_head=1 worker=0 profiled_total=585 q_load=2 k_load=196 v_load=165 qk_dot=4 safe_sm=210 core_acc=4 o_scale=1 o_store=3
FIG8_ATTENTION_EVENT_COUNT mode=scna-fp16 qo_len=8 phase=measure iteration=6 events=16 max_events=6320 overflow=0
FIG8_ATTENTION_HOST_TIMING mode=scna-fp16 scna_function=exp scna_kernel=tree scna_width=16 qo_len=8 kv_len=4096 n_heads=12 n_kv_heads=2 head_dim=128 phase=measure iteration=7 host_elapsed_us=1457 ret=0
FIG8_ATTENTION_PROFILE_COUNT mode=scna-fp16 qo_len=8 phase=measure iteration=7 records=2 max_records=10
FIG8_ATTENTION_TIMERS mode=scna-fp16 scna_function=1 scna_kernel=1 phase=measure iteration=7 lut_exp=0 nonlinear_mode=1 scna_width=16 scna_exp=161 qo_len=8 kv_len=4096 n_heads=12 n_kv_heads=2 head_dim=128 kv_head=0 worker=0 profiled_total=561 q_load=3 k_load=173 v_load=163 qk_dot=4 safe_sm=211 core_acc=3 o_scale=1 o_store=3
FIG8_ATTENTION_TIMERS mode=scna-fp16 scna_function=1 scna_kernel=1 phase=measure iteration=7 lut_exp=0 nonlinear_mode=1 scna_width=16 scna_exp=162 qo_len=8 kv_len=4096 n_heads=12 n_kv_heads=2 head_dim=128 kv_head=1 worker=0 profiled_total=581 q_load=2 k_load=183 v_load=175 qk_dot=4 safe_sm=209 core_acc=4 o_scale=1 o_store=3
FIG8_ATTENTION_EVENT_COUNT mode=scna-fp16 qo_len=8 phase=measure iteration=7 events=16 max_events=6320 overflow=0
FIG8_ATTENTION_HOST_TIMING mode=scna-fp16 scna_function=exp scna_kernel=tree scna_width=16 qo_len=8 kv_len=4096 n_heads=12 n_kv_heads=2 head_dim=128 phase=measure iteration=8 host_elapsed_us=1466 ret=0
FIG8_ATTENTION_PROFILE_COUNT mode=scna-fp16 qo_len=8 phase=measure iteration=8 records=2 max_records=10
FIG8_ATTENTION_TIMERS mode=scna-fp16 scna_function=1 scna_kernel=1 phase=measure iteration=8 lut_exp=0 nonlinear_mode=1 scna_width=16 scna_exp=161 qo_len=8 kv_len=4096 n_heads=12 n_kv_heads=2 head_dim=128 kv_head=0 worker=0 profiled_total=561 q_load=2 k_load=172 v_load=164 qk_dot=4 safe_sm=212 core_acc=3 o_scale=1 o_store=3
FIG8_ATTENTION_TIMERS mode=scna-fp16 scna_function=1 scna_kernel=1 phase=measure iteration=8 lut_exp=0 nonlinear_mode=1 scna_width=16 scna_exp=162 qo_len=8 kv_len=4096 n_heads=12 n_kv_heads=2 head_dim=128 kv_head=1 worker=0 profiled_total=579 q_load=2 k_load=178 v_load=176 qk_dot=4 safe_sm=211 core_acc=4 o_scale=1 o_store=3
FIG8_ATTENTION_EVENT_COUNT mode=scna-fp16 qo_len=8 phase=measure iteration=8 events=16 max_events=6320 overflow=0
FIG8_ATTENTION_HOST_TIMING mode=scna-fp16 scna_function=exp scna_kernel=tree scna_width=16 qo_len=8 kv_len=4096 n_heads=12 n_kv_heads=2 head_dim=128 phase=measure iteration=9 host_elapsed_us=1473 ret=0
FIG8_ATTENTION_PROFILE_COUNT mode=scna-fp16 qo_len=8 phase=measure iteration=9 records=2 max_records=10
FIG8_ATTENTION_TIMERS mode=scna-fp16 scna_function=1 scna_kernel=1 phase=measure iteration=9 lut_exp=0 nonlinear_mode=1 scna_width=16 scna_exp=161 qo_len=8 kv_len=4096 n_heads=12 n_kv_heads=2 head_dim=128 kv_head=0 worker=0 profiled_total=554 q_load=2 k_load=168 v_load=162 qk_dot=4 safe_sm=211 core_acc=3 o_scale=1 o_store=3
FIG8_ATTENTION_TIMERS mode=scna-fp16 scna_function=1 scna_kernel=1 phase=measure iteration=9 lut_exp=0 nonlinear_mode=1 scna_width=16 scna_exp=162 qo_len=8 kv_len=4096 n_heads=12 n_kv_heads=2 head_dim=128 kv_head=1 worker=0 profiled_total=582 q_load=2 k_load=184 v_load=174 qk_dot=4 safe_sm=210 core_acc=4 o_scale=1 o_store=3
FIG8_ATTENTION_EVENT_COUNT mode=scna-fp16 qo_len=8 phase=measure iteration=9 events=16 max_events=6320 overflow=0
FIG8_ATTENTION_HOST_TIMING mode=scna-fp16 scna_function=exp scna_kernel=tree scna_width=16 qo_len=8 kv_len=4096 n_heads=12 n_kv_heads=2 head_dim=128 phase=measure iteration=10 host_elapsed_us=1429 ret=0
FIG8_ATTENTION_PROFILE_COUNT mode=scna-fp16 qo_len=8 phase=measure iteration=10 records=2 max_records=10
FIG8_ATTENTION_TIMERS mode=scna-fp16 scna_function=1 scna_kernel=1 phase=measure iteration=10 lut_exp=0 nonlinear_mode=1 scna_width=16 scna_exp=160 qo_len=8 kv_len=4096 n_heads=12 n_kv_heads=2 head_dim=128 kv_head=0 worker=0 profiled_total=548 q_load=2 k_load=168 v_load=157 qk_dot=4 safe_sm=210 core_acc=3 o_scale=1 o_store=3
FIG8_ATTENTION_TIMERS mode=scna-fp16 scna_function=1 scna_kernel=1 phase=measure iteration=10 lut_exp=0 nonlinear_mode=1 scna_width=16 scna_exp=162 qo_len=8 kv_len=4096 n_heads=12 n_kv_heads=2 head_dim=128 kv_head=1 worker=0 profiled_total=570 q_load=2 k_load=189 v_load=160 qk_dot=4 safe_sm=207 core_acc=4 o_scale=1 o_store=3
FIG8_ATTENTION_EVENT_COUNT mode=scna-fp16 qo_len=8 phase=measure iteration=10 events=16 max_events=6320 overflow=0
FIG8_ATTENTION_HOST_TIMING mode=scna-fp16 scna_function=exp scna_kernel=tree scna_width=16 qo_len=8 kv_len=4096 n_heads=12 n_kv_heads=2 head_dim=128 phase=measure iteration=11 host_elapsed_us=1505 ret=0
FIG8_ATTENTION_PROFILE_COUNT mode=scna-fp16 qo_len=8 phase=measure iteration=11 records=2 max_records=10
FIG8_ATTENTION_TIMERS mode=scna-fp16 scna_function=1 scna_kernel=1 phase=measure iteration=11 lut_exp=0 nonlinear_mode=1 scna_width=16 scna_exp=161 qo_len=8 kv_len=4096 n_heads=12 n_kv_heads=2 head_dim=128 kv_head=0 worker=0 profiled_total=558 q_load=2 k_load=167 v_load=167 qk_dot=4 safe_sm=211 core_acc=3 o_scale=1 o_store=3
FIG8_ATTENTION_TIMERS mode=scna-fp16 scna_function=1 scna_kernel=1 phase=measure iteration=11 lut_exp=0 nonlinear_mode=1 scna_width=16 scna_exp=162 qo_len=8 kv_len=4096 n_heads=12 n_kv_heads=2 head_dim=128 kv_head=1 worker=0 profiled_total=583 q_load=2 k_load=189 v_load=172 qk_dot=4 safe_sm=208 core_acc=4 o_scale=1 o_store=3
FIG8_ATTENTION_EVENT_COUNT mode=scna-fp16 qo_len=8 phase=measure iteration=11 events=16 max_events=6320 overflow=0
FIG8_ATTENTION_HOST_TIMING mode=scna-fp16 scna_function=exp scna_kernel=tree scna_width=16 qo_len=8 kv_len=4096 n_heads=12 n_kv_heads=2 head_dim=128 phase=measure iteration=12 host_elapsed_us=1390 ret=0
FIG8_ATTENTION_PROFILE_COUNT mode=scna-fp16 qo_len=8 phase=measure iteration=12 records=2 max_records=10
FIG8_ATTENTION_TIMERS mode=scna-fp16 scna_function=1 scna_kernel=1 phase=measure iteration=12 lut_exp=0 nonlinear_mode=1 scna_width=16 scna_exp=161 qo_len=8 kv_len=4096 n_heads=12 n_kv_heads=2 head_dim=128 kv_head=0 worker=0 profiled_total=554 q_load=3 k_load=169 v_load=161 qk_dot=4 safe_sm=210 core_acc=3 o_scale=1 o_store=3
FIG8_ATTENTION_TIMERS mode=scna-fp16 scna_function=1 scna_kernel=1 phase=measure iteration=12 lut_exp=0 nonlinear_mode=1 scna_width=16 scna_exp=162 qo_len=8 kv_len=4096 n_heads=12 n_kv_heads=2 head_dim=128 kv_head=1 worker=0 profiled_total=580 q_load=2 k_load=190 v_load=168 qk_dot=4 safe_sm=208 core_acc=4 o_scale=1 o_store=3
FIG8_ATTENTION_EVENT_COUNT mode=scna-fp16 qo_len=8 phase=measure iteration=12 events=16 max_events=6320 overflow=0
FIG8_ATTENTION_HOST_TIMING mode=scna-fp16 scna_function=exp scna_kernel=tree scna_width=16 qo_len=8 kv_len=4096 n_heads=12 n_kv_heads=2 head_dim=128 phase=measure iteration=13 host_elapsed_us=1483 ret=0
FIG8_ATTENTION_PROFILE_COUNT mode=scna-fp16 qo_len=8 phase=measure iteration=13 records=2 max_records=10
FIG8_ATTENTION_TIMERS mode=scna-fp16 scna_function=1 scna_kernel=1 phase=measure iteration=13 lut_exp=0 nonlinear_mode=1 scna_width=16 scna_exp=160 qo_len=8 kv_len=4096 n_heads=12 n_kv_heads=2 head_dim=128 kv_head=0 worker=0 profiled_total=550 q_load=2 k_load=168 v_load=158 qk_dot=4 safe_sm=211 core_acc=3 o_scale=1 o_store=3
FIG8_ATTENTION_TIMERS mode=scna-fp16 scna_function=1 scna_kernel=1 phase=measure iteration=13 lut_exp=0 nonlinear_mode=1 scna_width=16 scna_exp=161 qo_len=8 kv_len=4096 n_heads=12 n_kv_heads=2 head_dim=128 kv_head=1 worker=0 profiled_total=574 q_load=2 k_load=179 v_load=172 qk_dot=4 safe_sm=209 core_acc=4 o_scale=1 o_store=3
FIG8_ATTENTION_EVENT_COUNT mode=scna-fp16 qo_len=8 phase=measure iteration=13 events=16 max_events=6320 overflow=0
FIG8_ATTENTION_HOST_TIMING mode=scna-fp16 scna_function=exp scna_kernel=tree scna_width=16 qo_len=8 kv_len=4096 n_heads=12 n_kv_heads=2 head_dim=128 phase=measure iteration=14 host_elapsed_us=1458 ret=0
FIG8_ATTENTION_PROFILE_COUNT mode=scna-fp16 qo_len=8 phase=measure iteration=14 records=2 max_records=10
FIG8_ATTENTION_TIMERS mode=scna-fp16 scna_function=1 scna_kernel=1 phase=measure iteration=14 lut_exp=0 nonlinear_mode=1 scna_width=16 scna_exp=161 qo_len=8 kv_len=4096 n_heads=12 n_kv_heads=2 head_dim=128 kv_head=0 worker=0 profiled_total=556 q_load=2 k_load=169 v_load=163 qk_dot=4 safe_sm=211 core_acc=3 o_scale=1 o_store=3
FIG8_ATTENTION_TIMERS mode=scna-fp16 scna_function=1 scna_kernel=1 phase=measure iteration=14 lut_exp=0 nonlinear_mode=1 scna_width=16 scna_exp=161 qo_len=8 kv_len=4096 n_heads=12 n_kv_heads=2 head_dim=128 kv_head=1 worker=0 profiled_total=582 q_load=2 k_load=181 v_load=176 qk_dot=4 safe_sm=211 core_acc=4 o_scale=1 o_store=3
FIG8_ATTENTION_EVENT_COUNT mode=scna-fp16 qo_len=8 phase=measure iteration=14 events=16 max_events=6320 overflow=0
FIG8_ATTENTION_HOST_TIMING mode=scna-fp16 scna_function=exp scna_kernel=tree scna_width=16 qo_len=8 kv_len=4096 n_heads=12 n_kv_heads=2 head_dim=128 phase=measure iteration=15 host_elapsed_us=1400 ret=0
FIG8_ATTENTION_PROFILE_COUNT mode=scna-fp16 qo_len=8 phase=measure iteration=15 records=2 max_records=10
FIG8_ATTENTION_TIMERS mode=scna-fp16 scna_function=1 scna_kernel=1 phase=measure iteration=15 lut_exp=0 nonlinear_mode=1 scna_width=16 scna_exp=160 qo_len=8 kv_len=4096 n_heads=12 n_kv_heads=2 head_dim=128 kv_head=0 worker=0 profiled_total=554 q_load=2 k_load=169 v_load=162 qk_dot=4 safe_sm=210 core_acc=3 o_scale=1 o_store=3
FIG8_ATTENTION_TIMERS mode=scna-fp16 scna_function=1 scna_kernel=1 phase=measure iteration=15 lut_exp=0 nonlinear_mode=1 scna_width=16 scna_exp=161 qo_len=8 kv_len=4096 n_heads=12 n_kv_heads=2 head_dim=128 kv_head=1 worker=0 profiled_total=578 q_load=2 k_load=183 v_load=171 qk_dot=4 safe_sm=210 core_acc=4 o_scale=1 o_store=3
FIG8_ATTENTION_EVENT_COUNT mode=scna-fp16 qo_len=8 phase=measure iteration=15 events=16 max_events=6320 overflow=0
FIG8_ATTENTION_HOST_TIMING mode=scna-fp16 scna_function=exp scna_kernel=tree scna_width=16 qo_len=8 kv_len=4096 n_heads=12 n_kv_heads=2 head_dim=128 phase=measure iteration=16 host_elapsed_us=1425 ret=0
FIG8_ATTENTION_PROFILE_COUNT mode=scna-fp16 qo_len=8 phase=measure iteration=16 records=2 max_records=10
FIG8_ATTENTION_TIMERS mode=scna-fp16 scna_function=1 scna_kernel=1 phase=measure iteration=16 lut_exp=0 nonlinear_mode=1 scna_width=16 scna_exp=160 qo_len=8 kv_len=4096 n_heads=12 n_kv_heads=2 head_dim=128 kv_head=0 worker=0 profiled_total=552 q_load=2 k_load=169 v_load=159 qk_dot=4 safe_sm=211 core_acc=3 o_scale=1 o_store=3
FIG8_ATTENTION_TIMERS mode=scna-fp16 scna_function=1 scna_kernel=1 phase=measure iteration=16 lut_exp=0 nonlinear_mode=1 scna_width=16 scna_exp=161 qo_len=8 kv_len=4096 n_heads=12 n_kv_heads=2 head_dim=128 kv_head=1 worker=0 profiled_total=572 q_load=2 k_load=177 v_load=172 qk_dot=4 safe_sm=209 core_acc=4 o_scale=1 o_store=3
FIG8_ATTENTION_EVENT_COUNT mode=scna-fp16 qo_len=8 phase=measure iteration=16 events=16 max_events=6320 overflow=0
FIG8_ATTENTION_HOST_TIMING mode=scna-fp16 scna_function=exp scna_kernel=tree scna_width=16 qo_len=8 kv_len=4096 n_heads=12 n_kv_heads=2 head_dim=128 phase=measure iteration=17 host_elapsed_us=1397 ret=0
FIG8_ATTENTION_PROFILE_COUNT mode=scna-fp16 qo_len=8 phase=measure iteration=17 records=2 max_records=10
FIG8_ATTENTION_TIMERS mode=scna-fp16 scna_function=1 scna_kernel=1 phase=measure iteration=17 lut_exp=0 nonlinear_mode=1 scna_width=16 scna_exp=160 qo_len=8 kv_len=4096 n_heads=12 n_kv_heads=2 head_dim=128 kv_head=0 worker=0 profiled_total=552 q_load=2 k_load=170 v_load=158 qk_dot=4 safe_sm=211 core_acc=3 o_scale=1 o_store=3
FIG8_ATTENTION_TIMERS mode=scna-fp16 scna_function=1 scna_kernel=1 phase=measure iteration=17 lut_exp=0 nonlinear_mode=1 scna_width=16 scna_exp=162 qo_len=8 kv_len=4096 n_heads=12 n_kv_heads=2 head_dim=128 kv_head=1 worker=0 profiled_total=579 q_load=2 k_load=188 v_load=167 qk_dot=4 safe_sm=210 core_acc=4 o_scale=1 o_store=3
FIG8_ATTENTION_EVENT_COUNT mode=scna-fp16 qo_len=8 phase=measure iteration=17 events=16 max_events=6320 overflow=0
FIG8_ATTENTION_HOST_TIMING mode=scna-fp16 scna_function=exp scna_kernel=tree scna_width=16 qo_len=8 kv_len=4096 n_heads=12 n_kv_heads=2 head_dim=128 phase=measure iteration=18 host_elapsed_us=1361 ret=0
FIG8_ATTENTION_PROFILE_COUNT mode=scna-fp16 qo_len=8 phase=measure iteration=18 records=2 max_records=10
FIG8_ATTENTION_TIMERS mode=scna-fp16 scna_function=1 scna_kernel=1 phase=measure iteration=18 lut_exp=0 nonlinear_mode=1 scna_width=16 scna_exp=160 qo_len=8 kv_len=4096 n_heads=12 n_kv_heads=2 head_dim=128 kv_head=0 worker=0 profiled_total=549 q_load=2 k_load=168 v_load=158 qk_dot=4 safe_sm=210 core_acc=3 o_scale=1 o_store=3
FIG8_ATTENTION_TIMERS mode=scna-fp16 scna_function=1 scna_kernel=1 phase=measure iteration=18 lut_exp=0 nonlinear_mode=1 scna_width=16 scna_exp=161 qo_len=8 kv_len=4096 n_heads=12 n_kv_heads=2 head_dim=128 kv_head=1 worker=0 profiled_total=574 q_load=2 k_load=180 v_load=171 qk_dot=4 safe_sm=209 core_acc=4 o_scale=1 o_store=3
FIG8_ATTENTION_EVENT_COUNT mode=scna-fp16 qo_len=8 phase=measure iteration=18 events=16 max_events=6320 overflow=0
FIG8_ATTENTION_HOST_TIMING mode=scna-fp16 scna_function=exp scna_kernel=tree scna_width=16 qo_len=8 kv_len=4096 n_heads=12 n_kv_heads=2 head_dim=128 phase=measure iteration=19 host_elapsed_us=1470 ret=0
FIG8_ATTENTION_PROFILE_COUNT mode=scna-fp16 qo_len=8 phase=measure iteration=19 records=2 max_records=10
FIG8_ATTENTION_TIMERS mode=scna-fp16 scna_function=1 scna_kernel=1 phase=measure iteration=19 lut_exp=0 nonlinear_mode=1 scna_width=16 scna_exp=160 qo_len=8 kv_len=4096 n_heads=12 n_kv_heads=2 head_dim=128 kv_head=0 worker=0 profiled_total=549 q_load=2 k_load=168 v_load=157 qk_dot=4 safe_sm=211 core_acc=3 o_scale=1 o_store=3
FIG8_ATTENTION_TIMERS mode=scna-fp16 scna_function=1 scna_kernel=1 phase=measure iteration=19 lut_exp=0 nonlinear_mode=1 scna_width=16 scna_exp=162 qo_len=8 kv_len=4096 n_heads=12 n_kv_heads=2 head_dim=128 kv_head=1 worker=0 profiled_total=592 q_load=2 k_load=193 v_load=174 qk_dot=4 safe_sm=211 core_acc=4 o_scale=1 o_store=3
FIG8_ATTENTION_EVENT_COUNT mode=scna-fp16 qo_len=8 phase=measure iteration=19 events=16 max_events=6320 overflow=0
