alloc_shared_mem_buf: buf=0x73b3003000 fd=12 size=49152 flags=FASTRPC_MAP_FD
alloc_shared_mem_buf: buf=0x7114e00000 fd=13 size=2097152 flags=FASTRPC_MAP_FD
alloc_shared_mem_buf: buf=0x7114c00000 fd=14 size=2097152 flags=FASTRPC_MAP_FD
alloc_shared_mem_buf: buf=0x73b2f88000 fd=15 size=49152 flags=FASTRPC_MAP_FD
alloc_shared_mem_buf: buf=0x73b2ed0000 fd=16 size=65536 flags=FASTRPC_MAP_FD
alloc_shared_mem_buf: buf=0x71150e0000 fd=17 size=456832 flags=FASTRPC_MAP_FD
alloc_shared_mem_buf: buf=0x73b326a000 fd=18 size=4096 flags=FASTRPC_MAP_FD
No-op channel request completed
FIG8_ATTENTION_CONFIG mode=scna-int8 scna_function=exp2 scna_kernel=tree mask_mode=full qo_len=8 kv_len=4096 n_heads=12 n_kv_heads=2 head_dim=128 warmup=5 iters=20 scna_width=32 q_size=49152 kv_size=2097152 mask_size=65536 profile_size=456832 profile_max_records=10 profile_max_events=6320 mode_flags=1064 print_events=0
FIG8_ATTENTION_HOST_TIMING mode=scna-int8 scna_function=exp2 scna_kernel=tree scna_width=32 qo_len=8 kv_len=4096 n_heads=12 n_kv_heads=2 head_dim=128 phase=warmup iteration=0 host_elapsed_us=1366 ret=0
FIG8_ATTENTION_PROFILE_COUNT mode=scna-int8 qo_len=8 phase=warmup iteration=0 records=2 max_records=10
FIG8_ATTENTION_TIMERS mode=scna-int8 scna_function=0 scna_kernel=1 phase=warmup iteration=0 lut_exp=0 nonlinear_mode=2 scna_width=32 scna_exp=234 qo_len=8 kv_len=4096 n_heads=12 n_kv_heads=2 head_dim=128 kv_head=0 worker=0 profiled_total=529 q_load=3 k_load=72 v_load=149 qk_dot=4 safe_sm=289 core_acc=5 o_scale=2 o_store=5
FIG8_ATTENTION_TIMERS mode=scna-int8 scna_function=0 scna_kernel=1 phase=warmup iteration=0 lut_exp=0 nonlinear_mode=2 scna_width=32 scna_exp=231 qo_len=8 kv_len=4096 n_heads=12 n_kv_heads=2 head_dim=128 kv_head=1 worker=0 profiled_total=534 q_load=2 k_load=73 v_load=168 qk_dot=5 safe_sm=278 core_acc=4 o_scale=1 o_store=3
FIG8_ATTENTION_EVENT_COUNT mode=scna-int8 qo_len=8 phase=warmup iteration=0 events=16 max_events=6320 overflow=0
FIG8_ATTENTION_HOST_TIMING mode=scna-int8 scna_function=exp2 scna_kernel=tree scna_width=32 qo_len=8 kv_len=4096 n_heads=12 n_kv_heads=2 head_dim=128 phase=warmup iteration=1 host_elapsed_us=1470 ret=0
FIG8_ATTENTION_PROFILE_COUNT mode=scna-int8 qo_len=8 phase=warmup iteration=1 records=2 max_records=10
FIG8_ATTENTION_TIMERS mode=scna-int8 scna_function=0 scna_kernel=1 phase=warmup iteration=1 lut_exp=0 nonlinear_mode=2 scna_width=32 scna_exp=225 qo_len=8 kv_len=4096 n_heads=12 n_kv_heads=2 head_dim=128 kv_head=0 worker=0 profiled_total=608 q_load=2 k_load=148 v_load=174 qk_dot=4 safe_sm=273 core_acc=3 o_scale=1 o_store=3
FIG8_ATTENTION_TIMERS mode=scna-int8 scna_function=0 scna_kernel=1 phase=warmup iteration=1 lut_exp=0 nonlinear_mode=2 scna_width=32 scna_exp=225 qo_len=8 kv_len=4096 n_heads=12 n_kv_heads=2 head_dim=128 kv_head=1 worker=0 profiled_total=599 q_load=2 k_load=151 v_load=165 qk_dot=4 safe_sm=269 core_acc=4 o_scale=1 o_store=3
FIG8_ATTENTION_EVENT_COUNT mode=scna-int8 qo_len=8 phase=warmup iteration=1 events=16 max_events=6320 overflow=0
FIG8_ATTENTION_HOST_TIMING mode=scna-int8 scna_function=exp2 scna_kernel=tree scna_width=32 qo_len=8 kv_len=4096 n_heads=12 n_kv_heads=2 head_dim=128 phase=warmup iteration=2 host_elapsed_us=1554 ret=0
FIG8_ATTENTION_PROFILE_COUNT mode=scna-int8 qo_len=8 phase=warmup iteration=2 records=2 max_records=10
FIG8_ATTENTION_TIMERS mode=scna-int8 scna_function=0 scna_kernel=1 phase=warmup iteration=2 lut_exp=0 nonlinear_mode=2 scna_width=32 scna_exp=224 qo_len=8 kv_len=4096 n_heads=12 n_kv_heads=2 head_dim=128 kv_head=0 worker=0 profiled_total=601 q_load=2 k_load=161 v_load=158 qk_dot=4 safe_sm=269 core_acc=3 o_scale=1 o_store=3
FIG8_ATTENTION_TIMERS mode=scna-int8 scna_function=0 scna_kernel=1 phase=warmup iteration=2 lut_exp=0 nonlinear_mode=2 scna_width=32 scna_exp=225 qo_len=8 kv_len=4096 n_heads=12 n_kv_heads=2 head_dim=128 kv_head=1 worker=0 profiled_total=613 q_load=2 k_load=191 v_load=141 qk_dot=4 safe_sm=268 core_acc=4 o_scale=1 o_store=2
FIG8_ATTENTION_EVENT_COUNT mode=scna-int8 qo_len=8 phase=warmup iteration=2 events=16 max_events=6320 overflow=0
FIG8_ATTENTION_HOST_TIMING mode=scna-int8 scna_function=exp2 scna_kernel=tree scna_width=32 qo_len=8 kv_len=4096 n_heads=12 n_kv_heads=2 head_dim=128 phase=warmup iteration=3 host_elapsed_us=1556 ret=0
FIG8_ATTENTION_PROFILE_COUNT mode=scna-int8 qo_len=8 phase=warmup iteration=3 records=2 max_records=10
FIG8_ATTENTION_TIMERS mode=scna-int8 scna_function=0 scna_kernel=1 phase=warmup iteration=3 lut_exp=0 nonlinear_mode=2 scna_width=32 scna_exp=224 qo_len=8 kv_len=4096 n_heads=12 n_kv_heads=2 head_dim=128 kv_head=0 worker=0 profiled_total=594 q_load=2 k_load=163 v_load=149 qk_dot=4 safe_sm=270 core_acc=3 o_scale=1 o_store=2
FIG8_ATTENTION_TIMERS mode=scna-int8 scna_function=0 scna_kernel=1 phase=warmup iteration=3 lut_exp=0 nonlinear_mode=2 scna_width=32 scna_exp=225 qo_len=8 kv_len=4096 n_heads=12 n_kv_heads=2 head_dim=128 kv_head=1 worker=0 profiled_total=651 q_load=2 k_load=192 v_load=174 qk_dot=4 safe_sm=271 core_acc=4 o_scale=1 o_store=3
FIG8_ATTENTION_EVENT_COUNT mode=scna-int8 qo_len=8 phase=warmup iteration=3 events=16 max_events=6320 overflow=0
FIG8_ATTENTION_HOST_TIMING mode=scna-int8 scna_function=exp2 scna_kernel=tree scna_width=32 qo_len=8 kv_len=4096 n_heads=12 n_kv_heads=2 head_dim=128 phase=warmup iteration=4 host_elapsed_us=1552 ret=0
FIG8_ATTENTION_PROFILE_COUNT mode=scna-int8 qo_len=8 phase=warmup iteration=4 records=2 max_records=10
FIG8_ATTENTION_TIMERS mode=scna-int8 scna_function=0 scna_kernel=1 phase=warmup iteration=4 lut_exp=0 nonlinear_mode=2 scna_width=32 scna_exp=224 qo_len=8 kv_len=4096 n_heads=12 n_kv_heads=2 head_dim=128 kv_head=0 worker=0 profiled_total=594 q_load=2 k_load=154 v_load=155 qk_dot=4 safe_sm=272 core_acc=3 o_scale=1 o_store=3
FIG8_ATTENTION_TIMERS mode=scna-int8 scna_function=0 scna_kernel=1 phase=warmup iteration=4 lut_exp=0 nonlinear_mode=2 scna_width=32 scna_exp=225 qo_len=8 kv_len=4096 n_heads=12 n_kv_heads=2 head_dim=128 kv_head=1 worker=0 profiled_total=653 q_load=2 k_load=191 v_load=177 qk_dot=4 safe_sm=271 core_acc=4 o_scale=1 o_store=3
FIG8_ATTENTION_EVENT_COUNT mode=scna-int8 qo_len=8 phase=warmup iteration=4 events=16 max_events=6320 overflow=0
FIG8_ATTENTION_HOST_TIMING mode=scna-int8 scna_function=exp2 scna_kernel=tree scna_width=32 qo_len=8 kv_len=4096 n_heads=12 n_kv_heads=2 head_dim=128 phase=measure iteration=0 host_elapsed_us=1534 ret=0
FIG8_ATTENTION_PROFILE_COUNT mode=scna-int8 qo_len=8 phase=measure iteration=0 records=2 max_records=10
FIG8_ATTENTION_TIMERS mode=scna-int8 scna_function=0 scna_kernel=1 phase=measure iteration=0 lut_exp=0 nonlinear_mode=2 scna_width=32 scna_exp=224 qo_len=8 kv_len=4096 n_heads=12 n_kv_heads=2 head_dim=128 kv_head=0 worker=0 profiled_total=586 q_load=2 k_load=158 v_load=147 qk_dot=4 safe_sm=268 core_acc=3 o_scale=1 o_store=3
FIG8_ATTENTION_TIMERS mode=scna-int8 scna_function=0 scna_kernel=1 phase=measure iteration=0 lut_exp=0 nonlinear_mode=2 scna_width=32 scna_exp=225 qo_len=8 kv_len=4096 n_heads=12 n_kv_heads=2 head_dim=128 kv_head=1 worker=0 profiled_total=649 q_load=2 k_load=191 v_load=171 qk_dot=4 safe_sm=272 core_acc=5 o_scale=1 o_store=3
FIG8_ATTENTION_EVENT_COUNT mode=scna-int8 qo_len=8 phase=measure iteration=0 events=16 max_events=6320 overflow=0
FIG8_ATTENTION_HOST_TIMING mode=scna-int8 scna_function=exp2 scna_kernel=tree scna_width=32 qo_len=8 kv_len=4096 n_heads=12 n_kv_heads=2 head_dim=128 phase=measure iteration=1 host_elapsed_us=1559 ret=0
FIG8_ATTENTION_PROFILE_COUNT mode=scna-int8 qo_len=8 phase=measure iteration=1 records=2 max_records=10
FIG8_ATTENTION_TIMERS mode=scna-int8 scna_function=0 scna_kernel=1 phase=measure iteration=1 lut_exp=0 nonlinear_mode=2 scna_width=32 scna_exp=224 qo_len=8 kv_len=4096 n_heads=12 n_kv_heads=2 head_dim=128 kv_head=0 worker=0 profiled_total=608 q_load=2 k_load=154 v_load=170 qk_dot=4 safe_sm=272 core_acc=3 o_scale=1 o_store=2
FIG8_ATTENTION_TIMERS mode=scna-int8 scna_function=0 scna_kernel=1 phase=measure iteration=1 lut_exp=0 nonlinear_mode=2 scna_width=32 scna_exp=225 qo_len=8 kv_len=4096 n_heads=12 n_kv_heads=2 head_dim=128 kv_head=1 worker=0 profiled_total=626 q_load=2 k_load=179 v_load=163 qk_dot=4 safe_sm=270 core_acc=4 o_scale=1 o_store=3
FIG8_ATTENTION_EVENT_COUNT mode=scna-int8 qo_len=8 phase=measure iteration=1 events=16 max_events=6320 overflow=0
FIG8_ATTENTION_HOST_TIMING mode=scna-int8 scna_function=exp2 scna_kernel=tree scna_width=32 qo_len=8 kv_len=4096 n_heads=12 n_kv_heads=2 head_dim=128 phase=measure iteration=2 host_elapsed_us=1551 ret=0
FIG8_ATTENTION_PROFILE_COUNT mode=scna-int8 qo_len=8 phase=measure iteration=2 records=2 max_records=10
FIG8_ATTENTION_TIMERS mode=scna-int8 scna_function=0 scna_kernel=1 phase=measure iteration=2 lut_exp=0 nonlinear_mode=2 scna_width=32 scna_exp=224 qo_len=8 kv_len=4096 n_heads=12 n_kv_heads=2 head_dim=128 kv_head=0 worker=0 profiled_total=592 q_load=2 k_load=155 v_load=152 qk_dot=4 safe_sm=271 core_acc=4 o_scale=1 o_store=3
FIG8_ATTENTION_TIMERS mode=scna-int8 scna_function=0 scna_kernel=1 phase=measure iteration=2 lut_exp=0 nonlinear_mode=2 scna_width=32 scna_exp=224 qo_len=8 kv_len=4096 n_heads=12 n_kv_heads=2 head_dim=128 kv_head=1 worker=0 profiled_total=645 q_load=2 k_load=187 v_load=174 qk_dot=4 safe_sm=270 core_acc=4 o_scale=1 o_store=3
FIG8_ATTENTION_EVENT_COUNT mode=scna-int8 qo_len=8 phase=measure iteration=2 events=16 max_events=6320 overflow=0
FIG8_ATTENTION_HOST_TIMING mode=scna-int8 scna_function=exp2 scna_kernel=tree scna_width=32 qo_len=8 kv_len=4096 n_heads=12 n_kv_heads=2 head_dim=128 phase=measure iteration=3 host_elapsed_us=1553 ret=0
FIG8_ATTENTION_PROFILE_COUNT mode=scna-int8 qo_len=8 phase=measure iteration=3 records=2 max_records=10
FIG8_ATTENTION_TIMERS mode=scna-int8 scna_function=0 scna_kernel=1 phase=measure iteration=3 lut_exp=0 nonlinear_mode=2 scna_width=32 scna_exp=224 qo_len=8 kv_len=4096 n_heads=12 n_kv_heads=2 head_dim=128 kv_head=0 worker=0 profiled_total=587 q_load=2 k_load=158 v_load=150 qk_dot=4 safe_sm=267 core_acc=3 o_scale=1 o_store=2
FIG8_ATTENTION_TIMERS mode=scna-int8 scna_function=0 scna_kernel=1 phase=measure iteration=3 lut_exp=0 nonlinear_mode=2 scna_width=32 scna_exp=225 qo_len=8 kv_len=4096 n_heads=12 n_kv_heads=2 head_dim=128 kv_head=1 worker=0 profiled_total=641 q_load=2 k_load=188 v_load=169 qk_dot=4 safe_sm=270 core_acc=4 o_scale=1 o_store=3
FIG8_ATTENTION_EVENT_COUNT mode=scna-int8 qo_len=8 phase=measure iteration=3 events=16 max_events=6320 overflow=0
FIG8_ATTENTION_HOST_TIMING mode=scna-int8 scna_function=exp2 scna_kernel=tree scna_width=32 qo_len=8 kv_len=4096 n_heads=12 n_kv_heads=2 head_dim=128 phase=measure iteration=4 host_elapsed_us=1547 ret=0
FIG8_ATTENTION_PROFILE_COUNT mode=scna-int8 qo_len=8 phase=measure iteration=4 records=2 max_records=10
FIG8_ATTENTION_TIMERS mode=scna-int8 scna_function=0 scna_kernel=1 phase=measure iteration=4 lut_exp=0 nonlinear_mode=2 scna_width=32 scna_exp=224 qo_len=8 kv_len=4096 n_heads=12 n_kv_heads=2 head_dim=128 kv_head=0 worker=0 profiled_total=595 q_load=2 k_load=157 v_load=156 qk_dot=4 safe_sm=269 core_acc=3 o_scale=1 o_store=3
FIG8_ATTENTION_TIMERS mode=scna-int8 scna_function=0 scna_kernel=1 phase=measure iteration=4 lut_exp=0 nonlinear_mode=2 scna_width=32 scna_exp=225 qo_len=8 kv_len=4096 n_heads=12 n_kv_heads=2 head_dim=128 kv_head=1 worker=0 profiled_total=647 q_load=2 k_load=191 v_load=172 qk_dot=4 safe_sm=270 core_acc=4 o_scale=1 o_store=3
FIG8_ATTENTION_EVENT_COUNT mode=scna-int8 qo_len=8 phase=measure iteration=4 events=16 max_events=6320 overflow=0
FIG8_ATTENTION_HOST_TIMING mode=scna-int8 scna_function=exp2 scna_kernel=tree scna_width=32 qo_len=8 kv_len=4096 n_heads=12 n_kv_heads=2 head_dim=128 phase=measure iteration=5 host_elapsed_us=1551 ret=0
FIG8_ATTENTION_PROFILE_COUNT mode=scna-int8 qo_len=8 phase=measure iteration=5 records=2 max_records=10
FIG8_ATTENTION_TIMERS mode=scna-int8 scna_function=0 scna_kernel=1 phase=measure iteration=5 lut_exp=0 nonlinear_mode=2 scna_width=32 scna_exp=224 qo_len=8 kv_len=4096 n_heads=12 n_kv_heads=2 head_dim=128 kv_head=0 worker=0 profiled_total=592 q_load=2 k_load=162 v_load=147 qk_dot=4 safe_sm=270 core_acc=3 o_scale=1 o_store=3
FIG8_ATTENTION_TIMERS mode=scna-int8 scna_function=0 scna_kernel=1 phase=measure iteration=5 lut_exp=0 nonlinear_mode=2 scna_width=32 scna_exp=224 qo_len=8 kv_len=4096 n_heads=12 n_kv_heads=2 head_dim=128 kv_head=1 worker=0 profiled_total=648 q_load=2 k_load=191 v_load=172 qk_dot=4 safe_sm=271 core_acc=4 o_scale=1 o_store=3
FIG8_ATTENTION_EVENT_COUNT mode=scna-int8 qo_len=8 phase=measure iteration=5 events=16 max_events=6320 overflow=0
FIG8_ATTENTION_HOST_TIMING mode=scna-int8 scna_function=exp2 scna_kernel=tree scna_width=32 qo_len=8 kv_len=4096 n_heads=12 n_kv_heads=2 head_dim=128 phase=measure iteration=6 host_elapsed_us=1607 ret=0
FIG8_ATTENTION_PROFILE_COUNT mode=scna-int8 qo_len=8 phase=measure iteration=6 records=2 max_records=10
FIG8_ATTENTION_TIMERS mode=scna-int8 scna_function=0 scna_kernel=1 phase=measure iteration=6 lut_exp=0 nonlinear_mode=2 scna_width=32 scna_exp=224 qo_len=8 kv_len=4096 n_heads=12 n_kv_heads=2 head_dim=128 kv_head=0 worker=0 profiled_total=602 q_load=2 k_load=157 v_load=160 qk_dot=4 safe_sm=272 core_acc=3 o_scale=1 o_store=3
FIG8_ATTENTION_TIMERS mode=scna-int8 scna_function=0 scna_kernel=1 phase=measure iteration=6 lut_exp=0 nonlinear_mode=2 scna_width=32 scna_exp=225 qo_len=8 kv_len=4096 n_heads=12 n_kv_heads=2 head_dim=128 kv_head=1 worker=0 profiled_total=648 q_load=2 k_load=189 v_load=175 qk_dot=4 safe_sm=270 core_acc=4 o_scale=1 o_store=3
FIG8_ATTENTION_EVENT_COUNT mode=scna-int8 qo_len=8 phase=measure iteration=6 events=16 max_events=6320 overflow=0
FIG8_ATTENTION_HOST_TIMING mode=scna-int8 scna_function=exp2 scna_kernel=tree scna_width=32 qo_len=8 kv_len=4096 n_heads=12 n_kv_heads=2 head_dim=128 phase=measure iteration=7 host_elapsed_us=1527 ret=0
FIG8_ATTENTION_PROFILE_COUNT mode=scna-int8 qo_len=8 phase=measure iteration=7 records=2 max_records=10
FIG8_ATTENTION_TIMERS mode=scna-int8 scna_function=0 scna_kernel=1 phase=measure iteration=7 lut_exp=0 nonlinear_mode=2 scna_width=32 scna_exp=228 qo_len=8 kv_len=4096 n_heads=12 n_kv_heads=2 head_dim=128 kv_head=0 worker=0 profiled_total=632 q_load=2 k_load=178 v_load=163 qk_dot=4 safe_sm=278 core_acc=3 o_scale=1 o_store=3
FIG8_ATTENTION_TIMERS mode=scna-int8 scna_function=0 scna_kernel=1 phase=measure iteration=7 lut_exp=0 nonlinear_mode=2 scna_width=32 scna_exp=228 qo_len=8 kv_len=4096 n_heads=12 n_kv_heads=2 head_dim=128 kv_head=1 worker=0 profiled_total=647 q_load=2 k_load=186 v_load=169 qk_dot=4 safe_sm=278 core_acc=4 o_scale=1 o_store=3
FIG8_ATTENTION_EVENT_COUNT mode=scna-int8 qo_len=8 phase=measure iteration=7 events=16 max_events=6320 overflow=0
FIG8_ATTENTION_HOST_TIMING mode=scna-int8 scna_function=exp2 scna_kernel=tree scna_width=32 qo_len=8 kv_len=4096 n_heads=12 n_kv_heads=2 head_dim=128 phase=measure iteration=8 host_elapsed_us=1619 ret=0
FIG8_ATTENTION_PROFILE_COUNT mode=scna-int8 qo_len=8 phase=measure iteration=8 records=2 max_records=10
FIG8_ATTENTION_TIMERS mode=scna-int8 scna_function=0 scna_kernel=1 phase=measure iteration=8 lut_exp=0 nonlinear_mode=2 scna_width=32 scna_exp=228 qo_len=8 kv_len=4096 n_heads=12 n_kv_heads=2 head_dim=128 kv_head=0 worker=0 profiled_total=638 q_load=2 k_load=179 v_load=168 qk_dot=4 safe_sm=278 core_acc=3 o_scale=1 o_store=3
FIG8_ATTENTION_TIMERS mode=scna-int8 scna_function=0 scna_kernel=1 phase=measure iteration=8 lut_exp=0 nonlinear_mode=2 scna_width=32 scna_exp=228 qo_len=8 kv_len=4096 n_heads=12 n_kv_heads=2 head_dim=128 kv_head=1 worker=0 profiled_total=657 q_load=2 k_load=189 v_load=173 qk_dot=4 safe_sm=281 core_acc=4 o_scale=1 o_store=3
FIG8_ATTENTION_EVENT_COUNT mode=scna-int8 qo_len=8 phase=measure iteration=8 events=16 max_events=6320 overflow=0
FIG8_ATTENTION_HOST_TIMING mode=scna-int8 scna_function=exp2 scna_kernel=tree scna_width=32 qo_len=8 kv_len=4096 n_heads=12 n_kv_heads=2 head_dim=128 phase=measure iteration=9 host_elapsed_us=1589 ret=0
FIG8_ATTENTION_PROFILE_COUNT mode=scna-int8 qo_len=8 phase=measure iteration=9 records=2 max_records=10
FIG8_ATTENTION_TIMERS mode=scna-int8 scna_function=0 scna_kernel=1 phase=measure iteration=9 lut_exp=0 nonlinear_mode=2 scna_width=32 scna_exp=228 qo_len=8 kv_len=4096 n_heads=12 n_kv_heads=2 head_dim=128 kv_head=0 worker=0 profiled_total=637 q_load=2 k_load=179 v_load=164 qk_dot=4 safe_sm=281 core_acc=3 o_scale=1 o_store=3
FIG8_ATTENTION_TIMERS mode=scna-int8 scna_function=0 scna_kernel=1 phase=measure iteration=9 lut_exp=0 nonlinear_mode=2 scna_width=32 scna_exp=229 qo_len=8 kv_len=4096 n_heads=12 n_kv_heads=2 head_dim=128 kv_head=1 worker=0 profiled_total=654 q_load=2 k_load=189 v_load=171 qk_dot=4 safe_sm=280 core_acc=4 o_scale=1 o_store=3
FIG8_ATTENTION_EVENT_COUNT mode=scna-int8 qo_len=8 phase=measure iteration=9 events=16 max_events=6320 overflow=0
FIG8_ATTENTION_HOST_TIMING mode=scna-int8 scna_function=exp2 scna_kernel=tree scna_width=32 qo_len=8 kv_len=4096 n_heads=12 n_kv_heads=2 head_dim=128 phase=measure iteration=10 host_elapsed_us=1582 ret=0
FIG8_ATTENTION_PROFILE_COUNT mode=scna-int8 qo_len=8 phase=measure iteration=10 records=2 max_records=10
FIG8_ATTENTION_TIMERS mode=scna-int8 scna_function=0 scna_kernel=1 phase=measure iteration=10 lut_exp=0 nonlinear_mode=2 scna_width=32 scna_exp=228 qo_len=8 kv_len=4096 n_heads=12 n_kv_heads=2 head_dim=128 kv_head=0 worker=0 profiled_total=635 q_load=2 k_load=177 v_load=167 qk_dot=4 safe_sm=278 core_acc=3 o_scale=1 o_store=3
FIG8_ATTENTION_TIMERS mode=scna-int8 scna_function=0 scna_kernel=1 phase=measure iteration=10 lut_exp=0 nonlinear_mode=2 scna_width=32 scna_exp=228 qo_len=8 kv_len=4096 n_heads=12 n_kv_heads=2 head_dim=128 kv_head=1 worker=0 profiled_total=662 q_load=2 k_load=199 v_load=170 qk_dot=4 safe_sm=279 core_acc=4 o_scale=1 o_store=3
FIG8_ATTENTION_EVENT_COUNT mode=scna-int8 qo_len=8 phase=measure iteration=10 events=16 max_events=6320 overflow=0
FIG8_ATTENTION_HOST_TIMING mode=scna-int8 scna_function=exp2 scna_kernel=tree scna_width=32 qo_len=8 kv_len=4096 n_heads=12 n_kv_heads=2 head_dim=128 phase=measure iteration=11 host_elapsed_us=1657 ret=0
FIG8_ATTENTION_PROFILE_COUNT mode=scna-int8 qo_len=8 phase=measure iteration=11 records=2 max_records=10
FIG8_ATTENTION_TIMERS mode=scna-int8 scna_function=0 scna_kernel=1 phase=measure iteration=11 lut_exp=0 nonlinear_mode=2 scna_width=32 scna_exp=228 qo_len=8 kv_len=4096 n_heads=12 n_kv_heads=2 head_dim=128 kv_head=0 worker=0 profiled_total=630 q_load=2 k_load=179 v_load=160 qk_dot=4 safe_sm=278 core_acc=3 o_scale=1 o_store=3
FIG8_ATTENTION_TIMERS mode=scna-int8 scna_function=0 scna_kernel=1 phase=measure iteration=11 lut_exp=0 nonlinear_mode=2 scna_width=32 scna_exp=228 qo_len=8 kv_len=4096 n_heads=12 n_kv_heads=2 head_dim=128 kv_head=1 worker=0 profiled_total=664 q_load=2 k_load=199 v_load=169 qk_dot=4 safe_sm=282 core_acc=4 o_scale=1 o_store=3
FIG8_ATTENTION_EVENT_COUNT mode=scna-int8 qo_len=8 phase=measure iteration=11 events=16 max_events=6320 overflow=0
FIG8_ATTENTION_HOST_TIMING mode=scna-int8 scna_function=exp2 scna_kernel=tree scna_width=32 qo_len=8 kv_len=4096 n_heads=12 n_kv_heads=2 head_dim=128 phase=measure iteration=12 host_elapsed_us=1640 ret=0
FIG8_ATTENTION_PROFILE_COUNT mode=scna-int8 qo_len=8 phase=measure iteration=12 records=2 max_records=10
FIG8_ATTENTION_TIMERS mode=scna-int8 scna_function=0 scna_kernel=1 phase=measure iteration=12 lut_exp=0 nonlinear_mode=2 scna_width=32 scna_exp=228 qo_len=8 kv_len=4096 n_heads=12 n_kv_heads=2 head_dim=128 kv_head=0 worker=0 profiled_total=635 q_load=2 k_load=179 v_load=165 qk_dot=4 safe_sm=278 core_acc=3 o_scale=1 o_store=3
FIG8_ATTENTION_TIMERS mode=scna-int8 scna_function=0 scna_kernel=1 phase=measure iteration=12 lut_exp=0 nonlinear_mode=2 scna_width=32 scna_exp=228 qo_len=8 kv_len=4096 n_heads=12 n_kv_heads=2 head_dim=128 kv_head=1 worker=0 profiled_total=646 q_load=2 k_load=184 v_load=170 qk_dot=4 safe_sm=278 core_acc=4 o_scale=1 o_store=3
FIG8_ATTENTION_EVENT_COUNT mode=scna-int8 qo_len=8 phase=measure iteration=12 events=16 max_events=6320 overflow=0
FIG8_ATTENTION_HOST_TIMING mode=scna-int8 scna_function=exp2 scna_kernel=tree scna_width=32 qo_len=8 kv_len=4096 n_heads=12 n_kv_heads=2 head_dim=128 phase=measure iteration=13 host_elapsed_us=1599 ret=0
FIG8_ATTENTION_PROFILE_COUNT mode=scna-int8 qo_len=8 phase=measure iteration=13 records=2 max_records=10
FIG8_ATTENTION_TIMERS mode=scna-int8 scna_function=0 scna_kernel=1 phase=measure iteration=13 lut_exp=0 nonlinear_mode=2 scna_width=32 scna_exp=227 qo_len=8 kv_len=4096 n_heads=12 n_kv_heads=2 head_dim=128 kv_head=0 worker=0 profiled_total=636 q_load=2 k_load=176 v_load=169 qk_dot=4 safe_sm=278 core_acc=3 o_scale=1 o_store=3
FIG8_ATTENTION_TIMERS mode=scna-int8 scna_function=0 scna_kernel=1 phase=measure iteration=13 lut_exp=0 nonlinear_mode=2 scna_width=32 scna_exp=228 qo_len=8 kv_len=4096 n_heads=12 n_kv_heads=2 head_dim=128 kv_head=1 worker=0 profiled_total=660 q_load=1 k_load=197 v_load=172 qk_dot=4 safe_sm=278 core_acc=4 o_scale=1 o_store=3
FIG8_ATTENTION_EVENT_COUNT mode=scna-int8 qo_len=8 phase=measure iteration=13 events=16 max_events=6320 overflow=0
FIG8_ATTENTION_HOST_TIMING mode=scna-int8 scna_function=exp2 scna_kernel=tree scna_width=32 qo_len=8 kv_len=4096 n_heads=12 n_kv_heads=2 head_dim=128 phase=measure iteration=14 host_elapsed_us=1622 ret=0
FIG8_ATTENTION_PROFILE_COUNT mode=scna-int8 qo_len=8 phase=measure iteration=14 records=2 max_records=10
FIG8_ATTENTION_TIMERS mode=scna-int8 scna_function=0 scna_kernel=1 phase=measure iteration=14 lut_exp=0 nonlinear_mode=2 scna_width=32 scna_exp=227 qo_len=8 kv_len=4096 n_heads=12 n_kv_heads=2 head_dim=128 kv_head=0 worker=0 profiled_total=636 q_load=2 k_load=178 v_load=168 qk_dot=4 safe_sm=277 core_acc=3 o_scale=1 o_store=3
FIG8_ATTENTION_TIMERS mode=scna-int8 scna_function=0 scna_kernel=1 phase=measure iteration=14 lut_exp=0 nonlinear_mode=2 scna_width=32 scna_exp=229 qo_len=8 kv_len=4096 n_heads=12 n_kv_heads=2 head_dim=128 kv_head=1 worker=0 profiled_total=651 q_load=2 k_load=186 v_load=172 qk_dot=4 safe_sm=279 core_acc=4 o_scale=1 o_store=3
FIG8_ATTENTION_EVENT_COUNT mode=scna-int8 qo_len=8 phase=measure iteration=14 events=16 max_events=6320 overflow=0
FIG8_ATTENTION_HOST_TIMING mode=scna-int8 scna_function=exp2 scna_kernel=tree scna_width=32 qo_len=8 kv_len=4096 n_heads=12 n_kv_heads=2 head_dim=128 phase=measure iteration=15 host_elapsed_us=1617 ret=0
FIG8_ATTENTION_PROFILE_COUNT mode=scna-int8 qo_len=8 phase=measure iteration=15 records=2 max_records=10
FIG8_ATTENTION_TIMERS mode=scna-int8 scna_function=0 scna_kernel=1 phase=measure iteration=15 lut_exp=0 nonlinear_mode=2 scna_width=32 scna_exp=227 qo_len=8 kv_len=4096 n_heads=12 n_kv_heads=2 head_dim=128 kv_head=0 worker=0 profiled_total=632 q_load=2 k_load=178 v_load=162 qk_dot=4 safe_sm=279 core_acc=3 o_scale=1 o_store=3
FIG8_ATTENTION_TIMERS mode=scna-int8 scna_function=0 scna_kernel=1 phase=measure iteration=15 lut_exp=0 nonlinear_mode=2 scna_width=32 scna_exp=229 qo_len=8 kv_len=4096 n_heads=12 n_kv_heads=2 head_dim=128 kv_head=1 worker=0 profiled_total=665 q_load=2 k_load=198 v_load=172 qk_dot=4 safe_sm=281 core_acc=4 o_scale=1 o_store=3
FIG8_ATTENTION_EVENT_COUNT mode=scna-int8 qo_len=8 phase=measure iteration=15 events=16 max_events=6320 overflow=0
FIG8_ATTENTION_HOST_TIMING mode=scna-int8 scna_function=exp2 scna_kernel=tree scna_width=32 qo_len=8 kv_len=4096 n_heads=12 n_kv_heads=2 head_dim=128 phase=measure iteration=16 host_elapsed_us=1529 ret=0
FIG8_ATTENTION_PROFILE_COUNT mode=scna-int8 qo_len=8 phase=measure iteration=16 records=2 max_records=10
FIG8_ATTENTION_TIMERS mode=scna-int8 scna_function=0 scna_kernel=1 phase=measure iteration=16 lut_exp=0 nonlinear_mode=2 scna_width=32 scna_exp=228 qo_len=8 kv_len=4096 n_heads=12 n_kv_heads=2 head_dim=128 kv_head=0 worker=0 profiled_total=631 q_load=2 k_load=176 v_load=165 qk_dot=4 safe_sm=278 core_acc=3 o_scale=1 o_store=2
FIG8_ATTENTION_TIMERS mode=scna-int8 scna_function=0 scna_kernel=1 phase=measure iteration=16 lut_exp=0 nonlinear_mode=2 scna_width=32 scna_exp=229 qo_len=8 kv_len=4096 n_heads=12 n_kv_heads=2 head_dim=128 kv_head=1 worker=0 profiled_total=652 q_load=2 k_load=191 v_load=168 qk_dot=4 safe_sm=279 core_acc=4 o_scale=1 o_store=3
FIG8_ATTENTION_EVENT_COUNT mode=scna-int8 qo_len=8 phase=measure iteration=16 events=16 max_events=6320 overflow=0
FIG8_ATTENTION_HOST_TIMING mode=scna-int8 scna_function=exp2 scna_kernel=tree scna_width=32 qo_len=8 kv_len=4096 n_heads=12 n_kv_heads=2 head_dim=128 phase=measure iteration=17 host_elapsed_us=1626 ret=0
FIG8_ATTENTION_PROFILE_COUNT mode=scna-int8 qo_len=8 phase=measure iteration=17 records=2 max_records=10
FIG8_ATTENTION_TIMERS mode=scna-int8 scna_function=0 scna_kernel=1 phase=measure iteration=17 lut_exp=0 nonlinear_mode=2 scna_width=32 scna_exp=227 qo_len=8 kv_len=4096 n_heads=12 n_kv_heads=2 head_dim=128 kv_head=0 worker=0 profiled_total=633 q_load=2 k_load=178 v_load=162 qk_dot=4 safe_sm=280 core_acc=3 o_scale=1 o_store=3
FIG8_ATTENTION_TIMERS mode=scna-int8 scna_function=0 scna_kernel=1 phase=measure iteration=17 lut_exp=0 nonlinear_mode=2 scna_width=32 scna_exp=228 qo_len=8 kv_len=4096 n_heads=12 n_kv_heads=2 head_dim=128 kv_head=1 worker=0 profiled_total=660 q_load=2 k_load=198 v_load=173 qk_dot=4 safe_sm=275 core_acc=4 o_scale=1 o_store=3
FIG8_ATTENTION_EVENT_COUNT mode=scna-int8 qo_len=8 phase=measure iteration=17 events=16 max_events=6320 overflow=0
FIG8_ATTENTION_HOST_TIMING mode=scna-int8 scna_function=exp2 scna_kernel=tree scna_width=32 qo_len=8 kv_len=4096 n_heads=12 n_kv_heads=2 head_dim=128 phase=measure iteration=18 host_elapsed_us=1604 ret=0
FIG8_ATTENTION_PROFILE_COUNT mode=scna-int8 qo_len=8 phase=measure iteration=18 records=2 max_records=10
FIG8_ATTENTION_TIMERS mode=scna-int8 scna_function=0 scna_kernel=1 phase=measure iteration=18 lut_exp=0 nonlinear_mode=2 scna_width=32 scna_exp=228 qo_len=8 kv_len=4096 n_heads=12 n_kv_heads=2 head_dim=128 kv_head=0 worker=0 profiled_total=630 q_load=2 k_load=178 v_load=162 qk_dot=4 safe_sm=277 core_acc=3 o_scale=1 o_store=3
FIG8_ATTENTION_TIMERS mode=scna-int8 scna_function=0 scna_kernel=1 phase=measure iteration=18 lut_exp=0 nonlinear_mode=2 scna_width=32 scna_exp=228 qo_len=8 kv_len=4096 n_heads=12 n_kv_heads=2 head_dim=128 kv_head=1 worker=0 profiled_total=660 q_load=2 k_load=199 v_load=172 qk_dot=4 safe_sm=275 core_acc=4 o_scale=1 o_store=3
FIG8_ATTENTION_EVENT_COUNT mode=scna-int8 qo_len=8 phase=measure iteration=18 events=16 max_events=6320 overflow=0
FIG8_ATTENTION_HOST_TIMING mode=scna-int8 scna_function=exp2 scna_kernel=tree scna_width=32 qo_len=8 kv_len=4096 n_heads=12 n_kv_heads=2 head_dim=128 phase=measure iteration=19 host_elapsed_us=1622 ret=0
FIG8_ATTENTION_PROFILE_COUNT mode=scna-int8 qo_len=8 phase=measure iteration=19 records=2 max_records=10
FIG8_ATTENTION_TIMERS mode=scna-int8 scna_function=0 scna_kernel=1 phase=measure iteration=19 lut_exp=0 nonlinear_mode=2 scna_width=32 scna_exp=228 qo_len=8 kv_len=4096 n_heads=12 n_kv_heads=2 head_dim=128 kv_head=0 worker=0 profiled_total=633 q_load=2 k_load=178 v_load=166 qk_dot=4 safe_sm=277 core_acc=3 o_scale=1 o_store=2
FIG8_ATTENTION_TIMERS mode=scna-int8 scna_function=0 scna_kernel=1 phase=measure iteration=19 lut_exp=0 nonlinear_mode=2 scna_width=32 scna_exp=229 qo_len=8 kv_len=4096 n_heads=12 n_kv_heads=2 head_dim=128 kv_head=1 worker=0 profiled_total=654 q_load=2 k_load=197 v_load=167 qk_dot=4 safe_sm=276 core_acc=4 o_scale=1 o_store=3
FIG8_ATTENTION_EVENT_COUNT mode=scna-int8 qo_len=8 phase=measure iteration=19 events=16 max_events=6320 overflow=0
