alloc_shared_mem_buf: buf=0x7a21a30000 fd=12 size=98304 flags=FASTRPC_MAP_FD
alloc_shared_mem_buf: buf=0x7784400000 fd=13 size=2097152 flags=FASTRPC_MAP_FD
alloc_shared_mem_buf: buf=0x7784200000 fd=14 size=2097152 flags=FASTRPC_MAP_FD
alloc_shared_mem_buf: buf=0x7a21a10000 fd=15 size=98304 flags=FASTRPC_MAP_FD
alloc_shared_mem_buf: buf=0x7a1f8c0000 fd=16 size=131072 flags=FASTRPC_MAP_FD
alloc_shared_mem_buf: buf=0x7784630000 fd=17 size=902656 flags=FASTRPC_MAP_FD
alloc_shared_mem_buf: buf=0x7a244bc000 fd=18 size=4096 flags=FASTRPC_MAP_FD
No-op channel request completed
FIG8_ATTENTION_CONFIG mode=scna-fp16 scna_function=exp scna_kernel=tree mask_mode=full qo_len=16 kv_len=4096 n_heads=12 n_kv_heads=2 head_dim=128 warmup=5 iters=20 scna_width=32 q_size=98304 kv_size=2097152 mask_size=131072 profile_size=902656 profile_max_records=10 profile_max_events=12512 mode_flags=1188 print_events=0
FIG8_ATTENTION_HOST_TIMING mode=scna-fp16 scna_function=exp scna_kernel=tree scna_width=32 qo_len=16 kv_len=4096 n_heads=12 n_kv_heads=2 head_dim=128 phase=warmup iteration=0 host_elapsed_us=1956 ret=0
FIG8_ATTENTION_PROFILE_COUNT mode=scna-fp16 qo_len=16 phase=warmup iteration=0 records=2 max_records=10
FIG8_ATTENTION_TIMERS mode=scna-fp16 scna_function=1 scna_kernel=1 phase=warmup iteration=0 lut_exp=0 nonlinear_mode=1 scna_width=32 scna_exp=420 qo_len=16 kv_len=4096 n_heads=12 n_kv_heads=2 head_dim=128 kv_head=0 worker=0 profiled_total=870 q_load=5 k_load=190 v_load=144 qk_dot=6 safe_sm=508 core_acc=7 o_scale=2 o_store=8
FIG8_ATTENTION_TIMERS mode=scna-fp16 scna_function=1 scna_kernel=1 phase=warmup iteration=0 lut_exp=0 nonlinear_mode=1 scna_width=32 scna_exp=415 qo_len=16 kv_len=4096 n_heads=12 n_kv_heads=2 head_dim=128 kv_head=1 worker=0 profiled_total=736 q_load=4 k_load=73 v_load=142 qk_dot=8 safe_sm=497 core_acc=6 o_scale=1 o_store=5
FIG8_ATTENTION_EVENT_COUNT mode=scna-fp16 qo_len=16 phase=warmup iteration=0 events=16 max_events=12512 overflow=0
FIG8_ATTENTION_HOST_TIMING mode=scna-fp16 scna_function=exp scna_kernel=tree scna_width=32 qo_len=16 kv_len=4096 n_heads=12 n_kv_heads=2 head_dim=128 phase=warmup iteration=1 host_elapsed_us=1980 ret=0
FIG8_ATTENTION_PROFILE_COUNT mode=scna-fp16 qo_len=16 phase=warmup iteration=1 records=2 max_records=10
FIG8_ATTENTION_TIMERS mode=scna-fp16 scna_function=1 scna_kernel=1 phase=warmup iteration=1 lut_exp=0 nonlinear_mode=1 scna_width=32 scna_exp=409 qo_len=16 kv_len=4096 n_heads=12 n_kv_heads=2 head_dim=128 kv_head=0 worker=0 profiled_total=840 q_load=4 k_load=162 v_load=157 qk_dot=6 safe_sm=499 core_acc=5 o_scale=1 o_store=6
FIG8_ATTENTION_TIMERS mode=scna-fp16 scna_function=1 scna_kernel=1 phase=warmup iteration=1 lut_exp=0 nonlinear_mode=1 scna_width=32 scna_exp=411 qo_len=16 kv_len=4096 n_heads=12 n_kv_heads=2 head_dim=128 kv_head=1 worker=0 profiled_total=846 q_load=4 k_load=171 v_load=159 qk_dot=6 safe_sm=494 core_acc=6 o_scale=1 o_store=5
FIG8_ATTENTION_EVENT_COUNT mode=scna-fp16 qo_len=16 phase=warmup iteration=1 events=16 max_events=12512 overflow=0
FIG8_ATTENTION_HOST_TIMING mode=scna-fp16 scna_function=exp scna_kernel=tree scna_width=32 qo_len=16 kv_len=4096 n_heads=12 n_kv_heads=2 head_dim=128 phase=warmup iteration=2 host_elapsed_us=1974 ret=0
FIG8_ATTENTION_PROFILE_COUNT mode=scna-fp16 qo_len=16 phase=warmup iteration=2 records=2 max_records=10
FIG8_ATTENTION_TIMERS mode=scna-fp16 scna_function=1 scna_kernel=1 phase=warmup iteration=2 lut_exp=0 nonlinear_mode=1 scna_width=32 scna_exp=408 qo_len=16 kv_len=4096 n_heads=12 n_kv_heads=2 head_dim=128 kv_head=0 worker=0 profiled_total=833 q_load=4 k_load=151 v_load=161 qk_dot=6 safe_sm=498 core_acc=6 o_scale=1 o_store=6
FIG8_ATTENTION_TIMERS mode=scna-fp16 scna_function=1 scna_kernel=1 phase=warmup iteration=2 lut_exp=0 nonlinear_mode=1 scna_width=32 scna_exp=409 qo_len=16 kv_len=4096 n_heads=12 n_kv_heads=2 head_dim=128 kv_head=1 worker=0 profiled_total=872 q_load=4 k_load=180 v_load=175 qk_dot=6 safe_sm=495 core_acc=6 o_scale=1 o_store=5
FIG8_ATTENTION_EVENT_COUNT mode=scna-fp16 qo_len=16 phase=warmup iteration=2 events=16 max_events=12512 overflow=0
FIG8_ATTENTION_HOST_TIMING mode=scna-fp16 scna_function=exp scna_kernel=tree scna_width=32 qo_len=16 kv_len=4096 n_heads=12 n_kv_heads=2 head_dim=128 phase=warmup iteration=3 host_elapsed_us=1974 ret=0
FIG8_ATTENTION_PROFILE_COUNT mode=scna-fp16 qo_len=16 phase=warmup iteration=3 records=2 max_records=10
FIG8_ATTENTION_TIMERS mode=scna-fp16 scna_function=1 scna_kernel=1 phase=warmup iteration=3 lut_exp=0 nonlinear_mode=1 scna_width=32 scna_exp=408 qo_len=16 kv_len=4096 n_heads=12 n_kv_heads=2 head_dim=128 kv_head=0 worker=0 profiled_total=817 q_load=4 k_load=163 v_load=135 qk_dot=6 safe_sm=497 core_acc=5 o_scale=1 o_store=6
FIG8_ATTENTION_TIMERS mode=scna-fp16 scna_function=1 scna_kernel=1 phase=warmup iteration=3 lut_exp=0 nonlinear_mode=1 scna_width=32 scna_exp=409 qo_len=16 kv_len=4096 n_heads=12 n_kv_heads=2 head_dim=128 kv_head=1 worker=0 profiled_total=874 q_load=4 k_load=184 v_load=172 qk_dot=6 safe_sm=496 core_acc=6 o_scale=1 o_store=5
FIG8_ATTENTION_EVENT_COUNT mode=scna-fp16 qo_len=16 phase=warmup iteration=3 events=16 max_events=12512 overflow=0
FIG8_ATTENTION_HOST_TIMING mode=scna-fp16 scna_function=exp scna_kernel=tree scna_width=32 qo_len=16 kv_len=4096 n_heads=12 n_kv_heads=2 head_dim=128 phase=warmup iteration=4 host_elapsed_us=1973 ret=0
FIG8_ATTENTION_PROFILE_COUNT mode=scna-fp16 qo_len=16 phase=warmup iteration=4 records=2 max_records=10
FIG8_ATTENTION_TIMERS mode=scna-fp16 scna_function=1 scna_kernel=1 phase=warmup iteration=4 lut_exp=0 nonlinear_mode=1 scna_width=32 scna_exp=409 qo_len=16 kv_len=4096 n_heads=12 n_kv_heads=2 head_dim=128 kv_head=0 worker=0 profiled_total=848 q_load=4 k_load=160 v_load=168 qk_dot=6 safe_sm=498 core_acc=5 o_scale=1 o_store=6
FIG8_ATTENTION_TIMERS mode=scna-fp16 scna_function=1 scna_kernel=1 phase=warmup iteration=4 lut_exp=0 nonlinear_mode=1 scna_width=32 scna_exp=409 qo_len=16 kv_len=4096 n_heads=12 n_kv_heads=2 head_dim=128 kv_head=1 worker=0 profiled_total=866 q_load=4 k_load=177 v_load=171 qk_dot=6 safe_sm=496 core_acc=6 o_scale=1 o_store=5
FIG8_ATTENTION_EVENT_COUNT mode=scna-fp16 qo_len=16 phase=warmup iteration=4 events=16 max_events=12512 overflow=0
FIG8_ATTENTION_HOST_TIMING mode=scna-fp16 scna_function=exp scna_kernel=tree scna_width=32 qo_len=16 kv_len=4096 n_heads=12 n_kv_heads=2 head_dim=128 phase=measure iteration=0 host_elapsed_us=1975 ret=0
FIG8_ATTENTION_PROFILE_COUNT mode=scna-fp16 qo_len=16 phase=measure iteration=0 records=2 max_records=10
FIG8_ATTENTION_TIMERS mode=scna-fp16 scna_function=1 scna_kernel=1 phase=measure iteration=0 lut_exp=0 nonlinear_mode=1 scna_width=32 scna_exp=408 qo_len=16 kv_len=4096 n_heads=12 n_kv_heads=2 head_dim=128 kv_head=0 worker=0 profiled_total=849 q_load=4 k_load=162 v_load=165 qk_dot=6 safe_sm=499 core_acc=6 o_scale=1 o_store=6
FIG8_ATTENTION_TIMERS mode=scna-fp16 scna_function=1 scna_kernel=1 phase=measure iteration=0 lut_exp=0 nonlinear_mode=1 scna_width=32 scna_exp=409 qo_len=16 kv_len=4096 n_heads=12 n_kv_heads=2 head_dim=128 kv_head=1 worker=0 profiled_total=861 q_load=4 k_load=178 v_load=170 qk_dot=6 safe_sm=491 core_acc=6 o_scale=1 o_store=5
FIG8_ATTENTION_EVENT_COUNT mode=scna-fp16 qo_len=16 phase=measure iteration=0 events=16 max_events=12512 overflow=0
FIG8_ATTENTION_HOST_TIMING mode=scna-fp16 scna_function=exp scna_kernel=tree scna_width=32 qo_len=16 kv_len=4096 n_heads=12 n_kv_heads=2 head_dim=128 phase=measure iteration=1 host_elapsed_us=1978 ret=0
FIG8_ATTENTION_PROFILE_COUNT mode=scna-fp16 qo_len=16 phase=measure iteration=1 records=2 max_records=10
FIG8_ATTENTION_TIMERS mode=scna-fp16 scna_function=1 scna_kernel=1 phase=measure iteration=1 lut_exp=0 nonlinear_mode=1 scna_width=32 scna_exp=409 qo_len=16 kv_len=4096 n_heads=12 n_kv_heads=2 head_dim=128 kv_head=0 worker=0 profiled_total=848 q_load=4 k_load=161 v_load=167 qk_dot=6 safe_sm=498 core_acc=5 o_scale=1 o_store=6
FIG8_ATTENTION_TIMERS mode=scna-fp16 scna_function=1 scna_kernel=1 phase=measure iteration=1 lut_exp=0 nonlinear_mode=1 scna_width=32 scna_exp=409 qo_len=16 kv_len=4096 n_heads=12 n_kv_heads=2 head_dim=128 kv_head=1 worker=0 profiled_total=864 q_load=4 k_load=177 v_load=170 qk_dot=6 safe_sm=495 core_acc=6 o_scale=1 o_store=5
FIG8_ATTENTION_EVENT_COUNT mode=scna-fp16 qo_len=16 phase=measure iteration=1 events=16 max_events=12512 overflow=0
FIG8_ATTENTION_HOST_TIMING mode=scna-fp16 scna_function=exp scna_kernel=tree scna_width=32 qo_len=16 kv_len=4096 n_heads=12 n_kv_heads=2 head_dim=128 phase=measure iteration=2 host_elapsed_us=1977 ret=0
FIG8_ATTENTION_PROFILE_COUNT mode=scna-fp16 qo_len=16 phase=measure iteration=2 records=2 max_records=10
FIG8_ATTENTION_TIMERS mode=scna-fp16 scna_function=1 scna_kernel=1 phase=measure iteration=2 lut_exp=0 nonlinear_mode=1 scna_width=32 scna_exp=408 qo_len=16 kv_len=4096 n_heads=12 n_kv_heads=2 head_dim=128 kv_head=0 worker=0 profiled_total=853 q_load=4 k_load=161 v_load=169 qk_dot=6 safe_sm=500 core_acc=6 o_scale=1 o_store=6
FIG8_ATTENTION_TIMERS mode=scna-fp16 scna_function=1 scna_kernel=1 phase=measure iteration=2 lut_exp=0 nonlinear_mode=1 scna_width=32 scna_exp=409 qo_len=16 kv_len=4096 n_heads=12 n_kv_heads=2 head_dim=128 kv_head=1 worker=0 profiled_total=861 q_load=4 k_load=176 v_load=172 qk_dot=6 safe_sm=491 core_acc=6 o_scale=1 o_store=5
FIG8_ATTENTION_EVENT_COUNT mode=scna-fp16 qo_len=16 phase=measure iteration=2 events=16 max_events=12512 overflow=0
FIG8_ATTENTION_HOST_TIMING mode=scna-fp16 scna_function=exp scna_kernel=tree scna_width=32 qo_len=16 kv_len=4096 n_heads=12 n_kv_heads=2 head_dim=128 phase=measure iteration=3 host_elapsed_us=1964 ret=0
FIG8_ATTENTION_PROFILE_COUNT mode=scna-fp16 qo_len=16 phase=measure iteration=3 records=2 max_records=10
FIG8_ATTENTION_TIMERS mode=scna-fp16 scna_function=1 scna_kernel=1 phase=measure iteration=3 lut_exp=0 nonlinear_mode=1 scna_width=32 scna_exp=408 qo_len=16 kv_len=4096 n_heads=12 n_kv_heads=2 head_dim=128 kv_head=0 worker=0 profiled_total=841 q_load=4 k_load=160 v_load=160 qk_dot=6 safe_sm=498 core_acc=6 o_scale=1 o_store=6
FIG8_ATTENTION_TIMERS mode=scna-fp16 scna_function=1 scna_kernel=1 phase=measure iteration=3 lut_exp=0 nonlinear_mode=1 scna_width=32 scna_exp=409 qo_len=16 kv_len=4096 n_heads=12 n_kv_heads=2 head_dim=128 kv_head=1 worker=0 profiled_total=865 q_load=4 k_load=183 v_load=165 qk_dot=6 safe_sm=496 core_acc=5 o_scale=1 o_store=5
FIG8_ATTENTION_EVENT_COUNT mode=scna-fp16 qo_len=16 phase=measure iteration=3 events=16 max_events=12512 overflow=0
FIG8_ATTENTION_HOST_TIMING mode=scna-fp16 scna_function=exp scna_kernel=tree scna_width=32 qo_len=16 kv_len=4096 n_heads=12 n_kv_heads=2 head_dim=128 phase=measure iteration=4 host_elapsed_us=2050 ret=0
FIG8_ATTENTION_PROFILE_COUNT mode=scna-fp16 qo_len=16 phase=measure iteration=4 records=2 max_records=10
FIG8_ATTENTION_TIMERS mode=scna-fp16 scna_function=1 scna_kernel=1 phase=measure iteration=4 lut_exp=0 nonlinear_mode=1 scna_width=32 scna_exp=412 qo_len=16 kv_len=4096 n_heads=12 n_kv_heads=2 head_dim=128 kv_head=0 worker=0 profiled_total=882 q_load=4 k_load=183 v_load=169 qk_dot=6 safe_sm=507 core_acc=6 o_scale=1 o_store=6
FIG8_ATTENTION_TIMERS mode=scna-fp16 scna_function=1 scna_kernel=1 phase=measure iteration=4 lut_exp=0 nonlinear_mode=1 scna_width=32 scna_exp=412 qo_len=16 kv_len=4096 n_heads=12 n_kv_heads=2 head_dim=128 kv_head=1 worker=0 profiled_total=883 q_load=4 k_load=192 v_load=169 qk_dot=6 safe_sm=499 core_acc=6 o_scale=1 o_store=6
FIG8_ATTENTION_EVENT_COUNT mode=scna-fp16 qo_len=16 phase=measure iteration=4 events=16 max_events=12512 overflow=0
FIG8_ATTENTION_HOST_TIMING mode=scna-fp16 scna_function=exp scna_kernel=tree scna_width=32 qo_len=16 kv_len=4096 n_heads=12 n_kv_heads=2 head_dim=128 phase=measure iteration=5 host_elapsed_us=2101 ret=0
FIG8_ATTENTION_PROFILE_COUNT mode=scna-fp16 qo_len=16 phase=measure iteration=5 records=2 max_records=10
FIG8_ATTENTION_TIMERS mode=scna-fp16 scna_function=1 scna_kernel=1 phase=measure iteration=5 lut_exp=0 nonlinear_mode=1 scna_width=32 scna_exp=411 qo_len=16 kv_len=4096 n_heads=12 n_kv_heads=2 head_dim=128 kv_head=0 worker=0 profiled_total=869 q_load=4 k_load=179 v_load=159 qk_dot=6 safe_sm=509 core_acc=5 o_scale=1 o_store=6
FIG8_ATTENTION_TIMERS mode=scna-fp16 scna_function=1 scna_kernel=1 phase=measure iteration=5 lut_exp=0 nonlinear_mode=1 scna_width=32 scna_exp=412 qo_len=16 kv_len=4096 n_heads=12 n_kv_heads=2 head_dim=128 kv_head=1 worker=0 profiled_total=903 q_load=4 k_load=201 v_load=175 qk_dot=6 safe_sm=505 core_acc=6 o_scale=1 o_store=5
FIG8_ATTENTION_EVENT_COUNT mode=scna-fp16 qo_len=16 phase=measure iteration=5 events=16 max_events=12512 overflow=0
FIG8_ATTENTION_HOST_TIMING mode=scna-fp16 scna_function=exp scna_kernel=tree scna_width=32 qo_len=16 kv_len=4096 n_heads=12 n_kv_heads=2 head_dim=128 phase=measure iteration=6 host_elapsed_us=2130 ret=0
FIG8_ATTENTION_PROFILE_COUNT mode=scna-fp16 qo_len=16 phase=measure iteration=6 records=2 max_records=10
FIG8_ATTENTION_TIMERS mode=scna-fp16 scna_function=1 scna_kernel=1 phase=measure iteration=6 lut_exp=0 nonlinear_mode=1 scna_width=32 scna_exp=412 qo_len=16 kv_len=4096 n_heads=12 n_kv_heads=2 head_dim=128 kv_head=0 worker=0 profiled_total=868 q_load=4 k_load=178 v_load=160 qk_dot=6 safe_sm=507 core_acc=6 o_scale=1 o_store=6
FIG8_ATTENTION_TIMERS mode=scna-fp16 scna_function=1 scna_kernel=1 phase=measure iteration=6 lut_exp=0 nonlinear_mode=1 scna_width=32 scna_exp=412 qo_len=16 kv_len=4096 n_heads=12 n_kv_heads=2 head_dim=128 kv_head=1 worker=0 profiled_total=898 q_load=4 k_load=199 v_load=171 qk_dot=6 safe_sm=506 core_acc=6 o_scale=1 o_store=5
FIG8_ATTENTION_EVENT_COUNT mode=scna-fp16 qo_len=16 phase=measure iteration=6 events=16 max_events=12512 overflow=0
FIG8_ATTENTION_HOST_TIMING mode=scna-fp16 scna_function=exp scna_kernel=tree scna_width=32 qo_len=16 kv_len=4096 n_heads=12 n_kv_heads=2 head_dim=128 phase=measure iteration=7 host_elapsed_us=2109 ret=0
FIG8_ATTENTION_PROFILE_COUNT mode=scna-fp16 qo_len=16 phase=measure iteration=7 records=2 max_records=10
FIG8_ATTENTION_TIMERS mode=scna-fp16 scna_function=1 scna_kernel=1 phase=measure iteration=7 lut_exp=0 nonlinear_mode=1 scna_width=32 scna_exp=412 qo_len=16 kv_len=4096 n_heads=12 n_kv_heads=2 head_dim=128 kv_head=0 worker=0 profiled_total=866 q_load=5 k_load=177 v_load=159 qk_dot=6 safe_sm=506 core_acc=6 o_scale=1 o_store=6
FIG8_ATTENTION_TIMERS mode=scna-fp16 scna_function=1 scna_kernel=1 phase=measure iteration=7 lut_exp=0 nonlinear_mode=1 scna_width=32 scna_exp=412 qo_len=16 kv_len=4096 n_heads=12 n_kv_heads=2 head_dim=128 kv_head=1 worker=0 profiled_total=900 q_load=4 k_load=200 v_load=172 qk_dot=6 safe_sm=506 core_acc=6 o_scale=1 o_store=5
FIG8_ATTENTION_EVENT_COUNT mode=scna-fp16 qo_len=16 phase=measure iteration=7 events=16 max_events=12512 overflow=0
FIG8_ATTENTION_HOST_TIMING mode=scna-fp16 scna_function=exp scna_kernel=tree scna_width=32 qo_len=16 kv_len=4096 n_heads=12 n_kv_heads=2 head_dim=128 phase=measure iteration=8 host_elapsed_us=2046 ret=0
FIG8_ATTENTION_PROFILE_COUNT mode=scna-fp16 qo_len=16 phase=measure iteration=8 records=2 max_records=10
FIG8_ATTENTION_TIMERS mode=scna-fp16 scna_function=1 scna_kernel=1 phase=measure iteration=8 lut_exp=0 nonlinear_mode=1 scna_width=32 scna_exp=411 qo_len=16 kv_len=4096 n_heads=12 n_kv_heads=2 head_dim=128 kv_head=0 worker=0 profiled_total=866 q_load=4 k_load=180 v_load=158 qk_dot=6 safe_sm=505 core_acc=6 o_scale=1 o_store=6
FIG8_ATTENTION_TIMERS mode=scna-fp16 scna_function=1 scna_kernel=1 phase=measure iteration=8 lut_exp=0 nonlinear_mode=1 scna_width=32 scna_exp=412 qo_len=16 kv_len=4096 n_heads=12 n_kv_heads=2 head_dim=128 kv_head=1 worker=0 profiled_total=890 q_load=3 k_load=197 v_load=168 qk_dot=6 safe_sm=504 core_acc=6 o_scale=1 o_store=5
FIG8_ATTENTION_EVENT_COUNT mode=scna-fp16 qo_len=16 phase=measure iteration=8 events=16 max_events=12512 overflow=0
FIG8_ATTENTION_HOST_TIMING mode=scna-fp16 scna_function=exp scna_kernel=tree scna_width=32 qo_len=16 kv_len=4096 n_heads=12 n_kv_heads=2 head_dim=128 phase=measure iteration=9 host_elapsed_us=2087 ret=0
FIG8_ATTENTION_PROFILE_COUNT mode=scna-fp16 qo_len=16 phase=measure iteration=9 records=2 max_records=10
FIG8_ATTENTION_TIMERS mode=scna-fp16 scna_function=1 scna_kernel=1 phase=measure iteration=9 lut_exp=0 nonlinear_mode=1 scna_width=32 scna_exp=411 qo_len=16 kv_len=4096 n_heads=12 n_kv_heads=2 head_dim=128 kv_head=0 worker=0 profiled_total=866 q_load=4 k_load=179 v_load=157 qk_dot=6 safe_sm=507 core_acc=6 o_scale=1 o_store=6
FIG8_ATTENTION_TIMERS mode=scna-fp16 scna_function=1 scna_kernel=1 phase=measure iteration=9 lut_exp=0 nonlinear_mode=1 scna_width=32 scna_exp=412 qo_len=16 kv_len=4096 n_heads=12 n_kv_heads=2 head_dim=128 kv_head=1 worker=0 profiled_total=895 q_load=3 k_load=200 v_load=169 qk_dot=6 safe_sm=505 core_acc=6 o_scale=1 o_store=5
FIG8_ATTENTION_EVENT_COUNT mode=scna-fp16 qo_len=16 phase=measure iteration=9 events=16 max_events=12512 overflow=0
FIG8_ATTENTION_HOST_TIMING mode=scna-fp16 scna_function=exp scna_kernel=tree scna_width=32 qo_len=16 kv_len=4096 n_heads=12 n_kv_heads=2 head_dim=128 phase=measure iteration=10 host_elapsed_us=1995 ret=0
FIG8_ATTENTION_PROFILE_COUNT mode=scna-fp16 qo_len=16 phase=measure iteration=10 records=2 max_records=10
FIG8_ATTENTION_TIMERS mode=scna-fp16 scna_function=1 scna_kernel=1 phase=measure iteration=10 lut_exp=0 nonlinear_mode=1 scna_width=32 scna_exp=411 qo_len=16 kv_len=4096 n_heads=12 n_kv_heads=2 head_dim=128 kv_head=0 worker=0 profiled_total=861 q_load=4 k_load=177 v_load=156 qk_dot=6 safe_sm=505 core_acc=6 o_scale=1 o_store=6
FIG8_ATTENTION_TIMERS mode=scna-fp16 scna_function=1 scna_kernel=1 phase=measure iteration=10 lut_exp=0 nonlinear_mode=1 scna_width=32 scna_exp=411 qo_len=16 kv_len=4096 n_heads=12 n_kv_heads=2 head_dim=128 kv_head=1 worker=0 profiled_total=891 q_load=4 k_load=197 v_load=167 qk_dot=6 safe_sm=505 core_acc=6 o_scale=1 o_store=5
FIG8_ATTENTION_EVENT_COUNT mode=scna-fp16 qo_len=16 phase=measure iteration=10 events=16 max_events=12512 overflow=0
FIG8_ATTENTION_HOST_TIMING mode=scna-fp16 scna_function=exp scna_kernel=tree scna_width=32 qo_len=16 kv_len=4096 n_heads=12 n_kv_heads=2 head_dim=128 phase=measure iteration=11 host_elapsed_us=2054 ret=0
FIG8_ATTENTION_PROFILE_COUNT mode=scna-fp16 qo_len=16 phase=measure iteration=11 records=2 max_records=10
FIG8_ATTENTION_TIMERS mode=scna-fp16 scna_function=1 scna_kernel=1 phase=measure iteration=11 lut_exp=0 nonlinear_mode=1 scna_width=32 scna_exp=410 qo_len=16 kv_len=4096 n_heads=12 n_kv_heads=2 head_dim=128 kv_head=0 worker=0 profiled_total=855 q_load=4 k_load=173 v_load=156 qk_dot=6 safe_sm=504 core_acc=5 o_scale=1 o_store=6
FIG8_ATTENTION_TIMERS mode=scna-fp16 scna_function=1 scna_kernel=1 phase=measure iteration=11 lut_exp=0 nonlinear_mode=1 scna_width=32 scna_exp=411 qo_len=16 kv_len=4096 n_heads=12 n_kv_heads=2 head_dim=128 kv_head=1 worker=0 profiled_total=888 q_load=4 k_load=193 v_load=170 qk_dot=6 safe_sm=503 core_acc=6 o_scale=1 o_store=5
FIG8_ATTENTION_EVENT_COUNT mode=scna-fp16 qo_len=16 phase=measure iteration=11 events=16 max_events=12512 overflow=0
FIG8_ATTENTION_HOST_TIMING mode=scna-fp16 scna_function=exp scna_kernel=tree scna_width=32 qo_len=16 kv_len=4096 n_heads=12 n_kv_heads=2 head_dim=128 phase=measure iteration=12 host_elapsed_us=2007 ret=0
FIG8_ATTENTION_PROFILE_COUNT mode=scna-fp16 qo_len=16 phase=measure iteration=12 records=2 max_records=10
FIG8_ATTENTION_TIMERS mode=scna-fp16 scna_function=1 scna_kernel=1 phase=measure iteration=12 lut_exp=0 nonlinear_mode=1 scna_width=32 scna_exp=410 qo_len=16 kv_len=4096 n_heads=12 n_kv_heads=2 head_dim=128 kv_head=0 worker=0 profiled_total=863 q_load=4 k_load=177 v_load=158 qk_dot=6 safe_sm=505 core_acc=6 o_scale=1 o_store=6
FIG8_ATTENTION_TIMERS mode=scna-fp16 scna_function=1 scna_kernel=1 phase=measure iteration=12 lut_exp=0 nonlinear_mode=1 scna_width=32 scna_exp=411 qo_len=16 kv_len=4096 n_heads=12 n_kv_heads=2 head_dim=128 kv_head=1 worker=0 profiled_total=895 q_load=4 k_load=198 v_load=168 qk_dot=6 safe_sm=507 core_acc=6 o_scale=1 o_store=5
FIG8_ATTENTION_EVENT_COUNT mode=scna-fp16 qo_len=16 phase=measure iteration=12 events=16 max_events=12512 overflow=0
FIG8_ATTENTION_HOST_TIMING mode=scna-fp16 scna_function=exp scna_kernel=tree scna_width=32 qo_len=16 kv_len=4096 n_heads=12 n_kv_heads=2 head_dim=128 phase=measure iteration=13 host_elapsed_us=2046 ret=0
FIG8_ATTENTION_PROFILE_COUNT mode=scna-fp16 qo_len=16 phase=measure iteration=13 records=2 max_records=10
FIG8_ATTENTION_TIMERS mode=scna-fp16 scna_function=1 scna_kernel=1 phase=measure iteration=13 lut_exp=0 nonlinear_mode=1 scna_width=32 scna_exp=410 qo_len=16 kv_len=4096 n_heads=12 n_kv_heads=2 head_dim=128 kv_head=0 worker=0 profiled_total=861 q_load=4 k_load=176 v_load=157 qk_dot=6 safe_sm=505 core_acc=6 o_scale=1 o_store=6
FIG8_ATTENTION_TIMERS mode=scna-fp16 scna_function=1 scna_kernel=1 phase=measure iteration=13 lut_exp=0 nonlinear_mode=1 scna_width=32 scna_exp=412 qo_len=16 kv_len=4096 n_heads=12 n_kv_heads=2 head_dim=128 kv_head=1 worker=0 profiled_total=888 q_load=4 k_load=195 v_load=168 qk_dot=6 safe_sm=503 core_acc=6 o_scale=1 o_store=5
FIG8_ATTENTION_EVENT_COUNT mode=scna-fp16 qo_len=16 phase=measure iteration=13 events=16 max_events=12512 overflow=0
FIG8_ATTENTION_HOST_TIMING mode=scna-fp16 scna_function=exp scna_kernel=tree scna_width=32 qo_len=16 kv_len=4096 n_heads=12 n_kv_heads=2 head_dim=128 phase=measure iteration=14 host_elapsed_us=2010 ret=0
FIG8_ATTENTION_PROFILE_COUNT mode=scna-fp16 qo_len=16 phase=measure iteration=14 records=2 max_records=10
FIG8_ATTENTION_TIMERS mode=scna-fp16 scna_function=1 scna_kernel=1 phase=measure iteration=14 lut_exp=0 nonlinear_mode=1 scna_width=32 scna_exp=411 qo_len=16 kv_len=4096 n_heads=12 n_kv_heads=2 head_dim=128 kv_head=0 worker=0 profiled_total=850 q_load=4 k_load=179 v_load=149 qk_dot=6 safe_sm=500 core_acc=5 o_scale=1 o_store=6
FIG8_ATTENTION_TIMERS mode=scna-fp16 scna_function=1 scna_kernel=1 phase=measure iteration=14 lut_exp=0 nonlinear_mode=1 scna_width=32 scna_exp=409 qo_len=16 kv_len=4096 n_heads=12 n_kv_heads=2 head_dim=128 kv_head=1 worker=0 profiled_total=832 q_load=3 k_load=177 v_load=143 qk_dot=6 safe_sm=492 core_acc=5 o_scale=1 o_store=5
FIG8_ATTENTION_EVENT_COUNT mode=scna-fp16 qo_len=16 phase=measure iteration=14 events=16 max_events=12512 overflow=0
FIG8_ATTENTION_HOST_TIMING mode=scna-fp16 scna_function=exp scna_kernel=tree scna_width=32 qo_len=16 kv_len=4096 n_heads=12 n_kv_heads=2 head_dim=128 phase=measure iteration=15 host_elapsed_us=1997 ret=0
FIG8_ATTENTION_PROFILE_COUNT mode=scna-fp16 qo_len=16 phase=measure iteration=15 records=2 max_records=10
FIG8_ATTENTION_TIMERS mode=scna-fp16 scna_function=1 scna_kernel=1 phase=measure iteration=15 lut_exp=0 nonlinear_mode=1 scna_width=32 scna_exp=408 qo_len=16 kv_len=4096 n_heads=12 n_kv_heads=2 head_dim=128 kv_head=0 worker=0 profiled_total=833 q_load=4 k_load=154 v_load=151 qk_dot=6 safe_sm=505 core_acc=6 o_scale=1 o_store=6
FIG8_ATTENTION_TIMERS mode=scna-fp16 scna_function=1 scna_kernel=1 phase=measure iteration=15 lut_exp=0 nonlinear_mode=1 scna_width=32 scna_exp=408 qo_len=16 kv_len=4096 n_heads=12 n_kv_heads=2 head_dim=128 kv_head=1 worker=0 profiled_total=851 q_load=4 k_load=171 v_load=158 qk_dot=6 safe_sm=500 core_acc=6 o_scale=1 o_store=5
FIG8_ATTENTION_EVENT_COUNT mode=scna-fp16 qo_len=16 phase=measure iteration=15 events=16 max_events=12512 overflow=0
FIG8_ATTENTION_HOST_TIMING mode=scna-fp16 scna_function=exp scna_kernel=tree scna_width=32 qo_len=16 kv_len=4096 n_heads=12 n_kv_heads=2 head_dim=128 phase=measure iteration=16 host_elapsed_us=2029 ret=0
FIG8_ATTENTION_PROFILE_COUNT mode=scna-fp16 qo_len=16 phase=measure iteration=16 records=2 max_records=10
FIG8_ATTENTION_TIMERS mode=scna-fp16 scna_function=1 scna_kernel=1 phase=measure iteration=16 lut_exp=0 nonlinear_mode=1 scna_width=32 scna_exp=407 qo_len=16 kv_len=4096 n_heads=12 n_kv_heads=2 head_dim=128 kv_head=0 worker=0 profiled_total=828 q_load=4 k_load=158 v_load=144 qk_dot=6 safe_sm=503 core_acc=6 o_scale=1 o_store=6
FIG8_ATTENTION_TIMERS mode=scna-fp16 scna_function=1 scna_kernel=1 phase=measure iteration=16 lut_exp=0 nonlinear_mode=1 scna_width=32 scna_exp=408 qo_len=16 kv_len=4096 n_heads=12 n_kv_heads=2 head_dim=128 kv_head=1 worker=0 profiled_total=853 q_load=4 k_load=173 v_load=160 qk_dot=6 safe_sm=498 core_acc=6 o_scale=1 o_store=5
FIG8_ATTENTION_EVENT_COUNT mode=scna-fp16 qo_len=16 phase=measure iteration=16 events=16 max_events=12512 overflow=0
FIG8_ATTENTION_HOST_TIMING mode=scna-fp16 scna_function=exp scna_kernel=tree scna_width=32 qo_len=16 kv_len=4096 n_heads=12 n_kv_heads=2 head_dim=128 phase=measure iteration=17 host_elapsed_us=2011 ret=0
FIG8_ATTENTION_PROFILE_COUNT mode=scna-fp16 qo_len=16 phase=measure iteration=17 records=2 max_records=10
FIG8_ATTENTION_TIMERS mode=scna-fp16 scna_function=1 scna_kernel=1 phase=measure iteration=17 lut_exp=0 nonlinear_mode=1 scna_width=32 scna_exp=408 qo_len=16 kv_len=4096 n_heads=12 n_kv_heads=2 head_dim=128 kv_head=0 worker=0 profiled_total=836 q_load=4 k_load=160 v_load=150 qk_dot=6 safe_sm=503 core_acc=6 o_scale=1 o_store=6
FIG8_ATTENTION_TIMERS mode=scna-fp16 scna_function=1 scna_kernel=1 phase=measure iteration=17 lut_exp=0 nonlinear_mode=1 scna_width=32 scna_exp=408 qo_len=16 kv_len=4096 n_heads=12 n_kv_heads=2 head_dim=128 kv_head=1 worker=0 profiled_total=871 q_load=4 k_load=185 v_load=164 qk_dot=6 safe_sm=500 core_acc=6 o_scale=1 o_store=5
FIG8_ATTENTION_EVENT_COUNT mode=scna-fp16 qo_len=16 phase=measure iteration=17 events=16 max_events=12512 overflow=0
FIG8_ATTENTION_HOST_TIMING mode=scna-fp16 scna_function=exp scna_kernel=tree scna_width=32 qo_len=16 kv_len=4096 n_heads=12 n_kv_heads=2 head_dim=128 phase=measure iteration=18 host_elapsed_us=2047 ret=0
FIG8_ATTENTION_PROFILE_COUNT mode=scna-fp16 qo_len=16 phase=measure iteration=18 records=2 max_records=10
FIG8_ATTENTION_TIMERS mode=scna-fp16 scna_function=1 scna_kernel=1 phase=measure iteration=18 lut_exp=0 nonlinear_mode=1 scna_width=32 scna_exp=407 qo_len=16 kv_len=4096 n_heads=12 n_kv_heads=2 head_dim=128 kv_head=0 worker=0 profiled_total=831 q_load=4 k_load=159 v_load=143 qk_dot=6 safe_sm=506 core_acc=6 o_scale=1 o_store=6
FIG8_ATTENTION_TIMERS mode=scna-fp16 scna_function=1 scna_kernel=1 phase=measure iteration=18 lut_exp=0 nonlinear_mode=1 scna_width=32 scna_exp=408 qo_len=16 kv_len=4096 n_heads=12 n_kv_heads=2 head_dim=128 kv_head=1 worker=0 profiled_total=870 q_load=4 k_load=184 v_load=163 qk_dot=6 safe_sm=501 core_acc=6 o_scale=1 o_store=5
FIG8_ATTENTION_EVENT_COUNT mode=scna-fp16 qo_len=16 phase=measure iteration=18 events=16 max_events=12512 overflow=0
FIG8_ATTENTION_HOST_TIMING mode=scna-fp16 scna_function=exp scna_kernel=tree scna_width=32 qo_len=16 kv_len=4096 n_heads=12 n_kv_heads=2 head_dim=128 phase=measure iteration=19 host_elapsed_us=1963 ret=0
FIG8_ATTENTION_PROFILE_COUNT mode=scna-fp16 qo_len=16 phase=measure iteration=19 records=2 max_records=10
FIG8_ATTENTION_TIMERS mode=scna-fp16 scna_function=1 scna_kernel=1 phase=measure iteration=19 lut_exp=0 nonlinear_mode=1 scna_width=32 scna_exp=408 qo_len=16 kv_len=4096 n_heads=12 n_kv_heads=2 head_dim=128 kv_head=0 worker=0 profiled_total=836 q_load=4 k_load=158 v_load=155 qk_dot=6 safe_sm=500 core_acc=6 o_scale=1 o_store=6
FIG8_ATTENTION_TIMERS mode=scna-fp16 scna_function=1 scna_kernel=1 phase=measure iteration=19 lut_exp=0 nonlinear_mode=1 scna_width=32 scna_exp=408 qo_len=16 kv_len=4096 n_heads=12 n_kv_heads=2 head_dim=128 kv_head=1 worker=0 profiled_total=860 q_load=4 k_load=182 v_load=156 qk_dot=6 safe_sm=500 core_acc=6 o_scale=1 o_store=5
FIG8_ATTENTION_EVENT_COUNT mode=scna-fp16 qo_len=16 phase=measure iteration=19 events=16 max_events=12512 overflow=0
