alloc_shared_mem_buf: buf=0x7c15540000 fd=12 size=24576 flags=FASTRPC_MAP_FD
alloc_shared_mem_buf: buf=0x797aa00000 fd=13 size=2097152 flags=FASTRPC_MAP_FD
alloc_shared_mem_buf: buf=0x797a800000 fd=14 size=2097152 flags=FASTRPC_MAP_FD
alloc_shared_mem_buf: buf=0x7c15483000 fd=15 size=24576 flags=FASTRPC_MAP_FD
alloc_shared_mem_buf: buf=0x7c15444000 fd=16 size=32768 flags=FASTRPC_MAP_FD
alloc_shared_mem_buf: buf=0x7c15060000 fd=17 size=233856 flags=FASTRPC_MAP_FD
alloc_shared_mem_buf: buf=0x7c156c0000 fd=18 size=4096 flags=FASTRPC_MAP_FD
No-op channel request completed
FIG8_ATTENTION_CONFIG mode=scna-int8 scna_function=exp scna_kernel=tree mask_mode=full qo_len=4 kv_len=4096 n_heads=12 n_kv_heads=2 head_dim=128 warmup=5 iters=20 scna_width=8 q_size=24576 kv_size=2097152 mask_size=32768 profile_size=233856 profile_max_records=10 profile_max_events=3224 mode_flags=1176 print_events=0
FIG8_ATTENTION_HOST_TIMING mode=scna-int8 scna_function=exp scna_kernel=tree scna_width=8 qo_len=4 kv_len=4096 n_heads=12 n_kv_heads=2 head_dim=128 phase=warmup iteration=0 host_elapsed_us=1259 ret=0
FIG8_ATTENTION_PROFILE_COUNT mode=scna-int8 qo_len=4 phase=warmup iteration=0 records=2 max_records=10
FIG8_ATTENTION_TIMERS mode=scna-int8 scna_function=1 scna_kernel=1 phase=warmup iteration=0 lut_exp=0 nonlinear_mode=2 scna_width=8 scna_exp=100 qo_len=4 kv_len=4096 n_heads=12 n_kv_heads=2 head_dim=128 kv_head=0 worker=0 profiled_total=502 q_load=2 k_load=192 v_load=163 qk_dot=3 safe_sm=133 core_acc=3 o_scale=2 o_store=4
FIG8_ATTENTION_TIMERS mode=scna-int8 scna_function=1 scna_kernel=1 phase=warmup iteration=0 lut_exp=0 nonlinear_mode=2 scna_width=8 scna_exp=97 qo_len=4 kv_len=4096 n_heads=12 n_kv_heads=2 head_dim=128 kv_head=1 worker=0 profiled_total=362 q_load=1 k_load=72 v_load=156 qk_dot=3 safe_sm=125 core_acc=2 o_scale=1 o_store=2
FIG8_ATTENTION_EVENT_COUNT mode=scna-int8 qo_len=4 phase=warmup iteration=0 events=16 max_events=3224 overflow=0
FIG8_ATTENTION_HOST_TIMING mode=scna-int8 scna_function=exp scna_kernel=tree scna_width=8 qo_len=4 kv_len=4096 n_heads=12 n_kv_heads=2 head_dim=128 phase=warmup iteration=1 host_elapsed_us=1167 ret=0
FIG8_ATTENTION_PROFILE_COUNT mode=scna-int8 qo_len=4 phase=warmup iteration=1 records=2 max_records=10
FIG8_ATTENTION_TIMERS mode=scna-int8 scna_function=1 scna_kernel=1 phase=warmup iteration=1 lut_exp=0 nonlinear_mode=2 scna_width=8 scna_exp=91 qo_len=4 kv_len=4096 n_heads=12 n_kv_heads=2 head_dim=128 kv_head=0 worker=0 profiled_total=420 q_load=1 k_load=144 v_load=152 qk_dot=2 safe_sm=116 core_acc=2 o_scale=1 o_store=2
FIG8_ATTENTION_TIMERS mode=scna-int8 scna_function=1 scna_kernel=1 phase=warmup iteration=1 lut_exp=0 nonlinear_mode=2 scna_width=8 scna_exp=90 qo_len=4 kv_len=4096 n_heads=12 n_kv_heads=2 head_dim=128 kv_head=1 worker=0 profiled_total=442 q_load=1 k_load=169 v_load=153 qk_dot=2 safe_sm=112 core_acc=2 o_scale=1 o_store=2
FIG8_ATTENTION_EVENT_COUNT mode=scna-int8 qo_len=4 phase=warmup iteration=1 events=16 max_events=3224 overflow=0
FIG8_ATTENTION_HOST_TIMING mode=scna-int8 scna_function=exp scna_kernel=tree scna_width=8 qo_len=4 kv_len=4096 n_heads=12 n_kv_heads=2 head_dim=128 phase=warmup iteration=2 host_elapsed_us=1160 ret=0
FIG8_ATTENTION_PROFILE_COUNT mode=scna-int8 qo_len=4 phase=warmup iteration=2 records=2 max_records=10
FIG8_ATTENTION_TIMERS mode=scna-int8 scna_function=1 scna_kernel=1 phase=warmup iteration=2 lut_exp=0 nonlinear_mode=2 scna_width=8 scna_exp=91 qo_len=4 kv_len=4096 n_heads=12 n_kv_heads=2 head_dim=128 kv_head=0 worker=0 profiled_total=455 q_load=1 k_load=161 v_load=173 qk_dot=2 safe_sm=113 core_acc=2 o_scale=1 o_store=2
FIG8_ATTENTION_TIMERS mode=scna-int8 scna_function=1 scna_kernel=1 phase=warmup iteration=2 lut_exp=0 nonlinear_mode=2 scna_width=8 scna_exp=91 qo_len=4 kv_len=4096 n_heads=12 n_kv_heads=2 head_dim=128 kv_head=1 worker=0 profiled_total=451 q_load=1 k_load=166 v_load=166 qk_dot=2 safe_sm=112 core_acc=2 o_scale=1 o_store=1
FIG8_ATTENTION_EVENT_COUNT mode=scna-int8 qo_len=4 phase=warmup iteration=2 events=16 max_events=3224 overflow=0
FIG8_ATTENTION_HOST_TIMING mode=scna-int8 scna_function=exp scna_kernel=tree scna_width=8 qo_len=4 kv_len=4096 n_heads=12 n_kv_heads=2 head_dim=128 phase=warmup iteration=3 host_elapsed_us=1166 ret=0
FIG8_ATTENTION_PROFILE_COUNT mode=scna-int8 qo_len=4 phase=warmup iteration=3 records=2 max_records=10
FIG8_ATTENTION_TIMERS mode=scna-int8 scna_function=1 scna_kernel=1 phase=warmup iteration=3 lut_exp=0 nonlinear_mode=2 scna_width=8 scna_exp=90 qo_len=4 kv_len=4096 n_heads=12 n_kv_heads=2 head_dim=128 kv_head=0 worker=0 profiled_total=430 q_load=1 k_load=158 v_load=150 qk_dot=2 safe_sm=114 core_acc=2 o_scale=1 o_store=2
FIG8_ATTENTION_TIMERS mode=scna-int8 scna_function=1 scna_kernel=1 phase=warmup iteration=3 lut_exp=0 nonlinear_mode=2 scna_width=8 scna_exp=90 qo_len=4 kv_len=4096 n_heads=12 n_kv_heads=2 head_dim=128 kv_head=1 worker=0 profiled_total=437 q_load=1 k_load=153 v_load=165 qk_dot=2 safe_sm=113 core_acc=1 o_scale=1 o_store=1
FIG8_ATTENTION_EVENT_COUNT mode=scna-int8 qo_len=4 phase=warmup iteration=3 events=16 max_events=3224 overflow=0
FIG8_ATTENTION_HOST_TIMING mode=scna-int8 scna_function=exp scna_kernel=tree scna_width=8 qo_len=4 kv_len=4096 n_heads=12 n_kv_heads=2 head_dim=128 phase=warmup iteration=4 host_elapsed_us=1162 ret=0
FIG8_ATTENTION_PROFILE_COUNT mode=scna-int8 qo_len=4 phase=warmup iteration=4 records=2 max_records=10
FIG8_ATTENTION_TIMERS mode=scna-int8 scna_function=1 scna_kernel=1 phase=warmup iteration=4 lut_exp=0 nonlinear_mode=2 scna_width=8 scna_exp=91 qo_len=4 kv_len=4096 n_heads=12 n_kv_heads=2 head_dim=128 kv_head=0 worker=0 profiled_total=439 q_load=1 k_load=160 v_load=157 qk_dot=2 safe_sm=114 core_acc=2 o_scale=1 o_store=2
FIG8_ATTENTION_TIMERS mode=scna-int8 scna_function=1 scna_kernel=1 phase=warmup iteration=4 lut_exp=0 nonlinear_mode=2 scna_width=8 scna_exp=90 qo_len=4 kv_len=4096 n_heads=12 n_kv_heads=2 head_dim=128 kv_head=1 worker=0 profiled_total=461 q_load=1 k_load=184 v_load=161 qk_dot=2 safe_sm=110 core_acc=1 o_scale=1 o_store=1
FIG8_ATTENTION_EVENT_COUNT mode=scna-int8 qo_len=4 phase=warmup iteration=4 events=16 max_events=3224 overflow=0
FIG8_ATTENTION_HOST_TIMING mode=scna-int8 scna_function=exp scna_kernel=tree scna_width=8 qo_len=4 kv_len=4096 n_heads=12 n_kv_heads=2 head_dim=128 phase=measure iteration=0 host_elapsed_us=1162 ret=0
FIG8_ATTENTION_PROFILE_COUNT mode=scna-int8 qo_len=4 phase=measure iteration=0 records=2 max_records=10
FIG8_ATTENTION_TIMERS mode=scna-int8 scna_function=1 scna_kernel=1 phase=measure iteration=0 lut_exp=0 nonlinear_mode=2 scna_width=8 scna_exp=90 qo_len=4 kv_len=4096 n_heads=12 n_kv_heads=2 head_dim=128 kv_head=0 worker=0 profiled_total=432 q_load=1 k_load=159 v_load=151 qk_dot=2 safe_sm=114 core_acc=2 o_scale=1 o_store=2
FIG8_ATTENTION_TIMERS mode=scna-int8 scna_function=1 scna_kernel=1 phase=measure iteration=0 lut_exp=0 nonlinear_mode=2 scna_width=8 scna_exp=90 qo_len=4 kv_len=4096 n_heads=12 n_kv_heads=2 head_dim=128 kv_head=1 worker=0 profiled_total=446 q_load=1 k_load=182 v_load=146 qk_dot=2 safe_sm=112 core_acc=1 o_scale=1 o_store=1
FIG8_ATTENTION_EVENT_COUNT mode=scna-int8 qo_len=4 phase=measure iteration=0 events=16 max_events=3224 overflow=0
FIG8_ATTENTION_HOST_TIMING mode=scna-int8 scna_function=exp scna_kernel=tree scna_width=8 qo_len=4 kv_len=4096 n_heads=12 n_kv_heads=2 head_dim=128 phase=measure iteration=1 host_elapsed_us=1160 ret=0
FIG8_ATTENTION_PROFILE_COUNT mode=scna-int8 qo_len=4 phase=measure iteration=1 records=2 max_records=10
FIG8_ATTENTION_TIMERS mode=scna-int8 scna_function=1 scna_kernel=1 phase=measure iteration=1 lut_exp=0 nonlinear_mode=2 scna_width=8 scna_exp=90 qo_len=4 kv_len=4096 n_heads=12 n_kv_heads=2 head_dim=128 kv_head=0 worker=0 profiled_total=455 q_load=1 k_load=164 v_load=172 qk_dot=2 safe_sm=112 core_acc=2 o_scale=1 o_store=1
FIG8_ATTENTION_TIMERS mode=scna-int8 scna_function=1 scna_kernel=1 phase=measure iteration=1 lut_exp=0 nonlinear_mode=2 scna_width=8 scna_exp=90 qo_len=4 kv_len=4096 n_heads=12 n_kv_heads=2 head_dim=128 kv_head=1 worker=0 profiled_total=429 q_load=1 k_load=166 v_load=143 qk_dot=2 safe_sm=112 core_acc=2 o_scale=1 o_store=2
FIG8_ATTENTION_EVENT_COUNT mode=scna-int8 qo_len=4 phase=measure iteration=1 events=16 max_events=3224 overflow=0
FIG8_ATTENTION_HOST_TIMING mode=scna-int8 scna_function=exp scna_kernel=tree scna_width=8 qo_len=4 kv_len=4096 n_heads=12 n_kv_heads=2 head_dim=128 phase=measure iteration=2 host_elapsed_us=1163 ret=0
FIG8_ATTENTION_PROFILE_COUNT mode=scna-int8 qo_len=4 phase=measure iteration=2 records=2 max_records=10
FIG8_ATTENTION_TIMERS mode=scna-int8 scna_function=1 scna_kernel=1 phase=measure iteration=2 lut_exp=0 nonlinear_mode=2 scna_width=8 scna_exp=90 qo_len=4 kv_len=4096 n_heads=12 n_kv_heads=2 head_dim=128 kv_head=0 worker=0 profiled_total=447 q_load=1 k_load=157 v_load=169 qk_dot=2 safe_sm=113 core_acc=2 o_scale=1 o_store=2
FIG8_ATTENTION_TIMERS mode=scna-int8 scna_function=1 scna_kernel=1 phase=measure iteration=2 lut_exp=0 nonlinear_mode=2 scna_width=8 scna_exp=91 qo_len=4 kv_len=4096 n_heads=12 n_kv_heads=2 head_dim=128 kv_head=1 worker=0 profiled_total=459 q_load=1 k_load=182 v_load=159 qk_dot=2 safe_sm=111 core_acc=2 o_scale=1 o_store=1
FIG8_ATTENTION_EVENT_COUNT mode=scna-int8 qo_len=4 phase=measure iteration=2 events=16 max_events=3224 overflow=0
FIG8_ATTENTION_HOST_TIMING mode=scna-int8 scna_function=exp scna_kernel=tree scna_width=8 qo_len=4 kv_len=4096 n_heads=12 n_kv_heads=2 head_dim=128 phase=measure iteration=3 host_elapsed_us=1161 ret=0
FIG8_ATTENTION_PROFILE_COUNT mode=scna-int8 qo_len=4 phase=measure iteration=3 records=2 max_records=10
FIG8_ATTENTION_TIMERS mode=scna-int8 scna_function=1 scna_kernel=1 phase=measure iteration=3 lut_exp=0 nonlinear_mode=2 scna_width=8 scna_exp=90 qo_len=4 kv_len=4096 n_heads=12 n_kv_heads=2 head_dim=128 kv_head=0 worker=0 profiled_total=432 q_load=1 k_load=154 v_load=159 qk_dot=2 safe_sm=112 core_acc=1 o_scale=1 o_store=2
FIG8_ATTENTION_TIMERS mode=scna-int8 scna_function=1 scna_kernel=1 phase=measure iteration=3 lut_exp=0 nonlinear_mode=2 scna_width=8 scna_exp=91 qo_len=4 kv_len=4096 n_heads=12 n_kv_heads=2 head_dim=128 kv_head=1 worker=0 profiled_total=470 q_load=1 k_load=183 v_load=168 qk_dot=2 safe_sm=112 core_acc=2 o_scale=1 o_store=1
FIG8_ATTENTION_EVENT_COUNT mode=scna-int8 qo_len=4 phase=measure iteration=3 events=16 max_events=3224 overflow=0
FIG8_ATTENTION_HOST_TIMING mode=scna-int8 scna_function=exp scna_kernel=tree scna_width=8 qo_len=4 kv_len=4096 n_heads=12 n_kv_heads=2 head_dim=128 phase=measure iteration=4 host_elapsed_us=1167 ret=0
FIG8_ATTENTION_PROFILE_COUNT mode=scna-int8 qo_len=4 phase=measure iteration=4 records=2 max_records=10
FIG8_ATTENTION_TIMERS mode=scna-int8 scna_function=1 scna_kernel=1 phase=measure iteration=4 lut_exp=0 nonlinear_mode=2 scna_width=8 scna_exp=91 qo_len=4 kv_len=4096 n_heads=12 n_kv_heads=2 head_dim=128 kv_head=0 worker=0 profiled_total=445 q_load=1 k_load=164 v_load=159 qk_dot=2 safe_sm=114 core_acc=2 o_scale=1 o_store=2
FIG8_ATTENTION_TIMERS mode=scna-int8 scna_function=1 scna_kernel=1 phase=measure iteration=4 lut_exp=0 nonlinear_mode=2 scna_width=8 scna_exp=90 qo_len=4 kv_len=4096 n_heads=12 n_kv_heads=2 head_dim=128 kv_head=1 worker=0 profiled_total=459 q_load=1 k_load=174 v_load=167 qk_dot=2 safe_sm=111 core_acc=2 o_scale=1 o_store=1
FIG8_ATTENTION_EVENT_COUNT mode=scna-int8 qo_len=4 phase=measure iteration=4 events=16 max_events=3224 overflow=0
FIG8_ATTENTION_HOST_TIMING mode=scna-int8 scna_function=exp scna_kernel=tree scna_width=8 qo_len=4 kv_len=4096 n_heads=12 n_kv_heads=2 head_dim=128 phase=measure iteration=5 host_elapsed_us=1163 ret=0
FIG8_ATTENTION_PROFILE_COUNT mode=scna-int8 qo_len=4 phase=measure iteration=5 records=2 max_records=10
FIG8_ATTENTION_TIMERS mode=scna-int8 scna_function=1 scna_kernel=1 phase=measure iteration=5 lut_exp=0 nonlinear_mode=2 scna_width=8 scna_exp=90 qo_len=4 kv_len=4096 n_heads=12 n_kv_heads=2 head_dim=128 kv_head=0 worker=0 profiled_total=413 q_load=1 k_load=149 v_load=142 qk_dot=2 safe_sm=114 core_acc=2 o_scale=1 o_store=2
FIG8_ATTENTION_TIMERS mode=scna-int8 scna_function=1 scna_kernel=1 phase=measure iteration=5 lut_exp=0 nonlinear_mode=2 scna_width=8 scna_exp=91 qo_len=4 kv_len=4096 n_heads=12 n_kv_heads=2 head_dim=128 kv_head=1 worker=0 profiled_total=473 q_load=1 k_load=180 v_load=174 qk_dot=2 safe_sm=112 core_acc=2 o_scale=1 o_store=1
FIG8_ATTENTION_EVENT_COUNT mode=scna-int8 qo_len=4 phase=measure iteration=5 events=16 max_events=3224 overflow=0
FIG8_ATTENTION_HOST_TIMING mode=scna-int8 scna_function=exp scna_kernel=tree scna_width=8 qo_len=4 kv_len=4096 n_heads=12 n_kv_heads=2 head_dim=128 phase=measure iteration=6 host_elapsed_us=1163 ret=0
FIG8_ATTENTION_PROFILE_COUNT mode=scna-int8 qo_len=4 phase=measure iteration=6 records=2 max_records=10
FIG8_ATTENTION_TIMERS mode=scna-int8 scna_function=1 scna_kernel=1 phase=measure iteration=6 lut_exp=0 nonlinear_mode=2 scna_width=8 scna_exp=90 qo_len=4 kv_len=4096 n_heads=12 n_kv_heads=2 head_dim=128 kv_head=0 worker=0 profiled_total=432 q_load=1 k_load=161 v_load=149 qk_dot=2 safe_sm=114 core_acc=2 o_scale=1 o_store=2
FIG8_ATTENTION_TIMERS mode=scna-int8 scna_function=1 scna_kernel=1 phase=measure iteration=6 lut_exp=0 nonlinear_mode=2 scna_width=8 scna_exp=90 qo_len=4 kv_len=4096 n_heads=12 n_kv_heads=2 head_dim=128 kv_head=1 worker=0 profiled_total=468 q_load=1 k_load=182 v_load=167 qk_dot=2 safe_sm=111 core_acc=2 o_scale=1 o_store=2
FIG8_ATTENTION_EVENT_COUNT mode=scna-int8 qo_len=4 phase=measure iteration=6 events=16 max_events=3224 overflow=0
FIG8_ATTENTION_HOST_TIMING mode=scna-int8 scna_function=exp scna_kernel=tree scna_width=8 qo_len=4 kv_len=4096 n_heads=12 n_kv_heads=2 head_dim=128 phase=measure iteration=7 host_elapsed_us=1263 ret=0
FIG8_ATTENTION_PROFILE_COUNT mode=scna-int8 qo_len=4 phase=measure iteration=7 records=2 max_records=10
FIG8_ATTENTION_TIMERS mode=scna-int8 scna_function=1 scna_kernel=1 phase=measure iteration=7 lut_exp=0 nonlinear_mode=2 scna_width=8 scna_exp=90 qo_len=4 kv_len=4096 n_heads=12 n_kv_heads=2 head_dim=128 kv_head=0 worker=0 profiled_total=432 q_load=1 k_load=157 v_load=153 qk_dot=2 safe_sm=114 core_acc=2 o_scale=1 o_store=2
FIG8_ATTENTION_TIMERS mode=scna-int8 scna_function=1 scna_kernel=1 phase=measure iteration=7 lut_exp=0 nonlinear_mode=2 scna_width=8 scna_exp=95 qo_len=4 kv_len=4096 n_heads=12 n_kv_heads=2 head_dim=128 kv_head=1 worker=0 profiled_total=498 q_load=1 k_load=194 v_load=172 qk_dot=2 safe_sm=125 core_acc=2 o_scale=1 o_store=1
FIG8_ATTENTION_EVENT_COUNT mode=scna-int8 qo_len=4 phase=measure iteration=7 events=16 max_events=3224 overflow=0
FIG8_ATTENTION_HOST_TIMING mode=scna-int8 scna_function=exp scna_kernel=tree scna_width=8 qo_len=4 kv_len=4096 n_heads=12 n_kv_heads=2 head_dim=128 phase=measure iteration=8 host_elapsed_us=1218 ret=0
FIG8_ATTENTION_PROFILE_COUNT mode=scna-int8 qo_len=4 phase=measure iteration=8 records=2 max_records=10
FIG8_ATTENTION_TIMERS mode=scna-int8 scna_function=1 scna_kernel=1 phase=measure iteration=8 lut_exp=0 nonlinear_mode=2 scna_width=8 scna_exp=95 qo_len=4 kv_len=4096 n_heads=12 n_kv_heads=2 head_dim=128 kv_head=0 worker=0 profiled_total=477 q_load=1 k_load=180 v_load=166 qk_dot=2 safe_sm=123 core_acc=2 o_scale=1 o_store=2
FIG8_ATTENTION_TIMERS mode=scna-int8 scna_function=1 scna_kernel=1 phase=measure iteration=8 lut_exp=0 nonlinear_mode=2 scna_width=8 scna_exp=95 qo_len=4 kv_len=4096 n_heads=12 n_kv_heads=2 head_dim=128 kv_head=1 worker=0 profiled_total=486 q_load=1 k_load=194 v_load=161 qk_dot=2 safe_sm=124 core_acc=2 o_scale=1 o_store=1
FIG8_ATTENTION_EVENT_COUNT mode=scna-int8 qo_len=4 phase=measure iteration=8 events=16 max_events=3224 overflow=0
FIG8_ATTENTION_HOST_TIMING mode=scna-int8 scna_function=exp scna_kernel=tree scna_width=8 qo_len=4 kv_len=4096 n_heads=12 n_kv_heads=2 head_dim=128 phase=measure iteration=9 host_elapsed_us=1252 ret=0
FIG8_ATTENTION_PROFILE_COUNT mode=scna-int8 qo_len=4 phase=measure iteration=9 records=2 max_records=10
FIG8_ATTENTION_TIMERS mode=scna-int8 scna_function=1 scna_kernel=1 phase=measure iteration=9 lut_exp=0 nonlinear_mode=2 scna_width=8 scna_exp=95 qo_len=4 kv_len=4096 n_heads=12 n_kv_heads=2 head_dim=128 kv_head=0 worker=0 profiled_total=474 q_load=2 k_load=180 v_load=162 qk_dot=2 safe_sm=123 core_acc=2 o_scale=1 o_store=2
FIG8_ATTENTION_TIMERS mode=scna-int8 scna_function=1 scna_kernel=1 phase=measure iteration=9 lut_exp=0 nonlinear_mode=2 scna_width=8 scna_exp=95 qo_len=4 kv_len=4096 n_heads=12 n_kv_heads=2 head_dim=128 kv_head=1 worker=0 profiled_total=485 q_load=1 k_load=183 v_load=169 qk_dot=2 safe_sm=125 core_acc=2 o_scale=1 o_store=2
FIG8_ATTENTION_EVENT_COUNT mode=scna-int8 qo_len=4 phase=measure iteration=9 events=16 max_events=3224 overflow=0
FIG8_ATTENTION_HOST_TIMING mode=scna-int8 scna_function=exp scna_kernel=tree scna_width=8 qo_len=4 kv_len=4096 n_heads=12 n_kv_heads=2 head_dim=128 phase=measure iteration=10 host_elapsed_us=1222 ret=0
FIG8_ATTENTION_PROFILE_COUNT mode=scna-int8 qo_len=4 phase=measure iteration=10 records=2 max_records=10
FIG8_ATTENTION_TIMERS mode=scna-int8 scna_function=1 scna_kernel=1 phase=measure iteration=10 lut_exp=0 nonlinear_mode=2 scna_width=8 scna_exp=95 qo_len=4 kv_len=4096 n_heads=12 n_kv_heads=2 head_dim=128 kv_head=0 worker=0 profiled_total=474 q_load=1 k_load=181 v_load=162 qk_dot=2 safe_sm=123 core_acc=2 o_scale=1 o_store=2
FIG8_ATTENTION_TIMERS mode=scna-int8 scna_function=1 scna_kernel=1 phase=measure iteration=10 lut_exp=0 nonlinear_mode=2 scna_width=8 scna_exp=95 qo_len=4 kv_len=4096 n_heads=12 n_kv_heads=2 head_dim=128 kv_head=1 worker=0 profiled_total=483 q_load=1 k_load=187 v_load=166 qk_dot=2 safe_sm=124 core_acc=1 o_scale=1 o_store=1
FIG8_ATTENTION_EVENT_COUNT mode=scna-int8 qo_len=4 phase=measure iteration=10 events=16 max_events=3224 overflow=0
FIG8_ATTENTION_HOST_TIMING mode=scna-int8 scna_function=exp scna_kernel=tree scna_width=8 qo_len=4 kv_len=4096 n_heads=12 n_kv_heads=2 head_dim=128 phase=measure iteration=11 host_elapsed_us=1207 ret=0
FIG8_ATTENTION_PROFILE_COUNT mode=scna-int8 qo_len=4 phase=measure iteration=11 records=2 max_records=10
FIG8_ATTENTION_TIMERS mode=scna-int8 scna_function=1 scna_kernel=1 phase=measure iteration=11 lut_exp=0 nonlinear_mode=2 scna_width=8 scna_exp=94 qo_len=4 kv_len=4096 n_heads=12 n_kv_heads=2 head_dim=128 kv_head=0 worker=0 profiled_total=474 q_load=2 k_load=182 v_load=161 qk_dot=2 safe_sm=122 core_acc=2 o_scale=1 o_store=2
FIG8_ATTENTION_TIMERS mode=scna-int8 scna_function=1 scna_kernel=1 phase=measure iteration=11 lut_exp=0 nonlinear_mode=2 scna_width=8 scna_exp=95 qo_len=4 kv_len=4096 n_heads=12 n_kv_heads=2 head_dim=128 kv_head=1 worker=0 profiled_total=477 q_load=1 k_load=183 v_load=163 qk_dot=2 safe_sm=125 core_acc=1 o_scale=1 o_store=1
FIG8_ATTENTION_EVENT_COUNT mode=scna-int8 qo_len=4 phase=measure iteration=11 events=16 max_events=3224 overflow=0
FIG8_ATTENTION_HOST_TIMING mode=scna-int8 scna_function=exp scna_kernel=tree scna_width=8 qo_len=4 kv_len=4096 n_heads=12 n_kv_heads=2 head_dim=128 phase=measure iteration=12 host_elapsed_us=1231 ret=0
FIG8_ATTENTION_PROFILE_COUNT mode=scna-int8 qo_len=4 phase=measure iteration=12 records=2 max_records=10
FIG8_ATTENTION_TIMERS mode=scna-int8 scna_function=1 scna_kernel=1 phase=measure iteration=12 lut_exp=0 nonlinear_mode=2 scna_width=8 scna_exp=95 qo_len=4 kv_len=4096 n_heads=12 n_kv_heads=2 head_dim=128 kv_head=0 worker=0 profiled_total=473 q_load=1 k_load=181 v_load=162 qk_dot=2 safe_sm=123 core_acc=2 o_scale=1 o_store=1
FIG8_ATTENTION_TIMERS mode=scna-int8 scna_function=1 scna_kernel=1 phase=measure iteration=12 lut_exp=0 nonlinear_mode=2 scna_width=8 scna_exp=95 qo_len=4 kv_len=4096 n_heads=12 n_kv_heads=2 head_dim=128 kv_head=1 worker=0 profiled_total=483 q_load=1 k_load=193 v_load=160 qk_dot=2 safe_sm=123 core_acc=1 o_scale=1 o_store=2
FIG8_ATTENTION_EVENT_COUNT mode=scna-int8 qo_len=4 phase=measure iteration=12 events=16 max_events=3224 overflow=0
FIG8_ATTENTION_HOST_TIMING mode=scna-int8 scna_function=exp scna_kernel=tree scna_width=8 qo_len=4 kv_len=4096 n_heads=12 n_kv_heads=2 head_dim=128 phase=measure iteration=13 host_elapsed_us=1211 ret=0
FIG8_ATTENTION_PROFILE_COUNT mode=scna-int8 qo_len=4 phase=measure iteration=13 records=2 max_records=10
FIG8_ATTENTION_TIMERS mode=scna-int8 scna_function=1 scna_kernel=1 phase=measure iteration=13 lut_exp=0 nonlinear_mode=2 scna_width=8 scna_exp=94 qo_len=4 kv_len=4096 n_heads=12 n_kv_heads=2 head_dim=128 kv_head=0 worker=0 profiled_total=475 q_load=1 k_load=181 v_load=163 qk_dot=2 safe_sm=123 core_acc=2 o_scale=1 o_store=2
FIG8_ATTENTION_TIMERS mode=scna-int8 scna_function=1 scna_kernel=1 phase=measure iteration=13 lut_exp=0 nonlinear_mode=2 scna_width=8 scna_exp=95 qo_len=4 kv_len=4096 n_heads=12 n_kv_heads=2 head_dim=128 kv_head=1 worker=0 profiled_total=482 q_load=1 k_load=186 v_load=167 qk_dot=2 safe_sm=123 core_acc=1 o_scale=1 o_store=1
FIG8_ATTENTION_EVENT_COUNT mode=scna-int8 qo_len=4 phase=measure iteration=13 events=16 max_events=3224 overflow=0
FIG8_ATTENTION_HOST_TIMING mode=scna-int8 scna_function=exp scna_kernel=tree scna_width=8 qo_len=4 kv_len=4096 n_heads=12 n_kv_heads=2 head_dim=128 phase=measure iteration=14 host_elapsed_us=1253 ret=0
FIG8_ATTENTION_PROFILE_COUNT mode=scna-int8 qo_len=4 phase=measure iteration=14 records=2 max_records=10
FIG8_ATTENTION_TIMERS mode=scna-int8 scna_function=1 scna_kernel=1 phase=measure iteration=14 lut_exp=0 nonlinear_mode=2 scna_width=8 scna_exp=95 qo_len=4 kv_len=4096 n_heads=12 n_kv_heads=2 head_dim=128 kv_head=0 worker=0 profiled_total=475 q_load=2 k_load=181 v_load=162 qk_dot=2 safe_sm=123 core_acc=2 o_scale=1 o_store=2
FIG8_ATTENTION_TIMERS mode=scna-int8 scna_function=1 scna_kernel=1 phase=measure iteration=14 lut_exp=0 nonlinear_mode=2 scna_width=8 scna_exp=95 qo_len=4 kv_len=4096 n_heads=12 n_kv_heads=2 head_dim=128 kv_head=1 worker=0 profiled_total=478 q_load=1 k_load=183 v_load=165 qk_dot=2 safe_sm=123 core_acc=1 o_scale=1 o_store=2
FIG8_ATTENTION_EVENT_COUNT mode=scna-int8 qo_len=4 phase=measure iteration=14 events=16 max_events=3224 overflow=0
FIG8_ATTENTION_HOST_TIMING mode=scna-int8 scna_function=exp scna_kernel=tree scna_width=8 qo_len=4 kv_len=4096 n_heads=12 n_kv_heads=2 head_dim=128 phase=measure iteration=15 host_elapsed_us=1317 ret=0
FIG8_ATTENTION_PROFILE_COUNT mode=scna-int8 qo_len=4 phase=measure iteration=15 records=2 max_records=10
FIG8_ATTENTION_TIMERS mode=scna-int8 scna_function=1 scna_kernel=1 phase=measure iteration=15 lut_exp=0 nonlinear_mode=2 scna_width=8 scna_exp=95 qo_len=4 kv_len=4096 n_heads=12 n_kv_heads=2 head_dim=128 kv_head=0 worker=0 profiled_total=479 q_load=2 k_load=179 v_load=168 qk_dot=2 safe_sm=123 core_acc=2 o_scale=1 o_store=2
FIG8_ATTENTION_TIMERS mode=scna-int8 scna_function=1 scna_kernel=1 phase=measure iteration=15 lut_exp=0 nonlinear_mode=2 scna_width=8 scna_exp=95 qo_len=4 kv_len=4096 n_heads=12 n_kv_heads=2 head_dim=128 kv_head=1 worker=0 profiled_total=493 q_load=1 k_load=193 v_load=169 qk_dot=2 safe_sm=124 core_acc=2 o_scale=1 o_store=1
FIG8_ATTENTION_EVENT_COUNT mode=scna-int8 qo_len=4 phase=measure iteration=15 events=16 max_events=3224 overflow=0
FIG8_ATTENTION_HOST_TIMING mode=scna-int8 scna_function=exp scna_kernel=tree scna_width=8 qo_len=4 kv_len=4096 n_heads=12 n_kv_heads=2 head_dim=128 phase=measure iteration=16 host_elapsed_us=1231 ret=0
FIG8_ATTENTION_PROFILE_COUNT mode=scna-int8 qo_len=4 phase=measure iteration=16 records=2 max_records=10
FIG8_ATTENTION_TIMERS mode=scna-int8 scna_function=1 scna_kernel=1 phase=measure iteration=16 lut_exp=0 nonlinear_mode=2 scna_width=8 scna_exp=94 qo_len=4 kv_len=4096 n_heads=12 n_kv_heads=2 head_dim=128 kv_head=0 worker=0 profiled_total=476 q_load=2 k_load=181 v_load=163 qk_dot=2 safe_sm=123 core_acc=2 o_scale=1 o_store=2
FIG8_ATTENTION_TIMERS mode=scna-int8 scna_function=1 scna_kernel=1 phase=measure iteration=16 lut_exp=0 nonlinear_mode=2 scna_width=8 scna_exp=95 qo_len=4 kv_len=4096 n_heads=12 n_kv_heads=2 head_dim=128 kv_head=1 worker=0 profiled_total=486 q_load=1 k_load=194 v_load=161 qk_dot=2 safe_sm=124 core_acc=2 o_scale=1 o_store=1
FIG8_ATTENTION_EVENT_COUNT mode=scna-int8 qo_len=4 phase=measure iteration=16 events=16 max_events=3224 overflow=0
FIG8_ATTENTION_HOST_TIMING mode=scna-int8 scna_function=exp scna_kernel=tree scna_width=8 qo_len=4 kv_len=4096 n_heads=12 n_kv_heads=2 head_dim=128 phase=measure iteration=17 host_elapsed_us=1243 ret=0
FIG8_ATTENTION_PROFILE_COUNT mode=scna-int8 qo_len=4 phase=measure iteration=17 records=2 max_records=10
FIG8_ATTENTION_TIMERS mode=scna-int8 scna_function=1 scna_kernel=1 phase=measure iteration=17 lut_exp=0 nonlinear_mode=2 scna_width=8 scna_exp=95 qo_len=4 kv_len=4096 n_heads=12 n_kv_heads=2 head_dim=128 kv_head=0 worker=0 profiled_total=474 q_load=2 k_load=181 v_load=162 qk_dot=2 safe_sm=123 core_acc=1 o_scale=1 o_store=2
FIG8_ATTENTION_TIMERS mode=scna-int8 scna_function=1 scna_kernel=1 phase=measure iteration=17 lut_exp=0 nonlinear_mode=2 scna_width=8 scna_exp=95 qo_len=4 kv_len=4096 n_heads=12 n_kv_heads=2 head_dim=128 kv_head=1 worker=0 profiled_total=474 q_load=1 k_load=185 v_load=160 qk_dot=2 safe_sm=122 core_acc=2 o_scale=1 o_store=1
FIG8_ATTENTION_EVENT_COUNT mode=scna-int8 qo_len=4 phase=measure iteration=17 events=16 max_events=3224 overflow=0
FIG8_ATTENTION_HOST_TIMING mode=scna-int8 scna_function=exp scna_kernel=tree scna_width=8 qo_len=4 kv_len=4096 n_heads=12 n_kv_heads=2 head_dim=128 phase=measure iteration=18 host_elapsed_us=1233 ret=0
FIG8_ATTENTION_PROFILE_COUNT mode=scna-int8 qo_len=4 phase=measure iteration=18 records=2 max_records=10
FIG8_ATTENTION_TIMERS mode=scna-int8 scna_function=1 scna_kernel=1 phase=measure iteration=18 lut_exp=0 nonlinear_mode=2 scna_width=8 scna_exp=93 qo_len=4 kv_len=4096 n_heads=12 n_kv_heads=2 head_dim=128 kv_head=0 worker=0 profiled_total=469 q_load=1 k_load=180 v_load=160 qk_dot=2 safe_sm=122 core_acc=1 o_scale=1 o_store=2
FIG8_ATTENTION_TIMERS mode=scna-int8 scna_function=1 scna_kernel=1 phase=measure iteration=18 lut_exp=0 nonlinear_mode=2 scna_width=8 scna_exp=95 qo_len=4 kv_len=4096 n_heads=12 n_kv_heads=2 head_dim=128 kv_head=1 worker=0 profiled_total=476 q_load=1 k_load=181 v_load=165 qk_dot=2 safe_sm=123 core_acc=2 o_scale=1 o_store=1
FIG8_ATTENTION_EVENT_COUNT mode=scna-int8 qo_len=4 phase=measure iteration=18 events=16 max_events=3224 overflow=0
FIG8_ATTENTION_HOST_TIMING mode=scna-int8 scna_function=exp scna_kernel=tree scna_width=8 qo_len=4 kv_len=4096 n_heads=12 n_kv_heads=2 head_dim=128 phase=measure iteration=19 host_elapsed_us=1184 ret=0
FIG8_ATTENTION_PROFILE_COUNT mode=scna-int8 qo_len=4 phase=measure iteration=19 records=2 max_records=10
FIG8_ATTENTION_TIMERS mode=scna-int8 scna_function=1 scna_kernel=1 phase=measure iteration=19 lut_exp=0 nonlinear_mode=2 scna_width=8 scna_exp=93 qo_len=4 kv_len=4096 n_heads=12 n_kv_heads=2 head_dim=128 kv_head=0 worker=0 profiled_total=472 q_load=1 k_load=178 v_load=166 qk_dot=2 safe_sm=121 core_acc=1 o_scale=1 o_store=2
FIG8_ATTENTION_TIMERS mode=scna-int8 scna_function=1 scna_kernel=1 phase=measure iteration=19 lut_exp=0 nonlinear_mode=2 scna_width=8 scna_exp=95 qo_len=4 kv_len=4096 n_heads=12 n_kv_heads=2 head_dim=128 kv_head=1 worker=0 profiled_total=475 q_load=1 k_load=186 v_load=159 qk_dot=2 safe_sm=122 core_acc=2 o_scale=1 o_store=2
FIG8_ATTENTION_EVENT_COUNT mode=scna-int8 qo_len=4 phase=measure iteration=19 events=16 max_events=3224 overflow=0
