alloc_shared_mem_buf: buf=0x73a74d0000 fd=12 size=98304 flags=FASTRPC_MAP_FD
alloc_shared_mem_buf: buf=0x710cc00000 fd=13 size=2097152 flags=FASTRPC_MAP_FD
alloc_shared_mem_buf: buf=0x710ca00000 fd=14 size=2097152 flags=FASTRPC_MAP_FD
alloc_shared_mem_buf: buf=0x73a7480000 fd=15 size=98304 flags=FASTRPC_MAP_FD
alloc_shared_mem_buf: buf=0x73a7420000 fd=16 size=131072 flags=FASTRPC_MAP_FD
alloc_shared_mem_buf: buf=0x710cf10000 fd=17 size=902144 flags=FASTRPC_MAP_FD
alloc_shared_mem_buf: buf=0x73a7a9e000 fd=18 size=4096 flags=FASTRPC_MAP_FD
No-op channel request completed
FIG8_ATTENTION_CONFIG mode=lut-exp mask_mode=full qo_len=16 kv_len=4096 n_heads=12 n_kv_heads=2 head_dim=128 warmup=5 iters=20 scna_width=16 q_size=98304 kv_size=2097152 mask_size=131072 profile_size=902144 profile_max_records=10 profile_max_events=12512 mode_flags=1 print_events=0
FIG8_ATTENTION_HOST_TIMING mode=lut-exp scna_width=0 qo_len=16 kv_len=4096 n_heads=12 n_kv_heads=2 head_dim=128 phase=warmup iteration=0 host_elapsed_us=1409 ret=0
FIG8_ATTENTION_PROFILE_COUNT mode=lut-exp qo_len=16 phase=warmup iteration=0 records=2 max_records=10
FIG8_ATTENTION_TIMERS mode=lut-exp phase=warmup iteration=0 lut_exp=1 nonlinear_mode=0 scna_width=0 scna_exp=0 qo_len=16 kv_len=4096 n_heads=12 n_kv_heads=2 head_dim=128 kv_head=0 worker=0 profiled_total=539 q_load=5 k_load=175 v_load=152 qk_dot=8 safe_sm=184 core_acc=6 o_scale=1 o_store=8
FIG8_ATTENTION_TIMERS mode=lut-exp phase=warmup iteration=0 lut_exp=1 nonlinear_mode=0 scna_width=0 scna_exp=0 qo_len=16 kv_len=4096 n_heads=12 n_kv_heads=2 head_dim=128 kv_head=1 worker=0 profiled_total=522 q_load=4 k_load=184 v_load=149 qk_dot=7 safe_sm=167 core_acc=5 o_scale=1 o_store=5
FIG8_ATTENTION_EVENT_COUNT mode=lut-exp qo_len=16 phase=warmup iteration=0 events=16 max_events=12512 overflow=0
FIG8_ATTENTION_HOST_TIMING mode=lut-exp scna_width=0 qo_len=16 kv_len=4096 n_heads=12 n_kv_heads=2 head_dim=128 phase=warmup iteration=1 host_elapsed_us=1251 ret=0
FIG8_ATTENTION_PROFILE_COUNT mode=lut-exp qo_len=16 phase=warmup iteration=1 records=2 max_records=10
FIG8_ATTENTION_TIMERS mode=lut-exp phase=warmup iteration=1 lut_exp=1 nonlinear_mode=0 scna_width=0 scna_exp=0 qo_len=16 kv_len=4096 n_heads=12 n_kv_heads=2 head_dim=128 kv_head=0 worker=0 profiled_total=483 q_load=3 k_load=146 v_load=147 qk_dot=7 safe_sm=169 core_acc=5 o_scale=1 o_store=5
FIG8_ATTENTION_TIMERS mode=lut-exp phase=warmup iteration=1 lut_exp=1 nonlinear_mode=0 scna_width=0 scna_exp=0 qo_len=16 kv_len=4096 n_heads=12 n_kv_heads=2 head_dim=128 kv_head=1 worker=0 profiled_total=494 q_load=4 k_load=163 v_load=148 qk_dot=6 safe_sm=162 core_acc=5 o_scale=1 o_store=5
FIG8_ATTENTION_EVENT_COUNT mode=lut-exp qo_len=16 phase=warmup iteration=1 events=16 max_events=12512 overflow=0
FIG8_ATTENTION_HOST_TIMING mode=lut-exp scna_width=0 qo_len=16 kv_len=4096 n_heads=12 n_kv_heads=2 head_dim=128 phase=warmup iteration=2 host_elapsed_us=1239 ret=0
FIG8_ATTENTION_PROFILE_COUNT mode=lut-exp qo_len=16 phase=warmup iteration=2 records=2 max_records=10
FIG8_ATTENTION_TIMERS mode=lut-exp phase=warmup iteration=2 lut_exp=1 nonlinear_mode=0 scna_width=0 scna_exp=0 qo_len=16 kv_len=4096 n_heads=12 n_kv_heads=2 head_dim=128 kv_head=0 worker=0 profiled_total=471 q_load=3 k_load=136 v_load=146 qk_dot=6 safe_sm=169 core_acc=5 o_scale=1 o_store=5
FIG8_ATTENTION_TIMERS mode=lut-exp phase=warmup iteration=2 lut_exp=1 nonlinear_mode=0 scna_width=0 scna_exp=0 qo_len=16 kv_len=4096 n_heads=12 n_kv_heads=2 head_dim=128 kv_head=1 worker=0 profiled_total=482 q_load=4 k_load=152 v_load=148 qk_dot=6 safe_sm=161 core_acc=5 o_scale=1 o_store=5
FIG8_ATTENTION_EVENT_COUNT mode=lut-exp qo_len=16 phase=warmup iteration=2 events=16 max_events=12512 overflow=0
FIG8_ATTENTION_HOST_TIMING mode=lut-exp scna_width=0 qo_len=16 kv_len=4096 n_heads=12 n_kv_heads=2 head_dim=128 phase=warmup iteration=3 host_elapsed_us=1236 ret=0
FIG8_ATTENTION_PROFILE_COUNT mode=lut-exp qo_len=16 phase=warmup iteration=3 records=2 max_records=10
FIG8_ATTENTION_TIMERS mode=lut-exp phase=warmup iteration=3 lut_exp=1 nonlinear_mode=0 scna_width=0 scna_exp=0 qo_len=16 kv_len=4096 n_heads=12 n_kv_heads=2 head_dim=128 kv_head=0 worker=0 profiled_total=481 q_load=4 k_load=147 v_load=143 qk_dot=6 safe_sm=169 core_acc=6 o_scale=1 o_store=5
FIG8_ATTENTION_TIMERS mode=lut-exp phase=warmup iteration=3 lut_exp=1 nonlinear_mode=0 scna_width=0 scna_exp=0 qo_len=16 kv_len=4096 n_heads=12 n_kv_heads=2 head_dim=128 kv_head=1 worker=0 profiled_total=490 q_load=4 k_load=161 v_load=148 qk_dot=6 safe_sm=160 core_acc=5 o_scale=1 o_store=5
FIG8_ATTENTION_EVENT_COUNT mode=lut-exp qo_len=16 phase=warmup iteration=3 events=16 max_events=12512 overflow=0
FIG8_ATTENTION_HOST_TIMING mode=lut-exp scna_width=0 qo_len=16 kv_len=4096 n_heads=12 n_kv_heads=2 head_dim=128 phase=warmup iteration=4 host_elapsed_us=1247 ret=0
FIG8_ATTENTION_PROFILE_COUNT mode=lut-exp qo_len=16 phase=warmup iteration=4 records=2 max_records=10
FIG8_ATTENTION_TIMERS mode=lut-exp phase=warmup iteration=4 lut_exp=1 nonlinear_mode=0 scna_width=0 scna_exp=0 qo_len=16 kv_len=4096 n_heads=12 n_kv_heads=2 head_dim=128 kv_head=0 worker=0 profiled_total=465 q_load=4 k_load=138 v_load=138 qk_dot=6 safe_sm=167 core_acc=6 o_scale=1 o_store=5
FIG8_ATTENTION_TIMERS mode=lut-exp phase=warmup iteration=4 lut_exp=1 nonlinear_mode=0 scna_width=0 scna_exp=0 qo_len=16 kv_len=4096 n_heads=12 n_kv_heads=2 head_dim=128 kv_head=1 worker=0 profiled_total=484 q_load=4 k_load=155 v_load=148 qk_dot=6 safe_sm=161 core_acc=5 o_scale=0 o_store=5
FIG8_ATTENTION_EVENT_COUNT mode=lut-exp qo_len=16 phase=warmup iteration=4 events=16 max_events=12512 overflow=0
FIG8_ATTENTION_HOST_TIMING mode=lut-exp scna_width=0 qo_len=16 kv_len=4096 n_heads=12 n_kv_heads=2 head_dim=128 phase=measure iteration=0 host_elapsed_us=1242 ret=0
FIG8_ATTENTION_PROFILE_COUNT mode=lut-exp qo_len=16 phase=measure iteration=0 records=2 max_records=10
FIG8_ATTENTION_TIMERS mode=lut-exp phase=measure iteration=0 lut_exp=1 nonlinear_mode=0 scna_width=0 scna_exp=0 qo_len=16 kv_len=4096 n_heads=12 n_kv_heads=2 head_dim=128 kv_head=0 worker=0 profiled_total=475 q_load=4 k_load=139 v_load=148 qk_dot=6 safe_sm=166 core_acc=6 o_scale=1 o_store=5
FIG8_ATTENTION_TIMERS mode=lut-exp phase=measure iteration=0 lut_exp=1 nonlinear_mode=0 scna_width=0 scna_exp=0 qo_len=16 kv_len=4096 n_heads=12 n_kv_heads=2 head_dim=128 kv_head=1 worker=0 profiled_total=466 q_load=4 k_load=146 v_load=142 qk_dot=6 safe_sm=157 core_acc=5 o_scale=1 o_store=5
FIG8_ATTENTION_EVENT_COUNT mode=lut-exp qo_len=16 phase=measure iteration=0 events=16 max_events=12512 overflow=0
FIG8_ATTENTION_HOST_TIMING mode=lut-exp scna_width=0 qo_len=16 kv_len=4096 n_heads=12 n_kv_heads=2 head_dim=128 phase=measure iteration=1 host_elapsed_us=1238 ret=0
FIG8_ATTENTION_PROFILE_COUNT mode=lut-exp qo_len=16 phase=measure iteration=1 records=2 max_records=10
FIG8_ATTENTION_TIMERS mode=lut-exp phase=measure iteration=1 lut_exp=1 nonlinear_mode=0 scna_width=0 scna_exp=0 qo_len=16 kv_len=4096 n_heads=12 n_kv_heads=2 head_dim=128 kv_head=0 worker=0 profiled_total=460 q_load=4 k_load=135 v_load=135 qk_dot=6 safe_sm=168 core_acc=6 o_scale=1 o_store=5
FIG8_ATTENTION_TIMERS mode=lut-exp phase=measure iteration=1 lut_exp=1 nonlinear_mode=0 scna_width=0 scna_exp=0 qo_len=16 kv_len=4096 n_heads=12 n_kv_heads=2 head_dim=128 kv_head=1 worker=0 profiled_total=489 q_load=4 k_load=161 v_load=148 qk_dot=6 safe_sm=160 core_acc=5 o_scale=0 o_store=5
FIG8_ATTENTION_EVENT_COUNT mode=lut-exp qo_len=16 phase=measure iteration=1 events=16 max_events=12512 overflow=0
FIG8_ATTENTION_HOST_TIMING mode=lut-exp scna_width=0 qo_len=16 kv_len=4096 n_heads=12 n_kv_heads=2 head_dim=128 phase=measure iteration=2 host_elapsed_us=1260 ret=0
FIG8_ATTENTION_PROFILE_COUNT mode=lut-exp qo_len=16 phase=measure iteration=2 records=2 max_records=10
FIG8_ATTENTION_TIMERS mode=lut-exp phase=measure iteration=2 lut_exp=1 nonlinear_mode=0 scna_width=0 scna_exp=0 qo_len=16 kv_len=4096 n_heads=12 n_kv_heads=2 head_dim=128 kv_head=0 worker=0 profiled_total=484 q_load=4 k_load=144 v_load=149 qk_dot=6 safe_sm=169 core_acc=6 o_scale=1 o_store=5
FIG8_ATTENTION_TIMERS mode=lut-exp phase=measure iteration=2 lut_exp=1 nonlinear_mode=0 scna_width=0 scna_exp=0 qo_len=16 kv_len=4096 n_heads=12 n_kv_heads=2 head_dim=128 kv_head=1 worker=0 profiled_total=477 q_load=4 k_load=151 v_load=147 qk_dot=6 safe_sm=158 core_acc=5 o_scale=1 o_store=5
FIG8_ATTENTION_EVENT_COUNT mode=lut-exp qo_len=16 phase=measure iteration=2 events=16 max_events=12512 overflow=0
FIG8_ATTENTION_HOST_TIMING mode=lut-exp scna_width=0 qo_len=16 kv_len=4096 n_heads=12 n_kv_heads=2 head_dim=128 phase=measure iteration=3 host_elapsed_us=1156 ret=0
FIG8_ATTENTION_PROFILE_COUNT mode=lut-exp qo_len=16 phase=measure iteration=3 records=2 max_records=10
FIG8_ATTENTION_TIMERS mode=lut-exp phase=measure iteration=3 lut_exp=1 nonlinear_mode=0 scna_width=0 scna_exp=0 qo_len=16 kv_len=4096 n_heads=12 n_kv_heads=2 head_dim=128 kv_head=0 worker=0 profiled_total=450 q_load=4 k_load=138 v_load=124 qk_dot=6 safe_sm=166 core_acc=6 o_scale=1 o_store=5
FIG8_ATTENTION_TIMERS mode=lut-exp phase=measure iteration=3 lut_exp=1 nonlinear_mode=0 scna_width=0 scna_exp=0 qo_len=16 kv_len=4096 n_heads=12 n_kv_heads=2 head_dim=128 kv_head=1 worker=0 profiled_total=457 q_load=4 k_load=151 v_load=129 qk_dot=6 safe_sm=157 core_acc=5 o_scale=0 o_store=5
FIG8_ATTENTION_EVENT_COUNT mode=lut-exp qo_len=16 phase=measure iteration=3 events=16 max_events=12512 overflow=0
FIG8_ATTENTION_HOST_TIMING mode=lut-exp scna_width=0 qo_len=16 kv_len=4096 n_heads=12 n_kv_heads=2 head_dim=128 phase=measure iteration=4 host_elapsed_us=1253 ret=0
FIG8_ATTENTION_PROFILE_COUNT mode=lut-exp qo_len=16 phase=measure iteration=4 records=2 max_records=10
FIG8_ATTENTION_TIMERS mode=lut-exp phase=measure iteration=4 lut_exp=1 nonlinear_mode=0 scna_width=0 scna_exp=0 qo_len=16 kv_len=4096 n_heads=12 n_kv_heads=2 head_dim=128 kv_head=0 worker=0 profiled_total=480 q_load=4 k_load=143 v_load=146 qk_dot=6 safe_sm=169 core_acc=6 o_scale=1 o_store=5
FIG8_ATTENTION_TIMERS mode=lut-exp phase=measure iteration=4 lut_exp=1 nonlinear_mode=0 scna_width=0 scna_exp=0 qo_len=16 kv_len=4096 n_heads=12 n_kv_heads=2 head_dim=128 kv_head=1 worker=0 profiled_total=485 q_load=4 k_load=157 v_load=147 qk_dot=6 safe_sm=160 core_acc=5 o_scale=1 o_store=5
FIG8_ATTENTION_EVENT_COUNT mode=lut-exp qo_len=16 phase=measure iteration=4 events=16 max_events=12512 overflow=0
FIG8_ATTENTION_HOST_TIMING mode=lut-exp scna_width=0 qo_len=16 kv_len=4096 n_heads=12 n_kv_heads=2 head_dim=128 phase=measure iteration=5 host_elapsed_us=1292 ret=0
FIG8_ATTENTION_PROFILE_COUNT mode=lut-exp qo_len=16 phase=measure iteration=5 records=2 max_records=10
FIG8_ATTENTION_TIMERS mode=lut-exp phase=measure iteration=5 lut_exp=1 nonlinear_mode=0 scna_width=0 scna_exp=0 qo_len=16 kv_len=4096 n_heads=12 n_kv_heads=2 head_dim=128 kv_head=0 worker=0 profiled_total=469 q_load=3 k_load=148 v_load=132 qk_dot=6 safe_sm=168 core_acc=6 o_scale=1 o_store=5
FIG8_ATTENTION_TIMERS mode=lut-exp phase=measure iteration=5 lut_exp=1 nonlinear_mode=0 scna_width=0 scna_exp=0 qo_len=16 kv_len=4096 n_heads=12 n_kv_heads=2 head_dim=128 kv_head=1 worker=0 profiled_total=490 q_load=4 k_load=162 v_load=148 qk_dot=6 safe_sm=160 core_acc=5 o_scale=0 o_store=5
FIG8_ATTENTION_EVENT_COUNT mode=lut-exp qo_len=16 phase=measure iteration=5 events=16 max_events=12512 overflow=0
FIG8_ATTENTION_HOST_TIMING mode=lut-exp scna_width=0 qo_len=16 kv_len=4096 n_heads=12 n_kv_heads=2 head_dim=128 phase=measure iteration=6 host_elapsed_us=1378 ret=0
FIG8_ATTENTION_PROFILE_COUNT mode=lut-exp qo_len=16 phase=measure iteration=6 records=2 max_records=10
FIG8_ATTENTION_TIMERS mode=lut-exp phase=measure iteration=6 lut_exp=1 nonlinear_mode=0 scna_width=0 scna_exp=0 qo_len=16 kv_len=4096 n_heads=12 n_kv_heads=2 head_dim=128 kv_head=0 worker=0 profiled_total=513 q_load=3 k_load=151 v_load=170 qk_dot=6 safe_sm=172 core_acc=5 o_scale=1 o_store=5
FIG8_ATTENTION_TIMERS mode=lut-exp phase=measure iteration=6 lut_exp=1 nonlinear_mode=0 scna_width=0 scna_exp=0 qo_len=16 kv_len=4096 n_heads=12 n_kv_heads=2 head_dim=128 kv_head=1 worker=0 profiled_total=511 q_load=4 k_load=161 v_load=161 qk_dot=6 safe_sm=168 core_acc=5 o_scale=1 o_store=5
FIG8_ATTENTION_EVENT_COUNT mode=lut-exp qo_len=16 phase=measure iteration=6 events=16 max_events=12512 overflow=0
FIG8_ATTENTION_HOST_TIMING mode=lut-exp scna_width=0 qo_len=16 kv_len=4096 n_heads=12 n_kv_heads=2 head_dim=128 phase=measure iteration=7 host_elapsed_us=1374 ret=0
FIG8_ATTENTION_PROFILE_COUNT mode=lut-exp qo_len=16 phase=measure iteration=7 records=2 max_records=10
FIG8_ATTENTION_TIMERS mode=lut-exp phase=measure iteration=7 lut_exp=1 nonlinear_mode=0 scna_width=0 scna_exp=0 qo_len=16 kv_len=4096 n_heads=12 n_kv_heads=2 head_dim=128 kv_head=0 worker=0 profiled_total=507 q_load=3 k_load=151 v_load=158 qk_dot=6 safe_sm=177 core_acc=6 o_scale=1 o_store=5
FIG8_ATTENTION_TIMERS mode=lut-exp phase=measure iteration=7 lut_exp=1 nonlinear_mode=0 scna_width=0 scna_exp=0 qo_len=16 kv_len=4096 n_heads=12 n_kv_heads=2 head_dim=128 kv_head=1 worker=0 profiled_total=518 q_load=4 k_load=171 v_load=161 qk_dot=6 safe_sm=166 core_acc=4 o_scale=1 o_store=5
FIG8_ATTENTION_EVENT_COUNT mode=lut-exp qo_len=16 phase=measure iteration=7 events=16 max_events=12512 overflow=0
FIG8_ATTENTION_HOST_TIMING mode=lut-exp scna_width=0 qo_len=16 kv_len=4096 n_heads=12 n_kv_heads=2 head_dim=128 phase=measure iteration=8 host_elapsed_us=1361 ret=0
FIG8_ATTENTION_PROFILE_COUNT mode=lut-exp qo_len=16 phase=measure iteration=8 records=2 max_records=10
FIG8_ATTENTION_TIMERS mode=lut-exp phase=measure iteration=8 lut_exp=1 nonlinear_mode=0 scna_width=0 scna_exp=0 qo_len=16 kv_len=4096 n_heads=12 n_kv_heads=2 head_dim=128 kv_head=0 worker=0 profiled_total=503 q_load=3 k_load=156 v_load=150 qk_dot=6 safe_sm=176 core_acc=6 o_scale=1 o_store=5
FIG8_ATTENTION_TIMERS mode=lut-exp phase=measure iteration=8 lut_exp=1 nonlinear_mode=0 scna_width=0 scna_exp=0 qo_len=16 kv_len=4096 n_heads=12 n_kv_heads=2 head_dim=128 kv_head=1 worker=0 profiled_total=506 q_load=4 k_load=160 v_load=161 qk_dot=6 safe_sm=164 core_acc=5 o_scale=1 o_store=5
FIG8_ATTENTION_EVENT_COUNT mode=lut-exp qo_len=16 phase=measure iteration=8 events=16 max_events=12512 overflow=0
FIG8_ATTENTION_HOST_TIMING mode=lut-exp scna_width=0 qo_len=16 kv_len=4096 n_heads=12 n_kv_heads=2 head_dim=128 phase=measure iteration=9 host_elapsed_us=1365 ret=0
FIG8_ATTENTION_PROFILE_COUNT mode=lut-exp qo_len=16 phase=measure iteration=9 records=2 max_records=10
FIG8_ATTENTION_TIMERS mode=lut-exp phase=measure iteration=9 lut_exp=1 nonlinear_mode=0 scna_width=0 scna_exp=0 qo_len=16 kv_len=4096 n_heads=12 n_kv_heads=2 head_dim=128 kv_head=0 worker=0 profiled_total=497 q_load=3 k_load=151 v_load=153 qk_dot=6 safe_sm=172 core_acc=6 o_scale=1 o_store=5
FIG8_ATTENTION_TIMERS mode=lut-exp phase=measure iteration=9 lut_exp=1 nonlinear_mode=0 scna_width=0 scna_exp=0 qo_len=16 kv_len=4096 n_heads=12 n_kv_heads=2 head_dim=128 kv_head=1 worker=0 profiled_total=510 q_load=4 k_load=160 v_load=161 qk_dot=6 safe_sm=168 core_acc=5 o_scale=1 o_store=5
FIG8_ATTENTION_EVENT_COUNT mode=lut-exp qo_len=16 phase=measure iteration=9 events=16 max_events=12512 overflow=0
FIG8_ATTENTION_HOST_TIMING mode=lut-exp scna_width=0 qo_len=16 kv_len=4096 n_heads=12 n_kv_heads=2 head_dim=128 phase=measure iteration=10 host_elapsed_us=1360 ret=0
FIG8_ATTENTION_PROFILE_COUNT mode=lut-exp qo_len=16 phase=measure iteration=10 records=2 max_records=10
FIG8_ATTENTION_TIMERS mode=lut-exp phase=measure iteration=10 lut_exp=1 nonlinear_mode=0 scna_width=0 scna_exp=0 qo_len=16 kv_len=4096 n_heads=12 n_kv_heads=2 head_dim=128 kv_head=0 worker=0 profiled_total=511 q_load=3 k_load=151 v_load=168 qk_dot=6 safe_sm=171 core_acc=6 o_scale=1 o_store=5
FIG8_ATTENTION_TIMERS mode=lut-exp phase=measure iteration=10 lut_exp=1 nonlinear_mode=0 scna_width=0 scna_exp=0 qo_len=16 kv_len=4096 n_heads=12 n_kv_heads=2 head_dim=128 kv_head=1 worker=0 profiled_total=522 q_load=4 k_load=167 v_load=166 qk_dot=6 safe_sm=168 core_acc=5 o_scale=1 o_store=5
FIG8_ATTENTION_EVENT_COUNT mode=lut-exp qo_len=16 phase=measure iteration=10 events=16 max_events=12512 overflow=0
FIG8_ATTENTION_HOST_TIMING mode=lut-exp scna_width=0 qo_len=16 kv_len=4096 n_heads=12 n_kv_heads=2 head_dim=128 phase=measure iteration=11 host_elapsed_us=1366 ret=0
FIG8_ATTENTION_PROFILE_COUNT mode=lut-exp qo_len=16 phase=measure iteration=11 records=2 max_records=10
FIG8_ATTENTION_TIMERS mode=lut-exp phase=measure iteration=11 lut_exp=1 nonlinear_mode=0 scna_width=0 scna_exp=0 qo_len=16 kv_len=4096 n_heads=12 n_kv_heads=2 head_dim=128 kv_head=0 worker=0 profiled_total=501 q_load=4 k_load=154 v_load=155 qk_dot=6 safe_sm=170 core_acc=6 o_scale=1 o_store=5
FIG8_ATTENTION_TIMERS mode=lut-exp phase=measure iteration=11 lut_exp=1 nonlinear_mode=0 scna_width=0 scna_exp=0 qo_len=16 kv_len=4096 n_heads=12 n_kv_heads=2 head_dim=128 kv_head=1 worker=0 profiled_total=539 q_load=4 k_load=185 v_load=166 qk_dot=6 safe_sm=167 core_acc=5 o_scale=1 o_store=5
FIG8_ATTENTION_EVENT_COUNT mode=lut-exp qo_len=16 phase=measure iteration=11 events=16 max_events=12512 overflow=0
FIG8_ATTENTION_HOST_TIMING mode=lut-exp scna_width=0 qo_len=16 kv_len=4096 n_heads=12 n_kv_heads=2 head_dim=128 phase=measure iteration=12 host_elapsed_us=1367 ret=0
FIG8_ATTENTION_PROFILE_COUNT mode=lut-exp qo_len=16 phase=measure iteration=12 records=2 max_records=10
FIG8_ATTENTION_TIMERS mode=lut-exp phase=measure iteration=12 lut_exp=1 nonlinear_mode=0 scna_width=0 scna_exp=0 qo_len=16 kv_len=4096 n_heads=12 n_kv_heads=2 head_dim=128 kv_head=0 worker=0 profiled_total=502 q_load=4 k_load=169 v_load=142 qk_dot=6 safe_sm=169 core_acc=6 o_scale=1 o_store=5
FIG8_ATTENTION_TIMERS mode=lut-exp phase=measure iteration=12 lut_exp=1 nonlinear_mode=0 scna_width=0 scna_exp=0 qo_len=16 kv_len=4096 n_heads=12 n_kv_heads=2 head_dim=128 kv_head=1 worker=0 profiled_total=501 q_load=4 k_load=170 v_load=143 qk_dot=6 safe_sm=168 core_acc=5 o_scale=0 o_store=5
FIG8_ATTENTION_EVENT_COUNT mode=lut-exp qo_len=16 phase=measure iteration=12 events=16 max_events=12512 overflow=0
FIG8_ATTENTION_HOST_TIMING mode=lut-exp scna_width=0 qo_len=16 kv_len=4096 n_heads=12 n_kv_heads=2 head_dim=128 phase=measure iteration=13 host_elapsed_us=1360 ret=0
FIG8_ATTENTION_PROFILE_COUNT mode=lut-exp qo_len=16 phase=measure iteration=13 records=2 max_records=10
FIG8_ATTENTION_TIMERS mode=lut-exp phase=measure iteration=13 lut_exp=1 nonlinear_mode=0 scna_width=0 scna_exp=0 qo_len=16 kv_len=4096 n_heads=12 n_kv_heads=2 head_dim=128 kv_head=0 worker=0 profiled_total=493 q_load=4 k_load=151 v_load=149 qk_dot=6 safe_sm=171 core_acc=6 o_scale=1 o_store=5
FIG8_ATTENTION_TIMERS mode=lut-exp phase=measure iteration=13 lut_exp=1 nonlinear_mode=0 scna_width=0 scna_exp=0 qo_len=16 kv_len=4096 n_heads=12 n_kv_heads=2 head_dim=128 kv_head=1 worker=0 profiled_total=540 q_load=4 k_load=185 v_load=167 qk_dot=6 safe_sm=167 core_acc=5 o_scale=1 o_store=5
FIG8_ATTENTION_EVENT_COUNT mode=lut-exp qo_len=16 phase=measure iteration=13 events=16 max_events=12512 overflow=0
FIG8_ATTENTION_HOST_TIMING mode=lut-exp scna_width=0 qo_len=16 kv_len=4096 n_heads=12 n_kv_heads=2 head_dim=128 phase=measure iteration=14 host_elapsed_us=1383 ret=0
FIG8_ATTENTION_PROFILE_COUNT mode=lut-exp qo_len=16 phase=measure iteration=14 records=2 max_records=10
FIG8_ATTENTION_TIMERS mode=lut-exp phase=measure iteration=14 lut_exp=1 nonlinear_mode=0 scna_width=0 scna_exp=0 qo_len=16 kv_len=4096 n_heads=12 n_kv_heads=2 head_dim=128 kv_head=0 worker=0 profiled_total=506 q_load=4 k_load=153 v_load=160 qk_dot=6 safe_sm=171 core_acc=6 o_scale=1 o_store=5
FIG8_ATTENTION_TIMERS mode=lut-exp phase=measure iteration=14 lut_exp=1 nonlinear_mode=0 scna_width=0 scna_exp=0 qo_len=16 kv_len=4096 n_heads=12 n_kv_heads=2 head_dim=128 kv_head=1 worker=0 profiled_total=533 q_load=4 k_load=179 v_load=167 qk_dot=6 safe_sm=167 core_acc=5 o_scale=0 o_store=5
FIG8_ATTENTION_EVENT_COUNT mode=lut-exp qo_len=16 phase=measure iteration=14 events=16 max_events=12512 overflow=0
FIG8_ATTENTION_HOST_TIMING mode=lut-exp scna_width=0 qo_len=16 kv_len=4096 n_heads=12 n_kv_heads=2 head_dim=128 phase=measure iteration=15 host_elapsed_us=1313 ret=0
FIG8_ATTENTION_PROFILE_COUNT mode=lut-exp qo_len=16 phase=measure iteration=15 records=2 max_records=10
FIG8_ATTENTION_TIMERS mode=lut-exp phase=measure iteration=15 lut_exp=1 nonlinear_mode=0 scna_width=0 scna_exp=0 qo_len=16 kv_len=4096 n_heads=12 n_kv_heads=2 head_dim=128 kv_head=0 worker=0 profiled_total=492 q_load=4 k_load=152 v_load=148 qk_dot=6 safe_sm=170 core_acc=6 o_scale=1 o_store=5
FIG8_ATTENTION_TIMERS mode=lut-exp phase=measure iteration=15 lut_exp=1 nonlinear_mode=0 scna_width=0 scna_exp=0 qo_len=16 kv_len=4096 n_heads=12 n_kv_heads=2 head_dim=128 kv_head=1 worker=0 profiled_total=518 q_load=4 k_load=160 v_load=169 qk_dot=6 safe_sm=168 core_acc=5 o_scale=1 o_store=5
FIG8_ATTENTION_EVENT_COUNT mode=lut-exp qo_len=16 phase=measure iteration=15 events=16 max_events=12512 overflow=0
FIG8_ATTENTION_HOST_TIMING mode=lut-exp scna_width=0 qo_len=16 kv_len=4096 n_heads=12 n_kv_heads=2 head_dim=128 phase=measure iteration=16 host_elapsed_us=1341 ret=0
FIG8_ATTENTION_PROFILE_COUNT mode=lut-exp qo_len=16 phase=measure iteration=16 records=2 max_records=10
FIG8_ATTENTION_TIMERS mode=lut-exp phase=measure iteration=16 lut_exp=1 nonlinear_mode=0 scna_width=0 scna_exp=0 qo_len=16 kv_len=4096 n_heads=12 n_kv_heads=2 head_dim=128 kv_head=0 worker=0 profiled_total=512 q_load=3 k_load=154 v_load=166 qk_dot=6 safe_sm=171 core_acc=6 o_scale=1 o_store=5
FIG8_ATTENTION_TIMERS mode=lut-exp phase=measure iteration=16 lut_exp=1 nonlinear_mode=0 scna_width=0 scna_exp=0 qo_len=16 kv_len=4096 n_heads=12 n_kv_heads=2 head_dim=128 kv_head=1 worker=0 profiled_total=519 q_load=4 k_load=159 v_load=171 qk_dot=6 safe_sm=168 core_acc=5 o_scale=1 o_store=5
FIG8_ATTENTION_EVENT_COUNT mode=lut-exp qo_len=16 phase=measure iteration=16 events=16 max_events=12512 overflow=0
FIG8_ATTENTION_HOST_TIMING mode=lut-exp scna_width=0 qo_len=16 kv_len=4096 n_heads=12 n_kv_heads=2 head_dim=128 phase=measure iteration=17 host_elapsed_us=1456 ret=0
FIG8_ATTENTION_PROFILE_COUNT mode=lut-exp qo_len=16 phase=measure iteration=17 records=2 max_records=10
FIG8_ATTENTION_TIMERS mode=lut-exp phase=measure iteration=17 lut_exp=1 nonlinear_mode=0 scna_width=0 scna_exp=0 qo_len=16 kv_len=4096 n_heads=12 n_kv_heads=2 head_dim=128 kv_head=0 worker=0 profiled_total=562 q_load=4 k_load=187 v_load=171 qk_dot=6 safe_sm=182 core_acc=6 o_scale=1 o_store=5
FIG8_ATTENTION_TIMERS mode=lut-exp phase=measure iteration=17 lut_exp=1 nonlinear_mode=0 scna_width=0 scna_exp=0 qo_len=16 kv_len=4096 n_heads=12 n_kv_heads=2 head_dim=128 kv_head=1 worker=0 profiled_total=575 q_load=4 k_load=201 v_load=177 qk_dot=6 safe_sm=177 core_acc=5 o_scale=0 o_store=5
FIG8_ATTENTION_EVENT_COUNT mode=lut-exp qo_len=16 phase=measure iteration=17 events=16 max_events=12512 overflow=0
FIG8_ATTENTION_HOST_TIMING mode=lut-exp scna_width=0 qo_len=16 kv_len=4096 n_heads=12 n_kv_heads=2 head_dim=128 phase=measure iteration=18 host_elapsed_us=1413 ret=0
FIG8_ATTENTION_PROFILE_COUNT mode=lut-exp qo_len=16 phase=measure iteration=18 records=2 max_records=10
FIG8_ATTENTION_TIMERS mode=lut-exp phase=measure iteration=18 lut_exp=1 nonlinear_mode=0 scna_width=0 scna_exp=0 qo_len=16 kv_len=4096 n_heads=12 n_kv_heads=2 head_dim=128 kv_head=0 worker=0 profiled_total=559 q_load=4 k_load=185 v_load=170 qk_dot=6 safe_sm=182 core_acc=6 o_scale=1 o_store=5
FIG8_ATTENTION_TIMERS mode=lut-exp phase=measure iteration=18 lut_exp=1 nonlinear_mode=0 scna_width=0 scna_exp=0 qo_len=16 kv_len=4096 n_heads=12 n_kv_heads=2 head_dim=128 kv_head=1 worker=0 profiled_total=577 q_load=4 k_load=203 v_load=175 qk_dot=6 safe_sm=178 core_acc=5 o_scale=1 o_store=5
FIG8_ATTENTION_EVENT_COUNT mode=lut-exp qo_len=16 phase=measure iteration=18 events=16 max_events=12512 overflow=0
FIG8_ATTENTION_HOST_TIMING mode=lut-exp scna_width=0 qo_len=16 kv_len=4096 n_heads=12 n_kv_heads=2 head_dim=128 phase=measure iteration=19 host_elapsed_us=1521 ret=0
FIG8_ATTENTION_PROFILE_COUNT mode=lut-exp qo_len=16 phase=measure iteration=19 records=2 max_records=10
FIG8_ATTENTION_TIMERS mode=lut-exp phase=measure iteration=19 lut_exp=1 nonlinear_mode=0 scna_width=0 scna_exp=0 qo_len=16 kv_len=4096 n_heads=12 n_kv_heads=2 head_dim=128 kv_head=0 worker=0 profiled_total=564 q_load=4 k_load=188 v_load=172 qk_dot=6 safe_sm=182 core_acc=6 o_scale=1 o_store=5
FIG8_ATTENTION_TIMERS mode=lut-exp phase=measure iteration=19 lut_exp=1 nonlinear_mode=0 scna_width=0 scna_exp=0 qo_len=16 kv_len=4096 n_heads=12 n_kv_heads=2 head_dim=128 kv_head=1 worker=0 profiled_total=578 q_load=4 k_load=201 v_load=179 qk_dot=6 safe_sm=177 core_acc=5 o_scale=1 o_store=5
FIG8_ATTENTION_EVENT_COUNT mode=lut-exp qo_len=16 phase=measure iteration=19 events=16 max_events=12512 overflow=0
