FIG8_ATTENTION_CONFIG mode=scna-fp16 layout=serial variant=pair_static_d8 scna_width=8 seed=figure8_fixed mask_mode=full qo_len=8 kv_len=4096 kv_pad_len=4096 n_heads=12 n_kv_heads=2 head_dim=128 warmup=2 iters=3 q_size=49152 kv_size=2097152 mask_size=65536 profile_size=6272 profile_max_records=12 profile_max_events=0 mode_flags=68628 print_events=0 workers=1
FIG8_ATTENTION_HOST_TIMING mode=scna-fp16 layout=serial variant=pair_static_d8 workers=1 scna_width=8 seed=figure8_fixed mask_mode=full qo_len=8 kv_len=4096 n_heads=12 n_kv_heads=2 head_dim=128 phase=warmup iteration=0 host_elapsed_us=1515 ret=0
FIG8_ATTENTION_PROFILE_COUNT mode=scna-fp16 qo_len=8 phase=warmup iteration=0 records=4 max_records=12
FIG8_ATTENTION_WORKERS mode=scna-fp16 variant=pair_static_d8 qo_len=8 phase=warmup iteration=0 requested_workers=1 active_workers=1 hvx_contexts=6 vtcm_worker_cap=8 tasks=4 q_task_rows=4
FIG8_ATTENTION_TIMERS mode=scna-fp16 layout=serial phase=warmup iteration=0 lut_exp=0 scna_layout=0 scna_width=8 qo_len=4 kv_len=4096 n_heads=12 n_kv_heads=2 head_dim=128 kv_head=0 worker=0 profiled_total=301 q_load=2 k_load=87 v_load=86 qk_dot=3 safe_sm=113 scna_exp=71 param_prepare=0 core_acc=5 o_scale=2 o_store=3
FIG8_ATTENTION_TIMERS mode=scna-fp16 layout=serial phase=warmup iteration=0 lut_exp=0 scna_layout=0 scna_width=8 qo_len=4 kv_len=4096 n_heads=12 n_kv_heads=2 head_dim=128 kv_head=1 worker=0 profiled_total=290 q_load=2 k_load=81 v_load=94 qk_dot=2 safe_sm=104 scna_exp=68 param_prepare=0 core_acc=4 o_scale=1 o_store=2
FIG8_ATTENTION_TIMERS mode=scna-fp16 layout=serial phase=warmup iteration=0 lut_exp=0 scna_layout=0 scna_width=8 qo_len=4 kv_len=4096 n_heads=12 n_kv_heads=2 head_dim=128 kv_head=0 worker=0 profiled_total=261 q_load=1 k_load=68 v_load=90 qk_dot=1 safe_sm=92 scna_exp=60 param_prepare=0 core_acc=4 o_scale=2 o_store=3
FIG8_ATTENTION_TIMERS mode=scna-fp16 layout=serial phase=warmup iteration=0 lut_exp=0 scna_layout=0 scna_width=8 qo_len=4 kv_len=4096 n_heads=12 n_kv_heads=2 head_dim=128 kv_head=1 worker=0 profiled_total=255 q_load=1 k_load=67 v_load=90 qk_dot=2 safe_sm=90 scna_exp=60 param_prepare=0 core_acc=2 o_scale=1 o_store=2
FIG8_ATTENTION_EVENT_COUNT mode=scna-fp16 qo_len=8 phase=warmup iteration=0 events=0 max_events=0 overflow=0
FIG8_ATTENTION_CHECKSUM mode=scna-fp16 layout=serial scna_width=8 seed=figure8_fixed phase=warmup iteration=0 checksum=0xfb24b481c99a7577
FIG8_ATTENTION_HOST_TIMING mode=scna-fp16 layout=serial variant=pair_static_d8 workers=1 scna_width=8 seed=figure8_fixed mask_mode=full qo_len=8 kv_len=4096 n_heads=12 n_kv_heads=2 head_dim=128 phase=warmup iteration=1 host_elapsed_us=1355 ret=0
FIG8_ATTENTION_PROFILE_COUNT mode=scna-fp16 qo_len=8 phase=warmup iteration=1 records=4 max_records=12
FIG8_ATTENTION_WORKERS mode=scna-fp16 variant=pair_static_d8 qo_len=8 phase=warmup iteration=1 requested_workers=1 active_workers=1 hvx_contexts=6 vtcm_worker_cap=8 tasks=4 q_task_rows=4
FIG8_ATTENTION_TIMERS mode=scna-fp16 layout=serial phase=warmup iteration=1 lut_exp=0 scna_layout=0 scna_width=8 qo_len=4 kv_len=4096 n_heads=12 n_kv_heads=2 head_dim=128 kv_head=0 worker=1 profiled_total=253 q_load=1 k_load=68 v_load=86 qk_dot=1 safe_sm=91 scna_exp=61 param_prepare=0 core_acc=2 o_scale=2 o_store=2
FIG8_ATTENTION_TIMERS mode=scna-fp16 layout=serial phase=warmup iteration=1 lut_exp=0 scna_layout=0 scna_width=8 qo_len=4 kv_len=4096 n_heads=12 n_kv_heads=2 head_dim=128 kv_head=1 worker=1 profiled_total=254 q_load=1 k_load=70 v_load=88 qk_dot=1 safe_sm=89 scna_exp=60 param_prepare=0 core_acc=2 o_scale=1 o_store=2
FIG8_ATTENTION_TIMERS mode=scna-fp16 layout=serial phase=warmup iteration=1 lut_exp=0 scna_layout=0 scna_width=8 qo_len=4 kv_len=4096 n_heads=12 n_kv_heads=2 head_dim=128 kv_head=0 worker=1 profiled_total=260 q_load=1 k_load=69 v_load=85 qk_dot=2 safe_sm=94 scna_exp=62 param_prepare=0 core_acc=5 o_scale=2 o_store=2
FIG8_ATTENTION_TIMERS mode=scna-fp16 layout=serial phase=warmup iteration=1 lut_exp=0 scna_layout=0 scna_width=8 qo_len=4 kv_len=4096 n_heads=12 n_kv_heads=2 head_dim=128 kv_head=1 worker=1 profiled_total=248 q_load=1 k_load=69 v_load=85 qk_dot=1 safe_sm=88 scna_exp=59 param_prepare=0 core_acc=1 o_scale=1 o_store=2
FIG8_ATTENTION_EVENT_COUNT mode=scna-fp16 qo_len=8 phase=warmup iteration=1 events=0 max_events=0 overflow=0
FIG8_ATTENTION_CHECKSUM mode=scna-fp16 layout=serial scna_width=8 seed=figure8_fixed phase=warmup iteration=1 checksum=0xfb24b481c99a7577
FIG8_ATTENTION_HOST_TIMING mode=scna-fp16 layout=serial variant=pair_static_d8 workers=1 scna_width=8 seed=figure8_fixed mask_mode=full qo_len=8 kv_len=4096 n_heads=12 n_kv_heads=2 head_dim=128 phase=measure iteration=0 host_elapsed_us=1356 ret=0
FIG8_ATTENTION_PROFILE_COUNT mode=scna-fp16 qo_len=8 phase=measure iteration=0 records=4 max_records=12
FIG8_ATTENTION_WORKERS mode=scna-fp16 variant=pair_static_d8 qo_len=8 phase=measure iteration=0 requested_workers=1 active_workers=1 hvx_contexts=6 vtcm_worker_cap=8 tasks=4 q_task_rows=4
FIG8_ATTENTION_TIMERS mode=scna-fp16 layout=serial phase=measure iteration=0 lut_exp=0 scna_layout=0 scna_width=8 qo_len=4 kv_len=4096 n_heads=12 n_kv_heads=2 head_dim=128 kv_head=0 worker=2 profiled_total=257 q_load=1 k_load=68 v_load=90 qk_dot=1 safe_sm=91 scna_exp=61 param_prepare=0 core_acc=3 o_scale=2 o_store=1
FIG8_ATTENTION_TIMERS mode=scna-fp16 layout=serial phase=measure iteration=0 lut_exp=0 scna_layout=0 scna_width=8 qo_len=4 kv_len=4096 n_heads=12 n_kv_heads=2 head_dim=128 kv_head=1 worker=2 profiled_total=249 q_load=1 k_load=69 v_load=85 qk_dot=1 safe_sm=89 scna_exp=60 param_prepare=0 core_acc=1 o_scale=1 o_store=2
FIG8_ATTENTION_TIMERS mode=scna-fp16 layout=serial phase=measure iteration=0 lut_exp=0 scna_layout=0 scna_width=8 qo_len=4 kv_len=4096 n_heads=12 n_kv_heads=2 head_dim=128 kv_head=0 worker=2 profiled_total=252 q_load=1 k_load=68 v_load=85 qk_dot=1 safe_sm=91 scna_exp=61 param_prepare=0 core_acc=3 o_scale=2 o_store=1
FIG8_ATTENTION_TIMERS mode=scna-fp16 layout=serial phase=measure iteration=0 lut_exp=0 scna_layout=0 scna_width=8 qo_len=4 kv_len=4096 n_heads=12 n_kv_heads=2 head_dim=128 kv_head=1 worker=2 profiled_total=246 q_load=1 k_load=69 v_load=80 qk_dot=1 safe_sm=90 scna_exp=60 param_prepare=0 core_acc=2 o_scale=1 o_store=2
FIG8_ATTENTION_EVENT_COUNT mode=scna-fp16 qo_len=8 phase=measure iteration=0 events=0 max_events=0 overflow=0
FIG8_ATTENTION_CHECKSUM mode=scna-fp16 layout=serial scna_width=8 seed=figure8_fixed phase=measure iteration=0 checksum=0xfb24b481c99a7577
FIG8_ATTENTION_HOST_TIMING mode=scna-fp16 layout=serial variant=pair_static_d8 workers=1 scna_width=8 seed=figure8_fixed mask_mode=full qo_len=8 kv_len=4096 n_heads=12 n_kv_heads=2 head_dim=128 phase=measure iteration=1 host_elapsed_us=1364 ret=0
FIG8_ATTENTION_PROFILE_COUNT mode=scna-fp16 qo_len=8 phase=measure iteration=1 records=4 max_records=12
FIG8_ATTENTION_WORKERS mode=scna-fp16 variant=pair_static_d8 qo_len=8 phase=measure iteration=1 requested_workers=1 active_workers=1 hvx_contexts=6 vtcm_worker_cap=8 tasks=4 q_task_rows=4
FIG8_ATTENTION_TIMERS mode=scna-fp16 layout=serial phase=measure iteration=1 lut_exp=0 scna_layout=0 scna_width=8 qo_len=4 kv_len=4096 n_heads=12 n_kv_heads=2 head_dim=128 kv_head=0 worker=3 profiled_total=259 q_load=1 k_load=69 v_load=89 qk_dot=1 safe_sm=92 scna_exp=60 param_prepare=0 core_acc=3 o_scale=2 o_store=2
FIG8_ATTENTION_TIMERS mode=scna-fp16 layout=serial phase=measure iteration=1 lut_exp=0 scna_layout=0 scna_width=8 qo_len=4 kv_len=4096 n_heads=12 n_kv_heads=2 head_dim=128 kv_head=1 worker=3 profiled_total=243 q_load=1 k_load=68 v_load=80 qk_dot=1 safe_sm=89 scna_exp=60 param_prepare=0 core_acc=1 o_scale=1 o_store=2
FIG8_ATTENTION_TIMERS mode=scna-fp16 layout=serial phase=measure iteration=1 lut_exp=0 scna_layout=0 scna_width=8 qo_len=4 kv_len=4096 n_heads=12 n_kv_heads=2 head_dim=128 kv_head=0 worker=3 profiled_total=251 q_load=1 k_load=68 v_load=84 qk_dot=1 safe_sm=90 scna_exp=60 param_prepare=0 core_acc=3 o_scale=2 o_store=2
FIG8_ATTENTION_TIMERS mode=scna-fp16 layout=serial phase=measure iteration=1 lut_exp=0 scna_layout=0 scna_width=8 qo_len=4 kv_len=4096 n_heads=12 n_kv_heads=2 head_dim=128 kv_head=1 worker=3 profiled_total=244 q_load=1 k_load=69 v_load=75 qk_dot=1 safe_sm=92 scna_exp=61 param_prepare=0 core_acc=3 o_scale=1 o_store=2
FIG8_ATTENTION_EVENT_COUNT mode=scna-fp16 qo_len=8 phase=measure iteration=1 events=0 max_events=0 overflow=0
FIG8_ATTENTION_CHECKSUM mode=scna-fp16 layout=serial scna_width=8 seed=figure8_fixed phase=measure iteration=1 checksum=0xfb24b481c99a7577
FIG8_ATTENTION_HOST_TIMING mode=scna-fp16 layout=serial variant=pair_static_d8 workers=1 scna_width=8 seed=figure8_fixed mask_mode=full qo_len=8 kv_len=4096 n_heads=12 n_kv_heads=2 head_dim=128 phase=measure iteration=2 host_elapsed_us=1353 ret=0
FIG8_ATTENTION_PROFILE_COUNT mode=scna-fp16 qo_len=8 phase=measure iteration=2 records=4 max_records=12
FIG8_ATTENTION_WORKERS mode=scna-fp16 variant=pair_static_d8 qo_len=8 phase=measure iteration=2 requested_workers=1 active_workers=1 hvx_contexts=6 vtcm_worker_cap=8 tasks=4 q_task_rows=4
FIG8_ATTENTION_TIMERS mode=scna-fp16 layout=serial phase=measure iteration=2 lut_exp=0 scna_layout=0 scna_width=8 qo_len=4 kv_len=4096 n_heads=12 n_kv_heads=2 head_dim=128 kv_head=0 worker=4 profiled_total=257 q_load=1 k_load=68 v_load=89 qk_dot=1 safe_sm=92 scna_exp=60 param_prepare=0 core_acc=2 o_scale=2 o_store=2
FIG8_ATTENTION_TIMERS mode=scna-fp16 layout=serial phase=measure iteration=2 lut_exp=0 scna_layout=0 scna_width=8 qo_len=4 kv_len=4096 n_heads=12 n_kv_heads=2 head_dim=128 kv_head=1 worker=4 profiled_total=247 q_load=1 k_load=68 v_load=83 qk_dot=1 safe_sm=89 scna_exp=60 param_prepare=0 core_acc=2 o_scale=1 o_store=2
FIG8_ATTENTION_TIMERS mode=scna-fp16 layout=serial phase=measure iteration=2 lut_exp=0 scna_layout=0 scna_width=8 qo_len=4 kv_len=4096 n_heads=12 n_kv_heads=2 head_dim=128 kv_head=0 worker=4 profiled_total=251 q_load=1 k_load=67 v_load=85 qk_dot=1 safe_sm=90 scna_exp=61 param_prepare=0 core_acc=3 o_scale=2 o_store=2
FIG8_ATTENTION_TIMERS mode=scna-fp16 layout=serial phase=measure iteration=2 lut_exp=0 scna_layout=0 scna_width=8 qo_len=4 kv_len=4096 n_heads=12 n_kv_heads=2 head_dim=128 kv_head=1 worker=4 profiled_total=252 q_load=1 k_load=70 v_load=84 qk_dot=2 safe_sm=90 scna_exp=60 param_prepare=0 core_acc=2 o_scale=1 o_store=2
FIG8_ATTENTION_EVENT_COUNT mode=scna-fp16 qo_len=8 phase=measure iteration=2 events=0 max_events=0 overflow=0
FIG8_ATTENTION_CHECKSUM mode=scna-fp16 layout=serial scna_width=8 seed=figure8_fixed phase=measure iteration=2 checksum=0xfb24b481c99a7577
