NUMERIC_FIX_RUN revision=pre session=3 qo_len=4 mode=baseline leg=1 warmup=5 measured=15 temp_before_tenths_c=302
alloc_shared_mem_buf: buf=0x7217480000 fd=15 size=24576 flags=FASTRPC_MAP_FD
alloc_shared_mem_buf: buf=0x6f7b800000 fd=16 size=2097152 flags=FASTRPC_MAP_FD
alloc_shared_mem_buf: buf=0x6f7b600000 fd=17 size=2097152 flags=FASTRPC_MAP_FD
alloc_shared_mem_buf: buf=0x72173c3000 fd=18 size=24576 flags=FASTRPC_MAP_FD
alloc_shared_mem_buf: buf=0x72173bb000 fd=19 size=32768 flags=FASTRPC_MAP_FD
alloc_shared_mem_buf: buf=0x7213050000 fd=20 size=234240 flags=FASTRPC_MAP_FD
alloc_shared_mem_buf: buf=0x7217600000 fd=21 size=4096 flags=FASTRPC_MAP_FD
No-op channel request completed
FIG8_ATTENTION_CONFIG mode=baseline scna_function=exp2 scna_kernel=direct scna_pipeline=off mask_mode=full qo_len=4 kv_len=4096 n_heads=12 n_kv_heads=2 head_dim=128 warmup=5 iters=15 scna_width=16 q_size=24576 kv_size=2097152 mask_size=32768 profile_size=234240 profile_max_records=10 profile_max_events=3224 mode_flags=0 print_events=0
FIG8_ATTENTION_HOST_TIMING mode=baseline scna_function=exp2 scna_kernel=direct scna_pipeline=off scna_width=0 qo_len=4 kv_len=4096 n_heads=12 n_kv_heads=2 head_dim=128 phase=warmup iteration=0 host_elapsed_us=1055 ret=0
FIG8_ATTENTION_PROFILE_COUNT mode=baseline qo_len=4 phase=warmup iteration=0 records=2 max_records=10
FIG8_ATTENTION_TIMERS mode=baseline scna_function=0 scna_kernel=0 scna_pipeline=0 phase=warmup iteration=0 lut_exp=0 nonlinear_mode=0 scna_width=0 scna_exp=0 qo_len=4 kv_len=4096 n_heads=12 n_kv_heads=2 head_dim=128 kv_head=0 worker=0 profiled_total=346 q_load=2 k_load=73 v_load=163 qk_dot=3 safe_sm=98 core_acc=2 o_scale=2 o_store=3 kv_dma_issue=0 kv_dma_wait=0 kv_transform=0
FIG8_ATTENTION_TIMERS mode=baseline scna_function=0 scna_kernel=0 scna_pipeline=0 phase=warmup iteration=0 lut_exp=0 nonlinear_mode=0 scna_width=0 scna_exp=0 qo_len=4 kv_len=4096 n_heads=12 n_kv_heads=2 head_dim=128 kv_head=1 worker=0 profiled_total=347 q_load=1 k_load=74 v_load=173 qk_dot=2 safe_sm=94 core_acc=1 o_scale=1 o_store=1 kv_dma_issue=0 kv_dma_wait=0 kv_transform=0
FIG8_ATTENTION_EVENT_COUNT mode=baseline qo_len=4 phase=warmup iteration=0 events=16 max_events=3224 overflow=0
FIG8_ATTENTION_HOST_TIMING mode=baseline scna_function=exp2 scna_kernel=direct scna_pipeline=off scna_width=0 qo_len=4 kv_len=4096 n_heads=12 n_kv_heads=2 head_dim=128 phase=warmup iteration=1 host_elapsed_us=1164 ret=0
FIG8_ATTENTION_PROFILE_COUNT mode=baseline qo_len=4 phase=warmup iteration=1 records=2 max_records=10
FIG8_ATTENTION_TIMERS mode=baseline scna_function=0 scna_kernel=0 scna_pipeline=0 phase=warmup iteration=1 lut_exp=0 nonlinear_mode=0 scna_width=0 scna_exp=0 qo_len=4 kv_len=4096 n_heads=12 n_kv_heads=2 head_dim=128 kv_head=0 worker=0 profiled_total=416 q_load=2 k_load=157 v_load=166 qk_dot=2 safe_sm=85 core_acc=1 o_scale=1 o_store=2 kv_dma_issue=0 kv_dma_wait=0 kv_transform=0
FIG8_ATTENTION_TIMERS mode=baseline scna_function=0 scna_kernel=0 scna_pipeline=0 phase=warmup iteration=1 lut_exp=0 nonlinear_mode=0 scna_width=0 scna_exp=0 qo_len=4 kv_len=4096 n_heads=12 n_kv_heads=2 head_dim=128 kv_head=1 worker=0 profiled_total=411 q_load=1 k_load=152 v_load=171 qk_dot=2 safe_sm=82 core_acc=1 o_scale=1 o_store=1 kv_dma_issue=0 kv_dma_wait=0 kv_transform=0
FIG8_ATTENTION_EVENT_COUNT mode=baseline qo_len=4 phase=warmup iteration=1 events=16 max_events=3224 overflow=0
FIG8_ATTENTION_HOST_TIMING mode=baseline scna_function=exp2 scna_kernel=direct scna_pipeline=off scna_width=0 qo_len=4 kv_len=4096 n_heads=12 n_kv_heads=2 head_dim=128 phase=warmup iteration=2 host_elapsed_us=1164 ret=0
FIG8_ATTENTION_PROFILE_COUNT mode=baseline qo_len=4 phase=warmup iteration=2 records=2 max_records=10
FIG8_ATTENTION_TIMERS mode=baseline scna_function=0 scna_kernel=0 scna_pipeline=0 phase=warmup iteration=2 lut_exp=0 nonlinear_mode=0 scna_width=0 scna_exp=0 qo_len=4 kv_len=4096 n_heads=12 n_kv_heads=2 head_dim=128 kv_head=0 worker=0 profiled_total=407 q_load=1 k_load=160 v_load=158 qk_dot=2 safe_sm=82 core_acc=1 o_scale=1 o_store=2 kv_dma_issue=0 kv_dma_wait=0 kv_transform=0
FIG8_ATTENTION_TIMERS mode=baseline scna_function=0 scna_kernel=0 scna_pipeline=0 phase=warmup iteration=2 lut_exp=0 nonlinear_mode=0 scna_width=0 scna_exp=0 qo_len=4 kv_len=4096 n_heads=12 n_kv_heads=2 head_dim=128 kv_head=1 worker=0 profiled_total=446 q_load=1 k_load=181 v_load=176 qk_dot=2 safe_sm=83 core_acc=1 o_scale=1 o_store=1 kv_dma_issue=0 kv_dma_wait=0 kv_transform=0
FIG8_ATTENTION_EVENT_COUNT mode=baseline qo_len=4 phase=warmup iteration=2 events=16 max_events=3224 overflow=0
FIG8_ATTENTION_HOST_TIMING mode=baseline scna_function=exp2 scna_kernel=direct scna_pipeline=off scna_width=0 qo_len=4 kv_len=4096 n_heads=12 n_kv_heads=2 head_dim=128 phase=warmup iteration=3 host_elapsed_us=1165 ret=0
FIG8_ATTENTION_PROFILE_COUNT mode=baseline qo_len=4 phase=warmup iteration=3 records=2 max_records=10
FIG8_ATTENTION_TIMERS mode=baseline scna_function=0 scna_kernel=0 scna_pipeline=0 phase=warmup iteration=3 lut_exp=0 nonlinear_mode=0 scna_width=0 scna_exp=0 qo_len=4 kv_len=4096 n_heads=12 n_kv_heads=2 head_dim=128 kv_head=0 worker=0 profiled_total=422 q_load=1 k_load=162 v_load=170 qk_dot=2 safe_sm=83 core_acc=1 o_scale=1 o_store=2 kv_dma_issue=0 kv_dma_wait=0 kv_transform=0
FIG8_ATTENTION_TIMERS mode=baseline scna_function=0 scna_kernel=0 scna_pipeline=0 phase=warmup iteration=3 lut_exp=0 nonlinear_mode=0 scna_width=0 scna_exp=0 qo_len=4 kv_len=4096 n_heads=12 n_kv_heads=2 head_dim=128 kv_head=1 worker=0 profiled_total=443 q_load=1 k_load=175 v_load=181 qk_dot=2 safe_sm=81 core_acc=1 o_scale=1 o_store=1 kv_dma_issue=0 kv_dma_wait=0 kv_transform=0
FIG8_ATTENTION_EVENT_COUNT mode=baseline qo_len=4 phase=warmup iteration=3 events=16 max_events=3224 overflow=0
FIG8_ATTENTION_HOST_TIMING mode=baseline scna_function=exp2 scna_kernel=direct scna_pipeline=off scna_width=0 qo_len=4 kv_len=4096 n_heads=12 n_kv_heads=2 head_dim=128 phase=warmup iteration=4 host_elapsed_us=1162 ret=0
FIG8_ATTENTION_PROFILE_COUNT mode=baseline qo_len=4 phase=warmup iteration=4 records=2 max_records=10
FIG8_ATTENTION_TIMERS mode=baseline scna_function=0 scna_kernel=0 scna_pipeline=0 phase=warmup iteration=4 lut_exp=0 nonlinear_mode=0 scna_width=0 scna_exp=0 qo_len=4 kv_len=4096 n_heads=12 n_kv_heads=2 head_dim=128 kv_head=0 worker=0 profiled_total=403 q_load=1 k_load=158 v_load=156 qk_dot=2 safe_sm=82 core_acc=1 o_scale=1 o_store=2 kv_dma_issue=0 kv_dma_wait=0 kv_transform=0
FIG8_ATTENTION_TIMERS mode=baseline scna_function=0 scna_kernel=0 scna_pipeline=0 phase=warmup iteration=4 lut_exp=0 nonlinear_mode=0 scna_width=0 scna_exp=0 qo_len=4 kv_len=4096 n_heads=12 n_kv_heads=2 head_dim=128 kv_head=1 worker=0 profiled_total=441 q_load=1 k_load=179 v_load=176 qk_dot=2 safe_sm=81 core_acc=0 o_scale=1 o_store=1 kv_dma_issue=0 kv_dma_wait=0 kv_transform=0
FIG8_ATTENTION_EVENT_COUNT mode=baseline qo_len=4 phase=warmup iteration=4 events=16 max_events=3224 overflow=0
FIG8_ATTENTION_HOST_TIMING mode=baseline scna_function=exp2 scna_kernel=direct scna_pipeline=off scna_width=0 qo_len=4 kv_len=4096 n_heads=12 n_kv_heads=2 head_dim=128 phase=measure iteration=0 host_elapsed_us=1163 ret=0
FIG8_ATTENTION_PROFILE_COUNT mode=baseline qo_len=4 phase=measure iteration=0 records=2 max_records=10
FIG8_ATTENTION_TIMERS mode=baseline scna_function=0 scna_kernel=0 scna_pipeline=0 phase=measure iteration=0 lut_exp=0 nonlinear_mode=0 scna_width=0 scna_exp=0 qo_len=4 kv_len=4096 n_heads=12 n_kv_heads=2 head_dim=128 kv_head=0 worker=0 profiled_total=421 q_load=1 k_load=162 v_load=169 qk_dot=2 safe_sm=83 core_acc=1 o_scale=1 o_store=2 kv_dma_issue=0 kv_dma_wait=0 kv_transform=0
FIG8_ATTENTION_TIMERS mode=baseline scna_function=0 scna_kernel=0 scna_pipeline=0 phase=measure iteration=0 lut_exp=0 nonlinear_mode=0 scna_width=0 scna_exp=0 qo_len=4 kv_len=4096 n_heads=12 n_kv_heads=2 head_dim=128 kv_head=1 worker=0 profiled_total=409 q_load=1 k_load=152 v_load=170 qk_dot=2 safe_sm=82 core_acc=0 o_scale=1 o_store=1 kv_dma_issue=0 kv_dma_wait=0 kv_transform=0
FIG8_ATTENTION_EVENT_COUNT mode=baseline qo_len=4 phase=measure iteration=0 events=16 max_events=3224 overflow=0
FIG8_ATTENTION_HOST_TIMING mode=baseline scna_function=exp2 scna_kernel=direct scna_pipeline=off scna_width=0 qo_len=4 kv_len=4096 n_heads=12 n_kv_heads=2 head_dim=128 phase=measure iteration=1 host_elapsed_us=1146 ret=0
FIG8_ATTENTION_PROFILE_COUNT mode=baseline qo_len=4 phase=measure iteration=1 records=2 max_records=10
FIG8_ATTENTION_TIMERS mode=baseline scna_function=0 scna_kernel=0 scna_pipeline=0 phase=measure iteration=1 lut_exp=0 nonlinear_mode=0 scna_width=0 scna_exp=0 qo_len=4 kv_len=4096 n_heads=12 n_kv_heads=2 head_dim=128 kv_head=0 worker=0 profiled_total=390 q_load=1 k_load=163 v_load=139 qk_dot=2 safe_sm=81 core_acc=1 o_scale=1 o_store=2 kv_dma_issue=0 kv_dma_wait=0 kv_transform=0
FIG8_ATTENTION_TIMERS mode=baseline scna_function=0 scna_kernel=0 scna_pipeline=0 phase=measure iteration=1 lut_exp=0 nonlinear_mode=0 scna_width=0 scna_exp=0 qo_len=4 kv_len=4096 n_heads=12 n_kv_heads=2 head_dim=128 kv_head=1 worker=0 profiled_total=438 q_load=1 k_load=178 v_load=172 qk_dot=2 safe_sm=81 core_acc=1 o_scale=1 o_store=2 kv_dma_issue=0 kv_dma_wait=0 kv_transform=0
FIG8_ATTENTION_EVENT_COUNT mode=baseline qo_len=4 phase=measure iteration=1 events=16 max_events=3224 overflow=0
FIG8_ATTENTION_HOST_TIMING mode=baseline scna_function=exp2 scna_kernel=direct scna_pipeline=off scna_width=0 qo_len=4 kv_len=4096 n_heads=12 n_kv_heads=2 head_dim=128 phase=measure iteration=2 host_elapsed_us=1169 ret=0
FIG8_ATTENTION_PROFILE_COUNT mode=baseline qo_len=4 phase=measure iteration=2 records=2 max_records=10
FIG8_ATTENTION_TIMERS mode=baseline scna_function=0 scna_kernel=0 scna_pipeline=0 phase=measure iteration=2 lut_exp=0 nonlinear_mode=0 scna_width=0 scna_exp=0 qo_len=4 kv_len=4096 n_heads=12 n_kv_heads=2 head_dim=128 kv_head=0 worker=0 profiled_total=415 q_load=1 k_load=158 v_load=168 qk_dot=2 safe_sm=82 core_acc=1 o_scale=1 o_store=2 kv_dma_issue=0 kv_dma_wait=0 kv_transform=0
FIG8_ATTENTION_TIMERS mode=baseline scna_function=0 scna_kernel=0 scna_pipeline=0 phase=measure iteration=2 lut_exp=0 nonlinear_mode=0 scna_width=0 scna_exp=0 qo_len=4 kv_len=4096 n_heads=12 n_kv_heads=2 head_dim=128 kv_head=1 worker=0 profiled_total=423 q_load=1 k_load=165 v_load=169 qk_dot=2 safe_sm=83 core_acc=1 o_scale=1 o_store=1 kv_dma_issue=0 kv_dma_wait=0 kv_transform=0
FIG8_ATTENTION_EVENT_COUNT mode=baseline qo_len=4 phase=measure iteration=2 events=16 max_events=3224 overflow=0
FIG8_ATTENTION_HOST_TIMING mode=baseline scna_function=exp2 scna_kernel=direct scna_pipeline=off scna_width=0 qo_len=4 kv_len=4096 n_heads=12 n_kv_heads=2 head_dim=128 phase=measure iteration=3 host_elapsed_us=1163 ret=0
FIG8_ATTENTION_PROFILE_COUNT mode=baseline qo_len=4 phase=measure iteration=3 records=2 max_records=10
FIG8_ATTENTION_TIMERS mode=baseline scna_function=0 scna_kernel=0 scna_pipeline=0 phase=measure iteration=3 lut_exp=0 nonlinear_mode=0 scna_width=0 scna_exp=0 qo_len=4 kv_len=4096 n_heads=12 n_kv_heads=2 head_dim=128 kv_head=0 worker=0 profiled_total=418 q_load=1 k_load=161 v_load=169 qk_dot=2 safe_sm=81 core_acc=1 o_scale=1 o_store=2 kv_dma_issue=0 kv_dma_wait=0 kv_transform=0
FIG8_ATTENTION_TIMERS mode=baseline scna_function=0 scna_kernel=0 scna_pipeline=0 phase=measure iteration=3 lut_exp=0 nonlinear_mode=0 scna_width=0 scna_exp=0 qo_len=4 kv_len=4096 n_heads=12 n_kv_heads=2 head_dim=128 kv_head=1 worker=0 profiled_total=426 q_load=1 k_load=167 v_load=173 qk_dot=2 safe_sm=81 core_acc=0 o_scale=1 o_store=1 kv_dma_issue=0 kv_dma_wait=0 kv_transform=0
FIG8_ATTENTION_EVENT_COUNT mode=baseline qo_len=4 phase=measure iteration=3 events=16 max_events=3224 overflow=0
FIG8_ATTENTION_HOST_TIMING mode=baseline scna_function=exp2 scna_kernel=direct scna_pipeline=off scna_width=0 qo_len=4 kv_len=4096 n_heads=12 n_kv_heads=2 head_dim=128 phase=measure iteration=4 host_elapsed_us=1164 ret=0
FIG8_ATTENTION_PROFILE_COUNT mode=baseline qo_len=4 phase=measure iteration=4 records=2 max_records=10
FIG8_ATTENTION_TIMERS mode=baseline scna_function=0 scna_kernel=0 scna_pipeline=0 phase=measure iteration=4 lut_exp=0 nonlinear_mode=0 scna_width=0 scna_exp=0 qo_len=4 kv_len=4096 n_heads=12 n_kv_heads=2 head_dim=128 kv_head=0 worker=0 profiled_total=415 q_load=1 k_load=162 v_load=161 qk_dot=3 safe_sm=84 core_acc=1 o_scale=1 o_store=2 kv_dma_issue=0 kv_dma_wait=0 kv_transform=0
FIG8_ATTENTION_TIMERS mode=baseline scna_function=0 scna_kernel=0 scna_pipeline=0 phase=measure iteration=4 lut_exp=0 nonlinear_mode=0 scna_width=0 scna_exp=0 qo_len=4 kv_len=4096 n_heads=12 n_kv_heads=2 head_dim=128 kv_head=1 worker=0 profiled_total=414 q_load=1 k_load=160 v_load=166 qk_dot=2 safe_sm=82 core_acc=1 o_scale=1 o_store=1 kv_dma_issue=0 kv_dma_wait=0 kv_transform=0
FIG8_ATTENTION_EVENT_COUNT mode=baseline qo_len=4 phase=measure iteration=4 events=16 max_events=3224 overflow=0
FIG8_ATTENTION_HOST_TIMING mode=baseline scna_function=exp2 scna_kernel=direct scna_pipeline=off scna_width=0 qo_len=4 kv_len=4096 n_heads=12 n_kv_heads=2 head_dim=128 phase=measure iteration=5 host_elapsed_us=1161 ret=0
FIG8_ATTENTION_PROFILE_COUNT mode=baseline qo_len=4 phase=measure iteration=5 records=2 max_records=10
FIG8_ATTENTION_TIMERS mode=baseline scna_function=0 scna_kernel=0 scna_pipeline=0 phase=measure iteration=5 lut_exp=0 nonlinear_mode=0 scna_width=0 scna_exp=0 qo_len=4 kv_len=4096 n_heads=12 n_kv_heads=2 head_dim=128 kv_head=0 worker=0 profiled_total=406 q_load=1 k_load=165 v_load=152 qk_dot=2 safe_sm=82 core_acc=1 o_scale=1 o_store=2 kv_dma_issue=0 kv_dma_wait=0 kv_transform=0
FIG8_ATTENTION_TIMERS mode=baseline scna_function=0 scna_kernel=0 scna_pipeline=0 phase=measure iteration=5 lut_exp=0 nonlinear_mode=0 scna_width=0 scna_exp=0 qo_len=4 kv_len=4096 n_heads=12 n_kv_heads=2 head_dim=128 kv_head=1 worker=0 profiled_total=440 q_load=1 k_load=181 v_load=173 qk_dot=2 safe_sm=81 core_acc=0 o_scale=1 o_store=1 kv_dma_issue=0 kv_dma_wait=0 kv_transform=0
FIG8_ATTENTION_EVENT_COUNT mode=baseline qo_len=4 phase=measure iteration=5 events=16 max_events=3224 overflow=0
FIG8_ATTENTION_HOST_TIMING mode=baseline scna_function=exp2 scna_kernel=direct scna_pipeline=off scna_width=0 qo_len=4 kv_len=4096 n_heads=12 n_kv_heads=2 head_dim=128 phase=measure iteration=6 host_elapsed_us=1163 ret=0
FIG8_ATTENTION_PROFILE_COUNT mode=baseline qo_len=4 phase=measure iteration=6 records=2 max_records=10
FIG8_ATTENTION_TIMERS mode=baseline scna_function=0 scna_kernel=0 scna_pipeline=0 phase=measure iteration=6 lut_exp=0 nonlinear_mode=0 scna_width=0 scna_exp=0 qo_len=4 kv_len=4096 n_heads=12 n_kv_heads=2 head_dim=128 kv_head=0 worker=0 profiled_total=384 q_load=1 k_load=152 v_load=141 qk_dot=2 safe_sm=84 core_acc=1 o_scale=1 o_store=2 kv_dma_issue=0 kv_dma_wait=0 kv_transform=0
FIG8_ATTENTION_TIMERS mode=baseline scna_function=0 scna_kernel=0 scna_pipeline=0 phase=measure iteration=6 lut_exp=0 nonlinear_mode=0 scna_width=0 scna_exp=0 qo_len=4 kv_len=4096 n_heads=12 n_kv_heads=2 head_dim=128 kv_head=1 worker=0 profiled_total=428 q_load=1 k_load=175 v_load=165 qk_dot=2 safe_sm=82 core_acc=0 o_scale=1 o_store=2 kv_dma_issue=0 kv_dma_wait=0 kv_transform=0
FIG8_ATTENTION_EVENT_COUNT mode=baseline qo_len=4 phase=measure iteration=6 events=16 max_events=3224 overflow=0
FIG8_ATTENTION_HOST_TIMING mode=baseline scna_function=exp2 scna_kernel=direct scna_pipeline=off scna_width=0 qo_len=4 kv_len=4096 n_heads=12 n_kv_heads=2 head_dim=128 phase=measure iteration=7 host_elapsed_us=1061 ret=0
FIG8_ATTENTION_PROFILE_COUNT mode=baseline qo_len=4 phase=measure iteration=7 records=2 max_records=10
FIG8_ATTENTION_TIMERS mode=baseline scna_function=0 scna_kernel=0 scna_pipeline=0 phase=measure iteration=7 lut_exp=0 nonlinear_mode=0 scna_width=0 scna_exp=0 qo_len=4 kv_len=4096 n_heads=12 n_kv_heads=2 head_dim=128 kv_head=0 worker=0 profiled_total=433 q_load=1 k_load=164 v_load=164 qk_dot=3 safe_sm=97 core_acc=1 o_scale=1 o_store=2 kv_dma_issue=0 kv_dma_wait=0 kv_transform=0
FIG8_ATTENTION_TIMERS mode=baseline scna_function=0 scna_kernel=0 scna_pipeline=0 phase=measure iteration=7 lut_exp=0 nonlinear_mode=0 scna_width=0 scna_exp=0 qo_len=4 kv_len=4096 n_heads=12 n_kv_heads=2 head_dim=128 kv_head=1 worker=0 profiled_total=346 q_load=1 k_load=71 v_load=168 qk_dot=2 safe_sm=102 core_acc=0 o_scale=1 o_store=1 kv_dma_issue=0 kv_dma_wait=0 kv_transform=0
FIG8_ATTENTION_EVENT_COUNT mode=baseline qo_len=4 phase=measure iteration=7 events=16 max_events=3224 overflow=0
FIG8_ATTENTION_HOST_TIMING mode=baseline scna_function=exp2 scna_kernel=direct scna_pipeline=off scna_width=0 qo_len=4 kv_len=4096 n_heads=12 n_kv_heads=2 head_dim=128 phase=measure iteration=8 host_elapsed_us=956 ret=0
FIG8_ATTENTION_PROFILE_COUNT mode=baseline qo_len=4 phase=measure iteration=8 records=2 max_records=10
FIG8_ATTENTION_TIMERS mode=baseline scna_function=0 scna_kernel=0 scna_pipeline=0 phase=measure iteration=8 lut_exp=0 nonlinear_mode=0 scna_width=0 scna_exp=0 qo_len=4 kv_len=4096 n_heads=12 n_kv_heads=2 head_dim=128 kv_head=0 worker=0 profiled_total=342 q_load=1 k_load=71 v_load=163 qk_dot=2 safe_sm=101 core_acc=1 o_scale=1 o_store=2 kv_dma_issue=0 kv_dma_wait=0 kv_transform=0
FIG8_ATTENTION_TIMERS mode=baseline scna_function=0 scna_kernel=0 scna_pipeline=0 phase=measure iteration=8 lut_exp=0 nonlinear_mode=0 scna_width=0 scna_exp=0 qo_len=4 kv_len=4096 n_heads=12 n_kv_heads=2 head_dim=128 kv_head=1 worker=0 profiled_total=343 q_load=1 k_load=71 v_load=164 qk_dot=2 safe_sm=102 core_acc=1 o_scale=1 o_store=1 kv_dma_issue=0 kv_dma_wait=0 kv_transform=0
FIG8_ATTENTION_EVENT_COUNT mode=baseline qo_len=4 phase=measure iteration=8 events=16 max_events=3224 overflow=0
FIG8_ATTENTION_HOST_TIMING mode=baseline scna_function=exp2 scna_kernel=direct scna_pipeline=off scna_width=0 qo_len=4 kv_len=4096 n_heads=12 n_kv_heads=2 head_dim=128 phase=measure iteration=9 host_elapsed_us=930 ret=0
FIG8_ATTENTION_PROFILE_COUNT mode=baseline qo_len=4 phase=measure iteration=9 records=2 max_records=10
FIG8_ATTENTION_TIMERS mode=baseline scna_function=0 scna_kernel=0 scna_pipeline=0 phase=measure iteration=9 lut_exp=0 nonlinear_mode=0 scna_width=0 scna_exp=0 qo_len=4 kv_len=4096 n_heads=12 n_kv_heads=2 head_dim=128 kv_head=0 worker=0 profiled_total=339 q_load=1 k_load=70 v_load=163 qk_dot=2 safe_sm=99 core_acc=1 o_scale=1 o_store=2 kv_dma_issue=0 kv_dma_wait=0 kv_transform=0
FIG8_ATTENTION_TIMERS mode=baseline scna_function=0 scna_kernel=0 scna_pipeline=0 phase=measure iteration=9 lut_exp=0 nonlinear_mode=0 scna_width=0 scna_exp=0 qo_len=4 kv_len=4096 n_heads=12 n_kv_heads=2 head_dim=128 kv_head=1 worker=0 profiled_total=338 q_load=1 k_load=70 v_load=163 qk_dot=2 safe_sm=99 core_acc=1 o_scale=1 o_store=1 kv_dma_issue=0 kv_dma_wait=0 kv_transform=0
FIG8_ATTENTION_EVENT_COUNT mode=baseline qo_len=4 phase=measure iteration=9 events=16 max_events=3224 overflow=0
FIG8_ATTENTION_HOST_TIMING mode=baseline scna_function=exp2 scna_kernel=direct scna_pipeline=off scna_width=0 qo_len=4 kv_len=4096 n_heads=12 n_kv_heads=2 head_dim=128 phase=measure iteration=10 host_elapsed_us=938 ret=0
FIG8_ATTENTION_PROFILE_COUNT mode=baseline qo_len=4 phase=measure iteration=10 records=2 max_records=10
FIG8_ATTENTION_TIMERS mode=baseline scna_function=0 scna_kernel=0 scna_pipeline=0 phase=measure iteration=10 lut_exp=0 nonlinear_mode=0 scna_width=0 scna_exp=0 qo_len=4 kv_len=4096 n_heads=12 n_kv_heads=2 head_dim=128 kv_head=0 worker=0 profiled_total=340 q_load=1 k_load=70 v_load=164 qk_dot=2 safe_sm=100 core_acc=1 o_scale=1 o_store=1 kv_dma_issue=0 kv_dma_wait=0 kv_transform=0
FIG8_ATTENTION_TIMERS mode=baseline scna_function=0 scna_kernel=0 scna_pipeline=0 phase=measure iteration=10 lut_exp=0 nonlinear_mode=0 scna_width=0 scna_exp=0 qo_len=4 kv_len=4096 n_heads=12 n_kv_heads=2 head_dim=128 kv_head=1 worker=0 profiled_total=340 q_load=1 k_load=70 v_load=163 qk_dot=2 safe_sm=101 core_acc=1 o_scale=1 o_store=1 kv_dma_issue=0 kv_dma_wait=0 kv_transform=0
FIG8_ATTENTION_EVENT_COUNT mode=baseline qo_len=4 phase=measure iteration=10 events=16 max_events=3224 overflow=0
FIG8_ATTENTION_HOST_TIMING mode=baseline scna_function=exp2 scna_kernel=direct scna_pipeline=off scna_width=0 qo_len=4 kv_len=4096 n_heads=12 n_kv_heads=2 head_dim=128 phase=measure iteration=11 host_elapsed_us=996 ret=0
FIG8_ATTENTION_PROFILE_COUNT mode=baseline qo_len=4 phase=measure iteration=11 records=2 max_records=10
FIG8_ATTENTION_TIMERS mode=baseline scna_function=0 scna_kernel=0 scna_pipeline=0 phase=measure iteration=11 lut_exp=0 nonlinear_mode=0 scna_width=0 scna_exp=0 qo_len=4 kv_len=4096 n_heads=12 n_kv_heads=2 head_dim=128 kv_head=0 worker=0 profiled_total=340 q_load=1 k_load=70 v_load=163 qk_dot=2 safe_sm=101 core_acc=1 o_scale=1 o_store=1 kv_dma_issue=0 kv_dma_wait=0 kv_transform=0
FIG8_ATTENTION_TIMERS mode=baseline scna_function=0 scna_kernel=0 scna_pipeline=0 phase=measure iteration=11 lut_exp=0 nonlinear_mode=0 scna_width=0 scna_exp=0 qo_len=4 kv_len=4096 n_heads=12 n_kv_heads=2 head_dim=128 kv_head=1 worker=0 profiled_total=341 q_load=1 k_load=70 v_load=165 qk_dot=2 safe_sm=100 core_acc=1 o_scale=1 o_store=1 kv_dma_issue=0 kv_dma_wait=0 kv_transform=0
FIG8_ATTENTION_EVENT_COUNT mode=baseline qo_len=4 phase=measure iteration=11 events=16 max_events=3224 overflow=0
FIG8_ATTENTION_HOST_TIMING mode=baseline scna_function=exp2 scna_kernel=direct scna_pipeline=off scna_width=0 qo_len=4 kv_len=4096 n_heads=12 n_kv_heads=2 head_dim=128 phase=measure iteration=12 host_elapsed_us=966 ret=0
FIG8_ATTENTION_PROFILE_COUNT mode=baseline qo_len=4 phase=measure iteration=12 records=2 max_records=10
FIG8_ATTENTION_TIMERS mode=baseline scna_function=0 scna_kernel=0 scna_pipeline=0 phase=measure iteration=12 lut_exp=0 nonlinear_mode=0 scna_width=0 scna_exp=0 qo_len=4 kv_len=4096 n_heads=12 n_kv_heads=2 head_dim=128 kv_head=0 worker=0 profiled_total=341 q_load=1 k_load=70 v_load=164 qk_dot=2 safe_sm=101 core_acc=1 o_scale=1 o_store=1 kv_dma_issue=0 kv_dma_wait=0 kv_transform=0
FIG8_ATTENTION_TIMERS mode=baseline scna_function=0 scna_kernel=0 scna_pipeline=0 phase=measure iteration=12 lut_exp=0 nonlinear_mode=0 scna_width=0 scna_exp=0 qo_len=4 kv_len=4096 n_heads=12 n_kv_heads=2 head_dim=128 kv_head=1 worker=0 profiled_total=338 q_load=1 k_load=70 v_load=164 qk_dot=2 safe_sm=98 core_acc=1 o_scale=1 o_store=1 kv_dma_issue=0 kv_dma_wait=0 kv_transform=0
FIG8_ATTENTION_EVENT_COUNT mode=baseline qo_len=4 phase=measure iteration=12 events=16 max_events=3224 overflow=0
FIG8_ATTENTION_HOST_TIMING mode=baseline scna_function=exp2 scna_kernel=direct scna_pipeline=off scna_width=0 qo_len=4 kv_len=4096 n_heads=12 n_kv_heads=2 head_dim=128 phase=measure iteration=13 host_elapsed_us=923 ret=0
FIG8_ATTENTION_PROFILE_COUNT mode=baseline qo_len=4 phase=measure iteration=13 records=2 max_records=10
FIG8_ATTENTION_TIMERS mode=baseline scna_function=0 scna_kernel=0 scna_pipeline=0 phase=measure iteration=13 lut_exp=0 nonlinear_mode=0 scna_width=0 scna_exp=0 qo_len=4 kv_len=4096 n_heads=12 n_kv_heads=2 head_dim=128 kv_head=0 worker=0 profiled_total=339 q_load=1 k_load=69 v_load=163 qk_dot=2 safe_sm=100 core_acc=1 o_scale=1 o_store=2 kv_dma_issue=0 kv_dma_wait=0 kv_transform=0
FIG8_ATTENTION_TIMERS mode=baseline scna_function=0 scna_kernel=0 scna_pipeline=0 phase=measure iteration=13 lut_exp=0 nonlinear_mode=0 scna_width=0 scna_exp=0 qo_len=4 kv_len=4096 n_heads=12 n_kv_heads=2 head_dim=128 kv_head=1 worker=0 profiled_total=338 q_load=1 k_load=70 v_load=164 qk_dot=2 safe_sm=98 core_acc=1 o_scale=1 o_store=1 kv_dma_issue=0 kv_dma_wait=0 kv_transform=0
FIG8_ATTENTION_EVENT_COUNT mode=baseline qo_len=4 phase=measure iteration=13 events=16 max_events=3224 overflow=0
FIG8_ATTENTION_HOST_TIMING mode=baseline scna_function=exp2 scna_kernel=direct scna_pipeline=off scna_width=0 qo_len=4 kv_len=4096 n_heads=12 n_kv_heads=2 head_dim=128 phase=measure iteration=14 host_elapsed_us=938 ret=0
FIG8_ATTENTION_PROFILE_COUNT mode=baseline qo_len=4 phase=measure iteration=14 records=2 max_records=10
FIG8_ATTENTION_TIMERS mode=baseline scna_function=0 scna_kernel=0 scna_pipeline=0 phase=measure iteration=14 lut_exp=0 nonlinear_mode=0 scna_width=0 scna_exp=0 qo_len=4 kv_len=4096 n_heads=12 n_kv_heads=2 head_dim=128 kv_head=0 worker=0 profiled_total=337 q_load=1 k_load=69 v_load=163 qk_dot=2 safe_sm=98 core_acc=1 o_scale=1 o_store=2 kv_dma_issue=0 kv_dma_wait=0 kv_transform=0
FIG8_ATTENTION_TIMERS mode=baseline scna_function=0 scna_kernel=0 scna_pipeline=0 phase=measure iteration=14 lut_exp=0 nonlinear_mode=0 scna_width=0 scna_exp=0 qo_len=4 kv_len=4096 n_heads=12 n_kv_heads=2 head_dim=128 kv_head=1 worker=0 profiled_total=339 q_load=1 k_load=70 v_load=164 qk_dot=2 safe_sm=99 core_acc=1 o_scale=1 o_store=1 kv_dma_issue=0 kv_dma_wait=0 kv_transform=0
FIG8_ATTENTION_EVENT_COUNT mode=baseline qo_len=4 phase=measure iteration=14 events=16 max_events=3224 overflow=0
FIG8_ATTENTION_REFERENCE_TIMING reference_mode=host-fp32 qo_len=4 kv_len=4096 n_heads=12 n_kv_heads=2 head_dim=128 elapsed_us=77335 ret=0
FIG8_ATTENTION_COMPARE candidate_mode=baseline scna_function=exp2 scna_kernel=direct scna_pipeline=off scna_width=0 reference_mode=host-fp32 qo_len=4 kv_len=4096 n_heads=12 n_kv_heads=2 head_dim=128 elements=6144 rmse=0.00133908 relative_l2=2.06657 max_abs_error=0.0061833 max_rel_error=1410.43 candidate_rms=0.0017356 reference_rms=0.000647975 candidate_max_abs=0.00732422 reference_max_abs=0.00140083 candidate_nonfinite=0 reference_nonfinite=0 ret=0
NUMERIC_FIX_RUN_END revision=pre session=3 qo_len=4 mode=baseline leg=1 temp_after_tenths_c=302
