NUMERIC_FIX_RUN revision=pre session=3 qo_len=8 mode=baseline leg=1 warmup=5 measured=15 temp_before_tenths_c=302
alloc_shared_mem_buf: buf=0x784fa57000 fd=15 size=49152 flags=FASTRPC_MAP_FD
alloc_shared_mem_buf: buf=0x75b0800000 fd=16 size=2097152 flags=FASTRPC_MAP_FD
alloc_shared_mem_buf: buf=0x75b0600000 fd=17 size=2097152 flags=FASTRPC_MAP_FD
alloc_shared_mem_buf: buf=0x784c432000 fd=18 size=49152 flags=FASTRPC_MAP_FD
alloc_shared_mem_buf: buf=0x784c410000 fd=19 size=65536 flags=FASTRPC_MAP_FD
alloc_shared_mem_buf: buf=0x75b0aa0000 fd=20 size=457088 flags=FASTRPC_MAP_FD
alloc_shared_mem_buf: buf=0x784fd37000 fd=21 size=4096 flags=FASTRPC_MAP_FD
No-op channel request completed
FIG8_ATTENTION_CONFIG mode=baseline scna_function=exp2 scna_kernel=direct scna_pipeline=off mask_mode=full qo_len=8 kv_len=4096 n_heads=12 n_kv_heads=2 head_dim=128 warmup=5 iters=15 scna_width=16 q_size=49152 kv_size=2097152 mask_size=65536 profile_size=457088 profile_max_records=10 profile_max_events=6320 mode_flags=0 print_events=0
FIG8_ATTENTION_HOST_TIMING mode=baseline scna_function=exp2 scna_kernel=direct scna_pipeline=off scna_width=0 qo_len=8 kv_len=4096 n_heads=12 n_kv_heads=2 head_dim=128 phase=warmup iteration=0 host_elapsed_us=1249 ret=0
FIG8_ATTENTION_PROFILE_COUNT mode=baseline qo_len=8 phase=warmup iteration=0 records=2 max_records=10
FIG8_ATTENTION_TIMERS mode=baseline scna_function=0 scna_kernel=0 scna_pipeline=0 phase=warmup iteration=0 lut_exp=0 nonlinear_mode=0 scna_width=0 scna_exp=0 qo_len=8 kv_len=4096 n_heads=12 n_kv_heads=2 head_dim=128 kv_head=0 worker=0 profiled_total=448 q_load=3 k_load=87 v_load=165 qk_dot=5 safe_sm=178 core_acc=3 o_scale=2 o_store=5 kv_dma_issue=0 kv_dma_wait=0 kv_transform=0
FIG8_ATTENTION_TIMERS mode=baseline scna_function=0 scna_kernel=0 scna_pipeline=0 phase=warmup iteration=0 lut_exp=0 nonlinear_mode=0 scna_width=0 scna_exp=0 qo_len=8 kv_len=4096 n_heads=12 n_kv_heads=2 head_dim=128 kv_head=1 worker=0 profiled_total=430 q_load=2 k_load=80 v_load=165 qk_dot=5 safe_sm=172 core_acc=2 o_scale=1 o_store=3 kv_dma_issue=0 kv_dma_wait=0 kv_transform=0
FIG8_ATTENTION_EVENT_COUNT mode=baseline qo_len=8 phase=warmup iteration=0 events=16 max_events=6320 overflow=0
FIG8_ATTENTION_HOST_TIMING mode=baseline scna_function=exp2 scna_kernel=direct scna_pipeline=off scna_width=0 qo_len=8 kv_len=4096 n_heads=12 n_kv_heads=2 head_dim=128 phase=warmup iteration=1 host_elapsed_us=1112 ret=0
FIG8_ATTENTION_PROFILE_COUNT mode=baseline qo_len=8 phase=warmup iteration=1 records=2 max_records=10
FIG8_ATTENTION_TIMERS mode=baseline scna_function=0 scna_kernel=0 scna_pipeline=0 phase=warmup iteration=1 lut_exp=0 nonlinear_mode=0 scna_width=0 scna_exp=0 qo_len=8 kv_len=4096 n_heads=12 n_kv_heads=2 head_dim=128 kv_head=0 worker=0 profiled_total=426 q_load=2 k_load=72 v_load=164 qk_dot=5 safe_sm=178 core_acc=2 o_scale=0 o_store=3 kv_dma_issue=0 kv_dma_wait=0 kv_transform=0
FIG8_ATTENTION_TIMERS mode=baseline scna_function=0 scna_kernel=0 scna_pipeline=0 phase=warmup iteration=1 lut_exp=0 nonlinear_mode=0 scna_width=0 scna_exp=0 qo_len=8 kv_len=4096 n_heads=12 n_kv_heads=2 head_dim=128 kv_head=1 worker=0 profiled_total=394 q_load=2 k_load=81 v_load=147 qk_dot=5 safe_sm=153 core_acc=2 o_scale=1 o_store=3 kv_dma_issue=0 kv_dma_wait=0 kv_transform=0
FIG8_ATTENTION_EVENT_COUNT mode=baseline qo_len=8 phase=warmup iteration=1 events=16 max_events=6320 overflow=0
FIG8_ATTENTION_HOST_TIMING mode=baseline scna_function=exp2 scna_kernel=direct scna_pipeline=off scna_width=0 qo_len=8 kv_len=4096 n_heads=12 n_kv_heads=2 head_dim=128 phase=warmup iteration=2 host_elapsed_us=1214 ret=0
FIG8_ATTENTION_PROFILE_COUNT mode=baseline qo_len=8 phase=warmup iteration=2 records=2 max_records=10
FIG8_ATTENTION_TIMERS mode=baseline scna_function=0 scna_kernel=0 scna_pipeline=0 phase=warmup iteration=2 lut_exp=0 nonlinear_mode=0 scna_width=0 scna_exp=0 qo_len=8 kv_len=4096 n_heads=12 n_kv_heads=2 head_dim=128 kv_head=0 worker=0 profiled_total=453 q_load=2 k_load=145 v_load=141 qk_dot=4 safe_sm=154 core_acc=3 o_scale=1 o_store=3 kv_dma_issue=0 kv_dma_wait=0 kv_transform=0
FIG8_ATTENTION_TIMERS mode=baseline scna_function=0 scna_kernel=0 scna_pipeline=0 phase=warmup iteration=2 lut_exp=0 nonlinear_mode=0 scna_width=0 scna_exp=0 qo_len=8 kv_len=4096 n_heads=12 n_kv_heads=2 head_dim=128 kv_head=1 worker=0 profiled_total=466 q_load=2 k_load=154 v_load=147 qk_dot=4 safe_sm=153 core_acc=2 o_scale=1 o_store=3 kv_dma_issue=0 kv_dma_wait=0 kv_transform=0
FIG8_ATTENTION_EVENT_COUNT mode=baseline qo_len=8 phase=warmup iteration=2 events=16 max_events=6320 overflow=0
FIG8_ATTENTION_HOST_TIMING mode=baseline scna_function=exp2 scna_kernel=direct scna_pipeline=off scna_width=0 qo_len=8 kv_len=4096 n_heads=12 n_kv_heads=2 head_dim=128 phase=warmup iteration=3 host_elapsed_us=1209 ret=0
FIG8_ATTENTION_PROFILE_COUNT mode=baseline qo_len=8 phase=warmup iteration=3 records=2 max_records=10
FIG8_ATTENTION_TIMERS mode=baseline scna_function=0 scna_kernel=0 scna_pipeline=0 phase=warmup iteration=3 lut_exp=0 nonlinear_mode=0 scna_width=0 scna_exp=0 qo_len=8 kv_len=4096 n_heads=12 n_kv_heads=2 head_dim=128 kv_head=0 worker=0 profiled_total=453 q_load=2 k_load=148 v_load=137 qk_dot=4 safe_sm=156 core_acc=2 o_scale=1 o_store=3 kv_dma_issue=0 kv_dma_wait=0 kv_transform=0
FIG8_ATTENTION_TIMERS mode=baseline scna_function=0 scna_kernel=0 scna_pipeline=0 phase=warmup iteration=3 lut_exp=0 nonlinear_mode=0 scna_width=0 scna_exp=0 qo_len=8 kv_len=4096 n_heads=12 n_kv_heads=2 head_dim=128 kv_head=1 worker=0 profiled_total=474 q_load=2 k_load=163 v_load=145 qk_dot=5 safe_sm=153 core_acc=2 o_scale=1 o_store=3 kv_dma_issue=0 kv_dma_wait=0 kv_transform=0
FIG8_ATTENTION_EVENT_COUNT mode=baseline qo_len=8 phase=warmup iteration=3 events=16 max_events=6320 overflow=0
FIG8_ATTENTION_HOST_TIMING mode=baseline scna_function=exp2 scna_kernel=direct scna_pipeline=off scna_width=0 qo_len=8 kv_len=4096 n_heads=12 n_kv_heads=2 head_dim=128 phase=warmup iteration=4 host_elapsed_us=1204 ret=0
FIG8_ATTENTION_PROFILE_COUNT mode=baseline qo_len=8 phase=warmup iteration=4 records=2 max_records=10
FIG8_ATTENTION_TIMERS mode=baseline scna_function=0 scna_kernel=0 scna_pipeline=0 phase=warmup iteration=4 lut_exp=0 nonlinear_mode=0 scna_width=0 scna_exp=0 qo_len=8 kv_len=4096 n_heads=12 n_kv_heads=2 head_dim=128 kv_head=0 worker=0 profiled_total=455 q_load=2 k_load=150 v_load=136 qk_dot=4 safe_sm=156 core_acc=3 o_scale=1 o_store=3 kv_dma_issue=0 kv_dma_wait=0 kv_transform=0
FIG8_ATTENTION_TIMERS mode=baseline scna_function=0 scna_kernel=0 scna_pipeline=0 phase=warmup iteration=4 lut_exp=0 nonlinear_mode=0 scna_width=0 scna_exp=0 qo_len=8 kv_len=4096 n_heads=12 n_kv_heads=2 head_dim=128 kv_head=1 worker=0 profiled_total=463 q_load=2 k_load=150 v_load=147 qk_dot=4 safe_sm=154 core_acc=2 o_scale=1 o_store=3 kv_dma_issue=0 kv_dma_wait=0 kv_transform=0
FIG8_ATTENTION_EVENT_COUNT mode=baseline qo_len=8 phase=warmup iteration=4 events=16 max_events=6320 overflow=0
FIG8_ATTENTION_HOST_TIMING mode=baseline scna_function=exp2 scna_kernel=direct scna_pipeline=off scna_width=0 qo_len=8 kv_len=4096 n_heads=12 n_kv_heads=2 head_dim=128 phase=measure iteration=0 host_elapsed_us=1205 ret=0
FIG8_ATTENTION_PROFILE_COUNT mode=baseline qo_len=8 phase=measure iteration=0 records=2 max_records=10
FIG8_ATTENTION_TIMERS mode=baseline scna_function=0 scna_kernel=0 scna_pipeline=0 phase=measure iteration=0 lut_exp=0 nonlinear_mode=0 scna_width=0 scna_exp=0 qo_len=8 kv_len=4096 n_heads=12 n_kv_heads=2 head_dim=128 kv_head=0 worker=0 profiled_total=442 q_load=2 k_load=145 v_load=128 qk_dot=4 safe_sm=156 core_acc=3 o_scale=1 o_store=3 kv_dma_issue=0 kv_dma_wait=0 kv_transform=0
FIG8_ATTENTION_TIMERS mode=baseline scna_function=0 scna_kernel=0 scna_pipeline=0 phase=measure iteration=0 lut_exp=0 nonlinear_mode=0 scna_width=0 scna_exp=0 qo_len=8 kv_len=4096 n_heads=12 n_kv_heads=2 head_dim=128 kv_head=1 worker=0 profiled_total=477 q_load=2 k_load=164 v_load=146 qk_dot=5 safe_sm=154 core_acc=2 o_scale=1 o_store=3 kv_dma_issue=0 kv_dma_wait=0 kv_transform=0
FIG8_ATTENTION_EVENT_COUNT mode=baseline qo_len=8 phase=measure iteration=0 events=16 max_events=6320 overflow=0
FIG8_ATTENTION_HOST_TIMING mode=baseline scna_function=exp2 scna_kernel=direct scna_pipeline=off scna_width=0 qo_len=8 kv_len=4096 n_heads=12 n_kv_heads=2 head_dim=128 phase=measure iteration=1 host_elapsed_us=1204 ret=0
FIG8_ATTENTION_PROFILE_COUNT mode=baseline qo_len=8 phase=measure iteration=1 records=2 max_records=10
FIG8_ATTENTION_TIMERS mode=baseline scna_function=0 scna_kernel=0 scna_pipeline=0 phase=measure iteration=1 lut_exp=0 nonlinear_mode=0 scna_width=0 scna_exp=0 qo_len=8 kv_len=4096 n_heads=12 n_kv_heads=2 head_dim=128 kv_head=0 worker=0 profiled_total=448 q_load=2 k_load=149 v_load=133 qk_dot=4 safe_sm=154 core_acc=2 o_scale=1 o_store=3 kv_dma_issue=0 kv_dma_wait=0 kv_transform=0
FIG8_ATTENTION_TIMERS mode=baseline scna_function=0 scna_kernel=0 scna_pipeline=0 phase=measure iteration=1 lut_exp=0 nonlinear_mode=0 scna_width=0 scna_exp=0 qo_len=8 kv_len=4096 n_heads=12 n_kv_heads=2 head_dim=128 kv_head=1 worker=0 profiled_total=478 q_load=2 k_load=163 v_load=148 qk_dot=5 safe_sm=154 core_acc=2 o_scale=1 o_store=3 kv_dma_issue=0 kv_dma_wait=0 kv_transform=0
FIG8_ATTENTION_EVENT_COUNT mode=baseline qo_len=8 phase=measure iteration=1 events=16 max_events=6320 overflow=0
FIG8_ATTENTION_HOST_TIMING mode=baseline scna_function=exp2 scna_kernel=direct scna_pipeline=off scna_width=0 qo_len=8 kv_len=4096 n_heads=12 n_kv_heads=2 head_dim=128 phase=measure iteration=2 host_elapsed_us=1208 ret=0
FIG8_ATTENTION_PROFILE_COUNT mode=baseline qo_len=8 phase=measure iteration=2 records=2 max_records=10
FIG8_ATTENTION_TIMERS mode=baseline scna_function=0 scna_kernel=0 scna_pipeline=0 phase=measure iteration=2 lut_exp=0 nonlinear_mode=0 scna_width=0 scna_exp=0 qo_len=8 kv_len=4096 n_heads=12 n_kv_heads=2 head_dim=128 kv_head=0 worker=0 profiled_total=462 q_load=2 k_load=150 v_load=145 qk_dot=4 safe_sm=155 core_acc=2 o_scale=1 o_store=3 kv_dma_issue=0 kv_dma_wait=0 kv_transform=0
FIG8_ATTENTION_TIMERS mode=baseline scna_function=0 scna_kernel=0 scna_pipeline=0 phase=measure iteration=2 lut_exp=0 nonlinear_mode=0 scna_width=0 scna_exp=0 qo_len=8 kv_len=4096 n_heads=12 n_kv_heads=2 head_dim=128 kv_head=1 worker=0 profiled_total=457 q_load=2 k_load=145 v_load=146 qk_dot=4 safe_sm=154 core_acc=2 o_scale=1 o_store=3 kv_dma_issue=0 kv_dma_wait=0 kv_transform=0
FIG8_ATTENTION_EVENT_COUNT mode=baseline qo_len=8 phase=measure iteration=2 events=16 max_events=6320 overflow=0
FIG8_ATTENTION_HOST_TIMING mode=baseline scna_function=exp2 scna_kernel=direct scna_pipeline=off scna_width=0 qo_len=8 kv_len=4096 n_heads=12 n_kv_heads=2 head_dim=128 phase=measure iteration=3 host_elapsed_us=1210 ret=0
FIG8_ATTENTION_PROFILE_COUNT mode=baseline qo_len=8 phase=measure iteration=3 records=2 max_records=10
FIG8_ATTENTION_TIMERS mode=baseline scna_function=0 scna_kernel=0 scna_pipeline=0 phase=measure iteration=3 lut_exp=0 nonlinear_mode=0 scna_width=0 scna_exp=0 qo_len=8 kv_len=4096 n_heads=12 n_kv_heads=2 head_dim=128 kv_head=0 worker=0 profiled_total=464 q_load=2 k_load=155 v_load=141 qk_dot=4 safe_sm=156 core_acc=2 o_scale=1 o_store=3 kv_dma_issue=0 kv_dma_wait=0 kv_transform=0
FIG8_ATTENTION_TIMERS mode=baseline scna_function=0 scna_kernel=0 scna_pipeline=0 phase=measure iteration=3 lut_exp=0 nonlinear_mode=0 scna_width=0 scna_exp=0 qo_len=8 kv_len=4096 n_heads=12 n_kv_heads=2 head_dim=128 kv_head=1 worker=0 profiled_total=470 q_load=2 k_load=160 v_load=144 qk_dot=4 safe_sm=154 core_acc=2 o_scale=1 o_store=3 kv_dma_issue=0 kv_dma_wait=0 kv_transform=0
FIG8_ATTENTION_EVENT_COUNT mode=baseline qo_len=8 phase=measure iteration=3 events=16 max_events=6320 overflow=0
FIG8_ATTENTION_HOST_TIMING mode=baseline scna_function=exp2 scna_kernel=direct scna_pipeline=off scna_width=0 qo_len=8 kv_len=4096 n_heads=12 n_kv_heads=2 head_dim=128 phase=measure iteration=4 host_elapsed_us=1203 ret=0
FIG8_ATTENTION_PROFILE_COUNT mode=baseline qo_len=8 phase=measure iteration=4 records=2 max_records=10
FIG8_ATTENTION_TIMERS mode=baseline scna_function=0 scna_kernel=0 scna_pipeline=0 phase=measure iteration=4 lut_exp=0 nonlinear_mode=0 scna_width=0 scna_exp=0 qo_len=8 kv_len=4096 n_heads=12 n_kv_heads=2 head_dim=128 kv_head=0 worker=0 profiled_total=463 q_load=2 k_load=150 v_load=145 qk_dot=5 safe_sm=155 core_acc=2 o_scale=1 o_store=3 kv_dma_issue=0 kv_dma_wait=0 kv_transform=0
FIG8_ATTENTION_TIMERS mode=baseline scna_function=0 scna_kernel=0 scna_pipeline=0 phase=measure iteration=4 lut_exp=0 nonlinear_mode=0 scna_width=0 scna_exp=0 qo_len=8 kv_len=4096 n_heads=12 n_kv_heads=2 head_dim=128 kv_head=1 worker=0 profiled_total=463 q_load=2 k_load=151 v_load=146 qk_dot=4 safe_sm=154 core_acc=2 o_scale=1 o_store=3 kv_dma_issue=0 kv_dma_wait=0 kv_transform=0
FIG8_ATTENTION_EVENT_COUNT mode=baseline qo_len=8 phase=measure iteration=4 events=16 max_events=6320 overflow=0
FIG8_ATTENTION_HOST_TIMING mode=baseline scna_function=exp2 scna_kernel=direct scna_pipeline=off scna_width=0 qo_len=8 kv_len=4096 n_heads=12 n_kv_heads=2 head_dim=128 phase=measure iteration=5 host_elapsed_us=1207 ret=0
FIG8_ATTENTION_PROFILE_COUNT mode=baseline qo_len=8 phase=measure iteration=5 records=2 max_records=10
FIG8_ATTENTION_TIMERS mode=baseline scna_function=0 scna_kernel=0 scna_pipeline=0 phase=measure iteration=5 lut_exp=0 nonlinear_mode=0 scna_width=0 scna_exp=0 qo_len=8 kv_len=4096 n_heads=12 n_kv_heads=2 head_dim=128 kv_head=0 worker=0 profiled_total=460 q_load=2 k_load=154 v_load=138 qk_dot=4 safe_sm=156 core_acc=2 o_scale=1 o_store=3 kv_dma_issue=0 kv_dma_wait=0 kv_transform=0
FIG8_ATTENTION_TIMERS mode=baseline scna_function=0 scna_kernel=0 scna_pipeline=0 phase=measure iteration=5 lut_exp=0 nonlinear_mode=0 scna_width=0 scna_exp=0 qo_len=8 kv_len=4096 n_heads=12 n_kv_heads=2 head_dim=128 kv_head=1 worker=0 profiled_total=473 q_load=2 k_load=161 v_load=145 qk_dot=5 safe_sm=154 core_acc=2 o_scale=1 o_store=3 kv_dma_issue=0 kv_dma_wait=0 kv_transform=0
FIG8_ATTENTION_EVENT_COUNT mode=baseline qo_len=8 phase=measure iteration=5 events=16 max_events=6320 overflow=0
FIG8_ATTENTION_HOST_TIMING mode=baseline scna_function=exp2 scna_kernel=direct scna_pipeline=off scna_width=0 qo_len=8 kv_len=4096 n_heads=12 n_kv_heads=2 head_dim=128 phase=measure iteration=6 host_elapsed_us=1206 ret=0
FIG8_ATTENTION_PROFILE_COUNT mode=baseline qo_len=8 phase=measure iteration=6 records=2 max_records=10
FIG8_ATTENTION_TIMERS mode=baseline scna_function=0 scna_kernel=0 scna_pipeline=0 phase=measure iteration=6 lut_exp=0 nonlinear_mode=0 scna_width=0 scna_exp=0 qo_len=8 kv_len=4096 n_heads=12 n_kv_heads=2 head_dim=128 kv_head=0 worker=0 profiled_total=461 q_load=2 k_load=148 v_load=146 qk_dot=4 safe_sm=155 core_acc=2 o_scale=1 o_store=3 kv_dma_issue=0 kv_dma_wait=0 kv_transform=0
FIG8_ATTENTION_TIMERS mode=baseline scna_function=0 scna_kernel=0 scna_pipeline=0 phase=measure iteration=6 lut_exp=0 nonlinear_mode=0 scna_width=0 scna_exp=0 qo_len=8 kv_len=4096 n_heads=12 n_kv_heads=2 head_dim=128 kv_head=1 worker=0 profiled_total=468 q_load=1 k_load=162 v_load=141 qk_dot=4 safe_sm=154 core_acc=2 o_scale=1 o_store=3 kv_dma_issue=0 kv_dma_wait=0 kv_transform=0
FIG8_ATTENTION_EVENT_COUNT mode=baseline qo_len=8 phase=measure iteration=6 events=16 max_events=6320 overflow=0
FIG8_ATTENTION_HOST_TIMING mode=baseline scna_function=exp2 scna_kernel=direct scna_pipeline=off scna_width=0 qo_len=8 kv_len=4096 n_heads=12 n_kv_heads=2 head_dim=128 phase=measure iteration=7 host_elapsed_us=1205 ret=0
FIG8_ATTENTION_PROFILE_COUNT mode=baseline qo_len=8 phase=measure iteration=7 records=2 max_records=10
FIG8_ATTENTION_TIMERS mode=baseline scna_function=0 scna_kernel=0 scna_pipeline=0 phase=measure iteration=7 lut_exp=0 nonlinear_mode=0 scna_width=0 scna_exp=0 qo_len=8 kv_len=4096 n_heads=12 n_kv_heads=2 head_dim=128 kv_head=0 worker=0 profiled_total=444 q_load=2 k_load=142 v_load=135 qk_dot=4 safe_sm=155 core_acc=2 o_scale=1 o_store=3 kv_dma_issue=0 kv_dma_wait=0 kv_transform=0
FIG8_ATTENTION_TIMERS mode=baseline scna_function=0 scna_kernel=0 scna_pipeline=0 phase=measure iteration=7 lut_exp=0 nonlinear_mode=0 scna_width=0 scna_exp=0 qo_len=8 kv_len=4096 n_heads=12 n_kv_heads=2 head_dim=128 kv_head=1 worker=0 profiled_total=471 q_load=2 k_load=161 v_load=145 qk_dot=4 safe_sm=153 core_acc=2 o_scale=1 o_store=3 kv_dma_issue=0 kv_dma_wait=0 kv_transform=0
FIG8_ATTENTION_EVENT_COUNT mode=baseline qo_len=8 phase=measure iteration=7 events=16 max_events=6320 overflow=0
FIG8_ATTENTION_HOST_TIMING mode=baseline scna_function=exp2 scna_kernel=direct scna_pipeline=off scna_width=0 qo_len=8 kv_len=4096 n_heads=12 n_kv_heads=2 head_dim=128 phase=measure iteration=8 host_elapsed_us=1208 ret=0
FIG8_ATTENTION_PROFILE_COUNT mode=baseline qo_len=8 phase=measure iteration=8 records=2 max_records=10
FIG8_ATTENTION_TIMERS mode=baseline scna_function=0 scna_kernel=0 scna_pipeline=0 phase=measure iteration=8 lut_exp=0 nonlinear_mode=0 scna_width=0 scna_exp=0 qo_len=8 kv_len=4096 n_heads=12 n_kv_heads=2 head_dim=128 kv_head=0 worker=0 profiled_total=453 q_load=2 k_load=144 v_load=142 qk_dot=4 safe_sm=155 core_acc=2 o_scale=1 o_store=3 kv_dma_issue=0 kv_dma_wait=0 kv_transform=0
FIG8_ATTENTION_TIMERS mode=baseline scna_function=0 scna_kernel=0 scna_pipeline=0 phase=measure iteration=8 lut_exp=0 nonlinear_mode=0 scna_width=0 scna_exp=0 qo_len=8 kv_len=4096 n_heads=12 n_kv_heads=2 head_dim=128 kv_head=1 worker=0 profiled_total=472 q_load=2 k_load=161 v_load=144 qk_dot=5 safe_sm=154 core_acc=2 o_scale=1 o_store=3 kv_dma_issue=0 kv_dma_wait=0 kv_transform=0
FIG8_ATTENTION_EVENT_COUNT mode=baseline qo_len=8 phase=measure iteration=8 events=16 max_events=6320 overflow=0
FIG8_ATTENTION_HOST_TIMING mode=baseline scna_function=exp2 scna_kernel=direct scna_pipeline=off scna_width=0 qo_len=8 kv_len=4096 n_heads=12 n_kv_heads=2 head_dim=128 phase=measure iteration=9 host_elapsed_us=1353 ret=0
FIG8_ATTENTION_PROFILE_COUNT mode=baseline qo_len=8 phase=measure iteration=9 records=2 max_records=10
FIG8_ATTENTION_TIMERS mode=baseline scna_function=0 scna_kernel=0 scna_pipeline=0 phase=measure iteration=9 lut_exp=0 nonlinear_mode=0 scna_width=0 scna_exp=0 qo_len=8 kv_len=4096 n_heads=12 n_kv_heads=2 head_dim=128 kv_head=0 worker=0 profiled_total=461 q_load=2 k_load=152 v_load=142 qk_dot=4 safe_sm=155 core_acc=2 o_scale=1 o_store=3 kv_dma_issue=0 kv_dma_wait=0 kv_transform=0
FIG8_ATTENTION_TIMERS mode=baseline scna_function=0 scna_kernel=0 scna_pipeline=0 phase=measure iteration=9 lut_exp=0 nonlinear_mode=0 scna_width=0 scna_exp=0 qo_len=8 kv_len=4096 n_heads=12 n_kv_heads=2 head_dim=128 kv_head=1 worker=0 profiled_total=535 q_load=2 k_load=177 v_load=168 qk_dot=5 safe_sm=177 core_acc=2 o_scale=1 o_store=3 kv_dma_issue=0 kv_dma_wait=0 kv_transform=0
FIG8_ATTENTION_EVENT_COUNT mode=baseline qo_len=8 phase=measure iteration=9 events=16 max_events=6320 overflow=0
FIG8_ATTENTION_HOST_TIMING mode=baseline scna_function=exp2 scna_kernel=direct scna_pipeline=off scna_width=0 qo_len=8 kv_len=4096 n_heads=12 n_kv_heads=2 head_dim=128 phase=measure iteration=10 host_elapsed_us=1180 ret=0
FIG8_ATTENTION_PROFILE_COUNT mode=baseline qo_len=8 phase=measure iteration=10 records=2 max_records=10
FIG8_ATTENTION_TIMERS mode=baseline scna_function=0 scna_kernel=0 scna_pipeline=0 phase=measure iteration=10 lut_exp=0 nonlinear_mode=0 scna_width=0 scna_exp=0 qo_len=8 kv_len=4096 n_heads=12 n_kv_heads=2 head_dim=128 kv_head=0 worker=0 profiled_total=421 q_load=2 k_load=69 v_load=164 qk_dot=4 safe_sm=176 core_acc=2 o_scale=1 o_store=3 kv_dma_issue=0 kv_dma_wait=0 kv_transform=0
FIG8_ATTENTION_TIMERS mode=baseline scna_function=0 scna_kernel=0 scna_pipeline=0 phase=measure iteration=10 lut_exp=0 nonlinear_mode=0 scna_width=0 scna_exp=0 qo_len=8 kv_len=4096 n_heads=12 n_kv_heads=2 head_dim=128 kv_head=1 worker=0 profiled_total=420 q_load=2 k_load=69 v_load=163 qk_dot=5 safe_sm=175 core_acc=2 o_scale=1 o_store=3 kv_dma_issue=0 kv_dma_wait=0 kv_transform=0
FIG8_ATTENTION_EVENT_COUNT mode=baseline qo_len=8 phase=measure iteration=10 events=16 max_events=6320 overflow=0
FIG8_ATTENTION_HOST_TIMING mode=baseline scna_function=exp2 scna_kernel=direct scna_pipeline=off scna_width=0 qo_len=8 kv_len=4096 n_heads=12 n_kv_heads=2 head_dim=128 phase=measure iteration=11 host_elapsed_us=1190 ret=0
FIG8_ATTENTION_PROFILE_COUNT mode=baseline qo_len=8 phase=measure iteration=11 records=2 max_records=10
FIG8_ATTENTION_TIMERS mode=baseline scna_function=0 scna_kernel=0 scna_pipeline=0 phase=measure iteration=11 lut_exp=0 nonlinear_mode=0 scna_width=0 scna_exp=0 qo_len=8 kv_len=4096 n_heads=12 n_kv_heads=2 head_dim=128 kv_head=0 worker=0 profiled_total=419 q_load=2 k_load=68 v_load=163 qk_dot=4 safe_sm=176 core_acc=2 o_scale=1 o_store=3 kv_dma_issue=0 kv_dma_wait=0 kv_transform=0
FIG8_ATTENTION_TIMERS mode=baseline scna_function=0 scna_kernel=0 scna_pipeline=0 phase=measure iteration=11 lut_exp=0 nonlinear_mode=0 scna_width=0 scna_exp=0 qo_len=8 kv_len=4096 n_heads=12 n_kv_heads=2 head_dim=128 kv_head=1 worker=0 profiled_total=427 q_load=2 k_load=69 v_load=168 qk_dot=5 safe_sm=177 core_acc=2 o_scale=1 o_store=3 kv_dma_issue=0 kv_dma_wait=0 kv_transform=0
FIG8_ATTENTION_EVENT_COUNT mode=baseline qo_len=8 phase=measure iteration=11 events=16 max_events=6320 overflow=0
FIG8_ATTENTION_HOST_TIMING mode=baseline scna_function=exp2 scna_kernel=direct scna_pipeline=off scna_width=0 qo_len=8 kv_len=4096 n_heads=12 n_kv_heads=2 head_dim=128 phase=measure iteration=12 host_elapsed_us=1195 ret=0
FIG8_ATTENTION_PROFILE_COUNT mode=baseline qo_len=8 phase=measure iteration=12 records=2 max_records=10
FIG8_ATTENTION_TIMERS mode=baseline scna_function=0 scna_kernel=0 scna_pipeline=0 phase=measure iteration=12 lut_exp=0 nonlinear_mode=0 scna_width=0 scna_exp=0 qo_len=8 kv_len=4096 n_heads=12 n_kv_heads=2 head_dim=128 kv_head=0 worker=0 profiled_total=420 q_load=2 k_load=68 v_load=163 qk_dot=4 safe_sm=177 core_acc=2 o_scale=1 o_store=3 kv_dma_issue=0 kv_dma_wait=0 kv_transform=0
FIG8_ATTENTION_TIMERS mode=baseline scna_function=0 scna_kernel=0 scna_pipeline=0 phase=measure iteration=12 lut_exp=0 nonlinear_mode=0 scna_width=0 scna_exp=0 qo_len=8 kv_len=4096 n_heads=12 n_kv_heads=2 head_dim=128 kv_head=1 worker=0 profiled_total=422 q_load=2 k_load=69 v_load=166 qk_dot=5 safe_sm=174 core_acc=2 o_scale=1 o_store=3 kv_dma_issue=0 kv_dma_wait=0 kv_transform=0
FIG8_ATTENTION_EVENT_COUNT mode=baseline qo_len=8 phase=measure iteration=12 events=16 max_events=6320 overflow=0
FIG8_ATTENTION_HOST_TIMING mode=baseline scna_function=exp2 scna_kernel=direct scna_pipeline=off scna_width=0 qo_len=8 kv_len=4096 n_heads=12 n_kv_heads=2 head_dim=128 phase=measure iteration=13 host_elapsed_us=1150 ret=0
FIG8_ATTENTION_PROFILE_COUNT mode=baseline qo_len=8 phase=measure iteration=13 records=2 max_records=10
FIG8_ATTENTION_TIMERS mode=baseline scna_function=0 scna_kernel=0 scna_pipeline=0 phase=measure iteration=13 lut_exp=0 nonlinear_mode=0 scna_width=0 scna_exp=0 qo_len=8 kv_len=4096 n_heads=12 n_kv_heads=2 head_dim=128 kv_head=0 worker=0 profiled_total=420 q_load=2 k_load=68 v_load=163 qk_dot=4 safe_sm=177 core_acc=2 o_scale=1 o_store=3 kv_dma_issue=0 kv_dma_wait=0 kv_transform=0
FIG8_ATTENTION_TIMERS mode=baseline scna_function=0 scna_kernel=0 scna_pipeline=0 phase=measure iteration=13 lut_exp=0 nonlinear_mode=0 scna_width=0 scna_exp=0 qo_len=8 kv_len=4096 n_heads=12 n_kv_heads=2 head_dim=128 kv_head=1 worker=0 profiled_total=416 q_load=2 k_load=68 v_load=163 qk_dot=5 safe_sm=172 core_acc=2 o_scale=1 o_store=3 kv_dma_issue=0 kv_dma_wait=0 kv_transform=0
FIG8_ATTENTION_EVENT_COUNT mode=baseline qo_len=8 phase=measure iteration=13 events=16 max_events=6320 overflow=0
FIG8_ATTENTION_HOST_TIMING mode=baseline scna_function=exp2 scna_kernel=direct scna_pipeline=off scna_width=0 qo_len=8 kv_len=4096 n_heads=12 n_kv_heads=2 head_dim=128 phase=measure iteration=14 host_elapsed_us=1177 ret=0
FIG8_ATTENTION_PROFILE_COUNT mode=baseline qo_len=8 phase=measure iteration=14 records=2 max_records=10
FIG8_ATTENTION_TIMERS mode=baseline scna_function=0 scna_kernel=0 scna_pipeline=0 phase=measure iteration=14 lut_exp=0 nonlinear_mode=0 scna_width=0 scna_exp=0 qo_len=8 kv_len=4096 n_heads=12 n_kv_heads=2 head_dim=128 kv_head=0 worker=0 profiled_total=418 q_load=2 k_load=66 v_load=164 qk_dot=4 safe_sm=176 core_acc=2 o_scale=1 o_store=3 kv_dma_issue=0 kv_dma_wait=0 kv_transform=0
FIG8_ATTENTION_TIMERS mode=baseline scna_function=0 scna_kernel=0 scna_pipeline=0 phase=measure iteration=14 lut_exp=0 nonlinear_mode=0 scna_width=0 scna_exp=0 qo_len=8 kv_len=4096 n_heads=12 n_kv_heads=2 head_dim=128 kv_head=1 worker=0 profiled_total=417 q_load=2 k_load=67 v_load=163 qk_dot=5 safe_sm=174 core_acc=2 o_scale=1 o_store=3 kv_dma_issue=0 kv_dma_wait=0 kv_transform=0
FIG8_ATTENTION_EVENT_COUNT mode=baseline qo_len=8 phase=measure iteration=14 events=16 max_events=6320 overflow=0
FIG8_ATTENTION_REFERENCE_TIMING reference_mode=host-fp32 qo_len=8 kv_len=4096 n_heads=12 n_kv_heads=2 head_dim=128 elapsed_us=145995 ret=0
FIG8_ATTENTION_COMPARE candidate_mode=baseline scna_function=exp2 scna_kernel=direct scna_pipeline=off scna_width=0 reference_mode=host-fp32 qo_len=8 kv_len=4096 n_heads=12 n_kv_heads=2 head_dim=128 elements=12288 rmse=0.00127873 relative_l2=1.9731 max_abs_error=0.0061833 max_rel_error=1410.43 candidate_rms=0.00168335 reference_rms=0.000648081 candidate_max_abs=0.00732422 reference_max_abs=0.00140083 candidate_nonfinite=0 reference_nonfinite=0 ret=0
NUMERIC_FIX_RUN_END revision=pre session=3 qo_len=8 mode=baseline leg=1 temp_after_tenths_c=302
