AUDIT_STARTUP_TIMING session_open_us=33333 backend_init_us=1511 main_to_ready_us=34857
FIG8_ATTENTION_CONFIG mode=baseline layout=serial variant=pair_static_d8 scna_width=8 seed=12030 mask_mode=full qo_len=1 kv_len=32 kv_pad_len=64 n_heads=12 n_kv_heads=2 head_dim=64 warmup=1 iters=1 q_size=3072 kv_size=8192 mask_size=128 profile_size=5760 profile_max_records=10 profile_max_events=0 mode_flags=4194368 print_events=0 workers=0 q_task_rows=0
FIG8_ATTENTION_HOST_TIMING mode=baseline layout=serial variant=pair_static_d8 workers=0 q_task_rows=0 scna_width=8 seed=12030 mask_mode=full qo_len=1 kv_len=32 n_heads=12 n_kv_heads=2 head_dim=64 phase=warmup iteration=0 host_elapsed_us=155 ret=0
FIG8_ATTENTION_PROFILE_COUNT mode=baseline qo_len=1 phase=warmup iteration=0 records=2 max_records=10
FIG8_ATTENTION_WORKERS mode=baseline variant=pair_static_d8 qo_len=1 phase=warmup iteration=0 requested_workers=0 active_workers=2 hvx_contexts=6 vtcm_worker_cap=8 tasks=2 q_task_rows=4
FIG8_AUDIT_RESOURCE schema_version=2 mode=baseline phase=warmup iteration=0 vtcm_total_bytes=8388608 vtcm_reserved_bytes=262144 vtcm_seq_capacity_bytes=8126464 lut_table_bytes=262144 lut_init_us=44 active_workers=2 tasks=2 q_task_rows=4
FIG8_ATTENTION_TIMERS mode=baseline layout=serial phase=warmup iteration=0 lut_exp=0 scna_layout=0 scna_width=0 qo_len=1 kv_len=32 n_heads=12 n_kv_heads=2 head_dim=64 kv_head=1 worker=0 profiled_total=11 q_load=1 k_load=1 v_load=0 qk_dot=1 safe_sm=5 scna_exp=0 state_update=0 rowmax_mem=0 rowsum_reduce=0 rowmax_mem_ticks=0 rowsum_reduce_ticks=0 state_update_ticks=0 param_prepare=0 core_acc=1 o_scale=1 o_store=1
FIG8_NUMERIC seed=12030 mode=baseline layout=serial kv_head=1 worker=0 qk0_bits=0x0 rowmax0_bits=0x0 rowsum0_bits=0x0 l0_bits=0x0 core_o0_bits=0x0 inv_l0_bits=0x0 scaled_o0_bits=0x0 p0_first_bits=0x0 p0_last_bits=0x0 sum0_first_bits=0x0 sum0_last_bits=0x0 masked_p_nonzero=0 tail_p_nonzero=0 scna_clamp_count=0 score_count=0 centered_score_min=0 centered_score_max=0 final_m0_bits=0x0 final_l0_bits=0x0 final_core_o0_bits=0x0 p_expected_sum_bits=0x0 p_max_abs_error_bits=0x0
FIG8_NUMERIC_QK8 seed=12030 mode=baseline layout=serial kv_head=1 bits=0x0,0x0,0x0,0x0,0x0,0x0,0x0,0x0
FIG8_NUMERIC_P8 seed=12030 mode=baseline layout=serial kv_head=1 centered_bits=0x0,0x0,0x0,0x0,0x0,0x0,0x0,0x0 p_bits=0x0,0x0,0x0,0x0,0x0,0x0,0x0,0x0
FIG8_ATTENTION_TIMERS mode=baseline layout=serial phase=warmup iteration=0 lut_exp=0 scna_layout=0 scna_width=0 qo_len=1 kv_len=32 n_heads=12 n_kv_heads=2 head_dim=64 kv_head=0 worker=1 profiled_total=13 q_load=1 k_load=0 v_load=0 qk_dot=1 safe_sm=11 scna_exp=0 state_update=0 rowmax_mem=0 rowsum_reduce=0 rowmax_mem_ticks=0 rowsum_reduce_ticks=0 state_update_ticks=0 param_prepare=0 core_acc=0 o_scale=0 o_store=0
FIG8_NUMERIC seed=12030 mode=baseline layout=serial kv_head=0 worker=1 qk0_bits=0x2dec rowmax0_bits=0x3997 rowsum0_bits=0x4c9f l0_bits=0x4c9f core_o0_bits=0xba0b inv_l0_bits=0x2ae9 scaled_o0_bits=0xa938 p0_first_bits=0x3940 p0_last_bits=0x0 sum0_first_bits=0x419cff02 sum0_last_bits=0x4193df01 masked_p_nonzero=0 tail_p_nonzero=0 scna_clamp_count=0 score_count=32 centered_score_min=-1.43017578 centered_score_max=0 final_m0_bits=0x3997 final_l0_bits=0x4c9f final_core_o0_bits=0xba0b p_expected_sum_bits=0x419d0d65 p_max_abs_error_bits=0x3a30bc00
FIG8_NUMERIC_BLOCK seed=12030 mode=baseline layout=serial kv_head=0 block=0 m0_bits=0x3997 rowsum0_bits=0x4c9f l0_bits=0x4c9f p_scalar_sum_bits=0x419d0300 reduction_min_bits=0x2f800000 reduction_max_bits=0x419cff02
FIG8_NUMERIC_QK8 seed=12030 mode=baseline layout=serial kv_head=0 bits=0x2dec,0xaeda,0x30d7,0xac4e,0xb32b,0xb61d,0x2949,0x391b
FIG8_NUMERIC_P8 seed=12030 mode=baseline layout=serial kv_head=0 centered_bits=0xb8da,0xba72,0xb861,0xba21,0xbb62,0xbc53,0xb942,0xabc0 p_bits=0x3940,0x3894,0x3979,0x38b4,0x3838,0x3790,0x3912,0x3bac
FIG8_ATTENTION_EVENT_COUNT mode=baseline qo_len=1 phase=warmup iteration=0 events=0 max_events=0 overflow=0
FIG8_ATTENTION_CHECKSUM mode=baseline layout=serial scna_width=8 seed=12030 phase=warmup iteration=0 checksum=0xbeef5a388476fb41
FIG8_ATTENTION_HOST_TIMING mode=baseline layout=serial variant=pair_static_d8 workers=0 q_task_rows=0 scna_width=8 seed=12030 mask_mode=full qo_len=1 kv_len=32 n_heads=12 n_kv_heads=2 head_dim=64 phase=measure iteration=0 host_elapsed_us=167 ret=0
FIG8_ATTENTION_PROFILE_COUNT mode=baseline qo_len=1 phase=measure iteration=0 records=2 max_records=10
FIG8_ATTENTION_WORKERS mode=baseline variant=pair_static_d8 qo_len=1 phase=measure iteration=0 requested_workers=0 active_workers=2 hvx_contexts=6 vtcm_worker_cap=8 tasks=2 q_task_rows=4
FIG8_AUDIT_RESOURCE schema_version=2 mode=baseline phase=measure iteration=0 vtcm_total_bytes=8388608 vtcm_reserved_bytes=262144 vtcm_seq_capacity_bytes=8126464 lut_table_bytes=262144 lut_init_us=44 active_workers=2 tasks=2 q_task_rows=4
FIG8_ATTENTION_TIMERS mode=baseline layout=serial phase=measure iteration=0 lut_exp=0 scna_layout=0 scna_width=0 qo_len=1 kv_len=32 n_heads=12 n_kv_heads=2 head_dim=64 kv_head=1 worker=3 profiled_total=1 q_load=0 k_load=0 v_load=0 qk_dot=0 safe_sm=1 scna_exp=0 state_update=0 rowmax_mem=0 rowsum_reduce=0 rowmax_mem_ticks=0 rowsum_reduce_ticks=0 state_update_ticks=0 param_prepare=0 core_acc=0 o_scale=0 o_store=0
FIG8_NUMERIC seed=12030 mode=baseline layout=serial kv_head=1 worker=3 qk0_bits=0x0 rowmax0_bits=0x0 rowsum0_bits=0x0 l0_bits=0x0 core_o0_bits=0x0 inv_l0_bits=0x0 scaled_o0_bits=0x0 p0_first_bits=0x0 p0_last_bits=0x0 sum0_first_bits=0x0 sum0_last_bits=0x0 masked_p_nonzero=0 tail_p_nonzero=0 scna_clamp_count=0 score_count=0 centered_score_min=0 centered_score_max=0 final_m0_bits=0x0 final_l0_bits=0x0 final_core_o0_bits=0x0 p_expected_sum_bits=0x0 p_max_abs_error_bits=0x0
FIG8_NUMERIC_QK8 seed=12030 mode=baseline layout=serial kv_head=1 bits=0x0,0x0,0x0,0x0,0x0,0x0,0x0,0x0
FIG8_NUMERIC_P8 seed=12030 mode=baseline layout=serial kv_head=1 centered_bits=0x0,0x0,0x0,0x0,0x0,0x0,0x0,0x0 p_bits=0x0,0x0,0x0,0x0,0x0,0x0,0x0,0x0
FIG8_ATTENTION_TIMERS mode=baseline layout=serial phase=measure iteration=0 lut_exp=0 scna_layout=0 scna_width=0 qo_len=1 kv_len=32 n_heads=12 n_kv_heads=2 head_dim=64 kv_head=0 worker=2 profiled_total=8 q_load=0 k_load=0 v_load=0 qk_dot=0 safe_sm=8 scna_exp=0 state_update=0 rowmax_mem=0 rowsum_reduce=0 rowmax_mem_ticks=0 rowsum_reduce_ticks=0 state_update_ticks=0 param_prepare=0 core_acc=0 o_scale=0 o_store=0
FIG8_NUMERIC seed=12030 mode=baseline layout=serial kv_head=0 worker=2 qk0_bits=0x2dec rowmax0_bits=0x3997 rowsum0_bits=0x4c9f l0_bits=0x4c9f core_o0_bits=0xba0b inv_l0_bits=0x2ae9 scaled_o0_bits=0xa938 p0_first_bits=0x3940 p0_last_bits=0x0 sum0_first_bits=0x419cff02 sum0_last_bits=0x4193df01 masked_p_nonzero=0 tail_p_nonzero=0 scna_clamp_count=0 score_count=32 centered_score_min=-1.43017578 centered_score_max=0 final_m0_bits=0x3997 final_l0_bits=0x4c9f final_core_o0_bits=0xba0b p_expected_sum_bits=0x419d0d65 p_max_abs_error_bits=0x3a30bc00
FIG8_NUMERIC_BLOCK seed=12030 mode=baseline layout=serial kv_head=0 block=0 m0_bits=0x3997 rowsum0_bits=0x4c9f l0_bits=0x4c9f p_scalar_sum_bits=0x419d0300 reduction_min_bits=0x2f800000 reduction_max_bits=0x419cff02
FIG8_NUMERIC_QK8 seed=12030 mode=baseline layout=serial kv_head=0 bits=0x2dec,0xaeda,0x30d7,0xac4e,0xb32b,0xb61d,0x2949,0x391b
FIG8_NUMERIC_P8 seed=12030 mode=baseline layout=serial kv_head=0 centered_bits=0xb8da,0xba72,0xb861,0xba21,0xbb62,0xbc53,0xb942,0xabc0 p_bits=0x3940,0x3894,0x3979,0x38b4,0x3838,0x3790,0x3912,0x3bac
FIG8_ATTENTION_EVENT_COUNT mode=baseline qo_len=1 phase=measure iteration=0 events=0 max_events=0 overflow=0
FIG8_ATTENTION_CHECKSUM mode=baseline layout=serial scna_width=8 seed=12030 phase=measure iteration=0 checksum=0xbeef5a388476fb41
FIG8_ATTENTION_REFERENCE_TIMING reference_mode=host-fp32 qo_len=1 kv_len=32 n_heads=12 n_kv_heads=2 head_dim=64 elapsed_us=319 ret=0
FIG8_ATTENTION_COMPARE candidate_mode=baseline layout=serial scna_width=8 reference_mode=host-fp32 seed=12030 mask_mode=full qo_len=1 kv_len=32 n_heads=12 n_kv_heads=2 head_dim=64 elements=768 rmse=0.0030770849 relative_l2=0.0620044768 max_abs_error=0.00971385837 candidate_nonfinite=0 reference_nonfinite=0 rmse_limit=0.002 max_abs_limit=0.01 pass=0
FIG8_ATTENTION_COMPARE_HEAD seed=12030 mode=baseline layout=serial head=0 rmse=0.00287562213 max_abs_error=0.00760497153 candidate_first=-0.0407714806 reference_first=-0.0384796485
FIG8_ATTENTION_COMPARE_HEAD seed=12030 mode=baseline layout=serial head=1 rmse=0.00313350628 max_abs_error=0.00900834799 candidate_first=-0.0348510705 reference_first=-0.0326746479
FIG8_ATTENTION_COMPARE_HEAD seed=12030 mode=baseline layout=serial head=2 rmse=0.0028904858 max_abs_error=0.00807030499 candidate_first=-0.0460205041 reference_first=-0.0434595942
FIG8_ATTENTION_COMPARE_HEAD seed=12030 mode=baseline layout=serial head=3 rmse=0.00289789215 max_abs_error=0.00763730705 candidate_first=-0.0429077111 reference_first=-0.0403389074
FIG8_ATTENTION_COMPARE_HEAD seed=12030 mode=baseline layout=serial head=4 rmse=0.002873922 max_abs_error=0.00755063444 candidate_first=-0.0344848596 reference_first=-0.0324352831
FIG8_ATTENTION_COMPARE_HEAD seed=12030 mode=baseline layout=serial head=5 rmse=0.00310355984 max_abs_error=0.00820472091 candidate_first=-0.0421142541 reference_first=-0.0394972041
FIG8_ATTENTION_COMPARE_HEAD seed=12030 mode=baseline layout=serial head=6 rmse=0.00325016887 max_abs_error=0.00849629939 candidate_first=-0.00441741897 reference_first=-0.00418124488
FIG8_ATTENTION_COMPARE_HEAD seed=12030 mode=baseline layout=serial head=7 rmse=0.00303505058 max_abs_error=0.00754265487 candidate_first=-0.0130004873 reference_first=-0.012266648
FIG8_ATTENTION_COMPARE_HEAD seed=12030 mode=baseline layout=serial head=8 rmse=0.0037644438 max_abs_error=0.00971385837 candidate_first=-0.00857543852 reference_first=-0.00800262205
FIG8_ATTENTION_COMPARE_HEAD seed=12030 mode=baseline layout=serial head=9 rmse=0.00282482337 max_abs_error=0.00635629892 candidate_first=-0.0225219708 reference_first=-0.02128735
FIG8_ATTENTION_COMPARE_HEAD seed=12030 mode=baseline layout=serial head=10 rmse=0.00268537155 max_abs_error=0.00656221807 candidate_first=-0.0113525381 reference_first=-0.0108120097
FIG8_ATTENTION_COMPARE_HEAD seed=12030 mode=baseline layout=serial head=11 rmse=0.00342814066 max_abs_error=0.00870217383 candidate_first=-0.0142517081 reference_first=-0.0133859534
