AUDIT_STARTUP_TIMING session_open_us=32716 backend_init_us=1406 main_to_ready_us=34134
FIG8_ATTENTION_CONFIG mode=lut-exp layout=serial variant=pair_static_d8 scna_width=8 seed=12031 mask_mode=full qo_len=1 kv_len=32 kv_pad_len=64 n_heads=12 n_kv_heads=2 head_dim=128 warmup=1 iters=1 q_size=6144 kv_size=16384 mask_size=128 profile_size=5760 profile_max_records=10 profile_max_events=0 mode_flags=4194369 print_events=0 workers=0 q_task_rows=0
FIG8_ATTENTION_HOST_TIMING mode=lut-exp layout=serial variant=pair_static_d8 workers=0 q_task_rows=0 scna_width=8 seed=12031 mask_mode=full qo_len=1 kv_len=32 n_heads=12 n_kv_heads=2 head_dim=128 phase=warmup iteration=0 host_elapsed_us=157 ret=0
FIG8_ATTENTION_PROFILE_COUNT mode=lut-exp qo_len=1 phase=warmup iteration=0 records=2 max_records=10
FIG8_ATTENTION_WORKERS mode=lut-exp variant=pair_static_d8 qo_len=1 phase=warmup iteration=0 requested_workers=0 active_workers=2 hvx_contexts=6 vtcm_worker_cap=8 tasks=2 q_task_rows=4
FIG8_AUDIT_RESOURCE schema_version=2 mode=lut-exp phase=warmup iteration=0 vtcm_total_bytes=8388608 vtcm_reserved_bytes=262144 vtcm_seq_capacity_bytes=8126464 lut_table_bytes=262144 lut_init_us=44 active_workers=2 tasks=2 q_task_rows=4
FIG8_ATTENTION_TIMERS mode=lut-exp layout=serial phase=warmup iteration=0 lut_exp=1 scna_layout=0 scna_width=0 qo_len=1 kv_len=32 n_heads=12 n_kv_heads=2 head_dim=128 kv_head=0 worker=1 profiled_total=14 q_load=1 k_load=2 v_load=0 qk_dot=1 safe_sm=10 scna_exp=0 state_update=0 rowmax_mem=0 rowsum_reduce=0 rowmax_mem_ticks=0 rowsum_reduce_ticks=0 state_update_ticks=0 param_prepare=0 core_acc=0 o_scale=0 o_store=0
FIG8_NUMERIC seed=12031 mode=lut-exp layout=serial kv_head=0 worker=1 qk0_bits=0x362a rowmax0_bits=0x396d rowsum0_bits=0x4cc8 l0_bits=0x4cc8 core_o0_bits=0x36dc inv_l0_bits=0x2aac scaled_o0_bits=0x25b8 p0_first_bits=0x3a88 p0_last_bits=0x0 sum0_first_bits=0x41a2a701 sum0_last_bits=0x41990701 masked_p_nonzero=0 tail_p_nonzero=0 scna_clamp_count=0 score_count=32 centered_score_min=-0.222167969 centered_score_max=0.321777344 final_m0_bits=0x396d final_l0_bits=0x4cc8 final_core_o0_bits=0x36dc p_expected_sum_bits=0x41f96499 p_max_abs_error_bits=0x3ecd6ce8
FIG8_NUMERIC_BLOCK seed=12031 mode=lut-exp layout=serial kv_head=0 block=0 m0_bits=0x396d rowsum0_bits=0x4cc8 l0_bits=0x4cc8 p_scalar_sum_bits=0x41a2af00 reduction_min_bits=0x2f800000 reduction_max_bits=0x41a2a701
FIG8_NUMERIC_QK8 seed=12031 mode=lut-exp layout=serial kv_head=0 bits=0x362a,0x32b4,0xb32f,0x31ef,0xb714,0x3292,0x2eb0,0xb4d3
FIG8_NUMERIC_P8 seed=12031 mode=lut-exp layout=serial kv_head=0 centered_bits=0x306c,0x29b0,0xb098,0x2830,0xb2fe,0x2970,0x9e80,0xb178 p_bits=0x3a88,0x39c8,0x3847,0x39b0,0x375b,0x39c4,0x3960,0x380f
FIG8_ATTENTION_TIMERS mode=lut-exp layout=serial phase=warmup iteration=0 lut_exp=1 scna_layout=0 scna_width=0 qo_len=1 kv_len=32 n_heads=12 n_kv_heads=2 head_dim=128 kv_head=1 worker=0 profiled_total=11 q_load=1 k_load=1 v_load=0 qk_dot=1 safe_sm=4 scna_exp=0 state_update=0 rowmax_mem=0 rowsum_reduce=0 rowmax_mem_ticks=0 rowsum_reduce_ticks=0 state_update_ticks=0 param_prepare=0 core_acc=1 o_scale=1 o_store=2
FIG8_NUMERIC seed=12031 mode=lut-exp layout=serial kv_head=1 worker=0 qk0_bits=0x0 rowmax0_bits=0x0 rowsum0_bits=0x0 l0_bits=0x0 core_o0_bits=0x0 inv_l0_bits=0x0 scaled_o0_bits=0x0 p0_first_bits=0x0 p0_last_bits=0x0 sum0_first_bits=0x0 sum0_last_bits=0x0 masked_p_nonzero=0 tail_p_nonzero=0 scna_clamp_count=0 score_count=0 centered_score_min=0 centered_score_max=0 final_m0_bits=0x0 final_l0_bits=0x0 final_core_o0_bits=0x0 p_expected_sum_bits=0x0 p_max_abs_error_bits=0x0
FIG8_NUMERIC_QK8 seed=12031 mode=lut-exp layout=serial kv_head=1 bits=0x0,0x0,0x0,0x0,0x0,0x0,0x0,0x0
FIG8_NUMERIC_P8 seed=12031 mode=lut-exp layout=serial kv_head=1 centered_bits=0x0,0x0,0x0,0x0,0x0,0x0,0x0,0x0 p_bits=0x0,0x0,0x0,0x0,0x0,0x0,0x0,0x0
FIG8_ATTENTION_EVENT_COUNT mode=lut-exp qo_len=1 phase=warmup iteration=0 events=0 max_events=0 overflow=0
FIG8_ATTENTION_CHECKSUM mode=lut-exp layout=serial scna_width=8 seed=12031 phase=warmup iteration=0 checksum=0xda96fda222de79a4
FIG8_ATTENTION_HOST_TIMING mode=lut-exp layout=serial variant=pair_static_d8 workers=0 q_task_rows=0 scna_width=8 seed=12031 mask_mode=full qo_len=1 kv_len=32 n_heads=12 n_kv_heads=2 head_dim=128 phase=measure iteration=0 host_elapsed_us=172 ret=0
FIG8_ATTENTION_PROFILE_COUNT mode=lut-exp qo_len=1 phase=measure iteration=0 records=2 max_records=10
FIG8_ATTENTION_WORKERS mode=lut-exp variant=pair_static_d8 qo_len=1 phase=measure iteration=0 requested_workers=0 active_workers=2 hvx_contexts=6 vtcm_worker_cap=8 tasks=2 q_task_rows=4
FIG8_AUDIT_RESOURCE schema_version=2 mode=lut-exp phase=measure iteration=0 vtcm_total_bytes=8388608 vtcm_reserved_bytes=262144 vtcm_seq_capacity_bytes=8126464 lut_table_bytes=262144 lut_init_us=44 active_workers=2 tasks=2 q_task_rows=4
FIG8_ATTENTION_TIMERS mode=lut-exp layout=serial phase=measure iteration=0 lut_exp=1 scna_layout=0 scna_width=0 qo_len=1 kv_len=32 n_heads=12 n_kv_heads=2 head_dim=128 kv_head=1 worker=3 profiled_total=2 q_load=0 k_load=1 v_load=0 qk_dot=0 safe_sm=1 scna_exp=0 state_update=0 rowmax_mem=0 rowsum_reduce=0 rowmax_mem_ticks=0 rowsum_reduce_ticks=0 state_update_ticks=0 param_prepare=0 core_acc=0 o_scale=0 o_store=0
FIG8_NUMERIC seed=12031 mode=lut-exp layout=serial kv_head=1 worker=3 qk0_bits=0x0 rowmax0_bits=0x0 rowsum0_bits=0x0 l0_bits=0x0 core_o0_bits=0x0 inv_l0_bits=0x0 scaled_o0_bits=0x0 p0_first_bits=0x0 p0_last_bits=0x0 sum0_first_bits=0x0 sum0_last_bits=0x0 masked_p_nonzero=0 tail_p_nonzero=0 scna_clamp_count=0 score_count=0 centered_score_min=0 centered_score_max=0 final_m0_bits=0x0 final_l0_bits=0x0 final_core_o0_bits=0x0 p_expected_sum_bits=0x0 p_max_abs_error_bits=0x0
FIG8_NUMERIC_QK8 seed=12031 mode=lut-exp layout=serial kv_head=1 bits=0x0,0x0,0x0,0x0,0x0,0x0,0x0,0x0
FIG8_NUMERIC_P8 seed=12031 mode=lut-exp layout=serial kv_head=1 centered_bits=0x0,0x0,0x0,0x0,0x0,0x0,0x0,0x0 p_bits=0x0,0x0,0x0,0x0,0x0,0x0,0x0,0x0
FIG8_ATTENTION_TIMERS mode=lut-exp layout=serial phase=measure iteration=0 lut_exp=1 scna_layout=0 scna_width=0 qo_len=1 kv_len=32 n_heads=12 n_kv_heads=2 head_dim=128 kv_head=0 worker=2 profiled_total=8 q_load=0 k_load=1 v_load=0 qk_dot=0 safe_sm=7 scna_exp=0 state_update=0 rowmax_mem=0 rowsum_reduce=0 rowmax_mem_ticks=0 rowsum_reduce_ticks=0 state_update_ticks=0 param_prepare=0 core_acc=0 o_scale=0 o_store=0
FIG8_NUMERIC seed=12031 mode=lut-exp layout=serial kv_head=0 worker=2 qk0_bits=0x362a rowmax0_bits=0x396d rowsum0_bits=0x4cc8 l0_bits=0x4cc8 core_o0_bits=0x36dc inv_l0_bits=0x2aac scaled_o0_bits=0x25b8 p0_first_bits=0x3a88 p0_last_bits=0x0 sum0_first_bits=0x41a2a701 sum0_last_bits=0x41990701 masked_p_nonzero=0 tail_p_nonzero=0 scna_clamp_count=0 score_count=32 centered_score_min=-0.222167969 centered_score_max=0.321777344 final_m0_bits=0x396d final_l0_bits=0x4cc8 final_core_o0_bits=0x36dc p_expected_sum_bits=0x41f96499 p_max_abs_error_bits=0x3ecd6ce8
FIG8_NUMERIC_BLOCK seed=12031 mode=lut-exp layout=serial kv_head=0 block=0 m0_bits=0x396d rowsum0_bits=0x4cc8 l0_bits=0x4cc8 p_scalar_sum_bits=0x41a2af00 reduction_min_bits=0x2f800000 reduction_max_bits=0x41a2a701
FIG8_NUMERIC_QK8 seed=12031 mode=lut-exp layout=serial kv_head=0 bits=0x362a,0x32b4,0xb32f,0x31ef,0xb714,0x3292,0x2eb0,0xb4d3
FIG8_NUMERIC_P8 seed=12031 mode=lut-exp layout=serial kv_head=0 centered_bits=0x306c,0x29b0,0xb098,0x2830,0xb2fe,0x2970,0x9e80,0xb178 p_bits=0x3a88,0x39c8,0x3847,0x39b0,0x375b,0x39c4,0x3960,0x380f
FIG8_ATTENTION_EVENT_COUNT mode=lut-exp qo_len=1 phase=measure iteration=0 events=0 max_events=0 overflow=0
FIG8_ATTENTION_CHECKSUM mode=lut-exp layout=serial scna_width=8 seed=12031 phase=measure iteration=0 checksum=0xda96fda222de79a4
FIG8_ATTENTION_REFERENCE_TIMING reference_mode=host-fp32 qo_len=1 kv_len=32 n_heads=12 n_kv_heads=2 head_dim=128 elapsed_us=618 ret=0
FIG8_ATTENTION_COMPARE candidate_mode=lut-exp layout=serial scna_width=8 reference_mode=host-fp32 seed=12031 mask_mode=full qo_len=1 kv_len=32 n_heads=12 n_kv_heads=2 head_dim=128 elements=1536 rmse=0.00300977938 relative_l2=0.0601595752 max_abs_error=0.010266453 candidate_nonfinite=0 reference_nonfinite=0 rmse_limit=0.002 max_abs_limit=0.01 pass=0
FIG8_ATTENTION_COMPARE_HEAD seed=12031 mode=lut-exp layout=serial head=0 rmse=0.00285765762 max_abs_error=0.00748635083 candidate_first=0.0223388691 reference_first=0.0210897084
FIG8_ATTENTION_COMPARE_HEAD seed=12031 mode=lut-exp layout=serial head=1 rmse=0.00302721094 max_abs_error=0.00779816508 candidate_first=0.042297367 reference_first=0.0398251936
FIG8_ATTENTION_COMPARE_HEAD seed=12031 mode=lut-exp layout=serial head=2 rmse=0.00290090451 max_abs_error=0.00906893611 candidate_first=0.0301818866 reference_first=0.0284904912
FIG8_ATTENTION_COMPARE_HEAD seed=12031 mode=lut-exp layout=serial head=3 rmse=0.00290367822 max_abs_error=0.00842899084 candidate_first=0.0210266132 reference_first=0.0198705159
FIG8_ATTENTION_COMPARE_HEAD seed=12031 mode=lut-exp layout=serial head=4 rmse=0.00257507549 max_abs_error=0.00766642392 candidate_first=0.035278324 reference_first=0.0335094109
FIG8_ATTENTION_COMPARE_HEAD seed=12031 mode=lut-exp layout=serial head=5 rmse=0.00269272039 max_abs_error=0.0090842247 candidate_first=0.0360717811 reference_first=0.0342482552
FIG8_ATTENTION_COMPARE_HEAD seed=12031 mode=lut-exp layout=serial head=6 rmse=0.00330465683 max_abs_error=0.00974953175 candidate_first=0.0684814528 reference_first=0.0642814487
FIG8_ATTENTION_COMPARE_HEAD seed=12031 mode=lut-exp layout=serial head=7 rmse=0.00328693818 max_abs_error=0.0094281435 candidate_first=0.0601196326 reference_first=0.056507796
FIG8_ATTENTION_COMPARE_HEAD seed=12031 mode=lut-exp layout=serial head=8 rmse=0.00296265283 max_abs_error=0.00848768651 candidate_first=0.0466918983 reference_first=0.0442180969
FIG8_ATTENTION_COMPARE_HEAD seed=12031 mode=lut-exp layout=serial head=9 rmse=0.00331815728 max_abs_error=0.010266453 candidate_first=0.0597534217 reference_first=0.0560749397
FIG8_ATTENTION_COMPARE_HEAD seed=12031 mode=lut-exp layout=serial head=10 rmse=0.00281209196 max_abs_error=0.00791929662 candidate_first=0.0766601637 reference_first=0.0727652013
FIG8_ATTENTION_COMPARE_HEAD seed=12031 mode=lut-exp layout=serial head=11 rmse=0.00335061643 max_abs_error=0.009591043 candidate_first=0.0560913123 reference_first=0.0526625402
