AUDIT_STARTUP_TIMING session_open_us=29753 backend_init_us=1339 main_to_ready_us=31103
FIG8_ATTENTION_CONFIG mode=scna-fp16 layout=serial variant=pair_static_d8 scna_width=8 seed=29101 mask_mode=full qo_len=1 kv_len=32 kv_pad_len=64 n_heads=12 n_kv_heads=2 head_dim=64 warmup=1 iters=1 q_size=3072 kv_size=8192 mask_size=128 profile_size=5760 profile_max_records=10 profile_max_events=0 mode_flags=4197460 print_events=0 workers=0 q_task_rows=0
FIG8_ATTENTION_HOST_TIMING mode=scna-fp16 layout=serial variant=pair_static_d8 workers=0 q_task_rows=0 scna_width=8 seed=29101 mask_mode=full qo_len=1 kv_len=32 n_heads=12 n_kv_heads=2 head_dim=64 phase=warmup iteration=0 host_elapsed_us=122 ret=0
FIG8_ATTENTION_PROFILE_COUNT mode=scna-fp16 qo_len=1 phase=warmup iteration=0 records=2 max_records=10
FIG8_ATTENTION_WORKERS mode=scna-fp16 variant=pair_static_d8 qo_len=1 phase=warmup iteration=0 requested_workers=0 active_workers=2 hvx_contexts=6 vtcm_worker_cap=8 tasks=2 q_task_rows=4
FIG8_AUDIT_RESOURCE schema_version=2 mode=scna-fp16 phase=warmup iteration=0 vtcm_total_bytes=8388608 vtcm_reserved_bytes=262144 vtcm_seq_capacity_bytes=8126464 lut_table_bytes=262144 lut_init_us=44 active_workers=2 tasks=2 q_task_rows=4
FIG8_ATTENTION_TIMERS mode=scna-fp16 layout=serial phase=warmup iteration=0 lut_exp=0 scna_layout=0 scna_width=8 qo_len=1 kv_len=32 n_heads=12 n_kv_heads=2 head_dim=64 kv_head=0 worker=1 profiled_total=14 q_load=1 k_load=1 v_load=0 qk_dot=1 safe_sm=11 scna_exp=8 state_update=0 rowmax_mem=0 rowsum_reduce=0 rowmax_mem_ticks=0 rowsum_reduce_ticks=0 state_update_ticks=0 param_prepare=0 core_acc=0 o_scale=0 o_store=0
FIG8_NUMERIC seed=29101 mode=scna-fp16 layout=serial kv_head=0 worker=1 qk0_bits=0x2cec rowmax0_bits=0x37fe rowsum0_bits=0x4e2a l0_bits=0x4e2a core_o0_bits=0x2c44 inv_l0_bits=0x292c scaled_o0_bits=0x1984 p0_first_bits=0x3ad4 p0_last_bits=0x0 sum0_first_bits=0x41d1c602 sum0_last_bits=0x41c53601 masked_p_nonzero=0 tail_p_nonzero=0 scna_clamp_count=0 score_count=32 centered_score_min=-1.07519531 centered_score_max=0 final_m0_bits=0x37fe final_l0_bits=0x4e2a final_core_o0_bits=0x2c44 p_expected_sum_bits=0x41b588f3 p_max_abs_error_bits=0x3e1b49e8
FIG8_NUMERIC_BLOCK seed=29101 mode=scna-fp16 layout=serial kv_head=0 block=0 m0_bits=0x37fe rowsum0_bits=0x4e2a l0_bits=0x4e2a p_scalar_sum_bits=0x41d1ce00 reduction_min_bits=0x2f800000 reduction_max_bits=0x41d1c602
FIG8_NUMERIC_QK8 seed=29101 mode=scna-fp16 layout=serial kv_head=0 bits=0x2cec,0xaa94,0x2e8d,0xb673,0x3230,0x34cb,0xb89b,0x374a
FIG8_NUMERIC_P8 seed=29101 mode=scna-fp16 layout=serial kv_head=0 centered_bits=0xb6c3,0xb868,0xb65b,0xbb38,0xb4e6,0xb266,0xbc4d,0xa9a0 p_bits=0x3ad4,0x3a78,0x3ae5,0x397d,0x3b26,0x3b72,0x3902,0x3be1
FIG8_ATTENTION_TIMERS mode=scna-fp16 layout=serial phase=warmup iteration=0 lut_exp=0 scna_layout=0 scna_width=8 qo_len=1 kv_len=32 n_heads=12 n_kv_heads=2 head_dim=64 kv_head=1 worker=0 profiled_total=11 q_load=1 k_load=1 v_load=0 qk_dot=1 safe_sm=5 scna_exp=2 state_update=0 rowmax_mem=0 rowsum_reduce=0 rowmax_mem_ticks=0 rowsum_reduce_ticks=0 state_update_ticks=0 param_prepare=0 core_acc=1 o_scale=1 o_store=1
FIG8_NUMERIC seed=29101 mode=scna-fp16 layout=serial kv_head=1 worker=0 qk0_bits=0x0 rowmax0_bits=0x0 rowsum0_bits=0x0 l0_bits=0x0 core_o0_bits=0x0 inv_l0_bits=0x0 scaled_o0_bits=0x0 p0_first_bits=0x0 p0_last_bits=0x0 sum0_first_bits=0x0 sum0_last_bits=0x0 masked_p_nonzero=0 tail_p_nonzero=0 scna_clamp_count=0 score_count=0 centered_score_min=0 centered_score_max=0 final_m0_bits=0x0 final_l0_bits=0x0 final_core_o0_bits=0x0 p_expected_sum_bits=0x0 p_max_abs_error_bits=0x0
FIG8_NUMERIC_QK8 seed=29101 mode=scna-fp16 layout=serial kv_head=1 bits=0x0,0x0,0x0,0x0,0x0,0x0,0x0,0x0
FIG8_NUMERIC_P8 seed=29101 mode=scna-fp16 layout=serial kv_head=1 centered_bits=0x0,0x0,0x0,0x0,0x0,0x0,0x0,0x0 p_bits=0x0,0x0,0x0,0x0,0x0,0x0,0x0,0x0
FIG8_ATTENTION_EVENT_COUNT mode=scna-fp16 qo_len=1 phase=warmup iteration=0 events=0 max_events=0 overflow=0
FIG8_ATTENTION_CHECKSUM mode=scna-fp16 layout=serial scna_width=8 seed=29101 phase=warmup iteration=0 checksum=0xb0d573721157e193
FIG8_ATTENTION_HOST_TIMING mode=scna-fp16 layout=serial variant=pair_static_d8 workers=0 q_task_rows=0 scna_width=8 seed=29101 mask_mode=full qo_len=1 kv_len=32 n_heads=12 n_kv_heads=2 head_dim=64 phase=measure iteration=0 host_elapsed_us=249 ret=0
FIG8_ATTENTION_PROFILE_COUNT mode=scna-fp16 qo_len=1 phase=measure iteration=0 records=2 max_records=10
FIG8_ATTENTION_WORKERS mode=scna-fp16 variant=pair_static_d8 qo_len=1 phase=measure iteration=0 requested_workers=0 active_workers=2 hvx_contexts=6 vtcm_worker_cap=8 tasks=2 q_task_rows=4
FIG8_AUDIT_RESOURCE schema_version=2 mode=scna-fp16 phase=measure iteration=0 vtcm_total_bytes=8388608 vtcm_reserved_bytes=262144 vtcm_seq_capacity_bytes=8126464 lut_table_bytes=262144 lut_init_us=44 active_workers=2 tasks=2 q_task_rows=4
FIG8_ATTENTION_TIMERS mode=scna-fp16 layout=serial phase=measure iteration=0 lut_exp=0 scna_layout=0 scna_width=8 qo_len=1 kv_len=32 n_heads=12 n_kv_heads=2 head_dim=64 kv_head=1 worker=3 profiled_total=1 q_load=0 k_load=0 v_load=0 qk_dot=0 safe_sm=1 scna_exp=0 state_update=0 rowmax_mem=0 rowsum_reduce=0 rowmax_mem_ticks=0 rowsum_reduce_ticks=0 state_update_ticks=0 param_prepare=0 core_acc=0 o_scale=0 o_store=0
FIG8_NUMERIC seed=29101 mode=scna-fp16 layout=serial kv_head=1 worker=3 qk0_bits=0x0 rowmax0_bits=0x0 rowsum0_bits=0x0 l0_bits=0x0 core_o0_bits=0x0 inv_l0_bits=0x0 scaled_o0_bits=0x0 p0_first_bits=0x0 p0_last_bits=0x0 sum0_first_bits=0x0 sum0_last_bits=0x0 masked_p_nonzero=0 tail_p_nonzero=0 scna_clamp_count=0 score_count=0 centered_score_min=0 centered_score_max=0 final_m0_bits=0x0 final_l0_bits=0x0 final_core_o0_bits=0x0 p_expected_sum_bits=0x0 p_max_abs_error_bits=0x0
FIG8_NUMERIC_QK8 seed=29101 mode=scna-fp16 layout=serial kv_head=1 bits=0x0,0x0,0x0,0x0,0x0,0x0,0x0,0x0
FIG8_NUMERIC_P8 seed=29101 mode=scna-fp16 layout=serial kv_head=1 centered_bits=0x0,0x0,0x0,0x0,0x0,0x0,0x0,0x0 p_bits=0x0,0x0,0x0,0x0,0x0,0x0,0x0,0x0
FIG8_ATTENTION_TIMERS mode=scna-fp16 layout=serial phase=measure iteration=0 lut_exp=0 scna_layout=0 scna_width=8 qo_len=1 kv_len=32 n_heads=12 n_kv_heads=2 head_dim=64 kv_head=0 worker=2 profiled_total=7 q_load=0 k_load=0 v_load=0 qk_dot=0 safe_sm=7 scna_exp=6 state_update=0 rowmax_mem=0 rowsum_reduce=0 rowmax_mem_ticks=0 rowsum_reduce_ticks=0 state_update_ticks=0 param_prepare=0 core_acc=0 o_scale=0 o_store=0
FIG8_NUMERIC seed=29101 mode=scna-fp16 layout=serial kv_head=0 worker=2 qk0_bits=0x2cec rowmax0_bits=0x37fe rowsum0_bits=0x4e2a l0_bits=0x4e2a core_o0_bits=0x2c44 inv_l0_bits=0x292c scaled_o0_bits=0x1984 p0_first_bits=0x3ad4 p0_last_bits=0x0 sum0_first_bits=0x41d1c602 sum0_last_bits=0x41c53601 masked_p_nonzero=0 tail_p_nonzero=0 scna_clamp_count=0 score_count=32 centered_score_min=-1.07519531 centered_score_max=0 final_m0_bits=0x37fe final_l0_bits=0x4e2a final_core_o0_bits=0x2c44 p_expected_sum_bits=0x41b588f3 p_max_abs_error_bits=0x3e1b49e8
FIG8_NUMERIC_BLOCK seed=29101 mode=scna-fp16 layout=serial kv_head=0 block=0 m0_bits=0x37fe rowsum0_bits=0x4e2a l0_bits=0x4e2a p_scalar_sum_bits=0x41d1ce00 reduction_min_bits=0x2f800000 reduction_max_bits=0x41d1c602
FIG8_NUMERIC_QK8 seed=29101 mode=scna-fp16 layout=serial kv_head=0 bits=0x2cec,0xaa94,0x2e8d,0xb673,0x3230,0x34cb,0xb89b,0x374a
FIG8_NUMERIC_P8 seed=29101 mode=scna-fp16 layout=serial kv_head=0 centered_bits=0xb6c3,0xb868,0xb65b,0xbb38,0xb4e6,0xb266,0xbc4d,0xa9a0 p_bits=0x3ad4,0x3a78,0x3ae5,0x397d,0x3b26,0x3b72,0x3902,0x3be1
FIG8_ATTENTION_EVENT_COUNT mode=scna-fp16 qo_len=1 phase=measure iteration=0 events=0 max_events=0 overflow=0
FIG8_ATTENTION_CHECKSUM mode=scna-fp16 layout=serial scna_width=8 seed=29101 phase=measure iteration=0 checksum=0xb0d573721157e193
FIG8_ATTENTION_REFERENCE_TIMING reference_mode=host-fp32 qo_len=1 kv_len=32 n_heads=12 n_kv_heads=2 head_dim=64 elapsed_us=120 ret=0
FIG8_ATTENTION_COMPARE candidate_mode=scna-fp16 layout=serial scna_width=8 reference_mode=host-fp32 seed=29101 mask_mode=full qo_len=1 kv_len=32 n_heads=12 n_kv_heads=2 head_dim=64 elements=768 rmse=0.0047032088 relative_l2=0.0872666538 max_abs_error=0.0145610124 candidate_nonfinite=0 reference_nonfinite=0 rmse_limit=0.002 max_abs_limit=0.01 pass=0
FIG8_ATTENTION_COMPARE_HEAD seed=29101 mode=scna-fp16 layout=serial head=0 rmse=0.00424371194 max_abs_error=0.0118375942 candidate_first=0.0026931765 reference_first=0.00352367293
FIG8_ATTENTION_COMPARE_HEAD seed=29101 mode=scna-fp16 layout=serial head=1 rmse=0.004859359 max_abs_error=0.0112620518 candidate_first=0.00801086519 reference_first=0.0111844083
FIG8_ATTENTION_COMPARE_HEAD seed=29101 mode=scna-fp16 layout=serial head=2 rmse=0.00524039147 max_abs_error=0.0137786642 candidate_first=0.00738525437 reference_first=0.00923542492
FIG8_ATTENTION_COMPARE_HEAD seed=29101 mode=scna-fp16 layout=serial head=3 rmse=0.00421751756 max_abs_error=0.011751391 candidate_first=0.00246429467 reference_first=0.00238024024
FIG8_ATTENTION_COMPARE_HEAD seed=29101 mode=scna-fp16 layout=serial head=4 rmse=0.0040836772 max_abs_error=0.00956186652 candidate_first=0.014678956 reference_first=0.0210601557
FIG8_ATTENTION_COMPARE_HEAD seed=29101 mode=scna-fp16 layout=serial head=5 rmse=0.00511978427 max_abs_error=0.0145610124 candidate_first=0.00317382836 reference_first=0.00208405824
FIG8_ATTENTION_COMPARE_HEAD seed=29101 mode=scna-fp16 layout=serial head=6 rmse=0.00436508935 max_abs_error=0.0127081051 candidate_first=0.115356453 reference_first=0.113057531
FIG8_ATTENTION_COMPARE_HEAD seed=29101 mode=scna-fp16 layout=serial head=7 rmse=0.00488238689 max_abs_error=0.0127659589 candidate_first=0.107543953 reference_first=0.0998436809
FIG8_ATTENTION_COMPARE_HEAD seed=29101 mode=scna-fp16 layout=serial head=8 rmse=0.00451994268 max_abs_error=0.0103343241 candidate_first=0.105590828 reference_first=0.0985148847
FIG8_ATTENTION_COMPARE_HEAD seed=29101 mode=scna-fp16 layout=serial head=9 rmse=0.00507055921 max_abs_error=0.0136667937 candidate_first=0.109130867 reference_first=0.104596861
FIG8_ATTENTION_COMPARE_HEAD seed=29101 mode=scna-fp16 layout=serial head=10 rmse=0.0049626641 max_abs_error=0.0121209919 candidate_first=0.116210945 reference_first=0.112112097
FIG8_ATTENTION_COMPARE_HEAD seed=29101 mode=scna-fp16 layout=serial head=11 rmse=0.00469272537 max_abs_error=0.0109458268 candidate_first=0.111450203 reference_first=0.105206974
