FIG8_ATTENTION_CONFIG mode=scna-fp16 layout=serial variant=pair_static_d8 scna_width=8 seed=figure8_fixed mask_mode=full qo_len=32 kv_len=4096 kv_pad_len=4096 n_heads=12 n_kv_heads=2 head_dim=128 warmup=5 iters=20 q_size=196608 kv_size=2097152 mask_size=262144 profile_size=13568 profile_max_records=24 profile_max_events=0 mode_flags=3214356 print_events=0 workers=1 q_task_rows=32
FIG8_ATTENTION_HOST_TIMING mode=scna-fp16 layout=serial variant=pair_static_d8 workers=1 q_task_rows=32 scna_width=8 seed=figure8_fixed mask_mode=full qo_len=32 kv_len=4096 n_heads=12 n_kv_heads=2 head_dim=128 phase=warmup iteration=0 host_elapsed_us=2358 ret=0
FIG8_ATTENTION_PROFILE_COUNT mode=scna-fp16 qo_len=32 phase=warmup iteration=0 records=2 max_records=24
FIG8_ATTENTION_WORKERS mode=scna-fp16 variant=pair_static_d8 qo_len=32 phase=warmup iteration=0 requested_workers=1 active_workers=1 hvx_contexts=6 vtcm_worker_cap=8 tasks=2 q_task_rows=32
FIG8_ATTENTION_TIMERS mode=scna-fp16 layout=serial phase=warmup iteration=0 lut_exp=0 scna_layout=0 scna_width=8 qo_len=32 kv_len=4096 n_heads=12 n_kv_heads=2 head_dim=128 kv_head=0 worker=0 profiled_total=986 q_load=8 k_load=71 v_load=50 qk_dot=13 safe_sm=816 scna_exp=485 state_update=0 rowmax_mem=0 rowsum_reduce=0 rowmax_mem_ticks=0 rowsum_reduce_ticks=0 state_update_ticks=0 param_prepare=0 core_acc=13 o_scale=3 o_store=12
FIG8_ATTENTION_TIMERS mode=scna-fp16 layout=serial phase=warmup iteration=0 lut_exp=0 scna_layout=0 scna_width=8 qo_len=32 kv_len=4096 n_heads=12 n_kv_heads=2 head_dim=128 kv_head=1 worker=0 profiled_total=981 q_load=9 k_load=70 v_load=50 qk_dot=12 safe_sm=817 scna_exp=485 state_update=0 rowmax_mem=0 rowsum_reduce=0 rowmax_mem_ticks=0 rowsum_reduce_ticks=0 state_update_ticks=0 param_prepare=0 core_acc=11 o_scale=2 o_store=10
FIG8_ATTENTION_EVENT_COUNT mode=scna-fp16 qo_len=32 phase=warmup iteration=0 events=0 max_events=0 overflow=0
FIG8_ATTENTION_CHECKSUM mode=scna-fp16 layout=serial scna_width=8 seed=figure8_fixed phase=warmup iteration=0 checksum=0x6b1f55899c678a09
FIG8_ATTENTION_HOST_TIMING mode=scna-fp16 layout=serial variant=pair_static_d8 workers=1 q_task_rows=32 scna_width=8 seed=figure8_fixed mask_mode=full qo_len=32 kv_len=4096 n_heads=12 n_kv_heads=2 head_dim=128 phase=warmup iteration=1 host_elapsed_us=2272 ret=0
FIG8_ATTENTION_PROFILE_COUNT mode=scna-fp16 qo_len=32 phase=warmup iteration=1 records=2 max_records=24
FIG8_ATTENTION_WORKERS mode=scna-fp16 variant=pair_static_d8 qo_len=32 phase=warmup iteration=1 requested_workers=1 active_workers=1 hvx_contexts=6 vtcm_worker_cap=8 tasks=2 q_task_rows=32
FIG8_ATTENTION_TIMERS mode=scna-fp16 layout=serial phase=warmup iteration=1 lut_exp=0 scna_layout=0 scna_width=8 qo_len=32 kv_len=4096 n_heads=12 n_kv_heads=2 head_dim=128 kv_head=0 worker=1 profiled_total=964 q_load=7 k_load=67 v_load=47 qk_dot=12 safe_sm=806 scna_exp=481 state_update=0 rowmax_mem=0 rowsum_reduce=0 rowmax_mem_ticks=0 rowsum_reduce_ticks=0 state_update_ticks=0 param_prepare=0 core_acc=12 o_scale=3 o_store=10
FIG8_ATTENTION_TIMERS mode=scna-fp16 layout=serial phase=warmup iteration=1 lut_exp=0 scna_layout=0 scna_width=8 qo_len=32 kv_len=4096 n_heads=12 n_kv_heads=2 head_dim=128 kv_head=1 worker=1 profiled_total=966 q_load=8 k_load=65 v_load=46 qk_dot=11 safe_sm=812 scna_exp=481 state_update=0 rowmax_mem=0 rowsum_reduce=0 rowmax_mem_ticks=0 rowsum_reduce_ticks=0 state_update_ticks=0 param_prepare=0 core_acc=12 o_scale=2 o_store=10
FIG8_ATTENTION_EVENT_COUNT mode=scna-fp16 qo_len=32 phase=warmup iteration=1 events=0 max_events=0 overflow=0
FIG8_ATTENTION_CHECKSUM mode=scna-fp16 layout=serial scna_width=8 seed=figure8_fixed phase=warmup iteration=1 checksum=0x6b1f55899c678a09
FIG8_ATTENTION_HOST_TIMING mode=scna-fp16 layout=serial variant=pair_static_d8 workers=1 q_task_rows=32 scna_width=8 seed=figure8_fixed mask_mode=full qo_len=32 kv_len=4096 n_heads=12 n_kv_heads=2 head_dim=128 phase=warmup iteration=2 host_elapsed_us=2248 ret=0
FIG8_ATTENTION_PROFILE_COUNT mode=scna-fp16 qo_len=32 phase=warmup iteration=2 records=2 max_records=24
FIG8_ATTENTION_WORKERS mode=scna-fp16 variant=pair_static_d8 qo_len=32 phase=warmup iteration=2 requested_workers=1 active_workers=1 hvx_contexts=6 vtcm_worker_cap=8 tasks=2 q_task_rows=32
FIG8_ATTENTION_TIMERS mode=scna-fp16 layout=serial phase=warmup iteration=2 lut_exp=0 scna_layout=0 scna_width=8 qo_len=32 kv_len=4096 n_heads=12 n_kv_heads=2 head_dim=128 kv_head=0 worker=2 profiled_total=963 q_load=7 k_load=65 v_load=48 qk_dot=11 safe_sm=807 scna_exp=480 state_update=0 rowmax_mem=0 rowsum_reduce=0 rowmax_mem_ticks=0 rowsum_reduce_ticks=0 state_update_ticks=0 param_prepare=0 core_acc=12 o_scale=3 o_store=10
FIG8_ATTENTION_TIMERS mode=scna-fp16 layout=serial phase=warmup iteration=2 lut_exp=0 scna_layout=0 scna_width=8 qo_len=32 kv_len=4096 n_heads=12 n_kv_heads=2 head_dim=128 kv_head=1 worker=2 profiled_total=964 q_load=8 k_load=67 v_load=42 qk_dot=12 safe_sm=811 scna_exp=481 state_update=0 rowmax_mem=0 rowsum_reduce=0 rowmax_mem_ticks=0 rowsum_reduce_ticks=0 state_update_ticks=0 param_prepare=0 core_acc=12 o_scale=2 o_store=10
FIG8_ATTENTION_EVENT_COUNT mode=scna-fp16 qo_len=32 phase=warmup iteration=2 events=0 max_events=0 overflow=0
FIG8_ATTENTION_CHECKSUM mode=scna-fp16 layout=serial scna_width=8 seed=figure8_fixed phase=warmup iteration=2 checksum=0x6b1f55899c678a09
FIG8_ATTENTION_HOST_TIMING mode=scna-fp16 layout=serial variant=pair_static_d8 workers=1 q_task_rows=32 scna_width=8 seed=figure8_fixed mask_mode=full qo_len=32 kv_len=4096 n_heads=12 n_kv_heads=2 head_dim=128 phase=warmup iteration=3 host_elapsed_us=2241 ret=0
FIG8_ATTENTION_PROFILE_COUNT mode=scna-fp16 qo_len=32 phase=warmup iteration=3 records=2 max_records=24
FIG8_ATTENTION_WORKERS mode=scna-fp16 variant=pair_static_d8 qo_len=32 phase=warmup iteration=3 requested_workers=1 active_workers=1 hvx_contexts=6 vtcm_worker_cap=8 tasks=2 q_task_rows=32
FIG8_ATTENTION_TIMERS mode=scna-fp16 layout=serial phase=warmup iteration=3 lut_exp=0 scna_layout=0 scna_width=8 qo_len=32 kv_len=4096 n_heads=12 n_kv_heads=2 head_dim=128 kv_head=0 worker=3 profiled_total=969 q_load=7 k_load=66 v_load=50 qk_dot=12 safe_sm=808 scna_exp=480 state_update=0 rowmax_mem=0 rowsum_reduce=0 rowmax_mem_ticks=0 rowsum_reduce_ticks=0 state_update_ticks=0 param_prepare=0 core_acc=13 o_scale=3 o_store=10
FIG8_ATTENTION_TIMERS mode=scna-fp16 layout=serial phase=warmup iteration=3 lut_exp=0 scna_layout=0 scna_width=8 qo_len=32 kv_len=4096 n_heads=12 n_kv_heads=2 head_dim=128 kv_head=1 worker=3 profiled_total=975 q_load=8 k_load=69 v_load=43 qk_dot=11 safe_sm=820 scna_exp=482 state_update=0 rowmax_mem=0 rowsum_reduce=0 rowmax_mem_ticks=0 rowsum_reduce_ticks=0 state_update_ticks=0 param_prepare=0 core_acc=12 o_scale=2 o_store=10
FIG8_ATTENTION_EVENT_COUNT mode=scna-fp16 qo_len=32 phase=warmup iteration=3 events=0 max_events=0 overflow=0
FIG8_ATTENTION_CHECKSUM mode=scna-fp16 layout=serial scna_width=8 seed=figure8_fixed phase=warmup iteration=3 checksum=0x6b1f55899c678a09
FIG8_ATTENTION_HOST_TIMING mode=scna-fp16 layout=serial variant=pair_static_d8 workers=1 q_task_rows=32 scna_width=8 seed=figure8_fixed mask_mode=full qo_len=32 kv_len=4096 n_heads=12 n_kv_heads=2 head_dim=128 phase=warmup iteration=4 host_elapsed_us=2150 ret=0
FIG8_ATTENTION_PROFILE_COUNT mode=scna-fp16 qo_len=32 phase=warmup iteration=4 records=2 max_records=24
FIG8_ATTENTION_WORKERS mode=scna-fp16 variant=pair_static_d8 qo_len=32 phase=warmup iteration=4 requested_workers=1 active_workers=1 hvx_contexts=6 vtcm_worker_cap=8 tasks=2 q_task_rows=32
FIG8_ATTENTION_TIMERS mode=scna-fp16 layout=serial phase=warmup iteration=4 lut_exp=0 scna_layout=0 scna_width=8 qo_len=32 kv_len=4096 n_heads=12 n_kv_heads=2 head_dim=128 kv_head=0 worker=4 profiled_total=944 q_load=7 k_load=65 v_load=46 qk_dot=11 safe_sm=792 scna_exp=479 state_update=0 rowmax_mem=0 rowsum_reduce=0 rowmax_mem_ticks=0 rowsum_reduce_ticks=0 state_update_ticks=0 param_prepare=0 core_acc=11 o_scale=2 o_store=10
FIG8_ATTENTION_TIMERS mode=scna-fp16 layout=serial phase=warmup iteration=4 lut_exp=0 scna_layout=0 scna_width=8 qo_len=32 kv_len=4096 n_heads=12 n_kv_heads=2 head_dim=128 kv_head=1 worker=4 profiled_total=950 q_load=8 k_load=70 v_load=42 qk_dot=11 safe_sm=796 scna_exp=481 state_update=0 rowmax_mem=0 rowsum_reduce=0 rowmax_mem_ticks=0 rowsum_reduce_ticks=0 state_update_ticks=0 param_prepare=0 core_acc=11 o_scale=2 o_store=10
FIG8_ATTENTION_EVENT_COUNT mode=scna-fp16 qo_len=32 phase=warmup iteration=4 events=0 max_events=0 overflow=0
FIG8_ATTENTION_CHECKSUM mode=scna-fp16 layout=serial scna_width=8 seed=figure8_fixed phase=warmup iteration=4 checksum=0x6b1f55899c678a09
FIG8_ATTENTION_HOST_TIMING mode=scna-fp16 layout=serial variant=pair_static_d8 workers=1 q_task_rows=32 scna_width=8 seed=figure8_fixed mask_mode=full qo_len=32 kv_len=4096 n_heads=12 n_kv_heads=2 head_dim=128 phase=measure iteration=0 host_elapsed_us=2299 ret=0
FIG8_ATTENTION_PROFILE_COUNT mode=scna-fp16 qo_len=32 phase=measure iteration=0 records=2 max_records=24
FIG8_ATTENTION_WORKERS mode=scna-fp16 variant=pair_static_d8 qo_len=32 phase=measure iteration=0 requested_workers=1 active_workers=1 hvx_contexts=6 vtcm_worker_cap=8 tasks=2 q_task_rows=32
FIG8_ATTENTION_TIMERS mode=scna-fp16 layout=serial phase=measure iteration=0 lut_exp=0 scna_layout=0 scna_width=8 qo_len=32 kv_len=4096 n_heads=12 n_kv_heads=2 head_dim=128 kv_head=0 worker=5 profiled_total=960 q_load=7 k_load=65 v_load=47 qk_dot=11 safe_sm=806 scna_exp=479 state_update=0 rowmax_mem=0 rowsum_reduce=0 rowmax_mem_ticks=0 rowsum_reduce_ticks=0 state_update_ticks=0 param_prepare=0 core_acc=11 o_scale=3 o_store=10
FIG8_ATTENTION_TIMERS mode=scna-fp16 layout=serial phase=measure iteration=0 lut_exp=0 scna_layout=0 scna_width=8 qo_len=32 kv_len=4096 n_heads=12 n_kv_heads=2 head_dim=128 kv_head=1 worker=5 profiled_total=985 q_load=8 k_load=67 v_load=44 qk_dot=12 safe_sm=831 scna_exp=481 state_update=0 rowmax_mem=0 rowsum_reduce=0 rowmax_mem_ticks=0 rowsum_reduce_ticks=0 state_update_ticks=0 param_prepare=0 core_acc=12 o_scale=1 o_store=10
FIG8_ATTENTION_EVENT_COUNT mode=scna-fp16 qo_len=32 phase=measure iteration=0 events=0 max_events=0 overflow=0
FIG8_ATTENTION_CHECKSUM mode=scna-fp16 layout=serial scna_width=8 seed=figure8_fixed phase=measure iteration=0 checksum=0x6b1f55899c678a09
FIG8_ATTENTION_HOST_TIMING mode=scna-fp16 layout=serial variant=pair_static_d8 workers=1 q_task_rows=32 scna_width=8 seed=figure8_fixed mask_mode=full qo_len=32 kv_len=4096 n_heads=12 n_kv_heads=2 head_dim=128 phase=measure iteration=1 host_elapsed_us=2220 ret=0
FIG8_ATTENTION_PROFILE_COUNT mode=scna-fp16 qo_len=32 phase=measure iteration=1 records=2 max_records=24
FIG8_ATTENTION_WORKERS mode=scna-fp16 variant=pair_static_d8 qo_len=32 phase=measure iteration=1 requested_workers=1 active_workers=1 hvx_contexts=6 vtcm_worker_cap=8 tasks=2 q_task_rows=32
FIG8_ATTENTION_TIMERS mode=scna-fp16 layout=serial phase=measure iteration=1 lut_exp=0 scna_layout=0 scna_width=8 qo_len=32 kv_len=4096 n_heads=12 n_kv_heads=2 head_dim=128 kv_head=0 worker=0 profiled_total=970 q_load=7 k_load=66 v_load=46 qk_dot=11 safe_sm=816 scna_exp=479 state_update=0 rowmax_mem=0 rowsum_reduce=0 rowmax_mem_ticks=0 rowsum_reduce_ticks=0 state_update_ticks=0 param_prepare=0 core_acc=11 o_scale=3 o_store=10
FIG8_ATTENTION_TIMERS mode=scna-fp16 layout=serial phase=measure iteration=1 lut_exp=0 scna_layout=0 scna_width=8 qo_len=32 kv_len=4096 n_heads=12 n_kv_heads=2 head_dim=128 kv_head=1 worker=0 profiled_total=989 q_load=8 k_load=67 v_load=45 qk_dot=12 safe_sm=833 scna_exp=480 state_update=0 rowmax_mem=0 rowsum_reduce=0 rowmax_mem_ticks=0 rowsum_reduce_ticks=0 state_update_ticks=0 param_prepare=0 core_acc=12 o_scale=2 o_store=10
FIG8_ATTENTION_EVENT_COUNT mode=scna-fp16 qo_len=32 phase=measure iteration=1 events=0 max_events=0 overflow=0
FIG8_ATTENTION_CHECKSUM mode=scna-fp16 layout=serial scna_width=8 seed=figure8_fixed phase=measure iteration=1 checksum=0x6b1f55899c678a09
FIG8_ATTENTION_HOST_TIMING mode=scna-fp16 layout=serial variant=pair_static_d8 workers=1 q_task_rows=32 scna_width=8 seed=figure8_fixed mask_mode=full qo_len=32 kv_len=4096 n_heads=12 n_kv_heads=2 head_dim=128 phase=measure iteration=2 host_elapsed_us=2299 ret=0
FIG8_ATTENTION_PROFILE_COUNT mode=scna-fp16 qo_len=32 phase=measure iteration=2 records=2 max_records=24
FIG8_ATTENTION_WORKERS mode=scna-fp16 variant=pair_static_d8 qo_len=32 phase=measure iteration=2 requested_workers=1 active_workers=1 hvx_contexts=6 vtcm_worker_cap=8 tasks=2 q_task_rows=32
FIG8_ATTENTION_TIMERS mode=scna-fp16 layout=serial phase=measure iteration=2 lut_exp=0 scna_layout=0 scna_width=8 qo_len=32 kv_len=4096 n_heads=12 n_kv_heads=2 head_dim=128 kv_head=0 worker=1 profiled_total=1000 q_load=7 k_load=67 v_load=52 qk_dot=12 safe_sm=838 scna_exp=480 state_update=0 rowmax_mem=0 rowsum_reduce=0 rowmax_mem_ticks=0 rowsum_reduce_ticks=0 state_update_ticks=0 param_prepare=0 core_acc=11 o_scale=3 o_store=10
FIG8_ATTENTION_TIMERS mode=scna-fp16 layout=serial phase=measure iteration=2 lut_exp=0 scna_layout=0 scna_width=8 qo_len=32 kv_len=4096 n_heads=12 n_kv_heads=2 head_dim=128 kv_head=1 worker=1 profiled_total=1000 q_load=8 k_load=67 v_load=44 qk_dot=11 safe_sm=846 scna_exp=481 state_update=0 rowmax_mem=0 rowsum_reduce=0 rowmax_mem_ticks=0 rowsum_reduce_ticks=0 state_update_ticks=0 param_prepare=0 core_acc=12 o_scale=2 o_store=10
FIG8_ATTENTION_EVENT_COUNT mode=scna-fp16 qo_len=32 phase=measure iteration=2 events=0 max_events=0 overflow=0
FIG8_ATTENTION_CHECKSUM mode=scna-fp16 layout=serial scna_width=8 seed=figure8_fixed phase=measure iteration=2 checksum=0x6b1f55899c678a09
FIG8_ATTENTION_HOST_TIMING mode=scna-fp16 layout=serial variant=pair_static_d8 workers=1 q_task_rows=32 scna_width=8 seed=figure8_fixed mask_mode=full qo_len=32 kv_len=4096 n_heads=12 n_kv_heads=2 head_dim=128 phase=measure iteration=3 host_elapsed_us=2261 ret=0
FIG8_ATTENTION_PROFILE_COUNT mode=scna-fp16 qo_len=32 phase=measure iteration=3 records=2 max_records=24
FIG8_ATTENTION_WORKERS mode=scna-fp16 variant=pair_static_d8 qo_len=32 phase=measure iteration=3 requested_workers=1 active_workers=1 hvx_contexts=6 vtcm_worker_cap=8 tasks=2 q_task_rows=32
FIG8_ATTENTION_TIMERS mode=scna-fp16 layout=serial phase=measure iteration=3 lut_exp=0 scna_layout=0 scna_width=8 qo_len=32 kv_len=4096 n_heads=12 n_kv_heads=2 head_dim=128 kv_head=0 worker=2 profiled_total=991 q_load=8 k_load=66 v_load=47 qk_dot=11 safe_sm=835 scna_exp=479 state_update=0 rowmax_mem=0 rowsum_reduce=0 rowmax_mem_ticks=0 rowsum_reduce_ticks=0 state_update_ticks=0 param_prepare=0 core_acc=11 o_scale=3 o_store=10
FIG8_ATTENTION_TIMERS mode=scna-fp16 layout=serial phase=measure iteration=3 lut_exp=0 scna_layout=0 scna_width=8 qo_len=32 kv_len=4096 n_heads=12 n_kv_heads=2 head_dim=128 kv_head=1 worker=2 profiled_total=1008 q_load=8 k_load=67 v_load=45 qk_dot=11 safe_sm=853 scna_exp=481 state_update=0 rowmax_mem=0 rowsum_reduce=0 rowmax_mem_ticks=0 rowsum_reduce_ticks=0 state_update_ticks=0 param_prepare=0 core_acc=12 o_scale=2 o_store=10
FIG8_ATTENTION_EVENT_COUNT mode=scna-fp16 qo_len=32 phase=measure iteration=3 events=0 max_events=0 overflow=0
FIG8_ATTENTION_CHECKSUM mode=scna-fp16 layout=serial scna_width=8 seed=figure8_fixed phase=measure iteration=3 checksum=0x6b1f55899c678a09
FIG8_ATTENTION_HOST_TIMING mode=scna-fp16 layout=serial variant=pair_static_d8 workers=1 q_task_rows=32 scna_width=8 seed=figure8_fixed mask_mode=full qo_len=32 kv_len=4096 n_heads=12 n_kv_heads=2 head_dim=128 phase=measure iteration=4 host_elapsed_us=2351 ret=0
FIG8_ATTENTION_PROFILE_COUNT mode=scna-fp16 qo_len=32 phase=measure iteration=4 records=2 max_records=24
FIG8_ATTENTION_WORKERS mode=scna-fp16 variant=pair_static_d8 qo_len=32 phase=measure iteration=4 requested_workers=1 active_workers=1 hvx_contexts=6 vtcm_worker_cap=8 tasks=2 q_task_rows=32
FIG8_ATTENTION_TIMERS mode=scna-fp16 layout=serial phase=measure iteration=4 lut_exp=0 scna_layout=0 scna_width=8 qo_len=32 kv_len=4096 n_heads=12 n_kv_heads=2 head_dim=128 kv_head=0 worker=3 profiled_total=992 q_load=8 k_load=66 v_load=49 qk_dot=11 safe_sm=833 scna_exp=480 state_update=0 rowmax_mem=0 rowsum_reduce=0 rowmax_mem_ticks=0 rowsum_reduce_ticks=0 state_update_ticks=0 param_prepare=0 core_acc=12 o_scale=3 o_store=10
FIG8_ATTENTION_TIMERS mode=scna-fp16 layout=serial phase=measure iteration=4 lut_exp=0 scna_layout=0 scna_width=8 qo_len=32 kv_len=4096 n_heads=12 n_kv_heads=2 head_dim=128 kv_head=1 worker=3 profiled_total=1004 q_load=8 k_load=65 v_load=49 qk_dot=12 safe_sm=846 scna_exp=481 state_update=0 rowmax_mem=0 rowsum_reduce=0 rowmax_mem_ticks=0 rowsum_reduce_ticks=0 state_update_ticks=0 param_prepare=0 core_acc=12 o_scale=2 o_store=10
FIG8_ATTENTION_EVENT_COUNT mode=scna-fp16 qo_len=32 phase=measure iteration=4 events=0 max_events=0 overflow=0
FIG8_ATTENTION_CHECKSUM mode=scna-fp16 layout=serial scna_width=8 seed=figure8_fixed phase=measure iteration=4 checksum=0x6b1f55899c678a09
FIG8_ATTENTION_HOST_TIMING mode=scna-fp16 layout=serial variant=pair_static_d8 workers=1 q_task_rows=32 scna_width=8 seed=figure8_fixed mask_mode=full qo_len=32 kv_len=4096 n_heads=12 n_kv_heads=2 head_dim=128 phase=measure iteration=5 host_elapsed_us=2376 ret=0
FIG8_ATTENTION_PROFILE_COUNT mode=scna-fp16 qo_len=32 phase=measure iteration=5 records=2 max_records=24
FIG8_ATTENTION_WORKERS mode=scna-fp16 variant=pair_static_d8 qo_len=32 phase=measure iteration=5 requested_workers=1 active_workers=1 hvx_contexts=6 vtcm_worker_cap=8 tasks=2 q_task_rows=32
FIG8_ATTENTION_TIMERS mode=scna-fp16 layout=serial phase=measure iteration=5 lut_exp=0 scna_layout=0 scna_width=8 qo_len=32 kv_len=4096 n_heads=12 n_kv_heads=2 head_dim=128 kv_head=0 worker=4 profiled_total=989 q_load=7 k_load=65 v_load=47 qk_dot=11 safe_sm=835 scna_exp=480 state_update=0 rowmax_mem=0 rowsum_reduce=0 rowmax_mem_ticks=0 rowsum_reduce_ticks=0 state_update_ticks=0 param_prepare=0 core_acc=11 o_scale=3 o_store=10
FIG8_ATTENTION_TIMERS mode=scna-fp16 layout=serial phase=measure iteration=5 lut_exp=0 scna_layout=0 scna_width=8 qo_len=32 kv_len=4096 n_heads=12 n_kv_heads=2 head_dim=128 kv_head=1 worker=4 profiled_total=1010 q_load=8 k_load=67 v_load=47 qk_dot=12 safe_sm=852 scna_exp=480 state_update=0 rowmax_mem=0 rowsum_reduce=0 rowmax_mem_ticks=0 rowsum_reduce_ticks=0 state_update_ticks=0 param_prepare=0 core_acc=12 o_scale=2 o_store=10
FIG8_ATTENTION_EVENT_COUNT mode=scna-fp16 qo_len=32 phase=measure iteration=5 events=0 max_events=0 overflow=0
FIG8_ATTENTION_CHECKSUM mode=scna-fp16 layout=serial scna_width=8 seed=figure8_fixed phase=measure iteration=5 checksum=0x6b1f55899c678a09
FIG8_ATTENTION_HOST_TIMING mode=scna-fp16 layout=serial variant=pair_static_d8 workers=1 q_task_rows=32 scna_width=8 seed=figure8_fixed mask_mode=full qo_len=32 kv_len=4096 n_heads=12 n_kv_heads=2 head_dim=128 phase=measure iteration=6 host_elapsed_us=2253 ret=0
FIG8_ATTENTION_PROFILE_COUNT mode=scna-fp16 qo_len=32 phase=measure iteration=6 records=2 max_records=24
FIG8_ATTENTION_WORKERS mode=scna-fp16 variant=pair_static_d8 qo_len=32 phase=measure iteration=6 requested_workers=1 active_workers=1 hvx_contexts=6 vtcm_worker_cap=8 tasks=2 q_task_rows=32
FIG8_ATTENTION_TIMERS mode=scna-fp16 layout=serial phase=measure iteration=6 lut_exp=0 scna_layout=0 scna_width=8 qo_len=32 kv_len=4096 n_heads=12 n_kv_heads=2 head_dim=128 kv_head=0 worker=5 profiled_total=997 q_load=7 k_load=67 v_load=47 qk_dot=12 safe_sm=838 scna_exp=480 state_update=0 rowmax_mem=0 rowsum_reduce=0 rowmax_mem_ticks=0 rowsum_reduce_ticks=0 state_update_ticks=0 param_prepare=0 core_acc=13 o_scale=3 o_store=10
FIG8_ATTENTION_TIMERS mode=scna-fp16 layout=serial phase=measure iteration=6 lut_exp=0 scna_layout=0 scna_width=8 qo_len=32 kv_len=4096 n_heads=12 n_kv_heads=2 head_dim=128 kv_head=1 worker=5 profiled_total=1006 q_load=8 k_load=67 v_load=47 qk_dot=11 safe_sm=848 scna_exp=481 state_update=0 rowmax_mem=0 rowsum_reduce=0 rowmax_mem_ticks=0 rowsum_reduce_ticks=0 state_update_ticks=0 param_prepare=0 core_acc=13 o_scale=2 o_store=10
FIG8_ATTENTION_EVENT_COUNT mode=scna-fp16 qo_len=32 phase=measure iteration=6 events=0 max_events=0 overflow=0
FIG8_ATTENTION_CHECKSUM mode=scna-fp16 layout=serial scna_width=8 seed=figure8_fixed phase=measure iteration=6 checksum=0x6b1f55899c678a09
FIG8_ATTENTION_HOST_TIMING mode=scna-fp16 layout=serial variant=pair_static_d8 workers=1 q_task_rows=32 scna_width=8 seed=figure8_fixed mask_mode=full qo_len=32 kv_len=4096 n_heads=12 n_kv_heads=2 head_dim=128 phase=measure iteration=7 host_elapsed_us=2391 ret=0
FIG8_ATTENTION_PROFILE_COUNT mode=scna-fp16 qo_len=32 phase=measure iteration=7 records=2 max_records=24
FIG8_ATTENTION_WORKERS mode=scna-fp16 variant=pair_static_d8 qo_len=32 phase=measure iteration=7 requested_workers=1 active_workers=1 hvx_contexts=6 vtcm_worker_cap=8 tasks=2 q_task_rows=32
FIG8_ATTENTION_TIMERS mode=scna-fp16 layout=serial phase=measure iteration=7 lut_exp=0 scna_layout=0 scna_width=8 qo_len=32 kv_len=4096 n_heads=12 n_kv_heads=2 head_dim=128 kv_head=0 worker=0 profiled_total=995 q_load=7 k_load=66 v_load=50 qk_dot=11 safe_sm=837 scna_exp=480 state_update=0 rowmax_mem=0 rowsum_reduce=0 rowmax_mem_ticks=0 rowsum_reduce_ticks=0 state_update_ticks=0 param_prepare=0 core_acc=11 o_scale=3 o_store=10
FIG8_ATTENTION_TIMERS mode=scna-fp16 layout=serial phase=measure iteration=7 lut_exp=0 scna_layout=0 scna_width=8 qo_len=32 kv_len=4096 n_heads=12 n_kv_heads=2 head_dim=128 kv_head=1 worker=0 profiled_total=1026 q_load=8 k_load=66 v_load=48 qk_dot=12 safe_sm=869 scna_exp=480 state_update=0 rowmax_mem=0 rowsum_reduce=0 rowmax_mem_ticks=0 rowsum_reduce_ticks=0 state_update_ticks=0 param_prepare=0 core_acc=11 o_scale=2 o_store=10
FIG8_ATTENTION_EVENT_COUNT mode=scna-fp16 qo_len=32 phase=measure iteration=7 events=0 max_events=0 overflow=0
FIG8_ATTENTION_CHECKSUM mode=scna-fp16 layout=serial scna_width=8 seed=figure8_fixed phase=measure iteration=7 checksum=0x6b1f55899c678a09
FIG8_ATTENTION_HOST_TIMING mode=scna-fp16 layout=serial variant=pair_static_d8 workers=1 q_task_rows=32 scna_width=8 seed=figure8_fixed mask_mode=full qo_len=32 kv_len=4096 n_heads=12 n_kv_heads=2 head_dim=128 phase=measure iteration=8 host_elapsed_us=2290 ret=0
FIG8_ATTENTION_PROFILE_COUNT mode=scna-fp16 qo_len=32 phase=measure iteration=8 records=2 max_records=24
FIG8_ATTENTION_WORKERS mode=scna-fp16 variant=pair_static_d8 qo_len=32 phase=measure iteration=8 requested_workers=1 active_workers=1 hvx_contexts=6 vtcm_worker_cap=8 tasks=2 q_task_rows=32
FIG8_ATTENTION_TIMERS mode=scna-fp16 layout=serial phase=measure iteration=8 lut_exp=0 scna_layout=0 scna_width=8 qo_len=32 kv_len=4096 n_heads=12 n_kv_heads=2 head_dim=128 kv_head=0 worker=1 profiled_total=983 q_load=7 k_load=65 v_load=48 qk_dot=11 safe_sm=829 scna_exp=480 state_update=0 rowmax_mem=0 rowsum_reduce=0 rowmax_mem_ticks=0 rowsum_reduce_ticks=0 state_update_ticks=0 param_prepare=0 core_acc=11 o_scale=2 o_store=10
FIG8_ATTENTION_TIMERS mode=scna-fp16 layout=serial phase=measure iteration=8 lut_exp=0 scna_layout=0 scna_width=8 qo_len=32 kv_len=4096 n_heads=12 n_kv_heads=2 head_dim=128 kv_head=1 worker=1 profiled_total=996 q_load=8 k_load=65 v_load=44 qk_dot=13 safe_sm=842 scna_exp=480 state_update=0 rowmax_mem=0 rowsum_reduce=0 rowmax_mem_ticks=0 rowsum_reduce_ticks=0 state_update_ticks=0 param_prepare=0 core_acc=12 o_scale=2 o_store=10
FIG8_ATTENTION_EVENT_COUNT mode=scna-fp16 qo_len=32 phase=measure iteration=8 events=0 max_events=0 overflow=0
FIG8_ATTENTION_CHECKSUM mode=scna-fp16 layout=serial scna_width=8 seed=figure8_fixed phase=measure iteration=8 checksum=0x6b1f55899c678a09
FIG8_ATTENTION_HOST_TIMING mode=scna-fp16 layout=serial variant=pair_static_d8 workers=1 q_task_rows=32 scna_width=8 seed=figure8_fixed mask_mode=full qo_len=32 kv_len=4096 n_heads=12 n_kv_heads=2 head_dim=128 phase=measure iteration=9 host_elapsed_us=2259 ret=0
FIG8_ATTENTION_PROFILE_COUNT mode=scna-fp16 qo_len=32 phase=measure iteration=9 records=2 max_records=24
FIG8_ATTENTION_WORKERS mode=scna-fp16 variant=pair_static_d8 qo_len=32 phase=measure iteration=9 requested_workers=1 active_workers=1 hvx_contexts=6 vtcm_worker_cap=8 tasks=2 q_task_rows=32
FIG8_ATTENTION_TIMERS mode=scna-fp16 layout=serial phase=measure iteration=9 lut_exp=0 scna_layout=0 scna_width=8 qo_len=32 kv_len=4096 n_heads=12 n_kv_heads=2 head_dim=128 kv_head=0 worker=2 profiled_total=1002 q_load=7 k_load=67 v_load=46 qk_dot=11 safe_sm=847 scna_exp=480 state_update=0 rowmax_mem=0 rowsum_reduce=0 rowmax_mem_ticks=0 rowsum_reduce_ticks=0 state_update_ticks=0 param_prepare=0 core_acc=11 o_scale=3 o_store=10
FIG8_ATTENTION_TIMERS mode=scna-fp16 layout=serial phase=measure iteration=9 lut_exp=0 scna_layout=0 scna_width=8 qo_len=32 kv_len=4096 n_heads=12 n_kv_heads=2 head_dim=128 kv_head=1 worker=2 profiled_total=1013 q_load=8 k_load=65 v_load=47 qk_dot=12 safe_sm=857 scna_exp=480 state_update=0 rowmax_mem=0 rowsum_reduce=0 rowmax_mem_ticks=0 rowsum_reduce_ticks=0 state_update_ticks=0 param_prepare=0 core_acc=12 o_scale=2 o_store=10
FIG8_ATTENTION_EVENT_COUNT mode=scna-fp16 qo_len=32 phase=measure iteration=9 events=0 max_events=0 overflow=0
FIG8_ATTENTION_CHECKSUM mode=scna-fp16 layout=serial scna_width=8 seed=figure8_fixed phase=measure iteration=9 checksum=0x6b1f55899c678a09
FIG8_ATTENTION_HOST_TIMING mode=scna-fp16 layout=serial variant=pair_static_d8 workers=1 q_task_rows=32 scna_width=8 seed=figure8_fixed mask_mode=full qo_len=32 kv_len=4096 n_heads=12 n_kv_heads=2 head_dim=128 phase=measure iteration=10 host_elapsed_us=2297 ret=0
FIG8_ATTENTION_PROFILE_COUNT mode=scna-fp16 qo_len=32 phase=measure iteration=10 records=2 max_records=24
FIG8_ATTENTION_WORKERS mode=scna-fp16 variant=pair_static_d8 qo_len=32 phase=measure iteration=10 requested_workers=1 active_workers=1 hvx_contexts=6 vtcm_worker_cap=8 tasks=2 q_task_rows=32
FIG8_ATTENTION_TIMERS mode=scna-fp16 layout=serial phase=measure iteration=10 lut_exp=0 scna_layout=0 scna_width=8 qo_len=32 kv_len=4096 n_heads=12 n_kv_heads=2 head_dim=128 kv_head=0 worker=3 profiled_total=1006 q_load=8 k_load=65 v_load=48 qk_dot=11 safe_sm=850 scna_exp=480 state_update=0 rowmax_mem=0 rowsum_reduce=0 rowmax_mem_ticks=0 rowsum_reduce_ticks=0 state_update_ticks=0 param_prepare=0 core_acc=11 o_scale=3 o_store=10
FIG8_ATTENTION_TIMERS mode=scna-fp16 layout=serial phase=measure iteration=10 lut_exp=0 scna_layout=0 scna_width=8 qo_len=32 kv_len=4096 n_heads=12 n_kv_heads=2 head_dim=128 kv_head=1 worker=3 profiled_total=1015 q_load=8 k_load=66 v_load=45 qk_dot=12 safe_sm=860 scna_exp=480 state_update=0 rowmax_mem=0 rowsum_reduce=0 rowmax_mem_ticks=0 rowsum_reduce_ticks=0 state_update_ticks=0 param_prepare=0 core_acc=12 o_scale=2 o_store=10
FIG8_ATTENTION_EVENT_COUNT mode=scna-fp16 qo_len=32 phase=measure iteration=10 events=0 max_events=0 overflow=0
FIG8_ATTENTION_CHECKSUM mode=scna-fp16 layout=serial scna_width=8 seed=figure8_fixed phase=measure iteration=10 checksum=0x6b1f55899c678a09
FIG8_ATTENTION_HOST_TIMING mode=scna-fp16 layout=serial variant=pair_static_d8 workers=1 q_task_rows=32 scna_width=8 seed=figure8_fixed mask_mode=full qo_len=32 kv_len=4096 n_heads=12 n_kv_heads=2 head_dim=128 phase=measure iteration=11 host_elapsed_us=2403 ret=0
FIG8_ATTENTION_PROFILE_COUNT mode=scna-fp16 qo_len=32 phase=measure iteration=11 records=2 max_records=24
FIG8_ATTENTION_WORKERS mode=scna-fp16 variant=pair_static_d8 qo_len=32 phase=measure iteration=11 requested_workers=1 active_workers=1 hvx_contexts=6 vtcm_worker_cap=8 tasks=2 q_task_rows=32
FIG8_ATTENTION_TIMERS mode=scna-fp16 layout=serial phase=measure iteration=11 lut_exp=0 scna_layout=0 scna_width=8 qo_len=32 kv_len=4096 n_heads=12 n_kv_heads=2 head_dim=128 kv_head=0 worker=4 profiled_total=1005 q_load=8 k_load=65 v_load=46 qk_dot=11 safe_sm=852 scna_exp=480 state_update=0 rowmax_mem=0 rowsum_reduce=0 rowmax_mem_ticks=0 rowsum_reduce_ticks=0 state_update_ticks=0 param_prepare=0 core_acc=11 o_scale=2 o_store=10
FIG8_ATTENTION_TIMERS mode=scna-fp16 layout=serial phase=measure iteration=11 lut_exp=0 scna_layout=0 scna_width=8 qo_len=32 kv_len=4096 n_heads=12 n_kv_heads=2 head_dim=128 kv_head=1 worker=4 profiled_total=1015 q_load=8 k_load=66 v_load=47 qk_dot=12 safe_sm=858 scna_exp=481 state_update=0 rowmax_mem=0 rowsum_reduce=0 rowmax_mem_ticks=0 rowsum_reduce_ticks=0 state_update_ticks=0 param_prepare=0 core_acc=12 o_scale=2 o_store=10
FIG8_ATTENTION_EVENT_COUNT mode=scna-fp16 qo_len=32 phase=measure iteration=11 events=0 max_events=0 overflow=0
FIG8_ATTENTION_CHECKSUM mode=scna-fp16 layout=serial scna_width=8 seed=figure8_fixed phase=measure iteration=11 checksum=0x6b1f55899c678a09
FIG8_ATTENTION_HOST_TIMING mode=scna-fp16 layout=serial variant=pair_static_d8 workers=1 q_task_rows=32 scna_width=8 seed=figure8_fixed mask_mode=full qo_len=32 kv_len=4096 n_heads=12 n_kv_heads=2 head_dim=128 phase=measure iteration=12 host_elapsed_us=2253 ret=0
FIG8_ATTENTION_PROFILE_COUNT mode=scna-fp16 qo_len=32 phase=measure iteration=12 records=2 max_records=24
FIG8_ATTENTION_WORKERS mode=scna-fp16 variant=pair_static_d8 qo_len=32 phase=measure iteration=12 requested_workers=1 active_workers=1 hvx_contexts=6 vtcm_worker_cap=8 tasks=2 q_task_rows=32
FIG8_ATTENTION_TIMERS mode=scna-fp16 layout=serial phase=measure iteration=12 lut_exp=0 scna_layout=0 scna_width=8 qo_len=32 kv_len=4096 n_heads=12 n_kv_heads=2 head_dim=128 kv_head=0 worker=5 profiled_total=994 q_load=8 k_load=65 v_load=48 qk_dot=11 safe_sm=839 scna_exp=480 state_update=0 rowmax_mem=0 rowsum_reduce=0 rowmax_mem_ticks=0 rowsum_reduce_ticks=0 state_update_ticks=0 param_prepare=0 core_acc=11 o_scale=2 o_store=10
FIG8_ATTENTION_TIMERS mode=scna-fp16 layout=serial phase=measure iteration=12 lut_exp=0 scna_layout=0 scna_width=8 qo_len=32 kv_len=4096 n_heads=12 n_kv_heads=2 head_dim=128 kv_head=1 worker=5 profiled_total=1014 q_load=8 k_load=67 v_load=45 qk_dot=12 safe_sm=859 scna_exp=482 state_update=0 rowmax_mem=0 rowsum_reduce=0 rowmax_mem_ticks=0 rowsum_reduce_ticks=0 state_update_ticks=0 param_prepare=0 core_acc=12 o_scale=1 o_store=10
FIG8_ATTENTION_EVENT_COUNT mode=scna-fp16 qo_len=32 phase=measure iteration=12 events=0 max_events=0 overflow=0
FIG8_ATTENTION_CHECKSUM mode=scna-fp16 layout=serial scna_width=8 seed=figure8_fixed phase=measure iteration=12 checksum=0x6b1f55899c678a09
FIG8_ATTENTION_HOST_TIMING mode=scna-fp16 layout=serial variant=pair_static_d8 workers=1 q_task_rows=32 scna_width=8 seed=figure8_fixed mask_mode=full qo_len=32 kv_len=4096 n_heads=12 n_kv_heads=2 head_dim=128 phase=measure iteration=13 host_elapsed_us=2304 ret=0
FIG8_ATTENTION_PROFILE_COUNT mode=scna-fp16 qo_len=32 phase=measure iteration=13 records=2 max_records=24
FIG8_ATTENTION_WORKERS mode=scna-fp16 variant=pair_static_d8 qo_len=32 phase=measure iteration=13 requested_workers=1 active_workers=1 hvx_contexts=6 vtcm_worker_cap=8 tasks=2 q_task_rows=32
FIG8_ATTENTION_TIMERS mode=scna-fp16 layout=serial phase=measure iteration=13 lut_exp=0 scna_layout=0 scna_width=8 qo_len=32 kv_len=4096 n_heads=12 n_kv_heads=2 head_dim=128 kv_head=0 worker=0 profiled_total=1008 q_load=7 k_load=64 v_load=47 qk_dot=11 safe_sm=856 scna_exp=479 state_update=0 rowmax_mem=0 rowsum_reduce=0 rowmax_mem_ticks=0 rowsum_reduce_ticks=0 state_update_ticks=0 param_prepare=0 core_acc=10 o_scale=3 o_store=10
FIG8_ATTENTION_TIMERS mode=scna-fp16 layout=serial phase=measure iteration=13 lut_exp=0 scna_layout=0 scna_width=8 qo_len=32 kv_len=4096 n_heads=12 n_kv_heads=2 head_dim=128 kv_head=1 worker=0 profiled_total=1010 q_load=8 k_load=66 v_load=42 qk_dot=12 safe_sm=858 scna_exp=481 state_update=0 rowmax_mem=0 rowsum_reduce=0 rowmax_mem_ticks=0 rowsum_reduce_ticks=0 state_update_ticks=0 param_prepare=0 core_acc=12 o_scale=2 o_store=10
FIG8_ATTENTION_EVENT_COUNT mode=scna-fp16 qo_len=32 phase=measure iteration=13 events=0 max_events=0 overflow=0
FIG8_ATTENTION_CHECKSUM mode=scna-fp16 layout=serial scna_width=8 seed=figure8_fixed phase=measure iteration=13 checksum=0x6b1f55899c678a09
FIG8_ATTENTION_HOST_TIMING mode=scna-fp16 layout=serial variant=pair_static_d8 workers=1 q_task_rows=32 scna_width=8 seed=figure8_fixed mask_mode=full qo_len=32 kv_len=4096 n_heads=12 n_kv_heads=2 head_dim=128 phase=measure iteration=14 host_elapsed_us=2424 ret=0
FIG8_ATTENTION_PROFILE_COUNT mode=scna-fp16 qo_len=32 phase=measure iteration=14 records=2 max_records=24
FIG8_ATTENTION_WORKERS mode=scna-fp16 variant=pair_static_d8 qo_len=32 phase=measure iteration=14 requested_workers=1 active_workers=1 hvx_contexts=6 vtcm_worker_cap=8 tasks=2 q_task_rows=32
FIG8_ATTENTION_TIMERS mode=scna-fp16 layout=serial phase=measure iteration=14 lut_exp=0 scna_layout=0 scna_width=8 qo_len=32 kv_len=4096 n_heads=12 n_kv_heads=2 head_dim=128 kv_head=0 worker=1 profiled_total=1006 q_load=7 k_load=65 v_load=48 qk_dot=11 safe_sm=851 scna_exp=480 state_update=0 rowmax_mem=0 rowsum_reduce=0 rowmax_mem_ticks=0 rowsum_reduce_ticks=0 state_update_ticks=0 param_prepare=0 core_acc=11 o_scale=3 o_store=10
FIG8_ATTENTION_TIMERS mode=scna-fp16 layout=serial phase=measure iteration=14 lut_exp=0 scna_layout=0 scna_width=8 qo_len=32 kv_len=4096 n_heads=12 n_kv_heads=2 head_dim=128 kv_head=1 worker=1 profiled_total=1019 q_load=8 k_load=66 v_load=45 qk_dot=11 safe_sm=864 scna_exp=481 state_update=0 rowmax_mem=0 rowsum_reduce=0 rowmax_mem_ticks=0 rowsum_reduce_ticks=0 state_update_ticks=0 param_prepare=0 core_acc=13 o_scale=2 o_store=10
FIG8_ATTENTION_EVENT_COUNT mode=scna-fp16 qo_len=32 phase=measure iteration=14 events=0 max_events=0 overflow=0
FIG8_ATTENTION_CHECKSUM mode=scna-fp16 layout=serial scna_width=8 seed=figure8_fixed phase=measure iteration=14 checksum=0x6b1f55899c678a09
FIG8_ATTENTION_HOST_TIMING mode=scna-fp16 layout=serial variant=pair_static_d8 workers=1 q_task_rows=32 scna_width=8 seed=figure8_fixed mask_mode=full qo_len=32 kv_len=4096 n_heads=12 n_kv_heads=2 head_dim=128 phase=measure iteration=15 host_elapsed_us=2375 ret=0
FIG8_ATTENTION_PROFILE_COUNT mode=scna-fp16 qo_len=32 phase=measure iteration=15 records=2 max_records=24
FIG8_ATTENTION_WORKERS mode=scna-fp16 variant=pair_static_d8 qo_len=32 phase=measure iteration=15 requested_workers=1 active_workers=1 hvx_contexts=6 vtcm_worker_cap=8 tasks=2 q_task_rows=32
FIG8_ATTENTION_TIMERS mode=scna-fp16 layout=serial phase=measure iteration=15 lut_exp=0 scna_layout=0 scna_width=8 qo_len=32 kv_len=4096 n_heads=12 n_kv_heads=2 head_dim=128 kv_head=0 worker=2 profiled_total=999 q_load=7 k_load=65 v_load=47 qk_dot=11 safe_sm=846 scna_exp=480 state_update=0 rowmax_mem=0 rowsum_reduce=0 rowmax_mem_ticks=0 rowsum_reduce_ticks=0 state_update_ticks=0 param_prepare=0 core_acc=10 o_scale=3 o_store=10
FIG8_ATTENTION_TIMERS mode=scna-fp16 layout=serial phase=measure iteration=15 lut_exp=0 scna_layout=0 scna_width=8 qo_len=32 kv_len=4096 n_heads=12 n_kv_heads=2 head_dim=128 kv_head=1 worker=2 profiled_total=1016 q_load=8 k_load=65 v_load=44 qk_dot=12 safe_sm=864 scna_exp=480 state_update=0 rowmax_mem=0 rowsum_reduce=0 rowmax_mem_ticks=0 rowsum_reduce_ticks=0 state_update_ticks=0 param_prepare=0 core_acc=11 o_scale=2 o_store=10
FIG8_ATTENTION_EVENT_COUNT mode=scna-fp16 qo_len=32 phase=measure iteration=15 events=0 max_events=0 overflow=0
FIG8_ATTENTION_CHECKSUM mode=scna-fp16 layout=serial scna_width=8 seed=figure8_fixed phase=measure iteration=15 checksum=0x6b1f55899c678a09
FIG8_ATTENTION_HOST_TIMING mode=scna-fp16 layout=serial variant=pair_static_d8 workers=1 q_task_rows=32 scna_width=8 seed=figure8_fixed mask_mode=full qo_len=32 kv_len=4096 n_heads=12 n_kv_heads=2 head_dim=128 phase=measure iteration=16 host_elapsed_us=2277 ret=0
FIG8_ATTENTION_PROFILE_COUNT mode=scna-fp16 qo_len=32 phase=measure iteration=16 records=2 max_records=24
FIG8_ATTENTION_WORKERS mode=scna-fp16 variant=pair_static_d8 qo_len=32 phase=measure iteration=16 requested_workers=1 active_workers=1 hvx_contexts=6 vtcm_worker_cap=8 tasks=2 q_task_rows=32
FIG8_ATTENTION_TIMERS mode=scna-fp16 layout=serial phase=measure iteration=16 lut_exp=0 scna_layout=0 scna_width=8 qo_len=32 kv_len=4096 n_heads=12 n_kv_heads=2 head_dim=128 kv_head=0 worker=3 profiled_total=997 q_load=8 k_load=65 v_load=46 qk_dot=11 safe_sm=843 scna_exp=480 state_update=0 rowmax_mem=0 rowsum_reduce=0 rowmax_mem_ticks=0 rowsum_reduce_ticks=0 state_update_ticks=0 param_prepare=0 core_acc=12 o_scale=2 o_store=10
FIG8_ATTENTION_TIMERS mode=scna-fp16 layout=serial phase=measure iteration=16 lut_exp=0 scna_layout=0 scna_width=8 qo_len=32 kv_len=4096 n_heads=12 n_kv_heads=2 head_dim=128 kv_head=1 worker=3 profiled_total=1015 q_load=8 k_load=67 v_load=44 qk_dot=12 safe_sm=859 scna_exp=481 state_update=0 rowmax_mem=0 rowsum_reduce=0 rowmax_mem_ticks=0 rowsum_reduce_ticks=0 state_update_ticks=0 param_prepare=0 core_acc=13 o_scale=2 o_store=10
FIG8_ATTENTION_EVENT_COUNT mode=scna-fp16 qo_len=32 phase=measure iteration=16 events=0 max_events=0 overflow=0
FIG8_ATTENTION_CHECKSUM mode=scna-fp16 layout=serial scna_width=8 seed=figure8_fixed phase=measure iteration=16 checksum=0x6b1f55899c678a09
FIG8_ATTENTION_HOST_TIMING mode=scna-fp16 layout=serial variant=pair_static_d8 workers=1 q_task_rows=32 scna_width=8 seed=figure8_fixed mask_mode=full qo_len=32 kv_len=4096 n_heads=12 n_kv_heads=2 head_dim=128 phase=measure iteration=17 host_elapsed_us=2336 ret=0
FIG8_ATTENTION_PROFILE_COUNT mode=scna-fp16 qo_len=32 phase=measure iteration=17 records=2 max_records=24
FIG8_ATTENTION_WORKERS mode=scna-fp16 variant=pair_static_d8 qo_len=32 phase=measure iteration=17 requested_workers=1 active_workers=1 hvx_contexts=6 vtcm_worker_cap=8 tasks=2 q_task_rows=32
FIG8_ATTENTION_TIMERS mode=scna-fp16 layout=serial phase=measure iteration=17 lut_exp=0 scna_layout=0 scna_width=8 qo_len=32 kv_len=4096 n_heads=12 n_kv_heads=2 head_dim=128 kv_head=0 worker=4 profiled_total=1001 q_load=8 k_load=65 v_load=45 qk_dot=11 safe_sm=849 scna_exp=480 state_update=0 rowmax_mem=0 rowsum_reduce=0 rowmax_mem_ticks=0 rowsum_reduce_ticks=0 state_update_ticks=0 param_prepare=0 core_acc=10 o_scale=3 o_store=10
FIG8_ATTENTION_TIMERS mode=scna-fp16 layout=serial phase=measure iteration=17 lut_exp=0 scna_layout=0 scna_width=8 qo_len=32 kv_len=4096 n_heads=12 n_kv_heads=2 head_dim=128 kv_head=1 worker=4 profiled_total=998 q_load=8 k_load=65 v_load=43 qk_dot=12 safe_sm=847 scna_exp=481 state_update=0 rowmax_mem=0 rowsum_reduce=0 rowmax_mem_ticks=0 rowsum_reduce_ticks=0 state_update_ticks=0 param_prepare=0 core_acc=12 o_scale=1 o_store=10
FIG8_ATTENTION_EVENT_COUNT mode=scna-fp16 qo_len=32 phase=measure iteration=17 events=0 max_events=0 overflow=0
FIG8_ATTENTION_CHECKSUM mode=scna-fp16 layout=serial scna_width=8 seed=figure8_fixed phase=measure iteration=17 checksum=0x6b1f55899c678a09
FIG8_ATTENTION_HOST_TIMING mode=scna-fp16 layout=serial variant=pair_static_d8 workers=1 q_task_rows=32 scna_width=8 seed=figure8_fixed mask_mode=full qo_len=32 kv_len=4096 n_heads=12 n_kv_heads=2 head_dim=128 phase=measure iteration=18 host_elapsed_us=2352 ret=0
FIG8_ATTENTION_PROFILE_COUNT mode=scna-fp16 qo_len=32 phase=measure iteration=18 records=2 max_records=24
FIG8_ATTENTION_WORKERS mode=scna-fp16 variant=pair_static_d8 qo_len=32 phase=measure iteration=18 requested_workers=1 active_workers=1 hvx_contexts=6 vtcm_worker_cap=8 tasks=2 q_task_rows=32
FIG8_ATTENTION_TIMERS mode=scna-fp16 layout=serial phase=measure iteration=18 lut_exp=0 scna_layout=0 scna_width=8 qo_len=32 kv_len=4096 n_heads=12 n_kv_heads=2 head_dim=128 kv_head=0 worker=5 profiled_total=1008 q_load=7 k_load=65 v_load=48 qk_dot=12 safe_sm=850 scna_exp=480 state_update=0 rowmax_mem=0 rowsum_reduce=0 rowmax_mem_ticks=0 rowsum_reduce_ticks=0 state_update_ticks=0 param_prepare=0 core_acc=13 o_scale=3 o_store=10
FIG8_ATTENTION_TIMERS mode=scna-fp16 layout=serial phase=measure iteration=18 lut_exp=0 scna_layout=0 scna_width=8 qo_len=32 kv_len=4096 n_heads=12 n_kv_heads=2 head_dim=128 kv_head=1 worker=5 profiled_total=1016 q_load=8 k_load=67 v_load=43 qk_dot=12 safe_sm=861 scna_exp=480 state_update=0 rowmax_mem=0 rowsum_reduce=0 rowmax_mem_ticks=0 rowsum_reduce_ticks=0 state_update_ticks=0 param_prepare=0 core_acc=13 o_scale=2 o_store=10
FIG8_ATTENTION_EVENT_COUNT mode=scna-fp16 qo_len=32 phase=measure iteration=18 events=0 max_events=0 overflow=0
FIG8_ATTENTION_CHECKSUM mode=scna-fp16 layout=serial scna_width=8 seed=figure8_fixed phase=measure iteration=18 checksum=0x6b1f55899c678a09
FIG8_ATTENTION_HOST_TIMING mode=scna-fp16 layout=serial variant=pair_static_d8 workers=1 q_task_rows=32 scna_width=8 seed=figure8_fixed mask_mode=full qo_len=32 kv_len=4096 n_heads=12 n_kv_heads=2 head_dim=128 phase=measure iteration=19 host_elapsed_us=2264 ret=0
FIG8_ATTENTION_PROFILE_COUNT mode=scna-fp16 qo_len=32 phase=measure iteration=19 records=2 max_records=24
FIG8_ATTENTION_WORKERS mode=scna-fp16 variant=pair_static_d8 qo_len=32 phase=measure iteration=19 requested_workers=1 active_workers=1 hvx_contexts=6 vtcm_worker_cap=8 tasks=2 q_task_rows=32
FIG8_ATTENTION_TIMERS mode=scna-fp16 layout=serial phase=measure iteration=19 lut_exp=0 scna_layout=0 scna_width=8 qo_len=32 kv_len=4096 n_heads=12 n_kv_heads=2 head_dim=128 kv_head=0 worker=0 profiled_total=1004 q_load=7 k_load=65 v_load=46 qk_dot=11 safe_sm=851 scna_exp=479 state_update=0 rowmax_mem=0 rowsum_reduce=0 rowmax_mem_ticks=0 rowsum_reduce_ticks=0 state_update_ticks=0 param_prepare=0 core_acc=11 o_scale=3 o_store=10
FIG8_ATTENTION_TIMERS mode=scna-fp16 layout=serial phase=measure iteration=19 lut_exp=0 scna_layout=0 scna_width=8 qo_len=32 kv_len=4096 n_heads=12 n_kv_heads=2 head_dim=128 kv_head=1 worker=0 profiled_total=1014 q_load=8 k_load=66 v_load=43 qk_dot=12 safe_sm=861 scna_exp=480 state_update=0 rowmax_mem=0 rowsum_reduce=0 rowmax_mem_ticks=0 rowsum_reduce_ticks=0 state_update_ticks=0 param_prepare=0 core_acc=12 o_scale=2 o_store=10
FIG8_ATTENTION_EVENT_COUNT mode=scna-fp16 qo_len=32 phase=measure iteration=19 events=0 max_events=0 overflow=0
FIG8_ATTENTION_CHECKSUM mode=scna-fp16 layout=serial scna_width=8 seed=figure8_fixed phase=measure iteration=19 checksum=0x6b1f55899c678a09
