alloc_shared_mem_buf: buf=0x78edfbc000 fd=12 size=49152 flags=FASTRPC_MAP_FD
alloc_shared_mem_buf: buf=0x7653c00000 fd=13 size=2097152 flags=FASTRPC_MAP_FD
alloc_shared_mem_buf: buf=0x7653a00000 fd=14 size=2097152 flags=FASTRPC_MAP_FD
alloc_shared_mem_buf: buf=0x78edfb0000 fd=15 size=49152 flags=FASTRPC_MAP_FD
alloc_shared_mem_buf: buf=0x78ede50000 fd=16 size=65536 flags=FASTRPC_MAP_FD
alloc_shared_mem_buf: buf=0x7653990000 fd=17 size=457088 flags=FASTRPC_MAP_FD
alloc_shared_mem_buf: buf=0x78f1acb000 fd=18 size=4096 flags=FASTRPC_MAP_FD
No-op channel request completed
FIG8_ATTENTION_CONFIG mode=baseline scna_function=exp2 scna_kernel=direct scna_pipeline=on mask_mode=full qo_len=8 kv_len=4096 n_heads=12 n_kv_heads=2 head_dim=128 warmup=5 iters=20 scna_width=16 q_size=49152 kv_size=2097152 mask_size=65536 profile_size=457088 profile_max_records=10 profile_max_events=6320 mode_flags=2048 print_events=0
FIG8_ATTENTION_HOST_TIMING mode=baseline scna_function=exp2 scna_kernel=direct scna_pipeline=on scna_width=0 qo_len=8 kv_len=4096 n_heads=12 n_kv_heads=2 head_dim=128 phase=warmup iteration=100 host_elapsed_us=995 ret=0
FIG8_ATTENTION_PROFILE_COUNT mode=baseline qo_len=8 phase=warmup iteration=100 records=2 max_records=10
FIG8_ATTENTION_TIMERS mode=baseline scna_function=0 scna_kernel=0 scna_pipeline=1 phase=warmup iteration=100 lut_exp=0 nonlinear_mode=0 scna_width=0 scna_exp=0 qo_len=8 kv_len=4096 n_heads=12 n_kv_heads=2 head_dim=128 kv_head=0 worker=0 profiled_total=324 q_load=3 k_load=72 v_load=52 qk_dot=5 safe_sm=183 core_acc=3 o_scale=1 o_store=5 kv_dma_issue=5 kv_dma_wait=18 kv_transform=96
FIG8_ATTENTION_TIMERS mode=baseline scna_function=0 scna_kernel=0 scna_pipeline=1 phase=warmup iteration=100 lut_exp=0 nonlinear_mode=0 scna_width=0 scna_exp=0 qo_len=8 kv_len=4096 n_heads=12 n_kv_heads=2 head_dim=128 kv_head=1 worker=0 profiled_total=295 q_load=2 k_load=68 v_load=51 qk_dot=4 safe_sm=162 core_acc=3 o_scale=2 o_store=3 kv_dma_issue=5 kv_dma_wait=15 kv_transform=96
FIG8_ATTENTION_EVENT_COUNT mode=baseline qo_len=8 phase=warmup iteration=100 events=16 max_events=6320 overflow=0
FIG8_ATTENTION_HOST_TIMING mode=baseline scna_function=exp2 scna_kernel=direct scna_pipeline=on scna_width=0 qo_len=8 kv_len=4096 n_heads=12 n_kv_heads=2 head_dim=128 phase=warmup iteration=101 host_elapsed_us=797 ret=0
FIG8_ATTENTION_PROFILE_COUNT mode=baseline qo_len=8 phase=warmup iteration=101 records=2 max_records=10
FIG8_ATTENTION_TIMERS mode=baseline scna_function=0 scna_kernel=0 scna_pipeline=1 phase=warmup iteration=101 lut_exp=0 nonlinear_mode=0 scna_width=0 scna_exp=0 qo_len=8 kv_len=4096 n_heads=12 n_kv_heads=2 head_dim=128 kv_head=0 worker=0 profiled_total=289 q_load=2 k_load=67 v_load=51 qk_dot=4 safe_sm=160 core_acc=2 o_scale=0 o_store=3 kv_dma_issue=5 kv_dma_wait=14 kv_transform=96
FIG8_ATTENTION_TIMERS mode=baseline scna_function=0 scna_kernel=0 scna_pipeline=1 phase=warmup iteration=101 lut_exp=0 nonlinear_mode=0 scna_width=0 scna_exp=0 qo_len=8 kv_len=4096 n_heads=12 n_kv_heads=2 head_dim=128 kv_head=1 worker=0 profiled_total=275 q_load=2 k_load=66 v_load=53 qk_dot=4 safe_sm=144 core_acc=2 o_scale=1 o_store=3 kv_dma_issue=5 kv_dma_wait=15 kv_transform=96
FIG8_ATTENTION_EVENT_COUNT mode=baseline qo_len=8 phase=warmup iteration=101 events=16 max_events=6320 overflow=0
FIG8_ATTENTION_HOST_TIMING mode=baseline scna_function=exp2 scna_kernel=direct scna_pipeline=on scna_width=0 qo_len=8 kv_len=4096 n_heads=12 n_kv_heads=2 head_dim=128 phase=warmup iteration=102 host_elapsed_us=766 ret=0
FIG8_ATTENTION_PROFILE_COUNT mode=baseline qo_len=8 phase=warmup iteration=102 records=2 max_records=10
FIG8_ATTENTION_TIMERS mode=baseline scna_function=0 scna_kernel=0 scna_pipeline=1 phase=warmup iteration=102 lut_exp=0 nonlinear_mode=0 scna_width=0 scna_exp=0 qo_len=8 kv_len=4096 n_heads=12 n_kv_heads=2 head_dim=128 kv_head=0 worker=0 profiled_total=286 q_load=2 k_load=67 v_load=51 qk_dot=4 safe_sm=156 core_acc=2 o_scale=1 o_store=3 kv_dma_issue=5 kv_dma_wait=14 kv_transform=95
FIG8_ATTENTION_TIMERS mode=baseline scna_function=0 scna_kernel=0 scna_pipeline=1 phase=warmup iteration=102 lut_exp=0 nonlinear_mode=0 scna_width=0 scna_exp=0 qo_len=8 kv_len=4096 n_heads=12 n_kv_heads=2 head_dim=128 kv_head=1 worker=0 profiled_total=273 q_load=2 k_load=67 v_load=51 qk_dot=4 safe_sm=143 core_acc=2 o_scale=2 o_store=2 kv_dma_issue=5 kv_dma_wait=15 kv_transform=95
FIG8_ATTENTION_EVENT_COUNT mode=baseline qo_len=8 phase=warmup iteration=102 events=16 max_events=6320 overflow=0
FIG8_ATTENTION_HOST_TIMING mode=baseline scna_function=exp2 scna_kernel=direct scna_pipeline=on scna_width=0 qo_len=8 kv_len=4096 n_heads=12 n_kv_heads=2 head_dim=128 phase=warmup iteration=103 host_elapsed_us=768 ret=0
FIG8_ATTENTION_PROFILE_COUNT mode=baseline qo_len=8 phase=warmup iteration=103 records=2 max_records=10
FIG8_ATTENTION_TIMERS mode=baseline scna_function=0 scna_kernel=0 scna_pipeline=1 phase=warmup iteration=103 lut_exp=0 nonlinear_mode=0 scna_width=0 scna_exp=0 qo_len=8 kv_len=4096 n_heads=12 n_kv_heads=2 head_dim=128 kv_head=0 worker=0 profiled_total=285 q_load=2 k_load=66 v_load=51 qk_dot=4 safe_sm=156 core_acc=2 o_scale=1 o_store=3 kv_dma_issue=5 kv_dma_wait=14 kv_transform=96
FIG8_ATTENTION_TIMERS mode=baseline scna_function=0 scna_kernel=0 scna_pipeline=1 phase=warmup iteration=103 lut_exp=0 nonlinear_mode=0 scna_width=0 scna_exp=0 qo_len=8 kv_len=4096 n_heads=12 n_kv_heads=2 head_dim=128 kv_head=1 worker=0 profiled_total=273 q_load=1 k_load=66 v_load=51 qk_dot=4 safe_sm=145 core_acc=2 o_scale=2 o_store=2 kv_dma_issue=5 kv_dma_wait=12 kv_transform=96
FIG8_ATTENTION_EVENT_COUNT mode=baseline qo_len=8 phase=warmup iteration=103 events=16 max_events=6320 overflow=0
FIG8_ATTENTION_HOST_TIMING mode=baseline scna_function=exp2 scna_kernel=direct scna_pipeline=on scna_width=0 qo_len=8 kv_len=4096 n_heads=12 n_kv_heads=2 head_dim=128 phase=warmup iteration=104 host_elapsed_us=768 ret=0
FIG8_ATTENTION_PROFILE_COUNT mode=baseline qo_len=8 phase=warmup iteration=104 records=2 max_records=10
FIG8_ATTENTION_TIMERS mode=baseline scna_function=0 scna_kernel=0 scna_pipeline=1 phase=warmup iteration=104 lut_exp=0 nonlinear_mode=0 scna_width=0 scna_exp=0 qo_len=8 kv_len=4096 n_heads=12 n_kv_heads=2 head_dim=128 kv_head=0 worker=0 profiled_total=288 q_load=2 k_load=67 v_load=52 qk_dot=4 safe_sm=157 core_acc=2 o_scale=1 o_store=3 kv_dma_issue=4 kv_dma_wait=15 kv_transform=95
FIG8_ATTENTION_TIMERS mode=baseline scna_function=0 scna_kernel=0 scna_pipeline=1 phase=warmup iteration=104 lut_exp=0 nonlinear_mode=0 scna_width=0 scna_exp=0 qo_len=8 kv_len=4096 n_heads=12 n_kv_heads=2 head_dim=128 kv_head=1 worker=0 profiled_total=272 q_load=1 k_load=65 v_load=51 qk_dot=4 safe_sm=145 core_acc=2 o_scale=2 o_store=2 kv_dma_issue=5 kv_dma_wait=13 kv_transform=96
FIG8_ATTENTION_EVENT_COUNT mode=baseline qo_len=8 phase=warmup iteration=104 events=16 max_events=6320 overflow=0
FIG8_ATTENTION_HOST_TIMING mode=baseline scna_function=exp2 scna_kernel=direct scna_pipeline=on scna_width=0 qo_len=8 kv_len=4096 n_heads=12 n_kv_heads=2 head_dim=128 phase=measure iteration=100 host_elapsed_us=769 ret=0
FIG8_ATTENTION_PROFILE_COUNT mode=baseline qo_len=8 phase=measure iteration=100 records=2 max_records=10
FIG8_ATTENTION_TIMERS mode=baseline scna_function=0 scna_kernel=0 scna_pipeline=1 phase=measure iteration=100 lut_exp=0 nonlinear_mode=0 scna_width=0 scna_exp=0 qo_len=8 kv_len=4096 n_heads=12 n_kv_heads=2 head_dim=128 kv_head=0 worker=0 profiled_total=287 q_load=2 k_load=67 v_load=52 qk_dot=4 safe_sm=156 core_acc=2 o_scale=1 o_store=3 kv_dma_issue=4 kv_dma_wait=15 kv_transform=95
FIG8_ATTENTION_TIMERS mode=baseline scna_function=0 scna_kernel=0 scna_pipeline=1 phase=measure iteration=100 lut_exp=0 nonlinear_mode=0 scna_width=0 scna_exp=0 qo_len=8 kv_len=4096 n_heads=12 n_kv_heads=2 head_dim=128 kv_head=1 worker=0 profiled_total=274 q_load=1 k_load=66 v_load=51 qk_dot=4 safe_sm=146 core_acc=2 o_scale=2 o_store=2 kv_dma_issue=5 kv_dma_wait=12 kv_transform=96
FIG8_ATTENTION_EVENT_COUNT mode=baseline qo_len=8 phase=measure iteration=100 events=16 max_events=6320 overflow=0
FIG8_ATTENTION_HOST_TIMING mode=baseline scna_function=exp2 scna_kernel=direct scna_pipeline=on scna_width=0 qo_len=8 kv_len=4096 n_heads=12 n_kv_heads=2 head_dim=128 phase=measure iteration=101 host_elapsed_us=769 ret=0
FIG8_ATTENTION_PROFILE_COUNT mode=baseline qo_len=8 phase=measure iteration=101 records=2 max_records=10
FIG8_ATTENTION_TIMERS mode=baseline scna_function=0 scna_kernel=0 scna_pipeline=1 phase=measure iteration=101 lut_exp=0 nonlinear_mode=0 scna_width=0 scna_exp=0 qo_len=8 kv_len=4096 n_heads=12 n_kv_heads=2 head_dim=128 kv_head=0 worker=0 profiled_total=286 q_load=2 k_load=67 v_load=51 qk_dot=4 safe_sm=156 core_acc=2 o_scale=1 o_store=3 kv_dma_issue=4 kv_dma_wait=15 kv_transform=95
FIG8_ATTENTION_TIMERS mode=baseline scna_function=0 scna_kernel=0 scna_pipeline=1 phase=measure iteration=101 lut_exp=0 nonlinear_mode=0 scna_width=0 scna_exp=0 qo_len=8 kv_len=4096 n_heads=12 n_kv_heads=2 head_dim=128 kv_head=1 worker=0 profiled_total=273 q_load=1 k_load=66 v_load=51 qk_dot=4 safe_sm=145 core_acc=2 o_scale=2 o_store=2 kv_dma_issue=4 kv_dma_wait=12 kv_transform=96
FIG8_ATTENTION_EVENT_COUNT mode=baseline qo_len=8 phase=measure iteration=101 events=16 max_events=6320 overflow=0
FIG8_ATTENTION_HOST_TIMING mode=baseline scna_function=exp2 scna_kernel=direct scna_pipeline=on scna_width=0 qo_len=8 kv_len=4096 n_heads=12 n_kv_heads=2 head_dim=128 phase=measure iteration=102 host_elapsed_us=768 ret=0
FIG8_ATTENTION_PROFILE_COUNT mode=baseline qo_len=8 phase=measure iteration=102 records=2 max_records=10
FIG8_ATTENTION_TIMERS mode=baseline scna_function=0 scna_kernel=0 scna_pipeline=1 phase=measure iteration=102 lut_exp=0 nonlinear_mode=0 scna_width=0 scna_exp=0 qo_len=8 kv_len=4096 n_heads=12 n_kv_heads=2 head_dim=128 kv_head=0 worker=0 profiled_total=288 q_load=2 k_load=67 v_load=51 qk_dot=4 safe_sm=157 core_acc=2 o_scale=1 o_store=4 kv_dma_issue=5 kv_dma_wait=15 kv_transform=95
FIG8_ATTENTION_TIMERS mode=baseline scna_function=0 scna_kernel=0 scna_pipeline=1 phase=measure iteration=102 lut_exp=0 nonlinear_mode=0 scna_width=0 scna_exp=0 qo_len=8 kv_len=4096 n_heads=12 n_kv_heads=2 head_dim=128 kv_head=1 worker=0 profiled_total=271 q_load=1 k_load=65 v_load=51 qk_dot=3 safe_sm=145 core_acc=2 o_scale=2 o_store=2 kv_dma_issue=5 kv_dma_wait=12 kv_transform=96
FIG8_ATTENTION_EVENT_COUNT mode=baseline qo_len=8 phase=measure iteration=102 events=16 max_events=6320 overflow=0
FIG8_ATTENTION_HOST_TIMING mode=baseline scna_function=exp2 scna_kernel=direct scna_pipeline=on scna_width=0 qo_len=8 kv_len=4096 n_heads=12 n_kv_heads=2 head_dim=128 phase=measure iteration=103 host_elapsed_us=767 ret=0
FIG8_ATTENTION_PROFILE_COUNT mode=baseline qo_len=8 phase=measure iteration=103 records=2 max_records=10
FIG8_ATTENTION_TIMERS mode=baseline scna_function=0 scna_kernel=0 scna_pipeline=1 phase=measure iteration=103 lut_exp=0 nonlinear_mode=0 scna_width=0 scna_exp=0 qo_len=8 kv_len=4096 n_heads=12 n_kv_heads=2 head_dim=128 kv_head=0 worker=0 profiled_total=284 q_load=2 k_load=67 v_load=51 qk_dot=4 safe_sm=154 core_acc=2 o_scale=1 o_store=3 kv_dma_issue=4 kv_dma_wait=14 kv_transform=95
FIG8_ATTENTION_TIMERS mode=baseline scna_function=0 scna_kernel=0 scna_pipeline=1 phase=measure iteration=103 lut_exp=0 nonlinear_mode=0 scna_width=0 scna_exp=0 qo_len=8 kv_len=4096 n_heads=12 n_kv_heads=2 head_dim=128 kv_head=1 worker=0 profiled_total=272 q_load=1 k_load=65 v_load=51 qk_dot=4 safe_sm=145 core_acc=2 o_scale=2 o_store=2 kv_dma_issue=4 kv_dma_wait=12 kv_transform=96
FIG8_ATTENTION_EVENT_COUNT mode=baseline qo_len=8 phase=measure iteration=103 events=16 max_events=6320 overflow=0
FIG8_ATTENTION_HOST_TIMING mode=baseline scna_function=exp2 scna_kernel=direct scna_pipeline=on scna_width=0 qo_len=8 kv_len=4096 n_heads=12 n_kv_heads=2 head_dim=128 phase=measure iteration=104 host_elapsed_us=768 ret=0
FIG8_ATTENTION_PROFILE_COUNT mode=baseline qo_len=8 phase=measure iteration=104 records=2 max_records=10
FIG8_ATTENTION_TIMERS mode=baseline scna_function=0 scna_kernel=0 scna_pipeline=1 phase=measure iteration=104 lut_exp=0 nonlinear_mode=0 scna_width=0 scna_exp=0 qo_len=8 kv_len=4096 n_heads=12 n_kv_heads=2 head_dim=128 kv_head=0 worker=0 profiled_total=287 q_load=2 k_load=67 v_load=51 qk_dot=4 safe_sm=157 core_acc=2 o_scale=1 o_store=3 kv_dma_issue=5 kv_dma_wait=15 kv_transform=95
FIG8_ATTENTION_TIMERS mode=baseline scna_function=0 scna_kernel=0 scna_pipeline=1 phase=measure iteration=104 lut_exp=0 nonlinear_mode=0 scna_width=0 scna_exp=0 qo_len=8 kv_len=4096 n_heads=12 n_kv_heads=2 head_dim=128 kv_head=1 worker=0 profiled_total=274 q_load=1 k_load=65 v_load=51 qk_dot=4 safe_sm=146 core_acc=2 o_scale=2 o_store=3 kv_dma_issue=5 kv_dma_wait=13 kv_transform=96
FIG8_ATTENTION_EVENT_COUNT mode=baseline qo_len=8 phase=measure iteration=104 events=16 max_events=6320 overflow=0
FIG8_ATTENTION_HOST_TIMING mode=baseline scna_function=exp2 scna_kernel=direct scna_pipeline=on scna_width=0 qo_len=8 kv_len=4096 n_heads=12 n_kv_heads=2 head_dim=128 phase=measure iteration=105 host_elapsed_us=775 ret=0
FIG8_ATTENTION_PROFILE_COUNT mode=baseline qo_len=8 phase=measure iteration=105 records=2 max_records=10
FIG8_ATTENTION_TIMERS mode=baseline scna_function=0 scna_kernel=0 scna_pipeline=1 phase=measure iteration=105 lut_exp=0 nonlinear_mode=0 scna_width=0 scna_exp=0 qo_len=8 kv_len=4096 n_heads=12 n_kv_heads=2 head_dim=128 kv_head=0 worker=0 profiled_total=286 q_load=2 k_load=66 v_load=51 qk_dot=4 safe_sm=157 core_acc=2 o_scale=1 o_store=3 kv_dma_issue=5 kv_dma_wait=13 kv_transform=96
FIG8_ATTENTION_TIMERS mode=baseline scna_function=0 scna_kernel=0 scna_pipeline=1 phase=measure iteration=105 lut_exp=0 nonlinear_mode=0 scna_width=0 scna_exp=0 qo_len=8 kv_len=4096 n_heads=12 n_kv_heads=2 head_dim=128 kv_head=1 worker=0 profiled_total=271 q_load=1 k_load=65 v_load=51 qk_dot=4 safe_sm=145 core_acc=2 o_scale=1 o_store=2 kv_dma_issue=4 kv_dma_wait=12 kv_transform=96
FIG8_ATTENTION_EVENT_COUNT mode=baseline qo_len=8 phase=measure iteration=105 events=16 max_events=6320 overflow=0
FIG8_ATTENTION_HOST_TIMING mode=baseline scna_function=exp2 scna_kernel=direct scna_pipeline=on scna_width=0 qo_len=8 kv_len=4096 n_heads=12 n_kv_heads=2 head_dim=128 phase=measure iteration=106 host_elapsed_us=766 ret=0
FIG8_ATTENTION_PROFILE_COUNT mode=baseline qo_len=8 phase=measure iteration=106 records=2 max_records=10
FIG8_ATTENTION_TIMERS mode=baseline scna_function=0 scna_kernel=0 scna_pipeline=1 phase=measure iteration=106 lut_exp=0 nonlinear_mode=0 scna_width=0 scna_exp=0 qo_len=8 kv_len=4096 n_heads=12 n_kv_heads=2 head_dim=128 kv_head=0 worker=0 profiled_total=287 q_load=2 k_load=67 v_load=51 qk_dot=4 safe_sm=157 core_acc=2 o_scale=1 o_store=3 kv_dma_issue=5 kv_dma_wait=15 kv_transform=96
FIG8_ATTENTION_TIMERS mode=baseline scna_function=0 scna_kernel=0 scna_pipeline=1 phase=measure iteration=106 lut_exp=0 nonlinear_mode=0 scna_width=0 scna_exp=0 qo_len=8 kv_len=4096 n_heads=12 n_kv_heads=2 head_dim=128 kv_head=1 worker=0 profiled_total=273 q_load=1 k_load=65 v_load=51 qk_dot=4 safe_sm=146 core_acc=2 o_scale=2 o_store=2 kv_dma_issue=5 kv_dma_wait=12 kv_transform=96
FIG8_ATTENTION_EVENT_COUNT mode=baseline qo_len=8 phase=measure iteration=106 events=16 max_events=6320 overflow=0
FIG8_ATTENTION_HOST_TIMING mode=baseline scna_function=exp2 scna_kernel=direct scna_pipeline=on scna_width=0 qo_len=8 kv_len=4096 n_heads=12 n_kv_heads=2 head_dim=128 phase=measure iteration=107 host_elapsed_us=773 ret=0
FIG8_ATTENTION_PROFILE_COUNT mode=baseline qo_len=8 phase=measure iteration=107 records=2 max_records=10
FIG8_ATTENTION_TIMERS mode=baseline scna_function=0 scna_kernel=0 scna_pipeline=1 phase=measure iteration=107 lut_exp=0 nonlinear_mode=0 scna_width=0 scna_exp=0 qo_len=8 kv_len=4096 n_heads=12 n_kv_heads=2 head_dim=128 kv_head=0 worker=0 profiled_total=285 q_load=2 k_load=68 v_load=51 qk_dot=4 safe_sm=154 core_acc=2 o_scale=1 o_store=3 kv_dma_issue=5 kv_dma_wait=15 kv_transform=95
FIG8_ATTENTION_TIMERS mode=baseline scna_function=0 scna_kernel=0 scna_pipeline=1 phase=measure iteration=107 lut_exp=0 nonlinear_mode=0 scna_width=0 scna_exp=0 qo_len=8 kv_len=4096 n_heads=12 n_kv_heads=2 head_dim=128 kv_head=1 worker=0 profiled_total=273 q_load=2 k_load=65 v_load=51 qk_dot=4 safe_sm=145 core_acc=2 o_scale=2 o_store=2 kv_dma_issue=5 kv_dma_wait=12 kv_transform=96
FIG8_ATTENTION_EVENT_COUNT mode=baseline qo_len=8 phase=measure iteration=107 events=16 max_events=6320 overflow=0
FIG8_ATTENTION_HOST_TIMING mode=baseline scna_function=exp2 scna_kernel=direct scna_pipeline=on scna_width=0 qo_len=8 kv_len=4096 n_heads=12 n_kv_heads=2 head_dim=128 phase=measure iteration=108 host_elapsed_us=769 ret=0
FIG8_ATTENTION_PROFILE_COUNT mode=baseline qo_len=8 phase=measure iteration=108 records=2 max_records=10
FIG8_ATTENTION_TIMERS mode=baseline scna_function=0 scna_kernel=0 scna_pipeline=1 phase=measure iteration=108 lut_exp=0 nonlinear_mode=0 scna_width=0 scna_exp=0 qo_len=8 kv_len=4096 n_heads=12 n_kv_heads=2 head_dim=128 kv_head=0 worker=0 profiled_total=284 q_load=2 k_load=67 v_load=50 qk_dot=4 safe_sm=156 core_acc=2 o_scale=1 o_store=2 kv_dma_issue=5 kv_dma_wait=13 kv_transform=96
FIG8_ATTENTION_TIMERS mode=baseline scna_function=0 scna_kernel=0 scna_pipeline=1 phase=measure iteration=108 lut_exp=0 nonlinear_mode=0 scna_width=0 scna_exp=0 qo_len=8 kv_len=4096 n_heads=12 n_kv_heads=2 head_dim=128 kv_head=1 worker=0 profiled_total=275 q_load=1 k_load=65 v_load=51 qk_dot=4 safe_sm=148 core_acc=2 o_scale=2 o_store=2 kv_dma_issue=5 kv_dma_wait=12 kv_transform=96
FIG8_ATTENTION_EVENT_COUNT mode=baseline qo_len=8 phase=measure iteration=108 events=16 max_events=6320 overflow=0
FIG8_ATTENTION_HOST_TIMING mode=baseline scna_function=exp2 scna_kernel=direct scna_pipeline=on scna_width=0 qo_len=8 kv_len=4096 n_heads=12 n_kv_heads=2 head_dim=128 phase=measure iteration=109 host_elapsed_us=778 ret=0
FIG8_ATTENTION_PROFILE_COUNT mode=baseline qo_len=8 phase=measure iteration=109 records=2 max_records=10
FIG8_ATTENTION_TIMERS mode=baseline scna_function=0 scna_kernel=0 scna_pipeline=1 phase=measure iteration=109 lut_exp=0 nonlinear_mode=0 scna_width=0 scna_exp=0 qo_len=8 kv_len=4096 n_heads=12 n_kv_heads=2 head_dim=128 kv_head=0 worker=0 profiled_total=286 q_load=2 k_load=67 v_load=51 qk_dot=4 safe_sm=156 core_acc=2 o_scale=1 o_store=3 kv_dma_issue=5 kv_dma_wait=14 kv_transform=95
FIG8_ATTENTION_TIMERS mode=baseline scna_function=0 scna_kernel=0 scna_pipeline=1 phase=measure iteration=109 lut_exp=0 nonlinear_mode=0 scna_width=0 scna_exp=0 qo_len=8 kv_len=4096 n_heads=12 n_kv_heads=2 head_dim=128 kv_head=1 worker=0 profiled_total=273 q_load=1 k_load=66 v_load=51 qk_dot=4 safe_sm=146 core_acc=2 o_scale=1 o_store=2 kv_dma_issue=4 kv_dma_wait=13 kv_transform=96
FIG8_ATTENTION_EVENT_COUNT mode=baseline qo_len=8 phase=measure iteration=109 events=16 max_events=6320 overflow=0
FIG8_ATTENTION_HOST_TIMING mode=baseline scna_function=exp2 scna_kernel=direct scna_pipeline=on scna_width=0 qo_len=8 kv_len=4096 n_heads=12 n_kv_heads=2 head_dim=128 phase=measure iteration=110 host_elapsed_us=774 ret=0
FIG8_ATTENTION_PROFILE_COUNT mode=baseline qo_len=8 phase=measure iteration=110 records=2 max_records=10
FIG8_ATTENTION_TIMERS mode=baseline scna_function=0 scna_kernel=0 scna_pipeline=1 phase=measure iteration=110 lut_exp=0 nonlinear_mode=0 scna_width=0 scna_exp=0 qo_len=8 kv_len=4096 n_heads=12 n_kv_heads=2 head_dim=128 kv_head=0 worker=0 profiled_total=284 q_load=2 k_load=66 v_load=50 qk_dot=4 safe_sm=156 core_acc=2 o_scale=1 o_store=3 kv_dma_issue=5 kv_dma_wait=12 kv_transform=96
FIG8_ATTENTION_TIMERS mode=baseline scna_function=0 scna_kernel=0 scna_pipeline=1 phase=measure iteration=110 lut_exp=0 nonlinear_mode=0 scna_width=0 scna_exp=0 qo_len=8 kv_len=4096 n_heads=12 n_kv_heads=2 head_dim=128 kv_head=1 worker=0 profiled_total=277 q_load=1 k_load=71 v_load=50 qk_dot=3 safe_sm=146 core_acc=2 o_scale=2 o_store=2 kv_dma_issue=5 kv_dma_wait=17 kv_transform=96
FIG8_ATTENTION_EVENT_COUNT mode=baseline qo_len=8 phase=measure iteration=110 events=16 max_events=6320 overflow=0
FIG8_ATTENTION_HOST_TIMING mode=baseline scna_function=exp2 scna_kernel=direct scna_pipeline=on scna_width=0 qo_len=8 kv_len=4096 n_heads=12 n_kv_heads=2 head_dim=128 phase=measure iteration=111 host_elapsed_us=846 ret=0
FIG8_ATTENTION_PROFILE_COUNT mode=baseline qo_len=8 phase=measure iteration=111 records=2 max_records=10
FIG8_ATTENTION_TIMERS mode=baseline scna_function=0 scna_kernel=0 scna_pipeline=1 phase=measure iteration=111 lut_exp=0 nonlinear_mode=0 scna_width=0 scna_exp=0 qo_len=8 kv_len=4096 n_heads=12 n_kv_heads=2 head_dim=128 kv_head=0 worker=0 profiled_total=286 q_load=2 k_load=67 v_load=51 qk_dot=4 safe_sm=156 core_acc=2 o_scale=1 o_store=3 kv_dma_issue=5 kv_dma_wait=14 kv_transform=96
FIG8_ATTENTION_TIMERS mode=baseline scna_function=0 scna_kernel=0 scna_pipeline=1 phase=measure iteration=111 lut_exp=0 nonlinear_mode=0 scna_width=0 scna_exp=0 qo_len=8 kv_len=4096 n_heads=12 n_kv_heads=2 head_dim=128 kv_head=1 worker=0 profiled_total=298 q_load=1 k_load=66 v_load=79 qk_dot=4 safe_sm=143 core_acc=2 o_scale=1 o_store=2 kv_dma_issue=5 kv_dma_wait=41 kv_transform=96
FIG8_ATTENTION_EVENT_COUNT mode=baseline qo_len=8 phase=measure iteration=111 events=16 max_events=6320 overflow=0
FIG8_ATTENTION_HOST_TIMING mode=baseline scna_function=exp2 scna_kernel=direct scna_pipeline=on scna_width=0 qo_len=8 kv_len=4096 n_heads=12 n_kv_heads=2 head_dim=128 phase=measure iteration=112 host_elapsed_us=929 ret=0
FIG8_ATTENTION_PROFILE_COUNT mode=baseline qo_len=8 phase=measure iteration=112 records=2 max_records=10
FIG8_ATTENTION_TIMERS mode=baseline scna_function=0 scna_kernel=0 scna_pipeline=1 phase=measure iteration=112 lut_exp=0 nonlinear_mode=0 scna_width=0 scna_exp=0 qo_len=8 kv_len=4096 n_heads=12 n_kv_heads=2 head_dim=128 kv_head=0 worker=0 profiled_total=337 q_load=2 k_load=81 v_load=77 qk_dot=4 safe_sm=167 core_acc=2 o_scale=1 o_store=3 kv_dma_issue=4 kv_dma_wait=55 kv_transform=95
FIG8_ATTENTION_TIMERS mode=baseline scna_function=0 scna_kernel=0 scna_pipeline=1 phase=measure iteration=112 lut_exp=0 nonlinear_mode=0 scna_width=0 scna_exp=0 qo_len=8 kv_len=4096 n_heads=12 n_kv_heads=2 head_dim=128 kv_head=1 worker=0 profiled_total=325 q_load=2 k_load=81 v_load=79 qk_dot=4 safe_sm=153 core_acc=2 o_scale=2 o_store=2 kv_dma_issue=5 kv_dma_wait=56 kv_transform=96
FIG8_ATTENTION_EVENT_COUNT mode=baseline qo_len=8 phase=measure iteration=112 events=16 max_events=6320 overflow=0
FIG8_ATTENTION_HOST_TIMING mode=baseline scna_function=exp2 scna_kernel=direct scna_pipeline=on scna_width=0 qo_len=8 kv_len=4096 n_heads=12 n_kv_heads=2 head_dim=128 phase=measure iteration=113 host_elapsed_us=969 ret=0
FIG8_ATTENTION_PROFILE_COUNT mode=baseline qo_len=8 phase=measure iteration=113 records=2 max_records=10
FIG8_ATTENTION_TIMERS mode=baseline scna_function=0 scna_kernel=0 scna_pipeline=1 phase=measure iteration=113 lut_exp=0 nonlinear_mode=0 scna_width=0 scna_exp=0 qo_len=8 kv_len=4096 n_heads=12 n_kv_heads=2 head_dim=128 kv_head=0 worker=0 profiled_total=336 q_load=2 k_load=81 v_load=77 qk_dot=4 safe_sm=166 core_acc=2 o_scale=1 o_store=3 kv_dma_issue=4 kv_dma_wait=54 kv_transform=95
FIG8_ATTENTION_TIMERS mode=baseline scna_function=0 scna_kernel=0 scna_pipeline=1 phase=measure iteration=113 lut_exp=0 nonlinear_mode=0 scna_width=0 scna_exp=0 qo_len=8 kv_len=4096 n_heads=12 n_kv_heads=2 head_dim=128 kv_head=1 worker=0 profiled_total=326 q_load=1 k_load=80 v_load=79 qk_dot=4 safe_sm=156 core_acc=2 o_scale=2 o_store=2 kv_dma_issue=5 kv_dma_wait=55 kv_transform=96
FIG8_ATTENTION_EVENT_COUNT mode=baseline qo_len=8 phase=measure iteration=113 events=16 max_events=6320 overflow=0
FIG8_ATTENTION_HOST_TIMING mode=baseline scna_function=exp2 scna_kernel=direct scna_pipeline=on scna_width=0 qo_len=8 kv_len=4096 n_heads=12 n_kv_heads=2 head_dim=128 phase=measure iteration=114 host_elapsed_us=855 ret=0
FIG8_ATTENTION_PROFILE_COUNT mode=baseline qo_len=8 phase=measure iteration=114 records=2 max_records=10
FIG8_ATTENTION_TIMERS mode=baseline scna_function=0 scna_kernel=0 scna_pipeline=1 phase=measure iteration=114 lut_exp=0 nonlinear_mode=0 scna_width=0 scna_exp=0 qo_len=8 kv_len=4096 n_heads=12 n_kv_heads=2 head_dim=128 kv_head=0 worker=0 profiled_total=335 q_load=2 k_load=82 v_load=76 qk_dot=4 safe_sm=165 core_acc=2 o_scale=1 o_store=3 kv_dma_issue=4 kv_dma_wait=55 kv_transform=95
FIG8_ATTENTION_TIMERS mode=baseline scna_function=0 scna_kernel=0 scna_pipeline=1 phase=measure iteration=114 lut_exp=0 nonlinear_mode=0 scna_width=0 scna_exp=0 qo_len=8 kv_len=4096 n_heads=12 n_kv_heads=2 head_dim=128 kv_head=1 worker=0 profiled_total=329 q_load=2 k_load=81 v_load=79 qk_dot=4 safe_sm=157 core_acc=2 o_scale=2 o_store=2 kv_dma_issue=5 kv_dma_wait=56 kv_transform=95
FIG8_ATTENTION_EVENT_COUNT mode=baseline qo_len=8 phase=measure iteration=114 events=16 max_events=6320 overflow=0
FIG8_ATTENTION_HOST_TIMING mode=baseline scna_function=exp2 scna_kernel=direct scna_pipeline=on scna_width=0 qo_len=8 kv_len=4096 n_heads=12 n_kv_heads=2 head_dim=128 phase=measure iteration=115 host_elapsed_us=914 ret=0
FIG8_ATTENTION_PROFILE_COUNT mode=baseline qo_len=8 phase=measure iteration=115 records=2 max_records=10
FIG8_ATTENTION_TIMERS mode=baseline scna_function=0 scna_kernel=0 scna_pipeline=1 phase=measure iteration=115 lut_exp=0 nonlinear_mode=0 scna_width=0 scna_exp=0 qo_len=8 kv_len=4096 n_heads=12 n_kv_heads=2 head_dim=128 kv_head=0 worker=0 profiled_total=335 q_load=2 k_load=81 v_load=77 qk_dot=4 safe_sm=166 core_acc=2 o_scale=1 o_store=2 kv_dma_issue=4 kv_dma_wait=54 kv_transform=95
FIG8_ATTENTION_TIMERS mode=baseline scna_function=0 scna_kernel=0 scna_pipeline=1 phase=measure iteration=115 lut_exp=0 nonlinear_mode=0 scna_width=0 scna_exp=0 qo_len=8 kv_len=4096 n_heads=12 n_kv_heads=2 head_dim=128 kv_head=1 worker=0 profiled_total=325 q_load=2 k_load=82 v_load=79 qk_dot=4 safe_sm=152 core_acc=2 o_scale=2 o_store=2 kv_dma_issue=5 kv_dma_wait=58 kv_transform=95
FIG8_ATTENTION_EVENT_COUNT mode=baseline qo_len=8 phase=measure iteration=115 events=16 max_events=6320 overflow=0
FIG8_ATTENTION_HOST_TIMING mode=baseline scna_function=exp2 scna_kernel=direct scna_pipeline=on scna_width=0 qo_len=8 kv_len=4096 n_heads=12 n_kv_heads=2 head_dim=128 phase=measure iteration=116 host_elapsed_us=916 ret=0
FIG8_ATTENTION_PROFILE_COUNT mode=baseline qo_len=8 phase=measure iteration=116 records=2 max_records=10
FIG8_ATTENTION_TIMERS mode=baseline scna_function=0 scna_kernel=0 scna_pipeline=1 phase=measure iteration=116 lut_exp=0 nonlinear_mode=0 scna_width=0 scna_exp=0 qo_len=8 kv_len=4096 n_heads=12 n_kv_heads=2 head_dim=128 kv_head=0 worker=0 profiled_total=336 q_load=2 k_load=81 v_load=78 qk_dot=4 safe_sm=165 core_acc=2 o_scale=1 o_store=3 kv_dma_issue=4 kv_dma_wait=56 kv_transform=95
FIG8_ATTENTION_TIMERS mode=baseline scna_function=0 scna_kernel=0 scna_pipeline=1 phase=measure iteration=116 lut_exp=0 nonlinear_mode=0 scna_width=0 scna_exp=0 qo_len=8 kv_len=4096 n_heads=12 n_kv_heads=2 head_dim=128 kv_head=1 worker=0 profiled_total=328 q_load=2 k_load=83 v_load=78 qk_dot=4 safe_sm=155 core_acc=2 o_scale=2 o_store=2 kv_dma_issue=5 kv_dma_wait=57 kv_transform=95
FIG8_ATTENTION_EVENT_COUNT mode=baseline qo_len=8 phase=measure iteration=116 events=16 max_events=6320 overflow=0
FIG8_ATTENTION_HOST_TIMING mode=baseline scna_function=exp2 scna_kernel=direct scna_pipeline=on scna_width=0 qo_len=8 kv_len=4096 n_heads=12 n_kv_heads=2 head_dim=128 phase=measure iteration=117 host_elapsed_us=957 ret=0
FIG8_ATTENTION_PROFILE_COUNT mode=baseline qo_len=8 phase=measure iteration=117 records=2 max_records=10
FIG8_ATTENTION_TIMERS mode=baseline scna_function=0 scna_kernel=0 scna_pipeline=1 phase=measure iteration=117 lut_exp=0 nonlinear_mode=0 scna_width=0 scna_exp=0 qo_len=8 kv_len=4096 n_heads=12 n_kv_heads=2 head_dim=128 kv_head=0 worker=0 profiled_total=333 q_load=2 k_load=82 v_load=76 qk_dot=4 safe_sm=164 core_acc=2 o_scale=1 o_store=2 kv_dma_issue=4 kv_dma_wait=55 kv_transform=95
FIG8_ATTENTION_TIMERS mode=baseline scna_function=0 scna_kernel=0 scna_pipeline=1 phase=measure iteration=117 lut_exp=0 nonlinear_mode=0 scna_width=0 scna_exp=0 qo_len=8 kv_len=4096 n_heads=12 n_kv_heads=2 head_dim=128 kv_head=1 worker=0 profiled_total=330 q_load=1 k_load=81 v_load=81 qk_dot=4 safe_sm=157 core_acc=2 o_scale=2 o_store=2 kv_dma_issue=4 kv_dma_wait=58 kv_transform=95
FIG8_ATTENTION_EVENT_COUNT mode=baseline qo_len=8 phase=measure iteration=117 events=16 max_events=6320 overflow=0
FIG8_ATTENTION_HOST_TIMING mode=baseline scna_function=exp2 scna_kernel=direct scna_pipeline=on scna_width=0 qo_len=8 kv_len=4096 n_heads=12 n_kv_heads=2 head_dim=128 phase=measure iteration=118 host_elapsed_us=952 ret=0
FIG8_ATTENTION_PROFILE_COUNT mode=baseline qo_len=8 phase=measure iteration=118 records=2 max_records=10
FIG8_ATTENTION_TIMERS mode=baseline scna_function=0 scna_kernel=0 scna_pipeline=1 phase=measure iteration=118 lut_exp=0 nonlinear_mode=0 scna_width=0 scna_exp=0 qo_len=8 kv_len=4096 n_heads=12 n_kv_heads=2 head_dim=128 kv_head=0 worker=0 profiled_total=337 q_load=2 k_load=81 v_load=77 qk_dot=4 safe_sm=168 core_acc=2 o_scale=1 o_store=2 kv_dma_issue=4 kv_dma_wait=55 kv_transform=95
FIG8_ATTENTION_TIMERS mode=baseline scna_function=0 scna_kernel=0 scna_pipeline=1 phase=measure iteration=118 lut_exp=0 nonlinear_mode=0 scna_width=0 scna_exp=0 qo_len=8 kv_len=4096 n_heads=12 n_kv_heads=2 head_dim=128 kv_head=1 worker=0 profiled_total=336 q_load=2 k_load=83 v_load=85 qk_dot=4 safe_sm=156 core_acc=2 o_scale=2 o_store=2 kv_dma_issue=5 kv_dma_wait=65 kv_transform=96
FIG8_ATTENTION_EVENT_COUNT mode=baseline qo_len=8 phase=measure iteration=118 events=16 max_events=6320 overflow=0
FIG8_ATTENTION_HOST_TIMING mode=baseline scna_function=exp2 scna_kernel=direct scna_pipeline=on scna_width=0 qo_len=8 kv_len=4096 n_heads=12 n_kv_heads=2 head_dim=128 phase=measure iteration=119 host_elapsed_us=950 ret=0
FIG8_ATTENTION_PROFILE_COUNT mode=baseline qo_len=8 phase=measure iteration=119 records=2 max_records=10
FIG8_ATTENTION_TIMERS mode=baseline scna_function=0 scna_kernel=0 scna_pipeline=1 phase=measure iteration=119 lut_exp=0 nonlinear_mode=0 scna_width=0 scna_exp=0 qo_len=8 kv_len=4096 n_heads=12 n_kv_heads=2 head_dim=128 kv_head=0 worker=0 profiled_total=331 q_load=2 k_load=80 v_load=75 qk_dot=4 safe_sm=165 core_acc=2 o_scale=1 o_store=2 kv_dma_issue=4 kv_dma_wait=52 kv_transform=95
FIG8_ATTENTION_TIMERS mode=baseline scna_function=0 scna_kernel=0 scna_pipeline=1 phase=measure iteration=119 lut_exp=0 nonlinear_mode=0 scna_width=0 scna_exp=0 qo_len=8 kv_len=4096 n_heads=12 n_kv_heads=2 head_dim=128 kv_head=1 worker=0 profiled_total=328 q_load=2 k_load=84 v_load=77 qk_dot=4 safe_sm=155 core_acc=2 o_scale=2 o_store=2 kv_dma_issue=5 kv_dma_wait=58 kv_transform=96
FIG8_ATTENTION_EVENT_COUNT mode=baseline qo_len=8 phase=measure iteration=119 events=16 max_events=6320 overflow=0
FIG8_ATTENTION_PIPELINE_COMPARE mode=baseline function=exp2 kernel=direct selected_pipeline=on width=16 qo_len=8 kv_len=4096 n_heads=12 n_kv_heads=2 head_dim=128 elements=12288 byte_mismatches=0 rmse=0 max_abs_error=0 candidate_nonfinite=0 alternate_nonfinite=0 gate=pass ret=0
FIG8_ATTENTION_REFERENCE_TIMING reference_mode=host-fp32 qo_len=8 kv_len=4096 n_heads=12 n_kv_heads=2 head_dim=128 elapsed_us=140235 ret=0
FIG8_ATTENTION_COMPARE candidate_mode=baseline scna_function=exp2 scna_kernel=direct scna_pipeline=on scna_width=0 reference_mode=host-fp32 qo_len=8 kv_len=4096 n_heads=12 n_kv_heads=2 head_dim=128 elements=12288 rmse=0.00127873 relative_l2=1.9731 max_abs_error=0.0061833 max_rel_error=1410.43 candidate_rms=0.00168335 reference_rms=0.000648081 candidate_max_abs=0.00732422 reference_max_abs=0.00140083 candidate_nonfinite=0 reference_nonfinite=0 ret=0
