FIG8_ATTENTION_CONFIG mode=baseline layout=serial scna_width=8 seed=20260810 mask_mode=full qo_len=1 kv_len=4093 kv_pad_len=4096 n_heads=12 n_kv_heads=2 head_dim=128 warmup=1 iters=1 q_size=6144 kv_size=2095616 mask_size=8192 profile_size=97920 profile_max_records=10 profile_max_events=1160 mode_flags=64 print_events=0
FIG8_ATTENTION_HOST_TIMING mode=baseline layout=serial scna_width=8 seed=20260810 mask_mode=full qo_len=1 kv_len=4093 n_heads=12 n_kv_heads=2 head_dim=128 phase=warmup iteration=0 host_elapsed_us=919 ret=0
FIG8_ATTENTION_PROFILE_COUNT mode=baseline qo_len=1 phase=warmup iteration=0 records=2 max_records=10
FIG8_ATTENTION_TIMERS mode=baseline layout=serial phase=warmup iteration=0 lut_exp=0 scna_layout=0 scna_width=0 qo_len=1 kv_len=4093 n_heads=12 n_kv_heads=2 head_dim=128 kv_head=1 worker=3 profiled_total=316 q_load=1 k_load=121 v_load=133 qk_dot=2 safe_sm=46 scna_exp=0 core_acc=7 o_scale=3 o_store=3
FIG8_NUMERIC seed=20260810 mode=baseline layout=serial kv_head=1 worker=3 qk0_bits=0x0 rowmax0_bits=0x0 rowsum0_bits=0x0 l0_bits=0x0 core_o0_bits=0x0 inv_l0_bits=0x0 scaled_o0_bits=0x0 p0_first_bits=0x0 p0_last_bits=0x0 sum0_first_bits=0x0 sum0_last_bits=0x0 masked_p_nonzero=0 tail_p_nonzero=0 scna_clamp_count=0 score_count=0 centered_score_min=0 centered_score_max=0 final_m0_bits=0x0 final_l0_bits=0x0 final_core_o0_bits=0x0 p_expected_sum_bits=0x0 p_max_abs_error_bits=0x0
FIG8_NUMERIC_QK8 seed=20260810 mode=baseline layout=serial kv_head=1 bits=0x0,0x0,0x0,0x0,0x0,0x0,0x0,0x0
FIG8_NUMERIC_P8 seed=20260810 mode=baseline layout=serial kv_head=1 centered_bits=0x0,0x0,0x0,0x0,0x0,0x0,0x0,0x0 p_bits=0x0,0x0,0x0,0x0,0x0,0x0,0x0,0x0
FIG8_ATTENTION_TIMERS mode=baseline layout=serial phase=warmup iteration=0 lut_exp=0 scna_layout=0 scna_width=0 qo_len=1 kv_len=4093 n_heads=12 n_kv_heads=2 head_dim=128 kv_head=0 worker=1 profiled_total=692 q_load=0 k_load=106 v_load=119 qk_dot=1 safe_sm=461 scna_exp=0 core_acc=4 o_scale=0 o_store=1
FIG8_NUMERIC seed=20260810 mode=baseline layout=serial kv_head=0 worker=1 qk0_bits=0xb8af rowmax0_bits=0x3a38 rowsum0_bits=0x61ed l0_bits=0x61ed core_o0_bits=0xc873 inv_l0_bits=0xefc scaled_o0_bits=0x9bfb p0_first_bits=0x3892 p0_last_bits=0x0 sum0_first_bits=0x43be0d31 sum0_last_bits=0x43bdad91 masked_p_nonzero=0 tail_p_nonzero=0 scna_clamp_count=0 score_count=4093 centered_score_min=-1.56787109 centered_score_max=0 final_m0_bits=0x3a9e final_l0_bits=0x688d final_core_o0_bits=0xc892 p_expected_sum_bits=0x4514be04 p_max_abs_error_bits=0x3a54f800
FIG8_NUMERIC_BLOCK seed=20260810 mode=baseline layout=serial kv_head=0 block=0 m0_bits=0x3a38 rowsum0_bits=0x61ed l0_bits=0x61ed p_scalar_sum_bits=0x443d4350 reduction_min_bits=0x43bbc181 reduction_max_bits=0x43beb0f1
FIG8_NUMERIC_BLOCK seed=20260810 mode=baseline layout=serial kv_head=0 block=1 m0_bits=0x3a4d rowsum0_bits=0x61cc l0_bits=0x65d7 p_scalar_sum_bits=0x443ad354 reduction_min_bits=0x43b8bc91 reduction_max_bits=0x43bcd5b1
FIG8_NUMERIC_BLOCK seed=20260810 mode=baseline layout=serial kv_head=0 block=2 m0_bits=0x3a9e rowsum0_bits=0x61b2 l0_bits=0x6844 p_scalar_sum_bits=0x44369448 reduction_min_bits=0x43b5a7e1 reduction_max_bits=0x43b76db1
FIG8_NUMERIC_BLOCK seed=20260810 mode=baseline layout=serial kv_head=0 block=3 m0_bits=0x3a9e rowsum0_bits=0x588f l0_bits=0x688d p_scalar_sum_bits=0x4310a7d0 reduction_min_bits=0x428e6701 reduction_max_bits=0x4292d541
FIG8_NUMERIC_QK8 seed=20260810 mode=baseline layout=serial kv_head=0 bits=0xb8af,0xad4e,0x2df0,0xaa9f,0xac0b,0xb47d,0xb4fe,0xb267
FIG8_NUMERIC_P8 seed=20260810 mode=baseline layout=serial kv_head=0 centered_bits=0xbd74,0xbae2,0xb97a,0xbaa2,0xbab9,0xbc3b,0xbc5c,0xbbd2 p_bits=0x3638,0x3868,0x38fa,0x3880,0x3878,0x37b0,0x3784,0x380f
FIG8_ATTENTION_EVENT_COUNT mode=baseline qo_len=1 phase=warmup iteration=0 events=46 max_events=1160 overflow=0
FIG8_ATTENTION_CHECKSUM mode=baseline layout=serial scna_width=8 seed=20260810 phase=warmup iteration=0 checksum=0x2925b296693d5b5e
FIG8_ATTENTION_HOST_TIMING mode=baseline layout=serial scna_width=8 seed=20260810 mask_mode=full qo_len=1 kv_len=4093 n_heads=12 n_kv_heads=2 head_dim=128 phase=measure iteration=0 host_elapsed_us=931 ret=0
FIG8_ATTENTION_PROFILE_COUNT mode=baseline qo_len=1 phase=measure iteration=0 records=2 max_records=10
FIG8_ATTENTION_TIMERS mode=baseline layout=serial phase=measure iteration=0 lut_exp=0 scna_layout=0 scna_width=0 qo_len=1 kv_len=4093 n_heads=12 n_kv_heads=2 head_dim=128 kv_head=1 worker=5 profiled_total=300 q_load=1 k_load=105 v_load=133 qk_dot=2 safe_sm=44 scna_exp=0 core_acc=6 o_scale=5 o_store=4
FIG8_NUMERIC seed=20260810 mode=baseline layout=serial kv_head=1 worker=5 qk0_bits=0x0 rowmax0_bits=0x0 rowsum0_bits=0x0 l0_bits=0x0 core_o0_bits=0x0 inv_l0_bits=0x0 scaled_o0_bits=0x0 p0_first_bits=0x0 p0_last_bits=0x0 sum0_first_bits=0x0 sum0_last_bits=0x0 masked_p_nonzero=0 tail_p_nonzero=0 scna_clamp_count=0 score_count=0 centered_score_min=0 centered_score_max=0 final_m0_bits=0x0 final_l0_bits=0x0 final_core_o0_bits=0x0 p_expected_sum_bits=0x0 p_max_abs_error_bits=0x0
FIG8_NUMERIC_QK8 seed=20260810 mode=baseline layout=serial kv_head=1 bits=0x0,0x0,0x0,0x0,0x0,0x0,0x0,0x0
FIG8_NUMERIC_P8 seed=20260810 mode=baseline layout=serial kv_head=1 centered_bits=0x0,0x0,0x0,0x0,0x0,0x0,0x0,0x0 p_bits=0x0,0x0,0x0,0x0,0x0,0x0,0x0,0x0
FIG8_ATTENTION_TIMERS mode=baseline layout=serial phase=measure iteration=0 lut_exp=0 scna_layout=0 scna_width=0 qo_len=1 kv_len=4093 n_heads=12 n_kv_heads=2 head_dim=128 kv_head=0 worker=0 profiled_total=675 q_load=1 k_load=100 v_load=108 qk_dot=2 safe_sm=461 scna_exp=0 core_acc=2 o_scale=1 o_store=0
FIG8_NUMERIC seed=20260810 mode=baseline layout=serial kv_head=0 worker=0 qk0_bits=0xb8af rowmax0_bits=0x3a38 rowsum0_bits=0x61ed l0_bits=0x61ed core_o0_bits=0xc873 inv_l0_bits=0xefc scaled_o0_bits=0x9bfb p0_first_bits=0x3892 p0_last_bits=0x0 sum0_first_bits=0x43be0d31 sum0_last_bits=0x43bdad91 masked_p_nonzero=0 tail_p_nonzero=0 scna_clamp_count=0 score_count=4093 centered_score_min=-1.56787109 centered_score_max=0 final_m0_bits=0x3a9e final_l0_bits=0x688d final_core_o0_bits=0xc892 p_expected_sum_bits=0x4514be04 p_max_abs_error_bits=0x3a54f800
FIG8_NUMERIC_BLOCK seed=20260810 mode=baseline layout=serial kv_head=0 block=0 m0_bits=0x3a38 rowsum0_bits=0x61ed l0_bits=0x61ed p_scalar_sum_bits=0x443d4350 reduction_min_bits=0x43bbc181 reduction_max_bits=0x43beb0f1
FIG8_NUMERIC_BLOCK seed=20260810 mode=baseline layout=serial kv_head=0 block=1 m0_bits=0x3a4d rowsum0_bits=0x61cc l0_bits=0x65d7 p_scalar_sum_bits=0x443ad354 reduction_min_bits=0x43b8bc91 reduction_max_bits=0x43bcd5b1
FIG8_NUMERIC_BLOCK seed=20260810 mode=baseline layout=serial kv_head=0 block=2 m0_bits=0x3a9e rowsum0_bits=0x61b2 l0_bits=0x6844 p_scalar_sum_bits=0x44369448 reduction_min_bits=0x43b5a7e1 reduction_max_bits=0x43b76db1
FIG8_NUMERIC_BLOCK seed=20260810 mode=baseline layout=serial kv_head=0 block=3 m0_bits=0x3a9e rowsum0_bits=0x588f l0_bits=0x688d p_scalar_sum_bits=0x4310a7d0 reduction_min_bits=0x428e6701 reduction_max_bits=0x4292d541
FIG8_NUMERIC_QK8 seed=20260810 mode=baseline layout=serial kv_head=0 bits=0xb8af,0xad4e,0x2df0,0xaa9f,0xac0b,0xb47d,0xb4fe,0xb267
FIG8_NUMERIC_P8 seed=20260810 mode=baseline layout=serial kv_head=0 centered_bits=0xbd74,0xbae2,0xb97a,0xbaa2,0xbab9,0xbc3b,0xbc5c,0xbbd2 p_bits=0x3638,0x3868,0x38fa,0x3880,0x3878,0x37b0,0x3784,0x380f
FIG8_ATTENTION_EVENT_COUNT mode=baseline qo_len=1 phase=measure iteration=0 events=46 max_events=1160 overflow=0
FIG8_ATTENTION_CHECKSUM mode=baseline layout=serial scna_width=8 seed=20260810 phase=measure iteration=0 checksum=0x2925b296693d5b5e
FIG8_ATTENTION_REFERENCE_TIMING reference_mode=host-fp32 qo_len=1 kv_len=4093 n_heads=12 n_kv_heads=2 head_dim=128 elapsed_us=28513 ret=0
FIG8_ATTENTION_COMPARE candidate_mode=baseline layout=serial scna_width=8 reference_mode=host-fp32 seed=20260810 mask_mode=full qo_len=1 kv_len=4093 n_heads=12 n_kv_heads=2 head_dim=128 elements=1536 rmse=0.00621039234 relative_l2=1.38117361 max_abs_error=0.0203582048 candidate_nonfinite=0 reference_nonfinite=0 rmse_limit=0.002 max_abs_limit=0.01 pass=0
