FIG8_ATTENTION_CONFIG mode=scna-fp16 layout=serial scna_width=8 seed=20260810 mask_mode=padding qo_len=4 kv_len=4093 kv_pad_len=4096 n_heads=12 n_kv_heads=2 head_dim=128 warmup=1 iters=2 q_size=24576 kv_size=2095616 mask_size=32768 profile_size=342528 profile_max_records=10 profile_max_events=4256 mode_flags=84 print_events=0
FIG8_ATTENTION_HOST_TIMING mode=scna-fp16 layout=serial scna_width=8 seed=20260810 mask_mode=padding qo_len=4 kv_len=4093 n_heads=12 n_kv_heads=2 head_dim=128 phase=warmup iteration=0 host_elapsed_us=910 ret=0
FIG8_ATTENTION_PROFILE_COUNT mode=scna-fp16 qo_len=4 phase=warmup iteration=0 records=2 max_records=10
FIG8_ATTENTION_TIMERS mode=scna-fp16 layout=serial phase=warmup iteration=0 lut_exp=0 scna_layout=0 scna_width=8 qo_len=4 kv_len=4093 n_heads=12 n_kv_heads=2 head_dim=128 kv_head=1 worker=4 profiled_total=441 q_load=2 k_load=119 v_load=113 qk_dot=2 safe_sm=192 scna_exp=135 core_acc=5 o_scale=2 o_store=6
FIG8_NUMERIC seed=20260810 mode=scna-fp16 layout=serial kv_head=1 worker=4 qk0_bits=0x0 rowmax0_bits=0x0 rowsum0_bits=0x0 l0_bits=0x0 core_o0_bits=0x0 inv_l0_bits=0x0 scaled_o0_bits=0x0 p0_first_bits=0x0 p0_last_bits=0x0 sum0_first_bits=0x0 sum0_last_bits=0x0 masked_p_nonzero=0 tail_p_nonzero=0 scna_clamp_count=0 score_count=0 centered_score_min=0 centered_score_max=0
FIG8_ATTENTION_TIMERS mode=scna-fp16 layout=serial phase=warmup iteration=0 lut_exp=0 scna_layout=0 scna_width=8 qo_len=4 kv_len=4093 n_heads=12 n_kv_heads=2 head_dim=128 kv_head=0 worker=1 profiled_total=630 q_load=2 k_load=107 v_load=117 qk_dot=2 safe_sm=399 scna_exp=367 core_acc=2 o_scale=0 o_store=1
FIG8_NUMERIC seed=20260810 mode=scna-fp16 layout=serial kv_head=0 worker=1 qk0_bits=0xb8af rowmax0_bits=0x3a38 rowsum0_bits=0x5f4c l0_bits=0x5f4c core_o0_bits=0xc95f inv_l0_bits=0x1340 scaled_o0_bits=0xa15b p0_first_bits=0x39c1 p0_last_bits=0x0 sum0_first_bits=0x41eaba01 sum0_last_bits=0x43e98cb1 masked_p_nonzero=0 tail_p_nonzero=0 scna_clamp_count=0 score_count=4090 centered_score_min=-1.56787109 centered_score_max=0
FIG8_ATTENTION_EVENT_COUNT mode=scna-fp16 qo_len=4 phase=warmup iteration=0 events=150 max_events=4256 overflow=0
FIG8_ATTENTION_CHECKSUM mode=scna-fp16 layout=serial scna_width=8 seed=20260810 phase=warmup iteration=0 checksum=0x48e738fc0dfe5fe1
FIG8_ATTENTION_HOST_TIMING mode=scna-fp16 layout=serial scna_width=8 seed=20260810 mask_mode=padding qo_len=4 kv_len=4093 n_heads=12 n_kv_heads=2 head_dim=128 phase=measure iteration=0 host_elapsed_us=1006 ret=0
FIG8_ATTENTION_PROFILE_COUNT mode=scna-fp16 qo_len=4 phase=measure iteration=0 records=2 max_records=10
FIG8_ATTENTION_TIMERS mode=scna-fp16 layout=serial phase=measure iteration=0 lut_exp=0 scna_layout=0 scna_width=8 qo_len=4 kv_len=4093 n_heads=12 n_kv_heads=2 head_dim=128 kv_head=1 worker=3 profiled_total=400 q_load=2 k_load=96 v_load=102 qk_dot=1 safe_sm=184 scna_exp=131 core_acc=6 o_scale=4 o_store=5
FIG8_NUMERIC seed=20260810 mode=scna-fp16 layout=serial kv_head=1 worker=3 qk0_bits=0x0 rowmax0_bits=0x0 rowsum0_bits=0x0 l0_bits=0x0 core_o0_bits=0x0 inv_l0_bits=0x0 scaled_o0_bits=0x0 p0_first_bits=0x0 p0_last_bits=0x0 sum0_first_bits=0x0 sum0_last_bits=0x0 masked_p_nonzero=0 tail_p_nonzero=0 scna_clamp_count=0 score_count=0 centered_score_min=0 centered_score_max=0
FIG8_ATTENTION_TIMERS mode=scna-fp16 layout=serial phase=measure iteration=0 lut_exp=0 scna_layout=0 scna_width=8 qo_len=4 kv_len=4093 n_heads=12 n_kv_heads=2 head_dim=128 kv_head=0 worker=0 profiled_total=610 q_load=2 k_load=100 v_load=109 qk_dot=2 safe_sm=393 scna_exp=356 core_acc=2 o_scale=1 o_store=1
FIG8_NUMERIC seed=20260810 mode=scna-fp16 layout=serial kv_head=0 worker=0 qk0_bits=0xb8af rowmax0_bits=0x3a38 rowsum0_bits=0x5f4c l0_bits=0x5f4c core_o0_bits=0xc95f inv_l0_bits=0x1340 scaled_o0_bits=0xa15b p0_first_bits=0x39c1 p0_last_bits=0x0 sum0_first_bits=0x41eaba01 sum0_last_bits=0x43e98cb1 masked_p_nonzero=0 tail_p_nonzero=0 scna_clamp_count=0 score_count=4090 centered_score_min=-1.56787109 centered_score_max=0
FIG8_ATTENTION_EVENT_COUNT mode=scna-fp16 qo_len=4 phase=measure iteration=0 events=150 max_events=4256 overflow=0
FIG8_ATTENTION_CHECKSUM mode=scna-fp16 layout=serial scna_width=8 seed=20260810 phase=measure iteration=0 checksum=0x48e738fc0dfe5fe1
FIG8_ATTENTION_HOST_TIMING mode=scna-fp16 layout=serial scna_width=8 seed=20260810 mask_mode=padding qo_len=4 kv_len=4093 n_heads=12 n_kv_heads=2 head_dim=128 phase=measure iteration=1 host_elapsed_us=878 ret=0
FIG8_ATTENTION_PROFILE_COUNT mode=scna-fp16 qo_len=4 phase=measure iteration=1 records=2 max_records=10
FIG8_ATTENTION_TIMERS mode=scna-fp16 layout=serial phase=measure iteration=1 lut_exp=0 scna_layout=0 scna_width=8 qo_len=4 kv_len=4093 n_heads=12 n_kv_heads=2 head_dim=128 kv_head=1 worker=2 profiled_total=381 q_load=1 k_load=92 v_load=100 qk_dot=2 safe_sm=177 scna_exp=127 core_acc=6 o_scale=1 o_store=2
FIG8_NUMERIC seed=20260810 mode=scna-fp16 layout=serial kv_head=1 worker=2 qk0_bits=0x0 rowmax0_bits=0x0 rowsum0_bits=0x0 l0_bits=0x0 core_o0_bits=0x0 inv_l0_bits=0x0 scaled_o0_bits=0x0 p0_first_bits=0x0 p0_last_bits=0x0 sum0_first_bits=0x0 sum0_last_bits=0x0 masked_p_nonzero=0 tail_p_nonzero=0 scna_clamp_count=0 score_count=0 centered_score_min=0 centered_score_max=0
FIG8_ATTENTION_TIMERS mode=scna-fp16 layout=serial phase=measure iteration=1 lut_exp=0 scna_layout=0 scna_width=8 qo_len=4 kv_len=4093 n_heads=12 n_kv_heads=2 head_dim=128 kv_head=0 worker=1 profiled_total=620 q_load=1 k_load=97 v_load=105 qk_dot=1 safe_sm=412 scna_exp=375 core_acc=2 o_scale=1 o_store=1
FIG8_NUMERIC seed=20260810 mode=scna-fp16 layout=serial kv_head=0 worker=1 qk0_bits=0xb8af rowmax0_bits=0x3a38 rowsum0_bits=0x5f4c l0_bits=0x5f4c core_o0_bits=0xc95f inv_l0_bits=0x1340 scaled_o0_bits=0xa15b p0_first_bits=0x39c1 p0_last_bits=0x0 sum0_first_bits=0x41eaba01 sum0_last_bits=0x43e98cb1 masked_p_nonzero=0 tail_p_nonzero=0 scna_clamp_count=0 score_count=4090 centered_score_min=-1.56787109 centered_score_max=0
FIG8_ATTENTION_EVENT_COUNT mode=scna-fp16 qo_len=4 phase=measure iteration=1 events=150 max_events=4256 overflow=0
FIG8_ATTENTION_CHECKSUM mode=scna-fp16 layout=serial scna_width=8 seed=20260810 phase=measure iteration=1 checksum=0x48e738fc0dfe5fe1
FIG8_ATTENTION_LAYOUT_REPLAY seed=20260810 primary_layout=serial alternate_layout=lane8 ret=0
FIG8_ATTENTION_LAYOUT_COMPARE seed=20260810 width=8 mask_mode=padding qo_len=4 kv_len=4093 n_heads=12 n_kv_heads=2 head_dim=128 elements=6144 serial_checksum=0x48e738fc0dfe5fe1 lane8_checksum=0x4d3252301f622ca9 rmse=1.11458867e-05 max_abs_error=0.000152587891 serial_nonfinite=0 lane8_nonfinite=0 rmse_limit=0.0001 max_abs_limit=0.001 pass=1
FIG8_ATTENTION_REFERENCE_TIMING reference_mode=host-fp32 qo_len=4 kv_len=4093 n_heads=12 n_kv_heads=2 head_dim=128 elapsed_us=77824 ret=0
FIG8_ATTENTION_COMPARE candidate_mode=scna-fp16 layout=serial scna_width=8 reference_mode=host-fp32 seed=20260810 mask_mode=padding qo_len=4 kv_len=4093 n_heads=12 n_kv_heads=2 head_dim=128 elements=6144 rmse=0.0074745114 relative_l2=1.66660428 max_abs_error=0.0326644555 candidate_nonfinite=0 reference_nonfinite=0 rmse_limit=0.002 max_abs_limit=0.01 pass=0
