alloc_shared_mem_buf: buf=0x7700197000 fd=12 size=49152 flags=FASTRPC_MAP_FD
alloc_shared_mem_buf: buf=0x7466800000 fd=13 size=2097152 flags=FASTRPC_MAP_FD
alloc_shared_mem_buf: buf=0x7466600000 fd=14 size=2097152 flags=FASTRPC_MAP_FD
alloc_shared_mem_buf: buf=0x7700009000 fd=15 size=49152 flags=FASTRPC_MAP_FD
alloc_shared_mem_buf: buf=0x76fff10000 fd=16 size=65536 flags=FASTRPC_MAP_FD
alloc_shared_mem_buf: buf=0x76fba30000 fd=17 size=456320 flags=FASTRPC_MAP_FD
alloc_shared_mem_buf: buf=0x7700c62000 fd=18 size=4096 flags=FASTRPC_MAP_FD
No-op channel request completed
FIG8_ATTENTION_CONFIG mode=scna-fp16 mask_mode=full qo_len=8 kv_len=4096 n_heads=12 n_kv_heads=2 head_dim=128 warmup=5 iters=20 scna_width=16 q_size=49152 kv_size=2097152 mask_size=65536 profile_size=456320 profile_max_records=10 profile_max_events=6320 mode_flags=4 print_events=0
FIG8_ATTENTION_HOST_TIMING mode=scna-fp16 scna_width=16 qo_len=8 kv_len=4096 n_heads=12 n_kv_heads=2 head_dim=128 phase=warmup iteration=0 host_elapsed_us=1403 ret=0
FIG8_ATTENTION_PROFILE_COUNT mode=scna-fp16 qo_len=8 phase=warmup iteration=0 records=2 max_records=10
FIG8_ATTENTION_TIMERS mode=scna-fp16 phase=warmup iteration=0 lut_exp=0 nonlinear_mode=1 scna_width=16 scna_exp=221 qo_len=8 kv_len=4096 n_heads=12 n_kv_heads=2 head_dim=128 kv_head=0 worker=0 profiled_total=531 q_load=3 k_load=69 v_load=168 qk_dot=6 safe_sm=275 core_acc=6 o_scale=0 o_store=4
FIG8_ATTENTION_TIMERS mode=scna-fp16 phase=warmup iteration=0 lut_exp=0 nonlinear_mode=1 scna_width=16 scna_exp=217 qo_len=8 kv_len=4096 n_heads=12 n_kv_heads=2 head_dim=128 kv_head=1 worker=0 profiled_total=514 q_load=2 k_load=69 v_load=164 qk_dot=4 safe_sm=269 core_acc=3 o_scale=0 o_store=3
FIG8_ATTENTION_EVENT_COUNT mode=scna-fp16 qo_len=8 phase=warmup iteration=0 events=16 max_events=6320 overflow=0
FIG8_ATTENTION_HOST_TIMING mode=scna-fp16 scna_width=16 qo_len=8 kv_len=4096 n_heads=12 n_kv_heads=2 head_dim=128 phase=warmup iteration=1 host_elapsed_us=1354 ret=0
FIG8_ATTENTION_PROFILE_COUNT mode=scna-fp16 qo_len=8 phase=warmup iteration=1 records=2 max_records=10
FIG8_ATTENTION_TIMERS mode=scna-fp16 phase=warmup iteration=1 lut_exp=0 nonlinear_mode=1 scna_width=16 scna_exp=218 qo_len=8 kv_len=4096 n_heads=12 n_kv_heads=2 head_dim=128 kv_head=0 worker=0 profiled_total=624 q_load=2 k_load=178 v_load=164 qk_dot=4 safe_sm=269 core_acc=4 o_scale=1 o_store=2
FIG8_ATTENTION_TIMERS mode=scna-fp16 phase=warmup iteration=1 lut_exp=0 nonlinear_mode=1 scna_width=16 scna_exp=217 qo_len=8 kv_len=4096 n_heads=12 n_kv_heads=2 head_dim=128 kv_head=1 worker=0 profiled_total=482 q_load=2 k_load=67 v_load=134 qk_dot=4 safe_sm=269 core_acc=3 o_scale=0 o_store=3
FIG8_ATTENTION_EVENT_COUNT mode=scna-fp16 qo_len=8 phase=warmup iteration=1 events=16 max_events=6320 overflow=0
FIG8_ATTENTION_HOST_TIMING mode=scna-fp16 scna_width=16 qo_len=8 kv_len=4096 n_heads=12 n_kv_heads=2 head_dim=128 phase=warmup iteration=2 host_elapsed_us=1382 ret=0
FIG8_ATTENTION_PROFILE_COUNT mode=scna-fp16 qo_len=8 phase=warmup iteration=2 records=2 max_records=10
FIG8_ATTENTION_TIMERS mode=scna-fp16 phase=warmup iteration=2 lut_exp=0 nonlinear_mode=1 scna_width=16 scna_exp=214 qo_len=8 kv_len=4096 n_heads=12 n_kv_heads=2 head_dim=128 kv_head=0 worker=0 profiled_total=530 q_load=2 k_load=136 v_load=128 qk_dot=4 safe_sm=254 core_acc=4 o_scale=0 o_store=2
FIG8_ATTENTION_TIMERS mode=scna-fp16 phase=warmup iteration=2 lut_exp=0 nonlinear_mode=1 scna_width=16 scna_exp=214 qo_len=8 kv_len=4096 n_heads=12 n_kv_heads=2 head_dim=128 kv_head=1 worker=0 profiled_total=562 q_load=2 k_load=154 v_load=145 qk_dot=4 safe_sm=251 core_acc=3 o_scale=0 o_store=3
FIG8_ATTENTION_EVENT_COUNT mode=scna-fp16 qo_len=8 phase=warmup iteration=2 events=16 max_events=6320 overflow=0
FIG8_ATTENTION_HOST_TIMING mode=scna-fp16 scna_width=16 qo_len=8 kv_len=4096 n_heads=12 n_kv_heads=2 head_dim=128 phase=warmup iteration=3 host_elapsed_us=1330 ret=0
FIG8_ATTENTION_PROFILE_COUNT mode=scna-fp16 qo_len=8 phase=warmup iteration=3 records=2 max_records=10
FIG8_ATTENTION_TIMERS mode=scna-fp16 phase=warmup iteration=3 lut_exp=0 nonlinear_mode=1 scna_width=16 scna_exp=214 qo_len=8 kv_len=4096 n_heads=12 n_kv_heads=2 head_dim=128 kv_head=0 worker=0 profiled_total=544 q_load=2 k_load=136 v_load=139 qk_dot=4 safe_sm=255 core_acc=4 o_scale=1 o_store=3
FIG8_ATTENTION_TIMERS mode=scna-fp16 phase=warmup iteration=3 lut_exp=0 nonlinear_mode=1 scna_width=16 scna_exp=214 qo_len=8 kv_len=4096 n_heads=12 n_kv_heads=2 head_dim=128 kv_head=1 worker=0 profiled_total=561 q_load=2 k_load=157 v_load=140 qk_dot=4 safe_sm=252 core_acc=3 o_scale=0 o_store=3
FIG8_ATTENTION_EVENT_COUNT mode=scna-fp16 qo_len=8 phase=warmup iteration=3 events=16 max_events=6320 overflow=0
FIG8_ATTENTION_HOST_TIMING mode=scna-fp16 scna_width=16 qo_len=8 kv_len=4096 n_heads=12 n_kv_heads=2 head_dim=128 phase=warmup iteration=4 host_elapsed_us=1431 ret=0
FIG8_ATTENTION_PROFILE_COUNT mode=scna-fp16 qo_len=8 phase=warmup iteration=4 records=2 max_records=10
FIG8_ATTENTION_TIMERS mode=scna-fp16 phase=warmup iteration=4 lut_exp=0 nonlinear_mode=1 scna_width=16 scna_exp=214 qo_len=8 kv_len=4096 n_heads=12 n_kv_heads=2 head_dim=128 kv_head=0 worker=0 profiled_total=547 q_load=1 k_load=148 v_load=133 qk_dot=4 safe_sm=255 core_acc=4 o_scale=0 o_store=2
FIG8_ATTENTION_TIMERS mode=scna-fp16 phase=warmup iteration=4 lut_exp=0 nonlinear_mode=1 scna_width=16 scna_exp=214 qo_len=8 kv_len=4096 n_heads=12 n_kv_heads=2 head_dim=128 kv_head=1 worker=0 profiled_total=564 q_load=2 k_load=157 v_load=142 qk_dot=4 safe_sm=253 core_acc=3 o_scale=0 o_store=3
FIG8_ATTENTION_EVENT_COUNT mode=scna-fp16 qo_len=8 phase=warmup iteration=4 events=16 max_events=6320 overflow=0
FIG8_ATTENTION_HOST_TIMING mode=scna-fp16 scna_width=16 qo_len=8 kv_len=4096 n_heads=12 n_kv_heads=2 head_dim=128 phase=measure iteration=0 host_elapsed_us=1426 ret=0
FIG8_ATTENTION_PROFILE_COUNT mode=scna-fp16 qo_len=8 phase=measure iteration=0 records=2 max_records=10
FIG8_ATTENTION_TIMERS mode=scna-fp16 phase=measure iteration=0 lut_exp=0 nonlinear_mode=1 scna_width=16 scna_exp=214 qo_len=8 kv_len=4096 n_heads=12 n_kv_heads=2 head_dim=128 kv_head=0 worker=0 profiled_total=544 q_load=2 k_load=142 v_load=135 qk_dot=4 safe_sm=256 core_acc=3 o_scale=0 o_store=2
FIG8_ATTENTION_TIMERS mode=scna-fp16 phase=measure iteration=0 lut_exp=0 nonlinear_mode=1 scna_width=16 scna_exp=215 qo_len=8 kv_len=4096 n_heads=12 n_kv_heads=2 head_dim=128 kv_head=1 worker=0 profiled_total=565 q_load=2 k_load=158 v_load=143 qk_dot=4 safe_sm=253 core_acc=3 o_scale=0 o_store=2
FIG8_ATTENTION_EVENT_COUNT mode=scna-fp16 qo_len=8 phase=measure iteration=0 events=16 max_events=6320 overflow=0
FIG8_ATTENTION_HOST_TIMING mode=scna-fp16 scna_width=16 qo_len=8 kv_len=4096 n_heads=12 n_kv_heads=2 head_dim=128 phase=measure iteration=1 host_elapsed_us=1436 ret=0
FIG8_ATTENTION_PROFILE_COUNT mode=scna-fp16 qo_len=8 phase=measure iteration=1 records=2 max_records=10
FIG8_ATTENTION_TIMERS mode=scna-fp16 phase=measure iteration=1 lut_exp=0 nonlinear_mode=1 scna_width=16 scna_exp=214 qo_len=8 kv_len=4096 n_heads=12 n_kv_heads=2 head_dim=128 kv_head=0 worker=0 profiled_total=558 q_load=1 k_load=147 v_load=143 qk_dot=4 safe_sm=256 core_acc=4 o_scale=1 o_store=2
FIG8_ATTENTION_TIMERS mode=scna-fp16 phase=measure iteration=1 lut_exp=0 nonlinear_mode=1 scna_width=16 scna_exp=214 qo_len=8 kv_len=4096 n_heads=12 n_kv_heads=2 head_dim=128 kv_head=1 worker=0 profiled_total=567 q_load=2 k_load=158 v_load=144 qk_dot=4 safe_sm=253 core_acc=3 o_scale=0 o_store=3
FIG8_ATTENTION_EVENT_COUNT mode=scna-fp16 qo_len=8 phase=measure iteration=1 events=16 max_events=6320 overflow=0
FIG8_ATTENTION_HOST_TIMING mode=scna-fp16 scna_width=16 qo_len=8 kv_len=4096 n_heads=12 n_kv_heads=2 head_dim=128 phase=measure iteration=2 host_elapsed_us=1436 ret=0
FIG8_ATTENTION_PROFILE_COUNT mode=scna-fp16 qo_len=8 phase=measure iteration=2 records=2 max_records=10
FIG8_ATTENTION_TIMERS mode=scna-fp16 phase=measure iteration=2 lut_exp=0 nonlinear_mode=1 scna_width=16 scna_exp=214 qo_len=8 kv_len=4096 n_heads=12 n_kv_heads=2 head_dim=128 kv_head=0 worker=0 profiled_total=549 q_load=1 k_load=147 v_load=133 qk_dot=4 safe_sm=256 core_acc=4 o_scale=1 o_store=3
FIG8_ATTENTION_TIMERS mode=scna-fp16 phase=measure iteration=2 lut_exp=0 nonlinear_mode=1 scna_width=16 scna_exp=213 qo_len=8 kv_len=4096 n_heads=12 n_kv_heads=2 head_dim=128 kv_head=1 worker=0 profiled_total=563 q_load=2 k_load=156 v_load=141 qk_dot=4 safe_sm=254 core_acc=3 o_scale=0 o_store=3
FIG8_ATTENTION_EVENT_COUNT mode=scna-fp16 qo_len=8 phase=measure iteration=2 events=16 max_events=6320 overflow=0
FIG8_ATTENTION_HOST_TIMING mode=scna-fp16 scna_width=16 qo_len=8 kv_len=4096 n_heads=12 n_kv_heads=2 head_dim=128 phase=measure iteration=3 host_elapsed_us=1428 ret=0
FIG8_ATTENTION_PROFILE_COUNT mode=scna-fp16 qo_len=8 phase=measure iteration=3 records=2 max_records=10
FIG8_ATTENTION_TIMERS mode=scna-fp16 phase=measure iteration=3 lut_exp=0 nonlinear_mode=1 scna_width=16 scna_exp=214 qo_len=8 kv_len=4096 n_heads=12 n_kv_heads=2 head_dim=128 kv_head=0 worker=0 profiled_total=548 q_load=2 k_load=143 v_load=139 qk_dot=4 safe_sm=254 core_acc=4 o_scale=0 o_store=2
FIG8_ATTENTION_TIMERS mode=scna-fp16 phase=measure iteration=3 lut_exp=0 nonlinear_mode=1 scna_width=16 scna_exp=214 qo_len=8 kv_len=4096 n_heads=12 n_kv_heads=2 head_dim=128 kv_head=1 worker=0 profiled_total=554 q_load=2 k_load=148 v_load=141 qk_dot=4 safe_sm=253 core_acc=3 o_scale=0 o_store=3
FIG8_ATTENTION_EVENT_COUNT mode=scna-fp16 qo_len=8 phase=measure iteration=3 events=16 max_events=6320 overflow=0
FIG8_ATTENTION_HOST_TIMING mode=scna-fp16 scna_width=16 qo_len=8 kv_len=4096 n_heads=12 n_kv_heads=2 head_dim=128 phase=measure iteration=4 host_elapsed_us=1425 ret=0
FIG8_ATTENTION_PROFILE_COUNT mode=scna-fp16 qo_len=8 phase=measure iteration=4 records=2 max_records=10
FIG8_ATTENTION_TIMERS mode=scna-fp16 phase=measure iteration=4 lut_exp=0 nonlinear_mode=1 scna_width=16 scna_exp=214 qo_len=8 kv_len=4096 n_heads=12 n_kv_heads=2 head_dim=128 kv_head=0 worker=0 profiled_total=548 q_load=2 k_load=145 v_load=137 qk_dot=4 safe_sm=255 core_acc=3 o_scale=0 o_store=2
FIG8_ATTENTION_TIMERS mode=scna-fp16 phase=measure iteration=4 lut_exp=0 nonlinear_mode=1 scna_width=16 scna_exp=214 qo_len=8 kv_len=4096 n_heads=12 n_kv_heads=2 head_dim=128 kv_head=1 worker=0 profiled_total=566 q_load=2 k_load=157 v_load=142 qk_dot=4 safe_sm=254 core_acc=3 o_scale=1 o_store=3
FIG8_ATTENTION_EVENT_COUNT mode=scna-fp16 qo_len=8 phase=measure iteration=4 events=16 max_events=6320 overflow=0
FIG8_ATTENTION_HOST_TIMING mode=scna-fp16 scna_width=16 qo_len=8 kv_len=4096 n_heads=12 n_kv_heads=2 head_dim=128 phase=measure iteration=5 host_elapsed_us=1425 ret=0
FIG8_ATTENTION_PROFILE_COUNT mode=scna-fp16 qo_len=8 phase=measure iteration=5 records=2 max_records=10
FIG8_ATTENTION_TIMERS mode=scna-fp16 phase=measure iteration=5 lut_exp=0 nonlinear_mode=1 scna_width=16 scna_exp=214 qo_len=8 kv_len=4096 n_heads=12 n_kv_heads=2 head_dim=128 kv_head=0 worker=0 profiled_total=553 q_load=2 k_load=143 v_load=143 qk_dot=4 safe_sm=255 core_acc=4 o_scale=0 o_store=2
FIG8_ATTENTION_TIMERS mode=scna-fp16 phase=measure iteration=5 lut_exp=0 nonlinear_mode=1 scna_width=16 scna_exp=214 qo_len=8 kv_len=4096 n_heads=12 n_kv_heads=2 head_dim=128 kv_head=1 worker=0 profiled_total=564 q_load=2 k_load=156 v_load=143 qk_dot=4 safe_sm=253 core_acc=3 o_scale=0 o_store=3
FIG8_ATTENTION_EVENT_COUNT mode=scna-fp16 qo_len=8 phase=measure iteration=5 events=16 max_events=6320 overflow=0
FIG8_ATTENTION_HOST_TIMING mode=scna-fp16 scna_width=16 qo_len=8 kv_len=4096 n_heads=12 n_kv_heads=2 head_dim=128 phase=measure iteration=6 host_elapsed_us=1428 ret=0
FIG8_ATTENTION_PROFILE_COUNT mode=scna-fp16 qo_len=8 phase=measure iteration=6 records=2 max_records=10
FIG8_ATTENTION_TIMERS mode=scna-fp16 phase=measure iteration=6 lut_exp=0 nonlinear_mode=1 scna_width=16 scna_exp=214 qo_len=8 kv_len=4096 n_heads=12 n_kv_heads=2 head_dim=128 kv_head=0 worker=0 profiled_total=542 q_load=2 k_load=140 v_load=133 qk_dot=4 safe_sm=256 core_acc=4 o_scale=1 o_store=2
FIG8_ATTENTION_TIMERS mode=scna-fp16 phase=measure iteration=6 lut_exp=0 nonlinear_mode=1 scna_width=16 scna_exp=214 qo_len=8 kv_len=4096 n_heads=12 n_kv_heads=2 head_dim=128 kv_head=1 worker=0 profiled_total=563 q_load=2 k_load=158 v_load=141 qk_dot=4 safe_sm=252 core_acc=3 o_scale=0 o_store=3
FIG8_ATTENTION_EVENT_COUNT mode=scna-fp16 qo_len=8 phase=measure iteration=6 events=16 max_events=6320 overflow=0
FIG8_ATTENTION_HOST_TIMING mode=scna-fp16 scna_width=16 qo_len=8 kv_len=4096 n_heads=12 n_kv_heads=2 head_dim=128 phase=measure iteration=7 host_elapsed_us=1370 ret=0
FIG8_ATTENTION_PROFILE_COUNT mode=scna-fp16 qo_len=8 phase=measure iteration=7 records=2 max_records=10
FIG8_ATTENTION_TIMERS mode=scna-fp16 phase=measure iteration=7 lut_exp=0 nonlinear_mode=1 scna_width=16 scna_exp=214 qo_len=8 kv_len=4096 n_heads=12 n_kv_heads=2 head_dim=128 kv_head=0 worker=0 profiled_total=542 q_load=2 k_load=141 v_load=134 qk_dot=4 safe_sm=255 core_acc=4 o_scale=0 o_store=2
FIG8_ATTENTION_TIMERS mode=scna-fp16 phase=measure iteration=7 lut_exp=0 nonlinear_mode=1 scna_width=16 scna_exp=214 qo_len=8 kv_len=4096 n_heads=12 n_kv_heads=2 head_dim=128 kv_head=1 worker=0 profiled_total=566 q_load=2 k_load=159 v_load=143 qk_dot=4 safe_sm=252 core_acc=3 o_scale=0 o_store=3
FIG8_ATTENTION_EVENT_COUNT mode=scna-fp16 qo_len=8 phase=measure iteration=7 events=16 max_events=6320 overflow=0
FIG8_ATTENTION_HOST_TIMING mode=scna-fp16 scna_width=16 qo_len=8 kv_len=4096 n_heads=12 n_kv_heads=2 head_dim=128 phase=measure iteration=8 host_elapsed_us=1497 ret=0
FIG8_ATTENTION_PROFILE_COUNT mode=scna-fp16 qo_len=8 phase=measure iteration=8 records=2 max_records=10
FIG8_ATTENTION_TIMERS mode=scna-fp16 phase=measure iteration=8 lut_exp=0 nonlinear_mode=1 scna_width=16 scna_exp=216 qo_len=8 kv_len=4096 n_heads=12 n_kv_heads=2 head_dim=128 kv_head=0 worker=0 profiled_total=622 q_load=2 k_load=179 v_load=166 qk_dot=4 safe_sm=265 core_acc=4 o_scale=0 o_store=2
FIG8_ATTENTION_TIMERS mode=scna-fp16 phase=measure iteration=8 lut_exp=0 nonlinear_mode=1 scna_width=16 scna_exp=216 qo_len=8 kv_len=4096 n_heads=12 n_kv_heads=2 head_dim=128 kv_head=1 worker=0 profiled_total=630 q_load=2 k_load=185 v_load=165 qk_dot=4 safe_sm=268 core_acc=3 o_scale=0 o_store=3
FIG8_ATTENTION_EVENT_COUNT mode=scna-fp16 qo_len=8 phase=measure iteration=8 events=16 max_events=6320 overflow=0
FIG8_ATTENTION_HOST_TIMING mode=scna-fp16 scna_width=16 qo_len=8 kv_len=4096 n_heads=12 n_kv_heads=2 head_dim=128 phase=measure iteration=9 host_elapsed_us=1492 ret=0
FIG8_ATTENTION_PROFILE_COUNT mode=scna-fp16 qo_len=8 phase=measure iteration=9 records=2 max_records=10
FIG8_ATTENTION_TIMERS mode=scna-fp16 phase=measure iteration=9 lut_exp=0 nonlinear_mode=1 scna_width=16 scna_exp=216 qo_len=8 kv_len=4096 n_heads=12 n_kv_heads=2 head_dim=128 kv_head=0 worker=0 profiled_total=618 q_load=2 k_load=179 v_load=162 qk_dot=4 safe_sm=265 core_acc=4 o_scale=0 o_store=2
FIG8_ATTENTION_TIMERS mode=scna-fp16 phase=measure iteration=9 lut_exp=0 nonlinear_mode=1 scna_width=16 scna_exp=216 qo_len=8 kv_len=4096 n_heads=12 n_kv_heads=2 head_dim=128 kv_head=1 worker=0 profiled_total=642 q_load=2 k_load=195 v_load=166 qk_dot=4 safe_sm=269 core_acc=3 o_scale=0 o_store=3
FIG8_ATTENTION_EVENT_COUNT mode=scna-fp16 qo_len=8 phase=measure iteration=9 events=16 max_events=6320 overflow=0
FIG8_ATTENTION_HOST_TIMING mode=scna-fp16 scna_width=16 qo_len=8 kv_len=4096 n_heads=12 n_kv_heads=2 head_dim=128 phase=measure iteration=10 host_elapsed_us=1489 ret=0
FIG8_ATTENTION_PROFILE_COUNT mode=scna-fp16 qo_len=8 phase=measure iteration=10 records=2 max_records=10
FIG8_ATTENTION_TIMERS mode=scna-fp16 phase=measure iteration=10 lut_exp=0 nonlinear_mode=1 scna_width=16 scna_exp=216 qo_len=8 kv_len=4096 n_heads=12 n_kv_heads=2 head_dim=128 kv_head=0 worker=0 profiled_total=620 q_load=1 k_load=179 v_load=164 qk_dot=4 safe_sm=265 core_acc=4 o_scale=1 o_store=2
FIG8_ATTENTION_TIMERS mode=scna-fp16 phase=measure iteration=10 lut_exp=0 nonlinear_mode=1 scna_width=16 scna_exp=216 qo_len=8 kv_len=4096 n_heads=12 n_kv_heads=2 head_dim=128 kv_head=1 worker=0 profiled_total=634 q_load=2 k_load=184 v_load=166 qk_dot=4 safe_sm=271 core_acc=3 o_scale=1 o_store=3
FIG8_ATTENTION_EVENT_COUNT mode=scna-fp16 qo_len=8 phase=measure iteration=10 events=16 max_events=6320 overflow=0
FIG8_ATTENTION_HOST_TIMING mode=scna-fp16 scna_width=16 qo_len=8 kv_len=4096 n_heads=12 n_kv_heads=2 head_dim=128 phase=measure iteration=11 host_elapsed_us=1490 ret=0
FIG8_ATTENTION_PROFILE_COUNT mode=scna-fp16 qo_len=8 phase=measure iteration=11 records=2 max_records=10
FIG8_ATTENTION_TIMERS mode=scna-fp16 phase=measure iteration=11 lut_exp=0 nonlinear_mode=1 scna_width=16 scna_exp=217 qo_len=8 kv_len=4096 n_heads=12 n_kv_heads=2 head_dim=128 kv_head=0 worker=0 profiled_total=614 q_load=1 k_load=179 v_load=159 qk_dot=4 safe_sm=265 core_acc=3 o_scale=1 o_store=2
FIG8_ATTENTION_TIMERS mode=scna-fp16 phase=measure iteration=11 lut_exp=0 nonlinear_mode=1 scna_width=16 scna_exp=217 qo_len=8 kv_len=4096 n_heads=12 n_kv_heads=2 head_dim=128 kv_head=1 worker=0 profiled_total=628 q_load=2 k_load=184 v_load=165 qk_dot=4 safe_sm=267 core_acc=3 o_scale=0 o_store=3
FIG8_ATTENTION_EVENT_COUNT mode=scna-fp16 qo_len=8 phase=measure iteration=11 events=16 max_events=6320 overflow=0
FIG8_ATTENTION_HOST_TIMING mode=scna-fp16 scna_width=16 qo_len=8 kv_len=4096 n_heads=12 n_kv_heads=2 head_dim=128 phase=measure iteration=12 host_elapsed_us=1499 ret=0
FIG8_ATTENTION_PROFILE_COUNT mode=scna-fp16 qo_len=8 phase=measure iteration=12 records=2 max_records=10
FIG8_ATTENTION_TIMERS mode=scna-fp16 phase=measure iteration=12 lut_exp=0 nonlinear_mode=1 scna_width=16 scna_exp=216 qo_len=8 kv_len=4096 n_heads=12 n_kv_heads=2 head_dim=128 kv_head=0 worker=0 profiled_total=618 q_load=2 k_load=178 v_load=162 qk_dot=4 safe_sm=265 core_acc=3 o_scale=1 o_store=3
FIG8_ATTENTION_TIMERS mode=scna-fp16 phase=measure iteration=12 lut_exp=0 nonlinear_mode=1 scna_width=16 scna_exp=216 qo_len=8 kv_len=4096 n_heads=12 n_kv_heads=2 head_dim=128 kv_head=1 worker=0 profiled_total=631 q_load=2 k_load=188 v_load=164 qk_dot=4 safe_sm=267 core_acc=3 o_scale=0 o_store=3
FIG8_ATTENTION_EVENT_COUNT mode=scna-fp16 qo_len=8 phase=measure iteration=12 events=16 max_events=6320 overflow=0
FIG8_ATTENTION_HOST_TIMING mode=scna-fp16 scna_width=16 qo_len=8 kv_len=4096 n_heads=12 n_kv_heads=2 head_dim=128 phase=measure iteration=13 host_elapsed_us=1552 ret=0
FIG8_ATTENTION_PROFILE_COUNT mode=scna-fp16 qo_len=8 phase=measure iteration=13 records=2 max_records=10
FIG8_ATTENTION_TIMERS mode=scna-fp16 phase=measure iteration=13 lut_exp=0 nonlinear_mode=1 scna_width=16 scna_exp=216 qo_len=8 kv_len=4096 n_heads=12 n_kv_heads=2 head_dim=128 kv_head=0 worker=0 profiled_total=616 q_load=1 k_load=178 v_load=162 qk_dot=4 safe_sm=265 core_acc=4 o_scale=0 o_store=2
FIG8_ATTENTION_TIMERS mode=scna-fp16 phase=measure iteration=13 lut_exp=0 nonlinear_mode=1 scna_width=16 scna_exp=216 qo_len=8 kv_len=4096 n_heads=12 n_kv_heads=2 head_dim=128 kv_head=1 worker=0 profiled_total=633 q_load=2 k_load=194 v_load=164 qk_dot=4 safe_sm=263 core_acc=3 o_scale=0 o_store=3
FIG8_ATTENTION_EVENT_COUNT mode=scna-fp16 qo_len=8 phase=measure iteration=13 events=16 max_events=6320 overflow=0
FIG8_ATTENTION_HOST_TIMING mode=scna-fp16 scna_width=16 qo_len=8 kv_len=4096 n_heads=12 n_kv_heads=2 head_dim=128 phase=measure iteration=14 host_elapsed_us=1500 ret=0
FIG8_ATTENTION_PROFILE_COUNT mode=scna-fp16 qo_len=8 phase=measure iteration=14 records=2 max_records=10
FIG8_ATTENTION_TIMERS mode=scna-fp16 phase=measure iteration=14 lut_exp=0 nonlinear_mode=1 scna_width=16 scna_exp=216 qo_len=8 kv_len=4096 n_heads=12 n_kv_heads=2 head_dim=128 kv_head=0 worker=0 profiled_total=618 q_load=2 k_load=179 v_load=162 qk_dot=4 safe_sm=265 core_acc=4 o_scale=0 o_store=2
FIG8_ATTENTION_TIMERS mode=scna-fp16 phase=measure iteration=14 lut_exp=0 nonlinear_mode=1 scna_width=16 scna_exp=216 qo_len=8 kv_len=4096 n_heads=12 n_kv_heads=2 head_dim=128 kv_head=1 worker=0 profiled_total=636 q_load=2 k_load=193 v_load=164 qk_dot=4 safe_sm=267 core_acc=3 o_scale=0 o_store=3
FIG8_ATTENTION_EVENT_COUNT mode=scna-fp16 qo_len=8 phase=measure iteration=14 events=16 max_events=6320 overflow=0
FIG8_ATTENTION_HOST_TIMING mode=scna-fp16 scna_width=16 qo_len=8 kv_len=4096 n_heads=12 n_kv_heads=2 head_dim=128 phase=measure iteration=15 host_elapsed_us=1608 ret=0
FIG8_ATTENTION_PROFILE_COUNT mode=scna-fp16 qo_len=8 phase=measure iteration=15 records=2 max_records=10
FIG8_ATTENTION_TIMERS mode=scna-fp16 phase=measure iteration=15 lut_exp=0 nonlinear_mode=1 scna_width=16 scna_exp=216 qo_len=8 kv_len=4096 n_heads=12 n_kv_heads=2 head_dim=128 kv_head=0 worker=0 profiled_total=616 q_load=1 k_load=178 v_load=162 qk_dot=4 safe_sm=265 core_acc=4 o_scale=0 o_store=2
FIG8_ATTENTION_TIMERS mode=scna-fp16 phase=measure iteration=15 lut_exp=0 nonlinear_mode=1 scna_width=16 scna_exp=216 qo_len=8 kv_len=4096 n_heads=12 n_kv_heads=2 head_dim=128 kv_head=1 worker=0 profiled_total=644 q_load=2 k_load=198 v_load=168 qk_dot=4 safe_sm=266 core_acc=3 o_scale=0 o_store=3
FIG8_ATTENTION_EVENT_COUNT mode=scna-fp16 qo_len=8 phase=measure iteration=15 events=16 max_events=6320 overflow=0
FIG8_ATTENTION_HOST_TIMING mode=scna-fp16 scna_width=16 qo_len=8 kv_len=4096 n_heads=12 n_kv_heads=2 head_dim=128 phase=measure iteration=16 host_elapsed_us=1482 ret=0
FIG8_ATTENTION_PROFILE_COUNT mode=scna-fp16 qo_len=8 phase=measure iteration=16 records=2 max_records=10
FIG8_ATTENTION_TIMERS mode=scna-fp16 phase=measure iteration=16 lut_exp=0 nonlinear_mode=1 scna_width=16 scna_exp=216 qo_len=8 kv_len=4096 n_heads=12 n_kv_heads=2 head_dim=128 kv_head=0 worker=0 profiled_total=614 q_load=1 k_load=179 v_load=159 qk_dot=4 safe_sm=265 core_acc=4 o_scale=0 o_store=2
FIG8_ATTENTION_TIMERS mode=scna-fp16 phase=measure iteration=16 lut_exp=0 nonlinear_mode=1 scna_width=16 scna_exp=216 qo_len=8 kv_len=4096 n_heads=12 n_kv_heads=2 head_dim=128 kv_head=1 worker=0 profiled_total=636 q_load=2 k_load=195 v_load=166 qk_dot=4 safe_sm=263 core_acc=3 o_scale=0 o_store=3
FIG8_ATTENTION_EVENT_COUNT mode=scna-fp16 qo_len=8 phase=measure iteration=16 events=16 max_events=6320 overflow=0
FIG8_ATTENTION_HOST_TIMING mode=scna-fp16 scna_width=16 qo_len=8 kv_len=4096 n_heads=12 n_kv_heads=2 head_dim=128 phase=measure iteration=17 host_elapsed_us=1509 ret=0
FIG8_ATTENTION_PROFILE_COUNT mode=scna-fp16 qo_len=8 phase=measure iteration=17 records=2 max_records=10
FIG8_ATTENTION_TIMERS mode=scna-fp16 phase=measure iteration=17 lut_exp=0 nonlinear_mode=1 scna_width=16 scna_exp=216 qo_len=8 kv_len=4096 n_heads=12 n_kv_heads=2 head_dim=128 kv_head=0 worker=0 profiled_total=620 q_load=2 k_load=179 v_load=165 qk_dot=4 safe_sm=264 core_acc=4 o_scale=0 o_store=2
FIG8_ATTENTION_TIMERS mode=scna-fp16 phase=measure iteration=17 lut_exp=0 nonlinear_mode=1 scna_width=16 scna_exp=216 qo_len=8 kv_len=4096 n_heads=12 n_kv_heads=2 head_dim=128 kv_head=1 worker=0 profiled_total=633 q_load=2 k_load=194 v_load=160 qk_dot=4 safe_sm=267 core_acc=3 o_scale=0 o_store=3
FIG8_ATTENTION_EVENT_COUNT mode=scna-fp16 qo_len=8 phase=measure iteration=17 events=16 max_events=6320 overflow=0
FIG8_ATTENTION_HOST_TIMING mode=scna-fp16 scna_width=16 qo_len=8 kv_len=4096 n_heads=12 n_kv_heads=2 head_dim=128 phase=measure iteration=18 host_elapsed_us=1499 ret=0
FIG8_ATTENTION_PROFILE_COUNT mode=scna-fp16 qo_len=8 phase=measure iteration=18 records=2 max_records=10
FIG8_ATTENTION_TIMERS mode=scna-fp16 phase=measure iteration=18 lut_exp=0 nonlinear_mode=1 scna_width=16 scna_exp=215 qo_len=8 kv_len=4096 n_heads=12 n_kv_heads=2 head_dim=128 kv_head=0 worker=0 profiled_total=604 q_load=2 k_load=163 v_load=167 qk_dot=4 safe_sm=261 core_acc=4 o_scale=1 o_store=2
FIG8_ATTENTION_TIMERS mode=scna-fp16 phase=measure iteration=18 lut_exp=0 nonlinear_mode=1 scna_width=16 scna_exp=215 qo_len=8 kv_len=4096 n_heads=12 n_kv_heads=2 head_dim=128 kv_head=1 worker=0 profiled_total=608 q_load=2 k_load=169 v_load=166 qk_dot=4 safe_sm=261 core_acc=3 o_scale=0 o_store=3
FIG8_ATTENTION_EVENT_COUNT mode=scna-fp16 qo_len=8 phase=measure iteration=18 events=16 max_events=6320 overflow=0
FIG8_ATTENTION_HOST_TIMING mode=scna-fp16 scna_width=16 qo_len=8 kv_len=4096 n_heads=12 n_kv_heads=2 head_dim=128 phase=measure iteration=19 host_elapsed_us=1522 ret=0
FIG8_ATTENTION_PROFILE_COUNT mode=scna-fp16 qo_len=8 phase=measure iteration=19 records=2 max_records=10
FIG8_ATTENTION_TIMERS mode=scna-fp16 phase=measure iteration=19 lut_exp=0 nonlinear_mode=1 scna_width=16 scna_exp=215 qo_len=8 kv_len=4096 n_heads=12 n_kv_heads=2 head_dim=128 kv_head=0 worker=0 profiled_total=581 q_load=2 k_load=161 v_load=146 qk_dot=4 safe_sm=261 core_acc=4 o_scale=1 o_store=2
FIG8_ATTENTION_TIMERS mode=scna-fp16 phase=measure iteration=19 lut_exp=0 nonlinear_mode=1 scna_width=16 scna_exp=215 qo_len=8 kv_len=4096 n_heads=12 n_kv_heads=2 head_dim=128 kv_head=1 worker=0 profiled_total=629 q_load=2 k_load=186 v_load=169 qk_dot=4 safe_sm=261 core_acc=3 o_scale=1 o_store=3
FIG8_ATTENTION_EVENT_COUNT mode=scna-fp16 qo_len=8 phase=measure iteration=19 events=16 max_events=6320 overflow=0
