alloc_shared_mem_buf: buf=0x7a6e020000 fd=12 size=98304 flags=FASTRPC_MAP_FD
alloc_shared_mem_buf: buf=0x77d9c00000 fd=13 size=2097152 flags=FASTRPC_MAP_FD
alloc_shared_mem_buf: buf=0x77d9a00000 fd=14 size=2097152 flags=FASTRPC_MAP_FD
alloc_shared_mem_buf: buf=0x7a6dfd0000 fd=15 size=98304 flags=FASTRPC_MAP_FD
alloc_shared_mem_buf: buf=0x7a6df80000 fd=16 size=131072 flags=FASTRPC_MAP_FD
alloc_shared_mem_buf: buf=0x77d9e90000 fd=17 size=902656 flags=FASTRPC_MAP_FD
alloc_shared_mem_buf: buf=0x7a6e415000 fd=18 size=4096 flags=FASTRPC_MAP_FD
No-op channel request completed
FIG8_ATTENTION_CONFIG mode=scna-int8 scna_function=exp scna_kernel=direct mask_mode=full qo_len=16 kv_len=4096 n_heads=12 n_kv_heads=2 head_dim=128 warmup=5 iters=20 scna_width=32 q_size=98304 kv_size=2097152 mask_size=131072 profile_size=902656 profile_max_records=10 profile_max_events=12512 mode_flags=168 print_events=0
FIG8_ATTENTION_HOST_TIMING mode=scna-int8 scna_function=exp scna_kernel=direct scna_width=32 qo_len=16 kv_len=4096 n_heads=12 n_kv_heads=2 head_dim=128 phase=warmup iteration=0 host_elapsed_us=2548 ret=0
FIG8_ATTENTION_PROFILE_COUNT mode=scna-int8 qo_len=16 phase=warmup iteration=0 records=2 max_records=10
FIG8_ATTENTION_TIMERS mode=scna-int8 scna_function=1 scna_kernel=0 phase=warmup iteration=0 lut_exp=0 nonlinear_mode=2 scna_width=32 scna_exp=588 qo_len=16 kv_len=4096 n_heads=12 n_kv_heads=2 head_dim=128 kv_head=0 worker=0 profiled_total=1065 q_load=5 k_load=191 v_load=167 qk_dot=7 safe_sm=674 core_acc=11 o_scale=2 o_store=8
FIG8_ATTENTION_TIMERS mode=scna-int8 scna_function=1 scna_kernel=0 phase=warmup iteration=0 lut_exp=0 nonlinear_mode=2 scna_width=32 scna_exp=574 qo_len=16 kv_len=4096 n_heads=12 n_kv_heads=2 head_dim=128 kv_head=1 worker=0 profiled_total=1048 q_load=4 k_load=194 v_load=173 qk_dot=6 safe_sm=657 core_acc=8 o_scale=1 o_store=5
FIG8_ATTENTION_EVENT_COUNT mode=scna-int8 qo_len=16 phase=warmup iteration=0 events=16 max_events=12512 overflow=0
FIG8_ATTENTION_HOST_TIMING mode=scna-int8 scna_function=exp scna_kernel=direct scna_width=32 qo_len=16 kv_len=4096 n_heads=12 n_kv_heads=2 head_dim=128 phase=warmup iteration=1 host_elapsed_us=2319 ret=0
FIG8_ATTENTION_PROFILE_COUNT mode=scna-int8 qo_len=16 phase=warmup iteration=1 records=2 max_records=10
FIG8_ATTENTION_TIMERS mode=scna-int8 scna_function=1 scna_kernel=0 phase=warmup iteration=1 lut_exp=0 nonlinear_mode=2 scna_width=32 scna_exp=577 qo_len=16 kv_len=4096 n_heads=12 n_kv_heads=2 head_dim=128 kv_head=0 worker=0 profiled_total=1015 q_load=4 k_load=153 v_load=171 qk_dot=6 safe_sm=666 core_acc=8 o_scale=1 o_store=6
FIG8_ATTENTION_TIMERS mode=scna-int8 scna_function=1 scna_kernel=0 phase=warmup iteration=1 lut_exp=0 nonlinear_mode=2 scna_width=32 scna_exp=575 qo_len=16 kv_len=4096 n_heads=12 n_kv_heads=2 head_dim=128 kv_head=1 worker=0 profiled_total=1021 q_load=4 k_load=181 v_load=159 qk_dot=6 safe_sm=657 core_acc=8 o_scale=1 o_store=5
FIG8_ATTENTION_EVENT_COUNT mode=scna-int8 qo_len=16 phase=warmup iteration=1 events=16 max_events=12512 overflow=0
FIG8_ATTENTION_HOST_TIMING mode=scna-int8 scna_function=exp scna_kernel=direct scna_width=32 qo_len=16 kv_len=4096 n_heads=12 n_kv_heads=2 head_dim=128 phase=warmup iteration=2 host_elapsed_us=2336 ret=0
FIG8_ATTENTION_PROFILE_COUNT mode=scna-int8 qo_len=16 phase=warmup iteration=2 records=2 max_records=10
FIG8_ATTENTION_TIMERS mode=scna-int8 scna_function=1 scna_kernel=0 phase=warmup iteration=2 lut_exp=0 nonlinear_mode=2 scna_width=32 scna_exp=575 qo_len=16 kv_len=4096 n_heads=12 n_kv_heads=2 head_dim=128 kv_head=0 worker=0 profiled_total=1013 q_load=4 k_load=159 v_load=164 qk_dot=6 safe_sm=665 core_acc=8 o_scale=1 o_store=6
FIG8_ATTENTION_TIMERS mode=scna-int8 scna_function=1 scna_kernel=0 phase=warmup iteration=2 lut_exp=0 nonlinear_mode=2 scna_width=32 scna_exp=575 qo_len=16 kv_len=4096 n_heads=12 n_kv_heads=2 head_dim=128 kv_head=1 worker=0 profiled_total=1038 q_load=4 k_load=184 v_load=172 qk_dot=6 safe_sm=659 core_acc=7 o_scale=1 o_store=5
FIG8_ATTENTION_EVENT_COUNT mode=scna-int8 qo_len=16 phase=warmup iteration=2 events=16 max_events=12512 overflow=0
FIG8_ATTENTION_HOST_TIMING mode=scna-int8 scna_function=exp scna_kernel=direct scna_width=32 qo_len=16 kv_len=4096 n_heads=12 n_kv_heads=2 head_dim=128 phase=warmup iteration=3 host_elapsed_us=2331 ret=0
FIG8_ATTENTION_PROFILE_COUNT mode=scna-int8 qo_len=16 phase=warmup iteration=3 records=2 max_records=10
FIG8_ATTENTION_TIMERS mode=scna-int8 scna_function=1 scna_kernel=0 phase=warmup iteration=3 lut_exp=0 nonlinear_mode=2 scna_width=32 scna_exp=574 qo_len=16 kv_len=4096 n_heads=12 n_kv_heads=2 head_dim=128 kv_head=0 worker=0 profiled_total=1016 q_load=4 k_load=162 v_load=164 qk_dot=6 safe_sm=665 core_acc=8 o_scale=1 o_store=6
FIG8_ATTENTION_TIMERS mode=scna-int8 scna_function=1 scna_kernel=0 phase=warmup iteration=3 lut_exp=0 nonlinear_mode=2 scna_width=32 scna_exp=575 qo_len=16 kv_len=4096 n_heads=12 n_kv_heads=2 head_dim=128 kv_head=1 worker=0 profiled_total=1035 q_load=4 k_load=182 v_load=171 qk_dot=6 safe_sm=659 core_acc=7 o_scale=1 o_store=5
FIG8_ATTENTION_EVENT_COUNT mode=scna-int8 qo_len=16 phase=warmup iteration=3 events=16 max_events=12512 overflow=0
FIG8_ATTENTION_HOST_TIMING mode=scna-int8 scna_function=exp scna_kernel=direct scna_width=32 qo_len=16 kv_len=4096 n_heads=12 n_kv_heads=2 head_dim=128 phase=warmup iteration=4 host_elapsed_us=2328 ret=0
FIG8_ATTENTION_PROFILE_COUNT mode=scna-int8 qo_len=16 phase=warmup iteration=4 records=2 max_records=10
FIG8_ATTENTION_TIMERS mode=scna-int8 scna_function=1 scna_kernel=0 phase=warmup iteration=4 lut_exp=0 nonlinear_mode=2 scna_width=32 scna_exp=575 qo_len=16 kv_len=4096 n_heads=12 n_kv_heads=2 head_dim=128 kv_head=0 worker=0 profiled_total=1013 q_load=4 k_load=158 v_load=165 qk_dot=6 safe_sm=665 core_acc=8 o_scale=1 o_store=6
FIG8_ATTENTION_TIMERS mode=scna-int8 scna_function=1 scna_kernel=0 phase=warmup iteration=4 lut_exp=0 nonlinear_mode=2 scna_width=32 scna_exp=575 qo_len=16 kv_len=4096 n_heads=12 n_kv_heads=2 head_dim=128 kv_head=1 worker=0 profiled_total=1043 q_load=4 k_load=188 v_load=172 qk_dot=6 safe_sm=660 core_acc=7 o_scale=1 o_store=5
FIG8_ATTENTION_EVENT_COUNT mode=scna-int8 qo_len=16 phase=warmup iteration=4 events=16 max_events=12512 overflow=0
FIG8_ATTENTION_HOST_TIMING mode=scna-int8 scna_function=exp scna_kernel=direct scna_width=32 qo_len=16 kv_len=4096 n_heads=12 n_kv_heads=2 head_dim=128 phase=measure iteration=0 host_elapsed_us=2333 ret=0
FIG8_ATTENTION_PROFILE_COUNT mode=scna-int8 qo_len=16 phase=measure iteration=0 records=2 max_records=10
FIG8_ATTENTION_TIMERS mode=scna-int8 scna_function=1 scna_kernel=0 phase=measure iteration=0 lut_exp=0 nonlinear_mode=2 scna_width=32 scna_exp=575 qo_len=16 kv_len=4096 n_heads=12 n_kv_heads=2 head_dim=128 kv_head=0 worker=0 profiled_total=1005 q_load=4 k_load=161 v_load=154 qk_dot=6 safe_sm=665 core_acc=8 o_scale=1 o_store=6
FIG8_ATTENTION_TIMERS mode=scna-int8 scna_function=1 scna_kernel=0 phase=measure iteration=0 lut_exp=0 nonlinear_mode=2 scna_width=32 scna_exp=575 qo_len=16 kv_len=4096 n_heads=12 n_kv_heads=2 head_dim=128 kv_head=1 worker=0 profiled_total=1039 q_load=4 k_load=188 v_load=170 qk_dot=6 safe_sm=658 core_acc=7 o_scale=1 o_store=5
FIG8_ATTENTION_EVENT_COUNT mode=scna-int8 qo_len=16 phase=measure iteration=0 events=16 max_events=12512 overflow=0
FIG8_ATTENTION_HOST_TIMING mode=scna-int8 scna_function=exp scna_kernel=direct scna_width=32 qo_len=16 kv_len=4096 n_heads=12 n_kv_heads=2 head_dim=128 phase=measure iteration=1 host_elapsed_us=2420 ret=0
FIG8_ATTENTION_PROFILE_COUNT mode=scna-int8 qo_len=16 phase=measure iteration=1 records=2 max_records=10
FIG8_ATTENTION_TIMERS mode=scna-int8 scna_function=1 scna_kernel=0 phase=measure iteration=1 lut_exp=0 nonlinear_mode=2 scna_width=32 scna_exp=575 qo_len=16 kv_len=4096 n_heads=12 n_kv_heads=2 head_dim=128 kv_head=0 worker=0 profiled_total=1006 q_load=4 k_load=148 v_load=169 qk_dot=6 safe_sm=664 core_acc=8 o_scale=1 o_store=6
FIG8_ATTENTION_TIMERS mode=scna-int8 scna_function=1 scna_kernel=0 phase=measure iteration=1 lut_exp=0 nonlinear_mode=2 scna_width=32 scna_exp=577 qo_len=16 kv_len=4096 n_heads=12 n_kv_heads=2 head_dim=128 kv_head=1 worker=0 profiled_total=1063 q_load=4 k_load=203 v_load=168 qk_dot=6 safe_sm=669 core_acc=7 o_scale=1 o_store=5
FIG8_ATTENTION_EVENT_COUNT mode=scna-int8 qo_len=16 phase=measure iteration=1 events=16 max_events=12512 overflow=0
FIG8_ATTENTION_HOST_TIMING mode=scna-int8 scna_function=exp scna_kernel=direct scna_width=32 qo_len=16 kv_len=4096 n_heads=12 n_kv_heads=2 head_dim=128 phase=measure iteration=2 host_elapsed_us=2468 ret=0
FIG8_ATTENTION_PROFILE_COUNT mode=scna-int8 qo_len=16 phase=measure iteration=2 records=2 max_records=10
FIG8_ATTENTION_TIMERS mode=scna-int8 scna_function=1 scna_kernel=0 phase=measure iteration=2 lut_exp=0 nonlinear_mode=2 scna_width=32 scna_exp=577 qo_len=16 kv_len=4096 n_heads=12 n_kv_heads=2 head_dim=128 kv_head=0 worker=0 profiled_total=1042 q_load=4 k_load=186 v_load=163 qk_dot=6 safe_sm=668 core_acc=8 o_scale=1 o_store=6
FIG8_ATTENTION_TIMERS mode=scna-int8 scna_function=1 scna_kernel=0 phase=measure iteration=2 lut_exp=0 nonlinear_mode=2 scna_width=32 scna_exp=577 qo_len=16 kv_len=4096 n_heads=12 n_kv_heads=2 head_dim=128 kv_head=1 worker=0 profiled_total=1064 q_load=4 k_load=206 v_load=167 qk_dot=6 safe_sm=667 core_acc=7 o_scale=2 o_store=5
FIG8_ATTENTION_EVENT_COUNT mode=scna-int8 qo_len=16 phase=measure iteration=2 events=16 max_events=12512 overflow=0
FIG8_ATTENTION_HOST_TIMING mode=scna-int8 scna_function=exp scna_kernel=direct scna_width=32 qo_len=16 kv_len=4096 n_heads=12 n_kv_heads=2 head_dim=128 phase=measure iteration=3 host_elapsed_us=2395 ret=0
FIG8_ATTENTION_PROFILE_COUNT mode=scna-int8 qo_len=16 phase=measure iteration=3 records=2 max_records=10
FIG8_ATTENTION_TIMERS mode=scna-int8 scna_function=1 scna_kernel=0 phase=measure iteration=3 lut_exp=0 nonlinear_mode=2 scna_width=32 scna_exp=577 qo_len=16 kv_len=4096 n_heads=12 n_kv_heads=2 head_dim=128 kv_head=0 worker=0 profiled_total=1037 q_load=4 k_load=184 v_load=158 qk_dot=6 safe_sm=671 core_acc=7 o_scale=1 o_store=6
FIG8_ATTENTION_TIMERS mode=scna-int8 scna_function=1 scna_kernel=0 phase=measure iteration=3 lut_exp=0 nonlinear_mode=2 scna_width=32 scna_exp=577 qo_len=16 kv_len=4096 n_heads=12 n_kv_heads=2 head_dim=128 kv_head=1 worker=0 profiled_total=1053 q_load=4 k_load=192 v_load=168 qk_dot=6 safe_sm=669 core_acc=8 o_scale=1 o_store=5
FIG8_ATTENTION_EVENT_COUNT mode=scna-int8 qo_len=16 phase=measure iteration=3 events=16 max_events=12512 overflow=0
FIG8_ATTENTION_HOST_TIMING mode=scna-int8 scna_function=exp scna_kernel=direct scna_width=32 qo_len=16 kv_len=4096 n_heads=12 n_kv_heads=2 head_dim=128 phase=measure iteration=4 host_elapsed_us=2386 ret=0
FIG8_ATTENTION_PROFILE_COUNT mode=scna-int8 qo_len=16 phase=measure iteration=4 records=2 max_records=10
FIG8_ATTENTION_TIMERS mode=scna-int8 scna_function=1 scna_kernel=0 phase=measure iteration=4 lut_exp=0 nonlinear_mode=2 scna_width=32 scna_exp=576 qo_len=16 kv_len=4096 n_heads=12 n_kv_heads=2 head_dim=128 kv_head=0 worker=0 profiled_total=1054 q_load=4 k_load=185 v_load=169 qk_dot=6 safe_sm=675 core_acc=7 o_scale=2 o_store=6
FIG8_ATTENTION_TIMERS mode=scna-int8 scna_function=1 scna_kernel=0 phase=measure iteration=4 lut_exp=0 nonlinear_mode=2 scna_width=32 scna_exp=577 qo_len=16 kv_len=4096 n_heads=12 n_kv_heads=2 head_dim=128 kv_head=1 worker=0 profiled_total=1061 q_load=4 k_load=206 v_load=164 qk_dot=6 safe_sm=667 core_acc=7 o_scale=2 o_store=5
FIG8_ATTENTION_EVENT_COUNT mode=scna-int8 qo_len=16 phase=measure iteration=4 events=16 max_events=12512 overflow=0
FIG8_ATTENTION_HOST_TIMING mode=scna-int8 scna_function=exp scna_kernel=direct scna_width=32 qo_len=16 kv_len=4096 n_heads=12 n_kv_heads=2 head_dim=128 phase=measure iteration=5 host_elapsed_us=2479 ret=0
FIG8_ATTENTION_PROFILE_COUNT mode=scna-int8 qo_len=16 phase=measure iteration=5 records=2 max_records=10
FIG8_ATTENTION_TIMERS mode=scna-int8 scna_function=1 scna_kernel=0 phase=measure iteration=5 lut_exp=0 nonlinear_mode=2 scna_width=32 scna_exp=576 qo_len=16 kv_len=4096 n_heads=12 n_kv_heads=2 head_dim=128 kv_head=0 worker=0 profiled_total=1071 q_load=4 k_load=198 v_load=169 qk_dot=6 safe_sm=679 core_acc=7 o_scale=2 o_store=6
FIG8_ATTENTION_TIMERS mode=scna-int8 scna_function=1 scna_kernel=0 phase=measure iteration=5 lut_exp=0 nonlinear_mode=2 scna_width=32 scna_exp=577 qo_len=16 kv_len=4096 n_heads=12 n_kv_heads=2 head_dim=128 kv_head=1 worker=0 profiled_total=1064 q_load=4 k_load=202 v_load=169 qk_dot=6 safe_sm=668 core_acc=7 o_scale=2 o_store=6
FIG8_ATTENTION_EVENT_COUNT mode=scna-int8 qo_len=16 phase=measure iteration=5 events=16 max_events=12512 overflow=0
FIG8_ATTENTION_HOST_TIMING mode=scna-int8 scna_function=exp scna_kernel=direct scna_width=32 qo_len=16 kv_len=4096 n_heads=12 n_kv_heads=2 head_dim=128 phase=measure iteration=6 host_elapsed_us=2376 ret=0
FIG8_ATTENTION_PROFILE_COUNT mode=scna-int8 qo_len=16 phase=measure iteration=6 records=2 max_records=10
FIG8_ATTENTION_TIMERS mode=scna-int8 scna_function=1 scna_kernel=0 phase=measure iteration=6 lut_exp=0 nonlinear_mode=2 scna_width=32 scna_exp=577 qo_len=16 kv_len=4096 n_heads=12 n_kv_heads=2 head_dim=128 kv_head=0 worker=0 profiled_total=1054 q_load=4 k_load=198 v_load=160 qk_dot=6 safe_sm=671 core_acc=7 o_scale=2 o_store=6
FIG8_ATTENTION_TIMERS mode=scna-int8 scna_function=1 scna_kernel=0 phase=measure iteration=6 lut_exp=0 nonlinear_mode=2 scna_width=32 scna_exp=576 qo_len=16 kv_len=4096 n_heads=12 n_kv_heads=2 head_dim=128 kv_head=1 worker=0 profiled_total=1050 q_load=4 k_load=197 v_load=165 qk_dot=6 safe_sm=664 core_acc=7 o_scale=2 o_store=5
FIG8_ATTENTION_EVENT_COUNT mode=scna-int8 qo_len=16 phase=measure iteration=6 events=16 max_events=12512 overflow=0
FIG8_ATTENTION_HOST_TIMING mode=scna-int8 scna_function=exp scna_kernel=direct scna_width=32 qo_len=16 kv_len=4096 n_heads=12 n_kv_heads=2 head_dim=128 phase=measure iteration=7 host_elapsed_us=2414 ret=0
FIG8_ATTENTION_PROFILE_COUNT mode=scna-int8 qo_len=16 phase=measure iteration=7 records=2 max_records=10
FIG8_ATTENTION_TIMERS mode=scna-int8 scna_function=1 scna_kernel=0 phase=measure iteration=7 lut_exp=0 nonlinear_mode=2 scna_width=32 scna_exp=576 qo_len=16 kv_len=4096 n_heads=12 n_kv_heads=2 head_dim=128 kv_head=0 worker=0 profiled_total=1048 q_load=4 k_load=183 v_load=171 qk_dot=6 safe_sm=670 core_acc=7 o_scale=1 o_store=6
FIG8_ATTENTION_TIMERS mode=scna-int8 scna_function=1 scna_kernel=0 phase=measure iteration=7 lut_exp=0 nonlinear_mode=2 scna_width=32 scna_exp=577 qo_len=16 kv_len=4096 n_heads=12 n_kv_heads=2 head_dim=128 kv_head=1 worker=0 profiled_total=1065 q_load=4 k_load=206 v_load=169 qk_dot=6 safe_sm=666 core_acc=7 o_scale=1 o_store=6
FIG8_ATTENTION_EVENT_COUNT mode=scna-int8 qo_len=16 phase=measure iteration=7 events=16 max_events=12512 overflow=0
FIG8_ATTENTION_HOST_TIMING mode=scna-int8 scna_function=exp scna_kernel=direct scna_width=32 qo_len=16 kv_len=4096 n_heads=12 n_kv_heads=2 head_dim=128 phase=measure iteration=8 host_elapsed_us=2435 ret=0
FIG8_ATTENTION_PROFILE_COUNT mode=scna-int8 qo_len=16 phase=measure iteration=8 records=2 max_records=10
FIG8_ATTENTION_TIMERS mode=scna-int8 scna_function=1 scna_kernel=0 phase=measure iteration=8 lut_exp=0 nonlinear_mode=2 scna_width=32 scna_exp=577 qo_len=16 kv_len=4096 n_heads=12 n_kv_heads=2 head_dim=128 kv_head=0 worker=0 profiled_total=1043 q_load=4 k_load=183 v_load=165 qk_dot=6 safe_sm=670 core_acc=8 o_scale=1 o_store=6
FIG8_ATTENTION_TIMERS mode=scna-int8 scna_function=1 scna_kernel=0 phase=measure iteration=8 lut_exp=0 nonlinear_mode=2 scna_width=32 scna_exp=577 qo_len=16 kv_len=4096 n_heads=12 n_kv_heads=2 head_dim=128 kv_head=1 worker=0 profiled_total=1060 q_load=4 k_load=200 v_load=170 qk_dot=6 safe_sm=667 core_acc=7 o_scale=1 o_store=5
FIG8_ATTENTION_EVENT_COUNT mode=scna-int8 qo_len=16 phase=measure iteration=8 events=16 max_events=12512 overflow=0
FIG8_ATTENTION_HOST_TIMING mode=scna-int8 scna_function=exp scna_kernel=direct scna_width=32 qo_len=16 kv_len=4096 n_heads=12 n_kv_heads=2 head_dim=128 phase=measure iteration=9 host_elapsed_us=2398 ret=0
FIG8_ATTENTION_PROFILE_COUNT mode=scna-int8 qo_len=16 phase=measure iteration=9 records=2 max_records=10
FIG8_ATTENTION_TIMERS mode=scna-int8 scna_function=1 scna_kernel=0 phase=measure iteration=9 lut_exp=0 nonlinear_mode=2 scna_width=32 scna_exp=576 qo_len=16 kv_len=4096 n_heads=12 n_kv_heads=2 head_dim=128 kv_head=0 worker=0 profiled_total=1036 q_load=4 k_load=185 v_load=157 qk_dot=6 safe_sm=670 core_acc=7 o_scale=1 o_store=6
FIG8_ATTENTION_TIMERS mode=scna-int8 scna_function=1 scna_kernel=0 phase=measure iteration=9 lut_exp=0 nonlinear_mode=2 scna_width=32 scna_exp=577 qo_len=16 kv_len=4096 n_heads=12 n_kv_heads=2 head_dim=128 kv_head=1 worker=0 profiled_total=1062 q_load=4 k_load=204 v_load=166 qk_dot=6 safe_sm=668 core_acc=7 o_scale=2 o_store=5
FIG8_ATTENTION_EVENT_COUNT mode=scna-int8 qo_len=16 phase=measure iteration=9 events=16 max_events=12512 overflow=0
FIG8_ATTENTION_HOST_TIMING mode=scna-int8 scna_function=exp scna_kernel=direct scna_width=32 qo_len=16 kv_len=4096 n_heads=12 n_kv_heads=2 head_dim=128 phase=measure iteration=10 host_elapsed_us=2375 ret=0
FIG8_ATTENTION_PROFILE_COUNT mode=scna-int8 qo_len=16 phase=measure iteration=10 records=2 max_records=10
FIG8_ATTENTION_TIMERS mode=scna-int8 scna_function=1 scna_kernel=0 phase=measure iteration=10 lut_exp=0 nonlinear_mode=2 scna_width=32 scna_exp=577 qo_len=16 kv_len=4096 n_heads=12 n_kv_heads=2 head_dim=128 kv_head=0 worker=0 profiled_total=1044 q_load=4 k_load=182 v_load=169 qk_dot=6 safe_sm=669 core_acc=7 o_scale=1 o_store=6
FIG8_ATTENTION_TIMERS mode=scna-int8 scna_function=1 scna_kernel=0 phase=measure iteration=10 lut_exp=0 nonlinear_mode=2 scna_width=32 scna_exp=577 qo_len=16 kv_len=4096 n_heads=12 n_kv_heads=2 head_dim=128 kv_head=1 worker=0 profiled_total=1061 q_load=4 k_load=206 v_load=165 qk_dot=6 safe_sm=667 core_acc=7 o_scale=1 o_store=5
FIG8_ATTENTION_EVENT_COUNT mode=scna-int8 qo_len=16 phase=measure iteration=10 events=16 max_events=12512 overflow=0
FIG8_ATTENTION_HOST_TIMING mode=scna-int8 scna_function=exp scna_kernel=direct scna_width=32 qo_len=16 kv_len=4096 n_heads=12 n_kv_heads=2 head_dim=128 phase=measure iteration=11 host_elapsed_us=2359 ret=0
FIG8_ATTENTION_PROFILE_COUNT mode=scna-int8 qo_len=16 phase=measure iteration=11 records=2 max_records=10
FIG8_ATTENTION_TIMERS mode=scna-int8 scna_function=1 scna_kernel=0 phase=measure iteration=11 lut_exp=0 nonlinear_mode=2 scna_width=32 scna_exp=576 qo_len=16 kv_len=4096 n_heads=12 n_kv_heads=2 head_dim=128 kv_head=0 worker=0 profiled_total=1040 q_load=4 k_load=182 v_load=162 qk_dot=6 safe_sm=671 core_acc=8 o_scale=1 o_store=6
FIG8_ATTENTION_TIMERS mode=scna-int8 scna_function=1 scna_kernel=0 phase=measure iteration=11 lut_exp=0 nonlinear_mode=2 scna_width=32 scna_exp=577 qo_len=16 kv_len=4096 n_heads=12 n_kv_heads=2 head_dim=128 kv_head=1 worker=0 profiled_total=1061 q_load=4 k_load=205 v_load=165 qk_dot=6 safe_sm=668 core_acc=7 o_scale=1 o_store=5
FIG8_ATTENTION_EVENT_COUNT mode=scna-int8 qo_len=16 phase=measure iteration=11 events=16 max_events=12512 overflow=0
FIG8_ATTENTION_HOST_TIMING mode=scna-int8 scna_function=exp scna_kernel=direct scna_width=32 qo_len=16 kv_len=4096 n_heads=12 n_kv_heads=2 head_dim=128 phase=measure iteration=12 host_elapsed_us=2421 ret=0
FIG8_ATTENTION_PROFILE_COUNT mode=scna-int8 qo_len=16 phase=measure iteration=12 records=2 max_records=10
FIG8_ATTENTION_TIMERS mode=scna-int8 scna_function=1 scna_kernel=0 phase=measure iteration=12 lut_exp=0 nonlinear_mode=2 scna_width=32 scna_exp=576 qo_len=16 kv_len=4096 n_heads=12 n_kv_heads=2 head_dim=128 kv_head=0 worker=0 profiled_total=1033 q_load=4 k_load=181 v_load=162 qk_dot=6 safe_sm=666 core_acc=7 o_scale=1 o_store=6
FIG8_ATTENTION_TIMERS mode=scna-int8 scna_function=1 scna_kernel=0 phase=measure iteration=12 lut_exp=0 nonlinear_mode=2 scna_width=32 scna_exp=577 qo_len=16 kv_len=4096 n_heads=12 n_kv_heads=2 head_dim=128 kv_head=1 worker=0 profiled_total=1058 q_load=4 k_load=199 v_load=169 qk_dot=6 safe_sm=667 core_acc=7 o_scale=1 o_store=5
FIG8_ATTENTION_EVENT_COUNT mode=scna-int8 qo_len=16 phase=measure iteration=12 events=16 max_events=12512 overflow=0
FIG8_ATTENTION_HOST_TIMING mode=scna-int8 scna_function=exp scna_kernel=direct scna_width=32 qo_len=16 kv_len=4096 n_heads=12 n_kv_heads=2 head_dim=128 phase=measure iteration=13 host_elapsed_us=2450 ret=0
FIG8_ATTENTION_PROFILE_COUNT mode=scna-int8 qo_len=16 phase=measure iteration=13 records=2 max_records=10
FIG8_ATTENTION_TIMERS mode=scna-int8 scna_function=1 scna_kernel=0 phase=measure iteration=13 lut_exp=0 nonlinear_mode=2 scna_width=32 scna_exp=576 qo_len=16 kv_len=4096 n_heads=12 n_kv_heads=2 head_dim=128 kv_head=0 worker=0 profiled_total=1043 q_load=5 k_load=182 v_load=166 qk_dot=6 safe_sm=669 core_acc=8 o_scale=1 o_store=6
FIG8_ATTENTION_TIMERS mode=scna-int8 scna_function=1 scna_kernel=0 phase=measure iteration=13 lut_exp=0 nonlinear_mode=2 scna_width=32 scna_exp=577 qo_len=16 kv_len=4096 n_heads=12 n_kv_heads=2 head_dim=128 kv_head=1 worker=0 profiled_total=1053 q_load=4 k_load=204 v_load=160 qk_dot=6 safe_sm=666 core_acc=7 o_scale=1 o_store=5
FIG8_ATTENTION_EVENT_COUNT mode=scna-int8 qo_len=16 phase=measure iteration=13 events=16 max_events=12512 overflow=0
FIG8_ATTENTION_HOST_TIMING mode=scna-int8 scna_function=exp scna_kernel=direct scna_width=32 qo_len=16 kv_len=4096 n_heads=12 n_kv_heads=2 head_dim=128 phase=measure iteration=14 host_elapsed_us=2417 ret=0
FIG8_ATTENTION_PROFILE_COUNT mode=scna-int8 qo_len=16 phase=measure iteration=14 records=2 max_records=10
FIG8_ATTENTION_TIMERS mode=scna-int8 scna_function=1 scna_kernel=0 phase=measure iteration=14 lut_exp=0 nonlinear_mode=2 scna_width=32 scna_exp=576 qo_len=16 kv_len=4096 n_heads=12 n_kv_heads=2 head_dim=128 kv_head=0 worker=0 profiled_total=1036 q_load=4 k_load=182 v_load=163 qk_dot=6 safe_sm=667 core_acc=7 o_scale=1 o_store=6
FIG8_ATTENTION_TIMERS mode=scna-int8 scna_function=1 scna_kernel=0 phase=measure iteration=14 lut_exp=0 nonlinear_mode=2 scna_width=32 scna_exp=577 qo_len=16 kv_len=4096 n_heads=12 n_kv_heads=2 head_dim=128 kv_head=1 worker=0 profiled_total=1057 q_load=4 k_load=198 v_load=168 qk_dot=6 safe_sm=668 core_acc=7 o_scale=1 o_store=5
FIG8_ATTENTION_EVENT_COUNT mode=scna-int8 qo_len=16 phase=measure iteration=14 events=16 max_events=12512 overflow=0
FIG8_ATTENTION_HOST_TIMING mode=scna-int8 scna_function=exp scna_kernel=direct scna_width=32 qo_len=16 kv_len=4096 n_heads=12 n_kv_heads=2 head_dim=128 phase=measure iteration=15 host_elapsed_us=2378 ret=0
FIG8_ATTENTION_PROFILE_COUNT mode=scna-int8 qo_len=16 phase=measure iteration=15 records=2 max_records=10
FIG8_ATTENTION_TIMERS mode=scna-int8 scna_function=1 scna_kernel=0 phase=measure iteration=15 lut_exp=0 nonlinear_mode=2 scna_width=32 scna_exp=576 qo_len=16 kv_len=4096 n_heads=12 n_kv_heads=2 head_dim=128 kv_head=0 worker=0 profiled_total=1044 q_load=4 k_load=181 v_load=169 qk_dot=6 safe_sm=669 core_acc=8 o_scale=1 o_store=6
FIG8_ATTENTION_TIMERS mode=scna-int8 scna_function=1 scna_kernel=0 phase=measure iteration=15 lut_exp=0 nonlinear_mode=2 scna_width=32 scna_exp=577 qo_len=16 kv_len=4096 n_heads=12 n_kv_heads=2 head_dim=128 kv_head=1 worker=0 profiled_total=1058 q_load=4 k_load=204 v_load=164 qk_dot=6 safe_sm=667 core_acc=7 o_scale=1 o_store=5
FIG8_ATTENTION_EVENT_COUNT mode=scna-int8 qo_len=16 phase=measure iteration=15 events=16 max_events=12512 overflow=0
FIG8_ATTENTION_HOST_TIMING mode=scna-int8 scna_function=exp scna_kernel=direct scna_width=32 qo_len=16 kv_len=4096 n_heads=12 n_kv_heads=2 head_dim=128 phase=measure iteration=16 host_elapsed_us=2431 ret=0
FIG8_ATTENTION_PROFILE_COUNT mode=scna-int8 qo_len=16 phase=measure iteration=16 records=2 max_records=10
FIG8_ATTENTION_TIMERS mode=scna-int8 scna_function=1 scna_kernel=0 phase=measure iteration=16 lut_exp=0 nonlinear_mode=2 scna_width=32 scna_exp=576 qo_len=16 kv_len=4096 n_heads=12 n_kv_heads=2 head_dim=128 kv_head=0 worker=0 profiled_total=1032 q_load=4 k_load=181 v_load=159 qk_dot=6 safe_sm=667 core_acc=7 o_scale=2 o_store=6
FIG8_ATTENTION_TIMERS mode=scna-int8 scna_function=1 scna_kernel=0 phase=measure iteration=16 lut_exp=0 nonlinear_mode=2 scna_width=32 scna_exp=576 qo_len=16 kv_len=4096 n_heads=12 n_kv_heads=2 head_dim=128 kv_head=1 worker=0 profiled_total=1058 q_load=4 k_load=198 v_load=168 qk_dot=6 safe_sm=669 core_acc=7 o_scale=1 o_store=5
FIG8_ATTENTION_EVENT_COUNT mode=scna-int8 qo_len=16 phase=measure iteration=16 events=16 max_events=12512 overflow=0
FIG8_ATTENTION_HOST_TIMING mode=scna-int8 scna_function=exp scna_kernel=direct scna_width=32 qo_len=16 kv_len=4096 n_heads=12 n_kv_heads=2 head_dim=128 phase=measure iteration=17 host_elapsed_us=2397 ret=0
FIG8_ATTENTION_PROFILE_COUNT mode=scna-int8 qo_len=16 phase=measure iteration=17 records=2 max_records=10
FIG8_ATTENTION_TIMERS mode=scna-int8 scna_function=1 scna_kernel=0 phase=measure iteration=17 lut_exp=0 nonlinear_mode=2 scna_width=32 scna_exp=576 qo_len=16 kv_len=4096 n_heads=12 n_kv_heads=2 head_dim=128 kv_head=0 worker=0 profiled_total=1044 q_load=4 k_load=181 v_load=165 qk_dot=6 safe_sm=673 core_acc=7 o_scale=2 o_store=6
FIG8_ATTENTION_TIMERS mode=scna-int8 scna_function=1 scna_kernel=0 phase=measure iteration=17 lut_exp=0 nonlinear_mode=2 scna_width=32 scna_exp=576 qo_len=16 kv_len=4096 n_heads=12 n_kv_heads=2 head_dim=128 kv_head=1 worker=0 profiled_total=1058 q_load=4 k_load=203 v_load=166 qk_dot=6 safe_sm=666 core_acc=7 o_scale=1 o_store=5
FIG8_ATTENTION_EVENT_COUNT mode=scna-int8 qo_len=16 phase=measure iteration=17 events=16 max_events=12512 overflow=0
FIG8_ATTENTION_HOST_TIMING mode=scna-int8 scna_function=exp scna_kernel=direct scna_width=32 qo_len=16 kv_len=4096 n_heads=12 n_kv_heads=2 head_dim=128 phase=measure iteration=18 host_elapsed_us=2482 ret=0
FIG8_ATTENTION_PROFILE_COUNT mode=scna-int8 qo_len=16 phase=measure iteration=18 records=2 max_records=10
FIG8_ATTENTION_TIMERS mode=scna-int8 scna_function=1 scna_kernel=0 phase=measure iteration=18 lut_exp=0 nonlinear_mode=2 scna_width=32 scna_exp=576 qo_len=16 kv_len=4096 n_heads=12 n_kv_heads=2 head_dim=128 kv_head=0 worker=0 profiled_total=1061 q_load=4 k_load=196 v_load=165 qk_dot=6 safe_sm=675 core_acc=7 o_scale=2 o_store=6
FIG8_ATTENTION_TIMERS mode=scna-int8 scna_function=1 scna_kernel=0 phase=measure iteration=18 lut_exp=0 nonlinear_mode=2 scna_width=32 scna_exp=577 qo_len=16 kv_len=4096 n_heads=12 n_kv_heads=2 head_dim=128 kv_head=1 worker=0 profiled_total=1056 q_load=4 k_load=200 v_load=165 qk_dot=6 safe_sm=668 core_acc=7 o_scale=1 o_store=5
FIG8_ATTENTION_EVENT_COUNT mode=scna-int8 qo_len=16 phase=measure iteration=18 events=16 max_events=12512 overflow=0
FIG8_ATTENTION_HOST_TIMING mode=scna-int8 scna_function=exp scna_kernel=direct scna_width=32 qo_len=16 kv_len=4096 n_heads=12 n_kv_heads=2 head_dim=128 phase=measure iteration=19 host_elapsed_us=2485 ret=0
FIG8_ATTENTION_PROFILE_COUNT mode=scna-int8 qo_len=16 phase=measure iteration=19 records=2 max_records=10
FIG8_ATTENTION_TIMERS mode=scna-int8 scna_function=1 scna_kernel=0 phase=measure iteration=19 lut_exp=0 nonlinear_mode=2 scna_width=32 scna_exp=576 qo_len=16 kv_len=4096 n_heads=12 n_kv_heads=2 head_dim=128 kv_head=0 worker=0 profiled_total=1058 q_load=4 k_load=193 v_load=166 qk_dot=6 safe_sm=674 core_acc=8 o_scale=1 o_store=6
FIG8_ATTENTION_TIMERS mode=scna-int8 scna_function=1 scna_kernel=0 phase=measure iteration=19 lut_exp=0 nonlinear_mode=2 scna_width=32 scna_exp=577 qo_len=16 kv_len=4096 n_heads=12 n_kv_heads=2 head_dim=128 kv_head=1 worker=0 profiled_total=1057 q_load=4 k_load=202 v_load=165 qk_dot=6 safe_sm=667 core_acc=7 o_scale=1 o_store=5
FIG8_ATTENTION_EVENT_COUNT mode=scna-int8 qo_len=16 phase=measure iteration=19 events=16 max_events=12512 overflow=0
