alloc_shared_mem_buf: buf=0x7c3fab0000 fd=12 size=98304 flags=FASTRPC_MAP_FD
alloc_shared_mem_buf: buf=0x79a6600000 fd=13 size=2097152 flags=FASTRPC_MAP_FD
alloc_shared_mem_buf: buf=0x79a6400000 fd=14 size=2097152 flags=FASTRPC_MAP_FD
alloc_shared_mem_buf: buf=0x7c3fa70000 fd=15 size=98304 flags=FASTRPC_MAP_FD
alloc_shared_mem_buf: buf=0x7c3f9e0000 fd=16 size=131072 flags=FASTRPC_MAP_FD
alloc_shared_mem_buf: buf=0x79a6850000 fd=17 size=902656 flags=FASTRPC_MAP_FD
alloc_shared_mem_buf: buf=0x7c3fe3a000 fd=18 size=4096 flags=FASTRPC_MAP_FD
No-op channel request completed
FIG8_ATTENTION_CONFIG mode=scna-fp16 scna_function=exp scna_kernel=tree mask_mode=full qo_len=16 kv_len=4096 n_heads=12 n_kv_heads=2 head_dim=128 warmup=5 iters=20 scna_width=8 q_size=98304 kv_size=2097152 mask_size=131072 profile_size=902656 profile_max_records=10 profile_max_events=12512 mode_flags=1172 print_events=0
FIG8_ATTENTION_HOST_TIMING mode=scna-fp16 scna_function=exp scna_kernel=tree scna_width=8 qo_len=16 kv_len=4096 n_heads=12 n_kv_heads=2 head_dim=128 phase=warmup iteration=0 host_elapsed_us=1634 ret=0
FIG8_ATTENTION_PROFILE_COUNT mode=scna-fp16 qo_len=16 phase=warmup iteration=0 records=2 max_records=10
FIG8_ATTENTION_TIMERS mode=scna-fp16 scna_function=1 scna_kernel=1 phase=warmup iteration=0 lut_exp=0 nonlinear_mode=1 scna_width=8 scna_exp=295 qo_len=16 kv_len=4096 n_heads=12 n_kv_heads=2 head_dim=128 kv_head=0 worker=0 profiled_total=623 q_load=5 k_load=76 v_load=132 qk_dot=6 safe_sm=388 core_acc=6 o_scale=1 o_store=9
FIG8_ATTENTION_TIMERS mode=scna-fp16 scna_function=1 scna_kernel=1 phase=warmup iteration=0 lut_exp=0 nonlinear_mode=1 scna_width=8 scna_exp=293 qo_len=16 kv_len=4096 n_heads=12 n_kv_heads=2 head_dim=128 kv_head=1 worker=0 profiled_total=620 q_load=4 k_load=81 v_load=141 qk_dot=6 safe_sm=375 core_acc=6 o_scale=1 o_store=6
FIG8_ATTENTION_EVENT_COUNT mode=scna-fp16 qo_len=16 phase=warmup iteration=0 events=16 max_events=12512 overflow=0
FIG8_ATTENTION_HOST_TIMING mode=scna-fp16 scna_function=exp scna_kernel=tree scna_width=8 qo_len=16 kv_len=4096 n_heads=12 n_kv_heads=2 head_dim=128 phase=warmup iteration=1 host_elapsed_us=1661 ret=0
FIG8_ATTENTION_PROFILE_COUNT mode=scna-fp16 qo_len=16 phase=warmup iteration=1 records=2 max_records=10
FIG8_ATTENTION_TIMERS mode=scna-fp16 scna_function=1 scna_kernel=1 phase=warmup iteration=1 lut_exp=0 nonlinear_mode=1 scna_width=8 scna_exp=283 qo_len=16 kv_len=4096 n_heads=12 n_kv_heads=2 head_dim=128 kv_head=0 worker=0 profiled_total=657 q_load=4 k_load=146 v_load=124 qk_dot=6 safe_sm=364 core_acc=6 o_scale=1 o_store=6
FIG8_ATTENTION_TIMERS mode=scna-fp16 scna_function=1 scna_kernel=1 phase=warmup iteration=1 lut_exp=0 nonlinear_mode=1 scna_width=8 scna_exp=283 qo_len=16 kv_len=4096 n_heads=12 n_kv_heads=2 head_dim=128 kv_head=1 worker=0 profiled_total=671 q_load=4 k_load=148 v_load=141 qk_dot=6 safe_sm=360 core_acc=6 o_scale=1 o_store=5
FIG8_ATTENTION_EVENT_COUNT mode=scna-fp16 qo_len=16 phase=warmup iteration=1 events=16 max_events=12512 overflow=0
FIG8_ATTENTION_HOST_TIMING mode=scna-fp16 scna_function=exp scna_kernel=tree scna_width=8 qo_len=16 kv_len=4096 n_heads=12 n_kv_heads=2 head_dim=128 phase=warmup iteration=2 host_elapsed_us=1662 ret=0
FIG8_ATTENTION_PROFILE_COUNT mode=scna-fp16 qo_len=16 phase=warmup iteration=2 records=2 max_records=10
FIG8_ATTENTION_TIMERS mode=scna-fp16 scna_function=1 scna_kernel=1 phase=warmup iteration=2 lut_exp=0 nonlinear_mode=1 scna_width=8 scna_exp=283 qo_len=16 kv_len=4096 n_heads=12 n_kv_heads=2 head_dim=128 kv_head=0 worker=0 profiled_total=682 q_load=5 k_load=149 v_load=142 qk_dot=6 safe_sm=367 core_acc=6 o_scale=1 o_store=6
FIG8_ATTENTION_TIMERS mode=scna-fp16 scna_function=1 scna_kernel=1 phase=warmup iteration=2 lut_exp=0 nonlinear_mode=1 scna_width=8 scna_exp=284 qo_len=16 kv_len=4096 n_heads=12 n_kv_heads=2 head_dim=128 kv_head=1 worker=0 profiled_total=682 q_load=4 k_load=157 v_load=141 qk_dot=7 safe_sm=361 core_acc=6 o_scale=1 o_store=5
FIG8_ATTENTION_EVENT_COUNT mode=scna-fp16 qo_len=16 phase=warmup iteration=2 events=16 max_events=12512 overflow=0
FIG8_ATTENTION_HOST_TIMING mode=scna-fp16 scna_function=exp scna_kernel=tree scna_width=8 qo_len=16 kv_len=4096 n_heads=12 n_kv_heads=2 head_dim=128 phase=warmup iteration=3 host_elapsed_us=1715 ret=0
FIG8_ATTENTION_PROFILE_COUNT mode=scna-fp16 qo_len=16 phase=warmup iteration=3 records=2 max_records=10
FIG8_ATTENTION_TIMERS mode=scna-fp16 scna_function=1 scna_kernel=1 phase=warmup iteration=3 lut_exp=0 nonlinear_mode=1 scna_width=8 scna_exp=284 qo_len=16 kv_len=4096 n_heads=12 n_kv_heads=2 head_dim=128 kv_head=0 worker=0 profiled_total=718 q_load=4 k_load=166 v_load=162 qk_dot=6 safe_sm=367 core_acc=6 o_scale=1 o_store=6
FIG8_ATTENTION_TIMERS mode=scna-fp16 scna_function=1 scna_kernel=1 phase=warmup iteration=3 lut_exp=0 nonlinear_mode=1 scna_width=8 scna_exp=283 qo_len=16 kv_len=4096 n_heads=12 n_kv_heads=2 head_dim=128 kv_head=1 worker=0 profiled_total=708 q_load=4 k_load=174 v_load=151 qk_dot=7 safe_sm=361 core_acc=5 o_scale=1 o_store=5
FIG8_ATTENTION_EVENT_COUNT mode=scna-fp16 qo_len=16 phase=warmup iteration=3 events=16 max_events=12512 overflow=0
FIG8_ATTENTION_HOST_TIMING mode=scna-fp16 scna_function=exp scna_kernel=tree scna_width=8 qo_len=16 kv_len=4096 n_heads=12 n_kv_heads=2 head_dim=128 phase=warmup iteration=4 host_elapsed_us=1715 ret=0
FIG8_ATTENTION_PROFILE_COUNT mode=scna-fp16 qo_len=16 phase=warmup iteration=4 records=2 max_records=10
FIG8_ATTENTION_TIMERS mode=scna-fp16 scna_function=1 scna_kernel=1 phase=warmup iteration=4 lut_exp=0 nonlinear_mode=1 scna_width=8 scna_exp=285 qo_len=16 kv_len=4096 n_heads=12 n_kv_heads=2 head_dim=128 kv_head=0 worker=0 profiled_total=696 q_load=5 k_load=147 v_load=153 qk_dot=6 safe_sm=372 core_acc=6 o_scale=1 o_store=6
FIG8_ATTENTION_TIMERS mode=scna-fp16 scna_function=1 scna_kernel=1 phase=warmup iteration=4 lut_exp=0 nonlinear_mode=1 scna_width=8 scna_exp=283 qo_len=16 kv_len=4096 n_heads=12 n_kv_heads=2 head_dim=128 kv_head=1 worker=0 profiled_total=728 q_load=4 k_load=175 v_load=169 qk_dot=6 safe_sm=363 core_acc=5 o_scale=1 o_store=5
FIG8_ATTENTION_EVENT_COUNT mode=scna-fp16 qo_len=16 phase=warmup iteration=4 events=16 max_events=12512 overflow=0
FIG8_ATTENTION_HOST_TIMING mode=scna-fp16 scna_function=exp scna_kernel=tree scna_width=8 qo_len=16 kv_len=4096 n_heads=12 n_kv_heads=2 head_dim=128 phase=measure iteration=0 host_elapsed_us=1724 ret=0
FIG8_ATTENTION_PROFILE_COUNT mode=scna-fp16 qo_len=16 phase=measure iteration=0 records=2 max_records=10
FIG8_ATTENTION_TIMERS mode=scna-fp16 scna_function=1 scna_kernel=1 phase=measure iteration=0 lut_exp=0 nonlinear_mode=1 scna_width=8 scna_exp=283 qo_len=16 kv_len=4096 n_heads=12 n_kv_heads=2 head_dim=128 kv_head=0 worker=0 profiled_total=696 q_load=5 k_load=157 v_load=143 qk_dot=6 safe_sm=372 core_acc=6 o_scale=1 o_store=6
FIG8_ATTENTION_TIMERS mode=scna-fp16 scna_function=1 scna_kernel=1 phase=measure iteration=0 lut_exp=0 nonlinear_mode=1 scna_width=8 scna_exp=283 qo_len=16 kv_len=4096 n_heads=12 n_kv_heads=2 head_dim=128 kv_head=1 worker=0 profiled_total=731 q_load=4 k_load=175 v_load=168 qk_dot=6 safe_sm=367 core_acc=5 o_scale=1 o_store=5
FIG8_ATTENTION_EVENT_COUNT mode=scna-fp16 qo_len=16 phase=measure iteration=0 events=16 max_events=12512 overflow=0
FIG8_ATTENTION_HOST_TIMING mode=scna-fp16 scna_function=exp scna_kernel=tree scna_width=8 qo_len=16 kv_len=4096 n_heads=12 n_kv_heads=2 head_dim=128 phase=measure iteration=1 host_elapsed_us=1716 ret=0
FIG8_ATTENTION_PROFILE_COUNT mode=scna-fp16 qo_len=16 phase=measure iteration=1 records=2 max_records=10
FIG8_ATTENTION_TIMERS mode=scna-fp16 scna_function=1 scna_kernel=1 phase=measure iteration=1 lut_exp=0 nonlinear_mode=1 scna_width=8 scna_exp=283 qo_len=16 kv_len=4096 n_heads=12 n_kv_heads=2 head_dim=128 kv_head=0 worker=0 profiled_total=717 q_load=4 k_load=159 v_load=164 qk_dot=6 safe_sm=372 core_acc=5 o_scale=1 o_store=6
FIG8_ATTENTION_TIMERS mode=scna-fp16 scna_function=1 scna_kernel=1 phase=measure iteration=1 lut_exp=0 nonlinear_mode=1 scna_width=8 scna_exp=283 qo_len=16 kv_len=4096 n_heads=12 n_kv_heads=2 head_dim=128 kv_head=1 worker=0 profiled_total=725 q_load=4 k_load=173 v_load=166 qk_dot=6 safe_sm=365 core_acc=5 o_scale=1 o_store=5
FIG8_ATTENTION_EVENT_COUNT mode=scna-fp16 qo_len=16 phase=measure iteration=1 events=16 max_events=12512 overflow=0
FIG8_ATTENTION_HOST_TIMING mode=scna-fp16 scna_function=exp scna_kernel=tree scna_width=8 qo_len=16 kv_len=4096 n_heads=12 n_kv_heads=2 head_dim=128 phase=measure iteration=2 host_elapsed_us=1713 ret=0
FIG8_ATTENTION_PROFILE_COUNT mode=scna-fp16 qo_len=16 phase=measure iteration=2 records=2 max_records=10
FIG8_ATTENTION_TIMERS mode=scna-fp16 scna_function=1 scna_kernel=1 phase=measure iteration=2 lut_exp=0 nonlinear_mode=1 scna_width=8 scna_exp=283 qo_len=16 kv_len=4096 n_heads=12 n_kv_heads=2 head_dim=128 kv_head=0 worker=0 profiled_total=716 q_load=4 k_load=159 v_load=164 qk_dot=6 safe_sm=370 core_acc=6 o_scale=1 o_store=6
FIG8_ATTENTION_TIMERS mode=scna-fp16 scna_function=1 scna_kernel=1 phase=measure iteration=2 lut_exp=0 nonlinear_mode=1 scna_width=8 scna_exp=284 qo_len=16 kv_len=4096 n_heads=12 n_kv_heads=2 head_dim=128 kv_head=1 worker=0 profiled_total=727 q_load=4 k_load=172 v_load=165 qk_dot=6 safe_sm=369 core_acc=5 o_scale=1 o_store=5
FIG8_ATTENTION_EVENT_COUNT mode=scna-fp16 qo_len=16 phase=measure iteration=2 events=16 max_events=12512 overflow=0
FIG8_ATTENTION_HOST_TIMING mode=scna-fp16 scna_function=exp scna_kernel=tree scna_width=8 qo_len=16 kv_len=4096 n_heads=12 n_kv_heads=2 head_dim=128 phase=measure iteration=3 host_elapsed_us=1712 ret=0
FIG8_ATTENTION_PROFILE_COUNT mode=scna-fp16 qo_len=16 phase=measure iteration=3 records=2 max_records=10
FIG8_ATTENTION_TIMERS mode=scna-fp16 scna_function=1 scna_kernel=1 phase=measure iteration=3 lut_exp=0 nonlinear_mode=1 scna_width=8 scna_exp=283 qo_len=16 kv_len=4096 n_heads=12 n_kv_heads=2 head_dim=128 kv_head=0 worker=0 profiled_total=715 q_load=5 k_load=160 v_load=163 qk_dot=6 safe_sm=369 core_acc=6 o_scale=1 o_store=5
FIG8_ATTENTION_TIMERS mode=scna-fp16 scna_function=1 scna_kernel=1 phase=measure iteration=3 lut_exp=0 nonlinear_mode=1 scna_width=8 scna_exp=283 qo_len=16 kv_len=4096 n_heads=12 n_kv_heads=2 head_dim=128 kv_head=1 worker=0 profiled_total=721 q_load=4 k_load=171 v_load=163 qk_dot=6 safe_sm=365 core_acc=5 o_scale=2 o_store=5
FIG8_ATTENTION_EVENT_COUNT mode=scna-fp16 qo_len=16 phase=measure iteration=3 events=16 max_events=12512 overflow=0
FIG8_ATTENTION_HOST_TIMING mode=scna-fp16 scna_function=exp scna_kernel=tree scna_width=8 qo_len=16 kv_len=4096 n_heads=12 n_kv_heads=2 head_dim=128 phase=measure iteration=4 host_elapsed_us=1711 ret=0
FIG8_ATTENTION_PROFILE_COUNT mode=scna-fp16 qo_len=16 phase=measure iteration=4 records=2 max_records=10
FIG8_ATTENTION_TIMERS mode=scna-fp16 scna_function=1 scna_kernel=1 phase=measure iteration=4 lut_exp=0 nonlinear_mode=1 scna_width=8 scna_exp=283 qo_len=16 kv_len=4096 n_heads=12 n_kv_heads=2 head_dim=128 kv_head=0 worker=0 profiled_total=700 q_load=5 k_load=161 v_load=144 qk_dot=6 safe_sm=371 core_acc=6 o_scale=1 o_store=6
FIG8_ATTENTION_TIMERS mode=scna-fp16 scna_function=1 scna_kernel=1 phase=measure iteration=4 lut_exp=0 nonlinear_mode=1 scna_width=8 scna_exp=283 qo_len=16 kv_len=4096 n_heads=12 n_kv_heads=2 head_dim=128 kv_head=1 worker=0 profiled_total=727 q_load=4 k_load=176 v_load=164 qk_dot=6 safe_sm=365 core_acc=5 o_scale=1 o_store=6
FIG8_ATTENTION_EVENT_COUNT mode=scna-fp16 qo_len=16 phase=measure iteration=4 events=16 max_events=12512 overflow=0
FIG8_ATTENTION_HOST_TIMING mode=scna-fp16 scna_function=exp scna_kernel=tree scna_width=8 qo_len=16 kv_len=4096 n_heads=12 n_kv_heads=2 head_dim=128 phase=measure iteration=5 host_elapsed_us=1736 ret=0
FIG8_ATTENTION_PROFILE_COUNT mode=scna-fp16 qo_len=16 phase=measure iteration=5 records=2 max_records=10
FIG8_ATTENTION_TIMERS mode=scna-fp16 scna_function=1 scna_kernel=1 phase=measure iteration=5 lut_exp=0 nonlinear_mode=1 scna_width=8 scna_exp=283 qo_len=16 kv_len=4096 n_heads=12 n_kv_heads=2 head_dim=128 kv_head=0 worker=0 profiled_total=717 q_load=4 k_load=163 v_load=161 qk_dot=6 safe_sm=370 core_acc=6 o_scale=1 o_store=6
FIG8_ATTENTION_TIMERS mode=scna-fp16 scna_function=1 scna_kernel=1 phase=measure iteration=5 lut_exp=0 nonlinear_mode=1 scna_width=8 scna_exp=284 qo_len=16 kv_len=4096 n_heads=12 n_kv_heads=2 head_dim=128 kv_head=1 worker=0 profiled_total=687 q_load=3 k_load=155 v_load=148 qk_dot=6 safe_sm=364 core_acc=5 o_scale=1 o_store=5
FIG8_ATTENTION_EVENT_COUNT mode=scna-fp16 qo_len=16 phase=measure iteration=5 events=16 max_events=12512 overflow=0
FIG8_ATTENTION_HOST_TIMING mode=scna-fp16 scna_function=exp scna_kernel=tree scna_width=8 qo_len=16 kv_len=4096 n_heads=12 n_kv_heads=2 head_dim=128 phase=measure iteration=6 host_elapsed_us=1676 ret=0
FIG8_ATTENTION_PROFILE_COUNT mode=scna-fp16 qo_len=16 phase=measure iteration=6 records=2 max_records=10
FIG8_ATTENTION_TIMERS mode=scna-fp16 scna_function=1 scna_kernel=1 phase=measure iteration=6 lut_exp=0 nonlinear_mode=1 scna_width=8 scna_exp=284 qo_len=16 kv_len=4096 n_heads=12 n_kv_heads=2 head_dim=128 kv_head=0 worker=0 profiled_total=692 q_load=4 k_load=157 v_load=141 qk_dot=6 safe_sm=372 core_acc=6 o_scale=1 o_store=5
FIG8_ATTENTION_TIMERS mode=scna-fp16 scna_function=1 scna_kernel=1 phase=measure iteration=6 lut_exp=0 nonlinear_mode=1 scna_width=8 scna_exp=283 qo_len=16 kv_len=4096 n_heads=12 n_kv_heads=2 head_dim=128 kv_head=1 worker=0 profiled_total=722 q_load=4 k_load=173 v_load=163 qk_dot=6 safe_sm=364 core_acc=6 o_scale=1 o_store=5
FIG8_ATTENTION_EVENT_COUNT mode=scna-fp16 qo_len=16 phase=measure iteration=6 events=16 max_events=12512 overflow=0
FIG8_ATTENTION_HOST_TIMING mode=scna-fp16 scna_function=exp scna_kernel=tree scna_width=8 qo_len=16 kv_len=4096 n_heads=12 n_kv_heads=2 head_dim=128 phase=measure iteration=7 host_elapsed_us=1756 ret=0
FIG8_ATTENTION_PROFILE_COUNT mode=scna-fp16 qo_len=16 phase=measure iteration=7 records=2 max_records=10
FIG8_ATTENTION_TIMERS mode=scna-fp16 scna_function=1 scna_kernel=1 phase=measure iteration=7 lut_exp=0 nonlinear_mode=1 scna_width=8 scna_exp=289 qo_len=16 kv_len=4096 n_heads=12 n_kv_heads=2 head_dim=128 kv_head=0 worker=0 profiled_total=744 q_load=4 k_load=177 v_load=160 qk_dot=6 safe_sm=385 core_acc=6 o_scale=1 o_store=5
FIG8_ATTENTION_TIMERS mode=scna-fp16 scna_function=1 scna_kernel=1 phase=measure iteration=7 lut_exp=0 nonlinear_mode=1 scna_width=8 scna_exp=288 qo_len=16 kv_len=4096 n_heads=12 n_kv_heads=2 head_dim=128 kv_head=1 worker=0 profiled_total=762 q_load=4 k_load=196 v_load=164 qk_dot=6 safe_sm=380 core_acc=6 o_scale=1 o_store=5
FIG8_ATTENTION_EVENT_COUNT mode=scna-fp16 qo_len=16 phase=measure iteration=7 events=16 max_events=12512 overflow=0
FIG8_ATTENTION_HOST_TIMING mode=scna-fp16 scna_function=exp scna_kernel=tree scna_width=8 qo_len=16 kv_len=4096 n_heads=12 n_kv_heads=2 head_dim=128 phase=measure iteration=8 host_elapsed_us=1866 ret=0
FIG8_ATTENTION_PROFILE_COUNT mode=scna-fp16 qo_len=16 phase=measure iteration=8 records=2 max_records=10
FIG8_ATTENTION_TIMERS mode=scna-fp16 scna_function=1 scna_kernel=1 phase=measure iteration=8 lut_exp=0 nonlinear_mode=1 scna_width=8 scna_exp=287 qo_len=16 kv_len=4096 n_heads=12 n_kv_heads=2 head_dim=128 kv_head=0 worker=0 profiled_total=754 q_load=4 k_load=179 v_load=167 qk_dot=6 safe_sm=386 core_acc=6 o_scale=1 o_store=5
FIG8_ATTENTION_TIMERS mode=scna-fp16 scna_function=1 scna_kernel=1 phase=measure iteration=8 lut_exp=0 nonlinear_mode=1 scna_width=8 scna_exp=287 qo_len=16 kv_len=4096 n_heads=12 n_kv_heads=2 head_dim=128 kv_head=1 worker=0 profiled_total=763 q_load=4 k_load=189 v_load=172 qk_dot=6 safe_sm=380 core_acc=6 o_scale=1 o_store=5
FIG8_ATTENTION_EVENT_COUNT mode=scna-fp16 qo_len=16 phase=measure iteration=8 events=16 max_events=12512 overflow=0
FIG8_ATTENTION_HOST_TIMING mode=scna-fp16 scna_function=exp scna_kernel=tree scna_width=8 qo_len=16 kv_len=4096 n_heads=12 n_kv_heads=2 head_dim=128 phase=measure iteration=9 host_elapsed_us=1860 ret=0
FIG8_ATTENTION_PROFILE_COUNT mode=scna-fp16 qo_len=16 phase=measure iteration=9 records=2 max_records=10
FIG8_ATTENTION_TIMERS mode=scna-fp16 scna_function=1 scna_kernel=1 phase=measure iteration=9 lut_exp=0 nonlinear_mode=1 scna_width=8 scna_exp=287 qo_len=16 kv_len=4096 n_heads=12 n_kv_heads=2 head_dim=128 kv_head=0 worker=0 profiled_total=754 q_load=4 k_load=179 v_load=169 qk_dot=6 safe_sm=383 core_acc=6 o_scale=1 o_store=6
FIG8_ATTENTION_TIMERS mode=scna-fp16 scna_function=1 scna_kernel=1 phase=measure iteration=9 lut_exp=0 nonlinear_mode=1 scna_width=8 scna_exp=288 qo_len=16 kv_len=4096 n_heads=12 n_kv_heads=2 head_dim=128 kv_head=1 worker=0 profiled_total=766 q_load=4 k_load=190 v_load=173 qk_dot=6 safe_sm=381 core_acc=6 o_scale=1 o_store=5
FIG8_ATTENTION_EVENT_COUNT mode=scna-fp16 qo_len=16 phase=measure iteration=9 events=16 max_events=12512 overflow=0
FIG8_ATTENTION_HOST_TIMING mode=scna-fp16 scna_function=exp scna_kernel=tree scna_width=8 qo_len=16 kv_len=4096 n_heads=12 n_kv_heads=2 head_dim=128 phase=measure iteration=10 host_elapsed_us=1874 ret=0
FIG8_ATTENTION_PROFILE_COUNT mode=scna-fp16 qo_len=16 phase=measure iteration=10 records=2 max_records=10
FIG8_ATTENTION_TIMERS mode=scna-fp16 scna_function=1 scna_kernel=1 phase=measure iteration=10 lut_exp=0 nonlinear_mode=1 scna_width=8 scna_exp=287 qo_len=16 kv_len=4096 n_heads=12 n_kv_heads=2 head_dim=128 kv_head=0 worker=0 profiled_total=743 q_load=4 k_load=177 v_load=161 qk_dot=6 safe_sm=382 core_acc=6 o_scale=1 o_store=6
FIG8_ATTENTION_TIMERS mode=scna-fp16 scna_function=1 scna_kernel=1 phase=measure iteration=10 lut_exp=0 nonlinear_mode=1 scna_width=8 scna_exp=288 qo_len=16 kv_len=4096 n_heads=12 n_kv_heads=2 head_dim=128 kv_head=1 worker=0 profiled_total=772 q_load=4 k_load=197 v_load=170 qk_dot=6 safe_sm=383 core_acc=6 o_scale=1 o_store=5
FIG8_ATTENTION_EVENT_COUNT mode=scna-fp16 qo_len=16 phase=measure iteration=10 events=16 max_events=12512 overflow=0
FIG8_ATTENTION_HOST_TIMING mode=scna-fp16 scna_function=exp scna_kernel=tree scna_width=8 qo_len=16 kv_len=4096 n_heads=12 n_kv_heads=2 head_dim=128 phase=measure iteration=11 host_elapsed_us=1793 ret=0
FIG8_ATTENTION_PROFILE_COUNT mode=scna-fp16 qo_len=16 phase=measure iteration=11 records=2 max_records=10
FIG8_ATTENTION_TIMERS mode=scna-fp16 scna_function=1 scna_kernel=1 phase=measure iteration=11 lut_exp=0 nonlinear_mode=1 scna_width=8 scna_exp=287 qo_len=16 kv_len=4096 n_heads=12 n_kv_heads=2 head_dim=128 kv_head=0 worker=0 profiled_total=747 q_load=4 k_load=177 v_load=163 qk_dot=6 safe_sm=384 core_acc=6 o_scale=1 o_store=6
FIG8_ATTENTION_TIMERS mode=scna-fp16 scna_function=1 scna_kernel=1 phase=measure iteration=11 lut_exp=0 nonlinear_mode=1 scna_width=8 scna_exp=288 qo_len=16 kv_len=4096 n_heads=12 n_kv_heads=2 head_dim=128 kv_head=1 worker=0 profiled_total=762 q_load=4 k_load=197 v_load=162 qk_dot=6 safe_sm=382 core_acc=5 o_scale=1 o_store=5
FIG8_ATTENTION_EVENT_COUNT mode=scna-fp16 qo_len=16 phase=measure iteration=11 events=16 max_events=12512 overflow=0
FIG8_ATTENTION_HOST_TIMING mode=scna-fp16 scna_function=exp scna_kernel=tree scna_width=8 qo_len=16 kv_len=4096 n_heads=12 n_kv_heads=2 head_dim=128 phase=measure iteration=12 host_elapsed_us=1771 ret=0
FIG8_ATTENTION_PROFILE_COUNT mode=scna-fp16 qo_len=16 phase=measure iteration=12 records=2 max_records=10
FIG8_ATTENTION_TIMERS mode=scna-fp16 scna_function=1 scna_kernel=1 phase=measure iteration=12 lut_exp=0 nonlinear_mode=1 scna_width=8 scna_exp=287 qo_len=16 kv_len=4096 n_heads=12 n_kv_heads=2 head_dim=128 kv_head=0 worker=0 profiled_total=749 q_load=4 k_load=177 v_load=165 qk_dot=6 safe_sm=384 core_acc=6 o_scale=1 o_store=6
FIG8_ATTENTION_TIMERS mode=scna-fp16 scna_function=1 scna_kernel=1 phase=measure iteration=12 lut_exp=0 nonlinear_mode=1 scna_width=8 scna_exp=288 qo_len=16 kv_len=4096 n_heads=12 n_kv_heads=2 head_dim=128 kv_head=1 worker=0 profiled_total=765 q_load=4 k_load=199 v_load=161 qk_dot=6 safe_sm=382 core_acc=6 o_scale=1 o_store=6
FIG8_ATTENTION_EVENT_COUNT mode=scna-fp16 qo_len=16 phase=measure iteration=12 events=16 max_events=12512 overflow=0
FIG8_ATTENTION_HOST_TIMING mode=scna-fp16 scna_function=exp scna_kernel=tree scna_width=8 qo_len=16 kv_len=4096 n_heads=12 n_kv_heads=2 head_dim=128 phase=measure iteration=13 host_elapsed_us=1868 ret=0
FIG8_ATTENTION_PROFILE_COUNT mode=scna-fp16 qo_len=16 phase=measure iteration=13 records=2 max_records=10
FIG8_ATTENTION_TIMERS mode=scna-fp16 scna_function=1 scna_kernel=1 phase=measure iteration=13 lut_exp=0 nonlinear_mode=1 scna_width=8 scna_exp=287 qo_len=16 kv_len=4096 n_heads=12 n_kv_heads=2 head_dim=128 kv_head=0 worker=0 profiled_total=750 q_load=4 k_load=179 v_load=164 qk_dot=6 safe_sm=384 core_acc=6 o_scale=1 o_store=6
FIG8_ATTENTION_TIMERS mode=scna-fp16 scna_function=1 scna_kernel=1 phase=measure iteration=13 lut_exp=0 nonlinear_mode=1 scna_width=8 scna_exp=288 qo_len=16 kv_len=4096 n_heads=12 n_kv_heads=2 head_dim=128 kv_head=1 worker=0 profiled_total=773 q_load=4 k_load=198 v_load=172 qk_dot=6 safe_sm=381 core_acc=5 o_scale=1 o_store=6
FIG8_ATTENTION_EVENT_COUNT mode=scna-fp16 qo_len=16 phase=measure iteration=13 events=16 max_events=12512 overflow=0
FIG8_ATTENTION_HOST_TIMING mode=scna-fp16 scna_function=exp scna_kernel=tree scna_width=8 qo_len=16 kv_len=4096 n_heads=12 n_kv_heads=2 head_dim=128 phase=measure iteration=14 host_elapsed_us=1887 ret=0
FIG8_ATTENTION_PROFILE_COUNT mode=scna-fp16 qo_len=16 phase=measure iteration=14 records=2 max_records=10
FIG8_ATTENTION_TIMERS mode=scna-fp16 scna_function=1 scna_kernel=1 phase=measure iteration=14 lut_exp=0 nonlinear_mode=1 scna_width=8 scna_exp=287 qo_len=16 kv_len=4096 n_heads=12 n_kv_heads=2 head_dim=128 kv_head=0 worker=0 profiled_total=742 q_load=4 k_load=176 v_load=161 qk_dot=6 safe_sm=382 core_acc=6 o_scale=1 o_store=6
FIG8_ATTENTION_TIMERS mode=scna-fp16 scna_function=1 scna_kernel=1 phase=measure iteration=14 lut_exp=0 nonlinear_mode=1 scna_width=8 scna_exp=288 qo_len=16 kv_len=4096 n_heads=12 n_kv_heads=2 head_dim=128 kv_head=1 worker=0 profiled_total=774 q_load=4 k_load=199 v_load=170 qk_dot=6 safe_sm=383 core_acc=5 o_scale=1 o_store=6
FIG8_ATTENTION_EVENT_COUNT mode=scna-fp16 qo_len=16 phase=measure iteration=14 events=16 max_events=12512 overflow=0
FIG8_ATTENTION_HOST_TIMING mode=scna-fp16 scna_function=exp scna_kernel=tree scna_width=8 qo_len=16 kv_len=4096 n_heads=12 n_kv_heads=2 head_dim=128 phase=measure iteration=15 host_elapsed_us=1764 ret=0
FIG8_ATTENTION_PROFILE_COUNT mode=scna-fp16 qo_len=16 phase=measure iteration=15 records=2 max_records=10
FIG8_ATTENTION_TIMERS mode=scna-fp16 scna_function=1 scna_kernel=1 phase=measure iteration=15 lut_exp=0 nonlinear_mode=1 scna_width=8 scna_exp=287 qo_len=16 kv_len=4096 n_heads=12 n_kv_heads=2 head_dim=128 kv_head=0 worker=0 profiled_total=744 q_load=4 k_load=175 v_load=163 qk_dot=6 safe_sm=383 core_acc=6 o_scale=1 o_store=6
FIG8_ATTENTION_TIMERS mode=scna-fp16 scna_function=1 scna_kernel=1 phase=measure iteration=15 lut_exp=0 nonlinear_mode=1 scna_width=8 scna_exp=288 qo_len=16 kv_len=4096 n_heads=12 n_kv_heads=2 head_dim=128 kv_head=1 worker=0 profiled_total=769 q_load=4 k_load=197 v_load=168 qk_dot=6 safe_sm=383 core_acc=5 o_scale=1 o_store=5
FIG8_ATTENTION_EVENT_COUNT mode=scna-fp16 qo_len=16 phase=measure iteration=15 events=16 max_events=12512 overflow=0
FIG8_ATTENTION_HOST_TIMING mode=scna-fp16 scna_function=exp scna_kernel=tree scna_width=8 qo_len=16 kv_len=4096 n_heads=12 n_kv_heads=2 head_dim=128 phase=measure iteration=16 host_elapsed_us=1855 ret=0
FIG8_ATTENTION_PROFILE_COUNT mode=scna-fp16 qo_len=16 phase=measure iteration=16 records=2 max_records=10
FIG8_ATTENTION_TIMERS mode=scna-fp16 scna_function=1 scna_kernel=1 phase=measure iteration=16 lut_exp=0 nonlinear_mode=1 scna_width=8 scna_exp=287 qo_len=16 kv_len=4096 n_heads=12 n_kv_heads=2 head_dim=128 kv_head=0 worker=0 profiled_total=744 q_load=4 k_load=177 v_load=161 qk_dot=6 safe_sm=383 core_acc=6 o_scale=1 o_store=6
FIG8_ATTENTION_TIMERS mode=scna-fp16 scna_function=1 scna_kernel=1 phase=measure iteration=16 lut_exp=0 nonlinear_mode=1 scna_width=8 scna_exp=288 qo_len=16 kv_len=4096 n_heads=12 n_kv_heads=2 head_dim=128 kv_head=1 worker=0 profiled_total=775 q_load=4 k_load=199 v_load=173 qk_dot=6 safe_sm=381 core_acc=6 o_scale=1 o_store=5
FIG8_ATTENTION_EVENT_COUNT mode=scna-fp16 qo_len=16 phase=measure iteration=16 events=16 max_events=12512 overflow=0
FIG8_ATTENTION_HOST_TIMING mode=scna-fp16 scna_function=exp scna_kernel=tree scna_width=8 qo_len=16 kv_len=4096 n_heads=12 n_kv_heads=2 head_dim=128 phase=measure iteration=17 host_elapsed_us=1856 ret=0
FIG8_ATTENTION_PROFILE_COUNT mode=scna-fp16 qo_len=16 phase=measure iteration=17 records=2 max_records=10
FIG8_ATTENTION_TIMERS mode=scna-fp16 scna_function=1 scna_kernel=1 phase=measure iteration=17 lut_exp=0 nonlinear_mode=1 scna_width=8 scna_exp=287 qo_len=16 kv_len=4096 n_heads=12 n_kv_heads=2 head_dim=128 kv_head=0 worker=0 profiled_total=742 q_load=4 k_load=176 v_load=159 qk_dot=6 safe_sm=384 core_acc=6 o_scale=1 o_store=6
FIG8_ATTENTION_TIMERS mode=scna-fp16 scna_function=1 scna_kernel=1 phase=measure iteration=17 lut_exp=0 nonlinear_mode=1 scna_width=8 scna_exp=288 qo_len=16 kv_len=4096 n_heads=12 n_kv_heads=2 head_dim=128 kv_head=1 worker=0 profiled_total=775 q_load=4 k_load=199 v_load=173 qk_dot=6 safe_sm=381 core_acc=6 o_scale=1 o_store=5
FIG8_ATTENTION_EVENT_COUNT mode=scna-fp16 qo_len=16 phase=measure iteration=17 events=16 max_events=12512 overflow=0
FIG8_ATTENTION_HOST_TIMING mode=scna-fp16 scna_function=exp scna_kernel=tree scna_width=8 qo_len=16 kv_len=4096 n_heads=12 n_kv_heads=2 head_dim=128 phase=measure iteration=18 host_elapsed_us=1818 ret=0
FIG8_ATTENTION_PROFILE_COUNT mode=scna-fp16 qo_len=16 phase=measure iteration=18 records=2 max_records=10
FIG8_ATTENTION_TIMERS mode=scna-fp16 scna_function=1 scna_kernel=1 phase=measure iteration=18 lut_exp=0 nonlinear_mode=1 scna_width=8 scna_exp=287 qo_len=16 kv_len=4096 n_heads=12 n_kv_heads=2 head_dim=128 kv_head=0 worker=0 profiled_total=742 q_load=4 k_load=177 v_load=160 qk_dot=6 safe_sm=382 core_acc=6 o_scale=1 o_store=6
FIG8_ATTENTION_TIMERS mode=scna-fp16 scna_function=1 scna_kernel=1 phase=measure iteration=18 lut_exp=0 nonlinear_mode=1 scna_width=8 scna_exp=287 qo_len=16 kv_len=4096 n_heads=12 n_kv_heads=2 head_dim=128 kv_head=1 worker=0 profiled_total=781 q_load=4 k_load=204 v_load=173 qk_dot=6 safe_sm=382 core_acc=6 o_scale=1 o_store=5
FIG8_ATTENTION_EVENT_COUNT mode=scna-fp16 qo_len=16 phase=measure iteration=18 events=16 max_events=12512 overflow=0
FIG8_ATTENTION_HOST_TIMING mode=scna-fp16 scna_function=exp scna_kernel=tree scna_width=8 qo_len=16 kv_len=4096 n_heads=12 n_kv_heads=2 head_dim=128 phase=measure iteration=19 host_elapsed_us=1854 ret=0
FIG8_ATTENTION_PROFILE_COUNT mode=scna-fp16 qo_len=16 phase=measure iteration=19 records=2 max_records=10
FIG8_ATTENTION_TIMERS mode=scna-fp16 scna_function=1 scna_kernel=1 phase=measure iteration=19 lut_exp=0 nonlinear_mode=1 scna_width=8 scna_exp=287 qo_len=16 kv_len=4096 n_heads=12 n_kv_heads=2 head_dim=128 kv_head=0 worker=0 profiled_total=747 q_load=4 k_load=177 v_load=167 qk_dot=6 safe_sm=380 core_acc=6 o_scale=1 o_store=6
FIG8_ATTENTION_TIMERS mode=scna-fp16 scna_function=1 scna_kernel=1 phase=measure iteration=19 lut_exp=0 nonlinear_mode=1 scna_width=8 scna_exp=288 qo_len=16 kv_len=4096 n_heads=12 n_kv_heads=2 head_dim=128 kv_head=1 worker=0 profiled_total=762 q_load=4 k_load=188 v_load=171 qk_dot=6 safe_sm=381 core_acc=6 o_scale=1 o_store=5
FIG8_ATTENTION_EVENT_COUNT mode=scna-fp16 qo_len=16 phase=measure iteration=19 events=16 max_events=12512 overflow=0
