alloc_shared_mem_buf: buf=0x711b820000 fd=12 size=196608 flags=FASTRPC_MAP_FD
alloc_shared_mem_buf: buf=0x6e7b600000 fd=13 size=2097152 flags=FASTRPC_MAP_FD
alloc_shared_mem_buf: buf=0x6e7b400000 fd=14 size=2097152 flags=FASTRPC_MAP_FD
alloc_shared_mem_buf: buf=0x7119610000 fd=15 size=196608 flags=FASTRPC_MAP_FD
alloc_shared_mem_buf: buf=0x7115fb0000 fd=16 size=262144 flags=FASTRPC_MAP_FD
alloc_shared_mem_buf: buf=0x6e7b240000 fd=17 size=1794304 flags=FASTRPC_MAP_FD
alloc_shared_mem_buf: buf=0x711bbed000 fd=18 size=4096 flags=FASTRPC_MAP_FD
No-op channel request completed
FIG8_ATTENTION_CONFIG mode=scna-fp16 scna_function=exp2 scna_kernel=tree mask_mode=full qo_len=32 kv_len=4096 n_heads=12 n_kv_heads=2 head_dim=128 warmup=5 iters=20 scna_width=32 q_size=196608 kv_size=2097152 mask_size=262144 profile_size=1794304 profile_max_records=10 profile_max_events=24896 mode_flags=1060 print_events=0
FIG8_ATTENTION_HOST_TIMING mode=scna-fp16 scna_function=exp2 scna_kernel=tree scna_width=32 qo_len=32 kv_len=4096 n_heads=12 n_kv_heads=2 head_dim=128 phase=warmup iteration=0 host_elapsed_us=3143 ret=0
FIG8_ATTENTION_PROFILE_COUNT mode=scna-fp16 qo_len=32 phase=warmup iteration=0 records=2 max_records=10
FIG8_ATTENTION_TIMERS mode=scna-fp16 scna_function=0 scna_kernel=1 phase=warmup iteration=0 lut_exp=0 nonlinear_mode=1 scna_width=32 scna_exp=814 qo_len=32 kv_len=4096 n_heads=12 n_kv_heads=2 head_dim=128 kv_head=0 worker=0 profiled_total=1376 q_load=8 k_load=186 v_load=153 qk_dot=12 safe_sm=991 core_acc=12 o_scale=2 o_store=12
FIG8_ATTENTION_TIMERS mode=scna-fp16 scna_function=0 scna_kernel=1 phase=warmup iteration=0 lut_exp=0 nonlinear_mode=1 scna_width=32 scna_exp=813 qo_len=32 kv_len=4096 n_heads=12 n_kv_heads=2 head_dim=128 kv_head=1 worker=0 profiled_total=1364 q_load=7 k_load=187 v_load=156 qk_dot=13 safe_sm=977 core_acc=12 o_scale=1 o_store=11
FIG8_ATTENTION_EVENT_COUNT mode=scna-fp16 qo_len=32 phase=warmup iteration=0 events=16 max_events=24896 overflow=0
FIG8_ATTENTION_HOST_TIMING mode=scna-fp16 scna_function=exp2 scna_kernel=tree scna_width=32 qo_len=32 kv_len=4096 n_heads=12 n_kv_heads=2 head_dim=128 phase=warmup iteration=1 host_elapsed_us=2943 ret=0
FIG8_ATTENTION_PROFILE_COUNT mode=scna-fp16 qo_len=32 phase=warmup iteration=1 records=2 max_records=10
FIG8_ATTENTION_TIMERS mode=scna-fp16 scna_function=0 scna_kernel=1 phase=warmup iteration=1 lut_exp=0 nonlinear_mode=1 scna_width=32 scna_exp=809 qo_len=32 kv_len=4096 n_heads=12 n_kv_heads=2 head_dim=128 kv_head=0 worker=0 profiled_total=1328 q_load=8 k_load=157 v_load=146 qk_dot=12 safe_sm=982 core_acc=12 o_scale=1 o_store=10
FIG8_ATTENTION_TIMERS mode=scna-fp16 scna_function=0 scna_kernel=1 phase=warmup iteration=1 lut_exp=0 nonlinear_mode=1 scna_width=32 scna_exp=809 qo_len=32 kv_len=4096 n_heads=12 n_kv_heads=2 head_dim=128 kv_head=1 worker=0 profiled_total=1334 q_load=7 k_load=172 v_load=154 qk_dot=12 safe_sm=967 core_acc=11 o_scale=1 o_store=10
FIG8_ATTENTION_EVENT_COUNT mode=scna-fp16 qo_len=32 phase=warmup iteration=1 events=16 max_events=24896 overflow=0
FIG8_ATTENTION_HOST_TIMING mode=scna-fp16 scna_function=exp2 scna_kernel=tree scna_width=32 qo_len=32 kv_len=4096 n_heads=12 n_kv_heads=2 head_dim=128 phase=warmup iteration=2 host_elapsed_us=2953 ret=0
FIG8_ATTENTION_PROFILE_COUNT mode=scna-fp16 qo_len=32 phase=warmup iteration=2 records=2 max_records=10
FIG8_ATTENTION_TIMERS mode=scna-fp16 scna_function=0 scna_kernel=1 phase=warmup iteration=2 lut_exp=0 nonlinear_mode=1 scna_width=32 scna_exp=810 qo_len=32 kv_len=4096 n_heads=12 n_kv_heads=2 head_dim=128 kv_head=0 worker=0 profiled_total=1317 q_load=8 k_load=141 v_load=153 qk_dot=12 safe_sm=979 core_acc=12 o_scale=1 o_store=11
FIG8_ATTENTION_TIMERS mode=scna-fp16 scna_function=0 scna_kernel=1 phase=warmup iteration=2 lut_exp=0 nonlinear_mode=1 scna_width=32 scna_exp=809 qo_len=32 kv_len=4096 n_heads=12 n_kv_heads=2 head_dim=128 kv_head=1 worker=0 profiled_total=1330 q_load=7 k_load=167 v_load=151 qk_dot=12 safe_sm=971 core_acc=11 o_scale=1 o_store=10
FIG8_ATTENTION_EVENT_COUNT mode=scna-fp16 qo_len=32 phase=warmup iteration=2 events=16 max_events=24896 overflow=0
FIG8_ATTENTION_HOST_TIMING mode=scna-fp16 scna_function=exp2 scna_kernel=tree scna_width=32 qo_len=32 kv_len=4096 n_heads=12 n_kv_heads=2 head_dim=128 phase=warmup iteration=3 host_elapsed_us=2980 ret=0
FIG8_ATTENTION_PROFILE_COUNT mode=scna-fp16 qo_len=32 phase=warmup iteration=3 records=2 max_records=10
FIG8_ATTENTION_TIMERS mode=scna-fp16 scna_function=0 scna_kernel=1 phase=warmup iteration=3 lut_exp=0 nonlinear_mode=1 scna_width=32 scna_exp=809 qo_len=32 kv_len=4096 n_heads=12 n_kv_heads=2 head_dim=128 kv_head=0 worker=0 profiled_total=1310 q_load=8 k_load=144 v_load=147 qk_dot=12 safe_sm=975 core_acc=12 o_scale=1 o_store=11
FIG8_ATTENTION_TIMERS mode=scna-fp16 scna_function=0 scna_kernel=1 phase=warmup iteration=3 lut_exp=0 nonlinear_mode=1 scna_width=32 scna_exp=809 qo_len=32 kv_len=4096 n_heads=12 n_kv_heads=2 head_dim=128 kv_head=1 worker=0 profiled_total=1327 q_load=7 k_load=171 v_load=147 qk_dot=12 safe_sm=968 core_acc=11 o_scale=1 o_store=10
FIG8_ATTENTION_EVENT_COUNT mode=scna-fp16 qo_len=32 phase=warmup iteration=3 events=16 max_events=24896 overflow=0
FIG8_ATTENTION_HOST_TIMING mode=scna-fp16 scna_function=exp2 scna_kernel=tree scna_width=32 qo_len=32 kv_len=4096 n_heads=12 n_kv_heads=2 head_dim=128 phase=warmup iteration=4 host_elapsed_us=3002 ret=0
FIG8_ATTENTION_PROFILE_COUNT mode=scna-fp16 qo_len=32 phase=warmup iteration=4 records=2 max_records=10
FIG8_ATTENTION_TIMERS mode=scna-fp16 scna_function=0 scna_kernel=1 phase=warmup iteration=4 lut_exp=0 nonlinear_mode=1 scna_width=32 scna_exp=809 qo_len=32 kv_len=4096 n_heads=12 n_kv_heads=2 head_dim=128 kv_head=0 worker=0 profiled_total=1320 q_load=8 k_load=152 v_load=144 qk_dot=12 safe_sm=981 core_acc=11 o_scale=2 o_store=10
FIG8_ATTENTION_TIMERS mode=scna-fp16 scna_function=0 scna_kernel=1 phase=warmup iteration=4 lut_exp=0 nonlinear_mode=1 scna_width=32 scna_exp=812 qo_len=32 kv_len=4096 n_heads=12 n_kv_heads=2 head_dim=128 kv_head=1 worker=0 profiled_total=1373 q_load=7 k_load=193 v_load=146 qk_dot=12 safe_sm=992 core_acc=11 o_scale=2 o_store=10
FIG8_ATTENTION_EVENT_COUNT mode=scna-fp16 qo_len=32 phase=warmup iteration=4 events=16 max_events=24896 overflow=0
FIG8_ATTENTION_HOST_TIMING mode=scna-fp16 scna_function=exp2 scna_kernel=tree scna_width=32 qo_len=32 kv_len=4096 n_heads=12 n_kv_heads=2 head_dim=128 phase=measure iteration=0 host_elapsed_us=3115 ret=0
FIG8_ATTENTION_PROFILE_COUNT mode=scna-fp16 qo_len=32 phase=measure iteration=0 records=2 max_records=10
FIG8_ATTENTION_TIMERS mode=scna-fp16 scna_function=0 scna_kernel=1 phase=measure iteration=0 lut_exp=0 nonlinear_mode=1 scna_width=32 scna_exp=812 qo_len=32 kv_len=4096 n_heads=12 n_kv_heads=2 head_dim=128 kv_head=0 worker=0 profiled_total=1370 q_load=8 k_load=158 v_load=165 qk_dot=12 safe_sm=1003 core_acc=12 o_scale=1 o_store=11
FIG8_ATTENTION_TIMERS mode=scna-fp16 scna_function=0 scna_kernel=1 phase=measure iteration=0 lut_exp=0 nonlinear_mode=1 scna_width=32 scna_exp=812 qo_len=32 kv_len=4096 n_heads=12 n_kv_heads=2 head_dim=128 kv_head=1 worker=0 profiled_total=1392 q_load=7 k_load=199 v_load=161 qk_dot=12 safe_sm=990 core_acc=11 o_scale=2 o_store=10
FIG8_ATTENTION_EVENT_COUNT mode=scna-fp16 qo_len=32 phase=measure iteration=0 events=16 max_events=24896 overflow=0
FIG8_ATTENTION_HOST_TIMING mode=scna-fp16 scna_function=exp2 scna_kernel=tree scna_width=32 qo_len=32 kv_len=4096 n_heads=12 n_kv_heads=2 head_dim=128 phase=measure iteration=1 host_elapsed_us=3012 ret=0
FIG8_ATTENTION_PROFILE_COUNT mode=scna-fp16 qo_len=32 phase=measure iteration=1 records=2 max_records=10
FIG8_ATTENTION_TIMERS mode=scna-fp16 scna_function=0 scna_kernel=1 phase=measure iteration=1 lut_exp=0 nonlinear_mode=1 scna_width=32 scna_exp=812 qo_len=32 kv_len=4096 n_heads=12 n_kv_heads=2 head_dim=128 kv_head=0 worker=0 profiled_total=1365 q_load=8 k_load=157 v_load=167 qk_dot=12 safe_sm=998 core_acc=11 o_scale=2 o_store=10
FIG8_ATTENTION_TIMERS mode=scna-fp16 scna_function=0 scna_kernel=1 phase=measure iteration=1 lut_exp=0 nonlinear_mode=1 scna_width=32 scna_exp=812 qo_len=32 kv_len=4096 n_heads=12 n_kv_heads=2 head_dim=128 kv_head=1 worker=0 profiled_total=1337 q_load=7 k_load=179 v_load=146 qk_dot=12 safe_sm=970 core_acc=11 o_scale=2 o_store=10
FIG8_ATTENTION_EVENT_COUNT mode=scna-fp16 qo_len=32 phase=measure iteration=1 events=16 max_events=24896 overflow=0
FIG8_ATTENTION_HOST_TIMING mode=scna-fp16 scna_function=exp2 scna_kernel=tree scna_width=32 qo_len=32 kv_len=4096 n_heads=12 n_kv_heads=2 head_dim=128 phase=measure iteration=2 host_elapsed_us=3036 ret=0
FIG8_ATTENTION_PROFILE_COUNT mode=scna-fp16 qo_len=32 phase=measure iteration=2 records=2 max_records=10
FIG8_ATTENTION_TIMERS mode=scna-fp16 scna_function=0 scna_kernel=1 phase=measure iteration=2 lut_exp=0 nonlinear_mode=1 scna_width=32 scna_exp=810 qo_len=32 kv_len=4096 n_heads=12 n_kv_heads=2 head_dim=128 kv_head=0 worker=0 profiled_total=1345 q_load=8 k_load=150 v_load=155 qk_dot=12 safe_sm=997 core_acc=11 o_scale=1 o_store=11
FIG8_ATTENTION_TIMERS mode=scna-fp16 scna_function=0 scna_kernel=1 phase=measure iteration=2 lut_exp=0 nonlinear_mode=1 scna_width=32 scna_exp=811 qo_len=32 kv_len=4096 n_heads=12 n_kv_heads=2 head_dim=128 kv_head=1 worker=0 profiled_total=1389 q_load=7 k_load=183 v_load=167 qk_dot=12 safe_sm=996 core_acc=11 o_scale=2 o_store=11
FIG8_ATTENTION_EVENT_COUNT mode=scna-fp16 qo_len=32 phase=measure iteration=2 events=16 max_events=24896 overflow=0
FIG8_ATTENTION_HOST_TIMING mode=scna-fp16 scna_function=exp2 scna_kernel=tree scna_width=32 qo_len=32 kv_len=4096 n_heads=12 n_kv_heads=2 head_dim=128 phase=measure iteration=3 host_elapsed_us=3046 ret=0
FIG8_ATTENTION_PROFILE_COUNT mode=scna-fp16 qo_len=32 phase=measure iteration=3 records=2 max_records=10
FIG8_ATTENTION_TIMERS mode=scna-fp16 scna_function=0 scna_kernel=1 phase=measure iteration=3 lut_exp=0 nonlinear_mode=1 scna_width=32 scna_exp=810 qo_len=32 kv_len=4096 n_heads=12 n_kv_heads=2 head_dim=128 kv_head=0 worker=0 profiled_total=1352 q_load=8 k_load=150 v_load=163 qk_dot=12 safe_sm=996 core_acc=12 o_scale=1 o_store=10
FIG8_ATTENTION_TIMERS mode=scna-fp16 scna_function=0 scna_kernel=1 phase=measure iteration=3 lut_exp=0 nonlinear_mode=1 scna_width=32 scna_exp=810 qo_len=32 kv_len=4096 n_heads=12 n_kv_heads=2 head_dim=128 kv_head=1 worker=0 profiled_total=1367 q_load=7 k_load=191 v_load=159 qk_dot=12 safe_sm=976 core_acc=11 o_scale=1 o_store=10
FIG8_ATTENTION_EVENT_COUNT mode=scna-fp16 qo_len=32 phase=measure iteration=3 events=16 max_events=24896 overflow=0
FIG8_ATTENTION_HOST_TIMING mode=scna-fp16 scna_function=exp2 scna_kernel=tree scna_width=32 qo_len=32 kv_len=4096 n_heads=12 n_kv_heads=2 head_dim=128 phase=measure iteration=4 host_elapsed_us=3168 ret=0
FIG8_ATTENTION_PROFILE_COUNT mode=scna-fp16 qo_len=32 phase=measure iteration=4 records=2 max_records=10
FIG8_ATTENTION_TIMERS mode=scna-fp16 scna_function=0 scna_kernel=1 phase=measure iteration=4 lut_exp=0 nonlinear_mode=1 scna_width=32 scna_exp=810 qo_len=32 kv_len=4096 n_heads=12 n_kv_heads=2 head_dim=128 kv_head=0 worker=0 profiled_total=1350 q_load=8 k_load=147 v_load=159 qk_dot=12 safe_sm=1001 core_acc=11 o_scale=1 o_store=11
FIG8_ATTENTION_TIMERS mode=scna-fp16 scna_function=0 scna_kernel=1 phase=measure iteration=4 lut_exp=0 nonlinear_mode=1 scna_width=32 scna_exp=814 qo_len=32 kv_len=4096 n_heads=12 n_kv_heads=2 head_dim=128 kv_head=1 worker=0 profiled_total=1423 q_load=7 k_load=212 v_load=174 qk_dot=12 safe_sm=995 core_acc=11 o_scale=2 o_store=10
FIG8_ATTENTION_EVENT_COUNT mode=scna-fp16 qo_len=32 phase=measure iteration=4 events=16 max_events=24896 overflow=0
FIG8_ATTENTION_HOST_TIMING mode=scna-fp16 scna_function=exp2 scna_kernel=tree scna_width=32 qo_len=32 kv_len=4096 n_heads=12 n_kv_heads=2 head_dim=128 phase=measure iteration=5 host_elapsed_us=3223 ret=0
FIG8_ATTENTION_PROFILE_COUNT mode=scna-fp16 qo_len=32 phase=measure iteration=5 records=2 max_records=10
FIG8_ATTENTION_TIMERS mode=scna-fp16 scna_function=0 scna_kernel=1 phase=measure iteration=5 lut_exp=0 nonlinear_mode=1 scna_width=32 scna_exp=813 qo_len=32 kv_len=4096 n_heads=12 n_kv_heads=2 head_dim=128 kv_head=0 worker=0 profiled_total=1402 q_load=8 k_load=181 v_load=171 qk_dot=12 safe_sm=1007 core_acc=12 o_scale=1 o_store=10
FIG8_ATTENTION_TIMERS mode=scna-fp16 scna_function=0 scna_kernel=1 phase=measure iteration=5 lut_exp=0 nonlinear_mode=1 scna_width=32 scna_exp=814 qo_len=32 kv_len=4096 n_heads=12 n_kv_heads=2 head_dim=128 kv_head=1 worker=0 profiled_total=1431 q_load=7 k_load=213 v_load=175 qk_dot=12 safe_sm=1001 core_acc=11 o_scale=2 o_store=10
FIG8_ATTENTION_EVENT_COUNT mode=scna-fp16 qo_len=32 phase=measure iteration=5 events=16 max_events=24896 overflow=0
FIG8_ATTENTION_HOST_TIMING mode=scna-fp16 scna_function=exp2 scna_kernel=tree scna_width=32 qo_len=32 kv_len=4096 n_heads=12 n_kv_heads=2 head_dim=128 phase=measure iteration=6 host_elapsed_us=3155 ret=0
FIG8_ATTENTION_PROFILE_COUNT mode=scna-fp16 qo_len=32 phase=measure iteration=6 records=2 max_records=10
FIG8_ATTENTION_TIMERS mode=scna-fp16 scna_function=0 scna_kernel=1 phase=measure iteration=6 lut_exp=0 nonlinear_mode=1 scna_width=32 scna_exp=813 qo_len=32 kv_len=4096 n_heads=12 n_kv_heads=2 head_dim=128 kv_head=0 worker=0 profiled_total=1400 q_load=8 k_load=180 v_load=170 qk_dot=12 safe_sm=1006 core_acc=12 o_scale=1 o_store=11
FIG8_ATTENTION_TIMERS mode=scna-fp16 scna_function=0 scna_kernel=1 phase=measure iteration=6 lut_exp=0 nonlinear_mode=1 scna_width=32 scna_exp=814 qo_len=32 kv_len=4096 n_heads=12 n_kv_heads=2 head_dim=128 kv_head=1 worker=0 profiled_total=1421 q_load=7 k_load=201 v_load=178 qk_dot=12 safe_sm=999 core_acc=11 o_scale=2 o_store=11
FIG8_ATTENTION_EVENT_COUNT mode=scna-fp16 qo_len=32 phase=measure iteration=6 events=16 max_events=24896 overflow=0
FIG8_ATTENTION_HOST_TIMING mode=scna-fp16 scna_function=exp2 scna_kernel=tree scna_width=32 qo_len=32 kv_len=4096 n_heads=12 n_kv_heads=2 head_dim=128 phase=measure iteration=7 host_elapsed_us=3095 ret=0
FIG8_ATTENTION_PROFILE_COUNT mode=scna-fp16 qo_len=32 phase=measure iteration=7 records=2 max_records=10
FIG8_ATTENTION_TIMERS mode=scna-fp16 scna_function=0 scna_kernel=1 phase=measure iteration=7 lut_exp=0 nonlinear_mode=1 scna_width=32 scna_exp=812 qo_len=32 kv_len=4096 n_heads=12 n_kv_heads=2 head_dim=128 kv_head=0 worker=0 profiled_total=1400 q_load=8 k_load=181 v_load=166 qk_dot=12 safe_sm=1010 core_acc=12 o_scale=1 o_store=10
FIG8_ATTENTION_TIMERS mode=scna-fp16 scna_function=0 scna_kernel=1 phase=measure iteration=7 lut_exp=0 nonlinear_mode=1 scna_width=32 scna_exp=814 qo_len=32 kv_len=4096 n_heads=12 n_kv_heads=2 head_dim=128 kv_head=1 worker=0 profiled_total=1391 q_load=7 k_load=209 v_load=156 qk_dot=12 safe_sm=984 core_acc=11 o_scale=2 o_store=10
FIG8_ATTENTION_EVENT_COUNT mode=scna-fp16 qo_len=32 phase=measure iteration=7 events=16 max_events=24896 overflow=0
FIG8_ATTENTION_HOST_TIMING mode=scna-fp16 scna_function=exp2 scna_kernel=tree scna_width=32 qo_len=32 kv_len=4096 n_heads=12 n_kv_heads=2 head_dim=128 phase=measure iteration=8 host_elapsed_us=3036 ret=0
FIG8_ATTENTION_PROFILE_COUNT mode=scna-fp16 qo_len=32 phase=measure iteration=8 records=2 max_records=10
FIG8_ATTENTION_TIMERS mode=scna-fp16 scna_function=0 scna_kernel=1 phase=measure iteration=8 lut_exp=0 nonlinear_mode=1 scna_width=32 scna_exp=810 qo_len=32 kv_len=4096 n_heads=12 n_kv_heads=2 head_dim=128 kv_head=0 worker=0 profiled_total=1339 q_load=8 k_load=160 v_load=144 qk_dot=12 safe_sm=991 core_acc=11 o_scale=2 o_store=11
FIG8_ATTENTION_TIMERS mode=scna-fp16 scna_function=0 scna_kernel=1 phase=measure iteration=8 lut_exp=0 nonlinear_mode=1 scna_width=32 scna_exp=810 qo_len=32 kv_len=4096 n_heads=12 n_kv_heads=2 head_dim=128 kv_head=1 worker=0 profiled_total=1324 q_load=7 k_load=168 v_load=143 qk_dot=12 safe_sm=972 core_acc=11 o_scale=1 o_store=10
FIG8_ATTENTION_EVENT_COUNT mode=scna-fp16 qo_len=32 phase=measure iteration=8 events=16 max_events=24896 overflow=0
FIG8_ATTENTION_HOST_TIMING mode=scna-fp16 scna_function=exp2 scna_kernel=tree scna_width=32 qo_len=32 kv_len=4096 n_heads=12 n_kv_heads=2 head_dim=128 phase=measure iteration=9 host_elapsed_us=2965 ret=0
FIG8_ATTENTION_PROFILE_COUNT mode=scna-fp16 qo_len=32 phase=measure iteration=9 records=2 max_records=10
FIG8_ATTENTION_TIMERS mode=scna-fp16 scna_function=0 scna_kernel=1 phase=measure iteration=9 lut_exp=0 nonlinear_mode=1 scna_width=32 scna_exp=809 qo_len=32 kv_len=4096 n_heads=12 n_kv_heads=2 head_dim=128 kv_head=0 worker=0 profiled_total=1318 q_load=8 k_load=147 v_load=146 qk_dot=12 safe_sm=983 core_acc=11 o_scale=1 o_store=10
FIG8_ATTENTION_TIMERS mode=scna-fp16 scna_function=0 scna_kernel=1 phase=measure iteration=9 lut_exp=0 nonlinear_mode=1 scna_width=32 scna_exp=809 qo_len=32 kv_len=4096 n_heads=12 n_kv_heads=2 head_dim=128 kv_head=1 worker=0 profiled_total=1349 q_load=7 k_load=171 v_load=151 qk_dot=12 safe_sm=985 core_acc=11 o_scale=2 o_store=10
FIG8_ATTENTION_EVENT_COUNT mode=scna-fp16 qo_len=32 phase=measure iteration=9 events=16 max_events=24896 overflow=0
FIG8_ATTENTION_HOST_TIMING mode=scna-fp16 scna_function=exp2 scna_kernel=tree scna_width=32 qo_len=32 kv_len=4096 n_heads=12 n_kv_heads=2 head_dim=128 phase=measure iteration=10 host_elapsed_us=2951 ret=0
FIG8_ATTENTION_PROFILE_COUNT mode=scna-fp16 qo_len=32 phase=measure iteration=10 records=2 max_records=10
FIG8_ATTENTION_TIMERS mode=scna-fp16 scna_function=0 scna_kernel=1 phase=measure iteration=10 lut_exp=0 nonlinear_mode=1 scna_width=32 scna_exp=809 qo_len=32 kv_len=4096 n_heads=12 n_kv_heads=2 head_dim=128 kv_head=0 worker=0 profiled_total=1316 q_load=8 k_load=142 v_load=140 qk_dot=12 safe_sm=991 core_acc=11 o_scale=1 o_store=11
FIG8_ATTENTION_TIMERS mode=scna-fp16 scna_function=0 scna_kernel=1 phase=measure iteration=10 lut_exp=0 nonlinear_mode=1 scna_width=32 scna_exp=809 qo_len=32 kv_len=4096 n_heads=12 n_kv_heads=2 head_dim=128 kv_head=1 worker=0 profiled_total=1353 q_load=7 k_load=175 v_load=152 qk_dot=12 safe_sm=985 core_acc=11 o_scale=1 o_store=10
FIG8_ATTENTION_EVENT_COUNT mode=scna-fp16 qo_len=32 phase=measure iteration=10 events=16 max_events=24896 overflow=0
FIG8_ATTENTION_HOST_TIMING mode=scna-fp16 scna_function=exp2 scna_kernel=tree scna_width=32 qo_len=32 kv_len=4096 n_heads=12 n_kv_heads=2 head_dim=128 phase=measure iteration=11 host_elapsed_us=3015 ret=0
FIG8_ATTENTION_PROFILE_COUNT mode=scna-fp16 qo_len=32 phase=measure iteration=11 records=2 max_records=10
FIG8_ATTENTION_TIMERS mode=scna-fp16 scna_function=0 scna_kernel=1 phase=measure iteration=11 lut_exp=0 nonlinear_mode=1 scna_width=32 scna_exp=809 qo_len=32 kv_len=4096 n_heads=12 n_kv_heads=2 head_dim=128 kv_head=0 worker=0 profiled_total=1327 q_load=8 k_load=142 v_load=147 qk_dot=12 safe_sm=994 core_acc=12 o_scale=1 o_store=11
FIG8_ATTENTION_TIMERS mode=scna-fp16 scna_function=0 scna_kernel=1 phase=measure iteration=11 lut_exp=0 nonlinear_mode=1 scna_width=32 scna_exp=810 qo_len=32 kv_len=4096 n_heads=12 n_kv_heads=2 head_dim=128 kv_head=1 worker=0 profiled_total=1352 q_load=7 k_load=171 v_load=154 qk_dot=12 safe_sm=985 core_acc=11 o_scale=1 o_store=11
FIG8_ATTENTION_EVENT_COUNT mode=scna-fp16 qo_len=32 phase=measure iteration=11 events=16 max_events=24896 overflow=0
FIG8_ATTENTION_HOST_TIMING mode=scna-fp16 scna_function=exp2 scna_kernel=tree scna_width=32 qo_len=32 kv_len=4096 n_heads=12 n_kv_heads=2 head_dim=128 phase=measure iteration=12 host_elapsed_us=2941 ret=0
FIG8_ATTENTION_PROFILE_COUNT mode=scna-fp16 qo_len=32 phase=measure iteration=12 records=2 max_records=10
FIG8_ATTENTION_TIMERS mode=scna-fp16 scna_function=0 scna_kernel=1 phase=measure iteration=12 lut_exp=0 nonlinear_mode=1 scna_width=32 scna_exp=809 qo_len=32 kv_len=4096 n_heads=12 n_kv_heads=2 head_dim=128 kv_head=0 worker=0 profiled_total=1326 q_load=8 k_load=143 v_load=147 qk_dot=12 safe_sm=993 core_acc=11 o_scale=1 o_store=11
FIG8_ATTENTION_TIMERS mode=scna-fp16 scna_function=0 scna_kernel=1 phase=measure iteration=12 lut_exp=0 nonlinear_mode=1 scna_width=32 scna_exp=809 qo_len=32 kv_len=4096 n_heads=12 n_kv_heads=2 head_dim=128 kv_head=1 worker=0 profiled_total=1355 q_load=7 k_load=173 v_load=153 qk_dot=12 safe_sm=987 core_acc=11 o_scale=1 o_store=11
FIG8_ATTENTION_EVENT_COUNT mode=scna-fp16 qo_len=32 phase=measure iteration=12 events=16 max_events=24896 overflow=0
FIG8_ATTENTION_HOST_TIMING mode=scna-fp16 scna_function=exp2 scna_kernel=tree scna_width=32 qo_len=32 kv_len=4096 n_heads=12 n_kv_heads=2 head_dim=128 phase=measure iteration=13 host_elapsed_us=2989 ret=0
FIG8_ATTENTION_PROFILE_COUNT mode=scna-fp16 qo_len=32 phase=measure iteration=13 records=2 max_records=10
FIG8_ATTENTION_TIMERS mode=scna-fp16 scna_function=0 scna_kernel=1 phase=measure iteration=13 lut_exp=0 nonlinear_mode=1 scna_width=32 scna_exp=809 qo_len=32 kv_len=4096 n_heads=12 n_kv_heads=2 head_dim=128 kv_head=0 worker=0 profiled_total=1316 q_load=8 k_load=142 v_load=145 qk_dot=12 safe_sm=986 core_acc=11 o_scale=1 o_store=11
FIG8_ATTENTION_TIMERS mode=scna-fp16 scna_function=0 scna_kernel=1 phase=measure iteration=13 lut_exp=0 nonlinear_mode=1 scna_width=32 scna_exp=809 qo_len=32 kv_len=4096 n_heads=12 n_kv_heads=2 head_dim=128 kv_head=1 worker=0 profiled_total=1348 q_load=7 k_load=170 v_load=150 qk_dot=12 safe_sm=986 core_acc=11 o_scale=2 o_store=10
FIG8_ATTENTION_EVENT_COUNT mode=scna-fp16 qo_len=32 phase=measure iteration=13 events=16 max_events=24896 overflow=0
FIG8_ATTENTION_HOST_TIMING mode=scna-fp16 scna_function=exp2 scna_kernel=tree scna_width=32 qo_len=32 kv_len=4096 n_heads=12 n_kv_heads=2 head_dim=128 phase=measure iteration=14 host_elapsed_us=2995 ret=0
FIG8_ATTENTION_PROFILE_COUNT mode=scna-fp16 qo_len=32 phase=measure iteration=14 records=2 max_records=10
FIG8_ATTENTION_TIMERS mode=scna-fp16 scna_function=0 scna_kernel=1 phase=measure iteration=14 lut_exp=0 nonlinear_mode=1 scna_width=32 scna_exp=809 qo_len=32 kv_len=4096 n_heads=12 n_kv_heads=2 head_dim=128 kv_head=0 worker=0 profiled_total=1308 q_load=8 k_load=141 v_load=134 qk_dot=12 safe_sm=990 core_acc=11 o_scale=1 o_store=11
FIG8_ATTENTION_TIMERS mode=scna-fp16 scna_function=0 scna_kernel=1 phase=measure iteration=14 lut_exp=0 nonlinear_mode=1 scna_width=32 scna_exp=809 qo_len=32 kv_len=4096 n_heads=12 n_kv_heads=2 head_dim=128 kv_head=1 worker=0 profiled_total=1346 q_load=7 k_load=167 v_load=151 qk_dot=12 safe_sm=986 core_acc=11 o_scale=1 o_store=11
FIG8_ATTENTION_EVENT_COUNT mode=scna-fp16 qo_len=32 phase=measure iteration=14 events=16 max_events=24896 overflow=0
FIG8_ATTENTION_HOST_TIMING mode=scna-fp16 scna_function=exp2 scna_kernel=tree scna_width=32 qo_len=32 kv_len=4096 n_heads=12 n_kv_heads=2 head_dim=128 phase=measure iteration=15 host_elapsed_us=3065 ret=0
FIG8_ATTENTION_PROFILE_COUNT mode=scna-fp16 qo_len=32 phase=measure iteration=15 records=2 max_records=10
FIG8_ATTENTION_TIMERS mode=scna-fp16 scna_function=0 scna_kernel=1 phase=measure iteration=15 lut_exp=0 nonlinear_mode=1 scna_width=32 scna_exp=809 qo_len=32 kv_len=4096 n_heads=12 n_kv_heads=2 head_dim=128 kv_head=0 worker=0 profiled_total=1322 q_load=8 k_load=141 v_load=145 qk_dot=12 safe_sm=992 core_acc=12 o_scale=1 o_store=11
FIG8_ATTENTION_TIMERS mode=scna-fp16 scna_function=0 scna_kernel=1 phase=measure iteration=15 lut_exp=0 nonlinear_mode=1 scna_width=32 scna_exp=809 qo_len=32 kv_len=4096 n_heads=12 n_kv_heads=2 head_dim=128 kv_head=1 worker=0 profiled_total=1346 q_load=7 k_load=170 v_load=150 qk_dot=12 safe_sm=985 core_acc=11 o_scale=1 o_store=10
FIG8_ATTENTION_EVENT_COUNT mode=scna-fp16 qo_len=32 phase=measure iteration=15 events=16 max_events=24896 overflow=0
FIG8_ATTENTION_HOST_TIMING mode=scna-fp16 scna_function=exp2 scna_kernel=tree scna_width=32 qo_len=32 kv_len=4096 n_heads=12 n_kv_heads=2 head_dim=128 phase=measure iteration=16 host_elapsed_us=3033 ret=0
FIG8_ATTENTION_PROFILE_COUNT mode=scna-fp16 qo_len=32 phase=measure iteration=16 records=2 max_records=10
FIG8_ATTENTION_TIMERS mode=scna-fp16 scna_function=0 scna_kernel=1 phase=measure iteration=16 lut_exp=0 nonlinear_mode=1 scna_width=32 scna_exp=809 qo_len=32 kv_len=4096 n_heads=12 n_kv_heads=2 head_dim=128 kv_head=0 worker=0 profiled_total=1324 q_load=8 k_load=141 v_load=146 qk_dot=12 safe_sm=993 core_acc=12 o_scale=1 o_store=11
FIG8_ATTENTION_TIMERS mode=scna-fp16 scna_function=0 scna_kernel=1 phase=measure iteration=16 lut_exp=0 nonlinear_mode=1 scna_width=32 scna_exp=809 qo_len=32 kv_len=4096 n_heads=12 n_kv_heads=2 head_dim=128 kv_head=1 worker=0 profiled_total=1346 q_load=7 k_load=170 v_load=150 qk_dot=12 safe_sm=985 core_acc=11 o_scale=1 o_store=10
FIG8_ATTENTION_EVENT_COUNT mode=scna-fp16 qo_len=32 phase=measure iteration=16 events=16 max_events=24896 overflow=0
FIG8_ATTENTION_HOST_TIMING mode=scna-fp16 scna_function=exp2 scna_kernel=tree scna_width=32 qo_len=32 kv_len=4096 n_heads=12 n_kv_heads=2 head_dim=128 phase=measure iteration=17 host_elapsed_us=3039 ret=0
FIG8_ATTENTION_PROFILE_COUNT mode=scna-fp16 qo_len=32 phase=measure iteration=17 records=2 max_records=10
FIG8_ATTENTION_TIMERS mode=scna-fp16 scna_function=0 scna_kernel=1 phase=measure iteration=17 lut_exp=0 nonlinear_mode=1 scna_width=32 scna_exp=809 qo_len=32 kv_len=4096 n_heads=12 n_kv_heads=2 head_dim=128 kv_head=0 worker=0 profiled_total=1321 q_load=8 k_load=141 v_load=146 qk_dot=12 safe_sm=991 core_acc=12 o_scale=1 o_store=10
FIG8_ATTENTION_TIMERS mode=scna-fp16 scna_function=0 scna_kernel=1 phase=measure iteration=17 lut_exp=0 nonlinear_mode=1 scna_width=32 scna_exp=809 qo_len=32 kv_len=4096 n_heads=12 n_kv_heads=2 head_dim=128 kv_head=1 worker=0 profiled_total=1346 q_load=7 k_load=170 v_load=149 qk_dot=12 safe_sm=985 core_acc=11 o_scale=1 o_store=11
FIG8_ATTENTION_EVENT_COUNT mode=scna-fp16 qo_len=32 phase=measure iteration=17 events=16 max_events=24896 overflow=0
FIG8_ATTENTION_HOST_TIMING mode=scna-fp16 scna_function=exp2 scna_kernel=tree scna_width=32 qo_len=32 kv_len=4096 n_heads=12 n_kv_heads=2 head_dim=128 phase=measure iteration=18 host_elapsed_us=3049 ret=0
FIG8_ATTENTION_PROFILE_COUNT mode=scna-fp16 qo_len=32 phase=measure iteration=18 records=2 max_records=10
FIG8_ATTENTION_TIMERS mode=scna-fp16 scna_function=0 scna_kernel=1 phase=measure iteration=18 lut_exp=0 nonlinear_mode=1 scna_width=32 scna_exp=809 qo_len=32 kv_len=4096 n_heads=12 n_kv_heads=2 head_dim=128 kv_head=0 worker=0 profiled_total=1314 q_load=8 k_load=142 v_load=133 qk_dot=12 safe_sm=995 core_acc=12 o_scale=1 o_store=11
FIG8_ATTENTION_TIMERS mode=scna-fp16 scna_function=0 scna_kernel=1 phase=measure iteration=18 lut_exp=0 nonlinear_mode=1 scna_width=32 scna_exp=809 qo_len=32 kv_len=4096 n_heads=12 n_kv_heads=2 head_dim=128 kv_head=1 worker=0 profiled_total=1342 q_load=7 k_load=170 v_load=149 qk_dot=12 safe_sm=981 core_acc=11 o_scale=2 o_store=10
FIG8_ATTENTION_EVENT_COUNT mode=scna-fp16 qo_len=32 phase=measure iteration=18 events=16 max_events=24896 overflow=0
FIG8_ATTENTION_HOST_TIMING mode=scna-fp16 scna_function=exp2 scna_kernel=tree scna_width=32 qo_len=32 kv_len=4096 n_heads=12 n_kv_heads=2 head_dim=128 phase=measure iteration=19 host_elapsed_us=2983 ret=0
FIG8_ATTENTION_PROFILE_COUNT mode=scna-fp16 qo_len=32 phase=measure iteration=19 records=2 max_records=10
FIG8_ATTENTION_TIMERS mode=scna-fp16 scna_function=0 scna_kernel=1 phase=measure iteration=19 lut_exp=0 nonlinear_mode=1 scna_width=32 scna_exp=809 qo_len=32 kv_len=4096 n_heads=12 n_kv_heads=2 head_dim=128 kv_head=0 worker=0 profiled_total=1319 q_load=8 k_load=142 v_load=145 qk_dot=12 safe_sm=990 core_acc=11 o_scale=1 o_store=10
FIG8_ATTENTION_TIMERS mode=scna-fp16 scna_function=0 scna_kernel=1 phase=measure iteration=19 lut_exp=0 nonlinear_mode=1 scna_width=32 scna_exp=809 qo_len=32 kv_len=4096 n_heads=12 n_kv_heads=2 head_dim=128 kv_head=1 worker=0 profiled_total=1350 q_load=7 k_load=171 v_load=148 qk_dot=12 safe_sm=988 core_acc=11 o_scale=2 o_store=11
FIG8_ATTENTION_EVENT_COUNT mode=scna-fp16 qo_len=32 phase=measure iteration=19 events=16 max_events=24896 overflow=0
