FIG8_CPU_TOPOLOGY cpu=0 allowed=1 max_freq_khz=3532800 capacity=792 role=low-capacity
FIG8_CPU_TOPOLOGY cpu=1 allowed=1 max_freq_khz=3532800 capacity=792 role=low-capacity
FIG8_CPU_TOPOLOGY cpu=2 allowed=1 max_freq_khz=3532800 capacity=792 role=low-capacity
FIG8_CPU_TOPOLOGY cpu=3 allowed=1 max_freq_khz=3532800 capacity=792 role=low-capacity
FIG8_CPU_TOPOLOGY cpu=4 allowed=1 max_freq_khz=3532800 capacity=792 role=low-capacity
FIG8_CPU_TOPOLOGY cpu=5 allowed=1 max_freq_khz=3532800 capacity=792 role=low-capacity
FIG8_CPU_TOPOLOGY cpu=6 allowed=1 max_freq_khz=4320000 capacity=1024 role=high-capacity
FIG8_CPU_TOPOLOGY cpu=7 allowed=1 max_freq_khz=4320000 capacity=1024 role=high-capacity
FIG8_ATTENTION_CONFIG mode=baseline mask_mode=full qo_len=4 kv_len=4096 n_heads=12 n_kv_heads=2 head_dim=128 warmup=5 iters=20 q_size=24576 kv_size=2097152 mask_size=32768 profile_size=233344 profile_max_records=10 profile_max_events=3224 mode_flags=0 print_events=0 wait_policy=legacy host_cpu=0 cpu_role=low-capacity host_sync_calibration=20 descriptor_prepare_us=0 persistent_rpcmem=1 persistent_channel=1 persistent_dsp_maps=1
FIG8_SYNC_CALIBRATION requested_policy=legacy iteration=0 effective_strategy=calibration-legacy wait_wall_us=922 thread_cpu_us=21 sleep_us=918 spin_us=4 poll_count=9 dsp_dispatch_total_us=864
FIG8_SYNC_CALIBRATION requested_policy=legacy iteration=1 effective_strategy=calibration-legacy wait_wall_us=1030 thread_cpu_us=14 sleep_us=1029 spin_us=1 poll_count=10 dsp_dispatch_total_us=965
FIG8_SYNC_CALIBRATION requested_policy=legacy iteration=2 effective_strategy=calibration-legacy wait_wall_us=993 thread_cpu_us=17 sleep_us=992 spin_us=1 poll_count=10 dsp_dispatch_total_us=957
FIG8_SYNC_CALIBRATION requested_policy=legacy iteration=3 effective_strategy=calibration-legacy wait_wall_us=1003 thread_cpu_us=17 sleep_us=1000 spin_us=3 poll_count=10 dsp_dispatch_total_us=963
FIG8_SYNC_CALIBRATION requested_policy=legacy iteration=4 effective_strategy=calibration-legacy wait_wall_us=1014 thread_cpu_us=17 sleep_us=1013 spin_us=1 poll_count=10 dsp_dispatch_total_us=974
FIG8_SYNC_CALIBRATION requested_policy=legacy iteration=5 effective_strategy=calibration-legacy wait_wall_us=1003 thread_cpu_us=15 sleep_us=1002 spin_us=1 poll_count=10 dsp_dispatch_total_us=972
FIG8_SYNC_CALIBRATION requested_policy=legacy iteration=6 effective_strategy=calibration-legacy wait_wall_us=1031 thread_cpu_us=18 sleep_us=1028 spin_us=3 poll_count=10 dsp_dispatch_total_us=962
FIG8_SYNC_CALIBRATION requested_policy=legacy iteration=7 effective_strategy=calibration-legacy wait_wall_us=993 thread_cpu_us=23 sleep_us=991 spin_us=2 poll_count=10 dsp_dispatch_total_us=969
FIG8_SYNC_CALIBRATION requested_policy=legacy iteration=8 effective_strategy=calibration-legacy wait_wall_us=1002 thread_cpu_us=12 sleep_us=1000 spin_us=2 poll_count=10 dsp_dispatch_total_us=962
FIG8_SYNC_CALIBRATION requested_policy=legacy iteration=9 effective_strategy=calibration-legacy wait_wall_us=999 thread_cpu_us=13 sleep_us=998 spin_us=1 poll_count=10 dsp_dispatch_total_us=971
FIG8_SYNC_CALIBRATION requested_policy=legacy iteration=10 effective_strategy=calibration-legacy wait_wall_us=999 thread_cpu_us=18 sleep_us=998 spin_us=1 poll_count=10 dsp_dispatch_total_us=961
FIG8_SYNC_CALIBRATION requested_policy=legacy iteration=11 effective_strategy=calibration-legacy wait_wall_us=995 thread_cpu_us=16 sleep_us=993 spin_us=2 poll_count=10 dsp_dispatch_total_us=962
FIG8_SYNC_CALIBRATION requested_policy=legacy iteration=12 effective_strategy=calibration-legacy wait_wall_us=998 thread_cpu_us=15 sleep_us=997 spin_us=1 poll_count=10 dsp_dispatch_total_us=957
FIG8_SYNC_CALIBRATION requested_policy=legacy iteration=13 effective_strategy=calibration-legacy wait_wall_us=1054 thread_cpu_us=37 sleep_us=1053 spin_us=1 poll_count=10 dsp_dispatch_total_us=994
FIG8_SYNC_CALIBRATION requested_policy=legacy iteration=14 effective_strategy=calibration-legacy wait_wall_us=1067 thread_cpu_us=70 sleep_us=1061 spin_us=6 poll_count=9 dsp_dispatch_total_us=1044
FIG8_SYNC_CALIBRATION requested_policy=legacy iteration=15 effective_strategy=calibration-legacy wait_wall_us=1146 thread_cpu_us=76 sleep_us=1140 spin_us=6 poll_count=10 dsp_dispatch_total_us=1049
FIG8_SYNC_CALIBRATION requested_policy=legacy iteration=16 effective_strategy=calibration-legacy wait_wall_us=1164 thread_cpu_us=71 sleep_us=1160 spin_us=4 poll_count=10 dsp_dispatch_total_us=1067
FIG8_SYNC_CALIBRATION requested_policy=legacy iteration=17 effective_strategy=calibration-legacy wait_wall_us=1079 thread_cpu_us=65 sleep_us=1076 spin_us=3 poll_count=9 dsp_dispatch_total_us=1047
FIG8_SYNC_CALIBRATION requested_policy=legacy iteration=18 effective_strategy=calibration-legacy wait_wall_us=1163 thread_cpu_us=73 sleep_us=1159 spin_us=4 poll_count=10 dsp_dispatch_total_us=1069
FIG8_SYNC_CALIBRATION requested_policy=legacy iteration=19 effective_strategy=calibration-legacy wait_wall_us=1181 thread_cpu_us=82 sleep_us=1177 spin_us=4 poll_count=10 dsp_dispatch_total_us=1071
FIG8_ATTENTION_HOST_TIMING mode=baseline qo_len=4 kv_len=4096 n_heads=12 n_kv_heads=2 head_dim=128 phase=warmup iteration=0 wait_policy=legacy wait_strategy=legacy-usleep50 host_cpu_requested=0 host_cpu_actual=0 cpu_role=low-capacity host_wall_us=1177 host_thread_cpu_us=77 wait_wall_us=1173 wait_thread_cpu_us=74 sleep_us=1170 spin_us=3 poll_count=10 predicted_us=0 prediction_error_us=0 output_hash=c50c94b789741948 ret=0
FIG8_ATTENTION_DISPATCH mode=baseline phase=warmup iteration=0 mapping_us=7 validate_in_us=69 compute_us=987 validate_out_us=5 total_us=1068
FIG8_ATTENTION_PROFILE_COUNT mode=baseline qo_len=4 phase=warmup iteration=0 records=2 max_records=10
FIG8_ATTENTION_TIMERS mode=baseline phase=warmup iteration=0 lut_exp=0 qo_len=4 kv_len=4096 n_heads=12 n_kv_heads=2 head_dim=128 kv_head=0 worker=0 profiled_total=407 q_load=1 k_load=164 v_load=157 qk_dot=3 safe_sm=79 core_acc=1 o_scale=0 o_store=2
FIG8_ATTENTION_TIMERS mode=baseline phase=warmup iteration=0 lut_exp=0 qo_len=4 kv_len=4096 n_heads=12 n_kv_heads=2 head_dim=128 kv_head=1 worker=0 profiled_total=434 q_load=1 k_load=182 v_load=168 qk_dot=2 safe_sm=79 core_acc=1 o_scale=0 o_store=1
FIG8_ATTENTION_EVENT_COUNT mode=baseline qo_len=4 phase=warmup iteration=0 events=16 max_events=3224 overflow=0
FIG8_ATTENTION_HOST_TIMING mode=baseline qo_len=4 kv_len=4096 n_heads=12 n_kv_heads=2 head_dim=128 phase=warmup iteration=1 wait_policy=legacy wait_strategy=legacy-usleep50 host_cpu_requested=0 host_cpu_actual=0 cpu_role=low-capacity host_wall_us=1179 host_thread_cpu_us=86 wait_wall_us=1174 wait_thread_cpu_us=84 sleep_us=1173 spin_us=1 poll_count=10 predicted_us=0 prediction_error_us=0 output_hash=c50c94b789741948 ret=0
FIG8_ATTENTION_DISPATCH mode=baseline phase=warmup iteration=1 mapping_us=7 validate_in_us=69 compute_us=974 validate_out_us=5 total_us=1055
FIG8_ATTENTION_PROFILE_COUNT mode=baseline qo_len=4 phase=warmup iteration=1 records=2 max_records=10
FIG8_ATTENTION_TIMERS mode=baseline phase=warmup iteration=1 lut_exp=0 qo_len=4 kv_len=4096 n_heads=12 n_kv_heads=2 head_dim=128 kv_head=0 worker=0 profiled_total=406 q_load=1 k_load=164 v_load=154 qk_dot=3 safe_sm=80 core_acc=2 o_scale=0 o_store=2
FIG8_ATTENTION_TIMERS mode=baseline phase=warmup iteration=1 lut_exp=0 qo_len=4 kv_len=4096 n_heads=12 n_kv_heads=2 head_dim=128 kv_head=1 worker=0 profiled_total=418 q_load=1 k_load=168 v_load=166 qk_dot=2 safe_sm=79 core_acc=1 o_scale=0 o_store=1
FIG8_ATTENTION_EVENT_COUNT mode=baseline qo_len=4 phase=warmup iteration=1 events=16 max_events=3224 overflow=0
FIG8_ATTENTION_HOST_TIMING mode=baseline qo_len=4 kv_len=4096 n_heads=12 n_kv_heads=2 head_dim=128 phase=warmup iteration=2 wait_policy=legacy wait_strategy=legacy-usleep50 host_cpu_requested=0 host_cpu_actual=0 cpu_role=low-capacity host_wall_us=1142 host_thread_cpu_us=81 wait_wall_us=1137 wait_thread_cpu_us=78 sleep_us=1133 spin_us=4 poll_count=10 predicted_us=0 prediction_error_us=0 output_hash=c50c94b789741948 ret=0
FIG8_ATTENTION_DISPATCH mode=baseline phase=warmup iteration=2 mapping_us=6 validate_in_us=68 compute_us=986 validate_out_us=6 total_us=1067
FIG8_ATTENTION_PROFILE_COUNT mode=baseline qo_len=4 phase=warmup iteration=2 records=2 max_records=10
FIG8_ATTENTION_TIMERS mode=baseline phase=warmup iteration=2 lut_exp=0 qo_len=4 kv_len=4096 n_heads=12 n_kv_heads=2 head_dim=128 kv_head=0 worker=0 profiled_total=402 q_load=1 k_load=164 v_load=152 qk_dot=3 safe_sm=79 core_acc=1 o_scale=0 o_store=2
FIG8_ATTENTION_TIMERS mode=baseline phase=warmup iteration=2 lut_exp=0 qo_len=4 kv_len=4096 n_heads=12 n_kv_heads=2 head_dim=128 kv_head=1 worker=0 profiled_total=434 q_load=1 k_load=182 v_load=167 qk_dot=2 safe_sm=80 core_acc=1 o_scale=0 o_store=1
FIG8_ATTENTION_EVENT_COUNT mode=baseline qo_len=4 phase=warmup iteration=2 events=16 max_events=3224 overflow=0
FIG8_ATTENTION_HOST_TIMING mode=baseline qo_len=4 kv_len=4096 n_heads=12 n_kv_heads=2 head_dim=128 phase=warmup iteration=3 wait_policy=legacy wait_strategy=legacy-usleep50 host_cpu_requested=0 host_cpu_actual=0 cpu_role=low-capacity host_wall_us=1172 host_thread_cpu_us=76 wait_wall_us=1168 wait_thread_cpu_us=74 sleep_us=1166 spin_us=2 poll_count=10 predicted_us=0 prediction_error_us=0 output_hash=c50c94b789741948 ret=0
FIG8_ATTENTION_DISPATCH mode=baseline phase=warmup iteration=3 mapping_us=7 validate_in_us=69 compute_us=971 validate_out_us=6 total_us=1053
FIG8_ATTENTION_PROFILE_COUNT mode=baseline qo_len=4 phase=warmup iteration=3 records=2 max_records=10
FIG8_ATTENTION_TIMERS mode=baseline phase=warmup iteration=3 lut_exp=0 qo_len=4 kv_len=4096 n_heads=12 n_kv_heads=2 head_dim=128 kv_head=0 worker=0 profiled_total=408 q_load=1 k_load=164 v_load=158 qk_dot=3 safe_sm=79 core_acc=1 o_scale=0 o_store=2
FIG8_ATTENTION_TIMERS mode=baseline phase=warmup iteration=3 lut_exp=0 qo_len=4 kv_len=4096 n_heads=12 n_kv_heads=2 head_dim=128 kv_head=1 worker=0 profiled_total=415 q_load=1 k_load=166 v_load=165 qk_dot=2 safe_sm=79 core_acc=1 o_scale=0 o_store=1
FIG8_ATTENTION_EVENT_COUNT mode=baseline qo_len=4 phase=warmup iteration=3 events=16 max_events=3224 overflow=0
FIG8_ATTENTION_HOST_TIMING mode=baseline qo_len=4 kv_len=4096 n_heads=12 n_kv_heads=2 head_dim=128 phase=warmup iteration=4 wait_policy=legacy wait_strategy=legacy-usleep50 host_cpu_requested=0 host_cpu_actual=0 cpu_role=low-capacity host_wall_us=1055 host_thread_cpu_us=75 wait_wall_us=1051 wait_thread_cpu_us=71 sleep_us=1047 spin_us=4 poll_count=9 predicted_us=0 prediction_error_us=0 output_hash=c50c94b789741948 ret=0
FIG8_ATTENTION_DISPATCH mode=baseline phase=warmup iteration=4 mapping_us=7 validate_in_us=69 compute_us=961 validate_out_us=5 total_us=1042
FIG8_ATTENTION_PROFILE_COUNT mode=baseline qo_len=4 phase=warmup iteration=4 records=2 max_records=10
FIG8_ATTENTION_TIMERS mode=baseline phase=warmup iteration=4 lut_exp=0 qo_len=4 kv_len=4096 n_heads=12 n_kv_heads=2 head_dim=128 kv_head=0 worker=0 profiled_total=402 q_load=1 k_load=162 v_load=153 qk_dot=3 safe_sm=80 core_acc=1 o_scale=0 o_store=2
FIG8_ATTENTION_TIMERS mode=baseline phase=warmup iteration=4 lut_exp=0 qo_len=4 kv_len=4096 n_heads=12 n_kv_heads=2 head_dim=128 kv_head=1 worker=0 profiled_total=410 q_load=1 k_load=164 v_load=163 qk_dot=2 safe_sm=79 core_acc=0 o_scale=0 o_store=1
FIG8_ATTENTION_EVENT_COUNT mode=baseline qo_len=4 phase=warmup iteration=4 events=16 max_events=3224 overflow=0
FIG8_ATTENTION_HOST_TIMING mode=baseline qo_len=4 kv_len=4096 n_heads=12 n_kv_heads=2 head_dim=128 phase=measure iteration=0 wait_policy=legacy wait_strategy=legacy-usleep50 host_cpu_requested=0 host_cpu_actual=0 cpu_role=low-capacity host_wall_us=1192 host_thread_cpu_us=72 wait_wall_us=1187 wait_thread_cpu_us=70 sleep_us=1182 spin_us=5 poll_count=10 predicted_us=0 prediction_error_us=0 output_hash=c50c94b789741948 ret=0
FIG8_ATTENTION_DISPATCH mode=baseline phase=measure iteration=0 mapping_us=6 validate_in_us=68 compute_us=977 validate_out_us=6 total_us=1058
FIG8_ATTENTION_PROFILE_COUNT mode=baseline qo_len=4 phase=measure iteration=0 records=2 max_records=10
FIG8_ATTENTION_TIMERS mode=baseline phase=measure iteration=0 lut_exp=0 qo_len=4 kv_len=4096 n_heads=12 n_kv_heads=2 head_dim=128 kv_head=0 worker=0 profiled_total=417 q_load=1 k_load=181 v_load=150 qk_dot=3 safe_sm=79 core_acc=1 o_scale=0 o_store=2
FIG8_ATTENTION_TIMERS mode=baseline phase=measure iteration=0 lut_exp=0 qo_len=4 kv_len=4096 n_heads=12 n_kv_heads=2 head_dim=128 kv_head=1 worker=0 profiled_total=414 q_load=1 k_load=167 v_load=163 qk_dot=2 safe_sm=79 core_acc=1 o_scale=0 o_store=1
FIG8_ATTENTION_EVENT_COUNT mode=baseline qo_len=4 phase=measure iteration=0 events=16 max_events=3224 overflow=0
FIG8_ATTENTION_HOST_TIMING mode=baseline qo_len=4 kv_len=4096 n_heads=12 n_kv_heads=2 head_dim=128 phase=measure iteration=1 wait_policy=legacy wait_strategy=legacy-usleep50 host_cpu_requested=0 host_cpu_actual=0 cpu_role=low-capacity host_wall_us=1180 host_thread_cpu_us=100 wait_wall_us=1175 wait_thread_cpu_us=97 sleep_us=1171 spin_us=4 poll_count=9 predicted_us=0 prediction_error_us=0 output_hash=c50c94b789741948 ret=0
FIG8_ATTENTION_DISPATCH mode=baseline phase=measure iteration=1 mapping_us=7 validate_in_us=69 compute_us=987 validate_out_us=5 total_us=1068
FIG8_ATTENTION_PROFILE_COUNT mode=baseline qo_len=4 phase=measure iteration=1 records=2 max_records=10
FIG8_ATTENTION_TIMERS mode=baseline phase=measure iteration=1 lut_exp=0 qo_len=4 kv_len=4096 n_heads=12 n_kv_heads=2 head_dim=128 kv_head=0 worker=0 profiled_total=425 q_load=1 k_load=169 v_load=164 qk_dot=3 safe_sm=84 core_acc=2 o_scale=0 o_store=2
FIG8_ATTENTION_TIMERS mode=baseline phase=measure iteration=1 lut_exp=0 qo_len=4 kv_len=4096 n_heads=12 n_kv_heads=2 head_dim=128 kv_head=1 worker=0 profiled_total=413 q_load=1 k_load=160 v_load=165 qk_dot=2 safe_sm=83 core_acc=1 o_scale=0 o_store=1
FIG8_ATTENTION_EVENT_COUNT mode=baseline qo_len=4 phase=measure iteration=1 events=16 max_events=3224 overflow=0
FIG8_ATTENTION_HOST_TIMING mode=baseline qo_len=4 kv_len=4096 n_heads=12 n_kv_heads=2 head_dim=128 phase=measure iteration=2 wait_policy=legacy wait_strategy=legacy-usleep50 host_cpu_requested=0 host_cpu_actual=0 cpu_role=low-capacity host_wall_us=1146 host_thread_cpu_us=106 wait_wall_us=1140 wait_thread_cpu_us=102 sleep_us=1137 spin_us=3 poll_count=7 predicted_us=0 prediction_error_us=0 output_hash=c50c94b789741948 ret=0
FIG8_ATTENTION_DISPATCH mode=baseline phase=measure iteration=2 mapping_us=6 validate_in_us=68 compute_us=985 validate_out_us=5 total_us=1065
FIG8_ATTENTION_PROFILE_COUNT mode=baseline qo_len=4 phase=measure iteration=2 records=2 max_records=10
FIG8_ATTENTION_TIMERS mode=baseline phase=measure iteration=2 lut_exp=0 qo_len=4 kv_len=4096 n_heads=12 n_kv_heads=2 head_dim=128 kv_head=0 worker=0 profiled_total=416 q_load=1 k_load=164 v_load=162 qk_dot=3 safe_sm=83 core_acc=1 o_scale=0 o_store=2
FIG8_ATTENTION_TIMERS mode=baseline phase=measure iteration=2 lut_exp=0 qo_len=4 kv_len=4096 n_heads=12 n_kv_heads=2 head_dim=128 kv_head=1 worker=0 profiled_total=419 q_load=1 k_load=167 v_load=163 qk_dot=2 safe_sm=85 core_acc=0 o_scale=0 o_store=1
FIG8_ATTENTION_EVENT_COUNT mode=baseline qo_len=4 phase=measure iteration=2 events=16 max_events=3224 overflow=0
FIG8_ATTENTION_HOST_TIMING mode=baseline qo_len=4 kv_len=4096 n_heads=12 n_kv_heads=2 head_dim=128 phase=measure iteration=3 wait_policy=legacy wait_strategy=legacy-usleep50 host_cpu_requested=0 host_cpu_actual=0 cpu_role=low-capacity host_wall_us=1152 host_thread_cpu_us=133 wait_wall_us=1145 wait_thread_cpu_us=129 sleep_us=1141 spin_us=4 poll_count=7 predicted_us=0 prediction_error_us=0 output_hash=c50c94b789741948 ret=0
FIG8_ATTENTION_DISPATCH mode=baseline phase=measure iteration=3 mapping_us=7 validate_in_us=69 compute_us=1002 validate_out_us=6 total_us=1084
FIG8_ATTENTION_PROFILE_COUNT mode=baseline qo_len=4 phase=measure iteration=3 records=2 max_records=10
FIG8_ATTENTION_TIMERS mode=baseline phase=measure iteration=3 lut_exp=0 qo_len=4 kv_len=4096 n_heads=12 n_kv_heads=2 head_dim=128 kv_head=0 worker=0 profiled_total=436 q_load=1 k_load=183 v_load=162 qk_dot=3 safe_sm=84 core_acc=1 o_scale=0 o_store=2
FIG8_ATTENTION_TIMERS mode=baseline phase=measure iteration=3 lut_exp=0 qo_len=4 kv_len=4096 n_heads=12 n_kv_heads=2 head_dim=128 kv_head=1 worker=0 profiled_total=415 q_load=1 k_load=163 v_load=164 qk_dot=2 safe_sm=84 core_acc=0 o_scale=0 o_store=1
FIG8_ATTENTION_EVENT_COUNT mode=baseline qo_len=4 phase=measure iteration=3 events=16 max_events=3224 overflow=0
FIG8_ATTENTION_HOST_TIMING mode=baseline qo_len=4 kv_len=4096 n_heads=12 n_kv_heads=2 head_dim=128 phase=measure iteration=4 wait_policy=legacy wait_strategy=legacy-usleep50 host_cpu_requested=0 host_cpu_actual=0 cpu_role=low-capacity host_wall_us=1137 host_thread_cpu_us=108 wait_wall_us=1129 wait_thread_cpu_us=104 sleep_us=1124 spin_us=5 poll_count=8 predicted_us=0 prediction_error_us=0 output_hash=c50c94b789741948 ret=0
FIG8_ATTENTION_DISPATCH mode=baseline phase=measure iteration=4 mapping_us=7 validate_in_us=69 compute_us=991 validate_out_us=5 total_us=1072
FIG8_ATTENTION_PROFILE_COUNT mode=baseline qo_len=4 phase=measure iteration=4 records=2 max_records=10
FIG8_ATTENTION_TIMERS mode=baseline phase=measure iteration=4 lut_exp=0 qo_len=4 kv_len=4096 n_heads=12 n_kv_heads=2 head_dim=128 kv_head=0 worker=0 profiled_total=419 q_load=1 k_load=166 v_load=162 qk_dot=3 safe_sm=84 core_acc=1 o_scale=0 o_store=2
FIG8_ATTENTION_TIMERS mode=baseline phase=measure iteration=4 lut_exp=0 qo_len=4 kv_len=4096 n_heads=12 n_kv_heads=2 head_dim=128 kv_head=1 worker=0 profiled_total=420 q_load=1 k_load=167 v_load=165 qk_dot=2 safe_sm=84 core_acc=0 o_scale=0 o_store=1
FIG8_ATTENTION_EVENT_COUNT mode=baseline qo_len=4 phase=measure iteration=4 events=16 max_events=3224 overflow=0
FIG8_ATTENTION_HOST_TIMING mode=baseline qo_len=4 kv_len=4096 n_heads=12 n_kv_heads=2 head_dim=128 phase=measure iteration=5 wait_policy=legacy wait_strategy=legacy-usleep50 host_cpu_requested=0 host_cpu_actual=0 cpu_role=low-capacity host_wall_us=1120 host_thread_cpu_us=109 wait_wall_us=1114 wait_thread_cpu_us=105 sleep_us=1110 spin_us=4 poll_count=8 predicted_us=0 prediction_error_us=0 output_hash=c50c94b789741948 ret=0
FIG8_ATTENTION_DISPATCH mode=baseline phase=measure iteration=5 mapping_us=7 validate_in_us=69 compute_us=996 validate_out_us=6 total_us=1078
FIG8_ATTENTION_PROFILE_COUNT mode=baseline qo_len=4 phase=measure iteration=5 records=2 max_records=10
FIG8_ATTENTION_TIMERS mode=baseline phase=measure iteration=5 lut_exp=0 qo_len=4 kv_len=4096 n_heads=12 n_kv_heads=2 head_dim=128 kv_head=0 worker=0 profiled_total=421 q_load=1 k_load=167 v_load=163 qk_dot=3 safe_sm=84 core_acc=1 o_scale=0 o_store=2
FIG8_ATTENTION_TIMERS mode=baseline phase=measure iteration=5 lut_exp=0 qo_len=4 kv_len=4096 n_heads=12 n_kv_heads=2 head_dim=128 kv_head=1 worker=0 profiled_total=425 q_load=1 k_load=171 v_load=166 qk_dot=2 safe_sm=84 core_acc=0 o_scale=0 o_store=1
FIG8_ATTENTION_EVENT_COUNT mode=baseline qo_len=4 phase=measure iteration=5 events=16 max_events=3224 overflow=0
FIG8_ATTENTION_HOST_TIMING mode=baseline qo_len=4 kv_len=4096 n_heads=12 n_kv_heads=2 head_dim=128 phase=measure iteration=6 wait_policy=legacy wait_strategy=legacy-usleep50 host_cpu_requested=0 host_cpu_actual=0 cpu_role=low-capacity host_wall_us=1158 host_thread_cpu_us=114 wait_wall_us=1149 wait_thread_cpu_us=110 sleep_us=1147 spin_us=2 poll_count=7 predicted_us=0 prediction_error_us=0 output_hash=c50c94b789741948 ret=0
FIG8_ATTENTION_DISPATCH mode=baseline phase=measure iteration=6 mapping_us=7 validate_in_us=69 compute_us=1004 validate_out_us=5 total_us=1085
FIG8_ATTENTION_PROFILE_COUNT mode=baseline qo_len=4 phase=measure iteration=6 records=2 max_records=10
FIG8_ATTENTION_TIMERS mode=baseline phase=measure iteration=6 lut_exp=0 qo_len=4 kv_len=4096 n_heads=12 n_kv_heads=2 head_dim=128 kv_head=0 worker=0 profiled_total=425 q_load=1 k_load=172 v_load=162 qk_dot=3 safe_sm=84 core_acc=1 o_scale=0 o_store=2
FIG8_ATTENTION_TIMERS mode=baseline phase=measure iteration=6 lut_exp=0 qo_len=4 kv_len=4096 n_heads=12 n_kv_heads=2 head_dim=128 kv_head=1 worker=0 profiled_total=429 q_load=1 k_load=179 v_load=162 qk_dot=2 safe_sm=84 core_acc=0 o_scale=0 o_store=1
FIG8_ATTENTION_EVENT_COUNT mode=baseline qo_len=4 phase=measure iteration=6 events=16 max_events=3224 overflow=0
FIG8_ATTENTION_HOST_TIMING mode=baseline qo_len=4 kv_len=4096 n_heads=12 n_kv_heads=2 head_dim=128 phase=measure iteration=7 wait_policy=legacy wait_strategy=legacy-usleep50 host_cpu_requested=0 host_cpu_actual=0 cpu_role=low-capacity host_wall_us=1201 host_thread_cpu_us=131 wait_wall_us=1195 wait_thread_cpu_us=126 sleep_us=1190 spin_us=5 poll_count=7 predicted_us=0 prediction_error_us=0 output_hash=c50c94b789741948 ret=0
FIG8_ATTENTION_DISPATCH mode=baseline phase=measure iteration=7 mapping_us=7 validate_in_us=69 compute_us=1002 validate_out_us=5 total_us=1083
FIG8_ATTENTION_PROFILE_COUNT mode=baseline qo_len=4 phase=measure iteration=7 records=2 max_records=10
FIG8_ATTENTION_TIMERS mode=baseline phase=measure iteration=7 lut_exp=0 qo_len=4 kv_len=4096 n_heads=12 n_kv_heads=2 head_dim=128 kv_head=0 worker=0 profiled_total=425 q_load=1 k_load=172 v_load=162 qk_dot=3 safe_sm=84 core_acc=1 o_scale=0 o_store=2
FIG8_ATTENTION_TIMERS mode=baseline phase=measure iteration=7 lut_exp=0 qo_len=4 kv_len=4096 n_heads=12 n_kv_heads=2 head_dim=128 kv_head=1 worker=0 profiled_total=430 q_load=1 k_load=179 v_load=163 qk_dot=2 safe_sm=84 core_acc=0 o_scale=0 o_store=1
FIG8_ATTENTION_EVENT_COUNT mode=baseline qo_len=4 phase=measure iteration=7 events=16 max_events=3224 overflow=0
FIG8_ATTENTION_HOST_TIMING mode=baseline qo_len=4 kv_len=4096 n_heads=12 n_kv_heads=2 head_dim=128 phase=measure iteration=8 wait_policy=legacy wait_strategy=legacy-usleep50 host_cpu_requested=0 host_cpu_actual=0 cpu_role=low-capacity host_wall_us=1107 host_thread_cpu_us=103 wait_wall_us=1100 wait_thread_cpu_us=99 sleep_us=1094 spin_us=6 poll_count=8 predicted_us=0 prediction_error_us=0 output_hash=c50c94b789741948 ret=0
FIG8_ATTENTION_DISPATCH mode=baseline phase=measure iteration=8 mapping_us=7 validate_in_us=69 compute_us=1003 validate_out_us=5 total_us=1084
FIG8_ATTENTION_PROFILE_COUNT mode=baseline qo_len=4 phase=measure iteration=8 records=2 max_records=10
FIG8_ATTENTION_TIMERS mode=baseline phase=measure iteration=8 lut_exp=0 qo_len=4 kv_len=4096 n_heads=12 n_kv_heads=2 head_dim=128 kv_head=0 worker=0 profiled_total=419 q_load=1 k_load=166 v_load=163 qk_dot=3 safe_sm=83 core_acc=1 o_scale=0 o_store=2
FIG8_ATTENTION_TIMERS mode=baseline phase=measure iteration=8 lut_exp=0 qo_len=4 kv_len=4096 n_heads=12 n_kv_heads=2 head_dim=128 kv_head=1 worker=0 profiled_total=435 q_load=1 k_load=179 v_load=168 qk_dot=2 safe_sm=83 core_acc=1 o_scale=0 o_store=1
FIG8_ATTENTION_EVENT_COUNT mode=baseline qo_len=4 phase=measure iteration=8 events=16 max_events=3224 overflow=0
FIG8_ATTENTION_HOST_TIMING mode=baseline qo_len=4 kv_len=4096 n_heads=12 n_kv_heads=2 head_dim=128 phase=measure iteration=9 wait_policy=legacy wait_strategy=legacy-usleep50 host_cpu_requested=0 host_cpu_actual=0 cpu_role=low-capacity host_wall_us=1165 host_thread_cpu_us=125 wait_wall_us=1158 wait_thread_cpu_us=119 sleep_us=1155 spin_us=3 poll_count=8 predicted_us=0 prediction_error_us=0 output_hash=c50c94b789741948 ret=0
FIG8_ATTENTION_DISPATCH mode=baseline phase=measure iteration=9 mapping_us=7 validate_in_us=69 compute_us=1003 validate_out_us=5 total_us=1084
FIG8_ATTENTION_PROFILE_COUNT mode=baseline qo_len=4 phase=measure iteration=9 records=2 max_records=10
FIG8_ATTENTION_TIMERS mode=baseline phase=measure iteration=9 lut_exp=0 qo_len=4 kv_len=4096 n_heads=12 n_kv_heads=2 head_dim=128 kv_head=0 worker=0 profiled_total=424 q_load=1 k_load=172 v_load=162 qk_dot=3 safe_sm=83 core_acc=1 o_scale=0 o_store=2
FIG8_ATTENTION_TIMERS mode=baseline phase=measure iteration=9 lut_exp=0 qo_len=4 kv_len=4096 n_heads=12 n_kv_heads=2 head_dim=128 kv_head=1 worker=0 profiled_total=431 q_load=1 k_load=179 v_load=163 qk_dot=2 safe_sm=84 core_acc=1 o_scale=0 o_store=1
FIG8_ATTENTION_EVENT_COUNT mode=baseline qo_len=4 phase=measure iteration=9 events=16 max_events=3224 overflow=0
FIG8_ATTENTION_HOST_TIMING mode=baseline qo_len=4 kv_len=4096 n_heads=12 n_kv_heads=2 head_dim=128 phase=measure iteration=10 wait_policy=legacy wait_strategy=legacy-usleep50 host_cpu_requested=0 host_cpu_actual=0 cpu_role=low-capacity host_wall_us=1099 host_thread_cpu_us=112 wait_wall_us=1093 wait_thread_cpu_us=108 sleep_us=1089 spin_us=4 poll_count=8 predicted_us=0 prediction_error_us=0 output_hash=c50c94b789741948 ret=0
FIG8_ATTENTION_DISPATCH mode=baseline phase=measure iteration=10 mapping_us=7 validate_in_us=68 compute_us=986 validate_out_us=6 total_us=1068
FIG8_ATTENTION_PROFILE_COUNT mode=baseline qo_len=4 phase=measure iteration=10 records=2 max_records=10
FIG8_ATTENTION_TIMERS mode=baseline phase=measure iteration=10 lut_exp=0 qo_len=4 kv_len=4096 n_heads=12 n_kv_heads=2 head_dim=128 kv_head=0 worker=0 profiled_total=423 q_load=1 k_load=171 v_load=161 qk_dot=3 safe_sm=84 core_acc=1 o_scale=0 o_store=2
FIG8_ATTENTION_TIMERS mode=baseline phase=measure iteration=10 lut_exp=0 qo_len=4 kv_len=4096 n_heads=12 n_kv_heads=2 head_dim=128 kv_head=1 worker=0 profiled_total=412 q_load=1 k_load=163 v_load=162 qk_dot=2 safe_sm=83 core_acc=0 o_scale=0 o_store=1
FIG8_ATTENTION_EVENT_COUNT mode=baseline qo_len=4 phase=measure iteration=10 events=16 max_events=3224 overflow=0
FIG8_ATTENTION_HOST_TIMING mode=baseline qo_len=4 kv_len=4096 n_heads=12 n_kv_heads=2 head_dim=128 phase=measure iteration=11 wait_policy=legacy wait_strategy=legacy-usleep50 host_cpu_requested=0 host_cpu_actual=0 cpu_role=low-capacity host_wall_us=1216 host_thread_cpu_us=115 wait_wall_us=1210 wait_thread_cpu_us=111 sleep_us=1205 spin_us=5 poll_count=9 predicted_us=0 prediction_error_us=0 output_hash=c50c94b789741948 ret=0
FIG8_ATTENTION_DISPATCH mode=baseline phase=measure iteration=11 mapping_us=6 validate_in_us=68 compute_us=1005 validate_out_us=5 total_us=1085
FIG8_ATTENTION_PROFILE_COUNT mode=baseline qo_len=4 phase=measure iteration=11 records=2 max_records=10
FIG8_ATTENTION_TIMERS mode=baseline phase=measure iteration=11 lut_exp=0 qo_len=4 kv_len=4096 n_heads=12 n_kv_heads=2 head_dim=128 kv_head=0 worker=0 profiled_total=424 q_load=1 k_load=170 v_load=164 qk_dot=3 safe_sm=83 core_acc=1 o_scale=0 o_store=2
FIG8_ATTENTION_TIMERS mode=baseline phase=measure iteration=11 lut_exp=0 qo_len=4 kv_len=4096 n_heads=12 n_kv_heads=2 head_dim=128 kv_head=1 worker=0 profiled_total=432 q_load=1 k_load=179 v_load=165 qk_dot=2 safe_sm=83 core_acc=1 o_scale=0 o_store=1
FIG8_ATTENTION_EVENT_COUNT mode=baseline qo_len=4 phase=measure iteration=11 events=16 max_events=3224 overflow=0
FIG8_ATTENTION_HOST_TIMING mode=baseline qo_len=4 kv_len=4096 n_heads=12 n_kv_heads=2 head_dim=128 phase=measure iteration=12 wait_policy=legacy wait_strategy=legacy-usleep50 host_cpu_requested=0 host_cpu_actual=0 cpu_role=low-capacity host_wall_us=1214 host_thread_cpu_us=108 wait_wall_us=1207 wait_thread_cpu_us=105 sleep_us=1203 spin_us=4 poll_count=9 predicted_us=0 prediction_error_us=0 output_hash=c50c94b789741948 ret=0
FIG8_ATTENTION_DISPATCH mode=baseline phase=measure iteration=12 mapping_us=7 validate_in_us=69 compute_us=1009 validate_out_us=5 total_us=1090
FIG8_ATTENTION_PROFILE_COUNT mode=baseline qo_len=4 phase=measure iteration=12 records=2 max_records=10
FIG8_ATTENTION_TIMERS mode=baseline phase=measure iteration=12 lut_exp=0 qo_len=4 kv_len=4096 n_heads=12 n_kv_heads=2 head_dim=128 kv_head=0 worker=0 profiled_total=421 q_load=1 k_load=171 v_load=160 qk_dot=3 safe_sm=82 core_acc=2 o_scale=0 o_store=2
FIG8_ATTENTION_TIMERS mode=baseline phase=measure iteration=12 lut_exp=0 qo_len=4 kv_len=4096 n_heads=12 n_kv_heads=2 head_dim=128 kv_head=1 worker=0 profiled_total=439 q_load=1 k_load=185 v_load=167 qk_dot=2 safe_sm=83 core_acc=0 o_scale=0 o_store=1
FIG8_ATTENTION_EVENT_COUNT mode=baseline qo_len=4 phase=measure iteration=12 events=16 max_events=3224 overflow=0
FIG8_ATTENTION_HOST_TIMING mode=baseline qo_len=4 kv_len=4096 n_heads=12 n_kv_heads=2 head_dim=128 phase=measure iteration=13 wait_policy=legacy wait_strategy=legacy-usleep50 host_cpu_requested=0 host_cpu_actual=0 cpu_role=low-capacity host_wall_us=1174 host_thread_cpu_us=107 wait_wall_us=1167 wait_thread_cpu_us=104 sleep_us=1164 spin_us=3 poll_count=8 predicted_us=0 prediction_error_us=0 output_hash=c50c94b789741948 ret=0
FIG8_ATTENTION_DISPATCH mode=baseline phase=measure iteration=13 mapping_us=7 validate_in_us=69 compute_us=1003 validate_out_us=5 total_us=1084
FIG8_ATTENTION_PROFILE_COUNT mode=baseline qo_len=4 phase=measure iteration=13 records=2 max_records=10
FIG8_ATTENTION_TIMERS mode=baseline phase=measure iteration=13 lut_exp=0 qo_len=4 kv_len=4096 n_heads=12 n_kv_heads=2 head_dim=128 kv_head=0 worker=0 profiled_total=424 q_load=1 k_load=172 v_load=161 qk_dot=3 safe_sm=83 core_acc=2 o_scale=0 o_store=2
FIG8_ATTENTION_TIMERS mode=baseline phase=measure iteration=13 lut_exp=0 qo_len=4 kv_len=4096 n_heads=12 n_kv_heads=2 head_dim=128 kv_head=1 worker=0 profiled_total=428 q_load=1 k_load=179 v_load=162 qk_dot=2 safe_sm=83 core_acc=0 o_scale=0 o_store=1
FIG8_ATTENTION_EVENT_COUNT mode=baseline qo_len=4 phase=measure iteration=13 events=16 max_events=3224 overflow=0
FIG8_ATTENTION_HOST_TIMING mode=baseline qo_len=4 kv_len=4096 n_heads=12 n_kv_heads=2 head_dim=128 phase=measure iteration=14 wait_policy=legacy wait_strategy=legacy-usleep50 host_cpu_requested=0 host_cpu_actual=0 cpu_role=low-capacity host_wall_us=1204 host_thread_cpu_us=113 wait_wall_us=1198 wait_thread_cpu_us=109 sleep_us=1195 spin_us=3 poll_count=9 predicted_us=0 prediction_error_us=0 output_hash=c50c94b789741948 ret=0
FIG8_ATTENTION_DISPATCH mode=baseline phase=measure iteration=14 mapping_us=7 validate_in_us=68 compute_us=1007 validate_out_us=5 total_us=1088
FIG8_ATTENTION_PROFILE_COUNT mode=baseline qo_len=4 phase=measure iteration=14 records=2 max_records=10
FIG8_ATTENTION_TIMERS mode=baseline phase=measure iteration=14 lut_exp=0 qo_len=4 kv_len=4096 n_heads=12 n_kv_heads=2 head_dim=128 kv_head=0 worker=0 profiled_total=421 q_load=1 k_load=170 v_load=160 qk_dot=3 safe_sm=83 core_acc=2 o_scale=0 o_store=2
FIG8_ATTENTION_TIMERS mode=baseline phase=measure iteration=14 lut_exp=0 qo_len=4 kv_len=4096 n_heads=12 n_kv_heads=2 head_dim=128 kv_head=1 worker=0 profiled_total=435 q_load=1 k_load=178 v_load=170 qk_dot=2 safe_sm=82 core_acc=1 o_scale=0 o_store=1
FIG8_ATTENTION_EVENT_COUNT mode=baseline qo_len=4 phase=measure iteration=14 events=16 max_events=3224 overflow=0
FIG8_ATTENTION_HOST_TIMING mode=baseline qo_len=4 kv_len=4096 n_heads=12 n_kv_heads=2 head_dim=128 phase=measure iteration=15 wait_policy=legacy wait_strategy=legacy-usleep50 host_cpu_requested=0 host_cpu_actual=0 cpu_role=low-capacity host_wall_us=1206 host_thread_cpu_us=116 wait_wall_us=1200 wait_thread_cpu_us=112 sleep_us=1195 spin_us=5 poll_count=9 predicted_us=0 prediction_error_us=0 output_hash=c50c94b789741948 ret=0
FIG8_ATTENTION_DISPATCH mode=baseline phase=measure iteration=15 mapping_us=7 validate_in_us=69 compute_us=1003 validate_out_us=5 total_us=1084
FIG8_ATTENTION_PROFILE_COUNT mode=baseline qo_len=4 phase=measure iteration=15 records=2 max_records=10
FIG8_ATTENTION_TIMERS mode=baseline phase=measure iteration=15 lut_exp=0 qo_len=4 kv_len=4096 n_heads=12 n_kv_heads=2 head_dim=128 kv_head=0 worker=0 profiled_total=425 q_load=1 k_load=173 v_load=162 qk_dot=3 safe_sm=83 core_acc=1 o_scale=0 o_store=2
FIG8_ATTENTION_TIMERS mode=baseline phase=measure iteration=15 lut_exp=0 qo_len=4 kv_len=4096 n_heads=12 n_kv_heads=2 head_dim=128 kv_head=1 worker=0 profiled_total=428 q_load=1 k_load=179 v_load=161 qk_dot=2 safe_sm=83 core_acc=1 o_scale=0 o_store=1
FIG8_ATTENTION_EVENT_COUNT mode=baseline qo_len=4 phase=measure iteration=15 events=16 max_events=3224 overflow=0
FIG8_ATTENTION_HOST_TIMING mode=baseline qo_len=4 kv_len=4096 n_heads=12 n_kv_heads=2 head_dim=128 phase=measure iteration=16 wait_policy=legacy wait_strategy=legacy-usleep50 host_cpu_requested=0 host_cpu_actual=0 cpu_role=low-capacity host_wall_us=1178 host_thread_cpu_us=136 wait_wall_us=1172 wait_thread_cpu_us=132 sleep_us=1168 spin_us=4 poll_count=9 predicted_us=0 prediction_error_us=0 output_hash=c50c94b789741948 ret=0
FIG8_ATTENTION_DISPATCH mode=baseline phase=measure iteration=16 mapping_us=7 validate_in_us=68 compute_us=1001 validate_out_us=5 total_us=1081
FIG8_ATTENTION_PROFILE_COUNT mode=baseline qo_len=4 phase=measure iteration=16 records=2 max_records=10
FIG8_ATTENTION_TIMERS mode=baseline phase=measure iteration=16 lut_exp=0 qo_len=4 kv_len=4096 n_heads=12 n_kv_heads=2 head_dim=128 kv_head=0 worker=0 profiled_total=424 q_load=1 k_load=174 v_load=161 qk_dot=3 safe_sm=82 core_acc=1 o_scale=0 o_store=2
FIG8_ATTENTION_TIMERS mode=baseline phase=measure iteration=16 lut_exp=0 qo_len=4 kv_len=4096 n_heads=12 n_kv_heads=2 head_dim=128 kv_head=1 worker=0 profiled_total=426 q_load=1 k_load=178 v_load=161 qk_dot=2 safe_sm=83 core_acc=0 o_scale=0 o_store=1
FIG8_ATTENTION_EVENT_COUNT mode=baseline qo_len=4 phase=measure iteration=16 events=16 max_events=3224 overflow=0
FIG8_ATTENTION_HOST_TIMING mode=baseline qo_len=4 kv_len=4096 n_heads=12 n_kv_heads=2 head_dim=128 phase=measure iteration=17 wait_policy=legacy wait_strategy=legacy-usleep50 host_cpu_requested=0 host_cpu_actual=0 cpu_role=low-capacity host_wall_us=1176 host_thread_cpu_us=114 wait_wall_us=1170 wait_thread_cpu_us=110 sleep_us=1163 spin_us=7 poll_count=9 predicted_us=0 prediction_error_us=0 output_hash=c50c94b789741948 ret=0
FIG8_ATTENTION_DISPATCH mode=baseline phase=measure iteration=17 mapping_us=7 validate_in_us=68 compute_us=1013 validate_out_us=5 total_us=1094
FIG8_ATTENTION_PROFILE_COUNT mode=baseline qo_len=4 phase=measure iteration=17 records=2 max_records=10
FIG8_ATTENTION_TIMERS mode=baseline phase=measure iteration=17 lut_exp=0 qo_len=4 kv_len=4096 n_heads=12 n_kv_heads=2 head_dim=128 kv_head=0 worker=0 profiled_total=426 q_load=1 k_load=174 v_load=162 qk_dot=3 safe_sm=83 core_acc=1 o_scale=0 o_store=2
FIG8_ATTENTION_TIMERS mode=baseline phase=measure iteration=17 lut_exp=0 qo_len=4 kv_len=4096 n_heads=12 n_kv_heads=2 head_dim=128 kv_head=1 worker=0 profiled_total=436 q_load=1 k_load=181 v_load=167 qk_dot=2 safe_sm=83 core_acc=1 o_scale=0 o_store=1
FIG8_ATTENTION_EVENT_COUNT mode=baseline qo_len=4 phase=measure iteration=17 events=16 max_events=3224 overflow=0
FIG8_ATTENTION_HOST_TIMING mode=baseline qo_len=4 kv_len=4096 n_heads=12 n_kv_heads=2 head_dim=128 phase=measure iteration=18 wait_policy=legacy wait_strategy=legacy-usleep50 host_cpu_requested=0 host_cpu_actual=0 cpu_role=low-capacity host_wall_us=1208 host_thread_cpu_us=113 wait_wall_us=1202 wait_thread_cpu_us=109 sleep_us=1198 spin_us=4 poll_count=8 predicted_us=0 prediction_error_us=0 output_hash=c50c94b789741948 ret=0
FIG8_ATTENTION_DISPATCH mode=baseline phase=measure iteration=18 mapping_us=7 validate_in_us=69 compute_us=1002 validate_out_us=5 total_us=1083
FIG8_ATTENTION_PROFILE_COUNT mode=baseline qo_len=4 phase=measure iteration=18 records=2 max_records=10
FIG8_ATTENTION_TIMERS mode=baseline phase=measure iteration=18 lut_exp=0 qo_len=4 kv_len=4096 n_heads=12 n_kv_heads=2 head_dim=128 kv_head=0 worker=0 profiled_total=420 q_load=1 k_load=170 v_load=160 qk_dot=3 safe_sm=83 core_acc=1 o_scale=0 o_store=2
FIG8_ATTENTION_TIMERS mode=baseline phase=measure iteration=18 lut_exp=0 qo_len=4 kv_len=4096 n_heads=12 n_kv_heads=2 head_dim=128 kv_head=1 worker=0 profiled_total=433 q_load=1 k_load=176 v_load=170 qk_dot=2 safe_sm=82 core_acc=1 o_scale=0 o_store=1
FIG8_ATTENTION_EVENT_COUNT mode=baseline qo_len=4 phase=measure iteration=18 events=16 max_events=3224 overflow=0
FIG8_ATTENTION_HOST_TIMING mode=baseline qo_len=4 kv_len=4096 n_heads=12 n_kv_heads=2 head_dim=128 phase=measure iteration=19 wait_policy=legacy wait_strategy=legacy-usleep50 host_cpu_requested=0 host_cpu_actual=0 cpu_role=low-capacity host_wall_us=1104 host_thread_cpu_us=105 wait_wall_us=1097 wait_thread_cpu_us=101 sleep_us=1095 spin_us=2 poll_count=8 predicted_us=0 prediction_error_us=0 output_hash=c50c94b789741948 ret=0
FIG8_ATTENTION_DISPATCH mode=baseline phase=measure iteration=19 mapping_us=7 validate_in_us=69 compute_us=1009 validate_out_us=5 total_us=1090
FIG8_ATTENTION_PROFILE_COUNT mode=baseline qo_len=4 phase=measure iteration=19 records=2 max_records=10
FIG8_ATTENTION_TIMERS mode=baseline phase=measure iteration=19 lut_exp=0 qo_len=4 kv_len=4096 n_heads=12 n_kv_heads=2 head_dim=128 kv_head=0 worker=0 profiled_total=425 q_load=1 k_load=169 v_load=166 qk_dot=3 safe_sm=83 core_acc=1 o_scale=0 o_store=2
FIG8_ATTENTION_TIMERS mode=baseline phase=measure iteration=19 lut_exp=0 qo_len=4 kv_len=4096 n_heads=12 n_kv_heads=2 head_dim=128 kv_head=1 worker=0 profiled_total=434 q_load=1 k_load=186 v_load=161 qk_dot=2 safe_sm=82 core_acc=1 o_scale=0 o_store=1
FIG8_ATTENTION_EVENT_COUNT mode=baseline qo_len=4 phase=measure iteration=19 events=16 max_events=3224 overflow=0
