FIG8_CPU_TOPOLOGY cpu=0 allowed=1 max_freq_khz=3532800 capacity=792 role=low-capacity
FIG8_CPU_TOPOLOGY cpu=1 allowed=1 max_freq_khz=3532800 capacity=792 role=low-capacity
FIG8_CPU_TOPOLOGY cpu=2 allowed=1 max_freq_khz=3532800 capacity=792 role=low-capacity
FIG8_CPU_TOPOLOGY cpu=3 allowed=1 max_freq_khz=3532800 capacity=792 role=low-capacity
FIG8_CPU_TOPOLOGY cpu=4 allowed=1 max_freq_khz=3532800 capacity=792 role=low-capacity
FIG8_CPU_TOPOLOGY cpu=5 allowed=1 max_freq_khz=3532800 capacity=792 role=low-capacity
FIG8_CPU_TOPOLOGY cpu=6 allowed=1 max_freq_khz=4320000 capacity=1024 role=high-capacity
FIG8_CPU_TOPOLOGY cpu=7 allowed=1 max_freq_khz=4320000 capacity=1024 role=high-capacity
FIG8_ATTENTION_CONFIG mode=baseline mask_mode=full qo_len=32 kv_len=4096 n_heads=12 n_kv_heads=2 head_dim=128 warmup=5 iters=20 q_size=196608 kv_size=2097152 mask_size=262144 profile_size=1793664 profile_max_records=10 profile_max_events=24896 mode_flags=0 print_events=0 wait_policy=spin host_cpu=0 cpu_role=low-capacity host_sync_calibration=20 descriptor_prepare_us=1 persistent_rpcmem=1 persistent_channel=1 persistent_dsp_maps=1
FIG8_SYNC_CALIBRATION requested_policy=spin iteration=0 effective_strategy=calibration-legacy wait_wall_us=2320 thread_cpu_us=163 sleep_us=2311 spin_us=9 poll_count=18 dsp_dispatch_total_us=2296
FIG8_SYNC_CALIBRATION requested_policy=spin iteration=1 effective_strategy=calibration-legacy wait_wall_us=2350 thread_cpu_us=124 sleep_us=2341 spin_us=9 poll_count=19 dsp_dispatch_total_us=2227
FIG8_SYNC_CALIBRATION requested_policy=spin iteration=2 effective_strategy=calibration-legacy wait_wall_us=2258 thread_cpu_us=100 sleep_us=2252 spin_us=6 poll_count=19 dsp_dispatch_total_us=2183
FIG8_SYNC_CALIBRATION requested_policy=spin iteration=3 effective_strategy=calibration-legacy wait_wall_us=2251 thread_cpu_us=105 sleep_us=2246 spin_us=5 poll_count=19 dsp_dispatch_total_us=2212
FIG8_SYNC_CALIBRATION requested_policy=spin iteration=4 effective_strategy=calibration-legacy wait_wall_us=2347 thread_cpu_us=107 sleep_us=2340 spin_us=7 poll_count=20 dsp_dispatch_total_us=2223
FIG8_SYNC_CALIBRATION requested_policy=spin iteration=5 effective_strategy=calibration-legacy wait_wall_us=2260 thread_cpu_us=95 sleep_us=2254 spin_us=6 poll_count=19 dsp_dispatch_total_us=2220
FIG8_SYNC_CALIBRATION requested_policy=spin iteration=6 effective_strategy=calibration-legacy wait_wall_us=2238 thread_cpu_us=88 sleep_us=2233 spin_us=5 poll_count=19 dsp_dispatch_total_us=2219
FIG8_SYNC_CALIBRATION requested_policy=spin iteration=7 effective_strategy=calibration-legacy wait_wall_us=2338 thread_cpu_us=103 sleep_us=2333 spin_us=5 poll_count=20 dsp_dispatch_total_us=2227
FIG8_SYNC_CALIBRATION requested_policy=spin iteration=8 effective_strategy=calibration-legacy wait_wall_us=2266 thread_cpu_us=126 sleep_us=2259 spin_us=7 poll_count=18 dsp_dispatch_total_us=2221
FIG8_SYNC_CALIBRATION requested_policy=spin iteration=9 effective_strategy=calibration-legacy wait_wall_us=2313 thread_cpu_us=169 sleep_us=2304 spin_us=9 poll_count=17 dsp_dispatch_total_us=2265
FIG8_SYNC_CALIBRATION requested_policy=spin iteration=10 effective_strategy=calibration-legacy wait_wall_us=2399 thread_cpu_us=164 sleep_us=2390 spin_us=9 poll_count=18 dsp_dispatch_total_us=2263
FIG8_SYNC_CALIBRATION requested_policy=spin iteration=11 effective_strategy=calibration-legacy wait_wall_us=2370 thread_cpu_us=182 sleep_us=2363 spin_us=7 poll_count=18 dsp_dispatch_total_us=2249
FIG8_SYNC_CALIBRATION requested_policy=spin iteration=12 effective_strategy=calibration-legacy wait_wall_us=2282 thread_cpu_us=178 sleep_us=2275 spin_us=7 poll_count=17 dsp_dispatch_total_us=2238
FIG8_SYNC_CALIBRATION requested_policy=spin iteration=13 effective_strategy=calibration-legacy wait_wall_us=2340 thread_cpu_us=165 sleep_us=2332 spin_us=8 poll_count=18 dsp_dispatch_total_us=2271
FIG8_SYNC_CALIBRATION requested_policy=spin iteration=14 effective_strategy=calibration-legacy wait_wall_us=2422 thread_cpu_us=187 sleep_us=2410 spin_us=12 poll_count=18 dsp_dispatch_total_us=2256
FIG8_SYNC_CALIBRATION requested_policy=spin iteration=15 effective_strategy=calibration-legacy wait_wall_us=2340 thread_cpu_us=187 sleep_us=2335 spin_us=5 poll_count=18 dsp_dispatch_total_us=2269
FIG8_SYNC_CALIBRATION requested_policy=spin iteration=16 effective_strategy=calibration-legacy wait_wall_us=2266 thread_cpu_us=179 sleep_us=2258 spin_us=8 poll_count=17 dsp_dispatch_total_us=2256
FIG8_SYNC_CALIBRATION requested_policy=spin iteration=17 effective_strategy=calibration-legacy wait_wall_us=2363 thread_cpu_us=136 sleep_us=2353 spin_us=10 poll_count=18 dsp_dispatch_total_us=2257
FIG8_SYNC_CALIBRATION requested_policy=spin iteration=18 effective_strategy=calibration-legacy wait_wall_us=2273 thread_cpu_us=146 sleep_us=2265 spin_us=8 poll_count=18 dsp_dispatch_total_us=2252
FIG8_SYNC_CALIBRATION requested_policy=spin iteration=19 effective_strategy=calibration-legacy wait_wall_us=2241 thread_cpu_us=63 sleep_us=2235 spin_us=6 poll_count=20 dsp_dispatch_total_us=2146
FIG8_ATTENTION_HOST_TIMING mode=baseline qo_len=32 kv_len=4096 n_heads=12 n_kv_heads=2 head_dim=128 phase=warmup iteration=0 wait_policy=spin wait_strategy=spin host_cpu_requested=0 host_cpu_actual=0 cpu_role=low-capacity host_wall_us=2072 host_thread_cpu_us=1987 wait_wall_us=2069 wait_thread_cpu_us=1985 sleep_us=0 spin_us=2069 poll_count=382901 predicted_us=0 prediction_error_us=0 output_hash=23e201cc6e23589a ret=0
FIG8_ATTENTION_DISPATCH mode=baseline phase=warmup iteration=0 mapping_us=8 validate_in_us=75 compute_us=1943 validate_out_us=33 total_us=2060
FIG8_ATTENTION_PROFILE_COUNT mode=baseline qo_len=32 phase=warmup iteration=0 records=2 max_records=10
FIG8_ATTENTION_TIMERS mode=baseline phase=warmup iteration=0 lut_exp=0 qo_len=32 kv_len=4096 n_heads=12 n_kv_heads=2 head_dim=128 kv_head=0 worker=0 profiled_total=884 q_load=9 k_load=142 v_load=130 qk_dot=12 safe_sm=567 core_acc=12 o_scale=1 o_store=11
FIG8_ATTENTION_TIMERS mode=baseline phase=warmup iteration=0 lut_exp=0 qo_len=32 kv_len=4096 n_heads=12 n_kv_heads=2 head_dim=128 kv_head=1 worker=0 profiled_total=880 q_load=8 k_load=154 v_load=132 qk_dot=12 safe_sm=552 core_acc=11 o_scale=1 o_store=10
FIG8_ATTENTION_EVENT_COUNT mode=baseline qo_len=32 phase=warmup iteration=0 events=16 max_events=24896 overflow=0
FIG8_ATTENTION_HOST_TIMING mode=baseline qo_len=32 kv_len=4096 n_heads=12 n_kv_heads=2 head_dim=128 phase=warmup iteration=1 wait_policy=spin wait_strategy=spin host_cpu_requested=0 host_cpu_actual=0 cpu_role=low-capacity host_wall_us=2199 host_thread_cpu_us=2080 wait_wall_us=2069 wait_thread_cpu_us=2068 sleep_us=0 spin_us=2069 poll_count=400680 predicted_us=0 prediction_error_us=0 output_hash=23e201cc6e23589a ret=0
FIG8_ATTENTION_DISPATCH mode=baseline phase=warmup iteration=1 mapping_us=9 validate_in_us=75 compute_us=1941 validate_out_us=34 total_us=2059
FIG8_ATTENTION_PROFILE_COUNT mode=baseline qo_len=32 phase=warmup iteration=1 records=2 max_records=10
FIG8_ATTENTION_TIMERS mode=baseline phase=warmup iteration=1 lut_exp=0 qo_len=32 kv_len=4096 n_heads=12 n_kv_heads=2 head_dim=128 kv_head=0 worker=0 profiled_total=881 q_load=9 k_load=142 v_load=129 qk_dot=12 safe_sm=565 core_acc=12 o_scale=1 o_store=11
FIG8_ATTENTION_TIMERS mode=baseline phase=warmup iteration=1 lut_exp=0 qo_len=32 kv_len=4096 n_heads=12 n_kv_heads=2 head_dim=128 kv_head=1 worker=0 profiled_total=883 q_load=8 k_load=155 v_load=132 qk_dot=12 safe_sm=554 core_acc=11 o_scale=1 o_store=10
FIG8_ATTENTION_EVENT_COUNT mode=baseline qo_len=32 phase=warmup iteration=1 events=16 max_events=24896 overflow=0
FIG8_ATTENTION_HOST_TIMING mode=baseline qo_len=32 kv_len=4096 n_heads=12 n_kv_heads=2 head_dim=128 phase=warmup iteration=2 wait_policy=spin wait_strategy=spin host_cpu_requested=0 host_cpu_actual=0 cpu_role=low-capacity host_wall_us=2114 host_thread_cpu_us=2071 wait_wall_us=2110 wait_thread_cpu_us=2069 sleep_us=0 spin_us=2110 poll_count=281358 predicted_us=0 prediction_error_us=0 output_hash=23e201cc6e23589a ret=0
FIG8_ATTENTION_DISPATCH mode=baseline phase=warmup iteration=2 mapping_us=8 validate_in_us=75 compute_us=1983 validate_out_us=33 total_us=2100
FIG8_ATTENTION_PROFILE_COUNT mode=baseline qo_len=32 phase=warmup iteration=2 records=2 max_records=10
FIG8_ATTENTION_TIMERS mode=baseline phase=warmup iteration=2 lut_exp=0 qo_len=32 kv_len=4096 n_heads=12 n_kv_heads=2 head_dim=128 kv_head=0 worker=0 profiled_total=902 q_load=8 k_load=150 v_load=137 qk_dot=12 safe_sm=571 core_acc=12 o_scale=1 o_store=11
FIG8_ATTENTION_TIMERS mode=baseline phase=warmup iteration=2 lut_exp=0 qo_len=32 kv_len=4096 n_heads=12 n_kv_heads=2 head_dim=128 kv_head=1 worker=0 profiled_total=901 q_load=8 k_load=164 v_load=137 qk_dot=12 safe_sm=558 core_acc=11 o_scale=1 o_store=10
FIG8_ATTENTION_EVENT_COUNT mode=baseline qo_len=32 phase=warmup iteration=2 events=16 max_events=24896 overflow=0
FIG8_ATTENTION_HOST_TIMING mode=baseline qo_len=32 kv_len=4096 n_heads=12 n_kv_heads=2 head_dim=128 phase=warmup iteration=3 wait_policy=spin wait_strategy=spin host_cpu_requested=0 host_cpu_actual=0 cpu_role=low-capacity host_wall_us=2115 host_thread_cpu_us=2072 wait_wall_us=2111 wait_thread_cpu_us=2070 sleep_us=0 spin_us=2111 poll_count=281535 predicted_us=0 prediction_error_us=0 output_hash=23e201cc6e23589a ret=0
FIG8_ATTENTION_DISPATCH mode=baseline phase=warmup iteration=3 mapping_us=8 validate_in_us=75 compute_us=1984 validate_out_us=33 total_us=2101
FIG8_ATTENTION_PROFILE_COUNT mode=baseline qo_len=32 phase=warmup iteration=3 records=2 max_records=10
FIG8_ATTENTION_TIMERS mode=baseline phase=warmup iteration=3 lut_exp=0 qo_len=32 kv_len=4096 n_heads=12 n_kv_heads=2 head_dim=128 kv_head=0 worker=0 profiled_total=901 q_load=9 k_load=149 v_load=137 qk_dot=12 safe_sm=570 core_acc=12 o_scale=1 o_store=11
FIG8_ATTENTION_TIMERS mode=baseline phase=warmup iteration=3 lut_exp=0 qo_len=32 kv_len=4096 n_heads=12 n_kv_heads=2 head_dim=128 kv_head=1 worker=0 profiled_total=903 q_load=8 k_load=164 v_load=137 qk_dot=12 safe_sm=560 core_acc=11 o_scale=1 o_store=10
FIG8_ATTENTION_EVENT_COUNT mode=baseline qo_len=32 phase=warmup iteration=3 events=16 max_events=24896 overflow=0
FIG8_ATTENTION_HOST_TIMING mode=baseline qo_len=32 kv_len=4096 n_heads=12 n_kv_heads=2 head_dim=128 phase=warmup iteration=4 wait_policy=spin wait_strategy=spin host_cpu_requested=0 host_cpu_actual=0 cpu_role=low-capacity host_wall_us=2106 host_thread_cpu_us=2027 wait_wall_us=2103 wait_thread_cpu_us=2025 sleep_us=0 spin_us=2103 poll_count=274508 predicted_us=0 prediction_error_us=0 output_hash=23e201cc6e23589a ret=0
FIG8_ATTENTION_DISPATCH mode=baseline phase=warmup iteration=4 mapping_us=10 validate_in_us=75 compute_us=1975 validate_out_us=33 total_us=2093
FIG8_ATTENTION_PROFILE_COUNT mode=baseline qo_len=32 phase=warmup iteration=4 records=2 max_records=10
FIG8_ATTENTION_TIMERS mode=baseline phase=warmup iteration=4 lut_exp=0 qo_len=32 kv_len=4096 n_heads=12 n_kv_heads=2 head_dim=128 kv_head=0 worker=0 profiled_total=896 q_load=8 k_load=148 v_load=137 qk_dot=12 safe_sm=569 core_acc=11 o_scale=1 o_store=10
FIG8_ATTENTION_TIMERS mode=baseline phase=warmup iteration=4 lut_exp=0 qo_len=32 kv_len=4096 n_heads=12 n_kv_heads=2 head_dim=128 kv_head=1 worker=0 profiled_total=902 q_load=8 k_load=163 v_load=137 qk_dot=12 safe_sm=560 core_acc=11 o_scale=1 o_store=10
FIG8_ATTENTION_EVENT_COUNT mode=baseline qo_len=32 phase=warmup iteration=4 events=16 max_events=24896 overflow=0
FIG8_ATTENTION_HOST_TIMING mode=baseline qo_len=32 kv_len=4096 n_heads=12 n_kv_heads=2 head_dim=128 phase=measure iteration=0 wait_policy=spin wait_strategy=spin host_cpu_requested=0 host_cpu_actual=0 cpu_role=low-capacity host_wall_us=2117 host_thread_cpu_us=2066 wait_wall_us=2114 wait_thread_cpu_us=2063 sleep_us=0 spin_us=2114 poll_count=280254 predicted_us=0 prediction_error_us=0 output_hash=23e201cc6e23589a ret=0
FIG8_ATTENTION_DISPATCH mode=baseline phase=measure iteration=0 mapping_us=9 validate_in_us=76 compute_us=1985 validate_out_us=34 total_us=2104
FIG8_ATTENTION_PROFILE_COUNT mode=baseline qo_len=32 phase=measure iteration=0 records=2 max_records=10
FIG8_ATTENTION_TIMERS mode=baseline phase=measure iteration=0 lut_exp=0 qo_len=32 kv_len=4096 n_heads=12 n_kv_heads=2 head_dim=128 kv_head=0 worker=0 profiled_total=901 q_load=9 k_load=149 v_load=137 qk_dot=12 safe_sm=571 core_acc=11 o_scale=1 o_store=11
FIG8_ATTENTION_TIMERS mode=baseline phase=measure iteration=0 lut_exp=0 qo_len=32 kv_len=4096 n_heads=12 n_kv_heads=2 head_dim=128 kv_head=1 worker=0 profiled_total=901 q_load=8 k_load=164 v_load=137 qk_dot=12 safe_sm=558 core_acc=11 o_scale=1 o_store=10
FIG8_ATTENTION_EVENT_COUNT mode=baseline qo_len=32 phase=measure iteration=0 events=16 max_events=24896 overflow=0
FIG8_ATTENTION_HOST_TIMING mode=baseline qo_len=32 kv_len=4096 n_heads=12 n_kv_heads=2 head_dim=128 phase=measure iteration=1 wait_policy=spin wait_strategy=spin host_cpu_requested=0 host_cpu_actual=0 cpu_role=low-capacity host_wall_us=2063 host_thread_cpu_us=1943 wait_wall_us=2060 wait_thread_cpu_us=1941 sleep_us=0 spin_us=2060 poll_count=385456 predicted_us=0 prediction_error_us=0 output_hash=23e201cc6e23589a ret=0
FIG8_ATTENTION_DISPATCH mode=baseline phase=measure iteration=1 mapping_us=9 validate_in_us=75 compute_us=1932 validate_out_us=33 total_us=2050
FIG8_ATTENTION_PROFILE_COUNT mode=baseline qo_len=32 phase=measure iteration=1 records=2 max_records=10
FIG8_ATTENTION_TIMERS mode=baseline phase=measure iteration=1 lut_exp=0 qo_len=32 kv_len=4096 n_heads=12 n_kv_heads=2 head_dim=128 kv_head=0 worker=0 profiled_total=878 q_load=8 k_load=140 v_load=128 qk_dot=12 safe_sm=566 core_acc=12 o_scale=1 o_store=11
FIG8_ATTENTION_TIMERS mode=baseline phase=measure iteration=1 lut_exp=0 qo_len=32 kv_len=4096 n_heads=12 n_kv_heads=2 head_dim=128 kv_head=1 worker=0 profiled_total=877 q_load=8 k_load=152 v_load=129 qk_dot=12 safe_sm=554 core_acc=11 o_scale=1 o_store=10
FIG8_ATTENTION_EVENT_COUNT mode=baseline qo_len=32 phase=measure iteration=1 events=16 max_events=24896 overflow=0
FIG8_ATTENTION_HOST_TIMING mode=baseline qo_len=32 kv_len=4096 n_heads=12 n_kv_heads=2 head_dim=128 phase=measure iteration=2 wait_policy=spin wait_strategy=spin host_cpu_requested=0 host_cpu_actual=0 cpu_role=low-capacity host_wall_us=2066 host_thread_cpu_us=2022 wait_wall_us=2062 wait_thread_cpu_us=2020 sleep_us=0 spin_us=2062 poll_count=390145 predicted_us=0 prediction_error_us=0 output_hash=23e201cc6e23589a ret=0
FIG8_ATTENTION_DISPATCH mode=baseline phase=measure iteration=2 mapping_us=9 validate_in_us=75 compute_us=1935 validate_out_us=33 total_us=2053
FIG8_ATTENTION_PROFILE_COUNT mode=baseline qo_len=32 phase=measure iteration=2 records=2 max_records=10
FIG8_ATTENTION_TIMERS mode=baseline phase=measure iteration=2 lut_exp=0 qo_len=32 kv_len=4096 n_heads=12 n_kv_heads=2 head_dim=128 kv_head=0 worker=0 profiled_total=881 q_load=8 k_load=141 v_load=129 qk_dot=12 safe_sm=567 core_acc=12 o_scale=1 o_store=11
FIG8_ATTENTION_TIMERS mode=baseline phase=measure iteration=2 lut_exp=0 qo_len=32 kv_len=4096 n_heads=12 n_kv_heads=2 head_dim=128 kv_head=1 worker=0 profiled_total=878 q_load=8 k_load=153 v_load=129 qk_dot=12 safe_sm=555 core_acc=10 o_scale=1 o_store=10
FIG8_ATTENTION_EVENT_COUNT mode=baseline qo_len=32 phase=measure iteration=2 events=16 max_events=24896 overflow=0
FIG8_ATTENTION_HOST_TIMING mode=baseline qo_len=32 kv_len=4096 n_heads=12 n_kv_heads=2 head_dim=128 phase=measure iteration=3 wait_policy=spin wait_strategy=spin host_cpu_requested=0 host_cpu_actual=0 cpu_role=low-capacity host_wall_us=2074 host_thread_cpu_us=2032 wait_wall_us=2072 wait_thread_cpu_us=2030 sleep_us=0 spin_us=2072 poll_count=392120 predicted_us=0 prediction_error_us=0 output_hash=23e201cc6e23589a ret=0
FIG8_ATTENTION_DISPATCH mode=baseline phase=measure iteration=3 mapping_us=9 validate_in_us=76 compute_us=1943 validate_out_us=34 total_us=2062
FIG8_ATTENTION_PROFILE_COUNT mode=baseline qo_len=32 phase=measure iteration=3 records=2 max_records=10
FIG8_ATTENTION_TIMERS mode=baseline phase=measure iteration=3 lut_exp=0 qo_len=32 kv_len=4096 n_heads=12 n_kv_heads=2 head_dim=128 kv_head=0 worker=0 profiled_total=880 q_load=8 k_load=141 v_load=128 qk_dot=12 safe_sm=567 core_acc=12 o_scale=1 o_store=11
FIG8_ATTENTION_TIMERS mode=baseline phase=measure iteration=3 lut_exp=0 qo_len=32 kv_len=4096 n_heads=12 n_kv_heads=2 head_dim=128 kv_head=1 worker=0 profiled_total=880 q_load=8 k_load=154 v_load=129 qk_dot=12 safe_sm=555 core_acc=11 o_scale=1 o_store=10
FIG8_ATTENTION_EVENT_COUNT mode=baseline qo_len=32 phase=measure iteration=3 events=16 max_events=24896 overflow=0
FIG8_ATTENTION_HOST_TIMING mode=baseline qo_len=32 kv_len=4096 n_heads=12 n_kv_heads=2 head_dim=128 phase=measure iteration=4 wait_policy=spin wait_strategy=spin host_cpu_requested=0 host_cpu_actual=0 cpu_role=low-capacity host_wall_us=2070 host_thread_cpu_us=2001 wait_wall_us=2067 wait_thread_cpu_us=1999 sleep_us=0 spin_us=2067 poll_count=385471 predicted_us=0 prediction_error_us=0 output_hash=23e201cc6e23589a ret=0
FIG8_ATTENTION_DISPATCH mode=baseline phase=measure iteration=4 mapping_us=9 validate_in_us=76 compute_us=1940 validate_out_us=33 total_us=2058
FIG8_ATTENTION_PROFILE_COUNT mode=baseline qo_len=32 phase=measure iteration=4 records=2 max_records=10
FIG8_ATTENTION_TIMERS mode=baseline phase=measure iteration=4 lut_exp=0 qo_len=32 kv_len=4096 n_heads=12 n_kv_heads=2 head_dim=128 kv_head=0 worker=0 profiled_total=882 q_load=9 k_load=142 v_load=128 qk_dot=12 safe_sm=567 core_acc=12 o_scale=1 o_store=11
FIG8_ATTENTION_TIMERS mode=baseline phase=measure iteration=4 lut_exp=0 qo_len=32 kv_len=4096 n_heads=12 n_kv_heads=2 head_dim=128 kv_head=1 worker=0 profiled_total=881 q_load=8 k_load=154 v_load=129 qk_dot=12 safe_sm=556 core_acc=11 o_scale=1 o_store=10
FIG8_ATTENTION_EVENT_COUNT mode=baseline qo_len=32 phase=measure iteration=4 events=16 max_events=24896 overflow=0
FIG8_ATTENTION_HOST_TIMING mode=baseline qo_len=32 kv_len=4096 n_heads=12 n_kv_heads=2 head_dim=128 phase=measure iteration=5 wait_policy=spin wait_strategy=spin host_cpu_requested=0 host_cpu_actual=0 cpu_role=low-capacity host_wall_us=2063 host_thread_cpu_us=2020 wait_wall_us=2060 wait_thread_cpu_us=2018 sleep_us=0 spin_us=2060 poll_count=389890 predicted_us=0 prediction_error_us=0 output_hash=23e201cc6e23589a ret=0
FIG8_ATTENTION_DISPATCH mode=baseline phase=measure iteration=5 mapping_us=9 validate_in_us=76 compute_us=1933 validate_out_us=33 total_us=2051
FIG8_ATTENTION_PROFILE_COUNT mode=baseline qo_len=32 phase=measure iteration=5 records=2 max_records=10
FIG8_ATTENTION_TIMERS mode=baseline phase=measure iteration=5 lut_exp=0 qo_len=32 kv_len=4096 n_heads=12 n_kv_heads=2 head_dim=128 kv_head=0 worker=0 profiled_total=879 q_load=9 k_load=140 v_load=128 qk_dot=12 safe_sm=567 core_acc=11 o_scale=1 o_store=11
FIG8_ATTENTION_TIMERS mode=baseline phase=measure iteration=5 lut_exp=0 qo_len=32 kv_len=4096 n_heads=12 n_kv_heads=2 head_dim=128 kv_head=1 worker=0 profiled_total=879 q_load=8 k_load=153 v_load=129 qk_dot=12 safe_sm=555 core_acc=11 o_scale=1 o_store=10
FIG8_ATTENTION_EVENT_COUNT mode=baseline qo_len=32 phase=measure iteration=5 events=16 max_events=24896 overflow=0
FIG8_ATTENTION_HOST_TIMING mode=baseline qo_len=32 kv_len=4096 n_heads=12 n_kv_heads=2 head_dim=128 phase=measure iteration=6 wait_policy=spin wait_strategy=spin host_cpu_requested=0 host_cpu_actual=0 cpu_role=low-capacity host_wall_us=2065 host_thread_cpu_us=2021 wait_wall_us=2063 wait_thread_cpu_us=2019 sleep_us=0 spin_us=2063 poll_count=390065 predicted_us=0 prediction_error_us=0 output_hash=23e201cc6e23589a ret=0
FIG8_ATTENTION_DISPATCH mode=baseline phase=measure iteration=6 mapping_us=9 validate_in_us=75 compute_us=1935 validate_out_us=34 total_us=2053
FIG8_ATTENTION_PROFILE_COUNT mode=baseline qo_len=32 phase=measure iteration=6 records=2 max_records=10
FIG8_ATTENTION_TIMERS mode=baseline phase=measure iteration=6 lut_exp=0 qo_len=32 kv_len=4096 n_heads=12 n_kv_heads=2 head_dim=128 kv_head=0 worker=0 profiled_total=879 q_load=9 k_load=140 v_load=129 qk_dot=12 safe_sm=566 core_acc=12 o_scale=1 o_store=10
FIG8_ATTENTION_TIMERS mode=baseline phase=measure iteration=6 lut_exp=0 qo_len=32 kv_len=4096 n_heads=12 n_kv_heads=2 head_dim=128 kv_head=1 worker=0 profiled_total=879 q_load=8 k_load=153 v_load=129 qk_dot=12 safe_sm=555 core_acc=11 o_scale=1 o_store=10
FIG8_ATTENTION_EVENT_COUNT mode=baseline qo_len=32 phase=measure iteration=6 events=16 max_events=24896 overflow=0
FIG8_ATTENTION_HOST_TIMING mode=baseline qo_len=32 kv_len=4096 n_heads=12 n_kv_heads=2 head_dim=128 phase=measure iteration=7 wait_policy=spin wait_strategy=spin host_cpu_requested=0 host_cpu_actual=0 cpu_role=low-capacity host_wall_us=2046 host_thread_cpu_us=1986 wait_wall_us=2044 wait_thread_cpu_us=1984 sleep_us=0 spin_us=2044 poll_count=501761 predicted_us=0 prediction_error_us=0 output_hash=23e201cc6e23589a ret=0
FIG8_ATTENTION_DISPATCH mode=baseline phase=measure iteration=7 mapping_us=9 validate_in_us=75 compute_us=1916 validate_out_us=33 total_us=2034
FIG8_ATTENTION_PROFILE_COUNT mode=baseline qo_len=32 phase=measure iteration=7 records=2 max_records=10
FIG8_ATTENTION_TIMERS mode=baseline phase=measure iteration=7 lut_exp=0 qo_len=32 kv_len=4096 n_heads=12 n_kv_heads=2 head_dim=128 kv_head=0 worker=0 profiled_total=869 q_load=8 k_load=138 v_load=125 qk_dot=12 safe_sm=563 core_acc=12 o_scale=1 o_store=10
FIG8_ATTENTION_TIMERS mode=baseline phase=measure iteration=7 lut_exp=0 qo_len=32 kv_len=4096 n_heads=12 n_kv_heads=2 head_dim=128 kv_head=1 worker=0 profiled_total=869 q_load=8 k_load=150 v_load=124 qk_dot=12 safe_sm=553 core_acc=11 o_scale=1 o_store=10
FIG8_ATTENTION_EVENT_COUNT mode=baseline qo_len=32 phase=measure iteration=7 events=16 max_events=24896 overflow=0
FIG8_ATTENTION_HOST_TIMING mode=baseline qo_len=32 kv_len=4096 n_heads=12 n_kv_heads=2 head_dim=128 phase=measure iteration=8 wait_policy=spin wait_strategy=spin host_cpu_requested=0 host_cpu_actual=0 cpu_role=low-capacity host_wall_us=2045 host_thread_cpu_us=1999 wait_wall_us=2044 wait_thread_cpu_us=1998 sleep_us=0 spin_us=2044 poll_count=505475 predicted_us=0 prediction_error_us=0 output_hash=23e201cc6e23589a ret=0
FIG8_ATTENTION_DISPATCH mode=baseline phase=measure iteration=8 mapping_us=9 validate_in_us=75 compute_us=1916 validate_out_us=33 total_us=2034
FIG8_ATTENTION_PROFILE_COUNT mode=baseline qo_len=32 phase=measure iteration=8 records=2 max_records=10
FIG8_ATTENTION_TIMERS mode=baseline phase=measure iteration=8 lut_exp=0 qo_len=32 kv_len=4096 n_heads=12 n_kv_heads=2 head_dim=128 kv_head=0 worker=0 profiled_total=871 q_load=8 k_load=138 v_load=125 qk_dot=12 safe_sm=564 core_acc=12 o_scale=1 o_store=11
FIG8_ATTENTION_TIMERS mode=baseline phase=measure iteration=8 lut_exp=0 qo_len=32 kv_len=4096 n_heads=12 n_kv_heads=2 head_dim=128 kv_head=1 worker=0 profiled_total=868 q_load=8 k_load=149 v_load=125 qk_dot=12 safe_sm=552 core_acc=11 o_scale=1 o_store=10
FIG8_ATTENTION_EVENT_COUNT mode=baseline qo_len=32 phase=measure iteration=8 events=16 max_events=24896 overflow=0
FIG8_ATTENTION_HOST_TIMING mode=baseline qo_len=32 kv_len=4096 n_heads=12 n_kv_heads=2 head_dim=128 phase=measure iteration=9 wait_policy=spin wait_strategy=spin host_cpu_requested=0 host_cpu_actual=0 cpu_role=low-capacity host_wall_us=2050 host_thread_cpu_us=2010 wait_wall_us=2048 wait_thread_cpu_us=2009 sleep_us=0 spin_us=2048 poll_count=508524 predicted_us=0 prediction_error_us=0 output_hash=23e201cc6e23589a ret=0
FIG8_ATTENTION_DISPATCH mode=baseline phase=measure iteration=9 mapping_us=9 validate_in_us=75 compute_us=1921 validate_out_us=33 total_us=2038
FIG8_ATTENTION_PROFILE_COUNT mode=baseline qo_len=32 phase=measure iteration=9 records=2 max_records=10
FIG8_ATTENTION_TIMERS mode=baseline phase=measure iteration=9 lut_exp=0 qo_len=32 kv_len=4096 n_heads=12 n_kv_heads=2 head_dim=128 kv_head=0 worker=0 profiled_total=871 q_load=8 k_load=137 v_load=125 qk_dot=12 safe_sm=565 core_acc=12 o_scale=1 o_store=11
FIG8_ATTENTION_TIMERS mode=baseline phase=measure iteration=9 lut_exp=0 qo_len=32 kv_len=4096 n_heads=12 n_kv_heads=2 head_dim=128 kv_head=1 worker=0 profiled_total=869 q_load=8 k_load=150 v_load=124 qk_dot=12 safe_sm=553 core_acc=11 o_scale=1 o_store=10
FIG8_ATTENTION_EVENT_COUNT mode=baseline qo_len=32 phase=measure iteration=9 events=16 max_events=24896 overflow=0
FIG8_ATTENTION_HOST_TIMING mode=baseline qo_len=32 kv_len=4096 n_heads=12 n_kv_heads=2 head_dim=128 phase=measure iteration=10 wait_policy=spin wait_strategy=spin host_cpu_requested=0 host_cpu_actual=0 cpu_role=low-capacity host_wall_us=2043 host_thread_cpu_us=1985 wait_wall_us=2041 wait_thread_cpu_us=1983 sleep_us=0 spin_us=2041 poll_count=501452 predicted_us=0 prediction_error_us=0 output_hash=23e201cc6e23589a ret=0
FIG8_ATTENTION_DISPATCH mode=baseline phase=measure iteration=10 mapping_us=9 validate_in_us=75 compute_us=1914 validate_out_us=33 total_us=2032
FIG8_ATTENTION_PROFILE_COUNT mode=baseline qo_len=32 phase=measure iteration=10 records=2 max_records=10
FIG8_ATTENTION_TIMERS mode=baseline phase=measure iteration=10 lut_exp=0 qo_len=32 kv_len=4096 n_heads=12 n_kv_heads=2 head_dim=128 kv_head=0 worker=0 profiled_total=869 q_load=9 k_load=137 v_load=124 qk_dot=12 safe_sm=563 core_acc=12 o_scale=1 o_store=11
FIG8_ATTENTION_TIMERS mode=baseline phase=measure iteration=10 lut_exp=0 qo_len=32 kv_len=4096 n_heads=12 n_kv_heads=2 head_dim=128 kv_head=1 worker=0 profiled_total=870 q_load=8 k_load=151 v_load=124 qk_dot=12 safe_sm=553 core_acc=11 o_scale=1 o_store=10
FIG8_ATTENTION_EVENT_COUNT mode=baseline qo_len=32 phase=measure iteration=10 events=16 max_events=24896 overflow=0
FIG8_ATTENTION_HOST_TIMING mode=baseline qo_len=32 kv_len=4096 n_heads=12 n_kv_heads=2 head_dim=128 phase=measure iteration=11 wait_policy=spin wait_strategy=spin host_cpu_requested=0 host_cpu_actual=0 cpu_role=low-capacity host_wall_us=2048 host_thread_cpu_us=2004 wait_wall_us=2046 wait_thread_cpu_us=2002 sleep_us=0 spin_us=2046 poll_count=506627 predicted_us=0 prediction_error_us=0 output_hash=23e201cc6e23589a ret=0
FIG8_ATTENTION_DISPATCH mode=baseline phase=measure iteration=11 mapping_us=9 validate_in_us=76 compute_us=1918 validate_out_us=33 total_us=2036
FIG8_ATTENTION_PROFILE_COUNT mode=baseline qo_len=32 phase=measure iteration=11 records=2 max_records=10
FIG8_ATTENTION_TIMERS mode=baseline phase=measure iteration=11 lut_exp=0 qo_len=32 kv_len=4096 n_heads=12 n_kv_heads=2 head_dim=128 kv_head=0 worker=0 profiled_total=870 q_load=8 k_load=136 v_load=124 qk_dot=12 safe_sm=566 core_acc=12 o_scale=1 o_store=11
FIG8_ATTENTION_TIMERS mode=baseline phase=measure iteration=11 lut_exp=0 qo_len=32 kv_len=4096 n_heads=12 n_kv_heads=2 head_dim=128 kv_head=1 worker=0 profiled_total=870 q_load=8 k_load=150 v_load=124 qk_dot=12 safe_sm=554 core_acc=11 o_scale=1 o_store=10
FIG8_ATTENTION_EVENT_COUNT mode=baseline qo_len=32 phase=measure iteration=11 events=16 max_events=24896 overflow=0
FIG8_ATTENTION_HOST_TIMING mode=baseline qo_len=32 kv_len=4096 n_heads=12 n_kv_heads=2 head_dim=128 phase=measure iteration=12 wait_policy=spin wait_strategy=spin host_cpu_requested=0 host_cpu_actual=0 cpu_role=low-capacity host_wall_us=2026 host_thread_cpu_us=1991 wait_wall_us=2024 wait_thread_cpu_us=1991 sleep_us=0 spin_us=2024 poll_count=677855 predicted_us=0 prediction_error_us=0 output_hash=23e201cc6e23589a ret=0
FIG8_ATTENTION_DISPATCH mode=baseline phase=measure iteration=12 mapping_us=8 validate_in_us=75 compute_us=1897 validate_out_us=33 total_us=2014
FIG8_ATTENTION_PROFILE_COUNT mode=baseline qo_len=32 phase=measure iteration=12 records=2 max_records=10
FIG8_ATTENTION_TIMERS mode=baseline phase=measure iteration=12 lut_exp=0 qo_len=32 kv_len=4096 n_heads=12 n_kv_heads=2 head_dim=128 kv_head=0 worker=0 profiled_total=859 q_load=8 k_load=134 v_load=121 qk_dot=12 safe_sm=561 core_acc=11 o_scale=1 o_store=11
FIG8_ATTENTION_TIMERS mode=baseline phase=measure iteration=12 lut_exp=0 qo_len=32 kv_len=4096 n_heads=12 n_kv_heads=2 head_dim=128 kv_head=1 worker=0 profiled_total=859 q_load=8 k_load=145 v_load=121 qk_dot=12 safe_sm=551 core_acc=11 o_scale=1 o_store=10
FIG8_ATTENTION_EVENT_COUNT mode=baseline qo_len=32 phase=measure iteration=12 events=16 max_events=24896 overflow=0
FIG8_ATTENTION_HOST_TIMING mode=baseline qo_len=32 kv_len=4096 n_heads=12 n_kv_heads=2 head_dim=128 phase=measure iteration=13 wait_policy=spin wait_strategy=spin host_cpu_requested=0 host_cpu_actual=0 cpu_role=low-capacity host_wall_us=2030 host_thread_cpu_us=1979 wait_wall_us=2030 wait_thread_cpu_us=1977 sleep_us=0 spin_us=2030 poll_count=672763 predicted_us=0 prediction_error_us=0 output_hash=23e201cc6e23589a ret=0
FIG8_ATTENTION_DISPATCH mode=baseline phase=measure iteration=13 mapping_us=9 validate_in_us=76 compute_us=1902 validate_out_us=33 total_us=2020
FIG8_ATTENTION_PROFILE_COUNT mode=baseline qo_len=32 phase=measure iteration=13 records=2 max_records=10
FIG8_ATTENTION_TIMERS mode=baseline phase=measure iteration=13 lut_exp=0 qo_len=32 kv_len=4096 n_heads=12 n_kv_heads=2 head_dim=128 kv_head=0 worker=0 profiled_total=863 q_load=9 k_load=133 v_load=121 qk_dot=12 safe_sm=564 core_acc=12 o_scale=1 o_store=11
FIG8_ATTENTION_TIMERS mode=baseline phase=measure iteration=13 lut_exp=0 qo_len=32 kv_len=4096 n_heads=12 n_kv_heads=2 head_dim=128 kv_head=1 worker=0 profiled_total=863 q_load=8 k_load=148 v_load=121 qk_dot=12 safe_sm=552 core_acc=11 o_scale=1 o_store=10
FIG8_ATTENTION_EVENT_COUNT mode=baseline qo_len=32 phase=measure iteration=13 events=16 max_events=24896 overflow=0
FIG8_ATTENTION_HOST_TIMING mode=baseline qo_len=32 kv_len=4096 n_heads=12 n_kv_heads=2 head_dim=128 phase=measure iteration=14 wait_policy=spin wait_strategy=spin host_cpu_requested=0 host_cpu_actual=0 cpu_role=low-capacity host_wall_us=2034 host_thread_cpu_us=1998 wait_wall_us=2032 wait_thread_cpu_us=1997 sleep_us=0 spin_us=2032 poll_count=679799 predicted_us=0 prediction_error_us=0 output_hash=23e201cc6e23589a ret=0
FIG8_ATTENTION_DISPATCH mode=baseline phase=measure iteration=14 mapping_us=8 validate_in_us=76 compute_us=1905 validate_out_us=33 total_us=2022
FIG8_ATTENTION_PROFILE_COUNT mode=baseline qo_len=32 phase=measure iteration=14 records=2 max_records=10
FIG8_ATTENTION_TIMERS mode=baseline phase=measure iteration=14 lut_exp=0 qo_len=32 kv_len=4096 n_heads=12 n_kv_heads=2 head_dim=128 kv_head=0 worker=0 profiled_total=862 q_load=8 k_load=134 v_load=122 qk_dot=12 safe_sm=562 core_acc=12 o_scale=1 o_store=11
FIG8_ATTENTION_TIMERS mode=baseline phase=measure iteration=14 lut_exp=0 qo_len=32 kv_len=4096 n_heads=12 n_kv_heads=2 head_dim=128 kv_head=1 worker=0 profiled_total=862 q_load=8 k_load=147 v_load=121 qk_dot=12 safe_sm=552 core_acc=11 o_scale=1 o_store=10
FIG8_ATTENTION_EVENT_COUNT mode=baseline qo_len=32 phase=measure iteration=14 events=16 max_events=24896 overflow=0
FIG8_ATTENTION_HOST_TIMING mode=baseline qo_len=32 kv_len=4096 n_heads=12 n_kv_heads=2 head_dim=128 phase=measure iteration=15 wait_policy=spin wait_strategy=spin host_cpu_requested=0 host_cpu_actual=0 cpu_role=low-capacity host_wall_us=2034 host_thread_cpu_us=1998 wait_wall_us=2032 wait_thread_cpu_us=1998 sleep_us=0 spin_us=2032 poll_count=680250 predicted_us=0 prediction_error_us=0 output_hash=23e201cc6e23589a ret=0
FIG8_ATTENTION_DISPATCH mode=baseline phase=measure iteration=15 mapping_us=9 validate_in_us=76 compute_us=1905 validate_out_us=33 total_us=2023
FIG8_ATTENTION_PROFILE_COUNT mode=baseline qo_len=32 phase=measure iteration=15 records=2 max_records=10
FIG8_ATTENTION_TIMERS mode=baseline phase=measure iteration=15 lut_exp=0 qo_len=32 kv_len=4096 n_heads=12 n_kv_heads=2 head_dim=128 kv_head=0 worker=0 profiled_total=864 q_load=9 k_load=134 v_load=121 qk_dot=12 safe_sm=564 core_acc=12 o_scale=1 o_store=11
FIG8_ATTENTION_TIMERS mode=baseline phase=measure iteration=15 lut_exp=0 qo_len=32 kv_len=4096 n_heads=12 n_kv_heads=2 head_dim=128 kv_head=1 worker=0 profiled_total=863 q_load=8 k_load=146 v_load=121 qk_dot=12 safe_sm=554 core_acc=11 o_scale=1 o_store=10
FIG8_ATTENTION_EVENT_COUNT mode=baseline qo_len=32 phase=measure iteration=15 events=16 max_events=24896 overflow=0
FIG8_ATTENTION_HOST_TIMING mode=baseline qo_len=32 kv_len=4096 n_heads=12 n_kv_heads=2 head_dim=128 phase=measure iteration=16 wait_policy=spin wait_strategy=spin host_cpu_requested=0 host_cpu_actual=0 cpu_role=low-capacity host_wall_us=2040 host_thread_cpu_us=1856 wait_wall_us=2039 wait_thread_cpu_us=1856 sleep_us=0 spin_us=2039 poll_count=620794 predicted_us=0 prediction_error_us=0 output_hash=23e201cc6e23589a ret=0
FIG8_ATTENTION_DISPATCH mode=baseline phase=measure iteration=16 mapping_us=8 validate_in_us=75 compute_us=1912 validate_out_us=34 total_us=2030
FIG8_ATTENTION_PROFILE_COUNT mode=baseline qo_len=32 phase=measure iteration=16 records=2 max_records=10
FIG8_ATTENTION_TIMERS mode=baseline phase=measure iteration=16 lut_exp=0 qo_len=32 kv_len=4096 n_heads=12 n_kv_heads=2 head_dim=128 kv_head=0 worker=0 profiled_total=863 q_load=9 k_load=134 v_load=120 qk_dot=12 safe_sm=564 core_acc=12 o_scale=1 o_store=11
FIG8_ATTENTION_TIMERS mode=baseline phase=measure iteration=16 lut_exp=0 qo_len=32 kv_len=4096 n_heads=12 n_kv_heads=2 head_dim=128 kv_head=1 worker=0 profiled_total=869 q_load=8 k_load=146 v_load=127 qk_dot=12 safe_sm=554 core_acc=11 o_scale=1 o_store=10
FIG8_ATTENTION_EVENT_COUNT mode=baseline qo_len=32 phase=measure iteration=16 events=16 max_events=24896 overflow=0
FIG8_ATTENTION_HOST_TIMING mode=baseline qo_len=32 kv_len=4096 n_heads=12 n_kv_heads=2 head_dim=128 phase=measure iteration=17 wait_policy=spin wait_strategy=spin host_cpu_requested=0 host_cpu_actual=0 cpu_role=low-capacity host_wall_us=2033 host_thread_cpu_us=2000 wait_wall_us=2032 wait_thread_cpu_us=1999 sleep_us=0 spin_us=2032 poll_count=680523 predicted_us=0 prediction_error_us=0 output_hash=23e201cc6e23589a ret=0
FIG8_ATTENTION_DISPATCH mode=baseline phase=measure iteration=17 mapping_us=9 validate_in_us=75 compute_us=1905 validate_out_us=33 total_us=2023
FIG8_ATTENTION_PROFILE_COUNT mode=baseline qo_len=32 phase=measure iteration=17 records=2 max_records=10
FIG8_ATTENTION_TIMERS mode=baseline phase=measure iteration=17 lut_exp=0 qo_len=32 kv_len=4096 n_heads=12 n_kv_heads=2 head_dim=128 kv_head=0 worker=0 profiled_total=862 q_load=9 k_load=132 v_load=119 qk_dot=12 safe_sm=566 core_acc=12 o_scale=1 o_store=11
FIG8_ATTENTION_TIMERS mode=baseline phase=measure iteration=17 lut_exp=0 qo_len=32 kv_len=4096 n_heads=12 n_kv_heads=2 head_dim=128 kv_head=1 worker=0 profiled_total=864 q_load=8 k_load=147 v_load=120 qk_dot=12 safe_sm=555 core_acc=11 o_scale=1 o_store=10
FIG8_ATTENTION_EVENT_COUNT mode=baseline qo_len=32 phase=measure iteration=17 events=16 max_events=24896 overflow=0
FIG8_ATTENTION_HOST_TIMING mode=baseline qo_len=32 kv_len=4096 n_heads=12 n_kv_heads=2 head_dim=128 phase=measure iteration=18 wait_policy=spin wait_strategy=spin host_cpu_requested=0 host_cpu_actual=0 cpu_role=low-capacity host_wall_us=2032 host_thread_cpu_us=1998 wait_wall_us=2030 wait_thread_cpu_us=1998 sleep_us=0 spin_us=2030 poll_count=680108 predicted_us=0 prediction_error_us=0 output_hash=23e201cc6e23589a ret=0
FIG8_ATTENTION_DISPATCH mode=baseline phase=measure iteration=18 mapping_us=8 validate_in_us=75 compute_us=1902 validate_out_us=34 total_us=2020
FIG8_ATTENTION_PROFILE_COUNT mode=baseline qo_len=32 phase=measure iteration=18 records=2 max_records=10
FIG8_ATTENTION_TIMERS mode=baseline phase=measure iteration=18 lut_exp=0 qo_len=32 kv_len=4096 n_heads=12 n_kv_heads=2 head_dim=128 kv_head=0 worker=0 profiled_total=862 q_load=9 k_load=134 v_load=119 qk_dot=12 safe_sm=565 core_acc=11 o_scale=1 o_store=11
FIG8_ATTENTION_TIMERS mode=baseline phase=measure iteration=18 lut_exp=0 qo_len=32 kv_len=4096 n_heads=12 n_kv_heads=2 head_dim=128 kv_head=1 worker=0 profiled_total=861 q_load=8 k_load=145 v_load=119 qk_dot=12 safe_sm=555 core_acc=11 o_scale=1 o_store=10
FIG8_ATTENTION_EVENT_COUNT mode=baseline qo_len=32 phase=measure iteration=18 events=16 max_events=24896 overflow=0
FIG8_ATTENTION_HOST_TIMING mode=baseline qo_len=32 kv_len=4096 n_heads=12 n_kv_heads=2 head_dim=128 phase=measure iteration=19 wait_policy=spin wait_strategy=spin host_cpu_requested=0 host_cpu_actual=0 cpu_role=low-capacity host_wall_us=2031 host_thread_cpu_us=1981 wait_wall_us=2030 wait_thread_cpu_us=1980 sleep_us=0 spin_us=2030 poll_count=673443 predicted_us=0 prediction_error_us=0 output_hash=23e201cc6e23589a ret=0
FIG8_ATTENTION_DISPATCH mode=baseline phase=measure iteration=19 mapping_us=9 validate_in_us=75 compute_us=1904 validate_out_us=33 total_us=2021
FIG8_ATTENTION_PROFILE_COUNT mode=baseline qo_len=32 phase=measure iteration=19 records=2 max_records=10
FIG8_ATTENTION_TIMERS mode=baseline phase=measure iteration=19 lut_exp=0 qo_len=32 kv_len=4096 n_heads=12 n_kv_heads=2 head_dim=128 kv_head=0 worker=0 profiled_total=863 q_load=9 k_load=132 v_load=119 qk_dot=12 safe_sm=567 core_acc=12 o_scale=1 o_store=11
FIG8_ATTENTION_TIMERS mode=baseline phase=measure iteration=19 lut_exp=0 qo_len=32 kv_len=4096 n_heads=12 n_kv_heads=2 head_dim=128 kv_head=1 worker=0 profiled_total=861 q_load=8 k_load=146 v_load=119 qk_dot=12 safe_sm=554 core_acc=11 o_scale=1 o_store=10
FIG8_ATTENTION_EVENT_COUNT mode=baseline qo_len=32 phase=measure iteration=19 events=16 max_events=24896 overflow=0
