FIG8_CPU_TOPOLOGY cpu=0 allowed=1 max_freq_khz=3532800 capacity=792 role=low-capacity
FIG8_CPU_TOPOLOGY cpu=1 allowed=1 max_freq_khz=3532800 capacity=792 role=low-capacity
FIG8_CPU_TOPOLOGY cpu=2 allowed=1 max_freq_khz=3532800 capacity=792 role=low-capacity
FIG8_CPU_TOPOLOGY cpu=3 allowed=1 max_freq_khz=3532800 capacity=792 role=low-capacity
FIG8_CPU_TOPOLOGY cpu=4 allowed=1 max_freq_khz=3532800 capacity=792 role=low-capacity
FIG8_CPU_TOPOLOGY cpu=5 allowed=1 max_freq_khz=3532800 capacity=792 role=low-capacity
FIG8_CPU_TOPOLOGY cpu=6 allowed=1 max_freq_khz=4320000 capacity=1024 role=high-capacity
FIG8_CPU_TOPOLOGY cpu=7 allowed=1 max_freq_khz=4320000 capacity=1024 role=high-capacity
FIG8_ATTENTION_CONFIG mode=baseline mask_mode=full qo_len=4 kv_len=4096 n_heads=12 n_kv_heads=2 head_dim=128 warmup=5 iters=20 q_size=24576 kv_size=2097152 mask_size=32768 profile_size=233344 profile_max_records=10 profile_max_events=3224 mode_flags=0 print_events=0 wait_policy=predictive host_cpu=0 cpu_role=low-capacity host_sync_calibration=20 descriptor_prepare_us=0 persistent_rpcmem=1 persistent_channel=1 persistent_dsp_maps=1
FIG8_SYNC_CALIBRATION requested_policy=predictive iteration=0 effective_strategy=calibration-legacy wait_wall_us=983 thread_cpu_us=20 sleep_us=982 spin_us=1 poll_count=9 dsp_dispatch_total_us=951
FIG8_SYNC_CALIBRATION requested_policy=predictive iteration=1 effective_strategy=calibration-legacy wait_wall_us=983 thread_cpu_us=7 sleep_us=982 spin_us=1 poll_count=10 dsp_dispatch_total_us=880
FIG8_SYNC_CALIBRATION requested_policy=predictive iteration=2 effective_strategy=calibration-legacy wait_wall_us=897 thread_cpu_us=17 sleep_us=896 spin_us=1 poll_count=9 dsp_dispatch_total_us=874
FIG8_SYNC_CALIBRATION requested_policy=predictive iteration=3 effective_strategy=calibration-legacy wait_wall_us=885 thread_cpu_us=13 sleep_us=884 spin_us=1 poll_count=9 dsp_dispatch_total_us=873
FIG8_SYNC_CALIBRATION requested_policy=predictive iteration=4 effective_strategy=calibration-legacy wait_wall_us=1033 thread_cpu_us=24 sleep_us=1032 spin_us=1 poll_count=5 dsp_dispatch_total_us=866
FIG8_SYNC_CALIBRATION requested_policy=predictive iteration=5 effective_strategy=calibration-legacy wait_wall_us=908 thread_cpu_us=18 sleep_us=907 spin_us=1 poll_count=9 dsp_dispatch_total_us=855
FIG8_SYNC_CALIBRATION requested_policy=predictive iteration=6 effective_strategy=calibration-legacy wait_wall_us=875 thread_cpu_us=13 sleep_us=872 spin_us=3 poll_count=9 dsp_dispatch_total_us=850
FIG8_SYNC_CALIBRATION requested_policy=predictive iteration=7 effective_strategy=calibration-legacy wait_wall_us=869 thread_cpu_us=7 sleep_us=869 spin_us=0 poll_count=9 dsp_dispatch_total_us=848
FIG8_SYNC_CALIBRATION requested_policy=predictive iteration=8 effective_strategy=calibration-legacy wait_wall_us=885 thread_cpu_us=14 sleep_us=883 spin_us=2 poll_count=9 dsp_dispatch_total_us=849
FIG8_SYNC_CALIBRATION requested_policy=predictive iteration=9 effective_strategy=calibration-legacy wait_wall_us=948 thread_cpu_us=20 sleep_us=947 spin_us=1 poll_count=7 dsp_dispatch_total_us=854
FIG8_SYNC_CALIBRATION requested_policy=predictive iteration=10 effective_strategy=calibration-legacy wait_wall_us=896 thread_cpu_us=22 sleep_us=895 spin_us=1 poll_count=7 dsp_dispatch_total_us=853
FIG8_SYNC_CALIBRATION requested_policy=predictive iteration=11 effective_strategy=calibration-legacy wait_wall_us=1894 thread_cpu_us=15 sleep_us=1892 spin_us=2 poll_count=6 dsp_dispatch_total_us=861
FIG8_SYNC_CALIBRATION requested_policy=predictive iteration=12 effective_strategy=calibration-legacy wait_wall_us=871 thread_cpu_us=6 sleep_us=870 spin_us=1 poll_count=9 dsp_dispatch_total_us=860
FIG8_SYNC_CALIBRATION requested_policy=predictive iteration=13 effective_strategy=calibration-legacy wait_wall_us=888 thread_cpu_us=9 sleep_us=887 spin_us=1 poll_count=9 dsp_dispatch_total_us=854
FIG8_SYNC_CALIBRATION requested_policy=predictive iteration=14 effective_strategy=calibration-legacy wait_wall_us=908 thread_cpu_us=14 sleep_us=907 spin_us=1 poll_count=9 dsp_dispatch_total_us=852
FIG8_SYNC_CALIBRATION requested_policy=predictive iteration=15 effective_strategy=calibration-legacy wait_wall_us=886 thread_cpu_us=12 sleep_us=886 spin_us=0 poll_count=9 dsp_dispatch_total_us=859
FIG8_SYNC_CALIBRATION requested_policy=predictive iteration=16 effective_strategy=calibration-legacy wait_wall_us=957 thread_cpu_us=15 sleep_us=956 spin_us=1 poll_count=10 dsp_dispatch_total_us=857
FIG8_SYNC_CALIBRATION requested_policy=predictive iteration=17 effective_strategy=calibration-legacy wait_wall_us=942 thread_cpu_us=20 sleep_us=941 spin_us=1 poll_count=9 dsp_dispatch_total_us=859
FIG8_SYNC_CALIBRATION requested_policy=predictive iteration=18 effective_strategy=calibration-legacy wait_wall_us=901 thread_cpu_us=16 sleep_us=900 spin_us=1 poll_count=9 dsp_dispatch_total_us=857
FIG8_SYNC_CALIBRATION requested_policy=predictive iteration=19 effective_strategy=calibration-legacy wait_wall_us=910 thread_cpu_us=15 sleep_us=909 spin_us=1 poll_count=9 dsp_dispatch_total_us=862
FIG8_ATTENTION_HOST_TIMING mode=baseline qo_len=4 kv_len=4096 n_heads=12 n_kv_heads=2 head_dim=128 phase=warmup iteration=0 wait_policy=predictive wait_strategy=predictive-sleep-spin host_cpu_requested=0 host_cpu_actual=0 cpu_role=low-capacity host_wall_us=879 host_thread_cpu_us=49 wait_wall_us=877 wait_thread_cpu_us=47 sleep_us=831 spin_us=46 poll_count=15412 predicted_us=871 prediction_error_us=6 output_hash=c50c94b789741948 ret=0
FIG8_ATTENTION_DISPATCH mode=baseline phase=warmup iteration=0 mapping_us=7 validate_in_us=69 compute_us=790 validate_out_us=5 total_us=871
FIG8_ATTENTION_PROFILE_COUNT mode=baseline qo_len=4 phase=warmup iteration=0 records=2 max_records=10
FIG8_ATTENTION_TIMERS mode=baseline phase=warmup iteration=0 lut_exp=0 qo_len=4 kv_len=4096 n_heads=12 n_kv_heads=2 head_dim=128 kv_head=0 worker=0 profiled_total=316 q_load=1 k_load=126 v_load=113 qk_dot=2 safe_sm=72 core_acc=1 o_scale=0 o_store=1
FIG8_ATTENTION_TIMERS mode=baseline phase=warmup iteration=0 lut_exp=0 qo_len=4 kv_len=4096 n_heads=12 n_kv_heads=2 head_dim=128 kv_head=1 worker=0 profiled_total=322 q_load=1 k_load=130 v_load=116 qk_dot=2 safe_sm=72 core_acc=0 o_scale=0 o_store=1
FIG8_ATTENTION_EVENT_COUNT mode=baseline qo_len=4 phase=warmup iteration=0 events=16 max_events=3224 overflow=0
FIG8_ATTENTION_HOST_TIMING mode=baseline qo_len=4 kv_len=4096 n_heads=12 n_kv_heads=2 head_dim=128 phase=warmup iteration=1 wait_policy=predictive wait_strategy=predictive-sleep-spin host_cpu_requested=0 host_cpu_actual=0 cpu_role=low-capacity host_wall_us=880 host_thread_cpu_us=49 wait_wall_us=878 wait_thread_cpu_us=48 sleep_us=831 spin_us=47 poll_count=15568 predicted_us=871 prediction_error_us=7 output_hash=c50c94b789741948 ret=0
FIG8_ATTENTION_DISPATCH mode=baseline phase=warmup iteration=1 mapping_us=7 validate_in_us=69 compute_us=789 validate_out_us=5 total_us=870
FIG8_ATTENTION_PROFILE_COUNT mode=baseline qo_len=4 phase=warmup iteration=1 records=2 max_records=10
FIG8_ATTENTION_TIMERS mode=baseline phase=warmup iteration=1 lut_exp=0 qo_len=4 kv_len=4096 n_heads=12 n_kv_heads=2 head_dim=128 kv_head=0 worker=0 profiled_total=315 q_load=1 k_load=125 v_load=113 qk_dot=2 safe_sm=72 core_acc=1 o_scale=0 o_store=1
FIG8_ATTENTION_TIMERS mode=baseline phase=warmup iteration=1 lut_exp=0 qo_len=4 kv_len=4096 n_heads=12 n_kv_heads=2 head_dim=128 kv_head=1 worker=0 profiled_total=323 q_load=1 k_load=131 v_load=116 qk_dot=2 safe_sm=72 core_acc=0 o_scale=0 o_store=1
FIG8_ATTENTION_EVENT_COUNT mode=baseline qo_len=4 phase=warmup iteration=1 events=16 max_events=3224 overflow=0
FIG8_ATTENTION_HOST_TIMING mode=baseline qo_len=4 kv_len=4096 n_heads=12 n_kv_heads=2 head_dim=128 phase=warmup iteration=2 wait_policy=predictive wait_strategy=predictive-sleep-spin host_cpu_requested=0 host_cpu_actual=0 cpu_role=low-capacity host_wall_us=878 host_thread_cpu_us=48 wait_wall_us=876 wait_thread_cpu_us=47 sleep_us=831 spin_us=45 poll_count=15225 predicted_us=871 prediction_error_us=5 output_hash=c50c94b789741948 ret=0
FIG8_ATTENTION_DISPATCH mode=baseline phase=warmup iteration=2 mapping_us=7 validate_in_us=69 compute_us=788 validate_out_us=5 total_us=869
FIG8_ATTENTION_PROFILE_COUNT mode=baseline qo_len=4 phase=warmup iteration=2 records=2 max_records=10
FIG8_ATTENTION_TIMERS mode=baseline phase=warmup iteration=2 lut_exp=0 qo_len=4 kv_len=4096 n_heads=12 n_kv_heads=2 head_dim=128 kv_head=0 worker=0 profiled_total=316 q_load=1 k_load=125 v_load=113 qk_dot=2 safe_sm=72 core_acc=1 o_scale=0 o_store=2
FIG8_ATTENTION_TIMERS mode=baseline phase=warmup iteration=2 lut_exp=0 qo_len=4 kv_len=4096 n_heads=12 n_kv_heads=2 head_dim=128 kv_head=1 worker=0 profiled_total=321 q_load=1 k_load=129 v_load=116 qk_dot=2 safe_sm=72 core_acc=0 o_scale=0 o_store=1
FIG8_ATTENTION_EVENT_COUNT mode=baseline qo_len=4 phase=warmup iteration=2 events=16 max_events=3224 overflow=0
FIG8_ATTENTION_HOST_TIMING mode=baseline qo_len=4 kv_len=4096 n_heads=12 n_kv_heads=2 head_dim=128 phase=warmup iteration=3 wait_policy=predictive wait_strategy=predictive-sleep-spin host_cpu_requested=0 host_cpu_actual=0 cpu_role=low-capacity host_wall_us=881 host_thread_cpu_us=51 wait_wall_us=879 wait_thread_cpu_us=50 sleep_us=831 spin_us=48 poll_count=16276 predicted_us=871 prediction_error_us=8 output_hash=c50c94b789741948 ret=0
FIG8_ATTENTION_DISPATCH mode=baseline phase=warmup iteration=3 mapping_us=7 validate_in_us=68 compute_us=792 validate_out_us=5 total_us=872
FIG8_ATTENTION_PROFILE_COUNT mode=baseline qo_len=4 phase=warmup iteration=3 records=2 max_records=10
FIG8_ATTENTION_TIMERS mode=baseline phase=warmup iteration=3 lut_exp=0 qo_len=4 kv_len=4096 n_heads=12 n_kv_heads=2 head_dim=128 kv_head=0 worker=0 profiled_total=321 q_load=1 k_load=127 v_load=115 qk_dot=2 safe_sm=73 core_acc=1 o_scale=0 o_store=2
FIG8_ATTENTION_TIMERS mode=baseline phase=warmup iteration=3 lut_exp=0 qo_len=4 kv_len=4096 n_heads=12 n_kv_heads=2 head_dim=128 kv_head=1 worker=0 profiled_total=321 q_load=1 k_load=130 v_load=115 qk_dot=2 safe_sm=72 core_acc=0 o_scale=0 o_store=1
FIG8_ATTENTION_EVENT_COUNT mode=baseline qo_len=4 phase=warmup iteration=3 events=16 max_events=3224 overflow=0
FIG8_ATTENTION_HOST_TIMING mode=baseline qo_len=4 kv_len=4096 n_heads=12 n_kv_heads=2 head_dim=128 phase=warmup iteration=4 wait_policy=predictive wait_strategy=predictive-sleep-spin host_cpu_requested=0 host_cpu_actual=0 cpu_role=low-capacity host_wall_us=872 host_thread_cpu_us=42 wait_wall_us=871 wait_thread_cpu_us=41 sleep_us=830 spin_us=41 poll_count=13583 predicted_us=871 prediction_error_us=0 output_hash=c50c94b789741948 ret=0
FIG8_ATTENTION_DISPATCH mode=baseline phase=warmup iteration=4 mapping_us=6 validate_in_us=68 compute_us=783 validate_out_us=5 total_us=863
FIG8_ATTENTION_PROFILE_COUNT mode=baseline qo_len=4 phase=warmup iteration=4 records=2 max_records=10
FIG8_ATTENTION_TIMERS mode=baseline phase=warmup iteration=4 lut_exp=0 qo_len=4 kv_len=4096 n_heads=12 n_kv_heads=2 head_dim=128 kv_head=0 worker=0 profiled_total=314 q_load=1 k_load=126 v_load=112 qk_dot=2 safe_sm=71 core_acc=1 o_scale=0 o_store=1
FIG8_ATTENTION_TIMERS mode=baseline phase=warmup iteration=4 lut_exp=0 qo_len=4 kv_len=4096 n_heads=12 n_kv_heads=2 head_dim=128 kv_head=1 worker=0 profiled_total=319 q_load=1 k_load=129 v_load=115 qk_dot=2 safe_sm=71 core_acc=0 o_scale=0 o_store=1
FIG8_ATTENTION_EVENT_COUNT mode=baseline qo_len=4 phase=warmup iteration=4 events=16 max_events=3224 overflow=0
FIG8_ATTENTION_HOST_TIMING mode=baseline qo_len=4 kv_len=4096 n_heads=12 n_kv_heads=2 head_dim=128 phase=measure iteration=0 wait_policy=predictive wait_strategy=predictive-sleep-spin host_cpu_requested=0 host_cpu_actual=0 cpu_role=low-capacity host_wall_us=871 host_thread_cpu_us=43 wait_wall_us=870 wait_thread_cpu_us=43 sleep_us=829 spin_us=41 poll_count=13779 predicted_us=871 prediction_error_us=-1 output_hash=c50c94b789741948 ret=0
FIG8_ATTENTION_DISPATCH mode=baseline phase=measure iteration=0 mapping_us=7 validate_in_us=68 compute_us=783 validate_out_us=5 total_us=863
FIG8_ATTENTION_PROFILE_COUNT mode=baseline qo_len=4 phase=measure iteration=0 records=2 max_records=10
FIG8_ATTENTION_TIMERS mode=baseline phase=measure iteration=0 lut_exp=0 qo_len=4 kv_len=4096 n_heads=12 n_kv_heads=2 head_dim=128 kv_head=0 worker=0 profiled_total=313 q_load=1 k_load=125 v_load=112 qk_dot=2 safe_sm=71 core_acc=1 o_scale=0 o_store=1
FIG8_ATTENTION_TIMERS mode=baseline phase=measure iteration=0 lut_exp=0 qo_len=4 kv_len=4096 n_heads=12 n_kv_heads=2 head_dim=128 kv_head=1 worker=0 profiled_total=320 q_load=1 k_load=130 v_load=115 qk_dot=2 safe_sm=71 core_acc=0 o_scale=0 o_store=1
FIG8_ATTENTION_EVENT_COUNT mode=baseline qo_len=4 phase=measure iteration=0 events=16 max_events=3224 overflow=0
FIG8_ATTENTION_HOST_TIMING mode=baseline qo_len=4 kv_len=4096 n_heads=12 n_kv_heads=2 head_dim=128 phase=measure iteration=1 wait_policy=predictive wait_strategy=predictive-sleep-spin host_cpu_requested=0 host_cpu_actual=0 cpu_role=low-capacity host_wall_us=885 host_thread_cpu_us=56 wait_wall_us=884 wait_thread_cpu_us=55 sleep_us=829 spin_us=55 poll_count=18283 predicted_us=871 prediction_error_us=13 output_hash=c50c94b789741948 ret=0
FIG8_ATTENTION_DISPATCH mode=baseline phase=measure iteration=1 mapping_us=7 validate_in_us=69 compute_us=796 validate_out_us=5 total_us=877
FIG8_ATTENTION_PROFILE_COUNT mode=baseline qo_len=4 phase=measure iteration=1 records=2 max_records=10
FIG8_ATTENTION_TIMERS mode=baseline phase=measure iteration=1 lut_exp=0 qo_len=4 kv_len=4096 n_heads=12 n_kv_heads=2 head_dim=128 kv_head=0 worker=0 profiled_total=327 q_load=1 k_load=134 v_load=114 qk_dot=2 safe_sm=73 core_acc=1 o_scale=0 o_store=2
FIG8_ATTENTION_TIMERS mode=baseline phase=measure iteration=1 lut_exp=0 qo_len=4 kv_len=4096 n_heads=12 n_kv_heads=2 head_dim=128 kv_head=1 worker=0 profiled_total=320 q_load=1 k_load=129 v_load=115 qk_dot=2 safe_sm=72 core_acc=0 o_scale=0 o_store=1
FIG8_ATTENTION_EVENT_COUNT mode=baseline qo_len=4 phase=measure iteration=1 events=16 max_events=3224 overflow=0
FIG8_ATTENTION_HOST_TIMING mode=baseline qo_len=4 kv_len=4096 n_heads=12 n_kv_heads=2 head_dim=128 phase=measure iteration=2 wait_policy=predictive wait_strategy=predictive-sleep-spin host_cpu_requested=0 host_cpu_actual=0 cpu_role=low-capacity host_wall_us=879 host_thread_cpu_us=50 wait_wall_us=877 wait_thread_cpu_us=49 sleep_us=830 spin_us=47 poll_count=15905 predicted_us=871 prediction_error_us=6 output_hash=c50c94b789741948 ret=0
FIG8_ATTENTION_DISPATCH mode=baseline phase=measure iteration=2 mapping_us=7 validate_in_us=69 compute_us=789 validate_out_us=5 total_us=870
FIG8_ATTENTION_PROFILE_COUNT mode=baseline qo_len=4 phase=measure iteration=2 records=2 max_records=10
FIG8_ATTENTION_TIMERS mode=baseline phase=measure iteration=2 lut_exp=0 qo_len=4 kv_len=4096 n_heads=12 n_kv_heads=2 head_dim=128 kv_head=0 worker=0 profiled_total=317 q_load=1 k_load=125 v_load=114 qk_dot=2 safe_sm=72 core_acc=1 o_scale=0 o_store=2
FIG8_ATTENTION_TIMERS mode=baseline phase=measure iteration=2 lut_exp=0 qo_len=4 kv_len=4096 n_heads=12 n_kv_heads=2 head_dim=128 kv_head=1 worker=0 profiled_total=322 q_load=1 k_load=129 v_load=116 qk_dot=2 safe_sm=73 core_acc=0 o_scale=0 o_store=1
FIG8_ATTENTION_EVENT_COUNT mode=baseline qo_len=4 phase=measure iteration=2 events=16 max_events=3224 overflow=0
FIG8_ATTENTION_HOST_TIMING mode=baseline qo_len=4 kv_len=4096 n_heads=12 n_kv_heads=2 head_dim=128 phase=measure iteration=3 wait_policy=predictive wait_strategy=predictive-sleep-spin host_cpu_requested=0 host_cpu_actual=0 cpu_role=low-capacity host_wall_us=885 host_thread_cpu_us=55 wait_wall_us=884 wait_thread_cpu_us=54 sleep_us=830 spin_us=54 poll_count=17949 predicted_us=871 prediction_error_us=13 output_hash=c50c94b789741948 ret=0
FIG8_ATTENTION_DISPATCH mode=baseline phase=measure iteration=3 mapping_us=6 validate_in_us=68 compute_us=796 validate_out_us=5 total_us=876
FIG8_ATTENTION_PROFILE_COUNT mode=baseline qo_len=4 phase=measure iteration=3 records=2 max_records=10
FIG8_ATTENTION_TIMERS mode=baseline phase=measure iteration=3 lut_exp=0 qo_len=4 kv_len=4096 n_heads=12 n_kv_heads=2 head_dim=128 kv_head=0 worker=0 profiled_total=321 q_load=1 k_load=129 v_load=115 qk_dot=2 safe_sm=72 core_acc=1 o_scale=0 o_store=1
FIG8_ATTENTION_TIMERS mode=baseline phase=measure iteration=3 lut_exp=0 qo_len=4 kv_len=4096 n_heads=12 n_kv_heads=2 head_dim=128 kv_head=1 worker=0 profiled_total=322 q_load=1 k_load=130 v_load=116 qk_dot=2 safe_sm=72 core_acc=0 o_scale=0 o_store=1
FIG8_ATTENTION_EVENT_COUNT mode=baseline qo_len=4 phase=measure iteration=3 events=16 max_events=3224 overflow=0
FIG8_ATTENTION_HOST_TIMING mode=baseline qo_len=4 kv_len=4096 n_heads=12 n_kv_heads=2 head_dim=128 phase=measure iteration=4 wait_policy=predictive wait_strategy=predictive-sleep-spin host_cpu_requested=0 host_cpu_actual=0 cpu_role=low-capacity host_wall_us=882 host_thread_cpu_us=52 wait_wall_us=881 wait_thread_cpu_us=51 sleep_us=831 spin_us=50 poll_count=16905 predicted_us=871 prediction_error_us=10 output_hash=c50c94b789741948 ret=0
FIG8_ATTENTION_DISPATCH mode=baseline phase=measure iteration=4 mapping_us=7 validate_in_us=68 compute_us=794 validate_out_us=4 total_us=874
FIG8_ATTENTION_PROFILE_COUNT mode=baseline qo_len=4 phase=measure iteration=4 records=2 max_records=10
FIG8_ATTENTION_TIMERS mode=baseline phase=measure iteration=4 lut_exp=0 qo_len=4 kv_len=4096 n_heads=12 n_kv_heads=2 head_dim=128 kv_head=0 worker=0 profiled_total=321 q_load=1 k_load=128 v_load=114 qk_dot=2 safe_sm=74 core_acc=1 o_scale=0 o_store=1
FIG8_ATTENTION_TIMERS mode=baseline phase=measure iteration=4 lut_exp=0 qo_len=4 kv_len=4096 n_heads=12 n_kv_heads=2 head_dim=128 kv_head=1 worker=0 profiled_total=321 q_load=1 k_load=129 v_load=114 qk_dot=3 safe_sm=73 core_acc=0 o_scale=0 o_store=1
FIG8_ATTENTION_EVENT_COUNT mode=baseline qo_len=4 phase=measure iteration=4 events=16 max_events=3224 overflow=0
FIG8_ATTENTION_HOST_TIMING mode=baseline qo_len=4 kv_len=4096 n_heads=12 n_kv_heads=2 head_dim=128 phase=measure iteration=5 wait_policy=predictive wait_strategy=predictive-sleep-spin host_cpu_requested=0 host_cpu_actual=0 cpu_role=low-capacity host_wall_us=877 host_thread_cpu_us=47 wait_wall_us=876 wait_thread_cpu_us=45 sleep_us=831 spin_us=45 poll_count=14952 predicted_us=871 prediction_error_us=5 output_hash=c50c94b789741948 ret=0
FIG8_ATTENTION_DISPATCH mode=baseline phase=measure iteration=5 mapping_us=7 validate_in_us=69 compute_us=788 validate_out_us=5 total_us=869
FIG8_ATTENTION_PROFILE_COUNT mode=baseline qo_len=4 phase=measure iteration=5 records=2 max_records=10
FIG8_ATTENTION_TIMERS mode=baseline phase=measure iteration=5 lut_exp=0 qo_len=4 kv_len=4096 n_heads=12 n_kv_heads=2 head_dim=128 kv_head=0 worker=0 profiled_total=318 q_load=1 k_load=126 v_load=113 qk_dot=2 safe_sm=74 core_acc=1 o_scale=0 o_store=1
FIG8_ATTENTION_TIMERS mode=baseline phase=measure iteration=5 lut_exp=0 qo_len=4 kv_len=4096 n_heads=12 n_kv_heads=2 head_dim=128 kv_head=1 worker=0 profiled_total=321 q_load=1 k_load=128 v_load=115 qk_dot=3 safe_sm=73 core_acc=0 o_scale=0 o_store=1
FIG8_ATTENTION_EVENT_COUNT mode=baseline qo_len=4 phase=measure iteration=5 events=16 max_events=3224 overflow=0
FIG8_ATTENTION_HOST_TIMING mode=baseline qo_len=4 kv_len=4096 n_heads=12 n_kv_heads=2 head_dim=128 phase=measure iteration=6 wait_policy=predictive wait_strategy=predictive-sleep-spin host_cpu_requested=0 host_cpu_actual=0 cpu_role=low-capacity host_wall_us=879 host_thread_cpu_us=10 wait_wall_us=876 wait_thread_cpu_us=9 sleep_us=872 spin_us=4 poll_count=742 predicted_us=871 prediction_error_us=5 output_hash=c50c94b789741948 ret=0
FIG8_ATTENTION_DISPATCH mode=baseline phase=measure iteration=6 mapping_us=7 validate_in_us=69 compute_us=788 validate_out_us=5 total_us=869
FIG8_ATTENTION_PROFILE_COUNT mode=baseline qo_len=4 phase=measure iteration=6 records=2 max_records=10
FIG8_ATTENTION_TIMERS mode=baseline phase=measure iteration=6 lut_exp=0 qo_len=4 kv_len=4096 n_heads=12 n_kv_heads=2 head_dim=128 kv_head=0 worker=0 profiled_total=317 q_load=1 k_load=126 v_load=113 qk_dot=2 safe_sm=73 core_acc=1 o_scale=0 o_store=1
FIG8_ATTENTION_TIMERS mode=baseline phase=measure iteration=6 lut_exp=0 qo_len=4 kv_len=4096 n_heads=12 n_kv_heads=2 head_dim=128 kv_head=1 worker=0 profiled_total=321 q_load=1 k_load=129 v_load=114 qk_dot=3 safe_sm=73 core_acc=0 o_scale=0 o_store=1
FIG8_ATTENTION_EVENT_COUNT mode=baseline qo_len=4 phase=measure iteration=6 events=16 max_events=3224 overflow=0
FIG8_ATTENTION_HOST_TIMING mode=baseline qo_len=4 kv_len=4096 n_heads=12 n_kv_heads=2 head_dim=128 phase=measure iteration=7 wait_policy=predictive wait_strategy=predictive-sleep-spin host_cpu_requested=0 host_cpu_actual=0 cpu_role=low-capacity host_wall_us=879 host_thread_cpu_us=46 wait_wall_us=876 wait_thread_cpu_us=44 sleep_us=835 spin_us=41 poll_count=7731 predicted_us=871 prediction_error_us=5 output_hash=c50c94b789741948 ret=0
FIG8_ATTENTION_DISPATCH mode=baseline phase=measure iteration=7 mapping_us=7 validate_in_us=69 compute_us=787 validate_out_us=6 total_us=869
FIG8_ATTENTION_PROFILE_COUNT mode=baseline qo_len=4 phase=measure iteration=7 records=2 max_records=10
FIG8_ATTENTION_TIMERS mode=baseline phase=measure iteration=7 lut_exp=0 qo_len=4 kv_len=4096 n_heads=12 n_kv_heads=2 head_dim=128 kv_head=0 worker=0 profiled_total=318 q_load=1 k_load=126 v_load=113 qk_dot=2 safe_sm=74 core_acc=1 o_scale=0 o_store=1
FIG8_ATTENTION_TIMERS mode=baseline phase=measure iteration=7 lut_exp=0 qo_len=4 kv_len=4096 n_heads=12 n_kv_heads=2 head_dim=128 kv_head=1 worker=0 profiled_total=322 q_load=1 k_load=129 v_load=115 qk_dot=3 safe_sm=73 core_acc=0 o_scale=0 o_store=1
FIG8_ATTENTION_EVENT_COUNT mode=baseline qo_len=4 phase=measure iteration=7 events=16 max_events=3224 overflow=0
FIG8_ATTENTION_HOST_TIMING mode=baseline qo_len=4 kv_len=4096 n_heads=12 n_kv_heads=2 head_dim=128 phase=measure iteration=8 wait_policy=predictive wait_strategy=predictive-sleep-spin host_cpu_requested=0 host_cpu_actual=0 cpu_role=low-capacity host_wall_us=875 host_thread_cpu_us=41 wait_wall_us=872 wait_thread_cpu_us=40 sleep_us=834 spin_us=38 poll_count=7128 predicted_us=871 prediction_error_us=1 output_hash=c50c94b789741948 ret=0
FIG8_ATTENTION_DISPATCH mode=baseline phase=measure iteration=8 mapping_us=7 validate_in_us=69 compute_us=784 validate_out_us=6 total_us=866
FIG8_ATTENTION_PROFILE_COUNT mode=baseline qo_len=4 phase=measure iteration=8 records=2 max_records=10
FIG8_ATTENTION_TIMERS mode=baseline phase=measure iteration=8 lut_exp=0 qo_len=4 kv_len=4096 n_heads=12 n_kv_heads=2 head_dim=128 kv_head=0 worker=0 profiled_total=315 q_load=1 k_load=125 v_load=113 qk_dot=2 safe_sm=72 core_acc=1 o_scale=0 o_store=1
FIG8_ATTENTION_TIMERS mode=baseline phase=measure iteration=8 lut_exp=0 qo_len=4 kv_len=4096 n_heads=12 n_kv_heads=2 head_dim=128 kv_head=1 worker=0 profiled_total=322 q_load=1 k_load=129 v_load=115 qk_dot=2 safe_sm=74 core_acc=0 o_scale=0 o_store=1
FIG8_ATTENTION_EVENT_COUNT mode=baseline qo_len=4 phase=measure iteration=8 events=16 max_events=3224 overflow=0
FIG8_ATTENTION_HOST_TIMING mode=baseline qo_len=4 kv_len=4096 n_heads=12 n_kv_heads=2 head_dim=128 phase=measure iteration=9 wait_policy=predictive wait_strategy=predictive-sleep-spin host_cpu_requested=0 host_cpu_actual=0 cpu_role=low-capacity host_wall_us=878 host_thread_cpu_us=44 wait_wall_us=875 wait_thread_cpu_us=42 sleep_us=835 spin_us=40 poll_count=7662 predicted_us=871 prediction_error_us=4 output_hash=c50c94b789741948 ret=0
FIG8_ATTENTION_DISPATCH mode=baseline phase=measure iteration=9 mapping_us=7 validate_in_us=69 compute_us=786 validate_out_us=6 total_us=868
FIG8_ATTENTION_PROFILE_COUNT mode=baseline qo_len=4 phase=measure iteration=9 records=2 max_records=10
FIG8_ATTENTION_TIMERS mode=baseline phase=measure iteration=9 lut_exp=0 qo_len=4 kv_len=4096 n_heads=12 n_kv_heads=2 head_dim=128 kv_head=0 worker=0 profiled_total=317 q_load=1 k_load=125 v_load=113 qk_dot=2 safe_sm=73 core_acc=1 o_scale=0 o_store=2
FIG8_ATTENTION_TIMERS mode=baseline phase=measure iteration=9 lut_exp=0 qo_len=4 kv_len=4096 n_heads=12 n_kv_heads=2 head_dim=128 kv_head=1 worker=0 profiled_total=319 q_load=1 k_load=127 v_load=114 qk_dot=2 safe_sm=74 core_acc=0 o_scale=0 o_store=1
FIG8_ATTENTION_EVENT_COUNT mode=baseline qo_len=4 phase=measure iteration=9 events=16 max_events=3224 overflow=0
FIG8_ATTENTION_HOST_TIMING mode=baseline qo_len=4 kv_len=4096 n_heads=12 n_kv_heads=2 head_dim=128 phase=measure iteration=10 wait_policy=predictive wait_strategy=predictive-sleep-spin host_cpu_requested=0 host_cpu_actual=0 cpu_role=low-capacity host_wall_us=877 host_thread_cpu_us=42 wait_wall_us=874 wait_thread_cpu_us=40 sleep_us=835 spin_us=39 poll_count=7302 predicted_us=871 prediction_error_us=3 output_hash=c50c94b789741948 ret=0
FIG8_ATTENTION_DISPATCH mode=baseline phase=measure iteration=10 mapping_us=7 validate_in_us=69 compute_us=786 validate_out_us=6 total_us=868
FIG8_ATTENTION_PROFILE_COUNT mode=baseline qo_len=4 phase=measure iteration=10 records=2 max_records=10
FIG8_ATTENTION_TIMERS mode=baseline phase=measure iteration=10 lut_exp=0 qo_len=4 kv_len=4096 n_heads=12 n_kv_heads=2 head_dim=128 kv_head=0 worker=0 profiled_total=317 q_load=1 k_load=126 v_load=113 qk_dot=2 safe_sm=73 core_acc=1 o_scale=0 o_store=1
FIG8_ATTENTION_TIMERS mode=baseline phase=measure iteration=10 lut_exp=0 qo_len=4 kv_len=4096 n_heads=12 n_kv_heads=2 head_dim=128 kv_head=1 worker=0 profiled_total=321 q_load=1 k_load=129 v_load=115 qk_dot=2 safe_sm=73 core_acc=0 o_scale=0 o_store=1
FIG8_ATTENTION_EVENT_COUNT mode=baseline qo_len=4 phase=measure iteration=10 events=16 max_events=3224 overflow=0
FIG8_ATTENTION_HOST_TIMING mode=baseline qo_len=4 kv_len=4096 n_heads=12 n_kv_heads=2 head_dim=128 phase=measure iteration=11 wait_policy=predictive wait_strategy=predictive-sleep-spin host_cpu_requested=0 host_cpu_actual=0 cpu_role=low-capacity host_wall_us=875 host_thread_cpu_us=41 wait_wall_us=872 wait_thread_cpu_us=40 sleep_us=835 spin_us=37 poll_count=7047 predicted_us=871 prediction_error_us=1 output_hash=c50c94b789741948 ret=0
FIG8_ATTENTION_DISPATCH mode=baseline phase=measure iteration=11 mapping_us=7 validate_in_us=69 compute_us=784 validate_out_us=5 total_us=865
FIG8_ATTENTION_PROFILE_COUNT mode=baseline qo_len=4 phase=measure iteration=11 records=2 max_records=10
FIG8_ATTENTION_TIMERS mode=baseline phase=measure iteration=11 lut_exp=0 qo_len=4 kv_len=4096 n_heads=12 n_kv_heads=2 head_dim=128 kv_head=0 worker=0 profiled_total=317 q_load=1 k_load=127 v_load=112 qk_dot=2 safe_sm=73 core_acc=1 o_scale=0 o_store=1
FIG8_ATTENTION_TIMERS mode=baseline phase=measure iteration=11 lut_exp=0 qo_len=4 kv_len=4096 n_heads=12 n_kv_heads=2 head_dim=128 kv_head=1 worker=0 profiled_total=318 q_load=1 k_load=127 v_load=114 qk_dot=2 safe_sm=73 core_acc=0 o_scale=0 o_store=1
FIG8_ATTENTION_EVENT_COUNT mode=baseline qo_len=4 phase=measure iteration=11 events=16 max_events=3224 overflow=0
FIG8_ATTENTION_HOST_TIMING mode=baseline qo_len=4 kv_len=4096 n_heads=12 n_kv_heads=2 head_dim=128 phase=measure iteration=12 wait_policy=predictive wait_strategy=predictive-sleep-spin host_cpu_requested=0 host_cpu_actual=0 cpu_role=low-capacity host_wall_us=872 host_thread_cpu_us=39 wait_wall_us=869 wait_thread_cpu_us=37 sleep_us=834 spin_us=35 poll_count=6547 predicted_us=871 prediction_error_us=-2 output_hash=c50c94b789741948 ret=0
FIG8_ATTENTION_DISPATCH mode=baseline phase=measure iteration=12 mapping_us=7 validate_in_us=69 compute_us=781 validate_out_us=5 total_us=862
FIG8_ATTENTION_PROFILE_COUNT mode=baseline qo_len=4 phase=measure iteration=12 records=2 max_records=10
FIG8_ATTENTION_TIMERS mode=baseline phase=measure iteration=12 lut_exp=0 qo_len=4 kv_len=4096 n_heads=12 n_kv_heads=2 head_dim=128 kv_head=0 worker=0 profiled_total=314 q_load=1 k_load=126 v_load=112 qk_dot=2 safe_sm=71 core_acc=1 o_scale=0 o_store=1
FIG8_ATTENTION_TIMERS mode=baseline phase=measure iteration=12 lut_exp=0 qo_len=4 kv_len=4096 n_heads=12 n_kv_heads=2 head_dim=128 kv_head=1 worker=0 profiled_total=319 q_load=1 k_load=128 v_load=114 qk_dot=2 safe_sm=73 core_acc=0 o_scale=0 o_store=1
FIG8_ATTENTION_EVENT_COUNT mode=baseline qo_len=4 phase=measure iteration=12 events=16 max_events=3224 overflow=0
FIG8_ATTENTION_HOST_TIMING mode=baseline qo_len=4 kv_len=4096 n_heads=12 n_kv_heads=2 head_dim=128 phase=measure iteration=13 wait_policy=predictive wait_strategy=predictive-sleep-spin host_cpu_requested=0 host_cpu_actual=0 cpu_role=low-capacity host_wall_us=875 host_thread_cpu_us=42 wait_wall_us=872 wait_thread_cpu_us=40 sleep_us=834 spin_us=38 poll_count=7137 predicted_us=871 prediction_error_us=1 output_hash=c50c94b789741948 ret=0
FIG8_ATTENTION_DISPATCH mode=baseline phase=measure iteration=13 mapping_us=7 validate_in_us=69 compute_us=784 validate_out_us=6 total_us=866
FIG8_ATTENTION_PROFILE_COUNT mode=baseline qo_len=4 phase=measure iteration=13 records=2 max_records=10
FIG8_ATTENTION_TIMERS mode=baseline phase=measure iteration=13 lut_exp=0 qo_len=4 kv_len=4096 n_heads=12 n_kv_heads=2 head_dim=128 kv_head=0 worker=0 profiled_total=315 q_load=1 k_load=126 v_load=111 qk_dot=2 safe_sm=73 core_acc=1 o_scale=0 o_store=1
FIG8_ATTENTION_TIMERS mode=baseline phase=measure iteration=13 lut_exp=0 qo_len=4 kv_len=4096 n_heads=12 n_kv_heads=2 head_dim=128 kv_head=1 worker=0 profiled_total=318 q_load=1 k_load=128 v_load=113 qk_dot=2 safe_sm=73 core_acc=0 o_scale=0 o_store=1
FIG8_ATTENTION_EVENT_COUNT mode=baseline qo_len=4 phase=measure iteration=13 events=16 max_events=3224 overflow=0
FIG8_ATTENTION_HOST_TIMING mode=baseline qo_len=4 kv_len=4096 n_heads=12 n_kv_heads=2 head_dim=128 phase=measure iteration=14 wait_policy=predictive wait_strategy=predictive-sleep-spin host_cpu_requested=0 host_cpu_actual=0 cpu_role=low-capacity host_wall_us=875 host_thread_cpu_us=42 wait_wall_us=872 wait_thread_cpu_us=40 sleep_us=834 spin_us=38 poll_count=7065 predicted_us=871 prediction_error_us=1 output_hash=c50c94b789741948 ret=0
FIG8_ATTENTION_DISPATCH mode=baseline phase=measure iteration=14 mapping_us=7 validate_in_us=68 compute_us=784 validate_out_us=5 total_us=865
FIG8_ATTENTION_PROFILE_COUNT mode=baseline qo_len=4 phase=measure iteration=14 records=2 max_records=10
FIG8_ATTENTION_TIMERS mode=baseline phase=measure iteration=14 lut_exp=0 qo_len=4 kv_len=4096 n_heads=12 n_kv_heads=2 head_dim=128 kv_head=0 worker=0 profiled_total=317 q_load=1 k_load=126 v_load=113 qk_dot=2 safe_sm=73 core_acc=1 o_scale=0 o_store=1
FIG8_ATTENTION_TIMERS mode=baseline phase=measure iteration=14 lut_exp=0 qo_len=4 kv_len=4096 n_heads=12 n_kv_heads=2 head_dim=128 kv_head=1 worker=0 profiled_total=318 q_load=1 k_load=128 v_load=113 qk_dot=2 safe_sm=73 core_acc=0 o_scale=0 o_store=1
FIG8_ATTENTION_EVENT_COUNT mode=baseline qo_len=4 phase=measure iteration=14 events=16 max_events=3224 overflow=0
FIG8_ATTENTION_HOST_TIMING mode=baseline qo_len=4 kv_len=4096 n_heads=12 n_kv_heads=2 head_dim=128 phase=measure iteration=15 wait_policy=predictive wait_strategy=predictive-sleep-spin host_cpu_requested=0 host_cpu_actual=0 cpu_role=low-capacity host_wall_us=874 host_thread_cpu_us=40 wait_wall_us=871 wait_thread_cpu_us=39 sleep_us=835 spin_us=36 poll_count=6846 predicted_us=871 prediction_error_us=0 output_hash=c50c94b789741948 ret=0
FIG8_ATTENTION_DISPATCH mode=baseline phase=measure iteration=15 mapping_us=7 validate_in_us=69 compute_us=784 validate_out_us=5 total_us=865
FIG8_ATTENTION_PROFILE_COUNT mode=baseline qo_len=4 phase=measure iteration=15 records=2 max_records=10
FIG8_ATTENTION_TIMERS mode=baseline phase=measure iteration=15 lut_exp=0 qo_len=4 kv_len=4096 n_heads=12 n_kv_heads=2 head_dim=128 kv_head=0 worker=0 profiled_total=316 q_load=1 k_load=126 v_load=112 qk_dot=2 safe_sm=73 core_acc=1 o_scale=0 o_store=1
FIG8_ATTENTION_TIMERS mode=baseline phase=measure iteration=15 lut_exp=0 qo_len=4 kv_len=4096 n_heads=12 n_kv_heads=2 head_dim=128 kv_head=1 worker=0 profiled_total=318 q_load=1 k_load=128 v_load=113 qk_dot=2 safe_sm=73 core_acc=0 o_scale=0 o_store=1
FIG8_ATTENTION_EVENT_COUNT mode=baseline qo_len=4 phase=measure iteration=15 events=16 max_events=3224 overflow=0
FIG8_ATTENTION_HOST_TIMING mode=baseline qo_len=4 kv_len=4096 n_heads=12 n_kv_heads=2 head_dim=128 phase=measure iteration=16 wait_policy=predictive wait_strategy=predictive-sleep-spin host_cpu_requested=0 host_cpu_actual=0 cpu_role=low-capacity host_wall_us=875 host_thread_cpu_us=10 wait_wall_us=872 wait_thread_cpu_us=9 sleep_us=872 spin_us=0 poll_count=1 predicted_us=871 prediction_error_us=1 output_hash=c50c94b789741948 ret=0
FIG8_ATTENTION_DISPATCH mode=baseline phase=measure iteration=16 mapping_us=7 validate_in_us=69 compute_us=781 validate_out_us=5 total_us=862
FIG8_ATTENTION_PROFILE_COUNT mode=baseline qo_len=4 phase=measure iteration=16 records=2 max_records=10
FIG8_ATTENTION_TIMERS mode=baseline phase=measure iteration=16 lut_exp=0 qo_len=4 kv_len=4096 n_heads=12 n_kv_heads=2 head_dim=128 kv_head=0 worker=0 profiled_total=315 q_load=1 k_load=126 v_load=111 qk_dot=2 safe_sm=73 core_acc=1 o_scale=0 o_store=1
FIG8_ATTENTION_TIMERS mode=baseline phase=measure iteration=16 lut_exp=0 qo_len=4 kv_len=4096 n_heads=12 n_kv_heads=2 head_dim=128 kv_head=1 worker=0 profiled_total=318 q_load=1 k_load=130 v_load=113 qk_dot=2 safe_sm=71 core_acc=0 o_scale=0 o_store=1
FIG8_ATTENTION_EVENT_COUNT mode=baseline qo_len=4 phase=measure iteration=16 events=16 max_events=3224 overflow=0
FIG8_ATTENTION_HOST_TIMING mode=baseline qo_len=4 kv_len=4096 n_heads=12 n_kv_heads=2 head_dim=128 phase=measure iteration=17 wait_policy=predictive wait_strategy=predictive-sleep-spin host_cpu_requested=0 host_cpu_actual=0 cpu_role=low-capacity host_wall_us=876 host_thread_cpu_us=42 wait_wall_us=873 wait_thread_cpu_us=41 sleep_us=835 spin_us=38 poll_count=7169 predicted_us=871 prediction_error_us=2 output_hash=c50c94b789741948 ret=0
FIG8_ATTENTION_DISPATCH mode=baseline phase=measure iteration=17 mapping_us=7 validate_in_us=69 compute_us=784 validate_out_us=6 total_us=866
FIG8_ATTENTION_PROFILE_COUNT mode=baseline qo_len=4 phase=measure iteration=17 records=2 max_records=10
FIG8_ATTENTION_TIMERS mode=baseline phase=measure iteration=17 lut_exp=0 qo_len=4 kv_len=4096 n_heads=12 n_kv_heads=2 head_dim=128 kv_head=0 worker=0 profiled_total=317 q_load=1 k_load=126 v_load=112 qk_dot=2 safe_sm=74 core_acc=1 o_scale=0 o_store=1
FIG8_ATTENTION_TIMERS mode=baseline phase=measure iteration=17 lut_exp=0 qo_len=4 kv_len=4096 n_heads=12 n_kv_heads=2 head_dim=128 kv_head=1 worker=0 profiled_total=318 q_load=1 k_load=129 v_load=112 qk_dot=2 safe_sm=73 core_acc=0 o_scale=0 o_store=1
FIG8_ATTENTION_EVENT_COUNT mode=baseline qo_len=4 phase=measure iteration=17 events=16 max_events=3224 overflow=0
FIG8_ATTENTION_HOST_TIMING mode=baseline qo_len=4 kv_len=4096 n_heads=12 n_kv_heads=2 head_dim=128 phase=measure iteration=18 wait_policy=predictive wait_strategy=predictive-sleep-spin host_cpu_requested=0 host_cpu_actual=0 cpu_role=low-capacity host_wall_us=874 host_thread_cpu_us=40 wait_wall_us=871 wait_thread_cpu_us=39 sleep_us=835 spin_us=36 poll_count=6845 predicted_us=871 prediction_error_us=0 output_hash=c50c94b789741948 ret=0
FIG8_ATTENTION_DISPATCH mode=baseline phase=measure iteration=18 mapping_us=7 validate_in_us=68 compute_us=783 validate_out_us=5 total_us=864
FIG8_ATTENTION_PROFILE_COUNT mode=baseline qo_len=4 phase=measure iteration=18 records=2 max_records=10
FIG8_ATTENTION_TIMERS mode=baseline phase=measure iteration=18 lut_exp=0 qo_len=4 kv_len=4096 n_heads=12 n_kv_heads=2 head_dim=128 kv_head=0 worker=0 profiled_total=316 q_load=1 k_load=125 v_load=112 qk_dot=2 safe_sm=74 core_acc=1 o_scale=0 o_store=1
FIG8_ATTENTION_TIMERS mode=baseline phase=measure iteration=18 lut_exp=0 qo_len=4 kv_len=4096 n_heads=12 n_kv_heads=2 head_dim=128 kv_head=1 worker=0 profiled_total=319 q_load=1 k_load=129 v_load=113 qk_dot=2 safe_sm=73 core_acc=0 o_scale=0 o_store=1
FIG8_ATTENTION_EVENT_COUNT mode=baseline qo_len=4 phase=measure iteration=18 events=16 max_events=3224 overflow=0
FIG8_ATTENTION_HOST_TIMING mode=baseline qo_len=4 kv_len=4096 n_heads=12 n_kv_heads=2 head_dim=128 phase=measure iteration=19 wait_policy=predictive wait_strategy=predictive-sleep-spin host_cpu_requested=0 host_cpu_actual=0 cpu_role=low-capacity host_wall_us=878 host_thread_cpu_us=45 wait_wall_us=875 wait_thread_cpu_us=43 sleep_us=834 spin_us=41 poll_count=7644 predicted_us=871 prediction_error_us=4 output_hash=c50c94b789741948 ret=0
FIG8_ATTENTION_DISPATCH mode=baseline phase=measure iteration=19 mapping_us=7 validate_in_us=70 compute_us=786 validate_out_us=5 total_us=868
FIG8_ATTENTION_PROFILE_COUNT mode=baseline qo_len=4 phase=measure iteration=19 records=2 max_records=10
FIG8_ATTENTION_TIMERS mode=baseline phase=measure iteration=19 lut_exp=0 qo_len=4 kv_len=4096 n_heads=12 n_kv_heads=2 head_dim=128 kv_head=0 worker=0 profiled_total=317 q_load=1 k_load=126 v_load=112 qk_dot=2 safe_sm=74 core_acc=1 o_scale=0 o_store=1
FIG8_ATTENTION_TIMERS mode=baseline phase=measure iteration=19 lut_exp=0 qo_len=4 kv_len=4096 n_heads=12 n_kv_heads=2 head_dim=128 kv_head=1 worker=0 profiled_total=318 q_load=1 k_load=129 v_load=112 qk_dot=2 safe_sm=73 core_acc=0 o_scale=0 o_store=1
FIG8_ATTENTION_EVENT_COUNT mode=baseline qo_len=4 phase=measure iteration=19 events=16 max_events=3224 overflow=0
