FIG8_CPU_TOPOLOGY cpu=0 allowed=1 max_freq_khz=3532800 capacity=792 role=low-capacity
FIG8_CPU_TOPOLOGY cpu=1 allowed=1 max_freq_khz=3532800 capacity=792 role=low-capacity
FIG8_CPU_TOPOLOGY cpu=2 allowed=1 max_freq_khz=3532800 capacity=792 role=low-capacity
FIG8_CPU_TOPOLOGY cpu=3 allowed=1 max_freq_khz=3532800 capacity=792 role=low-capacity
FIG8_CPU_TOPOLOGY cpu=4 allowed=1 max_freq_khz=3532800 capacity=792 role=low-capacity
FIG8_CPU_TOPOLOGY cpu=5 allowed=1 max_freq_khz=3532800 capacity=792 role=low-capacity
FIG8_CPU_TOPOLOGY cpu=6 allowed=1 max_freq_khz=4320000 capacity=1024 role=high-capacity
FIG8_CPU_TOPOLOGY cpu=7 allowed=1 max_freq_khz=4320000 capacity=1024 role=high-capacity
FIG8_ATTENTION_CONFIG mode=baseline mask_mode=full qo_len=32 kv_len=4096 n_heads=12 n_kv_heads=2 head_dim=128 warmup=5 iters=20 q_size=196608 kv_size=2097152 mask_size=262144 profile_size=1793664 profile_max_records=10 profile_max_events=24896 mode_flags=0 print_events=0 wait_policy=predictive host_cpu=6 cpu_role=high-capacity host_sync_calibration=20 descriptor_prepare_us=0 persistent_rpcmem=1 persistent_channel=1 persistent_dsp_maps=1
FIG8_SYNC_CALIBRATION requested_policy=predictive iteration=0 effective_strategy=calibration-legacy wait_wall_us=2225 thread_cpu_us=56 sleep_us=2219 spin_us=6 poll_count=20 dsp_dispatch_total_us=2121
FIG8_SYNC_CALIBRATION requested_policy=predictive iteration=1 effective_strategy=calibration-legacy wait_wall_us=2308 thread_cpu_us=82 sleep_us=2301 spin_us=7 poll_count=21 dsp_dispatch_total_us=2236
FIG8_SYNC_CALIBRATION requested_policy=predictive iteration=2 effective_strategy=calibration-legacy wait_wall_us=2280 thread_cpu_us=55 sleep_us=2274 spin_us=6 poll_count=21 dsp_dispatch_total_us=2244
FIG8_SYNC_CALIBRATION requested_policy=predictive iteration=3 effective_strategy=calibration-legacy wait_wall_us=2302 thread_cpu_us=70 sleep_us=2298 spin_us=4 poll_count=21 dsp_dispatch_total_us=2250
FIG8_SYNC_CALIBRATION requested_policy=predictive iteration=4 effective_strategy=calibration-legacy wait_wall_us=2279 thread_cpu_us=90 sleep_us=2271 spin_us=8 poll_count=21 dsp_dispatch_total_us=2248
FIG8_SYNC_CALIBRATION requested_policy=predictive iteration=5 effective_strategy=calibration-legacy wait_wall_us=2277 thread_cpu_us=55 sleep_us=2275 spin_us=2 poll_count=21 dsp_dispatch_total_us=2237
FIG8_SYNC_CALIBRATION requested_policy=predictive iteration=6 effective_strategy=calibration-legacy wait_wall_us=2313 thread_cpu_us=78 sleep_us=2308 spin_us=5 poll_count=21 dsp_dispatch_total_us=2240
FIG8_SYNC_CALIBRATION requested_policy=predictive iteration=7 effective_strategy=calibration-legacy wait_wall_us=2312 thread_cpu_us=50 sleep_us=2307 spin_us=5 poll_count=21 dsp_dispatch_total_us=2234
FIG8_SYNC_CALIBRATION requested_policy=predictive iteration=8 effective_strategy=calibration-legacy wait_wall_us=2270 thread_cpu_us=69 sleep_us=2265 spin_us=5 poll_count=21 dsp_dispatch_total_us=2236
FIG8_SYNC_CALIBRATION requested_policy=predictive iteration=9 effective_strategy=calibration-legacy wait_wall_us=2280 thread_cpu_us=52 sleep_us=2273 spin_us=7 poll_count=21 dsp_dispatch_total_us=2238
FIG8_SYNC_CALIBRATION requested_policy=predictive iteration=10 effective_strategy=calibration-legacy wait_wall_us=2317 thread_cpu_us=78 sleep_us=2314 spin_us=3 poll_count=21 dsp_dispatch_total_us=2238
FIG8_SYNC_CALIBRATION requested_policy=predictive iteration=11 effective_strategy=calibration-legacy wait_wall_us=2281 thread_cpu_us=54 sleep_us=2276 spin_us=5 poll_count=21 dsp_dispatch_total_us=2236
FIG8_SYNC_CALIBRATION requested_policy=predictive iteration=12 effective_strategy=calibration-legacy wait_wall_us=2280 thread_cpu_us=53 sleep_us=2276 spin_us=4 poll_count=21 dsp_dispatch_total_us=2243
FIG8_SYNC_CALIBRATION requested_policy=predictive iteration=13 effective_strategy=calibration-legacy wait_wall_us=2281 thread_cpu_us=53 sleep_us=2274 spin_us=7 poll_count=21 dsp_dispatch_total_us=2240
FIG8_SYNC_CALIBRATION requested_policy=predictive iteration=14 effective_strategy=calibration-legacy wait_wall_us=2309 thread_cpu_us=54 sleep_us=2307 spin_us=2 poll_count=21 dsp_dispatch_total_us=2239
FIG8_SYNC_CALIBRATION requested_policy=predictive iteration=15 effective_strategy=calibration-legacy wait_wall_us=2293 thread_cpu_us=91 sleep_us=2288 spin_us=5 poll_count=21 dsp_dispatch_total_us=2239
FIG8_SYNC_CALIBRATION requested_policy=predictive iteration=16 effective_strategy=calibration-legacy wait_wall_us=2281 thread_cpu_us=54 sleep_us=2277 spin_us=4 poll_count=21 dsp_dispatch_total_us=2249
FIG8_SYNC_CALIBRATION requested_policy=predictive iteration=17 effective_strategy=calibration-legacy wait_wall_us=2277 thread_cpu_us=53 sleep_us=2273 spin_us=4 poll_count=21 dsp_dispatch_total_us=2227
FIG8_SYNC_CALIBRATION requested_policy=predictive iteration=18 effective_strategy=calibration-legacy wait_wall_us=2280 thread_cpu_us=54 sleep_us=2276 spin_us=4 poll_count=21 dsp_dispatch_total_us=2238
FIG8_SYNC_CALIBRATION requested_policy=predictive iteration=19 effective_strategy=calibration-legacy wait_wall_us=2284 thread_cpu_us=54 sleep_us=2280 spin_us=4 poll_count=21 dsp_dispatch_total_us=2244
FIG8_ATTENTION_HOST_TIMING mode=baseline qo_len=32 kv_len=4096 n_heads=12 n_kv_heads=2 head_dim=128 phase=warmup iteration=0 wait_policy=predictive wait_strategy=predictive-sleep-spin host_cpu_requested=6 host_cpu_actual=6 cpu_role=high-capacity host_wall_us=2336 host_thread_cpu_us=103 wait_wall_us=2333 wait_thread_cpu_us=101 sleep_us=2237 spin_us=96 poll_count=13610 predicted_us=2270 prediction_error_us=63 output_hash=23e201cc6e23589a ret=0
FIG8_ATTENTION_DISPATCH mode=baseline phase=warmup iteration=0 mapping_us=8 validate_in_us=75 compute_us=2206 validate_out_us=34 total_us=2323
FIG8_ATTENTION_PROFILE_COUNT mode=baseline qo_len=32 phase=warmup iteration=0 records=2 max_records=10
FIG8_ATTENTION_TIMERS mode=baseline phase=warmup iteration=0 lut_exp=0 qo_len=32 kv_len=4096 n_heads=12 n_kv_heads=2 head_dim=128 kv_head=0 worker=0 profiled_total=1021 q_load=8 k_load=189 v_load=189 qk_dot=12 safe_sm=600 core_acc=12 o_scale=1 o_store=10
FIG8_ATTENTION_TIMERS mode=baseline phase=warmup iteration=0 lut_exp=0 qo_len=32 kv_len=4096 n_heads=12 n_kv_heads=2 head_dim=128 kv_head=1 worker=0 profiled_total=1007 q_load=8 k_load=200 v_load=183 qk_dot=12 safe_sm=583 core_acc=10 o_scale=1 o_store=10
FIG8_ATTENTION_EVENT_COUNT mode=baseline qo_len=32 phase=warmup iteration=0 events=16 max_events=24896 overflow=0
FIG8_ATTENTION_HOST_TIMING mode=baseline qo_len=32 kv_len=4096 n_heads=12 n_kv_heads=2 head_dim=128 phase=warmup iteration=1 wait_policy=predictive wait_strategy=predictive-sleep-spin host_cpu_requested=6 host_cpu_actual=6 cpu_role=high-capacity host_wall_us=2335 host_thread_cpu_us=94 wait_wall_us=2332 wait_thread_cpu_us=92 sleep_us=2245 spin_us=87 poll_count=12408 predicted_us=2277 prediction_error_us=55 output_hash=23e201cc6e23589a ret=0
FIG8_ATTENTION_DISPATCH mode=baseline phase=warmup iteration=1 mapping_us=8 validate_in_us=75 compute_us=2205 validate_out_us=34 total_us=2323
FIG8_ATTENTION_PROFILE_COUNT mode=baseline qo_len=32 phase=warmup iteration=1 records=2 max_records=10
FIG8_ATTENTION_TIMERS mode=baseline phase=warmup iteration=1 lut_exp=0 qo_len=32 kv_len=4096 n_heads=12 n_kv_heads=2 head_dim=128 kv_head=0 worker=0 profiled_total=1021 q_load=8 k_load=187 v_load=189 qk_dot=12 safe_sm=601 core_acc=12 o_scale=1 o_store=11
FIG8_ATTENTION_TIMERS mode=baseline phase=warmup iteration=1 lut_exp=0 qo_len=32 kv_len=4096 n_heads=12 n_kv_heads=2 head_dim=128 kv_head=1 worker=0 profiled_total=1008 q_load=8 k_load=199 v_load=182 qk_dot=12 safe_sm=585 core_acc=11 o_scale=1 o_store=10
FIG8_ATTENTION_EVENT_COUNT mode=baseline qo_len=32 phase=warmup iteration=1 events=16 max_events=24896 overflow=0
FIG8_ATTENTION_HOST_TIMING mode=baseline qo_len=32 kv_len=4096 n_heads=12 n_kv_heads=2 head_dim=128 phase=warmup iteration=2 wait_policy=predictive wait_strategy=predictive-sleep-spin host_cpu_requested=6 host_cpu_actual=6 cpu_role=high-capacity host_wall_us=2336 host_thread_cpu_us=96 wait_wall_us=2333 wait_thread_cpu_us=94 sleep_us=2243 spin_us=90 poll_count=12823 predicted_us=2277 prediction_error_us=56 output_hash=23e201cc6e23589a ret=0
FIG8_ATTENTION_DISPATCH mode=baseline phase=warmup iteration=2 mapping_us=8 validate_in_us=75 compute_us=2206 validate_out_us=33 total_us=2323
FIG8_ATTENTION_PROFILE_COUNT mode=baseline qo_len=32 phase=warmup iteration=2 records=2 max_records=10
FIG8_ATTENTION_TIMERS mode=baseline phase=warmup iteration=2 lut_exp=0 qo_len=32 kv_len=4096 n_heads=12 n_kv_heads=2 head_dim=128 kv_head=0 worker=0 profiled_total=1020 q_load=8 k_load=189 v_load=189 qk_dot=12 safe_sm=599 core_acc=12 o_scale=1 o_store=10
FIG8_ATTENTION_TIMERS mode=baseline phase=warmup iteration=2 lut_exp=0 qo_len=32 kv_len=4096 n_heads=12 n_kv_heads=2 head_dim=128 kv_head=1 worker=0 profiled_total=1009 q_load=8 k_load=201 v_load=183 qk_dot=12 safe_sm=583 core_acc=11 o_scale=1 o_store=10
FIG8_ATTENTION_EVENT_COUNT mode=baseline qo_len=32 phase=warmup iteration=2 events=16 max_events=24896 overflow=0
FIG8_ATTENTION_HOST_TIMING mode=baseline qo_len=32 kv_len=4096 n_heads=12 n_kv_heads=2 head_dim=128 phase=warmup iteration=3 wait_policy=predictive wait_strategy=predictive-sleep-spin host_cpu_requested=6 host_cpu_actual=6 cpu_role=high-capacity host_wall_us=2339 host_thread_cpu_us=98 wait_wall_us=2336 wait_thread_cpu_us=96 sleep_us=2243 spin_us=93 poll_count=13076 predicted_us=2277 prediction_error_us=59 output_hash=23e201cc6e23589a ret=0
FIG8_ATTENTION_DISPATCH mode=baseline phase=warmup iteration=3 mapping_us=8 validate_in_us=75 compute_us=2209 validate_out_us=33 total_us=2326
FIG8_ATTENTION_PROFILE_COUNT mode=baseline qo_len=32 phase=warmup iteration=3 records=2 max_records=10
FIG8_ATTENTION_TIMERS mode=baseline phase=warmup iteration=3 lut_exp=0 qo_len=32 kv_len=4096 n_heads=12 n_kv_heads=2 head_dim=128 kv_head=0 worker=0 profiled_total=1024 q_load=8 k_load=190 v_load=189 qk_dot=12 safe_sm=601 core_acc=12 o_scale=1 o_store=11
FIG8_ATTENTION_TIMERS mode=baseline phase=warmup iteration=3 lut_exp=0 qo_len=32 kv_len=4096 n_heads=12 n_kv_heads=2 head_dim=128 kv_head=1 worker=0 profiled_total=1007 q_load=8 k_load=199 v_load=184 qk_dot=12 safe_sm=583 core_acc=10 o_scale=1 o_store=10
FIG8_ATTENTION_EVENT_COUNT mode=baseline qo_len=32 phase=warmup iteration=3 events=16 max_events=24896 overflow=0
FIG8_ATTENTION_HOST_TIMING mode=baseline qo_len=32 kv_len=4096 n_heads=12 n_kv_heads=2 head_dim=128 phase=warmup iteration=4 wait_policy=predictive wait_strategy=predictive-sleep-spin host_cpu_requested=6 host_cpu_actual=6 cpu_role=high-capacity host_wall_us=2331 host_thread_cpu_us=92 wait_wall_us=2328 wait_thread_cpu_us=90 sleep_us=2243 spin_us=85 poll_count=12160 predicted_us=2277 prediction_error_us=51 output_hash=23e201cc6e23589a ret=0
FIG8_ATTENTION_DISPATCH mode=baseline phase=warmup iteration=4 mapping_us=9 validate_in_us=75 compute_us=2202 validate_out_us=33 total_us=2319
FIG8_ATTENTION_PROFILE_COUNT mode=baseline qo_len=32 phase=warmup iteration=4 records=2 max_records=10
FIG8_ATTENTION_TIMERS mode=baseline phase=warmup iteration=4 lut_exp=0 qo_len=32 kv_len=4096 n_heads=12 n_kv_heads=2 head_dim=128 kv_head=0 worker=0 profiled_total=1021 q_load=8 k_load=188 v_load=189 qk_dot=12 safe_sm=601 core_acc=12 o_scale=1 o_store=10
FIG8_ATTENTION_TIMERS mode=baseline phase=warmup iteration=4 lut_exp=0 qo_len=32 kv_len=4096 n_heads=12 n_kv_heads=2 head_dim=128 kv_head=1 worker=0 profiled_total=1007 q_load=8 k_load=200 v_load=183 qk_dot=12 safe_sm=583 core_acc=10 o_scale=1 o_store=10
FIG8_ATTENTION_EVENT_COUNT mode=baseline qo_len=32 phase=warmup iteration=4 events=16 max_events=24896 overflow=0
FIG8_ATTENTION_HOST_TIMING mode=baseline qo_len=32 kv_len=4096 n_heads=12 n_kv_heads=2 head_dim=128 phase=measure iteration=0 wait_policy=predictive wait_strategy=predictive-sleep-spin host_cpu_requested=6 host_cpu_actual=6 cpu_role=high-capacity host_wall_us=2324 host_thread_cpu_us=84 wait_wall_us=2317 wait_thread_cpu_us=80 sleep_us=2316 spin_us=1 poll_count=1 predicted_us=2277 prediction_error_us=40 output_hash=23e201cc6e23589a ret=0
FIG8_ATTENTION_DISPATCH mode=baseline phase=measure iteration=0 mapping_us=8 validate_in_us=75 compute_us=2172 validate_out_us=33 total_us=2289
FIG8_ATTENTION_PROFILE_COUNT mode=baseline qo_len=32 phase=measure iteration=0 records=2 max_records=10
FIG8_ATTENTION_TIMERS mode=baseline phase=measure iteration=0 lut_exp=0 qo_len=32 kv_len=4096 n_heads=12 n_kv_heads=2 head_dim=128 kv_head=0 worker=0 profiled_total=1025 q_load=9 k_load=192 v_load=188 qk_dot=13 safe_sm=599 core_acc=12 o_scale=1 o_store=11
FIG8_ATTENTION_TIMERS mode=baseline phase=measure iteration=0 lut_exp=0 qo_len=32 kv_len=4096 n_heads=12 n_kv_heads=2 head_dim=128 kv_head=1 worker=0 profiled_total=974 q_load=8 k_load=190 v_load=159 qk_dot=12 safe_sm=584 core_acc=10 o_scale=1 o_store=10
FIG8_ATTENTION_EVENT_COUNT mode=baseline qo_len=32 phase=measure iteration=0 events=16 max_events=24896 overflow=0
FIG8_ATTENTION_HOST_TIMING mode=baseline qo_len=32 kv_len=4096 n_heads=12 n_kv_heads=2 head_dim=128 phase=measure iteration=1 wait_policy=predictive wait_strategy=predictive-sleep-spin host_cpu_requested=6 host_cpu_actual=6 cpu_role=high-capacity host_wall_us=2339 host_thread_cpu_us=96 wait_wall_us=2334 wait_thread_cpu_us=92 sleep_us=2332 spin_us=2 poll_count=1 predicted_us=2277 prediction_error_us=57 output_hash=23e201cc6e23589a ret=0
FIG8_ATTENTION_DISPATCH mode=baseline phase=measure iteration=1 mapping_us=8 validate_in_us=75 compute_us=2181 validate_out_us=33 total_us=2298
FIG8_ATTENTION_PROFILE_COUNT mode=baseline qo_len=32 phase=measure iteration=1 records=2 max_records=10
FIG8_ATTENTION_TIMERS mode=baseline phase=measure iteration=1 lut_exp=0 qo_len=32 kv_len=4096 n_heads=12 n_kv_heads=2 head_dim=128 kv_head=0 worker=0 profiled_total=1019 q_load=8 k_load=188 v_load=188 qk_dot=12 safe_sm=600 core_acc=11 o_scale=1 o_store=11
FIG8_ATTENTION_TIMERS mode=baseline phase=measure iteration=1 lut_exp=0 qo_len=32 kv_len=4096 n_heads=12 n_kv_heads=2 head_dim=128 kv_head=1 worker=0 profiled_total=986 q_load=8 k_load=203 v_load=162 qk_dot=12 safe_sm=580 core_acc=10 o_scale=1 o_store=10
FIG8_ATTENTION_EVENT_COUNT mode=baseline qo_len=32 phase=measure iteration=1 events=16 max_events=24896 overflow=0
FIG8_ATTENTION_HOST_TIMING mode=baseline qo_len=32 kv_len=4096 n_heads=12 n_kv_heads=2 head_dim=128 phase=measure iteration=2 wait_policy=predictive wait_strategy=predictive-sleep-spin host_cpu_requested=6 host_cpu_actual=6 cpu_role=high-capacity host_wall_us=2325 host_thread_cpu_us=60 wait_wall_us=2322 wait_thread_cpu_us=58 sleep_us=2246 spin_us=76 poll_count=6817 predicted_us=2277 prediction_error_us=45 output_hash=23e201cc6e23589a ret=0
FIG8_ATTENTION_DISPATCH mode=baseline phase=measure iteration=2 mapping_us=8 validate_in_us=76 compute_us=2196 validate_out_us=33 total_us=2313
FIG8_ATTENTION_PROFILE_COUNT mode=baseline qo_len=32 phase=measure iteration=2 records=2 max_records=10
FIG8_ATTENTION_TIMERS mode=baseline phase=measure iteration=2 lut_exp=0 qo_len=32 kv_len=4096 n_heads=12 n_kv_heads=2 head_dim=128 kv_head=0 worker=0 profiled_total=1024 q_load=8 k_load=190 v_load=189 qk_dot=12 safe_sm=601 core_acc=12 o_scale=1 o_store=11
FIG8_ATTENTION_TIMERS mode=baseline phase=measure iteration=2 lut_exp=0 qo_len=32 kv_len=4096 n_heads=12 n_kv_heads=2 head_dim=128 kv_head=1 worker=0 profiled_total=997 q_load=8 k_load=189 v_load=183 qk_dot=12 safe_sm=583 core_acc=11 o_scale=1 o_store=10
FIG8_ATTENTION_EVENT_COUNT mode=baseline qo_len=32 phase=measure iteration=2 events=16 max_events=24896 overflow=0
FIG8_ATTENTION_HOST_TIMING mode=baseline qo_len=32 kv_len=4096 n_heads=12 n_kv_heads=2 head_dim=128 phase=measure iteration=3 wait_policy=predictive wait_strategy=predictive-sleep-spin host_cpu_requested=6 host_cpu_actual=6 cpu_role=high-capacity host_wall_us=2337 host_thread_cpu_us=97 wait_wall_us=2334 wait_thread_cpu_us=95 sleep_us=2243 spin_us=91 poll_count=12982 predicted_us=2277 prediction_error_us=57 output_hash=23e201cc6e23589a ret=0
FIG8_ATTENTION_DISPATCH mode=baseline phase=measure iteration=3 mapping_us=8 validate_in_us=76 compute_us=2208 validate_out_us=33 total_us=2325
FIG8_ATTENTION_PROFILE_COUNT mode=baseline qo_len=32 phase=measure iteration=3 records=2 max_records=10
FIG8_ATTENTION_TIMERS mode=baseline phase=measure iteration=3 lut_exp=0 qo_len=32 kv_len=4096 n_heads=12 n_kv_heads=2 head_dim=128 kv_head=0 worker=0 profiled_total=1024 q_load=8 k_load=191 v_load=189 qk_dot=12 safe_sm=600 core_acc=12 o_scale=1 o_store=11
FIG8_ATTENTION_TIMERS mode=baseline phase=measure iteration=3 lut_exp=0 qo_len=32 kv_len=4096 n_heads=12 n_kv_heads=2 head_dim=128 kv_head=1 worker=0 profiled_total=1010 q_load=7 k_load=200 v_load=184 qk_dot=12 safe_sm=584 core_acc=11 o_scale=1 o_store=11
FIG8_ATTENTION_EVENT_COUNT mode=baseline qo_len=32 phase=measure iteration=3 events=16 max_events=24896 overflow=0
FIG8_ATTENTION_HOST_TIMING mode=baseline qo_len=32 kv_len=4096 n_heads=12 n_kv_heads=2 head_dim=128 phase=measure iteration=4 wait_policy=predictive wait_strategy=predictive-sleep-spin host_cpu_requested=6 host_cpu_actual=6 cpu_role=high-capacity host_wall_us=2324 host_thread_cpu_us=84 wait_wall_us=2322 wait_thread_cpu_us=82 sleep_us=2243 spin_us=79 poll_count=10996 predicted_us=2277 prediction_error_us=45 output_hash=23e201cc6e23589a ret=0
FIG8_ATTENTION_DISPATCH mode=baseline phase=measure iteration=4 mapping_us=8 validate_in_us=75 compute_us=2194 validate_out_us=34 total_us=2312
FIG8_ATTENTION_PROFILE_COUNT mode=baseline qo_len=32 phase=measure iteration=4 records=2 max_records=10
FIG8_ATTENTION_TIMERS mode=baseline phase=measure iteration=4 lut_exp=0 qo_len=32 kv_len=4096 n_heads=12 n_kv_heads=2 head_dim=128 kv_head=0 worker=0 profiled_total=1023 q_load=8 k_load=190 v_load=189 qk_dot=12 safe_sm=600 core_acc=12 o_scale=1 o_store=11
FIG8_ATTENTION_TIMERS mode=baseline phase=measure iteration=4 lut_exp=0 qo_len=32 kv_len=4096 n_heads=12 n_kv_heads=2 head_dim=128 kv_head=1 worker=0 profiled_total=997 q_load=8 k_load=187 v_load=184 qk_dot=12 safe_sm=584 core_acc=11 o_scale=1 o_store=10
FIG8_ATTENTION_EVENT_COUNT mode=baseline qo_len=32 phase=measure iteration=4 events=16 max_events=24896 overflow=0
FIG8_ATTENTION_HOST_TIMING mode=baseline qo_len=32 kv_len=4096 n_heads=12 n_kv_heads=2 head_dim=128 phase=measure iteration=5 wait_policy=predictive wait_strategy=predictive-sleep-spin host_cpu_requested=6 host_cpu_actual=6 cpu_role=high-capacity host_wall_us=2336 host_thread_cpu_us=93 wait_wall_us=2330 wait_thread_cpu_us=90 sleep_us=2329 spin_us=1 poll_count=1 predicted_us=2277 prediction_error_us=53 output_hash=23e201cc6e23589a ret=0
FIG8_ATTENTION_DISPATCH mode=baseline phase=measure iteration=5 mapping_us=8 validate_in_us=75 compute_us=2186 validate_out_us=33 total_us=2302
FIG8_ATTENTION_PROFILE_COUNT mode=baseline qo_len=32 phase=measure iteration=5 records=2 max_records=10
FIG8_ATTENTION_TIMERS mode=baseline phase=measure iteration=5 lut_exp=0 qo_len=32 kv_len=4096 n_heads=12 n_kv_heads=2 head_dim=128 kv_head=0 worker=0 profiled_total=1025 q_load=8 k_load=193 v_load=189 qk_dot=12 safe_sm=599 core_acc=12 o_scale=1 o_store=11
FIG8_ATTENTION_TIMERS mode=baseline phase=measure iteration=5 lut_exp=0 qo_len=32 kv_len=4096 n_heads=12 n_kv_heads=2 head_dim=128 kv_head=1 worker=0 profiled_total=987 q_load=8 k_load=201 v_load=161 qk_dot=12 safe_sm=584 core_acc=10 o_scale=1 o_store=10
FIG8_ATTENTION_EVENT_COUNT mode=baseline qo_len=32 phase=measure iteration=5 events=16 max_events=24896 overflow=0
FIG8_ATTENTION_HOST_TIMING mode=baseline qo_len=32 kv_len=4096 n_heads=12 n_kv_heads=2 head_dim=128 phase=measure iteration=6 wait_policy=predictive wait_strategy=predictive-sleep-spin host_cpu_requested=6 host_cpu_actual=6 cpu_role=high-capacity host_wall_us=2319 host_thread_cpu_us=75 wait_wall_us=2316 wait_thread_cpu_us=73 sleep_us=2248 spin_us=68 poll_count=9469 predicted_us=2277 prediction_error_us=39 output_hash=23e201cc6e23589a ret=0
FIG8_ATTENTION_DISPATCH mode=baseline phase=measure iteration=6 mapping_us=7 validate_in_us=75 compute_us=2189 validate_out_us=34 total_us=2306
FIG8_ATTENTION_PROFILE_COUNT mode=baseline qo_len=32 phase=measure iteration=6 records=2 max_records=10
FIG8_ATTENTION_TIMERS mode=baseline phase=measure iteration=6 lut_exp=0 qo_len=32 kv_len=4096 n_heads=12 n_kv_heads=2 head_dim=128 kv_head=0 worker=0 profiled_total=1022 q_load=8 k_load=189 v_load=189 qk_dot=12 safe_sm=600 core_acc=12 o_scale=1 o_store=11
FIG8_ATTENTION_TIMERS mode=baseline phase=measure iteration=6 lut_exp=0 qo_len=32 kv_len=4096 n_heads=12 n_kv_heads=2 head_dim=128 kv_head=1 worker=0 profiled_total=993 q_load=8 k_load=189 v_load=180 qk_dot=12 safe_sm=583 core_acc=10 o_scale=1 o_store=10
FIG8_ATTENTION_EVENT_COUNT mode=baseline qo_len=32 phase=measure iteration=6 events=16 max_events=24896 overflow=0
FIG8_ATTENTION_HOST_TIMING mode=baseline qo_len=32 kv_len=4096 n_heads=12 n_kv_heads=2 head_dim=128 phase=measure iteration=7 wait_policy=predictive wait_strategy=predictive-sleep-spin host_cpu_requested=6 host_cpu_actual=6 cpu_role=high-capacity host_wall_us=2354 host_thread_cpu_us=98 wait_wall_us=2352 wait_thread_cpu_us=97 sleep_us=2242 spin_us=110 poll_count=12289 predicted_us=2277 prediction_error_us=75 output_hash=23e201cc6e23589a ret=0
FIG8_ATTENTION_DISPATCH mode=baseline phase=measure iteration=7 mapping_us=8 validate_in_us=76 compute_us=2211 validate_out_us=33 total_us=2328
FIG8_ATTENTION_PROFILE_COUNT mode=baseline qo_len=32 phase=measure iteration=7 records=2 max_records=10
FIG8_ATTENTION_TIMERS mode=baseline phase=measure iteration=7 lut_exp=0 qo_len=32 kv_len=4096 n_heads=12 n_kv_heads=2 head_dim=128 kv_head=0 worker=0 profiled_total=1024 q_load=8 k_load=190 v_load=189 qk_dot=12 safe_sm=602 core_acc=12 o_scale=1 o_store=10
FIG8_ATTENTION_TIMERS mode=baseline phase=measure iteration=7 lut_exp=0 qo_len=32 kv_len=4096 n_heads=12 n_kv_heads=2 head_dim=128 kv_head=1 worker=0 profiled_total=1009 q_load=8 k_load=200 v_load=184 qk_dot=12 safe_sm=584 core_acc=10 o_scale=1 o_store=10
FIG8_ATTENTION_EVENT_COUNT mode=baseline qo_len=32 phase=measure iteration=7 events=16 max_events=24896 overflow=0
FIG8_ATTENTION_HOST_TIMING mode=baseline qo_len=32 kv_len=4096 n_heads=12 n_kv_heads=2 head_dim=128 phase=measure iteration=8 wait_policy=predictive wait_strategy=predictive-sleep-spin host_cpu_requested=6 host_cpu_actual=6 cpu_role=high-capacity host_wall_us=2325 host_thread_cpu_us=85 wait_wall_us=2321 wait_thread_cpu_us=83 sleep_us=2241 spin_us=80 poll_count=11265 predicted_us=2277 prediction_error_us=44 output_hash=23e201cc6e23589a ret=0
FIG8_ATTENTION_DISPATCH mode=baseline phase=measure iteration=8 mapping_us=8 validate_in_us=75 compute_us=2195 validate_out_us=33 total_us=2312
FIG8_ATTENTION_PROFILE_COUNT mode=baseline qo_len=32 phase=measure iteration=8 records=2 max_records=10
FIG8_ATTENTION_TIMERS mode=baseline phase=measure iteration=8 lut_exp=0 qo_len=32 kv_len=4096 n_heads=12 n_kv_heads=2 head_dim=128 kv_head=0 worker=0 profiled_total=1027 q_load=8 k_load=193 v_load=189 qk_dot=12 safe_sm=601 core_acc=12 o_scale=1 o_store=11
FIG8_ATTENTION_TIMERS mode=baseline phase=measure iteration=8 lut_exp=0 qo_len=32 kv_len=4096 n_heads=12 n_kv_heads=2 head_dim=128 kv_head=1 worker=0 profiled_total=993 q_load=7 k_load=188 v_load=184 qk_dot=12 safe_sm=581 core_acc=10 o_scale=1 o_store=10
FIG8_ATTENTION_EVENT_COUNT mode=baseline qo_len=32 phase=measure iteration=8 events=16 max_events=24896 overflow=0
FIG8_ATTENTION_HOST_TIMING mode=baseline qo_len=32 kv_len=4096 n_heads=12 n_kv_heads=2 head_dim=128 phase=measure iteration=9 wait_policy=predictive wait_strategy=predictive-sleep-spin host_cpu_requested=6 host_cpu_actual=6 cpu_role=high-capacity host_wall_us=2332 host_thread_cpu_us=93 wait_wall_us=2329 wait_thread_cpu_us=91 sleep_us=2242 spin_us=87 poll_count=12289 predicted_us=2277 prediction_error_us=52 output_hash=23e201cc6e23589a ret=0
FIG8_ATTENTION_DISPATCH mode=baseline phase=measure iteration=9 mapping_us=8 validate_in_us=76 compute_us=2204 validate_out_us=33 total_us=2321
FIG8_ATTENTION_PROFILE_COUNT mode=baseline qo_len=32 phase=measure iteration=9 records=2 max_records=10
FIG8_ATTENTION_TIMERS mode=baseline phase=measure iteration=9 lut_exp=0 qo_len=32 kv_len=4096 n_heads=12 n_kv_heads=2 head_dim=128 kv_head=0 worker=0 profiled_total=1024 q_load=8 k_load=190 v_load=189 qk_dot=12 safe_sm=601 core_acc=12 o_scale=1 o_store=11
FIG8_ATTENTION_TIMERS mode=baseline phase=measure iteration=9 lut_exp=0 qo_len=32 kv_len=4096 n_heads=12 n_kv_heads=2 head_dim=128 kv_head=1 worker=0 profiled_total=1008 q_load=7 k_load=201 v_load=183 qk_dot=12 safe_sm=584 core_acc=10 o_scale=1 o_store=10
FIG8_ATTENTION_EVENT_COUNT mode=baseline qo_len=32 phase=measure iteration=9 events=16 max_events=24896 overflow=0
FIG8_ATTENTION_HOST_TIMING mode=baseline qo_len=32 kv_len=4096 n_heads=12 n_kv_heads=2 head_dim=128 phase=measure iteration=10 wait_policy=predictive wait_strategy=predictive-sleep-spin host_cpu_requested=6 host_cpu_actual=6 cpu_role=high-capacity host_wall_us=2342 host_thread_cpu_us=97 wait_wall_us=2336 wait_thread_cpu_us=94 sleep_us=2335 spin_us=1 poll_count=1 predicted_us=2277 prediction_error_us=59 output_hash=23e201cc6e23589a ret=0
FIG8_ATTENTION_DISPATCH mode=baseline phase=measure iteration=10 mapping_us=7 validate_in_us=75 compute_us=2178 validate_out_us=33 total_us=2294
FIG8_ATTENTION_PROFILE_COUNT mode=baseline qo_len=32 phase=measure iteration=10 records=2 max_records=10
FIG8_ATTENTION_TIMERS mode=baseline phase=measure iteration=10 lut_exp=0 qo_len=32 kv_len=4096 n_heads=12 n_kv_heads=2 head_dim=128 kv_head=0 worker=0 profiled_total=1019 q_load=8 k_load=187 v_load=189 qk_dot=12 safe_sm=599 core_acc=12 o_scale=1 o_store=11
FIG8_ATTENTION_TIMERS mode=baseline phase=measure iteration=10 lut_exp=0 qo_len=32 kv_len=4096 n_heads=12 n_kv_heads=2 head_dim=128 kv_head=1 worker=0 profiled_total=980 q_load=7 k_load=198 v_load=159 qk_dot=12 safe_sm=583 core_acc=10 o_scale=1 o_store=10
FIG8_ATTENTION_EVENT_COUNT mode=baseline qo_len=32 phase=measure iteration=10 events=16 max_events=24896 overflow=0
FIG8_ATTENTION_HOST_TIMING mode=baseline qo_len=32 kv_len=4096 n_heads=12 n_kv_heads=2 head_dim=128 phase=measure iteration=11 wait_policy=predictive wait_strategy=predictive-sleep-spin host_cpu_requested=6 host_cpu_actual=6 cpu_role=high-capacity host_wall_us=2348 host_thread_cpu_us=98 wait_wall_us=2341 wait_thread_cpu_us=95 sleep_us=2339 spin_us=2 poll_count=1 predicted_us=2277 prediction_error_us=64 output_hash=23e201cc6e23589a ret=0
FIG8_ATTENTION_DISPATCH mode=baseline phase=measure iteration=11 mapping_us=8 validate_in_us=75 compute_us=2184 validate_out_us=33 total_us=2300
FIG8_ATTENTION_PROFILE_COUNT mode=baseline qo_len=32 phase=measure iteration=11 records=2 max_records=10
FIG8_ATTENTION_TIMERS mode=baseline phase=measure iteration=11 lut_exp=0 qo_len=32 kv_len=4096 n_heads=12 n_kv_heads=2 head_dim=128 kv_head=0 worker=0 profiled_total=1020 q_load=9 k_load=187 v_load=189 qk_dot=12 safe_sm=600 core_acc=11 o_scale=1 o_store=11
FIG8_ATTENTION_TIMERS mode=baseline phase=measure iteration=11 lut_exp=0 qo_len=32 kv_len=4096 n_heads=12 n_kv_heads=2 head_dim=128 kv_head=1 worker=0 profiled_total=987 q_load=7 k_load=202 v_load=162 qk_dot=12 safe_sm=583 core_acc=10 o_scale=1 o_store=10
FIG8_ATTENTION_EVENT_COUNT mode=baseline qo_len=32 phase=measure iteration=11 events=16 max_events=24896 overflow=0
FIG8_ATTENTION_HOST_TIMING mode=baseline qo_len=32 kv_len=4096 n_heads=12 n_kv_heads=2 head_dim=128 phase=measure iteration=12 wait_policy=predictive wait_strategy=predictive-sleep-spin host_cpu_requested=6 host_cpu_actual=6 cpu_role=high-capacity host_wall_us=2337 host_thread_cpu_us=71 wait_wall_us=2333 wait_thread_cpu_us=69 sleep_us=2246 spin_us=87 poll_count=8543 predicted_us=2277 prediction_error_us=56 output_hash=23e201cc6e23589a ret=0
FIG8_ATTENTION_DISPATCH mode=baseline phase=measure iteration=12 mapping_us=8 validate_in_us=76 compute_us=2207 validate_out_us=33 total_us=2324
FIG8_ATTENTION_PROFILE_COUNT mode=baseline qo_len=32 phase=measure iteration=12 records=2 max_records=10
FIG8_ATTENTION_TIMERS mode=baseline phase=measure iteration=12 lut_exp=0 qo_len=32 kv_len=4096 n_heads=12 n_kv_heads=2 head_dim=128 kv_head=0 worker=0 profiled_total=1024 q_load=8 k_load=189 v_load=189 qk_dot=12 safe_sm=602 core_acc=12 o_scale=1 o_store=11
FIG8_ATTENTION_TIMERS mode=baseline phase=measure iteration=12 lut_exp=0 qo_len=32 kv_len=4096 n_heads=12 n_kv_heads=2 head_dim=128 kv_head=1 worker=0 profiled_total=1007 q_load=7 k_load=200 v_load=183 qk_dot=12 safe_sm=584 core_acc=10 o_scale=1 o_store=10
FIG8_ATTENTION_EVENT_COUNT mode=baseline qo_len=32 phase=measure iteration=12 events=16 max_events=24896 overflow=0
FIG8_ATTENTION_HOST_TIMING mode=baseline qo_len=32 kv_len=4096 n_heads=12 n_kv_heads=2 head_dim=128 phase=measure iteration=13 wait_policy=predictive wait_strategy=predictive-sleep-spin host_cpu_requested=6 host_cpu_actual=6 cpu_role=high-capacity host_wall_us=2329 host_thread_cpu_us=89 wait_wall_us=2326 wait_thread_cpu_us=87 sleep_us=2243 spin_us=83 poll_count=11746 predicted_us=2277 prediction_error_us=49 output_hash=23e201cc6e23589a ret=0
FIG8_ATTENTION_DISPATCH mode=baseline phase=measure iteration=13 mapping_us=7 validate_in_us=75 compute_us=2200 validate_out_us=33 total_us=2316
FIG8_ATTENTION_PROFILE_COUNT mode=baseline qo_len=32 phase=measure iteration=13 records=2 max_records=10
FIG8_ATTENTION_TIMERS mode=baseline phase=measure iteration=13 lut_exp=0 qo_len=32 kv_len=4096 n_heads=12 n_kv_heads=2 head_dim=128 kv_head=0 worker=0 profiled_total=1025 q_load=9 k_load=190 v_load=189 qk_dot=12 safe_sm=601 core_acc=12 o_scale=1 o_store=11
FIG8_ATTENTION_TIMERS mode=baseline phase=measure iteration=13 lut_exp=0 qo_len=32 kv_len=4096 n_heads=12 n_kv_heads=2 head_dim=128 kv_head=1 worker=0 profiled_total=997 q_load=7 k_load=190 v_load=183 qk_dot=12 safe_sm=584 core_acc=10 o_scale=1 o_store=10
FIG8_ATTENTION_EVENT_COUNT mode=baseline qo_len=32 phase=measure iteration=13 events=16 max_events=24896 overflow=0
FIG8_ATTENTION_HOST_TIMING mode=baseline qo_len=32 kv_len=4096 n_heads=12 n_kv_heads=2 head_dim=128 phase=measure iteration=14 wait_policy=predictive wait_strategy=predictive-sleep-spin host_cpu_requested=6 host_cpu_actual=6 cpu_role=high-capacity host_wall_us=2337 host_thread_cpu_us=96 wait_wall_us=2334 wait_thread_cpu_us=94 sleep_us=2244 spin_us=90 poll_count=12780 predicted_us=2277 prediction_error_us=57 output_hash=23e201cc6e23589a ret=0
FIG8_ATTENTION_DISPATCH mode=baseline phase=measure iteration=14 mapping_us=8 validate_in_us=76 compute_us=2207 validate_out_us=34 total_us=2325
FIG8_ATTENTION_PROFILE_COUNT mode=baseline qo_len=32 phase=measure iteration=14 records=2 max_records=10
FIG8_ATTENTION_TIMERS mode=baseline phase=measure iteration=14 lut_exp=0 qo_len=32 kv_len=4096 n_heads=12 n_kv_heads=2 head_dim=128 kv_head=0 worker=0 profiled_total=1026 q_load=8 k_load=192 v_load=189 qk_dot=12 safe_sm=601 core_acc=12 o_scale=1 o_store=11
FIG8_ATTENTION_TIMERS mode=baseline phase=measure iteration=14 lut_exp=0 qo_len=32 kv_len=4096 n_heads=12 n_kv_heads=2 head_dim=128 kv_head=1 worker=0 profiled_total=1008 q_load=8 k_load=198 v_load=184 qk_dot=12 safe_sm=584 core_acc=11 o_scale=1 o_store=10
FIG8_ATTENTION_EVENT_COUNT mode=baseline qo_len=32 phase=measure iteration=14 events=16 max_events=24896 overflow=0
FIG8_ATTENTION_HOST_TIMING mode=baseline qo_len=32 kv_len=4096 n_heads=12 n_kv_heads=2 head_dim=128 phase=measure iteration=15 wait_policy=predictive wait_strategy=predictive-sleep-spin host_cpu_requested=6 host_cpu_actual=6 cpu_role=high-capacity host_wall_us=2341 host_thread_cpu_us=96 wait_wall_us=2335 wait_thread_cpu_us=92 sleep_us=2334 spin_us=1 poll_count=1 predicted_us=2277 prediction_error_us=58 output_hash=23e201cc6e23589a ret=0
FIG8_ATTENTION_DISPATCH mode=baseline phase=measure iteration=15 mapping_us=7 validate_in_us=76 compute_us=2181 validate_out_us=33 total_us=2297
FIG8_ATTENTION_PROFILE_COUNT mode=baseline qo_len=32 phase=measure iteration=15 records=2 max_records=10
FIG8_ATTENTION_TIMERS mode=baseline phase=measure iteration=15 lut_exp=0 qo_len=32 kv_len=4096 n_heads=12 n_kv_heads=2 head_dim=128 kv_head=0 worker=0 profiled_total=1019 q_load=8 k_load=188 v_load=189 qk_dot=12 safe_sm=598 core_acc=12 o_scale=1 o_store=11
FIG8_ATTENTION_TIMERS mode=baseline phase=measure iteration=15 lut_exp=0 qo_len=32 kv_len=4096 n_heads=12 n_kv_heads=2 head_dim=128 kv_head=1 worker=0 profiled_total=988 q_load=8 k_load=201 v_load=161 qk_dot=12 safe_sm=584 core_acc=11 o_scale=1 o_store=10
FIG8_ATTENTION_EVENT_COUNT mode=baseline qo_len=32 phase=measure iteration=15 events=16 max_events=24896 overflow=0
FIG8_ATTENTION_HOST_TIMING mode=baseline qo_len=32 kv_len=4096 n_heads=12 n_kv_heads=2 head_dim=128 phase=measure iteration=16 wait_policy=predictive wait_strategy=predictive-sleep-spin host_cpu_requested=6 host_cpu_actual=6 cpu_role=high-capacity host_wall_us=2340 host_thread_cpu_us=96 wait_wall_us=2334 wait_thread_cpu_us=93 sleep_us=2332 spin_us=2 poll_count=1 predicted_us=2277 prediction_error_us=57 output_hash=23e201cc6e23589a ret=0
FIG8_ATTENTION_DISPATCH mode=baseline phase=measure iteration=16 mapping_us=7 validate_in_us=75 compute_us=2178 validate_out_us=33 total_us=2294
FIG8_ATTENTION_PROFILE_COUNT mode=baseline qo_len=32 phase=measure iteration=16 records=2 max_records=10
FIG8_ATTENTION_TIMERS mode=baseline phase=measure iteration=16 lut_exp=0 qo_len=32 kv_len=4096 n_heads=12 n_kv_heads=2 head_dim=128 kv_head=0 worker=0 profiled_total=1022 q_load=8 k_load=188 v_load=189 qk_dot=12 safe_sm=601 core_acc=12 o_scale=1 o_store=11
FIG8_ATTENTION_TIMERS mode=baseline phase=measure iteration=16 lut_exp=0 qo_len=32 kv_len=4096 n_heads=12 n_kv_heads=2 head_dim=128 kv_head=1 worker=0 profiled_total=981 q_load=8 k_load=197 v_load=160 qk_dot=12 safe_sm=583 core_acc=10 o_scale=1 o_store=10
FIG8_ATTENTION_EVENT_COUNT mode=baseline qo_len=32 phase=measure iteration=16 events=16 max_events=24896 overflow=0
FIG8_ATTENTION_HOST_TIMING mode=baseline qo_len=32 kv_len=4096 n_heads=12 n_kv_heads=2 head_dim=128 phase=measure iteration=17 wait_policy=predictive wait_strategy=predictive-sleep-spin host_cpu_requested=6 host_cpu_actual=6 cpu_role=high-capacity host_wall_us=2342 host_thread_cpu_us=96 wait_wall_us=2337 wait_thread_cpu_us=93 sleep_us=2335 spin_us=2 poll_count=1 predicted_us=2277 prediction_error_us=60 output_hash=23e201cc6e23589a ret=0
FIG8_ATTENTION_DISPATCH mode=baseline phase=measure iteration=17 mapping_us=7 validate_in_us=75 compute_us=2191 validate_out_us=33 total_us=2307
FIG8_ATTENTION_PROFILE_COUNT mode=baseline qo_len=32 phase=measure iteration=17 records=2 max_records=10
FIG8_ATTENTION_TIMERS mode=baseline phase=measure iteration=17 lut_exp=0 qo_len=32 kv_len=4096 n_heads=12 n_kv_heads=2 head_dim=128 kv_head=0 worker=0 profiled_total=1025 q_load=8 k_load=191 v_load=189 qk_dot=12 safe_sm=601 core_acc=12 o_scale=1 o_store=11
FIG8_ATTENTION_TIMERS mode=baseline phase=measure iteration=17 lut_exp=0 qo_len=32 kv_len=4096 n_heads=12 n_kv_heads=2 head_dim=128 kv_head=1 worker=0 profiled_total=990 q_load=8 k_load=200 v_load=165 qk_dot=12 safe_sm=584 core_acc=10 o_scale=1 o_store=10
FIG8_ATTENTION_EVENT_COUNT mode=baseline qo_len=32 phase=measure iteration=17 events=16 max_events=24896 overflow=0
FIG8_ATTENTION_HOST_TIMING mode=baseline qo_len=32 kv_len=4096 n_heads=12 n_kv_heads=2 head_dim=128 phase=measure iteration=18 wait_policy=predictive wait_strategy=predictive-sleep-spin host_cpu_requested=6 host_cpu_actual=6 cpu_role=high-capacity host_wall_us=2337 host_thread_cpu_us=95 wait_wall_us=2333 wait_thread_cpu_us=93 sleep_us=2246 spin_us=87 poll_count=12236 predicted_us=2277 prediction_error_us=56 output_hash=23e201cc6e23589a ret=0
FIG8_ATTENTION_DISPATCH mode=baseline phase=measure iteration=18 mapping_us=8 validate_in_us=75 compute_us=2207 validate_out_us=33 total_us=2323
FIG8_ATTENTION_PROFILE_COUNT mode=baseline qo_len=32 phase=measure iteration=18 records=2 max_records=10
FIG8_ATTENTION_TIMERS mode=baseline phase=measure iteration=18 lut_exp=0 qo_len=32 kv_len=4096 n_heads=12 n_kv_heads=2 head_dim=128 kv_head=0 worker=0 profiled_total=1026 q_load=9 k_load=191 v_load=189 qk_dot=12 safe_sm=601 core_acc=12 o_scale=1 o_store=11
FIG8_ATTENTION_TIMERS mode=baseline phase=measure iteration=18 lut_exp=0 qo_len=32 kv_len=4096 n_heads=12 n_kv_heads=2 head_dim=128 kv_head=1 worker=0 profiled_total=1003 q_load=8 k_load=196 v_load=182 qk_dot=12 safe_sm=584 core_acc=10 o_scale=1 o_store=10
FIG8_ATTENTION_EVENT_COUNT mode=baseline qo_len=32 phase=measure iteration=18 events=16 max_events=24896 overflow=0
FIG8_ATTENTION_HOST_TIMING mode=baseline qo_len=32 kv_len=4096 n_heads=12 n_kv_heads=2 head_dim=128 phase=measure iteration=19 wait_policy=predictive wait_strategy=predictive-sleep-spin host_cpu_requested=6 host_cpu_actual=6 cpu_role=high-capacity host_wall_us=2337 host_thread_cpu_us=96 wait_wall_us=2334 wait_thread_cpu_us=94 sleep_us=2244 spin_us=90 poll_count=12825 predicted_us=2277 prediction_error_us=57 output_hash=23e201cc6e23589a ret=0
FIG8_ATTENTION_DISPATCH mode=baseline phase=measure iteration=19 mapping_us=8 validate_in_us=76 compute_us=2208 validate_out_us=34 total_us=2326
FIG8_ATTENTION_PROFILE_COUNT mode=baseline qo_len=32 phase=measure iteration=19 records=2 max_records=10
FIG8_ATTENTION_TIMERS mode=baseline phase=measure iteration=19 lut_exp=0 qo_len=32 kv_len=4096 n_heads=12 n_kv_heads=2 head_dim=128 kv_head=0 worker=0 profiled_total=1023 q_load=8 k_load=190 v_load=189 qk_dot=12 safe_sm=600 core_acc=12 o_scale=1 o_store=11
FIG8_ATTENTION_TIMERS mode=baseline phase=measure iteration=19 lut_exp=0 qo_len=32 kv_len=4096 n_heads=12 n_kv_heads=2 head_dim=128 kv_head=1 worker=0 profiled_total=1008 q_load=7 k_load=201 v_load=184 qk_dot=12 safe_sm=583 core_acc=10 o_scale=1 o_store=10
FIG8_ATTENTION_EVENT_COUNT mode=baseline qo_len=32 phase=measure iteration=19 events=16 max_events=24896 overflow=0
