FIG8_ATTENTION_CONFIG mode=baseline layout=serial variant=pair_static_d8 scna_width=8 seed=figure8_fixed mask_mode=full qo_len=1 kv_len=4096 kv_pad_len=4096 n_heads=12 n_kv_heads=2 head_dim=128 warmup=5 iters=20 q_size=6144 kv_size=2097152 mask_size=8192 profile_size=5248 profile_max_records=10 profile_max_events=0 mode_flags=65536 print_events=0 workers=1
FIG8_ATTENTION_HOST_TIMING mode=baseline layout=serial variant=pair_static_d8 workers=1 scna_width=8 seed=figure8_fixed mask_mode=full qo_len=1 kv_len=4096 n_heads=12 n_kv_heads=2 head_dim=128 phase=warmup iteration=0 host_elapsed_us=757 ret=0
FIG8_ATTENTION_PROFILE_COUNT mode=baseline qo_len=1 phase=warmup iteration=0 records=2 max_records=10
FIG8_ATTENTION_WORKERS mode=baseline variant=pair_static_d8 qo_len=1 phase=warmup iteration=0 requested_workers=1 active_workers=1 hvx_contexts=6 vtcm_worker_cap=8 tasks=2 q_task_rows=4
FIG8_ATTENTION_TIMERS mode=baseline layout=serial phase=warmup iteration=0 lut_exp=0 scna_layout=0 scna_width=0 qo_len=1 kv_len=4096 n_heads=12 n_kv_heads=2 head_dim=128 kv_head=0 worker=0 profiled_total=223 q_load=1 k_load=80 v_load=76 qk_dot=3 safe_sm=52 scna_exp=0 state_update=0 param_prepare=0 core_acc=7 o_scale=2 o_store=2
FIG8_ATTENTION_TIMERS mode=baseline layout=serial phase=warmup iteration=0 lut_exp=0 scna_layout=0 scna_width=0 qo_len=1 kv_len=4096 n_heads=12 n_kv_heads=2 head_dim=128 kv_head=1 worker=0 profiled_total=242 q_load=1 k_load=82 v_load=106 qk_dot=2 safe_sm=44 scna_exp=0 state_update=0 param_prepare=0 core_acc=4 o_scale=2 o_store=1
FIG8_ATTENTION_EVENT_COUNT mode=baseline qo_len=1 phase=warmup iteration=0 events=0 max_events=0 overflow=0
FIG8_ATTENTION_CHECKSUM mode=baseline layout=serial scna_width=8 seed=figure8_fixed phase=warmup iteration=0 checksum=0x80034e374f9b666c
FIG8_ATTENTION_HOST_TIMING mode=baseline layout=serial variant=pair_static_d8 workers=1 scna_width=8 seed=figure8_fixed mask_mode=full qo_len=1 kv_len=4096 n_heads=12 n_kv_heads=2 head_dim=128 phase=warmup iteration=1 host_elapsed_us=638 ret=0
FIG8_ATTENTION_PROFILE_COUNT mode=baseline qo_len=1 phase=warmup iteration=1 records=2 max_records=10
FIG8_ATTENTION_WORKERS mode=baseline variant=pair_static_d8 qo_len=1 phase=warmup iteration=1 requested_workers=1 active_workers=1 hvx_contexts=6 vtcm_worker_cap=8 tasks=2 q_task_rows=4
FIG8_ATTENTION_TIMERS mode=baseline layout=serial phase=warmup iteration=1 lut_exp=0 scna_layout=0 scna_width=0 qo_len=1 kv_len=4096 n_heads=12 n_kv_heads=2 head_dim=128 kv_head=0 worker=1 profiled_total=214 q_load=0 k_load=69 v_load=100 qk_dot=1 safe_sm=39 scna_exp=0 state_update=0 param_prepare=0 core_acc=3 o_scale=1 o_store=1
FIG8_ATTENTION_TIMERS mode=baseline layout=serial phase=warmup iteration=1 lut_exp=0 scna_layout=0 scna_width=0 qo_len=1 kv_len=4096 n_heads=12 n_kv_heads=2 head_dim=128 kv_head=1 worker=1 profiled_total=196 q_load=1 k_load=67 v_load=85 qk_dot=1 safe_sm=37 scna_exp=0 state_update=0 param_prepare=0 core_acc=2 o_scale=2 o_store=1
FIG8_ATTENTION_EVENT_COUNT mode=baseline qo_len=1 phase=warmup iteration=1 events=0 max_events=0 overflow=0
FIG8_ATTENTION_CHECKSUM mode=baseline layout=serial scna_width=8 seed=figure8_fixed phase=warmup iteration=1 checksum=0x80034e374f9b666c
FIG8_ATTENTION_HOST_TIMING mode=baseline layout=serial variant=pair_static_d8 workers=1 scna_width=8 seed=figure8_fixed mask_mode=full qo_len=1 kv_len=4096 n_heads=12 n_kv_heads=2 head_dim=128 phase=warmup iteration=2 host_elapsed_us=594 ret=0
FIG8_ATTENTION_PROFILE_COUNT mode=baseline qo_len=1 phase=warmup iteration=2 records=2 max_records=10
FIG8_ATTENTION_WORKERS mode=baseline variant=pair_static_d8 qo_len=1 phase=warmup iteration=2 requested_workers=1 active_workers=1 hvx_contexts=6 vtcm_worker_cap=8 tasks=2 q_task_rows=4
FIG8_ATTENTION_TIMERS mode=baseline layout=serial phase=warmup iteration=2 lut_exp=0 scna_layout=0 scna_width=0 qo_len=1 kv_len=4096 n_heads=12 n_kv_heads=2 head_dim=128 kv_head=0 worker=2 profiled_total=187 q_load=0 k_load=67 v_load=77 qk_dot=1 safe_sm=37 scna_exp=0 state_update=0 param_prepare=0 core_acc=3 o_scale=1 o_store=1
FIG8_ATTENTION_TIMERS mode=baseline layout=serial phase=warmup iteration=2 lut_exp=0 scna_layout=0 scna_width=0 qo_len=1 kv_len=4096 n_heads=12 n_kv_heads=2 head_dim=128 kv_head=1 worker=2 profiled_total=191 q_load=1 k_load=70 v_load=78 qk_dot=1 safe_sm=35 scna_exp=0 state_update=0 param_prepare=0 core_acc=3 o_scale=2 o_store=1
FIG8_ATTENTION_EVENT_COUNT mode=baseline qo_len=1 phase=warmup iteration=2 events=0 max_events=0 overflow=0
FIG8_ATTENTION_CHECKSUM mode=baseline layout=serial scna_width=8 seed=figure8_fixed phase=warmup iteration=2 checksum=0x80034e374f9b666c
FIG8_ATTENTION_HOST_TIMING mode=baseline layout=serial variant=pair_static_d8 workers=1 scna_width=8 seed=figure8_fixed mask_mode=full qo_len=1 kv_len=4096 n_heads=12 n_kv_heads=2 head_dim=128 phase=warmup iteration=3 host_elapsed_us=605 ret=0
FIG8_ATTENTION_PROFILE_COUNT mode=baseline qo_len=1 phase=warmup iteration=3 records=2 max_records=10
FIG8_ATTENTION_WORKERS mode=baseline variant=pair_static_d8 qo_len=1 phase=warmup iteration=3 requested_workers=1 active_workers=1 hvx_contexts=6 vtcm_worker_cap=8 tasks=2 q_task_rows=4
FIG8_ATTENTION_TIMERS mode=baseline layout=serial phase=warmup iteration=3 lut_exp=0 scna_layout=0 scna_width=0 qo_len=1 kv_len=4096 n_heads=12 n_kv_heads=2 head_dim=128 kv_head=0 worker=3 profiled_total=186 q_load=0 k_load=68 v_load=76 qk_dot=1 safe_sm=37 scna_exp=0 state_update=0 param_prepare=0 core_acc=3 o_scale=1 o_store=0
FIG8_ATTENTION_TIMERS mode=baseline layout=serial phase=warmup iteration=3 lut_exp=0 scna_layout=0 scna_width=0 qo_len=1 kv_len=4096 n_heads=12 n_kv_heads=2 head_dim=128 kv_head=1 worker=3 profiled_total=198 q_load=1 k_load=69 v_load=83 qk_dot=2 safe_sm=37 scna_exp=0 state_update=0 param_prepare=0 core_acc=3 o_scale=2 o_store=1
FIG8_ATTENTION_EVENT_COUNT mode=baseline qo_len=1 phase=warmup iteration=3 events=0 max_events=0 overflow=0
FIG8_ATTENTION_CHECKSUM mode=baseline layout=serial scna_width=8 seed=figure8_fixed phase=warmup iteration=3 checksum=0x80034e374f9b666c
FIG8_ATTENTION_HOST_TIMING mode=baseline layout=serial variant=pair_static_d8 workers=1 scna_width=8 seed=figure8_fixed mask_mode=full qo_len=1 kv_len=4096 n_heads=12 n_kv_heads=2 head_dim=128 phase=warmup iteration=4 host_elapsed_us=698 ret=0
FIG8_ATTENTION_PROFILE_COUNT mode=baseline qo_len=1 phase=warmup iteration=4 records=2 max_records=10
FIG8_ATTENTION_WORKERS mode=baseline variant=pair_static_d8 qo_len=1 phase=warmup iteration=4 requested_workers=1 active_workers=1 hvx_contexts=6 vtcm_worker_cap=8 tasks=2 q_task_rows=4
FIG8_ATTENTION_TIMERS mode=baseline layout=serial phase=warmup iteration=4 lut_exp=0 scna_layout=0 scna_width=0 qo_len=1 kv_len=4096 n_heads=12 n_kv_heads=2 head_dim=128 kv_head=0 worker=4 profiled_total=190 q_load=0 k_load=69 v_load=80 qk_dot=1 safe_sm=35 scna_exp=0 state_update=0 param_prepare=0 core_acc=3 o_scale=1 o_store=1
FIG8_ATTENTION_TIMERS mode=baseline layout=serial phase=warmup iteration=4 lut_exp=0 scna_layout=0 scna_width=0 qo_len=1 kv_len=4096 n_heads=12 n_kv_heads=2 head_dim=128 kv_head=1 worker=4 profiled_total=197 q_load=1 k_load=70 v_load=84 qk_dot=1 safe_sm=36 scna_exp=0 state_update=0 param_prepare=0 core_acc=2 o_scale=2 o_store=1
FIG8_ATTENTION_EVENT_COUNT mode=baseline qo_len=1 phase=warmup iteration=4 events=0 max_events=0 overflow=0
FIG8_ATTENTION_CHECKSUM mode=baseline layout=serial scna_width=8 seed=figure8_fixed phase=warmup iteration=4 checksum=0x80034e374f9b666c
FIG8_ATTENTION_HOST_TIMING mode=baseline layout=serial variant=pair_static_d8 workers=1 scna_width=8 seed=figure8_fixed mask_mode=full qo_len=1 kv_len=4096 n_heads=12 n_kv_heads=2 head_dim=128 phase=measure iteration=0 host_elapsed_us=700 ret=0
FIG8_ATTENTION_PROFILE_COUNT mode=baseline qo_len=1 phase=measure iteration=0 records=2 max_records=10
FIG8_ATTENTION_WORKERS mode=baseline variant=pair_static_d8 qo_len=1 phase=measure iteration=0 requested_workers=1 active_workers=1 hvx_contexts=6 vtcm_worker_cap=8 tasks=2 q_task_rows=4
FIG8_ATTENTION_TIMERS mode=baseline layout=serial phase=measure iteration=0 lut_exp=0 scna_layout=0 scna_width=0 qo_len=1 kv_len=4096 n_heads=12 n_kv_heads=2 head_dim=128 kv_head=0 worker=5 profiled_total=193 q_load=0 k_load=67 v_load=83 qk_dot=1 safe_sm=37 scna_exp=0 state_update=0 param_prepare=0 core_acc=3 o_scale=1 o_store=1
FIG8_ATTENTION_TIMERS mode=baseline layout=serial phase=measure iteration=0 lut_exp=0 scna_layout=0 scna_width=0 qo_len=1 kv_len=4096 n_heads=12 n_kv_heads=2 head_dim=128 kv_head=1 worker=5 profiled_total=198 q_load=1 k_load=71 v_load=83 qk_dot=1 safe_sm=36 scna_exp=0 state_update=0 param_prepare=0 core_acc=3 o_scale=2 o_store=1
FIG8_ATTENTION_EVENT_COUNT mode=baseline qo_len=1 phase=measure iteration=0 events=0 max_events=0 overflow=0
FIG8_ATTENTION_CHECKSUM mode=baseline layout=serial scna_width=8 seed=figure8_fixed phase=measure iteration=0 checksum=0x80034e374f9b666c
FIG8_ATTENTION_HOST_TIMING mode=baseline layout=serial variant=pair_static_d8 workers=1 scna_width=8 seed=figure8_fixed mask_mode=full qo_len=1 kv_len=4096 n_heads=12 n_kv_heads=2 head_dim=128 phase=measure iteration=1 host_elapsed_us=701 ret=0
FIG8_ATTENTION_PROFILE_COUNT mode=baseline qo_len=1 phase=measure iteration=1 records=2 max_records=10
FIG8_ATTENTION_WORKERS mode=baseline variant=pair_static_d8 qo_len=1 phase=measure iteration=1 requested_workers=1 active_workers=1 hvx_contexts=6 vtcm_worker_cap=8 tasks=2 q_task_rows=4
FIG8_ATTENTION_TIMERS mode=baseline layout=serial phase=measure iteration=1 lut_exp=0 scna_layout=0 scna_width=0 qo_len=1 kv_len=4096 n_heads=12 n_kv_heads=2 head_dim=128 kv_head=0 worker=0 profiled_total=190 q_load=0 k_load=68 v_load=80 qk_dot=1 safe_sm=36 scna_exp=0 state_update=0 param_prepare=0 core_acc=3 o_scale=1 o_store=1
FIG8_ATTENTION_TIMERS mode=baseline layout=serial phase=measure iteration=1 lut_exp=0 scna_layout=0 scna_width=0 qo_len=1 kv_len=4096 n_heads=12 n_kv_heads=2 head_dim=128 kv_head=1 worker=0 profiled_total=199 q_load=1 k_load=72 v_load=83 qk_dot=1 safe_sm=36 scna_exp=0 state_update=0 param_prepare=0 core_acc=3 o_scale=2 o_store=1
FIG8_ATTENTION_EVENT_COUNT mode=baseline qo_len=1 phase=measure iteration=1 events=0 max_events=0 overflow=0
FIG8_ATTENTION_CHECKSUM mode=baseline layout=serial scna_width=8 seed=figure8_fixed phase=measure iteration=1 checksum=0x80034e374f9b666c
FIG8_ATTENTION_HOST_TIMING mode=baseline layout=serial variant=pair_static_d8 workers=1 scna_width=8 seed=figure8_fixed mask_mode=full qo_len=1 kv_len=4096 n_heads=12 n_kv_heads=2 head_dim=128 phase=measure iteration=2 host_elapsed_us=702 ret=0
FIG8_ATTENTION_PROFILE_COUNT mode=baseline qo_len=1 phase=measure iteration=2 records=2 max_records=10
FIG8_ATTENTION_WORKERS mode=baseline variant=pair_static_d8 qo_len=1 phase=measure iteration=2 requested_workers=1 active_workers=1 hvx_contexts=6 vtcm_worker_cap=8 tasks=2 q_task_rows=4
FIG8_ATTENTION_TIMERS mode=baseline layout=serial phase=measure iteration=2 lut_exp=0 scna_layout=0 scna_width=0 qo_len=1 kv_len=4096 n_heads=12 n_kv_heads=2 head_dim=128 kv_head=0 worker=1 profiled_total=195 q_load=0 k_load=68 v_load=86 qk_dot=1 safe_sm=36 scna_exp=0 state_update=0 param_prepare=0 core_acc=3 o_scale=1 o_store=0
FIG8_ATTENTION_TIMERS mode=baseline layout=serial phase=measure iteration=2 lut_exp=0 scna_layout=0 scna_width=0 qo_len=1 kv_len=4096 n_heads=12 n_kv_heads=2 head_dim=128 kv_head=1 worker=1 profiled_total=210 q_load=1 k_load=67 v_load=94 qk_dot=2 safe_sm=39 scna_exp=0 state_update=0 param_prepare=0 core_acc=5 o_scale=2 o_store=0
FIG8_ATTENTION_EVENT_COUNT mode=baseline qo_len=1 phase=measure iteration=2 events=0 max_events=0 overflow=0
FIG8_ATTENTION_CHECKSUM mode=baseline layout=serial scna_width=8 seed=figure8_fixed phase=measure iteration=2 checksum=0x80034e374f9b666c
FIG8_ATTENTION_HOST_TIMING mode=baseline layout=serial variant=pair_static_d8 workers=1 scna_width=8 seed=figure8_fixed mask_mode=full qo_len=1 kv_len=4096 n_heads=12 n_kv_heads=2 head_dim=128 phase=measure iteration=3 host_elapsed_us=702 ret=0
FIG8_ATTENTION_PROFILE_COUNT mode=baseline qo_len=1 phase=measure iteration=3 records=2 max_records=10
FIG8_ATTENTION_WORKERS mode=baseline variant=pair_static_d8 qo_len=1 phase=measure iteration=3 requested_workers=1 active_workers=1 hvx_contexts=6 vtcm_worker_cap=8 tasks=2 q_task_rows=4
FIG8_ATTENTION_TIMERS mode=baseline layout=serial phase=measure iteration=3 lut_exp=0 scna_layout=0 scna_width=0 qo_len=1 kv_len=4096 n_heads=12 n_kv_heads=2 head_dim=128 kv_head=0 worker=2 profiled_total=186 q_load=0 k_load=68 v_load=79 qk_dot=1 safe_sm=35 scna_exp=0 state_update=0 param_prepare=0 core_acc=1 o_scale=1 o_store=1
FIG8_ATTENTION_TIMERS mode=baseline layout=serial phase=measure iteration=3 lut_exp=0 scna_layout=0 scna_width=0 qo_len=1 kv_len=4096 n_heads=12 n_kv_heads=2 head_dim=128 kv_head=1 worker=2 profiled_total=198 q_load=1 k_load=70 v_load=86 qk_dot=1 safe_sm=35 scna_exp=0 state_update=0 param_prepare=0 core_acc=2 o_scale=2 o_store=1
FIG8_ATTENTION_EVENT_COUNT mode=baseline qo_len=1 phase=measure iteration=3 events=0 max_events=0 overflow=0
FIG8_ATTENTION_CHECKSUM mode=baseline layout=serial scna_width=8 seed=figure8_fixed phase=measure iteration=3 checksum=0x80034e374f9b666c
FIG8_ATTENTION_HOST_TIMING mode=baseline layout=serial variant=pair_static_d8 workers=1 scna_width=8 seed=figure8_fixed mask_mode=full qo_len=1 kv_len=4096 n_heads=12 n_kv_heads=2 head_dim=128 phase=measure iteration=4 host_elapsed_us=699 ret=0
FIG8_ATTENTION_PROFILE_COUNT mode=baseline qo_len=1 phase=measure iteration=4 records=2 max_records=10
FIG8_ATTENTION_WORKERS mode=baseline variant=pair_static_d8 qo_len=1 phase=measure iteration=4 requested_workers=1 active_workers=1 hvx_contexts=6 vtcm_worker_cap=8 tasks=2 q_task_rows=4
FIG8_ATTENTION_TIMERS mode=baseline layout=serial phase=measure iteration=4 lut_exp=0 scna_layout=0 scna_width=0 qo_len=1 kv_len=4096 n_heads=12 n_kv_heads=2 head_dim=128 kv_head=0 worker=3 profiled_total=192 q_load=0 k_load=66 v_load=84 qk_dot=1 safe_sm=37 scna_exp=0 state_update=0 param_prepare=0 core_acc=2 o_scale=1 o_store=1
FIG8_ATTENTION_TIMERS mode=baseline layout=serial phase=measure iteration=4 lut_exp=0 scna_layout=0 scna_width=0 qo_len=1 kv_len=4096 n_heads=12 n_kv_heads=2 head_dim=128 kv_head=1 worker=3 profiled_total=198 q_load=1 k_load=70 v_load=84 qk_dot=2 safe_sm=35 scna_exp=0 state_update=0 param_prepare=0 core_acc=3 o_scale=2 o_store=1
FIG8_ATTENTION_EVENT_COUNT mode=baseline qo_len=1 phase=measure iteration=4 events=0 max_events=0 overflow=0
FIG8_ATTENTION_CHECKSUM mode=baseline layout=serial scna_width=8 seed=figure8_fixed phase=measure iteration=4 checksum=0x80034e374f9b666c
FIG8_ATTENTION_HOST_TIMING mode=baseline layout=serial variant=pair_static_d8 workers=1 scna_width=8 seed=figure8_fixed mask_mode=full qo_len=1 kv_len=4096 n_heads=12 n_kv_heads=2 head_dim=128 phase=measure iteration=5 host_elapsed_us=695 ret=0
FIG8_ATTENTION_PROFILE_COUNT mode=baseline qo_len=1 phase=measure iteration=5 records=2 max_records=10
FIG8_ATTENTION_WORKERS mode=baseline variant=pair_static_d8 qo_len=1 phase=measure iteration=5 requested_workers=1 active_workers=1 hvx_contexts=6 vtcm_worker_cap=8 tasks=2 q_task_rows=4
FIG8_ATTENTION_TIMERS mode=baseline layout=serial phase=measure iteration=5 lut_exp=0 scna_layout=0 scna_width=0 qo_len=1 kv_len=4096 n_heads=12 n_kv_heads=2 head_dim=128 kv_head=0 worker=4 profiled_total=187 q_load=0 k_load=69 v_load=76 qk_dot=1 safe_sm=36 scna_exp=0 state_update=0 param_prepare=0 core_acc=3 o_scale=1 o_store=1
FIG8_ATTENTION_TIMERS mode=baseline layout=serial phase=measure iteration=5 lut_exp=0 scna_layout=0 scna_width=0 qo_len=1 kv_len=4096 n_heads=12 n_kv_heads=2 head_dim=128 kv_head=1 worker=4 profiled_total=201 q_load=1 k_load=69 v_load=89 qk_dot=2 safe_sm=35 scna_exp=0 state_update=0 param_prepare=0 core_acc=2 o_scale=2 o_store=1
FIG8_ATTENTION_EVENT_COUNT mode=baseline qo_len=1 phase=measure iteration=5 events=0 max_events=0 overflow=0
FIG8_ATTENTION_CHECKSUM mode=baseline layout=serial scna_width=8 seed=figure8_fixed phase=measure iteration=5 checksum=0x80034e374f9b666c
FIG8_ATTENTION_HOST_TIMING mode=baseline layout=serial variant=pair_static_d8 workers=1 scna_width=8 seed=figure8_fixed mask_mode=full qo_len=1 kv_len=4096 n_heads=12 n_kv_heads=2 head_dim=128 phase=measure iteration=6 host_elapsed_us=697 ret=0
FIG8_ATTENTION_PROFILE_COUNT mode=baseline qo_len=1 phase=measure iteration=6 records=2 max_records=10
FIG8_ATTENTION_WORKERS mode=baseline variant=pair_static_d8 qo_len=1 phase=measure iteration=6 requested_workers=1 active_workers=1 hvx_contexts=6 vtcm_worker_cap=8 tasks=2 q_task_rows=4
FIG8_ATTENTION_TIMERS mode=baseline layout=serial phase=measure iteration=6 lut_exp=0 scna_layout=0 scna_width=0 qo_len=1 kv_len=4096 n_heads=12 n_kv_heads=2 head_dim=128 kv_head=0 worker=5 profiled_total=188 q_load=0 k_load=68 v_load=78 qk_dot=1 safe_sm=36 scna_exp=0 state_update=0 param_prepare=0 core_acc=3 o_scale=1 o_store=1
FIG8_ATTENTION_TIMERS mode=baseline layout=serial phase=measure iteration=6 lut_exp=0 scna_layout=0 scna_width=0 qo_len=1 kv_len=4096 n_heads=12 n_kv_heads=2 head_dim=128 kv_head=1 worker=5 profiled_total=207 q_load=1 k_load=70 v_load=91 qk_dot=1 safe_sm=37 scna_exp=0 state_update=0 param_prepare=0 core_acc=4 o_scale=2 o_store=1
FIG8_ATTENTION_EVENT_COUNT mode=baseline qo_len=1 phase=measure iteration=6 events=0 max_events=0 overflow=0
FIG8_ATTENTION_CHECKSUM mode=baseline layout=serial scna_width=8 seed=figure8_fixed phase=measure iteration=6 checksum=0x80034e374f9b666c
FIG8_ATTENTION_HOST_TIMING mode=baseline layout=serial variant=pair_static_d8 workers=1 scna_width=8 seed=figure8_fixed mask_mode=full qo_len=1 kv_len=4096 n_heads=12 n_kv_heads=2 head_dim=128 phase=measure iteration=7 host_elapsed_us=696 ret=0
FIG8_ATTENTION_PROFILE_COUNT mode=baseline qo_len=1 phase=measure iteration=7 records=2 max_records=10
FIG8_ATTENTION_WORKERS mode=baseline variant=pair_static_d8 qo_len=1 phase=measure iteration=7 requested_workers=1 active_workers=1 hvx_contexts=6 vtcm_worker_cap=8 tasks=2 q_task_rows=4
FIG8_ATTENTION_TIMERS mode=baseline layout=serial phase=measure iteration=7 lut_exp=0 scna_layout=0 scna_width=0 qo_len=1 kv_len=4096 n_heads=12 n_kv_heads=2 head_dim=128 kv_head=0 worker=0 profiled_total=197 q_load=0 k_load=67 v_load=89 qk_dot=1 safe_sm=35 scna_exp=0 state_update=0 param_prepare=0 core_acc=3 o_scale=1 o_store=1
FIG8_ATTENTION_TIMERS mode=baseline layout=serial phase=measure iteration=7 lut_exp=0 scna_layout=0 scna_width=0 qo_len=1 kv_len=4096 n_heads=12 n_kv_heads=2 head_dim=128 kv_head=1 worker=0 profiled_total=201 q_load=1 k_load=72 v_load=86 qk_dot=1 safe_sm=35 scna_exp=0 state_update=0 param_prepare=0 core_acc=3 o_scale=2 o_store=1
FIG8_ATTENTION_EVENT_COUNT mode=baseline qo_len=1 phase=measure iteration=7 events=0 max_events=0 overflow=0
FIG8_ATTENTION_CHECKSUM mode=baseline layout=serial scna_width=8 seed=figure8_fixed phase=measure iteration=7 checksum=0x80034e374f9b666c
FIG8_ATTENTION_HOST_TIMING mode=baseline layout=serial variant=pair_static_d8 workers=1 scna_width=8 seed=figure8_fixed mask_mode=full qo_len=1 kv_len=4096 n_heads=12 n_kv_heads=2 head_dim=128 phase=measure iteration=8 host_elapsed_us=697 ret=0
FIG8_ATTENTION_PROFILE_COUNT mode=baseline qo_len=1 phase=measure iteration=8 records=2 max_records=10
FIG8_ATTENTION_WORKERS mode=baseline variant=pair_static_d8 qo_len=1 phase=measure iteration=8 requested_workers=1 active_workers=1 hvx_contexts=6 vtcm_worker_cap=8 tasks=2 q_task_rows=4
FIG8_ATTENTION_TIMERS mode=baseline layout=serial phase=measure iteration=8 lut_exp=0 scna_layout=0 scna_width=0 qo_len=1 kv_len=4096 n_heads=12 n_kv_heads=2 head_dim=128 kv_head=0 worker=1 profiled_total=194 q_load=0 k_load=69 v_load=82 qk_dot=1 safe_sm=37 scna_exp=0 state_update=0 param_prepare=0 core_acc=3 o_scale=1 o_store=1
FIG8_ATTENTION_TIMERS mode=baseline layout=serial phase=measure iteration=8 lut_exp=0 scna_layout=0 scna_width=0 qo_len=1 kv_len=4096 n_heads=12 n_kv_heads=2 head_dim=128 kv_head=1 worker=1 profiled_total=203 q_load=1 k_load=71 v_load=89 qk_dot=1 safe_sm=35 scna_exp=0 state_update=0 param_prepare=0 core_acc=3 o_scale=2 o_store=1
FIG8_ATTENTION_EVENT_COUNT mode=baseline qo_len=1 phase=measure iteration=8 events=0 max_events=0 overflow=0
FIG8_ATTENTION_CHECKSUM mode=baseline layout=serial scna_width=8 seed=figure8_fixed phase=measure iteration=8 checksum=0x80034e374f9b666c
FIG8_ATTENTION_HOST_TIMING mode=baseline layout=serial variant=pair_static_d8 workers=1 scna_width=8 seed=figure8_fixed mask_mode=full qo_len=1 kv_len=4096 n_heads=12 n_kv_heads=2 head_dim=128 phase=measure iteration=9 host_elapsed_us=700 ret=0
FIG8_ATTENTION_PROFILE_COUNT mode=baseline qo_len=1 phase=measure iteration=9 records=2 max_records=10
FIG8_ATTENTION_WORKERS mode=baseline variant=pair_static_d8 qo_len=1 phase=measure iteration=9 requested_workers=1 active_workers=1 hvx_contexts=6 vtcm_worker_cap=8 tasks=2 q_task_rows=4
FIG8_ATTENTION_TIMERS mode=baseline layout=serial phase=measure iteration=9 lut_exp=0 scna_layout=0 scna_width=0 qo_len=1 kv_len=4096 n_heads=12 n_kv_heads=2 head_dim=128 kv_head=0 worker=2 profiled_total=189 q_load=0 k_load=70 v_load=78 qk_dot=1 safe_sm=35 scna_exp=0 state_update=0 param_prepare=0 core_acc=3 o_scale=1 o_store=1
FIG8_ATTENTION_TIMERS mode=baseline layout=serial phase=measure iteration=9 lut_exp=0 scna_layout=0 scna_width=0 qo_len=1 kv_len=4096 n_heads=12 n_kv_heads=2 head_dim=128 kv_head=1 worker=2 profiled_total=195 q_load=1 k_load=69 v_load=85 qk_dot=1 safe_sm=36 scna_exp=0 state_update=0 param_prepare=0 core_acc=2 o_scale=1 o_store=0
FIG8_ATTENTION_EVENT_COUNT mode=baseline qo_len=1 phase=measure iteration=9 events=0 max_events=0 overflow=0
FIG8_ATTENTION_CHECKSUM mode=baseline layout=serial scna_width=8 seed=figure8_fixed phase=measure iteration=9 checksum=0x80034e374f9b666c
FIG8_ATTENTION_HOST_TIMING mode=baseline layout=serial variant=pair_static_d8 workers=1 scna_width=8 seed=figure8_fixed mask_mode=full qo_len=1 kv_len=4096 n_heads=12 n_kv_heads=2 head_dim=128 phase=measure iteration=10 host_elapsed_us=696 ret=0
FIG8_ATTENTION_PROFILE_COUNT mode=baseline qo_len=1 phase=measure iteration=10 records=2 max_records=10
FIG8_ATTENTION_WORKERS mode=baseline variant=pair_static_d8 qo_len=1 phase=measure iteration=10 requested_workers=1 active_workers=1 hvx_contexts=6 vtcm_worker_cap=8 tasks=2 q_task_rows=4
FIG8_ATTENTION_TIMERS mode=baseline layout=serial phase=measure iteration=10 lut_exp=0 scna_layout=0 scna_width=0 qo_len=1 kv_len=4096 n_heads=12 n_kv_heads=2 head_dim=128 kv_head=0 worker=3 profiled_total=191 q_load=0 k_load=69 v_load=80 qk_dot=1 safe_sm=36 scna_exp=0 state_update=0 param_prepare=0 core_acc=3 o_scale=1 o_store=1
FIG8_ATTENTION_TIMERS mode=baseline layout=serial phase=measure iteration=10 lut_exp=0 scna_layout=0 scna_width=0 qo_len=1 kv_len=4096 n_heads=12 n_kv_heads=2 head_dim=128 kv_head=1 worker=3 profiled_total=193 q_load=1 k_load=69 v_load=82 qk_dot=1 safe_sm=35 scna_exp=0 state_update=0 param_prepare=0 core_acc=3 o_scale=1 o_store=1
FIG8_ATTENTION_EVENT_COUNT mode=baseline qo_len=1 phase=measure iteration=10 events=0 max_events=0 overflow=0
FIG8_ATTENTION_CHECKSUM mode=baseline layout=serial scna_width=8 seed=figure8_fixed phase=measure iteration=10 checksum=0x80034e374f9b666c
FIG8_ATTENTION_HOST_TIMING mode=baseline layout=serial variant=pair_static_d8 workers=1 scna_width=8 seed=figure8_fixed mask_mode=full qo_len=1 kv_len=4096 n_heads=12 n_kv_heads=2 head_dim=128 phase=measure iteration=11 host_elapsed_us=697 ret=0
FIG8_ATTENTION_PROFILE_COUNT mode=baseline qo_len=1 phase=measure iteration=11 records=2 max_records=10
FIG8_ATTENTION_WORKERS mode=baseline variant=pair_static_d8 qo_len=1 phase=measure iteration=11 requested_workers=1 active_workers=1 hvx_contexts=6 vtcm_worker_cap=8 tasks=2 q_task_rows=4
FIG8_ATTENTION_TIMERS mode=baseline layout=serial phase=measure iteration=11 lut_exp=0 scna_layout=0 scna_width=0 qo_len=1 kv_len=4096 n_heads=12 n_kv_heads=2 head_dim=128 kv_head=0 worker=4 profiled_total=198 q_load=0 k_load=69 v_load=87 qk_dot=1 safe_sm=36 scna_exp=0 state_update=0 param_prepare=0 core_acc=3 o_scale=1 o_store=1
FIG8_ATTENTION_TIMERS mode=baseline layout=serial phase=measure iteration=11 lut_exp=0 scna_layout=0 scna_width=0 qo_len=1 kv_len=4096 n_heads=12 n_kv_heads=2 head_dim=128 kv_head=1 worker=4 profiled_total=201 q_load=1 k_load=71 v_load=87 qk_dot=2 safe_sm=35 scna_exp=0 state_update=0 param_prepare=0 core_acc=3 o_scale=1 o_store=1
FIG8_ATTENTION_EVENT_COUNT mode=baseline qo_len=1 phase=measure iteration=11 events=0 max_events=0 overflow=0
FIG8_ATTENTION_CHECKSUM mode=baseline layout=serial scna_width=8 seed=figure8_fixed phase=measure iteration=11 checksum=0x80034e374f9b666c
FIG8_ATTENTION_HOST_TIMING mode=baseline layout=serial variant=pair_static_d8 workers=1 scna_width=8 seed=figure8_fixed mask_mode=full qo_len=1 kv_len=4096 n_heads=12 n_kv_heads=2 head_dim=128 phase=measure iteration=12 host_elapsed_us=702 ret=0
FIG8_ATTENTION_PROFILE_COUNT mode=baseline qo_len=1 phase=measure iteration=12 records=2 max_records=10
FIG8_ATTENTION_WORKERS mode=baseline variant=pair_static_d8 qo_len=1 phase=measure iteration=12 requested_workers=1 active_workers=1 hvx_contexts=6 vtcm_worker_cap=8 tasks=2 q_task_rows=4
FIG8_ATTENTION_TIMERS mode=baseline layout=serial phase=measure iteration=12 lut_exp=0 scna_layout=0 scna_width=0 qo_len=1 kv_len=4096 n_heads=12 n_kv_heads=2 head_dim=128 kv_head=0 worker=5 profiled_total=198 q_load=0 k_load=70 v_load=86 qk_dot=1 safe_sm=38 scna_exp=0 state_update=0 param_prepare=0 core_acc=2 o_scale=1 o_store=0
FIG8_ATTENTION_TIMERS mode=baseline layout=serial phase=measure iteration=12 lut_exp=0 scna_layout=0 scna_width=0 qo_len=1 kv_len=4096 n_heads=12 n_kv_heads=2 head_dim=128 kv_head=1 worker=5 profiled_total=199 q_load=1 k_load=69 v_load=87 qk_dot=1 safe_sm=36 scna_exp=0 state_update=0 param_prepare=0 core_acc=3 o_scale=1 o_store=1
FIG8_ATTENTION_EVENT_COUNT mode=baseline qo_len=1 phase=measure iteration=12 events=0 max_events=0 overflow=0
FIG8_ATTENTION_CHECKSUM mode=baseline layout=serial scna_width=8 seed=figure8_fixed phase=measure iteration=12 checksum=0x80034e374f9b666c
FIG8_ATTENTION_HOST_TIMING mode=baseline layout=serial variant=pair_static_d8 workers=1 scna_width=8 seed=figure8_fixed mask_mode=full qo_len=1 kv_len=4096 n_heads=12 n_kv_heads=2 head_dim=128 phase=measure iteration=13 host_elapsed_us=694 ret=0
FIG8_ATTENTION_PROFILE_COUNT mode=baseline qo_len=1 phase=measure iteration=13 records=2 max_records=10
FIG8_ATTENTION_WORKERS mode=baseline variant=pair_static_d8 qo_len=1 phase=measure iteration=13 requested_workers=1 active_workers=1 hvx_contexts=6 vtcm_worker_cap=8 tasks=2 q_task_rows=4
FIG8_ATTENTION_TIMERS mode=baseline layout=serial phase=measure iteration=13 lut_exp=0 scna_layout=0 scna_width=0 qo_len=1 kv_len=4096 n_heads=12 n_kv_heads=2 head_dim=128 kv_head=0 worker=0 profiled_total=186 q_load=0 k_load=66 v_load=79 qk_dot=1 safe_sm=36 scna_exp=0 state_update=0 param_prepare=0 core_acc=3 o_scale=1 o_store=0
FIG8_ATTENTION_TIMERS mode=baseline layout=serial phase=measure iteration=13 lut_exp=0 scna_layout=0 scna_width=0 qo_len=1 kv_len=4096 n_heads=12 n_kv_heads=2 head_dim=128 kv_head=1 worker=0 profiled_total=195 q_load=1 k_load=71 v_load=83 qk_dot=1 safe_sm=35 scna_exp=0 state_update=0 param_prepare=0 core_acc=2 o_scale=1 o_store=1
FIG8_ATTENTION_EVENT_COUNT mode=baseline qo_len=1 phase=measure iteration=13 events=0 max_events=0 overflow=0
FIG8_ATTENTION_CHECKSUM mode=baseline layout=serial scna_width=8 seed=figure8_fixed phase=measure iteration=13 checksum=0x80034e374f9b666c
FIG8_ATTENTION_HOST_TIMING mode=baseline layout=serial variant=pair_static_d8 workers=1 scna_width=8 seed=figure8_fixed mask_mode=full qo_len=1 kv_len=4096 n_heads=12 n_kv_heads=2 head_dim=128 phase=measure iteration=14 host_elapsed_us=699 ret=0
FIG8_ATTENTION_PROFILE_COUNT mode=baseline qo_len=1 phase=measure iteration=14 records=2 max_records=10
FIG8_ATTENTION_WORKERS mode=baseline variant=pair_static_d8 qo_len=1 phase=measure iteration=14 requested_workers=1 active_workers=1 hvx_contexts=6 vtcm_worker_cap=8 tasks=2 q_task_rows=4
FIG8_ATTENTION_TIMERS mode=baseline layout=serial phase=measure iteration=14 lut_exp=0 scna_layout=0 scna_width=0 qo_len=1 kv_len=4096 n_heads=12 n_kv_heads=2 head_dim=128 kv_head=0 worker=1 profiled_total=188 q_load=0 k_load=69 v_load=79 qk_dot=1 safe_sm=36 scna_exp=0 state_update=0 param_prepare=0 core_acc=2 o_scale=1 o_store=0
FIG8_ATTENTION_TIMERS mode=baseline layout=serial phase=measure iteration=14 lut_exp=0 scna_layout=0 scna_width=0 qo_len=1 kv_len=4096 n_heads=12 n_kv_heads=2 head_dim=128 kv_head=1 worker=1 profiled_total=197 q_load=1 k_load=71 v_load=84 qk_dot=1 safe_sm=36 scna_exp=0 state_update=0 param_prepare=0 core_acc=3 o_scale=1 o_store=0
FIG8_ATTENTION_EVENT_COUNT mode=baseline qo_len=1 phase=measure iteration=14 events=0 max_events=0 overflow=0
FIG8_ATTENTION_CHECKSUM mode=baseline layout=serial scna_width=8 seed=figure8_fixed phase=measure iteration=14 checksum=0x80034e374f9b666c
FIG8_ATTENTION_HOST_TIMING mode=baseline layout=serial variant=pair_static_d8 workers=1 scna_width=8 seed=figure8_fixed mask_mode=full qo_len=1 kv_len=4096 n_heads=12 n_kv_heads=2 head_dim=128 phase=measure iteration=15 host_elapsed_us=695 ret=0
FIG8_ATTENTION_PROFILE_COUNT mode=baseline qo_len=1 phase=measure iteration=15 records=2 max_records=10
FIG8_ATTENTION_WORKERS mode=baseline variant=pair_static_d8 qo_len=1 phase=measure iteration=15 requested_workers=1 active_workers=1 hvx_contexts=6 vtcm_worker_cap=8 tasks=2 q_task_rows=4
FIG8_ATTENTION_TIMERS mode=baseline layout=serial phase=measure iteration=15 lut_exp=0 scna_layout=0 scna_width=0 qo_len=1 kv_len=4096 n_heads=12 n_kv_heads=2 head_dim=128 kv_head=0 worker=2 profiled_total=189 q_load=0 k_load=69 v_load=80 qk_dot=1 safe_sm=35 scna_exp=0 state_update=0 param_prepare=0 core_acc=3 o_scale=1 o_store=0
FIG8_ATTENTION_TIMERS mode=baseline layout=serial phase=measure iteration=15 lut_exp=0 scna_layout=0 scna_width=0 qo_len=1 kv_len=4096 n_heads=12 n_kv_heads=2 head_dim=128 kv_head=1 worker=2 profiled_total=196 q_load=1 k_load=69 v_load=86 qk_dot=1 safe_sm=35 scna_exp=0 state_update=0 param_prepare=0 core_acc=2 o_scale=1 o_store=1
FIG8_ATTENTION_EVENT_COUNT mode=baseline qo_len=1 phase=measure iteration=15 events=0 max_events=0 overflow=0
FIG8_ATTENTION_CHECKSUM mode=baseline layout=serial scna_width=8 seed=figure8_fixed phase=measure iteration=15 checksum=0x80034e374f9b666c
FIG8_ATTENTION_HOST_TIMING mode=baseline layout=serial variant=pair_static_d8 workers=1 scna_width=8 seed=figure8_fixed mask_mode=full qo_len=1 kv_len=4096 n_heads=12 n_kv_heads=2 head_dim=128 phase=measure iteration=16 host_elapsed_us=697 ret=0
FIG8_ATTENTION_PROFILE_COUNT mode=baseline qo_len=1 phase=measure iteration=16 records=2 max_records=10
FIG8_ATTENTION_WORKERS mode=baseline variant=pair_static_d8 qo_len=1 phase=measure iteration=16 requested_workers=1 active_workers=1 hvx_contexts=6 vtcm_worker_cap=8 tasks=2 q_task_rows=4
FIG8_ATTENTION_TIMERS mode=baseline layout=serial phase=measure iteration=16 lut_exp=0 scna_layout=0 scna_width=0 qo_len=1 kv_len=4096 n_heads=12 n_kv_heads=2 head_dim=128 kv_head=0 worker=3 profiled_total=198 q_load=0 k_load=69 v_load=82 qk_dot=2 safe_sm=40 scna_exp=0 state_update=0 param_prepare=0 core_acc=4 o_scale=1 o_store=0
FIG8_ATTENTION_TIMERS mode=baseline layout=serial phase=measure iteration=16 lut_exp=0 scna_layout=0 scna_width=0 qo_len=1 kv_len=4096 n_heads=12 n_kv_heads=2 head_dim=128 kv_head=1 worker=3 profiled_total=191 q_load=1 k_load=70 v_load=81 qk_dot=1 safe_sm=35 scna_exp=0 state_update=0 param_prepare=0 core_acc=2 o_scale=1 o_store=0
FIG8_ATTENTION_EVENT_COUNT mode=baseline qo_len=1 phase=measure iteration=16 events=0 max_events=0 overflow=0
FIG8_ATTENTION_CHECKSUM mode=baseline layout=serial scna_width=8 seed=figure8_fixed phase=measure iteration=16 checksum=0x80034e374f9b666c
FIG8_ATTENTION_HOST_TIMING mode=baseline layout=serial variant=pair_static_d8 workers=1 scna_width=8 seed=figure8_fixed mask_mode=full qo_len=1 kv_len=4096 n_heads=12 n_kv_heads=2 head_dim=128 phase=measure iteration=17 host_elapsed_us=702 ret=0
FIG8_ATTENTION_PROFILE_COUNT mode=baseline qo_len=1 phase=measure iteration=17 records=2 max_records=10
FIG8_ATTENTION_WORKERS mode=baseline variant=pair_static_d8 qo_len=1 phase=measure iteration=17 requested_workers=1 active_workers=1 hvx_contexts=6 vtcm_worker_cap=8 tasks=2 q_task_rows=4
FIG8_ATTENTION_TIMERS mode=baseline layout=serial phase=measure iteration=17 lut_exp=0 scna_layout=0 scna_width=0 qo_len=1 kv_len=4096 n_heads=12 n_kv_heads=2 head_dim=128 kv_head=0 worker=4 profiled_total=187 q_load=0 k_load=67 v_load=80 qk_dot=1 safe_sm=35 scna_exp=0 state_update=0 param_prepare=0 core_acc=3 o_scale=1 o_store=0
FIG8_ATTENTION_TIMERS mode=baseline layout=serial phase=measure iteration=17 lut_exp=0 scna_layout=0 scna_width=0 qo_len=1 kv_len=4096 n_heads=12 n_kv_heads=2 head_dim=128 kv_head=1 worker=4 profiled_total=198 q_load=1 k_load=67 v_load=88 qk_dot=1 safe_sm=36 scna_exp=0 state_update=0 param_prepare=0 core_acc=3 o_scale=2 o_store=0
FIG8_ATTENTION_EVENT_COUNT mode=baseline qo_len=1 phase=measure iteration=17 events=0 max_events=0 overflow=0
FIG8_ATTENTION_CHECKSUM mode=baseline layout=serial scna_width=8 seed=figure8_fixed phase=measure iteration=17 checksum=0x80034e374f9b666c
FIG8_ATTENTION_HOST_TIMING mode=baseline layout=serial variant=pair_static_d8 workers=1 scna_width=8 seed=figure8_fixed mask_mode=full qo_len=1 kv_len=4096 n_heads=12 n_kv_heads=2 head_dim=128 phase=measure iteration=18 host_elapsed_us=650 ret=0
FIG8_ATTENTION_PROFILE_COUNT mode=baseline qo_len=1 phase=measure iteration=18 records=2 max_records=10
FIG8_ATTENTION_WORKERS mode=baseline variant=pair_static_d8 qo_len=1 phase=measure iteration=18 requested_workers=1 active_workers=1 hvx_contexts=6 vtcm_worker_cap=8 tasks=2 q_task_rows=4
FIG8_ATTENTION_TIMERS mode=baseline layout=serial phase=measure iteration=18 lut_exp=0 scna_layout=0 scna_width=0 qo_len=1 kv_len=4096 n_heads=12 n_kv_heads=2 head_dim=128 kv_head=0 worker=5 profiled_total=190 q_load=0 k_load=68 v_load=81 qk_dot=1 safe_sm=36 scna_exp=0 state_update=0 param_prepare=0 core_acc=2 o_scale=1 o_store=1
FIG8_ATTENTION_TIMERS mode=baseline layout=serial phase=measure iteration=18 lut_exp=0 scna_layout=0 scna_width=0 qo_len=1 kv_len=4096 n_heads=12 n_kv_heads=2 head_dim=128 kv_head=1 worker=5 profiled_total=180 q_load=1 k_load=67 v_load=71 qk_dot=1 safe_sm=36 scna_exp=0 state_update=0 param_prepare=0 core_acc=3 o_scale=1 o_store=0
FIG8_ATTENTION_EVENT_COUNT mode=baseline qo_len=1 phase=measure iteration=18 events=0 max_events=0 overflow=0
FIG8_ATTENTION_CHECKSUM mode=baseline layout=serial scna_width=8 seed=figure8_fixed phase=measure iteration=18 checksum=0x80034e374f9b666c
FIG8_ATTENTION_HOST_TIMING mode=baseline layout=serial variant=pair_static_d8 workers=1 scna_width=8 seed=figure8_fixed mask_mode=full qo_len=1 kv_len=4096 n_heads=12 n_kv_heads=2 head_dim=128 phase=measure iteration=19 host_elapsed_us=745 ret=0
FIG8_ATTENTION_PROFILE_COUNT mode=baseline qo_len=1 phase=measure iteration=19 records=2 max_records=10
FIG8_ATTENTION_WORKERS mode=baseline variant=pair_static_d8 qo_len=1 phase=measure iteration=19 requested_workers=1 active_workers=1 hvx_contexts=6 vtcm_worker_cap=8 tasks=2 q_task_rows=4
FIG8_ATTENTION_TIMERS mode=baseline layout=serial phase=measure iteration=19 lut_exp=0 scna_layout=0 scna_width=0 qo_len=1 kv_len=4096 n_heads=12 n_kv_heads=2 head_dim=128 kv_head=0 worker=0 profiled_total=193 q_load=0 k_load=68 v_load=81 qk_dot=1 safe_sm=38 scna_exp=0 state_update=0 param_prepare=0 core_acc=3 o_scale=1 o_store=1
FIG8_ATTENTION_TIMERS mode=baseline layout=serial phase=measure iteration=19 lut_exp=0 scna_layout=0 scna_width=0 qo_len=1 kv_len=4096 n_heads=12 n_kv_heads=2 head_dim=128 kv_head=1 worker=0 profiled_total=196 q_load=1 k_load=68 v_load=85 qk_dot=1 safe_sm=36 scna_exp=0 state_update=0 param_prepare=0 core_acc=3 o_scale=1 o_store=1
FIG8_ATTENTION_EVENT_COUNT mode=baseline qo_len=1 phase=measure iteration=19 events=0 max_events=0 overflow=0
FIG8_ATTENTION_CHECKSUM mode=baseline layout=serial scna_width=8 seed=figure8_fixed phase=measure iteration=19 checksum=0x80034e374f9b666c
