FIG8_ATTENTION_CONFIG mode=lut-exp layout=serial variant=pair_static_d8 scna_width=8 seed=figure8_fixed mask_mode=full qo_len=1 kv_len=4096 kv_pad_len=4096 n_heads=12 n_kv_heads=2 head_dim=128 warmup=5 iters=20 q_size=6144 kv_size=2097152 mask_size=8192 profile_size=5760 profile_max_records=10 profile_max_events=0 mode_flags=65537 print_events=0 workers=1 fixture=/data/local/tmp/stage25_softmax_v79/fixture.bin full_mask_fastpath=0
FIG8_ATTENTION_HOST_TIMING mode=lut-exp layout=serial variant=pair_static_d8 workers=1 scna_width=8 seed=figure8_fixed mask_mode=full qo_len=1 kv_len=4096 n_heads=12 n_kv_heads=2 head_dim=128 phase=warmup iteration=0 host_elapsed_us=688 ret=0
FIG8_ATTENTION_PROFILE_COUNT mode=lut-exp qo_len=1 phase=warmup iteration=0 records=2 max_records=10
FIG8_ATTENTION_WORKERS mode=lut-exp variant=pair_static_d8 qo_len=1 phase=warmup iteration=0 requested_workers=1 active_workers=1 hvx_contexts=6 vtcm_worker_cap=8 tasks=2 q_task_rows=4
FIG8_ATTENTION_TIMERS mode=lut-exp layout=serial phase=warmup iteration=0 lut_exp=1 scna_layout=0 scna_width=0 qo_len=1 kv_len=4096 n_heads=12 n_kv_heads=2 head_dim=128 kv_head=0 worker=0 profiled_total=178 q_load=1 k_load=66 v_load=69 qk_dot=6 safe_sm=30 scna_exp=0 state_update=0 rowmax_mem=0 rowsum_reduce=0 rowmax_mem_ticks=0 rowsum_reduce_ticks=0 state_update_ticks=0 param_prepare=0 core_acc=2 o_scale=2 o_store=2
FIG8_ATTENTION_TIMERS mode=lut-exp layout=serial phase=warmup iteration=0 lut_exp=1 scna_layout=0 scna_width=0 qo_len=1 kv_len=4096 n_heads=12 n_kv_heads=2 head_dim=128 kv_head=1 worker=0 profiled_total=163 q_load=0 k_load=65 v_load=70 qk_dot=2 safe_sm=23 scna_exp=0 state_update=0 rowmax_mem=0 rowsum_reduce=0 rowmax_mem_ticks=0 rowsum_reduce_ticks=0 state_update_ticks=0 param_prepare=0 core_acc=1 o_scale=1 o_store=1
FIG8_ATTENTION_EVENT_COUNT mode=lut-exp qo_len=1 phase=warmup iteration=0 events=0 max_events=0 overflow=0
FIG8_ATTENTION_CHECKSUM mode=lut-exp layout=serial scna_width=8 seed=figure8_fixed phase=warmup iteration=0 checksum=0x3c719712970ad1ac
FIG8_ATTENTION_HOST_TIMING mode=lut-exp layout=serial variant=pair_static_d8 workers=1 scna_width=8 seed=figure8_fixed mask_mode=full qo_len=1 kv_len=4096 n_heads=12 n_kv_heads=2 head_dim=128 phase=warmup iteration=1 host_elapsed_us=556 ret=0
FIG8_ATTENTION_PROFILE_COUNT mode=lut-exp qo_len=1 phase=warmup iteration=1 records=2 max_records=10
FIG8_ATTENTION_WORKERS mode=lut-exp variant=pair_static_d8 qo_len=1 phase=warmup iteration=1 requested_workers=1 active_workers=1 hvx_contexts=6 vtcm_worker_cap=8 tasks=2 q_task_rows=4
FIG8_ATTENTION_TIMERS mode=lut-exp layout=serial phase=warmup iteration=1 lut_exp=1 scna_layout=0 scna_width=0 qo_len=1 kv_len=4096 n_heads=12 n_kv_heads=2 head_dim=128 kv_head=0 worker=1 profiled_total=155 q_load=0 k_load=66 v_load=63 qk_dot=1 safe_sm=22 scna_exp=0 state_update=0 rowmax_mem=0 rowsum_reduce=0 rowmax_mem_ticks=0 rowsum_reduce_ticks=0 state_update_ticks=0 param_prepare=0 core_acc=1 o_scale=1 o_store=1
FIG8_ATTENTION_TIMERS mode=lut-exp layout=serial phase=warmup iteration=1 lut_exp=1 scna_layout=0 scna_width=0 qo_len=1 kv_len=4096 n_heads=12 n_kv_heads=2 head_dim=128 kv_head=1 worker=1 profiled_total=150 q_load=0 k_load=66 v_load=61 qk_dot=1 safe_sm=20 scna_exp=0 state_update=0 rowmax_mem=0 rowsum_reduce=0 rowmax_mem_ticks=0 rowsum_reduce_ticks=0 state_update_ticks=0 param_prepare=0 core_acc=1 o_scale=0 o_store=1
FIG8_ATTENTION_EVENT_COUNT mode=lut-exp qo_len=1 phase=warmup iteration=1 events=0 max_events=0 overflow=0
FIG8_ATTENTION_CHECKSUM mode=lut-exp layout=serial scna_width=8 seed=figure8_fixed phase=warmup iteration=1 checksum=0x3c719712970ad1ac
FIG8_ATTENTION_HOST_TIMING mode=lut-exp layout=serial variant=pair_static_d8 workers=1 scna_width=8 seed=figure8_fixed mask_mode=full qo_len=1 kv_len=4096 n_heads=12 n_kv_heads=2 head_dim=128 phase=warmup iteration=2 host_elapsed_us=545 ret=0
FIG8_ATTENTION_PROFILE_COUNT mode=lut-exp qo_len=1 phase=warmup iteration=2 records=2 max_records=10
FIG8_ATTENTION_WORKERS mode=lut-exp variant=pair_static_d8 qo_len=1 phase=warmup iteration=2 requested_workers=1 active_workers=1 hvx_contexts=6 vtcm_worker_cap=8 tasks=2 q_task_rows=4
FIG8_ATTENTION_TIMERS mode=lut-exp layout=serial phase=warmup iteration=2 lut_exp=1 scna_layout=0 scna_width=0 qo_len=1 kv_len=4096 n_heads=12 n_kv_heads=2 head_dim=128 kv_head=0 worker=2 profiled_total=153 q_load=0 k_load=67 v_load=60 qk_dot=1 safe_sm=21 scna_exp=0 state_update=0 rowmax_mem=0 rowsum_reduce=0 rowmax_mem_ticks=0 rowsum_reduce_ticks=0 state_update_ticks=0 param_prepare=0 core_acc=2 o_scale=1 o_store=1
FIG8_ATTENTION_TIMERS mode=lut-exp layout=serial phase=warmup iteration=2 lut_exp=1 scna_layout=0 scna_width=0 qo_len=1 kv_len=4096 n_heads=12 n_kv_heads=2 head_dim=128 kv_head=1 worker=2 profiled_total=151 q_load=0 k_load=67 v_load=61 qk_dot=1 safe_sm=19 scna_exp=0 state_update=0 rowmax_mem=0 rowsum_reduce=0 rowmax_mem_ticks=0 rowsum_reduce_ticks=0 state_update_ticks=0 param_prepare=0 core_acc=1 o_scale=1 o_store=1
FIG8_ATTENTION_EVENT_COUNT mode=lut-exp qo_len=1 phase=warmup iteration=2 events=0 max_events=0 overflow=0
FIG8_ATTENTION_CHECKSUM mode=lut-exp layout=serial scna_width=8 seed=figure8_fixed phase=warmup iteration=2 checksum=0x3c719712970ad1ac
FIG8_ATTENTION_HOST_TIMING mode=lut-exp layout=serial variant=pair_static_d8 workers=1 scna_width=8 seed=figure8_fixed mask_mode=full qo_len=1 kv_len=4096 n_heads=12 n_kv_heads=2 head_dim=128 phase=warmup iteration=3 host_elapsed_us=546 ret=0
FIG8_ATTENTION_PROFILE_COUNT mode=lut-exp qo_len=1 phase=warmup iteration=3 records=2 max_records=10
FIG8_ATTENTION_WORKERS mode=lut-exp variant=pair_static_d8 qo_len=1 phase=warmup iteration=3 requested_workers=1 active_workers=1 hvx_contexts=6 vtcm_worker_cap=8 tasks=2 q_task_rows=4
FIG8_ATTENTION_TIMERS mode=lut-exp layout=serial phase=warmup iteration=3 lut_exp=1 scna_layout=0 scna_width=0 qo_len=1 kv_len=4096 n_heads=12 n_kv_heads=2 head_dim=128 kv_head=0 worker=3 profiled_total=177 q_load=0 k_load=67 v_load=80 qk_dot=2 safe_sm=25 scna_exp=0 state_update=0 rowmax_mem=0 rowsum_reduce=0 rowmax_mem_ticks=0 rowsum_reduce_ticks=0 state_update_ticks=0 param_prepare=0 core_acc=1 o_scale=1 o_store=1
FIG8_ATTENTION_TIMERS mode=lut-exp layout=serial phase=warmup iteration=3 lut_exp=1 scna_layout=0 scna_width=0 qo_len=1 kv_len=4096 n_heads=12 n_kv_heads=2 head_dim=128 kv_head=1 worker=3 profiled_total=149 q_load=0 k_load=68 v_load=60 qk_dot=1 safe_sm=19 scna_exp=0 state_update=0 rowmax_mem=0 rowsum_reduce=0 rowmax_mem_ticks=0 rowsum_reduce_ticks=0 state_update_ticks=0 param_prepare=0 core_acc=0 o_scale=0 o_store=1
FIG8_ATTENTION_EVENT_COUNT mode=lut-exp qo_len=1 phase=warmup iteration=3 events=0 max_events=0 overflow=0
FIG8_ATTENTION_CHECKSUM mode=lut-exp layout=serial scna_width=8 seed=figure8_fixed phase=warmup iteration=3 checksum=0x3c719712970ad1ac
FIG8_ATTENTION_HOST_TIMING mode=lut-exp layout=serial variant=pair_static_d8 workers=1 scna_width=8 seed=figure8_fixed mask_mode=full qo_len=1 kv_len=4096 n_heads=12 n_kv_heads=2 head_dim=128 phase=warmup iteration=4 host_elapsed_us=577 ret=0
FIG8_ATTENTION_PROFILE_COUNT mode=lut-exp qo_len=1 phase=warmup iteration=4 records=2 max_records=10
FIG8_ATTENTION_WORKERS mode=lut-exp variant=pair_static_d8 qo_len=1 phase=warmup iteration=4 requested_workers=1 active_workers=1 hvx_contexts=6 vtcm_worker_cap=8 tasks=2 q_task_rows=4
FIG8_ATTENTION_TIMERS mode=lut-exp layout=serial phase=warmup iteration=4 lut_exp=1 scna_layout=0 scna_width=0 qo_len=1 kv_len=4096 n_heads=12 n_kv_heads=2 head_dim=128 kv_head=0 worker=4 profiled_total=151 q_load=0 k_load=66 v_load=60 qk_dot=1 safe_sm=21 scna_exp=0 state_update=0 rowmax_mem=0 rowsum_reduce=0 rowmax_mem_ticks=0 rowsum_reduce_ticks=0 state_update_ticks=0 param_prepare=0 core_acc=1 o_scale=1 o_store=1
FIG8_ATTENTION_TIMERS mode=lut-exp layout=serial phase=warmup iteration=4 lut_exp=1 scna_layout=0 scna_width=0 qo_len=1 kv_len=4096 n_heads=12 n_kv_heads=2 head_dim=128 kv_head=1 worker=4 profiled_total=157 q_load=0 k_load=67 v_load=66 qk_dot=1 safe_sm=21 scna_exp=0 state_update=0 rowmax_mem=0 rowsum_reduce=0 rowmax_mem_ticks=0 rowsum_reduce_ticks=0 state_update_ticks=0 param_prepare=0 core_acc=1 o_scale=0 o_store=1
FIG8_ATTENTION_EVENT_COUNT mode=lut-exp qo_len=1 phase=warmup iteration=4 events=0 max_events=0 overflow=0
FIG8_ATTENTION_CHECKSUM mode=lut-exp layout=serial scna_width=8 seed=figure8_fixed phase=warmup iteration=4 checksum=0x3c719712970ad1ac
FIG8_ATTENTION_HOST_TIMING mode=lut-exp layout=serial variant=pair_static_d8 workers=1 scna_width=8 seed=figure8_fixed mask_mode=full qo_len=1 kv_len=4096 n_heads=12 n_kv_heads=2 head_dim=128 phase=measure iteration=0 host_elapsed_us=651 ret=0
FIG8_ATTENTION_PROFILE_COUNT mode=lut-exp qo_len=1 phase=measure iteration=0 records=2 max_records=10
FIG8_ATTENTION_WORKERS mode=lut-exp variant=pair_static_d8 qo_len=1 phase=measure iteration=0 requested_workers=1 active_workers=1 hvx_contexts=6 vtcm_worker_cap=8 tasks=2 q_task_rows=4
FIG8_ATTENTION_TIMERS mode=lut-exp layout=serial phase=measure iteration=0 lut_exp=1 scna_layout=0 scna_width=0 qo_len=1 kv_len=4096 n_heads=12 n_kv_heads=2 head_dim=128 kv_head=0 worker=5 profiled_total=159 q_load=0 k_load=66 v_load=66 qk_dot=1 safe_sm=23 scna_exp=0 state_update=0 rowmax_mem=0 rowsum_reduce=0 rowmax_mem_ticks=0 rowsum_reduce_ticks=0 state_update_ticks=0 param_prepare=0 core_acc=1 o_scale=1 o_store=1
FIG8_ATTENTION_TIMERS mode=lut-exp layout=serial phase=measure iteration=0 lut_exp=1 scna_layout=0 scna_width=0 qo_len=1 kv_len=4096 n_heads=12 n_kv_heads=2 head_dim=128 kv_head=1 worker=5 profiled_total=158 q_load=0 k_load=67 v_load=67 qk_dot=2 safe_sm=21 scna_exp=0 state_update=0 rowmax_mem=0 rowsum_reduce=0 rowmax_mem_ticks=0 rowsum_reduce_ticks=0 state_update_ticks=0 param_prepare=0 core_acc=1 o_scale=0 o_store=0
FIG8_ATTENTION_EVENT_COUNT mode=lut-exp qo_len=1 phase=measure iteration=0 events=0 max_events=0 overflow=0
FIG8_ATTENTION_CHECKSUM mode=lut-exp layout=serial scna_width=8 seed=figure8_fixed phase=measure iteration=0 checksum=0x3c719712970ad1ac
FIG8_ATTENTION_HOST_TIMING mode=lut-exp layout=serial variant=pair_static_d8 workers=1 scna_width=8 seed=figure8_fixed mask_mode=full qo_len=1 kv_len=4096 n_heads=12 n_kv_heads=2 head_dim=128 phase=measure iteration=1 host_elapsed_us=589 ret=0
FIG8_ATTENTION_PROFILE_COUNT mode=lut-exp qo_len=1 phase=measure iteration=1 records=2 max_records=10
FIG8_ATTENTION_WORKERS mode=lut-exp variant=pair_static_d8 qo_len=1 phase=measure iteration=1 requested_workers=1 active_workers=1 hvx_contexts=6 vtcm_worker_cap=8 tasks=2 q_task_rows=4
FIG8_ATTENTION_TIMERS mode=lut-exp layout=serial phase=measure iteration=1 lut_exp=1 scna_layout=0 scna_width=0 qo_len=1 kv_len=4096 n_heads=12 n_kv_heads=2 head_dim=128 kv_head=0 worker=0 profiled_total=159 q_load=0 k_load=67 v_load=65 qk_dot=1 safe_sm=23 scna_exp=0 state_update=0 rowmax_mem=0 rowsum_reduce=0 rowmax_mem_ticks=0 rowsum_reduce_ticks=0 state_update_ticks=0 param_prepare=0 core_acc=1 o_scale=1 o_store=1
FIG8_ATTENTION_TIMERS mode=lut-exp layout=serial phase=measure iteration=1 lut_exp=1 scna_layout=0 scna_width=0 qo_len=1 kv_len=4096 n_heads=12 n_kv_heads=2 head_dim=128 kv_head=1 worker=0 profiled_total=159 q_load=0 k_load=67 v_load=67 qk_dot=2 safe_sm=21 scna_exp=0 state_update=0 rowmax_mem=0 rowsum_reduce=0 rowmax_mem_ticks=0 rowsum_reduce_ticks=0 state_update_ticks=0 param_prepare=0 core_acc=1 o_scale=0 o_store=1
FIG8_ATTENTION_EVENT_COUNT mode=lut-exp qo_len=1 phase=measure iteration=1 events=0 max_events=0 overflow=0
FIG8_ATTENTION_CHECKSUM mode=lut-exp layout=serial scna_width=8 seed=figure8_fixed phase=measure iteration=1 checksum=0x3c719712970ad1ac
FIG8_ATTENTION_HOST_TIMING mode=lut-exp layout=serial variant=pair_static_d8 workers=1 scna_width=8 seed=figure8_fixed mask_mode=full qo_len=1 kv_len=4096 n_heads=12 n_kv_heads=2 head_dim=128 phase=measure iteration=2 host_elapsed_us=636 ret=0
FIG8_ATTENTION_PROFILE_COUNT mode=lut-exp qo_len=1 phase=measure iteration=2 records=2 max_records=10
FIG8_ATTENTION_WORKERS mode=lut-exp variant=pair_static_d8 qo_len=1 phase=measure iteration=2 requested_workers=1 active_workers=1 hvx_contexts=6 vtcm_worker_cap=8 tasks=2 q_task_rows=4
FIG8_ATTENTION_TIMERS mode=lut-exp layout=serial phase=measure iteration=2 lut_exp=1 scna_layout=0 scna_width=0 qo_len=1 kv_len=4096 n_heads=12 n_kv_heads=2 head_dim=128 kv_head=0 worker=1 profiled_total=159 q_load=0 k_load=66 v_load=65 qk_dot=1 safe_sm=24 scna_exp=0 state_update=0 rowmax_mem=0 rowsum_reduce=0 rowmax_mem_ticks=0 rowsum_reduce_ticks=0 state_update_ticks=0 param_prepare=0 core_acc=1 o_scale=1 o_store=1
FIG8_ATTENTION_TIMERS mode=lut-exp layout=serial phase=measure iteration=2 lut_exp=1 scna_layout=0 scna_width=0 qo_len=1 kv_len=4096 n_heads=12 n_kv_heads=2 head_dim=128 kv_head=1 worker=1 profiled_total=159 q_load=0 k_load=67 v_load=67 qk_dot=2 safe_sm=21 scna_exp=0 state_update=0 rowmax_mem=0 rowsum_reduce=0 rowmax_mem_ticks=0 rowsum_reduce_ticks=0 state_update_ticks=0 param_prepare=0 core_acc=1 o_scale=0 o_store=1
FIG8_ATTENTION_EVENT_COUNT mode=lut-exp qo_len=1 phase=measure iteration=2 events=0 max_events=0 overflow=0
FIG8_ATTENTION_CHECKSUM mode=lut-exp layout=serial scna_width=8 seed=figure8_fixed phase=measure iteration=2 checksum=0x3c719712970ad1ac
FIG8_ATTENTION_HOST_TIMING mode=lut-exp layout=serial variant=pair_static_d8 workers=1 scna_width=8 seed=figure8_fixed mask_mode=full qo_len=1 kv_len=4096 n_heads=12 n_kv_heads=2 head_dim=128 phase=measure iteration=3 host_elapsed_us=560 ret=0
FIG8_ATTENTION_PROFILE_COUNT mode=lut-exp qo_len=1 phase=measure iteration=3 records=2 max_records=10
FIG8_ATTENTION_WORKERS mode=lut-exp variant=pair_static_d8 qo_len=1 phase=measure iteration=3 requested_workers=1 active_workers=1 hvx_contexts=6 vtcm_worker_cap=8 tasks=2 q_task_rows=4
FIG8_ATTENTION_TIMERS mode=lut-exp layout=serial phase=measure iteration=3 lut_exp=1 scna_layout=0 scna_width=0 qo_len=1 kv_len=4096 n_heads=12 n_kv_heads=2 head_dim=128 kv_head=0 worker=2 profiled_total=159 q_load=0 k_load=66 v_load=65 qk_dot=2 safe_sm=23 scna_exp=0 state_update=0 rowmax_mem=0 rowsum_reduce=0 rowmax_mem_ticks=0 rowsum_reduce_ticks=0 state_update_ticks=0 param_prepare=0 core_acc=1 o_scale=1 o_store=1
FIG8_ATTENTION_TIMERS mode=lut-exp layout=serial phase=measure iteration=3 lut_exp=1 scna_layout=0 scna_width=0 qo_len=1 kv_len=4096 n_heads=12 n_kv_heads=2 head_dim=128 kv_head=1 worker=2 profiled_total=158 q_load=0 k_load=67 v_load=67 qk_dot=1 safe_sm=21 scna_exp=0 state_update=0 rowmax_mem=0 rowsum_reduce=0 rowmax_mem_ticks=0 rowsum_reduce_ticks=0 state_update_ticks=0 param_prepare=0 core_acc=1 o_scale=0 o_store=1
FIG8_ATTENTION_EVENT_COUNT mode=lut-exp qo_len=1 phase=measure iteration=3 events=0 max_events=0 overflow=0
FIG8_ATTENTION_CHECKSUM mode=lut-exp layout=serial scna_width=8 seed=figure8_fixed phase=measure iteration=3 checksum=0x3c719712970ad1ac
FIG8_ATTENTION_HOST_TIMING mode=lut-exp layout=serial variant=pair_static_d8 workers=1 scna_width=8 seed=figure8_fixed mask_mode=full qo_len=1 kv_len=4096 n_heads=12 n_kv_heads=2 head_dim=128 phase=measure iteration=4 host_elapsed_us=632 ret=0
FIG8_ATTENTION_PROFILE_COUNT mode=lut-exp qo_len=1 phase=measure iteration=4 records=2 max_records=10
FIG8_ATTENTION_WORKERS mode=lut-exp variant=pair_static_d8 qo_len=1 phase=measure iteration=4 requested_workers=1 active_workers=1 hvx_contexts=6 vtcm_worker_cap=8 tasks=2 q_task_rows=4
FIG8_ATTENTION_TIMERS mode=lut-exp layout=serial phase=measure iteration=4 lut_exp=1 scna_layout=0 scna_width=0 qo_len=1 kv_len=4096 n_heads=12 n_kv_heads=2 head_dim=128 kv_head=0 worker=3 profiled_total=159 q_load=0 k_load=66 v_load=64 qk_dot=2 safe_sm=24 scna_exp=0 state_update=0 rowmax_mem=0 rowsum_reduce=0 rowmax_mem_ticks=0 rowsum_reduce_ticks=0 state_update_ticks=0 param_prepare=0 core_acc=1 o_scale=1 o_store=1
FIG8_ATTENTION_TIMERS mode=lut-exp layout=serial phase=measure iteration=4 lut_exp=1 scna_layout=0 scna_width=0 qo_len=1 kv_len=4096 n_heads=12 n_kv_heads=2 head_dim=128 kv_head=1 worker=3 profiled_total=160 q_load=1 k_load=67 v_load=67 qk_dot=2 safe_sm=21 scna_exp=0 state_update=0 rowmax_mem=0 rowsum_reduce=0 rowmax_mem_ticks=0 rowsum_reduce_ticks=0 state_update_ticks=0 param_prepare=0 core_acc=1 o_scale=0 o_store=1
FIG8_ATTENTION_EVENT_COUNT mode=lut-exp qo_len=1 phase=measure iteration=4 events=0 max_events=0 overflow=0
FIG8_ATTENTION_CHECKSUM mode=lut-exp layout=serial scna_width=8 seed=figure8_fixed phase=measure iteration=4 checksum=0x3c719712970ad1ac
FIG8_ATTENTION_HOST_TIMING mode=lut-exp layout=serial variant=pair_static_d8 workers=1 scna_width=8 seed=figure8_fixed mask_mode=full qo_len=1 kv_len=4096 n_heads=12 n_kv_heads=2 head_dim=128 phase=measure iteration=5 host_elapsed_us=620 ret=0
FIG8_ATTENTION_PROFILE_COUNT mode=lut-exp qo_len=1 phase=measure iteration=5 records=2 max_records=10
FIG8_ATTENTION_WORKERS mode=lut-exp variant=pair_static_d8 qo_len=1 phase=measure iteration=5 requested_workers=1 active_workers=1 hvx_contexts=6 vtcm_worker_cap=8 tasks=2 q_task_rows=4
FIG8_ATTENTION_TIMERS mode=lut-exp layout=serial phase=measure iteration=5 lut_exp=1 scna_layout=0 scna_width=0 qo_len=1 kv_len=4096 n_heads=12 n_kv_heads=2 head_dim=128 kv_head=0 worker=4 profiled_total=158 q_load=0 k_load=67 v_load=64 qk_dot=1 safe_sm=23 scna_exp=0 state_update=0 rowmax_mem=0 rowsum_reduce=0 rowmax_mem_ticks=0 rowsum_reduce_ticks=0 state_update_ticks=0 param_prepare=0 core_acc=1 o_scale=1 o_store=1
FIG8_ATTENTION_TIMERS mode=lut-exp layout=serial phase=measure iteration=5 lut_exp=1 scna_layout=0 scna_width=0 qo_len=1 kv_len=4096 n_heads=12 n_kv_heads=2 head_dim=128 kv_head=1 worker=4 profiled_total=158 q_load=0 k_load=67 v_load=66 qk_dot=2 safe_sm=21 scna_exp=0 state_update=0 rowmax_mem=0 rowsum_reduce=0 rowmax_mem_ticks=0 rowsum_reduce_ticks=0 state_update_ticks=0 param_prepare=0 core_acc=1 o_scale=0 o_store=1
FIG8_ATTENTION_EVENT_COUNT mode=lut-exp qo_len=1 phase=measure iteration=5 events=0 max_events=0 overflow=0
FIG8_ATTENTION_CHECKSUM mode=lut-exp layout=serial scna_width=8 seed=figure8_fixed phase=measure iteration=5 checksum=0x3c719712970ad1ac
FIG8_ATTENTION_HOST_TIMING mode=lut-exp layout=serial variant=pair_static_d8 workers=1 scna_width=8 seed=figure8_fixed mask_mode=full qo_len=1 kv_len=4096 n_heads=12 n_kv_heads=2 head_dim=128 phase=measure iteration=6 host_elapsed_us=638 ret=0
FIG8_ATTENTION_PROFILE_COUNT mode=lut-exp qo_len=1 phase=measure iteration=6 records=2 max_records=10
FIG8_ATTENTION_WORKERS mode=lut-exp variant=pair_static_d8 qo_len=1 phase=measure iteration=6 requested_workers=1 active_workers=1 hvx_contexts=6 vtcm_worker_cap=8 tasks=2 q_task_rows=4
FIG8_ATTENTION_TIMERS mode=lut-exp layout=serial phase=measure iteration=6 lut_exp=1 scna_layout=0 scna_width=0 qo_len=1 kv_len=4096 n_heads=12 n_kv_heads=2 head_dim=128 kv_head=0 worker=5 profiled_total=159 q_load=0 k_load=66 v_load=66 qk_dot=1 safe_sm=23 scna_exp=0 state_update=0 rowmax_mem=0 rowsum_reduce=0 rowmax_mem_ticks=0 rowsum_reduce_ticks=0 state_update_ticks=0 param_prepare=0 core_acc=1 o_scale=1 o_store=1
FIG8_ATTENTION_TIMERS mode=lut-exp layout=serial phase=measure iteration=6 lut_exp=1 scna_layout=0 scna_width=0 qo_len=1 kv_len=4096 n_heads=12 n_kv_heads=2 head_dim=128 kv_head=1 worker=5 profiled_total=158 q_load=0 k_load=67 v_load=67 qk_dot=1 safe_sm=21 scna_exp=0 state_update=0 rowmax_mem=0 rowsum_reduce=0 rowmax_mem_ticks=0 rowsum_reduce_ticks=0 state_update_ticks=0 param_prepare=0 core_acc=1 o_scale=0 o_store=1
FIG8_ATTENTION_EVENT_COUNT mode=lut-exp qo_len=1 phase=measure iteration=6 events=0 max_events=0 overflow=0
FIG8_ATTENTION_CHECKSUM mode=lut-exp layout=serial scna_width=8 seed=figure8_fixed phase=measure iteration=6 checksum=0x3c719712970ad1ac
FIG8_ATTENTION_HOST_TIMING mode=lut-exp layout=serial variant=pair_static_d8 workers=1 scna_width=8 seed=figure8_fixed mask_mode=full qo_len=1 kv_len=4096 n_heads=12 n_kv_heads=2 head_dim=128 phase=measure iteration=7 host_elapsed_us=580 ret=0
FIG8_ATTENTION_PROFILE_COUNT mode=lut-exp qo_len=1 phase=measure iteration=7 records=2 max_records=10
FIG8_ATTENTION_WORKERS mode=lut-exp variant=pair_static_d8 qo_len=1 phase=measure iteration=7 requested_workers=1 active_workers=1 hvx_contexts=6 vtcm_worker_cap=8 tasks=2 q_task_rows=4
FIG8_ATTENTION_TIMERS mode=lut-exp layout=serial phase=measure iteration=7 lut_exp=1 scna_layout=0 scna_width=0 qo_len=1 kv_len=4096 n_heads=12 n_kv_heads=2 head_dim=128 kv_head=0 worker=0 profiled_total=158 q_load=0 k_load=67 v_load=64 qk_dot=1 safe_sm=23 scna_exp=0 state_update=0 rowmax_mem=0 rowsum_reduce=0 rowmax_mem_ticks=0 rowsum_reduce_ticks=0 state_update_ticks=0 param_prepare=0 core_acc=1 o_scale=1 o_store=1
FIG8_ATTENTION_TIMERS mode=lut-exp layout=serial phase=measure iteration=7 lut_exp=1 scna_layout=0 scna_width=0 qo_len=1 kv_len=4096 n_heads=12 n_kv_heads=2 head_dim=128 kv_head=1 worker=0 profiled_total=157 q_load=0 k_load=67 v_load=66 qk_dot=2 safe_sm=21 scna_exp=0 state_update=0 rowmax_mem=0 rowsum_reduce=0 rowmax_mem_ticks=0 rowsum_reduce_ticks=0 state_update_ticks=0 param_prepare=0 core_acc=1 o_scale=0 o_store=0
FIG8_ATTENTION_EVENT_COUNT mode=lut-exp qo_len=1 phase=measure iteration=7 events=0 max_events=0 overflow=0
FIG8_ATTENTION_CHECKSUM mode=lut-exp layout=serial scna_width=8 seed=figure8_fixed phase=measure iteration=7 checksum=0x3c719712970ad1ac
FIG8_ATTENTION_HOST_TIMING mode=lut-exp layout=serial variant=pair_static_d8 workers=1 scna_width=8 seed=figure8_fixed mask_mode=full qo_len=1 kv_len=4096 n_heads=12 n_kv_heads=2 head_dim=128 phase=measure iteration=8 host_elapsed_us=620 ret=0
FIG8_ATTENTION_PROFILE_COUNT mode=lut-exp qo_len=1 phase=measure iteration=8 records=2 max_records=10
FIG8_ATTENTION_WORKERS mode=lut-exp variant=pair_static_d8 qo_len=1 phase=measure iteration=8 requested_workers=1 active_workers=1 hvx_contexts=6 vtcm_worker_cap=8 tasks=2 q_task_rows=4
FIG8_ATTENTION_TIMERS mode=lut-exp layout=serial phase=measure iteration=8 lut_exp=1 scna_layout=0 scna_width=0 qo_len=1 kv_len=4096 n_heads=12 n_kv_heads=2 head_dim=128 kv_head=0 worker=1 profiled_total=157 q_load=0 k_load=66 v_load=64 qk_dot=1 safe_sm=23 scna_exp=0 state_update=0 rowmax_mem=0 rowsum_reduce=0 rowmax_mem_ticks=0 rowsum_reduce_ticks=0 state_update_ticks=0 param_prepare=0 core_acc=1 o_scale=1 o_store=1
FIG8_ATTENTION_TIMERS mode=lut-exp layout=serial phase=measure iteration=8 lut_exp=1 scna_layout=0 scna_width=0 qo_len=1 kv_len=4096 n_heads=12 n_kv_heads=2 head_dim=128 kv_head=1 worker=1 profiled_total=157 q_load=0 k_load=66 v_load=65 qk_dot=2 safe_sm=21 scna_exp=0 state_update=0 rowmax_mem=0 rowsum_reduce=0 rowmax_mem_ticks=0 rowsum_reduce_ticks=0 state_update_ticks=0 param_prepare=0 core_acc=1 o_scale=1 o_store=1
FIG8_ATTENTION_EVENT_COUNT mode=lut-exp qo_len=1 phase=measure iteration=8 events=0 max_events=0 overflow=0
FIG8_ATTENTION_CHECKSUM mode=lut-exp layout=serial scna_width=8 seed=figure8_fixed phase=measure iteration=8 checksum=0x3c719712970ad1ac
FIG8_ATTENTION_HOST_TIMING mode=lut-exp layout=serial variant=pair_static_d8 workers=1 scna_width=8 seed=figure8_fixed mask_mode=full qo_len=1 kv_len=4096 n_heads=12 n_kv_heads=2 head_dim=128 phase=measure iteration=9 host_elapsed_us=598 ret=0
FIG8_ATTENTION_PROFILE_COUNT mode=lut-exp qo_len=1 phase=measure iteration=9 records=2 max_records=10
FIG8_ATTENTION_WORKERS mode=lut-exp variant=pair_static_d8 qo_len=1 phase=measure iteration=9 requested_workers=1 active_workers=1 hvx_contexts=6 vtcm_worker_cap=8 tasks=2 q_task_rows=4
FIG8_ATTENTION_TIMERS mode=lut-exp layout=serial phase=measure iteration=9 lut_exp=1 scna_layout=0 scna_width=0 qo_len=1 kv_len=4096 n_heads=12 n_kv_heads=2 head_dim=128 kv_head=0 worker=2 profiled_total=156 q_load=0 k_load=66 v_load=63 qk_dot=1 safe_sm=23 scna_exp=0 state_update=0 rowmax_mem=0 rowsum_reduce=0 rowmax_mem_ticks=0 rowsum_reduce_ticks=0 state_update_ticks=0 param_prepare=0 core_acc=1 o_scale=1 o_store=1
FIG8_ATTENTION_TIMERS mode=lut-exp layout=serial phase=measure iteration=9 lut_exp=1 scna_layout=0 scna_width=0 qo_len=1 kv_len=4096 n_heads=12 n_kv_heads=2 head_dim=128 kv_head=1 worker=2 profiled_total=159 q_load=0 k_load=68 v_load=65 qk_dot=2 safe_sm=22 scna_exp=0 state_update=0 rowmax_mem=0 rowsum_reduce=0 rowmax_mem_ticks=0 rowsum_reduce_ticks=0 state_update_ticks=0 param_prepare=0 core_acc=1 o_scale=0 o_store=1
FIG8_ATTENTION_EVENT_COUNT mode=lut-exp qo_len=1 phase=measure iteration=9 events=0 max_events=0 overflow=0
FIG8_ATTENTION_CHECKSUM mode=lut-exp layout=serial scna_width=8 seed=figure8_fixed phase=measure iteration=9 checksum=0x3c719712970ad1ac
FIG8_ATTENTION_HOST_TIMING mode=lut-exp layout=serial variant=pair_static_d8 workers=1 scna_width=8 seed=figure8_fixed mask_mode=full qo_len=1 kv_len=4096 n_heads=12 n_kv_heads=2 head_dim=128 phase=measure iteration=10 host_elapsed_us=651 ret=0
FIG8_ATTENTION_PROFILE_COUNT mode=lut-exp qo_len=1 phase=measure iteration=10 records=2 max_records=10
FIG8_ATTENTION_WORKERS mode=lut-exp variant=pair_static_d8 qo_len=1 phase=measure iteration=10 requested_workers=1 active_workers=1 hvx_contexts=6 vtcm_worker_cap=8 tasks=2 q_task_rows=4
FIG8_ATTENTION_TIMERS mode=lut-exp layout=serial phase=measure iteration=10 lut_exp=1 scna_layout=0 scna_width=0 qo_len=1 kv_len=4096 n_heads=12 n_kv_heads=2 head_dim=128 kv_head=0 worker=3 profiled_total=157 q_load=0 k_load=66 v_load=64 qk_dot=1 safe_sm=23 scna_exp=0 state_update=0 rowmax_mem=0 rowsum_reduce=0 rowmax_mem_ticks=0 rowsum_reduce_ticks=0 state_update_ticks=0 param_prepare=0 core_acc=1 o_scale=1 o_store=1
FIG8_ATTENTION_TIMERS mode=lut-exp layout=serial phase=measure iteration=10 lut_exp=1 scna_layout=0 scna_width=0 qo_len=1 kv_len=4096 n_heads=12 n_kv_heads=2 head_dim=128 kv_head=1 worker=3 profiled_total=157 q_load=0 k_load=67 v_load=65 qk_dot=2 safe_sm=21 scna_exp=0 state_update=0 rowmax_mem=0 rowsum_reduce=0 rowmax_mem_ticks=0 rowsum_reduce_ticks=0 state_update_ticks=0 param_prepare=0 core_acc=1 o_scale=0 o_store=1
FIG8_ATTENTION_EVENT_COUNT mode=lut-exp qo_len=1 phase=measure iteration=10 events=0 max_events=0 overflow=0
FIG8_ATTENTION_CHECKSUM mode=lut-exp layout=serial scna_width=8 seed=figure8_fixed phase=measure iteration=10 checksum=0x3c719712970ad1ac
FIG8_ATTENTION_HOST_TIMING mode=lut-exp layout=serial variant=pair_static_d8 workers=1 scna_width=8 seed=figure8_fixed mask_mode=full qo_len=1 kv_len=4096 n_heads=12 n_kv_heads=2 head_dim=128 phase=measure iteration=11 host_elapsed_us=628 ret=0
FIG8_ATTENTION_PROFILE_COUNT mode=lut-exp qo_len=1 phase=measure iteration=11 records=2 max_records=10
FIG8_ATTENTION_WORKERS mode=lut-exp variant=pair_static_d8 qo_len=1 phase=measure iteration=11 requested_workers=1 active_workers=1 hvx_contexts=6 vtcm_worker_cap=8 tasks=2 q_task_rows=4
FIG8_ATTENTION_TIMERS mode=lut-exp layout=serial phase=measure iteration=11 lut_exp=1 scna_layout=0 scna_width=0 qo_len=1 kv_len=4096 n_heads=12 n_kv_heads=2 head_dim=128 kv_head=0 worker=4 profiled_total=155 q_load=0 k_load=66 v_load=63 qk_dot=1 safe_sm=22 scna_exp=0 state_update=0 rowmax_mem=0 rowsum_reduce=0 rowmax_mem_ticks=0 rowsum_reduce_ticks=0 state_update_ticks=0 param_prepare=0 core_acc=1 o_scale=1 o_store=1
FIG8_ATTENTION_TIMERS mode=lut-exp layout=serial phase=measure iteration=11 lut_exp=1 scna_layout=0 scna_width=0 qo_len=1 kv_len=4096 n_heads=12 n_kv_heads=2 head_dim=128 kv_head=1 worker=4 profiled_total=158 q_load=0 k_load=67 v_load=66 qk_dot=2 safe_sm=21 scna_exp=0 state_update=0 rowmax_mem=0 rowsum_reduce=0 rowmax_mem_ticks=0 rowsum_reduce_ticks=0 state_update_ticks=0 param_prepare=0 core_acc=1 o_scale=0 o_store=1
FIG8_ATTENTION_EVENT_COUNT mode=lut-exp qo_len=1 phase=measure iteration=11 events=0 max_events=0 overflow=0
FIG8_ATTENTION_CHECKSUM mode=lut-exp layout=serial scna_width=8 seed=figure8_fixed phase=measure iteration=11 checksum=0x3c719712970ad1ac
FIG8_ATTENTION_HOST_TIMING mode=lut-exp layout=serial variant=pair_static_d8 workers=1 scna_width=8 seed=figure8_fixed mask_mode=full qo_len=1 kv_len=4096 n_heads=12 n_kv_heads=2 head_dim=128 phase=measure iteration=12 host_elapsed_us=648 ret=0
FIG8_ATTENTION_PROFILE_COUNT mode=lut-exp qo_len=1 phase=measure iteration=12 records=2 max_records=10
FIG8_ATTENTION_WORKERS mode=lut-exp variant=pair_static_d8 qo_len=1 phase=measure iteration=12 requested_workers=1 active_workers=1 hvx_contexts=6 vtcm_worker_cap=8 tasks=2 q_task_rows=4
FIG8_ATTENTION_TIMERS mode=lut-exp layout=serial phase=measure iteration=12 lut_exp=1 scna_layout=0 scna_width=0 qo_len=1 kv_len=4096 n_heads=12 n_kv_heads=2 head_dim=128 kv_head=0 worker=5 profiled_total=159 q_load=0 k_load=67 v_load=65 qk_dot=1 safe_sm=23 scna_exp=0 state_update=0 rowmax_mem=0 rowsum_reduce=0 rowmax_mem_ticks=0 rowsum_reduce_ticks=0 state_update_ticks=0 param_prepare=0 core_acc=1 o_scale=1 o_store=1
FIG8_ATTENTION_TIMERS mode=lut-exp layout=serial phase=measure iteration=12 lut_exp=1 scna_layout=0 scna_width=0 qo_len=1 kv_len=4096 n_heads=12 n_kv_heads=2 head_dim=128 kv_head=1 worker=5 profiled_total=159 q_load=0 k_load=69 v_load=65 qk_dot=2 safe_sm=21 scna_exp=0 state_update=0 rowmax_mem=0 rowsum_reduce=0 rowmax_mem_ticks=0 rowsum_reduce_ticks=0 state_update_ticks=0 param_prepare=0 core_acc=1 o_scale=0 o_store=1
FIG8_ATTENTION_EVENT_COUNT mode=lut-exp qo_len=1 phase=measure iteration=12 events=0 max_events=0 overflow=0
FIG8_ATTENTION_CHECKSUM mode=lut-exp layout=serial scna_width=8 seed=figure8_fixed phase=measure iteration=12 checksum=0x3c719712970ad1ac
FIG8_ATTENTION_HOST_TIMING mode=lut-exp layout=serial variant=pair_static_d8 workers=1 scna_width=8 seed=figure8_fixed mask_mode=full qo_len=1 kv_len=4096 n_heads=12 n_kv_heads=2 head_dim=128 phase=measure iteration=13 host_elapsed_us=644 ret=0
FIG8_ATTENTION_PROFILE_COUNT mode=lut-exp qo_len=1 phase=measure iteration=13 records=2 max_records=10
FIG8_ATTENTION_WORKERS mode=lut-exp variant=pair_static_d8 qo_len=1 phase=measure iteration=13 requested_workers=1 active_workers=1 hvx_contexts=6 vtcm_worker_cap=8 tasks=2 q_task_rows=4
FIG8_ATTENTION_TIMERS mode=lut-exp layout=serial phase=measure iteration=13 lut_exp=1 scna_layout=0 scna_width=0 qo_len=1 kv_len=4096 n_heads=12 n_kv_heads=2 head_dim=128 kv_head=0 worker=0 profiled_total=157 q_load=0 k_load=67 v_load=64 qk_dot=1 safe_sm=22 scna_exp=0 state_update=0 rowmax_mem=0 rowsum_reduce=0 rowmax_mem_ticks=0 rowsum_reduce_ticks=0 state_update_ticks=0 param_prepare=0 core_acc=1 o_scale=1 o_store=1
FIG8_ATTENTION_TIMERS mode=lut-exp layout=serial phase=measure iteration=13 lut_exp=1 scna_layout=0 scna_width=0 qo_len=1 kv_len=4096 n_heads=12 n_kv_heads=2 head_dim=128 kv_head=1 worker=0 profiled_total=156 q_load=0 k_load=67 v_load=66 qk_dot=1 safe_sm=21 scna_exp=0 state_update=0 rowmax_mem=0 rowsum_reduce=0 rowmax_mem_ticks=0 rowsum_reduce_ticks=0 state_update_ticks=0 param_prepare=0 core_acc=1 o_scale=0 o_store=0
FIG8_ATTENTION_EVENT_COUNT mode=lut-exp qo_len=1 phase=measure iteration=13 events=0 max_events=0 overflow=0
FIG8_ATTENTION_CHECKSUM mode=lut-exp layout=serial scna_width=8 seed=figure8_fixed phase=measure iteration=13 checksum=0x3c719712970ad1ac
FIG8_ATTENTION_HOST_TIMING mode=lut-exp layout=serial variant=pair_static_d8 workers=1 scna_width=8 seed=figure8_fixed mask_mode=full qo_len=1 kv_len=4096 n_heads=12 n_kv_heads=2 head_dim=128 phase=measure iteration=14 host_elapsed_us=584 ret=0
FIG8_ATTENTION_PROFILE_COUNT mode=lut-exp qo_len=1 phase=measure iteration=14 records=2 max_records=10
FIG8_ATTENTION_WORKERS mode=lut-exp variant=pair_static_d8 qo_len=1 phase=measure iteration=14 requested_workers=1 active_workers=1 hvx_contexts=6 vtcm_worker_cap=8 tasks=2 q_task_rows=4
FIG8_ATTENTION_TIMERS mode=lut-exp layout=serial phase=measure iteration=14 lut_exp=1 scna_layout=0 scna_width=0 qo_len=1 kv_len=4096 n_heads=12 n_kv_heads=2 head_dim=128 kv_head=0 worker=1 profiled_total=158 q_load=0 k_load=66 v_load=65 qk_dot=1 safe_sm=23 scna_exp=0 state_update=0 rowmax_mem=0 rowsum_reduce=0 rowmax_mem_ticks=0 rowsum_reduce_ticks=0 state_update_ticks=0 param_prepare=0 core_acc=1 o_scale=1 o_store=1
FIG8_ATTENTION_TIMERS mode=lut-exp layout=serial phase=measure iteration=14 lut_exp=1 scna_layout=0 scna_width=0 qo_len=1 kv_len=4096 n_heads=12 n_kv_heads=2 head_dim=128 kv_head=1 worker=1 profiled_total=157 q_load=0 k_load=67 v_load=65 qk_dot=2 safe_sm=21 scna_exp=0 state_update=0 rowmax_mem=0 rowsum_reduce=0 rowmax_mem_ticks=0 rowsum_reduce_ticks=0 state_update_ticks=0 param_prepare=0 core_acc=1 o_scale=0 o_store=1
FIG8_ATTENTION_EVENT_COUNT mode=lut-exp qo_len=1 phase=measure iteration=14 events=0 max_events=0 overflow=0
FIG8_ATTENTION_CHECKSUM mode=lut-exp layout=serial scna_width=8 seed=figure8_fixed phase=measure iteration=14 checksum=0x3c719712970ad1ac
FIG8_ATTENTION_HOST_TIMING mode=lut-exp layout=serial variant=pair_static_d8 workers=1 scna_width=8 seed=figure8_fixed mask_mode=full qo_len=1 kv_len=4096 n_heads=12 n_kv_heads=2 head_dim=128 phase=measure iteration=15 host_elapsed_us=573 ret=0
FIG8_ATTENTION_PROFILE_COUNT mode=lut-exp qo_len=1 phase=measure iteration=15 records=2 max_records=10
FIG8_ATTENTION_WORKERS mode=lut-exp variant=pair_static_d8 qo_len=1 phase=measure iteration=15 requested_workers=1 active_workers=1 hvx_contexts=6 vtcm_worker_cap=8 tasks=2 q_task_rows=4
FIG8_ATTENTION_TIMERS mode=lut-exp layout=serial phase=measure iteration=15 lut_exp=1 scna_layout=0 scna_width=0 qo_len=1 kv_len=4096 n_heads=12 n_kv_heads=2 head_dim=128 kv_head=0 worker=2 profiled_total=155 q_load=0 k_load=66 v_load=63 qk_dot=1 safe_sm=22 scna_exp=0 state_update=0 rowmax_mem=0 rowsum_reduce=0 rowmax_mem_ticks=0 rowsum_reduce_ticks=0 state_update_ticks=0 param_prepare=0 core_acc=1 o_scale=1 o_store=1
FIG8_ATTENTION_TIMERS mode=lut-exp layout=serial phase=measure iteration=15 lut_exp=1 scna_layout=0 scna_width=0 qo_len=1 kv_len=4096 n_heads=12 n_kv_heads=2 head_dim=128 kv_head=1 worker=2 profiled_total=158 q_load=0 k_load=68 v_load=66 qk_dot=1 safe_sm=21 scna_exp=0 state_update=0 rowmax_mem=0 rowsum_reduce=0 rowmax_mem_ticks=0 rowsum_reduce_ticks=0 state_update_ticks=0 param_prepare=0 core_acc=1 o_scale=0 o_store=1
FIG8_ATTENTION_EVENT_COUNT mode=lut-exp qo_len=1 phase=measure iteration=15 events=0 max_events=0 overflow=0
FIG8_ATTENTION_CHECKSUM mode=lut-exp layout=serial scna_width=8 seed=figure8_fixed phase=measure iteration=15 checksum=0x3c719712970ad1ac
FIG8_ATTENTION_HOST_TIMING mode=lut-exp layout=serial variant=pair_static_d8 workers=1 scna_width=8 seed=figure8_fixed mask_mode=full qo_len=1 kv_len=4096 n_heads=12 n_kv_heads=2 head_dim=128 phase=measure iteration=16 host_elapsed_us=716 ret=0
FIG8_ATTENTION_PROFILE_COUNT mode=lut-exp qo_len=1 phase=measure iteration=16 records=2 max_records=10
FIG8_ATTENTION_WORKERS mode=lut-exp variant=pair_static_d8 qo_len=1 phase=measure iteration=16 requested_workers=1 active_workers=1 hvx_contexts=6 vtcm_worker_cap=8 tasks=2 q_task_rows=4
FIG8_ATTENTION_TIMERS mode=lut-exp layout=serial phase=measure iteration=16 lut_exp=1 scna_layout=0 scna_width=0 qo_len=1 kv_len=4096 n_heads=12 n_kv_heads=2 head_dim=128 kv_head=0 worker=3 profiled_total=155 q_load=0 k_load=66 v_load=62 qk_dot=1 safe_sm=23 scna_exp=0 state_update=0 rowmax_mem=0 rowsum_reduce=0 rowmax_mem_ticks=0 rowsum_reduce_ticks=0 state_update_ticks=0 param_prepare=0 core_acc=1 o_scale=1 o_store=1
FIG8_ATTENTION_TIMERS mode=lut-exp layout=serial phase=measure iteration=16 lut_exp=1 scna_layout=0 scna_width=0 qo_len=1 kv_len=4096 n_heads=12 n_kv_heads=2 head_dim=128 kv_head=1 worker=3 profiled_total=158 q_load=0 k_load=68 v_load=65 qk_dot=2 safe_sm=21 scna_exp=0 state_update=0 rowmax_mem=0 rowsum_reduce=0 rowmax_mem_ticks=0 rowsum_reduce_ticks=0 state_update_ticks=0 param_prepare=0 core_acc=1 o_scale=0 o_store=1
FIG8_ATTENTION_EVENT_COUNT mode=lut-exp qo_len=1 phase=measure iteration=16 events=0 max_events=0 overflow=0
FIG8_ATTENTION_CHECKSUM mode=lut-exp layout=serial scna_width=8 seed=figure8_fixed phase=measure iteration=16 checksum=0x3c719712970ad1ac
FIG8_ATTENTION_HOST_TIMING mode=lut-exp layout=serial variant=pair_static_d8 workers=1 scna_width=8 seed=figure8_fixed mask_mode=full qo_len=1 kv_len=4096 n_heads=12 n_kv_heads=2 head_dim=128 phase=measure iteration=17 host_elapsed_us=633 ret=0
FIG8_ATTENTION_PROFILE_COUNT mode=lut-exp qo_len=1 phase=measure iteration=17 records=2 max_records=10
FIG8_ATTENTION_WORKERS mode=lut-exp variant=pair_static_d8 qo_len=1 phase=measure iteration=17 requested_workers=1 active_workers=1 hvx_contexts=6 vtcm_worker_cap=8 tasks=2 q_task_rows=4
FIG8_ATTENTION_TIMERS mode=lut-exp layout=serial phase=measure iteration=17 lut_exp=1 scna_layout=0 scna_width=0 qo_len=1 kv_len=4096 n_heads=12 n_kv_heads=2 head_dim=128 kv_head=0 worker=4 profiled_total=158 q_load=0 k_load=67 v_load=63 qk_dot=2 safe_sm=23 scna_exp=0 state_update=0 rowmax_mem=0 rowsum_reduce=0 rowmax_mem_ticks=0 rowsum_reduce_ticks=0 state_update_ticks=0 param_prepare=0 core_acc=1 o_scale=1 o_store=1
FIG8_ATTENTION_TIMERS mode=lut-exp layout=serial phase=measure iteration=17 lut_exp=1 scna_layout=0 scna_width=0 qo_len=1 kv_len=4096 n_heads=12 n_kv_heads=2 head_dim=128 kv_head=1 worker=4 profiled_total=156 q_load=0 k_load=68 v_load=64 qk_dot=2 safe_sm=21 scna_exp=0 state_update=0 rowmax_mem=0 rowsum_reduce=0 rowmax_mem_ticks=0 rowsum_reduce_ticks=0 state_update_ticks=0 param_prepare=0 core_acc=1 o_scale=0 o_store=0
FIG8_ATTENTION_EVENT_COUNT mode=lut-exp qo_len=1 phase=measure iteration=17 events=0 max_events=0 overflow=0
FIG8_ATTENTION_CHECKSUM mode=lut-exp layout=serial scna_width=8 seed=figure8_fixed phase=measure iteration=17 checksum=0x3c719712970ad1ac
FIG8_ATTENTION_HOST_TIMING mode=lut-exp layout=serial variant=pair_static_d8 workers=1 scna_width=8 seed=figure8_fixed mask_mode=full qo_len=1 kv_len=4096 n_heads=12 n_kv_heads=2 head_dim=128 phase=measure iteration=18 host_elapsed_us=596 ret=0
FIG8_ATTENTION_PROFILE_COUNT mode=lut-exp qo_len=1 phase=measure iteration=18 records=2 max_records=10
FIG8_ATTENTION_WORKERS mode=lut-exp variant=pair_static_d8 qo_len=1 phase=measure iteration=18 requested_workers=1 active_workers=1 hvx_contexts=6 vtcm_worker_cap=8 tasks=2 q_task_rows=4
FIG8_ATTENTION_TIMERS mode=lut-exp layout=serial phase=measure iteration=18 lut_exp=1 scna_layout=0 scna_width=0 qo_len=1 kv_len=4096 n_heads=12 n_kv_heads=2 head_dim=128 kv_head=0 worker=5 profiled_total=159 q_load=0 k_load=67 v_load=65 qk_dot=1 safe_sm=23 scna_exp=0 state_update=0 rowmax_mem=0 rowsum_reduce=0 rowmax_mem_ticks=0 rowsum_reduce_ticks=0 state_update_ticks=0 param_prepare=0 core_acc=1 o_scale=1 o_store=1
FIG8_ATTENTION_TIMERS mode=lut-exp layout=serial phase=measure iteration=18 lut_exp=1 scna_layout=0 scna_width=0 qo_len=1 kv_len=4096 n_heads=12 n_kv_heads=2 head_dim=128 kv_head=1 worker=5 profiled_total=155 q_load=0 k_load=67 v_load=64 qk_dot=1 safe_sm=21 scna_exp=0 state_update=0 rowmax_mem=0 rowsum_reduce=0 rowmax_mem_ticks=0 rowsum_reduce_ticks=0 state_update_ticks=0 param_prepare=0 core_acc=1 o_scale=0 o_store=1
FIG8_ATTENTION_EVENT_COUNT mode=lut-exp qo_len=1 phase=measure iteration=18 events=0 max_events=0 overflow=0
FIG8_ATTENTION_CHECKSUM mode=lut-exp layout=serial scna_width=8 seed=figure8_fixed phase=measure iteration=18 checksum=0x3c719712970ad1ac
FIG8_ATTENTION_HOST_TIMING mode=lut-exp layout=serial variant=pair_static_d8 workers=1 scna_width=8 seed=figure8_fixed mask_mode=full qo_len=1 kv_len=4096 n_heads=12 n_kv_heads=2 head_dim=128 phase=measure iteration=19 host_elapsed_us=626 ret=0
FIG8_ATTENTION_PROFILE_COUNT mode=lut-exp qo_len=1 phase=measure iteration=19 records=2 max_records=10
FIG8_ATTENTION_WORKERS mode=lut-exp variant=pair_static_d8 qo_len=1 phase=measure iteration=19 requested_workers=1 active_workers=1 hvx_contexts=6 vtcm_worker_cap=8 tasks=2 q_task_rows=4
FIG8_ATTENTION_TIMERS mode=lut-exp layout=serial phase=measure iteration=19 lut_exp=1 scna_layout=0 scna_width=0 qo_len=1 kv_len=4096 n_heads=12 n_kv_heads=2 head_dim=128 kv_head=0 worker=0 profiled_total=154 q_load=0 k_load=67 v_load=61 qk_dot=1 safe_sm=22 scna_exp=0 state_update=0 rowmax_mem=0 rowsum_reduce=0 rowmax_mem_ticks=0 rowsum_reduce_ticks=0 state_update_ticks=0 param_prepare=0 core_acc=1 o_scale=1 o_store=1
FIG8_ATTENTION_TIMERS mode=lut-exp layout=serial phase=measure iteration=19 lut_exp=1 scna_layout=0 scna_width=0 qo_len=1 kv_len=4096 n_heads=12 n_kv_heads=2 head_dim=128 kv_head=1 worker=0 profiled_total=158 q_load=1 k_load=67 v_load=66 qk_dot=1 safe_sm=21 scna_exp=0 state_update=0 rowmax_mem=0 rowsum_reduce=0 rowmax_mem_ticks=0 rowsum_reduce_ticks=0 state_update_ticks=0 param_prepare=0 core_acc=1 o_scale=0 o_store=1
FIG8_ATTENTION_EVENT_COUNT mode=lut-exp qo_len=1 phase=measure iteration=19 events=0 max_events=0 overflow=0
FIG8_ATTENTION_CHECKSUM mode=lut-exp layout=serial scna_width=8 seed=figure8_fixed phase=measure iteration=19 checksum=0x3c719712970ad1ac
