FIG8_ATTENTION_CONFIG mode=lut-exp layout=serial variant=pair_static_d8 scna_width=8 seed=figure8_fixed mask_mode=full qo_len=32 kv_len=4096 kv_pad_len=4096 n_heads=12 n_kv_heads=2 head_dim=128 warmup=5 iters=20 q_size=196608 kv_size=2097152 mask_size=262144 profile_size=13568 profile_max_records=24 profile_max_events=0 mode_flags=2424833 print_events=0 workers=5 q_task_rows=16
FIG8_ATTENTION_HOST_TIMING mode=lut-exp layout=serial variant=pair_static_d8 workers=5 q_task_rows=16 scna_width=8 seed=figure8_fixed mask_mode=full qo_len=32 kv_len=4096 n_heads=12 n_kv_heads=2 head_dim=128 phase=warmup iteration=0 host_elapsed_us=796 ret=0
FIG8_ATTENTION_PROFILE_COUNT mode=lut-exp qo_len=32 phase=warmup iteration=0 records=4 max_records=24
FIG8_ATTENTION_WORKERS mode=lut-exp variant=pair_static_d8 qo_len=32 phase=warmup iteration=0 requested_workers=5 active_workers=4 hvx_contexts=6 vtcm_worker_cap=8 tasks=4 q_task_rows=16
FIG8_ATTENTION_TIMERS mode=lut-exp layout=serial phase=warmup iteration=0 lut_exp=1 scna_layout=0 scna_width=0 qo_len=16 kv_len=4096 n_heads=12 n_kv_heads=2 head_dim=128 kv_head=1 worker=3 profiled_total=456 q_load=8 k_load=99 v_load=63 qk_dot=11 safe_sm=251 scna_exp=0 state_update=0 rowmax_mem=0 rowsum_reduce=0 rowmax_mem_ticks=0 rowsum_reduce_ticks=0 state_update_ticks=0 param_prepare=0 core_acc=11 o_scale=4 o_store=9
FIG8_ATTENTION_TIMERS mode=lut-exp layout=serial phase=warmup iteration=0 lut_exp=1 scna_layout=0 scna_width=0 qo_len=16 kv_len=4096 n_heads=12 n_kv_heads=2 head_dim=128 kv_head=0 worker=2 profiled_total=458 q_load=8 k_load=92 v_load=54 qk_dot=9 safe_sm=273 scna_exp=0 state_update=0 rowmax_mem=0 rowsum_reduce=0 rowmax_mem_ticks=0 rowsum_reduce_ticks=0 state_update_ticks=0 param_prepare=0 core_acc=15 o_scale=1 o_store=6
FIG8_ATTENTION_TIMERS mode=lut-exp layout=serial phase=warmup iteration=0 lut_exp=1 scna_layout=0 scna_width=0 qo_len=16 kv_len=4096 n_heads=12 n_kv_heads=2 head_dim=128 kv_head=0 worker=1 profiled_total=458 q_load=8 k_load=91 v_load=74 qk_dot=12 safe_sm=247 scna_exp=0 state_update=0 rowmax_mem=0 rowsum_reduce=0 rowmax_mem_ticks=0 rowsum_reduce_ticks=0 state_update_ticks=0 param_prepare=0 core_acc=16 o_scale=1 o_store=9
FIG8_ATTENTION_TIMERS mode=lut-exp layout=serial phase=warmup iteration=0 lut_exp=1 scna_layout=0 scna_width=0 qo_len=16 kv_len=4096 n_heads=12 n_kv_heads=2 head_dim=128 kv_head=1 worker=0 profiled_total=459 q_load=7 k_load=98 v_load=51 qk_dot=10 safe_sm=267 scna_exp=0 state_update=0 rowmax_mem=0 rowsum_reduce=0 rowmax_mem_ticks=0 rowsum_reduce_ticks=0 state_update_ticks=0 param_prepare=0 core_acc=20 o_scale=0 o_store=6
FIG8_ATTENTION_EVENT_COUNT mode=lut-exp qo_len=32 phase=warmup iteration=0 events=0 max_events=0 overflow=0
FIG8_ATTENTION_CHECKSUM mode=lut-exp layout=serial scna_width=8 seed=figure8_fixed phase=warmup iteration=0 checksum=0x6db5c4eaef47c285
FIG8_ATTENTION_HOST_TIMING mode=lut-exp layout=serial variant=pair_static_d8 workers=5 q_task_rows=16 scna_width=8 seed=figure8_fixed mask_mode=full qo_len=32 kv_len=4096 n_heads=12 n_kv_heads=2 head_dim=128 phase=warmup iteration=1 host_elapsed_us=770 ret=0
FIG8_ATTENTION_PROFILE_COUNT mode=lut-exp qo_len=32 phase=warmup iteration=1 records=4 max_records=24
FIG8_ATTENTION_WORKERS mode=lut-exp variant=pair_static_d8 qo_len=32 phase=warmup iteration=1 requested_workers=5 active_workers=4 hvx_contexts=6 vtcm_worker_cap=8 tasks=4 q_task_rows=16
FIG8_ATTENTION_TIMERS mode=lut-exp layout=serial phase=warmup iteration=1 lut_exp=1 scna_layout=0 scna_width=0 qo_len=16 kv_len=4096 n_heads=12 n_kv_heads=2 head_dim=128 kv_head=0 worker=4 profiled_total=449 q_load=7 k_load=100 v_load=58 qk_dot=6 safe_sm=257 scna_exp=0 state_update=0 rowmax_mem=0 rowsum_reduce=0 rowmax_mem_ticks=0 rowsum_reduce_ticks=0 state_update_ticks=0 param_prepare=0 core_acc=11 o_scale=3 o_store=7
FIG8_ATTENTION_TIMERS mode=lut-exp layout=serial phase=warmup iteration=1 lut_exp=1 scna_layout=0 scna_width=0 qo_len=16 kv_len=4096 n_heads=12 n_kv_heads=2 head_dim=128 kv_head=1 worker=5 profiled_total=451 q_load=7 k_load=97 v_load=70 qk_dot=12 safe_sm=246 scna_exp=0 state_update=0 rowmax_mem=0 rowsum_reduce=0 rowmax_mem_ticks=0 rowsum_reduce_ticks=0 state_update_ticks=0 param_prepare=0 core_acc=11 o_scale=1 o_store=7
FIG8_ATTENTION_TIMERS mode=lut-exp layout=serial phase=warmup iteration=1 lut_exp=1 scna_layout=0 scna_width=0 qo_len=16 kv_len=4096 n_heads=12 n_kv_heads=2 head_dim=128 kv_head=0 worker=3 profiled_total=491 q_load=7 k_load=95 v_load=89 qk_dot=7 safe_sm=272 scna_exp=0 state_update=0 rowmax_mem=0 rowsum_reduce=0 rowmax_mem_ticks=0 rowsum_reduce_ticks=0 state_update_ticks=0 param_prepare=0 core_acc=15 o_scale=1 o_store=5
FIG8_ATTENTION_TIMERS mode=lut-exp layout=serial phase=warmup iteration=1 lut_exp=1 scna_layout=0 scna_width=0 qo_len=16 kv_len=4096 n_heads=12 n_kv_heads=2 head_dim=128 kv_head=1 worker=1 profiled_total=493 q_load=7 k_load=96 v_load=87 qk_dot=8 safe_sm=279 scna_exp=0 state_update=0 rowmax_mem=0 rowsum_reduce=0 rowmax_mem_ticks=0 rowsum_reduce_ticks=0 state_update_ticks=0 param_prepare=0 core_acc=10 o_scale=1 o_store=5
FIG8_ATTENTION_EVENT_COUNT mode=lut-exp qo_len=32 phase=warmup iteration=1 events=0 max_events=0 overflow=0
FIG8_ATTENTION_CHECKSUM mode=lut-exp layout=serial scna_width=8 seed=figure8_fixed phase=warmup iteration=1 checksum=0x6db5c4eaef47c285
FIG8_ATTENTION_HOST_TIMING mode=lut-exp layout=serial variant=pair_static_d8 workers=5 q_task_rows=16 scna_width=8 seed=figure8_fixed mask_mode=full qo_len=32 kv_len=4096 n_heads=12 n_kv_heads=2 head_dim=128 phase=warmup iteration=2 host_elapsed_us=662 ret=0
FIG8_ATTENTION_PROFILE_COUNT mode=lut-exp qo_len=32 phase=warmup iteration=2 records=4 max_records=24
FIG8_ATTENTION_WORKERS mode=lut-exp variant=pair_static_d8 qo_len=32 phase=warmup iteration=2 requested_workers=5 active_workers=4 hvx_contexts=6 vtcm_worker_cap=8 tasks=4 q_task_rows=16
FIG8_ATTENTION_TIMERS mode=lut-exp layout=serial phase=warmup iteration=2 lut_exp=1 scna_layout=0 scna_width=0 qo_len=16 kv_len=4096 n_heads=12 n_kv_heads=2 head_dim=128 kv_head=0 worker=0 profiled_total=435 q_load=6 k_load=92 v_load=54 qk_dot=7 safe_sm=256 scna_exp=0 state_update=0 rowmax_mem=0 rowsum_reduce=0 rowmax_mem_ticks=0 rowsum_reduce_ticks=0 state_update_ticks=0 param_prepare=0 core_acc=11 o_scale=2 o_store=7
FIG8_ATTENTION_TIMERS mode=lut-exp layout=serial phase=warmup iteration=2 lut_exp=1 scna_layout=0 scna_width=0 qo_len=16 kv_len=4096 n_heads=12 n_kv_heads=2 head_dim=128 kv_head=0 worker=2 profiled_total=462 q_load=6 k_load=91 v_load=86 qk_dot=5 safe_sm=256 scna_exp=0 state_update=0 rowmax_mem=0 rowsum_reduce=0 rowmax_mem_ticks=0 rowsum_reduce_ticks=0 state_update_ticks=0 param_prepare=0 core_acc=13 o_scale=0 o_store=5
FIG8_ATTENTION_TIMERS mode=lut-exp layout=serial phase=warmup iteration=2 lut_exp=1 scna_layout=0 scna_width=0 qo_len=16 kv_len=4096 n_heads=12 n_kv_heads=2 head_dim=128 kv_head=1 worker=4 profiled_total=460 q_load=6 k_load=86 v_load=68 qk_dot=7 safe_sm=278 scna_exp=0 state_update=0 rowmax_mem=0 rowsum_reduce=0 rowmax_mem_ticks=0 rowsum_reduce_ticks=0 state_update_ticks=0 param_prepare=0 core_acc=9 o_scale=0 o_store=6
FIG8_ATTENTION_TIMERS mode=lut-exp layout=serial phase=warmup iteration=2 lut_exp=1 scna_layout=0 scna_width=0 qo_len=16 kv_len=4096 n_heads=12 n_kv_heads=2 head_dim=128 kv_head=1 worker=5 profiled_total=438 q_load=6 k_load=97 v_load=65 qk_dot=7 safe_sm=243 scna_exp=0 state_update=0 rowmax_mem=0 rowsum_reduce=0 rowmax_mem_ticks=0 rowsum_reduce_ticks=0 state_update_ticks=0 param_prepare=0 core_acc=11 o_scale=2 o_store=7
FIG8_ATTENTION_EVENT_COUNT mode=lut-exp qo_len=32 phase=warmup iteration=2 events=0 max_events=0 overflow=0
FIG8_ATTENTION_CHECKSUM mode=lut-exp layout=serial scna_width=8 seed=figure8_fixed phase=warmup iteration=2 checksum=0x6db5c4eaef47c285
FIG8_ATTENTION_HOST_TIMING mode=lut-exp layout=serial variant=pair_static_d8 workers=5 q_task_rows=16 scna_width=8 seed=figure8_fixed mask_mode=full qo_len=32 kv_len=4096 n_heads=12 n_kv_heads=2 head_dim=128 phase=warmup iteration=3 host_elapsed_us=659 ret=0
FIG8_ATTENTION_PROFILE_COUNT mode=lut-exp qo_len=32 phase=warmup iteration=3 records=4 max_records=24
FIG8_ATTENTION_WORKERS mode=lut-exp variant=pair_static_d8 qo_len=32 phase=warmup iteration=3 requested_workers=5 active_workers=4 hvx_contexts=6 vtcm_worker_cap=8 tasks=4 q_task_rows=16
FIG8_ATTENTION_TIMERS mode=lut-exp layout=serial phase=warmup iteration=3 lut_exp=1 scna_layout=0 scna_width=0 qo_len=16 kv_len=4096 n_heads=12 n_kv_heads=2 head_dim=128 kv_head=0 worker=3 profiled_total=434 q_load=7 k_load=91 v_load=56 qk_dot=7 safe_sm=255 scna_exp=0 state_update=0 rowmax_mem=0 rowsum_reduce=0 rowmax_mem_ticks=0 rowsum_reduce_ticks=0 state_update_ticks=0 param_prepare=0 core_acc=9 o_scale=2 o_store=7
FIG8_ATTENTION_TIMERS mode=lut-exp layout=serial phase=warmup iteration=3 lut_exp=1 scna_layout=0 scna_width=0 qo_len=16 kv_len=4096 n_heads=12 n_kv_heads=2 head_dim=128 kv_head=0 worker=1 profiled_total=464 q_load=7 k_load=84 v_load=85 qk_dot=10 safe_sm=264 scna_exp=0 state_update=0 rowmax_mem=0 rowsum_reduce=0 rowmax_mem_ticks=0 rowsum_reduce_ticks=0 state_update_ticks=0 param_prepare=0 core_acc=9 o_scale=0 o_store=5
FIG8_ATTENTION_TIMERS mode=lut-exp layout=serial phase=warmup iteration=3 lut_exp=1 scna_layout=0 scna_width=0 qo_len=16 kv_len=4096 n_heads=12 n_kv_heads=2 head_dim=128 kv_head=1 worker=5 profiled_total=458 q_load=7 k_load=98 v_load=62 qk_dot=9 safe_sm=266 scna_exp=0 state_update=0 rowmax_mem=0 rowsum_reduce=0 rowmax_mem_ticks=0 rowsum_reduce_ticks=0 state_update_ticks=0 param_prepare=0 core_acc=11 o_scale=0 o_store=5
FIG8_ATTENTION_TIMERS mode=lut-exp layout=serial phase=warmup iteration=3 lut_exp=1 scna_layout=0 scna_width=0 qo_len=16 kv_len=4096 n_heads=12 n_kv_heads=2 head_dim=128 kv_head=1 worker=4 profiled_total=437 q_load=7 k_load=105 v_load=67 qk_dot=8 safe_sm=234 scna_exp=0 state_update=0 rowmax_mem=0 rowsum_reduce=0 rowmax_mem_ticks=0 rowsum_reduce_ticks=0 state_update_ticks=0 param_prepare=0 core_acc=11 o_scale=0 o_store=5
FIG8_ATTENTION_EVENT_COUNT mode=lut-exp qo_len=32 phase=warmup iteration=3 events=0 max_events=0 overflow=0
FIG8_ATTENTION_CHECKSUM mode=lut-exp layout=serial scna_width=8 seed=figure8_fixed phase=warmup iteration=3 checksum=0x6db5c4eaef47c285
FIG8_ATTENTION_HOST_TIMING mode=lut-exp layout=serial variant=pair_static_d8 workers=5 q_task_rows=16 scna_width=8 seed=figure8_fixed mask_mode=full qo_len=32 kv_len=4096 n_heads=12 n_kv_heads=2 head_dim=128 phase=warmup iteration=4 host_elapsed_us=767 ret=0
FIG8_ATTENTION_PROFILE_COUNT mode=lut-exp qo_len=32 phase=warmup iteration=4 records=4 max_records=24
FIG8_ATTENTION_WORKERS mode=lut-exp variant=pair_static_d8 qo_len=32 phase=warmup iteration=4 requested_workers=5 active_workers=4 hvx_contexts=6 vtcm_worker_cap=8 tasks=4 q_task_rows=16
FIG8_ATTENTION_TIMERS mode=lut-exp layout=serial phase=warmup iteration=4 lut_exp=1 scna_layout=0 scna_width=0 qo_len=16 kv_len=4096 n_heads=12 n_kv_heads=2 head_dim=128 kv_head=0 worker=0 profiled_total=446 q_load=6 k_load=99 v_load=56 qk_dot=9 safe_sm=256 scna_exp=0 state_update=0 rowmax_mem=0 rowsum_reduce=0 rowmax_mem_ticks=0 rowsum_reduce_ticks=0 state_update_ticks=0 param_prepare=0 core_acc=10 o_scale=3 o_store=7
FIG8_ATTENTION_TIMERS mode=lut-exp layout=serial phase=warmup iteration=4 lut_exp=1 scna_layout=0 scna_width=0 qo_len=16 kv_len=4096 n_heads=12 n_kv_heads=2 head_dim=128 kv_head=1 worker=3 profiled_total=447 q_load=6 k_load=103 v_load=66 qk_dot=7 safe_sm=245 scna_exp=0 state_update=0 rowmax_mem=0 rowsum_reduce=0 rowmax_mem_ticks=0 rowsum_reduce_ticks=0 state_update_ticks=0 param_prepare=0 core_acc=12 o_scale=1 o_store=7
FIG8_ATTENTION_TIMERS mode=lut-exp layout=serial phase=warmup iteration=4 lut_exp=1 scna_layout=0 scna_width=0 qo_len=16 kv_len=4096 n_heads=12 n_kv_heads=2 head_dim=128 kv_head=0 worker=2 profiled_total=458 q_load=6 k_load=91 v_load=71 qk_dot=8 safe_sm=268 scna_exp=0 state_update=0 rowmax_mem=0 rowsum_reduce=0 rowmax_mem_ticks=0 rowsum_reduce_ticks=0 state_update_ticks=0 param_prepare=0 core_acc=9 o_scale=0 o_store=5
FIG8_ATTENTION_TIMERS mode=lut-exp layout=serial phase=warmup iteration=4 lut_exp=1 scna_layout=0 scna_width=0 qo_len=16 kv_len=4096 n_heads=12 n_kv_heads=2 head_dim=128 kv_head=1 worker=5 profiled_total=458 q_load=6 k_load=98 v_load=61 qk_dot=9 safe_sm=265 scna_exp=0 state_update=0 rowmax_mem=0 rowsum_reduce=0 rowmax_mem_ticks=0 rowsum_reduce_ticks=0 state_update_ticks=0 param_prepare=0 core_acc=13 o_scale=0 o_store=6
FIG8_ATTENTION_EVENT_COUNT mode=lut-exp qo_len=32 phase=warmup iteration=4 events=0 max_events=0 overflow=0
FIG8_ATTENTION_CHECKSUM mode=lut-exp layout=serial scna_width=8 seed=figure8_fixed phase=warmup iteration=4 checksum=0x6db5c4eaef47c285
FIG8_ATTENTION_HOST_TIMING mode=lut-exp layout=serial variant=pair_static_d8 workers=5 q_task_rows=16 scna_width=8 seed=figure8_fixed mask_mode=full qo_len=32 kv_len=4096 n_heads=12 n_kv_heads=2 head_dim=128 phase=measure iteration=0 host_elapsed_us=664 ret=0
FIG8_ATTENTION_PROFILE_COUNT mode=lut-exp qo_len=32 phase=measure iteration=0 records=4 max_records=24
FIG8_ATTENTION_WORKERS mode=lut-exp variant=pair_static_d8 qo_len=32 phase=measure iteration=0 requested_workers=5 active_workers=4 hvx_contexts=6 vtcm_worker_cap=8 tasks=4 q_task_rows=16
FIG8_ATTENTION_TIMERS mode=lut-exp layout=serial phase=measure iteration=0 lut_exp=1 scna_layout=0 scna_width=0 qo_len=16 kv_len=4096 n_heads=12 n_kv_heads=2 head_dim=128 kv_head=0 worker=1 profiled_total=440 q_load=6 k_load=90 v_load=57 qk_dot=7 safe_sm=258 scna_exp=0 state_update=0 rowmax_mem=0 rowsum_reduce=0 rowmax_mem_ticks=0 rowsum_reduce_ticks=0 state_update_ticks=0 param_prepare=0 core_acc=13 o_scale=3 o_store=6
FIG8_ATTENTION_TIMERS mode=lut-exp layout=serial phase=measure iteration=0 lut_exp=1 scna_layout=0 scna_width=0 qo_len=16 kv_len=4096 n_heads=12 n_kv_heads=2 head_dim=128 kv_head=1 worker=4 profiled_total=441 q_load=6 k_load=104 v_load=62 qk_dot=6 safe_sm=241 scna_exp=0 state_update=0 rowmax_mem=0 rowsum_reduce=0 rowmax_mem_ticks=0 rowsum_reduce_ticks=0 state_update_ticks=0 param_prepare=0 core_acc=14 o_scale=1 o_store=7
FIG8_ATTENTION_TIMERS mode=lut-exp layout=serial phase=measure iteration=0 lut_exp=1 scna_layout=0 scna_width=0 qo_len=16 kv_len=4096 n_heads=12 n_kv_heads=2 head_dim=128 kv_head=0 worker=5 profiled_total=462 q_load=6 k_load=101 v_load=75 qk_dot=6 safe_sm=255 scna_exp=0 state_update=0 rowmax_mem=0 rowsum_reduce=0 rowmax_mem_ticks=0 rowsum_reduce_ticks=0 state_update_ticks=0 param_prepare=0 core_acc=13 o_scale=1 o_store=5
FIG8_ATTENTION_TIMERS mode=lut-exp layout=serial phase=measure iteration=0 lut_exp=1 scna_layout=0 scna_width=0 qo_len=16 kv_len=4096 n_heads=12 n_kv_heads=2 head_dim=128 kv_head=1 worker=0 profiled_total=461 q_load=6 k_load=84 v_load=68 qk_dot=7 safe_sm=278 scna_exp=0 state_update=0 rowmax_mem=0 rowsum_reduce=0 rowmax_mem_ticks=0 rowsum_reduce_ticks=0 state_update_ticks=0 param_prepare=0 core_acc=12 o_scale=1 o_store=5
FIG8_ATTENTION_EVENT_COUNT mode=lut-exp qo_len=32 phase=measure iteration=0 events=0 max_events=0 overflow=0
FIG8_ATTENTION_CHECKSUM mode=lut-exp layout=serial scna_width=8 seed=figure8_fixed phase=measure iteration=0 checksum=0x6db5c4eaef47c285
FIG8_ATTENTION_HOST_TIMING mode=lut-exp layout=serial variant=pair_static_d8 workers=5 q_task_rows=16 scna_width=8 seed=figure8_fixed mask_mode=full qo_len=32 kv_len=4096 n_heads=12 n_kv_heads=2 head_dim=128 phase=measure iteration=1 host_elapsed_us=769 ret=0
FIG8_ATTENTION_PROFILE_COUNT mode=lut-exp qo_len=32 phase=measure iteration=1 records=4 max_records=24
FIG8_ATTENTION_WORKERS mode=lut-exp variant=pair_static_d8 qo_len=32 phase=measure iteration=1 requested_workers=5 active_workers=4 hvx_contexts=6 vtcm_worker_cap=8 tasks=4 q_task_rows=16
FIG8_ATTENTION_TIMERS mode=lut-exp layout=serial phase=measure iteration=1 lut_exp=1 scna_layout=0 scna_width=0 qo_len=16 kv_len=4096 n_heads=12 n_kv_heads=2 head_dim=128 kv_head=0 worker=3 profiled_total=445 q_load=6 k_load=98 v_load=64 qk_dot=6 safe_sm=249 scna_exp=0 state_update=0 rowmax_mem=0 rowsum_reduce=0 rowmax_mem_ticks=0 rowsum_reduce_ticks=0 state_update_ticks=0 param_prepare=0 core_acc=12 o_scale=3 o_store=7
FIG8_ATTENTION_TIMERS mode=lut-exp layout=serial phase=measure iteration=1 lut_exp=1 scna_layout=0 scna_width=0 qo_len=16 kv_len=4096 n_heads=12 n_kv_heads=2 head_dim=128 kv_head=1 worker=0 profiled_total=454 q_load=6 k_load=96 v_load=57 qk_dot=7 safe_sm=267 scna_exp=0 state_update=0 rowmax_mem=0 rowsum_reduce=0 rowmax_mem_ticks=0 rowsum_reduce_ticks=0 state_update_ticks=0 param_prepare=0 core_acc=15 o_scale=1 o_store=5
FIG8_ATTENTION_TIMERS mode=lut-exp layout=serial phase=measure iteration=1 lut_exp=1 scna_layout=0 scna_width=0 qo_len=16 kv_len=4096 n_heads=12 n_kv_heads=2 head_dim=128 kv_head=0 worker=2 profiled_total=452 q_load=6 k_load=90 v_load=60 qk_dot=7 safe_sm=268 scna_exp=0 state_update=0 rowmax_mem=0 rowsum_reduce=0 rowmax_mem_ticks=0 rowsum_reduce_ticks=0 state_update_ticks=0 param_prepare=0 core_acc=16 o_scale=0 o_store=5
FIG8_ATTENTION_TIMERS mode=lut-exp layout=serial phase=measure iteration=1 lut_exp=1 scna_layout=0 scna_width=0 qo_len=16 kv_len=4096 n_heads=12 n_kv_heads=2 head_dim=128 kv_head=1 worker=4 profiled_total=448 q_load=6 k_load=96 v_load=70 qk_dot=9 safe_sm=245 scna_exp=0 state_update=0 rowmax_mem=0 rowsum_reduce=0 rowmax_mem_ticks=0 rowsum_reduce_ticks=0 state_update_ticks=0 param_prepare=0 core_acc=12 o_scale=2 o_store=8
FIG8_ATTENTION_EVENT_COUNT mode=lut-exp qo_len=32 phase=measure iteration=1 events=0 max_events=0 overflow=0
FIG8_ATTENTION_CHECKSUM mode=lut-exp layout=serial scna_width=8 seed=figure8_fixed phase=measure iteration=1 checksum=0x6db5c4eaef47c285
FIG8_ATTENTION_HOST_TIMING mode=lut-exp layout=serial variant=pair_static_d8 workers=5 q_task_rows=16 scna_width=8 seed=figure8_fixed mask_mode=full qo_len=32 kv_len=4096 n_heads=12 n_kv_heads=2 head_dim=128 phase=measure iteration=2 host_elapsed_us=768 ret=0
FIG8_ATTENTION_PROFILE_COUNT mode=lut-exp qo_len=32 phase=measure iteration=2 records=4 max_records=24
FIG8_ATTENTION_WORKERS mode=lut-exp variant=pair_static_d8 qo_len=32 phase=measure iteration=2 requested_workers=5 active_workers=4 hvx_contexts=6 vtcm_worker_cap=8 tasks=4 q_task_rows=16
FIG8_ATTENTION_TIMERS mode=lut-exp layout=serial phase=measure iteration=2 lut_exp=1 scna_layout=0 scna_width=0 qo_len=16 kv_len=4096 n_heads=12 n_kv_heads=2 head_dim=128 kv_head=1 worker=5 profiled_total=453 q_load=6 k_load=101 v_load=68 qk_dot=8 safe_sm=252 scna_exp=0 state_update=0 rowmax_mem=0 rowsum_reduce=0 rowmax_mem_ticks=0 rowsum_reduce_ticks=0 state_update_ticks=0 param_prepare=0 core_acc=8 o_scale=3 o_store=7
FIG8_ATTENTION_TIMERS mode=lut-exp layout=serial phase=measure iteration=2 lut_exp=1 scna_layout=0 scna_width=0 qo_len=16 kv_len=4096 n_heads=12 n_kv_heads=2 head_dim=128 kv_head=1 worker=2 profiled_total=456 q_load=6 k_load=98 v_load=56 qk_dot=9 safe_sm=268 scna_exp=0 state_update=0 rowmax_mem=0 rowsum_reduce=0 rowmax_mem_ticks=0 rowsum_reduce_ticks=0 state_update_ticks=0 param_prepare=0 core_acc=11 o_scale=1 o_store=7
FIG8_ATTENTION_TIMERS mode=lut-exp layout=serial phase=measure iteration=2 lut_exp=1 scna_layout=0 scna_width=0 qo_len=16 kv_len=4096 n_heads=12 n_kv_heads=2 head_dim=128 kv_head=0 worker=1 profiled_total=451 q_load=6 k_load=103 v_load=56 qk_dot=7 safe_sm=257 scna_exp=0 state_update=0 rowmax_mem=0 rowsum_reduce=0 rowmax_mem_ticks=0 rowsum_reduce_ticks=0 state_update_ticks=0 param_prepare=0 core_acc=12 o_scale=4 o_store=6
FIG8_ATTENTION_TIMERS mode=lut-exp layout=serial phase=measure iteration=2 lut_exp=1 scna_layout=0 scna_width=0 qo_len=16 kv_len=4096 n_heads=12 n_kv_heads=2 head_dim=128 kv_head=0 worker=3 profiled_total=455 q_load=6 k_load=92 v_load=66 qk_dot=7 safe_sm=262 scna_exp=0 state_update=0 rowmax_mem=0 rowsum_reduce=0 rowmax_mem_ticks=0 rowsum_reduce_ticks=0 state_update_ticks=0 param_prepare=0 core_acc=13 o_scale=2 o_store=7
FIG8_ATTENTION_EVENT_COUNT mode=lut-exp qo_len=32 phase=measure iteration=2 events=0 max_events=0 overflow=0
FIG8_ATTENTION_CHECKSUM mode=lut-exp layout=serial scna_width=8 seed=figure8_fixed phase=measure iteration=2 checksum=0x6db5c4eaef47c285
FIG8_ATTENTION_HOST_TIMING mode=lut-exp layout=serial variant=pair_static_d8 workers=5 q_task_rows=16 scna_width=8 seed=figure8_fixed mask_mode=full qo_len=32 kv_len=4096 n_heads=12 n_kv_heads=2 head_dim=128 phase=measure iteration=3 host_elapsed_us=766 ret=0
FIG8_ATTENTION_PROFILE_COUNT mode=lut-exp qo_len=32 phase=measure iteration=3 records=4 max_records=24
FIG8_ATTENTION_WORKERS mode=lut-exp variant=pair_static_d8 qo_len=32 phase=measure iteration=3 requested_workers=5 active_workers=4 hvx_contexts=6 vtcm_worker_cap=8 tasks=4 q_task_rows=16
FIG8_ATTENTION_TIMERS mode=lut-exp layout=serial phase=measure iteration=3 lut_exp=1 scna_layout=0 scna_width=0 qo_len=16 kv_len=4096 n_heads=12 n_kv_heads=2 head_dim=128 kv_head=1 worker=0 profiled_total=442 q_load=6 k_load=94 v_load=72 qk_dot=7 safe_sm=243 scna_exp=0 state_update=0 rowmax_mem=0 rowsum_reduce=0 rowmax_mem_ticks=0 rowsum_reduce_ticks=0 state_update_ticks=0 param_prepare=0 core_acc=9 o_scale=4 o_store=7
FIG8_ATTENTION_TIMERS mode=lut-exp layout=serial phase=measure iteration=3 lut_exp=1 scna_layout=0 scna_width=0 qo_len=16 kv_len=4096 n_heads=12 n_kv_heads=2 head_dim=128 kv_head=0 worker=4 profiled_total=440 q_load=6 k_load=94 v_load=63 qk_dot=5 safe_sm=255 scna_exp=0 state_update=0 rowmax_mem=0 rowsum_reduce=0 rowmax_mem_ticks=0 rowsum_reduce_ticks=0 state_update_ticks=0 param_prepare=0 core_acc=9 o_scale=2 o_store=6
FIG8_ATTENTION_TIMERS mode=lut-exp layout=serial phase=measure iteration=3 lut_exp=1 scna_layout=0 scna_width=0 qo_len=16 kv_len=4096 n_heads=12 n_kv_heads=2 head_dim=128 kv_head=1 worker=1 profiled_total=510 q_load=6 k_load=99 v_load=104 qk_dot=6 safe_sm=277 scna_exp=0 state_update=0 rowmax_mem=0 rowsum_reduce=0 rowmax_mem_ticks=0 rowsum_reduce_ticks=0 state_update_ticks=0 param_prepare=0 core_acc=13 o_scale=0 o_store=5
FIG8_ATTENTION_TIMERS mode=lut-exp layout=serial phase=measure iteration=3 lut_exp=1 scna_layout=0 scna_width=0 qo_len=16 kv_len=4096 n_heads=12 n_kv_heads=2 head_dim=128 kv_head=0 worker=5 profiled_total=511 q_load=6 k_load=98 v_load=116 qk_dot=7 safe_sm=268 scna_exp=0 state_update=0 rowmax_mem=0 rowsum_reduce=0 rowmax_mem_ticks=0 rowsum_reduce_ticks=0 state_update_ticks=0 param_prepare=0 core_acc=10 o_scale=1 o_store=5
FIG8_ATTENTION_EVENT_COUNT mode=lut-exp qo_len=32 phase=measure iteration=3 events=0 max_events=0 overflow=0
FIG8_ATTENTION_CHECKSUM mode=lut-exp layout=serial scna_width=8 seed=figure8_fixed phase=measure iteration=3 checksum=0x6db5c4eaef47c285
FIG8_ATTENTION_HOST_TIMING mode=lut-exp layout=serial variant=pair_static_d8 workers=5 q_task_rows=16 scna_width=8 seed=figure8_fixed mask_mode=full qo_len=32 kv_len=4096 n_heads=12 n_kv_heads=2 head_dim=128 phase=measure iteration=4 host_elapsed_us=655 ret=0
FIG8_ATTENTION_PROFILE_COUNT mode=lut-exp qo_len=32 phase=measure iteration=4 records=4 max_records=24
FIG8_ATTENTION_WORKERS mode=lut-exp variant=pair_static_d8 qo_len=32 phase=measure iteration=4 requested_workers=5 active_workers=4 hvx_contexts=6 vtcm_worker_cap=8 tasks=4 q_task_rows=16
FIG8_ATTENTION_TIMERS mode=lut-exp layout=serial phase=measure iteration=4 lut_exp=1 scna_layout=0 scna_width=0 qo_len=16 kv_len=4096 n_heads=12 n_kv_heads=2 head_dim=128 kv_head=0 worker=2 profiled_total=436 q_load=5 k_load=97 v_load=56 qk_dot=8 safe_sm=252 scna_exp=0 state_update=0 rowmax_mem=0 rowsum_reduce=0 rowmax_mem_ticks=0 rowsum_reduce_ticks=0 state_update_ticks=0 param_prepare=0 core_acc=9 o_scale=3 o_store=6
FIG8_ATTENTION_TIMERS mode=lut-exp layout=serial phase=measure iteration=4 lut_exp=1 scna_layout=0 scna_width=0 qo_len=16 kv_len=4096 n_heads=12 n_kv_heads=2 head_dim=128 kv_head=1 worker=3 profiled_total=438 q_load=6 k_load=96 v_load=65 qk_dot=6 safe_sm=247 scna_exp=0 state_update=0 rowmax_mem=0 rowsum_reduce=0 rowmax_mem_ticks=0 rowsum_reduce_ticks=0 state_update_ticks=0 param_prepare=0 core_acc=9 o_scale=2 o_store=7
FIG8_ATTENTION_TIMERS mode=lut-exp layout=serial phase=measure iteration=4 lut_exp=1 scna_layout=0 scna_width=0 qo_len=16 kv_len=4096 n_heads=12 n_kv_heads=2 head_dim=128 kv_head=0 worker=4 profiled_total=480 q_load=6 k_load=92 v_load=83 qk_dot=6 safe_sm=274 scna_exp=0 state_update=0 rowmax_mem=0 rowsum_reduce=0 rowmax_mem_ticks=0 rowsum_reduce_ticks=0 state_update_ticks=0 param_prepare=0 core_acc=12 o_scale=1 o_store=6
FIG8_ATTENTION_TIMERS mode=lut-exp layout=serial phase=measure iteration=4 lut_exp=1 scna_layout=0 scna_width=0 qo_len=16 kv_len=4096 n_heads=12 n_kv_heads=2 head_dim=128 kv_head=1 worker=0 profiled_total=479 q_load=6 k_load=94 v_load=81 qk_dot=8 safe_sm=274 scna_exp=0 state_update=0 rowmax_mem=0 rowsum_reduce=0 rowmax_mem_ticks=0 rowsum_reduce_ticks=0 state_update_ticks=0 param_prepare=0 core_acc=11 o_scale=0 o_store=5
FIG8_ATTENTION_EVENT_COUNT mode=lut-exp qo_len=32 phase=measure iteration=4 events=0 max_events=0 overflow=0
FIG8_ATTENTION_CHECKSUM mode=lut-exp layout=serial scna_width=8 seed=figure8_fixed phase=measure iteration=4 checksum=0x6db5c4eaef47c285
FIG8_ATTENTION_HOST_TIMING mode=lut-exp layout=serial variant=pair_static_d8 workers=5 q_task_rows=16 scna_width=8 seed=figure8_fixed mask_mode=full qo_len=32 kv_len=4096 n_heads=12 n_kv_heads=2 head_dim=128 phase=measure iteration=5 host_elapsed_us=764 ret=0
FIG8_ATTENTION_PROFILE_COUNT mode=lut-exp qo_len=32 phase=measure iteration=5 records=4 max_records=24
FIG8_ATTENTION_WORKERS mode=lut-exp variant=pair_static_d8 qo_len=32 phase=measure iteration=5 requested_workers=5 active_workers=4 hvx_contexts=6 vtcm_worker_cap=8 tasks=4 q_task_rows=16
FIG8_ATTENTION_TIMERS mode=lut-exp layout=serial phase=measure iteration=5 lut_exp=1 scna_layout=0 scna_width=0 qo_len=16 kv_len=4096 n_heads=12 n_kv_heads=2 head_dim=128 kv_head=1 worker=1 profiled_total=459 q_load=6 k_load=95 v_load=80 qk_dot=7 safe_sm=250 scna_exp=0 state_update=0 rowmax_mem=0 rowsum_reduce=0 rowmax_mem_ticks=0 rowsum_reduce_ticks=0 state_update_ticks=0 param_prepare=0 core_acc=12 o_scale=2 o_store=7
FIG8_ATTENTION_TIMERS mode=lut-exp layout=serial phase=measure iteration=5 lut_exp=1 scna_layout=0 scna_width=0 qo_len=16 kv_len=4096 n_heads=12 n_kv_heads=2 head_dim=128 kv_head=0 worker=5 profiled_total=458 q_load=6 k_load=94 v_load=72 qk_dot=6 safe_sm=261 scna_exp=0 state_update=0 rowmax_mem=0 rowsum_reduce=0 rowmax_mem_ticks=0 rowsum_reduce_ticks=0 state_update_ticks=0 param_prepare=0 core_acc=9 o_scale=3 o_store=7
FIG8_ATTENTION_TIMERS mode=lut-exp layout=serial phase=measure iteration=5 lut_exp=1 scna_layout=0 scna_width=0 qo_len=16 kv_len=4096 n_heads=12 n_kv_heads=2 head_dim=128 kv_head=0 worker=2 profiled_total=536 q_load=6 k_load=110 v_load=113 qk_dot=6 safe_sm=282 scna_exp=0 state_update=0 rowmax_mem=0 rowsum_reduce=0 rowmax_mem_ticks=0 rowsum_reduce_ticks=0 state_update_ticks=0 param_prepare=0 core_acc=14 o_scale=0 o_store=5
FIG8_ATTENTION_TIMERS mode=lut-exp layout=serial phase=measure iteration=5 lut_exp=1 scna_layout=0 scna_width=0 qo_len=16 kv_len=4096 n_heads=12 n_kv_heads=2 head_dim=128 kv_head=1 worker=3 profiled_total=537 q_load=6 k_load=109 v_load=114 qk_dot=7 safe_sm=281 scna_exp=0 state_update=0 rowmax_mem=0 rowsum_reduce=0 rowmax_mem_ticks=0 rowsum_reduce_ticks=0 state_update_ticks=0 param_prepare=0 core_acc=15 o_scale=0 o_store=5
FIG8_ATTENTION_EVENT_COUNT mode=lut-exp qo_len=32 phase=measure iteration=5 events=0 max_events=0 overflow=0
FIG8_ATTENTION_CHECKSUM mode=lut-exp layout=serial scna_width=8 seed=figure8_fixed phase=measure iteration=5 checksum=0x6db5c4eaef47c285
FIG8_ATTENTION_HOST_TIMING mode=lut-exp layout=serial variant=pair_static_d8 workers=5 q_task_rows=16 scna_width=8 seed=figure8_fixed mask_mode=full qo_len=32 kv_len=4096 n_heads=12 n_kv_heads=2 head_dim=128 phase=measure iteration=6 host_elapsed_us=655 ret=0
FIG8_ATTENTION_PROFILE_COUNT mode=lut-exp qo_len=32 phase=measure iteration=6 records=4 max_records=24
FIG8_ATTENTION_WORKERS mode=lut-exp variant=pair_static_d8 qo_len=32 phase=measure iteration=6 requested_workers=5 active_workers=4 hvx_contexts=6 vtcm_worker_cap=8 tasks=4 q_task_rows=16
FIG8_ATTENTION_TIMERS mode=lut-exp layout=serial phase=measure iteration=6 lut_exp=1 scna_layout=0 scna_width=0 qo_len=16 kv_len=4096 n_heads=12 n_kv_heads=2 head_dim=128 kv_head=1 worker=0 profiled_total=437 q_load=6 k_load=102 v_load=52 qk_dot=7 safe_sm=254 scna_exp=0 state_update=0 rowmax_mem=0 rowsum_reduce=0 rowmax_mem_ticks=0 rowsum_reduce_ticks=0 state_update_ticks=0 param_prepare=0 core_acc=7 o_scale=2 o_store=7
FIG8_ATTENTION_TIMERS mode=lut-exp layout=serial phase=measure iteration=6 lut_exp=1 scna_layout=0 scna_width=0 qo_len=16 kv_len=4096 n_heads=12 n_kv_heads=2 head_dim=128 kv_head=0 worker=4 profiled_total=439 q_load=6 k_load=100 v_load=63 qk_dot=8 safe_sm=249 scna_exp=0 state_update=0 rowmax_mem=0 rowsum_reduce=0 rowmax_mem_ticks=0 rowsum_reduce_ticks=0 state_update_ticks=0 param_prepare=0 core_acc=7 o_scale=0 o_store=6
FIG8_ATTENTION_TIMERS mode=lut-exp layout=serial phase=measure iteration=6 lut_exp=1 scna_layout=0 scna_width=0 qo_len=16 kv_len=4096 n_heads=12 n_kv_heads=2 head_dim=128 kv_head=1 worker=1 profiled_total=476 q_load=6 k_load=94 v_load=85 qk_dot=8 safe_sm=268 scna_exp=0 state_update=0 rowmax_mem=0 rowsum_reduce=0 rowmax_mem_ticks=0 rowsum_reduce_ticks=0 state_update_ticks=0 param_prepare=0 core_acc=10 o_scale=0 o_store=5
FIG8_ATTENTION_TIMERS mode=lut-exp layout=serial phase=measure iteration=6 lut_exp=1 scna_layout=0 scna_width=0 qo_len=16 kv_len=4096 n_heads=12 n_kv_heads=2 head_dim=128 kv_head=0 worker=5 profiled_total=476 q_load=6 k_load=96 v_load=75 qk_dot=10 safe_sm=273 scna_exp=0 state_update=0 rowmax_mem=0 rowsum_reduce=0 rowmax_mem_ticks=0 rowsum_reduce_ticks=0 state_update_ticks=0 param_prepare=0 core_acc=10 o_scale=1 o_store=5
FIG8_ATTENTION_EVENT_COUNT mode=lut-exp qo_len=32 phase=measure iteration=6 events=0 max_events=0 overflow=0
FIG8_ATTENTION_CHECKSUM mode=lut-exp layout=serial scna_width=8 seed=figure8_fixed phase=measure iteration=6 checksum=0x6db5c4eaef47c285
FIG8_ATTENTION_HOST_TIMING mode=lut-exp layout=serial variant=pair_static_d8 workers=5 q_task_rows=16 scna_width=8 seed=figure8_fixed mask_mode=full qo_len=32 kv_len=4096 n_heads=12 n_kv_heads=2 head_dim=128 phase=measure iteration=7 host_elapsed_us=766 ret=0
FIG8_ATTENTION_PROFILE_COUNT mode=lut-exp qo_len=32 phase=measure iteration=7 records=4 max_records=24
FIG8_ATTENTION_WORKERS mode=lut-exp variant=pair_static_d8 qo_len=32 phase=measure iteration=7 requested_workers=5 active_workers=4 hvx_contexts=6 vtcm_worker_cap=8 tasks=4 q_task_rows=16
FIG8_ATTENTION_TIMERS mode=lut-exp layout=serial phase=measure iteration=7 lut_exp=1 scna_layout=0 scna_width=0 qo_len=16 kv_len=4096 n_heads=12 n_kv_heads=2 head_dim=128 kv_head=1 worker=1 profiled_total=442 q_load=4 k_load=93 v_load=61 qk_dot=8 safe_sm=256 scna_exp=0 state_update=0 rowmax_mem=0 rowsum_reduce=0 rowmax_mem_ticks=0 rowsum_reduce_ticks=0 state_update_ticks=0 param_prepare=0 core_acc=10 o_scale=3 o_store=7
FIG8_ATTENTION_TIMERS mode=lut-exp layout=serial phase=measure iteration=7 lut_exp=1 scna_layout=0 scna_width=0 qo_len=16 kv_len=4096 n_heads=12 n_kv_heads=2 head_dim=128 kv_head=1 worker=0 profiled_total=455 q_load=6 k_load=88 v_load=74 qk_dot=6 safe_sm=267 scna_exp=0 state_update=0 rowmax_mem=0 rowsum_reduce=0 rowmax_mem_ticks=0 rowsum_reduce_ticks=0 state_update_ticks=0 param_prepare=0 core_acc=8 o_scale=1 o_store=5
FIG8_ATTENTION_TIMERS mode=lut-exp layout=serial phase=measure iteration=7 lut_exp=1 scna_layout=0 scna_width=0 qo_len=16 kv_len=4096 n_heads=12 n_kv_heads=2 head_dim=128 kv_head=0 worker=2 profiled_total=454 q_load=6 k_load=99 v_load=58 qk_dot=10 safe_sm=262 scna_exp=0 state_update=0 rowmax_mem=0 rowsum_reduce=0 rowmax_mem_ticks=0 rowsum_reduce_ticks=0 state_update_ticks=0 param_prepare=0 core_acc=13 o_scale=1 o_store=5
FIG8_ATTENTION_TIMERS mode=lut-exp layout=serial phase=measure iteration=7 lut_exp=1 scna_layout=0 scna_width=0 qo_len=16 kv_len=4096 n_heads=12 n_kv_heads=2 head_dim=128 kv_head=0 worker=3 profiled_total=445 q_load=6 k_load=101 v_load=69 qk_dot=10 safe_sm=237 scna_exp=0 state_update=0 rowmax_mem=0 rowsum_reduce=0 rowmax_mem_ticks=0 rowsum_reduce_ticks=0 state_update_ticks=0 param_prepare=0 core_acc=14 o_scale=1 o_store=7
FIG8_ATTENTION_EVENT_COUNT mode=lut-exp qo_len=32 phase=measure iteration=7 events=0 max_events=0 overflow=0
FIG8_ATTENTION_CHECKSUM mode=lut-exp layout=serial scna_width=8 seed=figure8_fixed phase=measure iteration=7 checksum=0x6db5c4eaef47c285
FIG8_ATTENTION_HOST_TIMING mode=lut-exp layout=serial variant=pair_static_d8 workers=5 q_task_rows=16 scna_width=8 seed=figure8_fixed mask_mode=full qo_len=32 kv_len=4096 n_heads=12 n_kv_heads=2 head_dim=128 phase=measure iteration=8 host_elapsed_us=768 ret=0
FIG8_ATTENTION_PROFILE_COUNT mode=lut-exp qo_len=32 phase=measure iteration=8 records=4 max_records=24
FIG8_ATTENTION_WORKERS mode=lut-exp variant=pair_static_d8 qo_len=32 phase=measure iteration=8 requested_workers=5 active_workers=4 hvx_contexts=6 vtcm_worker_cap=8 tasks=4 q_task_rows=16
FIG8_ATTENTION_TIMERS mode=lut-exp layout=serial phase=measure iteration=8 lut_exp=1 scna_layout=0 scna_width=0 qo_len=16 kv_len=4096 n_heads=12 n_kv_heads=2 head_dim=128 kv_head=1 worker=1 profiled_total=444 q_load=6 k_load=99 v_load=68 qk_dot=7 safe_sm=246 scna_exp=0 state_update=0 rowmax_mem=0 rowsum_reduce=0 rowmax_mem_ticks=0 rowsum_reduce_ticks=0 state_update_ticks=0 param_prepare=0 core_acc=9 o_scale=1 o_store=8
FIG8_ATTENTION_TIMERS mode=lut-exp layout=serial phase=measure iteration=8 lut_exp=1 scna_layout=0 scna_width=0 qo_len=16 kv_len=4096 n_heads=12 n_kv_heads=2 head_dim=128 kv_head=0 worker=4 profiled_total=442 q_load=6 k_load=97 v_load=55 qk_dot=10 safe_sm=251 scna_exp=0 state_update=0 rowmax_mem=0 rowsum_reduce=0 rowmax_mem_ticks=0 rowsum_reduce_ticks=0 state_update_ticks=0 param_prepare=0 core_acc=13 o_scale=3 o_store=7
FIG8_ATTENTION_TIMERS mode=lut-exp layout=serial phase=measure iteration=8 lut_exp=1 scna_layout=0 scna_width=0 qo_len=16 kv_len=4096 n_heads=12 n_kv_heads=2 head_dim=128 kv_head=1 worker=0 profiled_total=449 q_load=6 k_load=92 v_load=57 qk_dot=7 safe_sm=268 scna_exp=0 state_update=0 rowmax_mem=0 rowsum_reduce=0 rowmax_mem_ticks=0 rowsum_reduce_ticks=0 state_update_ticks=0 param_prepare=0 core_acc=14 o_scale=0 o_store=5
FIG8_ATTENTION_TIMERS mode=lut-exp layout=serial phase=measure iteration=8 lut_exp=1 scna_layout=0 scna_width=0 qo_len=16 kv_len=4096 n_heads=12 n_kv_heads=2 head_dim=128 kv_head=0 worker=5 profiled_total=449 q_load=6 k_load=88 v_load=70 qk_dot=8 safe_sm=259 scna_exp=0 state_update=0 rowmax_mem=0 rowsum_reduce=0 rowmax_mem_ticks=0 rowsum_reduce_ticks=0 state_update_ticks=0 param_prepare=0 core_acc=12 o_scale=1 o_store=5
FIG8_ATTENTION_EVENT_COUNT mode=lut-exp qo_len=32 phase=measure iteration=8 events=0 max_events=0 overflow=0
FIG8_ATTENTION_CHECKSUM mode=lut-exp layout=serial scna_width=8 seed=figure8_fixed phase=measure iteration=8 checksum=0x6db5c4eaef47c285
FIG8_ATTENTION_HOST_TIMING mode=lut-exp layout=serial variant=pair_static_d8 workers=5 q_task_rows=16 scna_width=8 seed=figure8_fixed mask_mode=full qo_len=32 kv_len=4096 n_heads=12 n_kv_heads=2 head_dim=128 phase=measure iteration=9 host_elapsed_us=659 ret=0
FIG8_ATTENTION_PROFILE_COUNT mode=lut-exp qo_len=32 phase=measure iteration=9 records=4 max_records=24
FIG8_ATTENTION_WORKERS mode=lut-exp variant=pair_static_d8 qo_len=32 phase=measure iteration=9 requested_workers=5 active_workers=4 hvx_contexts=6 vtcm_worker_cap=8 tasks=4 q_task_rows=16
FIG8_ATTENTION_TIMERS mode=lut-exp layout=serial phase=measure iteration=9 lut_exp=1 scna_layout=0 scna_width=0 qo_len=16 kv_len=4096 n_heads=12 n_kv_heads=2 head_dim=128 kv_head=0 worker=3 profiled_total=435 q_load=6 k_load=99 v_load=55 qk_dot=7 safe_sm=251 scna_exp=0 state_update=0 rowmax_mem=0 rowsum_reduce=0 rowmax_mem_ticks=0 rowsum_reduce_ticks=0 state_update_ticks=0 param_prepare=0 core_acc=8 o_scale=3 o_store=6
FIG8_ATTENTION_TIMERS mode=lut-exp layout=serial phase=measure iteration=9 lut_exp=1 scna_layout=0 scna_width=0 qo_len=16 kv_len=4096 n_heads=12 n_kv_heads=2 head_dim=128 kv_head=1 worker=2 profiled_total=435 q_load=6 k_load=99 v_load=60 qk_dot=6 safe_sm=245 scna_exp=0 state_update=0 rowmax_mem=0 rowsum_reduce=0 rowmax_mem_ticks=0 rowsum_reduce_ticks=0 state_update_ticks=0 param_prepare=0 core_acc=11 o_scale=1 o_store=7
FIG8_ATTENTION_TIMERS mode=lut-exp layout=serial phase=measure iteration=9 lut_exp=1 scna_layout=0 scna_width=0 qo_len=16 kv_len=4096 n_heads=12 n_kv_heads=2 head_dim=128 kv_head=0 worker=1 profiled_total=485 q_load=6 k_load=88 v_load=100 qk_dot=7 safe_sm=268 scna_exp=0 state_update=0 rowmax_mem=0 rowsum_reduce=0 rowmax_mem_ticks=0 rowsum_reduce_ticks=0 state_update_ticks=0 param_prepare=0 core_acc=11 o_scale=0 o_store=5
FIG8_ATTENTION_TIMERS mode=lut-exp layout=serial phase=measure iteration=9 lut_exp=1 scna_layout=0 scna_width=0 qo_len=16 kv_len=4096 n_heads=12 n_kv_heads=2 head_dim=128 kv_head=1 worker=4 profiled_total=484 q_load=6 k_load=89 v_load=92 qk_dot=5 safe_sm=276 scna_exp=0 state_update=0 rowmax_mem=0 rowsum_reduce=0 rowmax_mem_ticks=0 rowsum_reduce_ticks=0 state_update_ticks=0 param_prepare=0 core_acc=10 o_scale=1 o_store=5
FIG8_ATTENTION_EVENT_COUNT mode=lut-exp qo_len=32 phase=measure iteration=9 events=0 max_events=0 overflow=0
FIG8_ATTENTION_CHECKSUM mode=lut-exp layout=serial scna_width=8 seed=figure8_fixed phase=measure iteration=9 checksum=0x6db5c4eaef47c285
FIG8_ATTENTION_HOST_TIMING mode=lut-exp layout=serial variant=pair_static_d8 workers=5 q_task_rows=16 scna_width=8 seed=figure8_fixed mask_mode=full qo_len=32 kv_len=4096 n_heads=12 n_kv_heads=2 head_dim=128 phase=measure iteration=10 host_elapsed_us=726 ret=0
FIG8_ATTENTION_PROFILE_COUNT mode=lut-exp qo_len=32 phase=measure iteration=10 records=4 max_records=24
FIG8_ATTENTION_WORKERS mode=lut-exp variant=pair_static_d8 qo_len=32 phase=measure iteration=10 requested_workers=5 active_workers=4 hvx_contexts=6 vtcm_worker_cap=8 tasks=4 q_task_rows=16
FIG8_ATTENTION_TIMERS mode=lut-exp layout=serial phase=measure iteration=10 lut_exp=1 scna_layout=0 scna_width=0 qo_len=16 kv_len=4096 n_heads=12 n_kv_heads=2 head_dim=128 kv_head=0 worker=3 profiled_total=465 q_load=7 k_load=92 v_load=64 qk_dot=9 safe_sm=275 scna_exp=0 state_update=0 rowmax_mem=0 rowsum_reduce=0 rowmax_mem_ticks=0 rowsum_reduce_ticks=0 state_update_ticks=0 param_prepare=0 core_acc=12 o_scale=0 o_store=6
FIG8_ATTENTION_TIMERS mode=lut-exp layout=serial phase=measure iteration=10 lut_exp=1 scna_layout=0 scna_width=0 qo_len=16 kv_len=4096 n_heads=12 n_kv_heads=2 head_dim=128 kv_head=1 worker=0 profiled_total=448 q_load=7 k_load=100 v_load=57 qk_dot=8 safe_sm=258 scna_exp=0 state_update=0 rowmax_mem=0 rowsum_reduce=0 rowmax_mem_ticks=0 rowsum_reduce_ticks=0 state_update_ticks=0 param_prepare=0 core_acc=8 o_scale=3 o_store=7
FIG8_ATTENTION_TIMERS mode=lut-exp layout=serial phase=measure iteration=10 lut_exp=1 scna_layout=0 scna_width=0 qo_len=16 kv_len=4096 n_heads=12 n_kv_heads=2 head_dim=128 kv_head=1 worker=2 profiled_total=462 q_load=7 k_load=92 v_load=70 qk_dot=8 safe_sm=268 scna_exp=0 state_update=0 rowmax_mem=0 rowsum_reduce=0 rowmax_mem_ticks=0 rowsum_reduce_ticks=0 state_update_ticks=0 param_prepare=0 core_acc=10 o_scale=1 o_store=6
FIG8_ATTENTION_TIMERS mode=lut-exp layout=serial phase=measure iteration=10 lut_exp=1 scna_layout=0 scna_width=0 qo_len=16 kv_len=4096 n_heads=12 n_kv_heads=2 head_dim=128 kv_head=0 worker=5 profiled_total=449 q_load=7 k_load=94 v_load=64 qk_dot=7 safe_sm=258 scna_exp=0 state_update=0 rowmax_mem=0 rowsum_reduce=0 rowmax_mem_ticks=0 rowsum_reduce_ticks=0 state_update_ticks=0 param_prepare=0 core_acc=11 o_scale=1 o_store=7
FIG8_ATTENTION_EVENT_COUNT mode=lut-exp qo_len=32 phase=measure iteration=10 events=0 max_events=0 overflow=0
FIG8_ATTENTION_CHECKSUM mode=lut-exp layout=serial scna_width=8 seed=figure8_fixed phase=measure iteration=10 checksum=0x6db5c4eaef47c285
FIG8_ATTENTION_HOST_TIMING mode=lut-exp layout=serial variant=pair_static_d8 workers=5 q_task_rows=16 scna_width=8 seed=figure8_fixed mask_mode=full qo_len=32 kv_len=4096 n_heads=12 n_kv_heads=2 head_dim=128 phase=measure iteration=11 host_elapsed_us=723 ret=0
FIG8_ATTENTION_PROFILE_COUNT mode=lut-exp qo_len=32 phase=measure iteration=11 records=4 max_records=24
FIG8_ATTENTION_WORKERS mode=lut-exp variant=pair_static_d8 qo_len=32 phase=measure iteration=11 requested_workers=5 active_workers=4 hvx_contexts=6 vtcm_worker_cap=8 tasks=4 q_task_rows=16
FIG8_ATTENTION_TIMERS mode=lut-exp layout=serial phase=measure iteration=11 lut_exp=1 scna_layout=0 scna_width=0 qo_len=16 kv_len=4096 n_heads=12 n_kv_heads=2 head_dim=128 kv_head=0 worker=4 profiled_total=474 q_load=7 k_load=88 v_load=76 qk_dot=7 safe_sm=278 scna_exp=0 state_update=0 rowmax_mem=0 rowsum_reduce=0 rowmax_mem_ticks=0 rowsum_reduce_ticks=0 state_update_ticks=0 param_prepare=0 core_acc=12 o_scale=1 o_store=5
FIG8_ATTENTION_TIMERS mode=lut-exp layout=serial phase=measure iteration=11 lut_exp=1 scna_layout=0 scna_width=0 qo_len=16 kv_len=4096 n_heads=12 n_kv_heads=2 head_dim=128 kv_head=1 worker=0 profiled_total=472 q_load=7 k_load=92 v_load=78 qk_dot=9 safe_sm=266 scna_exp=0 state_update=0 rowmax_mem=0 rowsum_reduce=0 rowmax_mem_ticks=0 rowsum_reduce_ticks=0 state_update_ticks=0 param_prepare=0 core_acc=15 o_scale=0 o_store=5
FIG8_ATTENTION_TIMERS mode=lut-exp layout=serial phase=measure iteration=11 lut_exp=1 scna_layout=0 scna_width=0 qo_len=16 kv_len=4096 n_heads=12 n_kv_heads=2 head_dim=128 kv_head=0 worker=3 profiled_total=450 q_load=7 k_load=89 v_load=67 qk_dot=6 safe_sm=263 scna_exp=0 state_update=0 rowmax_mem=0 rowsum_reduce=0 rowmax_mem_ticks=0 rowsum_reduce_ticks=0 state_update_ticks=0 param_prepare=0 core_acc=12 o_scale=0 o_store=6
FIG8_ATTENTION_TIMERS mode=lut-exp layout=serial phase=measure iteration=11 lut_exp=1 scna_layout=0 scna_width=0 qo_len=16 kv_len=4096 n_heads=12 n_kv_heads=2 head_dim=128 kv_head=1 worker=1 profiled_total=451 q_load=7 k_load=99 v_load=60 qk_dot=6 safe_sm=258 scna_exp=0 state_update=0 rowmax_mem=0 rowsum_reduce=0 rowmax_mem_ticks=0 rowsum_reduce_ticks=0 state_update_ticks=0 param_prepare=0 core_acc=11 o_scale=3 o_store=7
FIG8_ATTENTION_EVENT_COUNT mode=lut-exp qo_len=32 phase=measure iteration=11 events=0 max_events=0 overflow=0
FIG8_ATTENTION_CHECKSUM mode=lut-exp layout=serial scna_width=8 seed=figure8_fixed phase=measure iteration=11 checksum=0x6db5c4eaef47c285
FIG8_ATTENTION_HOST_TIMING mode=lut-exp layout=serial variant=pair_static_d8 workers=5 q_task_rows=16 scna_width=8 seed=figure8_fixed mask_mode=full qo_len=32 kv_len=4096 n_heads=12 n_kv_heads=2 head_dim=128 phase=measure iteration=12 host_elapsed_us=723 ret=0
FIG8_ATTENTION_PROFILE_COUNT mode=lut-exp qo_len=32 phase=measure iteration=12 records=4 max_records=24
FIG8_ATTENTION_WORKERS mode=lut-exp variant=pair_static_d8 qo_len=32 phase=measure iteration=12 requested_workers=5 active_workers=4 hvx_contexts=6 vtcm_worker_cap=8 tasks=4 q_task_rows=16
FIG8_ATTENTION_TIMERS mode=lut-exp layout=serial phase=measure iteration=12 lut_exp=1 scna_layout=0 scna_width=0 qo_len=16 kv_len=4096 n_heads=12 n_kv_heads=2 head_dim=128 kv_head=1 worker=0 profiled_total=451 q_load=7 k_load=89 v_load=71 qk_dot=8 safe_sm=259 scna_exp=0 state_update=0 rowmax_mem=0 rowsum_reduce=0 rowmax_mem_ticks=0 rowsum_reduce_ticks=0 state_update_ticks=0 param_prepare=0 core_acc=9 o_scale=1 o_store=7
FIG8_ATTENTION_TIMERS mode=lut-exp layout=serial phase=measure iteration=12 lut_exp=1 scna_layout=0 scna_width=0 qo_len=16 kv_len=4096 n_heads=12 n_kv_heads=2 head_dim=128 kv_head=0 worker=5 profiled_total=450 q_load=7 k_load=89 v_load=58 qk_dot=6 safe_sm=270 scna_exp=0 state_update=0 rowmax_mem=0 rowsum_reduce=0 rowmax_mem_ticks=0 rowsum_reduce_ticks=0 state_update_ticks=0 param_prepare=0 core_acc=10 o_scale=3 o_store=7
FIG8_ATTENTION_TIMERS mode=lut-exp layout=serial phase=measure iteration=12 lut_exp=1 scna_layout=0 scna_width=0 qo_len=16 kv_len=4096 n_heads=12 n_kv_heads=2 head_dim=128 kv_head=0 worker=2 profiled_total=497 q_load=7 k_load=79 v_load=113 qk_dot=10 safe_sm=267 scna_exp=0 state_update=0 rowmax_mem=0 rowsum_reduce=0 rowmax_mem_ticks=0 rowsum_reduce_ticks=0 state_update_ticks=0 param_prepare=0 core_acc=14 o_scale=1 o_store=6
FIG8_ATTENTION_TIMERS mode=lut-exp layout=serial phase=measure iteration=12 lut_exp=1 scna_layout=0 scna_width=0 qo_len=16 kv_len=4096 n_heads=12 n_kv_heads=2 head_dim=128 kv_head=1 worker=4 profiled_total=496 q_load=7 k_load=84 v_load=95 qk_dot=8 safe_sm=283 scna_exp=0 state_update=0 rowmax_mem=0 rowsum_reduce=0 rowmax_mem_ticks=0 rowsum_reduce_ticks=0 state_update_ticks=0 param_prepare=0 core_acc=14 o_scale=0 o_store=5
FIG8_ATTENTION_EVENT_COUNT mode=lut-exp qo_len=32 phase=measure iteration=12 events=0 max_events=0 overflow=0
FIG8_ATTENTION_CHECKSUM mode=lut-exp layout=serial scna_width=8 seed=figure8_fixed phase=measure iteration=12 checksum=0x6db5c4eaef47c285
FIG8_ATTENTION_HOST_TIMING mode=lut-exp layout=serial variant=pair_static_d8 workers=5 q_task_rows=16 scna_width=8 seed=figure8_fixed mask_mode=full qo_len=32 kv_len=4096 n_heads=12 n_kv_heads=2 head_dim=128 phase=measure iteration=13 host_elapsed_us=719 ret=0
FIG8_ATTENTION_PROFILE_COUNT mode=lut-exp qo_len=32 phase=measure iteration=13 records=4 max_records=24
FIG8_ATTENTION_WORKERS mode=lut-exp variant=pair_static_d8 qo_len=32 phase=measure iteration=13 requested_workers=5 active_workers=4 hvx_contexts=6 vtcm_worker_cap=8 tasks=4 q_task_rows=16
FIG8_ATTENTION_TIMERS mode=lut-exp layout=serial phase=measure iteration=13 lut_exp=1 scna_layout=0 scna_width=0 qo_len=16 kv_len=4096 n_heads=12 n_kv_heads=2 head_dim=128 kv_head=0 worker=1 profiled_total=469 q_load=6 k_load=110 v_load=61 qk_dot=9 safe_sm=262 scna_exp=0 state_update=0 rowmax_mem=0 rowsum_reduce=0 rowmax_mem_ticks=0 rowsum_reduce_ticks=0 state_update_ticks=0 param_prepare=0 core_acc=15 o_scale=1 o_store=5
FIG8_ATTENTION_TIMERS mode=lut-exp layout=serial phase=measure iteration=13 lut_exp=1 scna_layout=0 scna_width=0 qo_len=16 kv_len=4096 n_heads=12 n_kv_heads=2 head_dim=128 kv_head=1 worker=3 profiled_total=469 q_load=6 k_load=97 v_load=60 qk_dot=7 safe_sm=283 scna_exp=0 state_update=0 rowmax_mem=0 rowsum_reduce=0 rowmax_mem_ticks=0 rowsum_reduce_ticks=0 state_update_ticks=0 param_prepare=0 core_acc=11 o_scale=0 o_store=5
FIG8_ATTENTION_TIMERS mode=lut-exp layout=serial phase=measure iteration=13 lut_exp=1 scna_layout=0 scna_width=0 qo_len=16 kv_len=4096 n_heads=12 n_kv_heads=2 head_dim=128 kv_head=1 worker=0 profiled_total=464 q_load=7 k_load=100 v_load=69 qk_dot=11 safe_sm=258 scna_exp=0 state_update=0 rowmax_mem=0 rowsum_reduce=0 rowmax_mem_ticks=0 rowsum_reduce_ticks=0 state_update_ticks=0 param_prepare=0 core_acc=12 o_scale=0 o_store=7
FIG8_ATTENTION_TIMERS mode=lut-exp layout=serial phase=measure iteration=13 lut_exp=1 scna_layout=0 scna_width=0 qo_len=16 kv_len=4096 n_heads=12 n_kv_heads=2 head_dim=128 kv_head=0 worker=5 profiled_total=463 q_load=7 k_load=116 v_load=58 qk_dot=10 safe_sm=249 scna_exp=0 state_update=0 rowmax_mem=0 rowsum_reduce=0 rowmax_mem_ticks=0 rowsum_reduce_ticks=0 state_update_ticks=0 param_prepare=0 core_acc=13 o_scale=3 o_store=7
FIG8_ATTENTION_EVENT_COUNT mode=lut-exp qo_len=32 phase=measure iteration=13 events=0 max_events=0 overflow=0
FIG8_ATTENTION_CHECKSUM mode=lut-exp layout=serial scna_width=8 seed=figure8_fixed phase=measure iteration=13 checksum=0x6db5c4eaef47c285
FIG8_ATTENTION_HOST_TIMING mode=lut-exp layout=serial variant=pair_static_d8 workers=5 q_task_rows=16 scna_width=8 seed=figure8_fixed mask_mode=full qo_len=32 kv_len=4096 n_heads=12 n_kv_heads=2 head_dim=128 phase=measure iteration=14 host_elapsed_us=714 ret=0
FIG8_ATTENTION_PROFILE_COUNT mode=lut-exp qo_len=32 phase=measure iteration=14 records=4 max_records=24
FIG8_ATTENTION_WORKERS mode=lut-exp variant=pair_static_d8 qo_len=32 phase=measure iteration=14 requested_workers=5 active_workers=4 hvx_contexts=6 vtcm_worker_cap=8 tasks=4 q_task_rows=16
FIG8_ATTENTION_TIMERS mode=lut-exp layout=serial phase=measure iteration=14 lut_exp=1 scna_layout=0 scna_width=0 qo_len=16 kv_len=4096 n_heads=12 n_kv_heads=2 head_dim=128 kv_head=0 worker=2 profiled_total=446 q_load=7 k_load=96 v_load=57 qk_dot=7 safe_sm=262 scna_exp=0 state_update=0 rowmax_mem=0 rowsum_reduce=0 rowmax_mem_ticks=0 rowsum_reduce_ticks=0 state_update_ticks=0 param_prepare=0 core_acc=10 o_scale=1 o_store=6
FIG8_ATTENTION_TIMERS mode=lut-exp layout=serial phase=measure iteration=14 lut_exp=1 scna_layout=0 scna_width=0 qo_len=16 kv_len=4096 n_heads=12 n_kv_heads=2 head_dim=128 kv_head=1 worker=5 profiled_total=448 q_load=7 k_load=88 v_load=62 qk_dot=9 safe_sm=260 scna_exp=0 state_update=0 rowmax_mem=0 rowsum_reduce=0 rowmax_mem_ticks=0 rowsum_reduce_ticks=0 state_update_ticks=0 param_prepare=0 core_acc=12 o_scale=3 o_store=7
FIG8_ATTENTION_TIMERS mode=lut-exp layout=serial phase=measure iteration=14 lut_exp=1 scna_layout=0 scna_width=0 qo_len=16 kv_len=4096 n_heads=12 n_kv_heads=2 head_dim=128 kv_head=1 worker=0 profiled_total=483 q_load=7 k_load=91 v_load=80 qk_dot=8 safe_sm=279 scna_exp=0 state_update=0 rowmax_mem=0 rowsum_reduce=0 rowmax_mem_ticks=0 rowsum_reduce_ticks=0 state_update_ticks=0 param_prepare=0 core_acc=13 o_scale=0 o_store=5
FIG8_ATTENTION_TIMERS mode=lut-exp layout=serial phase=measure iteration=14 lut_exp=1 scna_layout=0 scna_width=0 qo_len=16 kv_len=4096 n_heads=12 n_kv_heads=2 head_dim=128 kv_head=0 worker=4 profiled_total=483 q_load=7 k_load=89 v_load=84 qk_dot=8 safe_sm=276 scna_exp=0 state_update=0 rowmax_mem=0 rowsum_reduce=0 rowmax_mem_ticks=0 rowsum_reduce_ticks=0 state_update_ticks=0 param_prepare=0 core_acc=13 o_scale=1 o_store=5
FIG8_ATTENTION_EVENT_COUNT mode=lut-exp qo_len=32 phase=measure iteration=14 events=0 max_events=0 overflow=0
FIG8_ATTENTION_CHECKSUM mode=lut-exp layout=serial scna_width=8 seed=figure8_fixed phase=measure iteration=14 checksum=0x6db5c4eaef47c285
FIG8_ATTENTION_HOST_TIMING mode=lut-exp layout=serial variant=pair_static_d8 workers=5 q_task_rows=16 scna_width=8 seed=figure8_fixed mask_mode=full qo_len=32 kv_len=4096 n_heads=12 n_kv_heads=2 head_dim=128 phase=measure iteration=15 host_elapsed_us=717 ret=0
FIG8_ATTENTION_PROFILE_COUNT mode=lut-exp qo_len=32 phase=measure iteration=15 records=4 max_records=24
FIG8_ATTENTION_WORKERS mode=lut-exp variant=pair_static_d8 qo_len=32 phase=measure iteration=15 requested_workers=5 active_workers=4 hvx_contexts=6 vtcm_worker_cap=8 tasks=4 q_task_rows=16
FIG8_ATTENTION_TIMERS mode=lut-exp layout=serial phase=measure iteration=15 lut_exp=1 scna_layout=0 scna_width=0 qo_len=16 kv_len=4096 n_heads=12 n_kv_heads=2 head_dim=128 kv_head=1 worker=0 profiled_total=467 q_load=7 k_load=99 v_load=70 qk_dot=8 safe_sm=259 scna_exp=0 state_update=0 rowmax_mem=0 rowsum_reduce=0 rowmax_mem_ticks=0 rowsum_reduce_ticks=0 state_update_ticks=0 param_prepare=0 core_acc=14 o_scale=2 o_store=8
FIG8_ATTENTION_TIMERS mode=lut-exp layout=serial phase=measure iteration=15 lut_exp=1 scna_layout=0 scna_width=0 qo_len=16 kv_len=4096 n_heads=12 n_kv_heads=2 head_dim=128 kv_head=1 worker=2 profiled_total=471 q_load=7 k_load=98 v_load=62 qk_dot=10 safe_sm=276 scna_exp=0 state_update=0 rowmax_mem=0 rowsum_reduce=0 rowmax_mem_ticks=0 rowsum_reduce_ticks=0 state_update_ticks=0 param_prepare=0 core_acc=12 o_scale=1 o_store=5
FIG8_ATTENTION_TIMERS mode=lut-exp layout=serial phase=measure iteration=15 lut_exp=1 scna_layout=0 scna_width=0 qo_len=16 kv_len=4096 n_heads=12 n_kv_heads=2 head_dim=128 kv_head=0 worker=3 profiled_total=471 q_load=7 k_load=96 v_load=66 qk_dot=12 safe_sm=272 scna_exp=0 state_update=0 rowmax_mem=0 rowsum_reduce=0 rowmax_mem_ticks=0 rowsum_reduce_ticks=0 state_update_ticks=0 param_prepare=0 core_acc=13 o_scale=0 o_store=5
FIG8_ATTENTION_TIMERS mode=lut-exp layout=serial phase=measure iteration=15 lut_exp=1 scna_layout=0 scna_width=0 qo_len=16 kv_len=4096 n_heads=12 n_kv_heads=2 head_dim=128 kv_head=0 worker=1 profiled_total=465 q_load=7 k_load=104 v_load=63 qk_dot=7 safe_sm=264 scna_exp=0 state_update=0 rowmax_mem=0 rowsum_reduce=0 rowmax_mem_ticks=0 rowsum_reduce_ticks=0 state_update_ticks=0 param_prepare=0 core_acc=10 o_scale=3 o_store=7
FIG8_ATTENTION_EVENT_COUNT mode=lut-exp qo_len=32 phase=measure iteration=15 events=0 max_events=0 overflow=0
FIG8_ATTENTION_CHECKSUM mode=lut-exp layout=serial scna_width=8 seed=figure8_fixed phase=measure iteration=15 checksum=0x6db5c4eaef47c285
FIG8_ATTENTION_HOST_TIMING mode=lut-exp layout=serial variant=pair_static_d8 workers=5 q_task_rows=16 scna_width=8 seed=figure8_fixed mask_mode=full qo_len=32 kv_len=4096 n_heads=12 n_kv_heads=2 head_dim=128 phase=measure iteration=16 host_elapsed_us=715 ret=0
FIG8_ATTENTION_PROFILE_COUNT mode=lut-exp qo_len=32 phase=measure iteration=16 records=4 max_records=24
FIG8_ATTENTION_WORKERS mode=lut-exp variant=pair_static_d8 qo_len=32 phase=measure iteration=16 requested_workers=5 active_workers=4 hvx_contexts=6 vtcm_worker_cap=8 tasks=4 q_task_rows=16
FIG8_ATTENTION_TIMERS mode=lut-exp layout=serial phase=measure iteration=16 lut_exp=1 scna_layout=0 scna_width=0 qo_len=16 kv_len=4096 n_heads=12 n_kv_heads=2 head_dim=128 kv_head=1 worker=1 profiled_total=451 q_load=7 k_load=97 v_load=59 qk_dot=7 safe_sm=260 scna_exp=0 state_update=0 rowmax_mem=0 rowsum_reduce=0 rowmax_mem_ticks=0 rowsum_reduce_ticks=0 state_update_ticks=0 param_prepare=0 core_acc=11 o_scale=3 o_store=7
FIG8_ATTENTION_TIMERS mode=lut-exp layout=serial phase=measure iteration=16 lut_exp=1 scna_layout=0 scna_width=0 qo_len=16 kv_len=4096 n_heads=12 n_kv_heads=2 head_dim=128 kv_head=0 worker=5 profiled_total=467 q_load=7 k_load=94 v_load=63 qk_dot=8 safe_sm=274 scna_exp=0 state_update=0 rowmax_mem=0 rowsum_reduce=0 rowmax_mem_ticks=0 rowsum_reduce_ticks=0 state_update_ticks=0 param_prepare=0 core_acc=15 o_scale=0 o_store=6
FIG8_ATTENTION_TIMERS mode=lut-exp layout=serial phase=measure iteration=16 lut_exp=1 scna_layout=0 scna_width=0 qo_len=16 kv_len=4096 n_heads=12 n_kv_heads=2 head_dim=128 kv_head=1 worker=4 profiled_total=471 q_load=7 k_load=90 v_load=86 qk_dot=9 safe_sm=260 scna_exp=0 state_update=0 rowmax_mem=0 rowsum_reduce=0 rowmax_mem_ticks=0 rowsum_reduce_ticks=0 state_update_ticks=0 param_prepare=0 core_acc=13 o_scale=0 o_store=6
FIG8_ATTENTION_TIMERS mode=lut-exp layout=serial phase=measure iteration=16 lut_exp=1 scna_layout=0 scna_width=0 qo_len=16 kv_len=4096 n_heads=12 n_kv_heads=2 head_dim=128 kv_head=0 worker=2 profiled_total=452 q_load=7 k_load=95 v_load=68 qk_dot=10 safe_sm=255 scna_exp=0 state_update=0 rowmax_mem=0 rowsum_reduce=0 rowmax_mem_ticks=0 rowsum_reduce_ticks=0 state_update_ticks=0 param_prepare=0 core_acc=9 o_scale=1 o_store=7
FIG8_ATTENTION_EVENT_COUNT mode=lut-exp qo_len=32 phase=measure iteration=16 events=0 max_events=0 overflow=0
FIG8_ATTENTION_CHECKSUM mode=lut-exp layout=serial scna_width=8 seed=figure8_fixed phase=measure iteration=16 checksum=0x6db5c4eaef47c285
FIG8_ATTENTION_HOST_TIMING mode=lut-exp layout=serial variant=pair_static_d8 workers=5 q_task_rows=16 scna_width=8 seed=figure8_fixed mask_mode=full qo_len=32 kv_len=4096 n_heads=12 n_kv_heads=2 head_dim=128 phase=measure iteration=17 host_elapsed_us=725 ret=0
FIG8_ATTENTION_PROFILE_COUNT mode=lut-exp qo_len=32 phase=measure iteration=17 records=4 max_records=24
FIG8_ATTENTION_WORKERS mode=lut-exp variant=pair_static_d8 qo_len=32 phase=measure iteration=17 requested_workers=5 active_workers=4 hvx_contexts=6 vtcm_worker_cap=8 tasks=4 q_task_rows=16
FIG8_ATTENTION_TIMERS mode=lut-exp layout=serial phase=measure iteration=17 lut_exp=1 scna_layout=0 scna_width=0 qo_len=16 kv_len=4096 n_heads=12 n_kv_heads=2 head_dim=128 kv_head=0 worker=0 profiled_total=444 q_load=6 k_load=98 v_load=57 qk_dot=7 safe_sm=256 scna_exp=0 state_update=0 rowmax_mem=0 rowsum_reduce=0 rowmax_mem_ticks=0 rowsum_reduce_ticks=0 state_update_ticks=0 param_prepare=0 core_acc=10 o_scale=3 o_store=7
FIG8_ATTENTION_TIMERS mode=lut-exp layout=serial phase=measure iteration=17 lut_exp=1 scna_layout=0 scna_width=0 qo_len=16 kv_len=4096 n_heads=12 n_kv_heads=2 head_dim=128 kv_head=1 worker=4 profiled_total=448 q_load=6 k_load=95 v_load=69 qk_dot=7 safe_sm=250 scna_exp=0 state_update=0 rowmax_mem=0 rowsum_reduce=0 rowmax_mem_ticks=0 rowsum_reduce_ticks=0 state_update_ticks=0 param_prepare=0 core_acc=12 o_scale=1 o_store=8
FIG8_ATTENTION_TIMERS mode=lut-exp layout=serial phase=measure iteration=17 lut_exp=1 scna_layout=0 scna_width=0 qo_len=16 kv_len=4096 n_heads=12 n_kv_heads=2 head_dim=128 kv_head=0 worker=3 profiled_total=458 q_load=6 k_load=91 v_load=64 qk_dot=6 safe_sm=271 scna_exp=0 state_update=0 rowmax_mem=0 rowsum_reduce=0 rowmax_mem_ticks=0 rowsum_reduce_ticks=0 state_update_ticks=0 param_prepare=0 core_acc=14 o_scale=1 o_store=5
FIG8_ATTENTION_TIMERS mode=lut-exp layout=serial phase=measure iteration=17 lut_exp=1 scna_layout=0 scna_width=0 qo_len=16 kv_len=4096 n_heads=12 n_kv_heads=2 head_dim=128 kv_head=1 worker=1 profiled_total=457 q_load=6 k_load=91 v_load=59 qk_dot=7 safe_sm=274 scna_exp=0 state_update=0 rowmax_mem=0 rowsum_reduce=0 rowmax_mem_ticks=0 rowsum_reduce_ticks=0 state_update_ticks=0 param_prepare=0 core_acc=14 o_scale=1 o_store=5
FIG8_ATTENTION_EVENT_COUNT mode=lut-exp qo_len=32 phase=measure iteration=17 events=0 max_events=0 overflow=0
FIG8_ATTENTION_CHECKSUM mode=lut-exp layout=serial scna_width=8 seed=figure8_fixed phase=measure iteration=17 checksum=0x6db5c4eaef47c285
FIG8_ATTENTION_HOST_TIMING mode=lut-exp layout=serial variant=pair_static_d8 workers=5 q_task_rows=16 scna_width=8 seed=figure8_fixed mask_mode=full qo_len=32 kv_len=4096 n_heads=12 n_kv_heads=2 head_dim=128 phase=measure iteration=18 host_elapsed_us=731 ret=0
FIG8_ATTENTION_PROFILE_COUNT mode=lut-exp qo_len=32 phase=measure iteration=18 records=4 max_records=24
FIG8_ATTENTION_WORKERS mode=lut-exp variant=pair_static_d8 qo_len=32 phase=measure iteration=18 requested_workers=5 active_workers=4 hvx_contexts=6 vtcm_worker_cap=8 tasks=4 q_task_rows=16
FIG8_ATTENTION_TIMERS mode=lut-exp layout=serial phase=measure iteration=18 lut_exp=1 scna_layout=0 scna_width=0 qo_len=16 kv_len=4096 n_heads=12 n_kv_heads=2 head_dim=128 kv_head=0 worker=5 profiled_total=443 q_load=7 k_load=90 v_load=54 qk_dot=6 safe_sm=268 scna_exp=0 state_update=0 rowmax_mem=0 rowsum_reduce=0 rowmax_mem_ticks=0 rowsum_reduce_ticks=0 state_update_ticks=0 param_prepare=0 core_acc=9 o_scale=3 o_store=6
FIG8_ATTENTION_TIMERS mode=lut-exp layout=serial phase=measure iteration=18 lut_exp=1 scna_layout=0 scna_width=0 qo_len=16 kv_len=4096 n_heads=12 n_kv_heads=2 head_dim=128 kv_head=1 worker=2 profiled_total=447 q_load=7 k_load=91 v_load=62 qk_dot=8 safe_sm=257 scna_exp=0 state_update=0 rowmax_mem=0 rowsum_reduce=0 rowmax_mem_ticks=0 rowsum_reduce_ticks=0 state_update_ticks=0 param_prepare=0 core_acc=13 o_scale=2 o_store=7
FIG8_ATTENTION_TIMERS mode=lut-exp layout=serial phase=measure iteration=18 lut_exp=1 scna_layout=0 scna_width=0 qo_len=16 kv_len=4096 n_heads=12 n_kv_heads=2 head_dim=128 kv_head=0 worker=4 profiled_total=489 q_load=7 k_load=90 v_load=88 qk_dot=7 safe_sm=277 scna_exp=0 state_update=0 rowmax_mem=0 rowsum_reduce=0 rowmax_mem_ticks=0 rowsum_reduce_ticks=0 state_update_ticks=0 param_prepare=0 core_acc=13 o_scale=1 o_store=6
FIG8_ATTENTION_TIMERS mode=lut-exp layout=serial phase=measure iteration=18 lut_exp=1 scna_layout=0 scna_width=0 qo_len=16 kv_len=4096 n_heads=12 n_kv_heads=2 head_dim=128 kv_head=1 worker=0 profiled_total=487 q_load=7 k_load=84 v_load=84 qk_dot=7 safe_sm=285 scna_exp=0 state_update=0 rowmax_mem=0 rowsum_reduce=0 rowmax_mem_ticks=0 rowsum_reduce_ticks=0 state_update_ticks=0 param_prepare=0 core_acc=15 o_scale=0 o_store=5
FIG8_ATTENTION_EVENT_COUNT mode=lut-exp qo_len=32 phase=measure iteration=18 events=0 max_events=0 overflow=0
FIG8_ATTENTION_CHECKSUM mode=lut-exp layout=serial scna_width=8 seed=figure8_fixed phase=measure iteration=18 checksum=0x6db5c4eaef47c285
FIG8_ATTENTION_HOST_TIMING mode=lut-exp layout=serial variant=pair_static_d8 workers=5 q_task_rows=16 scna_width=8 seed=figure8_fixed mask_mode=full qo_len=32 kv_len=4096 n_heads=12 n_kv_heads=2 head_dim=128 phase=measure iteration=19 host_elapsed_us=775 ret=0
FIG8_ATTENTION_PROFILE_COUNT mode=lut-exp qo_len=32 phase=measure iteration=19 records=4 max_records=24
FIG8_ATTENTION_WORKERS mode=lut-exp variant=pair_static_d8 qo_len=32 phase=measure iteration=19 requested_workers=5 active_workers=4 hvx_contexts=6 vtcm_worker_cap=8 tasks=4 q_task_rows=16
FIG8_ATTENTION_TIMERS mode=lut-exp layout=serial phase=measure iteration=19 lut_exp=1 scna_layout=0 scna_width=0 qo_len=16 kv_len=4096 n_heads=12 n_kv_heads=2 head_dim=128 kv_head=0 worker=3 profiled_total=468 q_load=6 k_load=88 v_load=79 qk_dot=7 safe_sm=270 scna_exp=0 state_update=0 rowmax_mem=0 rowsum_reduce=0 rowmax_mem_ticks=0 rowsum_reduce_ticks=0 state_update_ticks=0 param_prepare=0 core_acc=12 o_scale=0 o_store=6
FIG8_ATTENTION_TIMERS mode=lut-exp layout=serial phase=measure iteration=19 lut_exp=1 scna_layout=0 scna_width=0 qo_len=16 kv_len=4096 n_heads=12 n_kv_heads=2 head_dim=128 kv_head=1 worker=5 profiled_total=466 q_load=6 k_load=88 v_load=66 qk_dot=7 safe_sm=280 scna_exp=0 state_update=0 rowmax_mem=0 rowsum_reduce=0 rowmax_mem_ticks=0 rowsum_reduce_ticks=0 state_update_ticks=0 param_prepare=0 core_acc=13 o_scale=0 o_store=6
FIG8_ATTENTION_TIMERS mode=lut-exp layout=serial phase=measure iteration=19 lut_exp=1 scna_layout=0 scna_width=0 qo_len=16 kv_len=4096 n_heads=12 n_kv_heads=2 head_dim=128 kv_head=0 worker=1 profiled_total=449 q_load=6 k_load=99 v_load=57 qk_dot=8 safe_sm=258 scna_exp=0 state_update=0 rowmax_mem=0 rowsum_reduce=0 rowmax_mem_ticks=0 rowsum_reduce_ticks=0 state_update_ticks=0 param_prepare=0 core_acc=11 o_scale=3 o_store=7
FIG8_ATTENTION_TIMERS mode=lut-exp layout=serial phase=measure iteration=19 lut_exp=1 scna_layout=0 scna_width=0 qo_len=16 kv_len=4096 n_heads=12 n_kv_heads=2 head_dim=128 kv_head=1 worker=2 profiled_total=449 q_load=6 k_load=92 v_load=65 qk_dot=7 safe_sm=261 scna_exp=0 state_update=0 rowmax_mem=0 rowsum_reduce=0 rowmax_mem_ticks=0 rowsum_reduce_ticks=0 state_update_ticks=0 param_prepare=0 core_acc=10 o_scale=1 o_store=7
FIG8_ATTENTION_EVENT_COUNT mode=lut-exp qo_len=32 phase=measure iteration=19 events=0 max_events=0 overflow=0
FIG8_ATTENTION_CHECKSUM mode=lut-exp layout=serial scna_width=8 seed=figure8_fixed phase=measure iteration=19 checksum=0x6db5c4eaef47c285
