alloc_shared_mem_buf: buf=0x7d7a1e7000 fd=15 size=24576 flags=FASTRPC_MAP_FD
alloc_shared_mem_buf: buf=0x7adb000000 fd=16 size=2095616 flags=FASTRPC_MAP_FD
alloc_shared_mem_buf: buf=0x7adae00000 fd=17 size=2095616 flags=FASTRPC_MAP_FD
alloc_shared_mem_buf: buf=0x7d7a111000 fd=18 size=24576 flags=FASTRPC_MAP_FD
alloc_shared_mem_buf: buf=0x7d7a109000 fd=19 size=32768 flags=FASTRPC_MAP_FD
alloc_shared_mem_buf: buf=0x7d76390000 fd=20 size=234624 flags=FASTRPC_MAP_FD
alloc_shared_mem_buf: buf=0x7d7a367000 fd=21 size=4096 flags=FASTRPC_MAP_FD
No-op channel request completed
FIG8_ATTENTION_CONFIG mode=scna-hmx-fp16-d8-hybrid scna_function=exp2 scna_kernel=direct scna_pipeline=off mask_mode=full qo_len=4 kv_len=4093 n_heads=12 n_kv_heads=2 head_dim=128 warmup=1 iters=1 scna_width=8 q_size=24576 kv_size=2095616 mask_size=32768 profile_size=234624 profile_max_records=10 profile_max_events=3224 mode_flags=4180 print_events=0
FIG8_ATTENTION_HOST_TIMING mode=scna-hmx-fp16-d8-hybrid scna_function=exp2 scna_kernel=direct scna_pipeline=off scna_width=8 qo_len=4 kv_len=4093 n_heads=12 n_kv_heads=2 head_dim=128 phase=warmup iteration=0 host_elapsed_us=54080 ret=0
FIG8_ATTENTION_PROFILE_COUNT mode=scna-hmx-fp16-d8-hybrid qo_len=4 phase=warmup iteration=0 records=2 max_records=10
FIG8_ATTENTION_TIMERS mode=scna-hmx-fp16-d8-hybrid scna_function=0 scna_kernel=0 scna_pipeline=0 scna_engine=2 profile_version=1 phase=warmup iteration=0 lut_exp=0 nonlinear_mode=1 scna_width=8 scna_exp=26455 scna_pack=29 scna_hmx_affine_relu=362 scna_reduction=16 scna_unpack=25877 qo_len=4 kv_len=4093 n_heads=12 n_kv_heads=2 head_dim=128 kv_head=0 worker=0 profiled_total=26889 q_load=2 k_load=210 v_load=172 qk_dot=1 safe_sm=26478 core_acc=20 o_scale=3 o_store=3 kv_dma_issue=0 kv_dma_wait=0 kv_transform=0
FIG8_NUMERIC kv_head=0 rowsum0_bits=0x6b7f l0_bits=0x6b7f core_o0_bits=0x4390 inv_l0_bits=0xc3e scaled_o0_bits=0x1403 p0_first_bits=0x3b36 p0_last_bits=0x0 sum0_first_bits=0x44f0192e sum0_last_bits=0x44efe93e
FIG8_ATTENTION_TIMERS mode=scna-hmx-fp16-d8-hybrid scna_function=0 scna_kernel=0 scna_pipeline=0 scna_engine=2 profile_version=1 phase=warmup iteration=0 lut_exp=0 nonlinear_mode=1 scna_width=8 scna_exp=26452 scna_pack=30 scna_hmx_affine_relu=362 scna_reduction=16 scna_unpack=25877 qo_len=4 kv_len=4093 n_heads=12 n_kv_heads=2 head_dim=128 kv_head=1 worker=0 profiled_total=26888 q_load=1 k_load=223 v_load=169 qk_dot=5 safe_sm=26469 core_acc=18 o_scale=2 o_store=1 kv_dma_issue=0 kv_dma_wait=0 kv_transform=0
FIG8_NUMERIC kv_head=1 rowsum0_bits=0x0 l0_bits=0x0 core_o0_bits=0x0 inv_l0_bits=0x0 scaled_o0_bits=0x0 p0_first_bits=0x0 p0_last_bits=0x0 sum0_first_bits=0x0 sum0_last_bits=0x0
FIG8_ATTENTION_EVENT_COUNT mode=scna-hmx-fp16-d8-hybrid qo_len=4 phase=warmup iteration=0 events=16 max_events=3224 overflow=0
FIG8_ATTENTION_HOST_TIMING mode=scna-hmx-fp16-d8-hybrid scna_function=exp2 scna_kernel=direct scna_pipeline=off scna_width=8 qo_len=4 kv_len=4093 n_heads=12 n_kv_heads=2 head_dim=128 phase=measure iteration=0 host_elapsed_us=54091 ret=0
FIG8_ATTENTION_PROFILE_COUNT mode=scna-hmx-fp16-d8-hybrid qo_len=4 phase=measure iteration=0 records=2 max_records=10
FIG8_ATTENTION_TIMERS mode=scna-hmx-fp16-d8-hybrid scna_function=0 scna_kernel=0 scna_pipeline=0 scna_engine=2 profile_version=1 phase=measure iteration=0 lut_exp=0 nonlinear_mode=1 scna_width=8 scna_exp=26458 scna_pack=30 scna_hmx_affine_relu=369 scna_reduction=17 scna_unpack=25877 qo_len=4 kv_len=4093 n_heads=12 n_kv_heads=2 head_dim=128 kv_head=0 worker=0 profiled_total=26875 q_load=1 k_load=204 v_load=172 qk_dot=2 safe_sm=26475 core_acc=19 o_scale=1 o_store=1 kv_dma_issue=0 kv_dma_wait=0 kv_transform=0
FIG8_NUMERIC kv_head=0 rowsum0_bits=0x6b7f l0_bits=0x6b7f core_o0_bits=0x4390 inv_l0_bits=0xc3e scaled_o0_bits=0x1403 p0_first_bits=0x3b36 p0_last_bits=0x0 sum0_first_bits=0x44f0192e sum0_last_bits=0x44efe93e
FIG8_ATTENTION_TIMERS mode=scna-hmx-fp16-d8-hybrid scna_function=0 scna_kernel=0 scna_pipeline=0 scna_engine=2 profile_version=1 phase=measure iteration=0 lut_exp=0 nonlinear_mode=1 scna_width=8 scna_exp=26457 scna_pack=30 scna_hmx_affine_relu=368 scna_reduction=15 scna_unpack=25877 qo_len=4 kv_len=4093 n_heads=12 n_kv_heads=2 head_dim=128 kv_head=1 worker=0 profiled_total=26885 q_load=1 k_load=215 v_load=173 qk_dot=3 safe_sm=26472 core_acc=18 o_scale=2 o_store=1 kv_dma_issue=0 kv_dma_wait=0 kv_transform=0
FIG8_NUMERIC kv_head=1 rowsum0_bits=0x0 l0_bits=0x0 core_o0_bits=0x0 inv_l0_bits=0x0 scaled_o0_bits=0x0 p0_first_bits=0x0 p0_last_bits=0x0 sum0_first_bits=0x0 sum0_last_bits=0x0
FIG8_ATTENTION_EVENT_COUNT mode=scna-hmx-fp16-d8-hybrid qo_len=4 phase=measure iteration=0 events=16 max_events=3224 overflow=0
FIG8_ATTENTION_REFERENCE_TIMING reference_mode=host-fp32 qo_len=4 kv_len=4093 n_heads=12 n_kv_heads=2 head_dim=128 elapsed_us=97395 ret=0
FIG8_ATTENTION_COMPARE candidate_mode=scna-hmx-fp16-d8-hybrid scna_function=exp2 scna_kernel=direct scna_pipeline=off scna_width=8 reference_mode=host-fp32 qo_len=4 kv_len=4093 n_heads=12 n_kv_heads=2 head_dim=128 elements=6144 rmse=4.46835e-05 relative_l2=0.0646539 max_abs_error=0.000159818 max_rel_error=55.424 candidate_rms=0.000670816 reference_rms=0.000691119 candidate_max_abs=0.00135612 reference_max_abs=0.00148103 candidate_nonfinite=0 reference_nonfinite=0 ret=0
