alloc_shared_mem_buf: buf=0x74e0880000 fd=15 size=98304 flags=FASTRPC_MAP_FD
alloc_shared_mem_buf: buf=0x7247c00000 fd=16 size=2097152 flags=FASTRPC_MAP_FD
alloc_shared_mem_buf: buf=0x7247a00000 fd=17 size=2097152 flags=FASTRPC_MAP_FD
alloc_shared_mem_buf: buf=0x74e0840000 fd=18 size=98304 flags=FASTRPC_MAP_FD
alloc_shared_mem_buf: buf=0x74e0820000 fd=19 size=131072 flags=FASTRPC_MAP_FD
alloc_shared_mem_buf: buf=0x7247920000 fd=20 size=903296 flags=FASTRPC_MAP_FD
alloc_shared_mem_buf: buf=0x74e29cd000 fd=21 size=4096 flags=FASTRPC_MAP_FD
No-op channel request completed
FIG8_ATTENTION_CONFIG mode=scna-hmx-fp16-d8-two-pass scna_function=exp2 scna_kernel=direct scna_pipeline=off mask_mode=full qo_len=16 kv_len=4096 n_heads=12 n_kv_heads=2 head_dim=128 warmup=5 iters=20 scna_width=8 q_size=98304 kv_size=2097152 mask_size=131072 profile_size=903296 profile_max_records=10 profile_max_events=12512 mode_flags=8212 print_events=0
FIG8_ATTENTION_HOST_TIMING mode=scna-hmx-fp16-d8-two-pass scna_function=exp2 scna_kernel=direct scna_pipeline=off scna_width=8 qo_len=16 kv_len=4096 n_heads=12 n_kv_heads=2 head_dim=128 phase=warmup iteration=0 host_elapsed_us=35165 ret=0
FIG8_ATTENTION_PROFILE_COUNT mode=scna-hmx-fp16-d8-two-pass qo_len=16 phase=warmup iteration=0 records=2 max_records=10
FIG8_ATTENTION_TIMERS mode=scna-hmx-fp16-d8-two-pass scna_function=0 scna_kernel=0 scna_pipeline=0 scna_engine=3 profile_version=1 phase=warmup iteration=0 lut_exp=0 nonlinear_mode=1 scna_width=8 scna_exp=16931 scna_pack=113 scna_hmx_affine_relu=1703 scna_reduction=1429 scna_unpack=13012 qo_len=16 kv_len=4096 n_heads=12 n_kv_heads=2 head_dim=128 kv_head=0 worker=0 profiled_total=17399 q_load=5 k_load=141 v_load=183 qk_dot=7 safe_sm=17037 core_acc=14 o_scale=4 o_store=8 kv_dma_issue=0 kv_dma_wait=0 kv_transform=0
FIG8_ATTENTION_TIMERS mode=scna-hmx-fp16-d8-two-pass scna_function=0 scna_kernel=0 scna_pipeline=0 scna_engine=3 profile_version=1 phase=warmup iteration=0 lut_exp=0 nonlinear_mode=1 scna_width=8 scna_exp=16930 scna_pack=114 scna_hmx_affine_relu=1700 scna_reduction=1427 scna_unpack=13014 qo_len=16 kv_len=4096 n_heads=12 n_kv_heads=2 head_dim=128 kv_head=1 worker=0 profiled_total=17409 q_load=4 k_load=174 v_load=175 qk_dot=8 safe_sm=17028 core_acc=12 o_scale=2 o_store=6 kv_dma_issue=0 kv_dma_wait=0 kv_transform=0
FIG8_ATTENTION_EVENT_COUNT mode=scna-hmx-fp16-d8-two-pass qo_len=16 phase=warmup iteration=0 events=16 max_events=12512 overflow=0
FIG8_ATTENTION_HOST_TIMING mode=scna-hmx-fp16-d8-two-pass scna_function=exp2 scna_kernel=direct scna_pipeline=off scna_width=8 qo_len=16 kv_len=4096 n_heads=12 n_kv_heads=2 head_dim=128 phase=warmup iteration=1 host_elapsed_us=35275 ret=0
FIG8_ATTENTION_PROFILE_COUNT mode=scna-hmx-fp16-d8-two-pass qo_len=16 phase=warmup iteration=1 records=2 max_records=10
FIG8_ATTENTION_TIMERS mode=scna-hmx-fp16-d8-two-pass scna_function=0 scna_kernel=0 scna_pipeline=0 scna_engine=3 profile_version=1 phase=warmup iteration=1 lut_exp=0 nonlinear_mode=1 scna_width=8 scna_exp=16929 scna_pack=114 scna_hmx_affine_relu=1704 scna_reduction=1428 scna_unpack=13012 qo_len=16 kv_len=4096 n_heads=12 n_kv_heads=2 head_dim=128 kv_head=0 worker=0 profiled_total=17437 q_load=4 k_load=199 v_load=173 qk_dot=7 safe_sm=17034 core_acc=13 o_scale=1 o_store=6 kv_dma_issue=0 kv_dma_wait=0 kv_transform=0
FIG8_ATTENTION_TIMERS mode=scna-hmx-fp16-d8-two-pass scna_function=0 scna_kernel=0 scna_pipeline=0 scna_engine=3 profile_version=1 phase=warmup iteration=1 lut_exp=0 nonlinear_mode=1 scna_width=8 scna_exp=16929 scna_pack=113 scna_hmx_affine_relu=1703 scna_reduction=1428 scna_unpack=13014 qo_len=16 kv_len=4096 n_heads=12 n_kv_heads=2 head_dim=128 kv_head=1 worker=0 profiled_total=17457 q_load=4 k_load=227 v_load=175 qk_dot=9 safe_sm=17022 core_acc=12 o_scale=2 o_store=6 kv_dma_issue=0 kv_dma_wait=0 kv_transform=0
FIG8_ATTENTION_EVENT_COUNT mode=scna-hmx-fp16-d8-two-pass qo_len=16 phase=warmup iteration=1 events=16 max_events=12512 overflow=0
FIG8_ATTENTION_HOST_TIMING mode=scna-hmx-fp16-d8-two-pass scna_function=exp2 scna_kernel=direct scna_pipeline=off scna_width=8 qo_len=16 kv_len=4096 n_heads=12 n_kv_heads=2 head_dim=128 phase=warmup iteration=2 host_elapsed_us=35264 ret=0
FIG8_ATTENTION_PROFILE_COUNT mode=scna-hmx-fp16-d8-two-pass qo_len=16 phase=warmup iteration=2 records=2 max_records=10
FIG8_ATTENTION_TIMERS mode=scna-hmx-fp16-d8-two-pass scna_function=0 scna_kernel=0 scna_pipeline=0 scna_engine=3 profile_version=1 phase=warmup iteration=2 lut_exp=0 nonlinear_mode=1 scna_width=8 scna_exp=16928 scna_pack=114 scna_hmx_affine_relu=1703 scna_reduction=1428 scna_unpack=13012 qo_len=16 kv_len=4096 n_heads=12 n_kv_heads=2 head_dim=128 kv_head=0 worker=0 profiled_total=17445 q_load=5 k_load=206 v_load=173 qk_dot=7 safe_sm=17033 core_acc=14 o_scale=1 o_store=6 kv_dma_issue=0 kv_dma_wait=0 kv_transform=0
FIG8_ATTENTION_TIMERS mode=scna-hmx-fp16-d8-two-pass scna_function=0 scna_kernel=0 scna_pipeline=0 scna_engine=3 profile_version=1 phase=warmup iteration=2 lut_exp=0 nonlinear_mode=1 scna_width=8 scna_exp=16928 scna_pack=116 scna_hmx_affine_relu=1702 scna_reduction=1429 scna_unpack=13012 qo_len=16 kv_len=4096 n_heads=12 n_kv_heads=2 head_dim=128 kv_head=1 worker=0 profiled_total=17452 q_load=4 k_load=227 v_load=172 qk_dot=8 safe_sm=17021 core_acc=12 o_scale=2 o_store=6 kv_dma_issue=0 kv_dma_wait=0 kv_transform=0
FIG8_ATTENTION_EVENT_COUNT mode=scna-hmx-fp16-d8-two-pass qo_len=16 phase=warmup iteration=2 events=16 max_events=12512 overflow=0
FIG8_ATTENTION_HOST_TIMING mode=scna-hmx-fp16-d8-two-pass scna_function=exp2 scna_kernel=direct scna_pipeline=off scna_width=8 qo_len=16 kv_len=4096 n_heads=12 n_kv_heads=2 head_dim=128 phase=warmup iteration=3 host_elapsed_us=35327 ret=0
FIG8_ATTENTION_PROFILE_COUNT mode=scna-hmx-fp16-d8-two-pass qo_len=16 phase=warmup iteration=3 records=2 max_records=10
FIG8_ATTENTION_TIMERS mode=scna-hmx-fp16-d8-two-pass scna_function=0 scna_kernel=0 scna_pipeline=0 scna_engine=3 profile_version=1 phase=warmup iteration=3 lut_exp=0 nonlinear_mode=1 scna_width=8 scna_exp=16928 scna_pack=114 scna_hmx_affine_relu=1702 scna_reduction=1428 scna_unpack=13011 qo_len=16 kv_len=4096 n_heads=12 n_kv_heads=2 head_dim=128 kv_head=0 worker=0 profiled_total=17446 q_load=5 k_load=206 v_load=171 qk_dot=7 safe_sm=17037 core_acc=13 o_scale=1 o_store=6 kv_dma_issue=0 kv_dma_wait=0 kv_transform=0
FIG8_ATTENTION_TIMERS mode=scna-hmx-fp16-d8-two-pass scna_function=0 scna_kernel=0 scna_pipeline=0 scna_engine=3 profile_version=1 phase=warmup iteration=3 lut_exp=0 nonlinear_mode=1 scna_width=8 scna_exp=16928 scna_pack=113 scna_hmx_affine_relu=1703 scna_reduction=1429 scna_unpack=13014 qo_len=16 kv_len=4096 n_heads=12 n_kv_heads=2 head_dim=128 kv_head=1 worker=0 profiled_total=17459 q_load=4 k_load=232 v_load=169 qk_dot=9 safe_sm=17025 core_acc=12 o_scale=2 o_store=6 kv_dma_issue=0 kv_dma_wait=0 kv_transform=0
FIG8_ATTENTION_EVENT_COUNT mode=scna-hmx-fp16-d8-two-pass qo_len=16 phase=warmup iteration=3 events=16 max_events=12512 overflow=0
FIG8_ATTENTION_HOST_TIMING mode=scna-hmx-fp16-d8-two-pass scna_function=exp2 scna_kernel=direct scna_pipeline=off scna_width=8 qo_len=16 kv_len=4096 n_heads=12 n_kv_heads=2 head_dim=128 phase=warmup iteration=4 host_elapsed_us=35261 ret=0
FIG8_ATTENTION_PROFILE_COUNT mode=scna-hmx-fp16-d8-two-pass qo_len=16 phase=warmup iteration=4 records=2 max_records=10
FIG8_ATTENTION_TIMERS mode=scna-hmx-fp16-d8-two-pass scna_function=0 scna_kernel=0 scna_pipeline=0 scna_engine=3 profile_version=1 phase=warmup iteration=4 lut_exp=0 nonlinear_mode=1 scna_width=8 scna_exp=16928 scna_pack=115 scna_hmx_affine_relu=1702 scna_reduction=1430 scna_unpack=13011 qo_len=16 kv_len=4096 n_heads=12 n_kv_heads=2 head_dim=128 kv_head=0 worker=0 profiled_total=17441 q_load=5 k_load=205 v_load=170 qk_dot=7 safe_sm=17034 core_acc=13 o_scale=1 o_store=6 kv_dma_issue=0 kv_dma_wait=0 kv_transform=0
FIG8_ATTENTION_TIMERS mode=scna-hmx-fp16-d8-two-pass scna_function=0 scna_kernel=0 scna_pipeline=0 scna_engine=3 profile_version=1 phase=warmup iteration=4 lut_exp=0 nonlinear_mode=1 scna_width=8 scna_exp=16929 scna_pack=113 scna_hmx_affine_relu=1706 scna_reduction=1428 scna_unpack=13013 qo_len=16 kv_len=4096 n_heads=12 n_kv_heads=2 head_dim=128 kv_head=1 worker=0 profiled_total=17464 q_load=4 k_load=235 v_load=173 qk_dot=8 safe_sm=17024 core_acc=12 o_scale=2 o_store=6 kv_dma_issue=0 kv_dma_wait=0 kv_transform=0
FIG8_ATTENTION_EVENT_COUNT mode=scna-hmx-fp16-d8-two-pass qo_len=16 phase=warmup iteration=4 events=16 max_events=12512 overflow=0
FIG8_ATTENTION_HOST_TIMING mode=scna-hmx-fp16-d8-two-pass scna_function=exp2 scna_kernel=direct scna_pipeline=off scna_width=8 qo_len=16 kv_len=4096 n_heads=12 n_kv_heads=2 head_dim=128 phase=measure iteration=0 host_elapsed_us=35244 ret=0
FIG8_ATTENTION_PROFILE_COUNT mode=scna-hmx-fp16-d8-two-pass qo_len=16 phase=measure iteration=0 records=2 max_records=10
FIG8_ATTENTION_TIMERS mode=scna-hmx-fp16-d8-two-pass scna_function=0 scna_kernel=0 scna_pipeline=0 scna_engine=3 profile_version=1 phase=measure iteration=0 lut_exp=0 nonlinear_mode=1 scna_width=8 scna_exp=16928 scna_pack=115 scna_hmx_affine_relu=1702 scna_reduction=1429 scna_unpack=13013 qo_len=16 kv_len=4096 n_heads=12 n_kv_heads=2 head_dim=128 kv_head=0 worker=0 profiled_total=17447 q_load=5 k_load=209 v_load=171 qk_dot=7 safe_sm=17034 core_acc=14 o_scale=1 o_store=6 kv_dma_issue=0 kv_dma_wait=0 kv_transform=0
FIG8_ATTENTION_TIMERS mode=scna-hmx-fp16-d8-two-pass scna_function=0 scna_kernel=0 scna_pipeline=0 scna_engine=3 profile_version=1 phase=measure iteration=0 lut_exp=0 nonlinear_mode=1 scna_width=8 scna_exp=16928 scna_pack=112 scna_hmx_affine_relu=1705 scna_reduction=1427 scna_unpack=13014 qo_len=16 kv_len=4096 n_heads=12 n_kv_heads=2 head_dim=128 kv_head=1 worker=0 profiled_total=17458 q_load=4 k_load=229 v_load=172 qk_dot=8 safe_sm=17025 core_acc=12 o_scale=2 o_store=6 kv_dma_issue=0 kv_dma_wait=0 kv_transform=0
FIG8_ATTENTION_EVENT_COUNT mode=scna-hmx-fp16-d8-two-pass qo_len=16 phase=measure iteration=0 events=16 max_events=12512 overflow=0
FIG8_ATTENTION_HOST_TIMING mode=scna-hmx-fp16-d8-two-pass scna_function=exp2 scna_kernel=direct scna_pipeline=off scna_width=8 qo_len=16 kv_len=4096 n_heads=12 n_kv_heads=2 head_dim=128 phase=measure iteration=1 host_elapsed_us=35220 ret=0
FIG8_ATTENTION_PROFILE_COUNT mode=scna-hmx-fp16-d8-two-pass qo_len=16 phase=measure iteration=1 records=2 max_records=10
FIG8_ATTENTION_TIMERS mode=scna-hmx-fp16-d8-two-pass scna_function=0 scna_kernel=0 scna_pipeline=0 scna_engine=3 profile_version=1 phase=measure iteration=1 lut_exp=0 nonlinear_mode=1 scna_width=8 scna_exp=16927 scna_pack=115 scna_hmx_affine_relu=1700 scna_reduction=1428 scna_unpack=13012 qo_len=16 kv_len=4096 n_heads=12 n_kv_heads=2 head_dim=128 kv_head=0 worker=0 profiled_total=17444 q_load=4 k_load=204 v_load=175 qk_dot=7 safe_sm=17033 core_acc=14 o_scale=1 o_store=6 kv_dma_issue=0 kv_dma_wait=0 kv_transform=0
FIG8_ATTENTION_TIMERS mode=scna-hmx-fp16-d8-two-pass scna_function=0 scna_kernel=0 scna_pipeline=0 scna_engine=3 profile_version=1 phase=measure iteration=1 lut_exp=0 nonlinear_mode=1 scna_width=8 scna_exp=16928 scna_pack=116 scna_hmx_affine_relu=1703 scna_reduction=1428 scna_unpack=13012 qo_len=16 kv_len=4096 n_heads=12 n_kv_heads=2 head_dim=128 kv_head=1 worker=0 profiled_total=17453 q_load=4 k_load=227 v_load=173 qk_dot=8 safe_sm=17021 core_acc=12 o_scale=2 o_store=6 kv_dma_issue=0 kv_dma_wait=0 kv_transform=0
FIG8_ATTENTION_EVENT_COUNT mode=scna-hmx-fp16-d8-two-pass qo_len=16 phase=measure iteration=1 events=16 max_events=12512 overflow=0
FIG8_ATTENTION_HOST_TIMING mode=scna-hmx-fp16-d8-two-pass scna_function=exp2 scna_kernel=direct scna_pipeline=off scna_width=8 qo_len=16 kv_len=4096 n_heads=12 n_kv_heads=2 head_dim=128 phase=measure iteration=2 host_elapsed_us=35172 ret=0
FIG8_ATTENTION_PROFILE_COUNT mode=scna-hmx-fp16-d8-two-pass qo_len=16 phase=measure iteration=2 records=2 max_records=10
FIG8_ATTENTION_TIMERS mode=scna-hmx-fp16-d8-two-pass scna_function=0 scna_kernel=0 scna_pipeline=0 scna_engine=3 profile_version=1 phase=measure iteration=2 lut_exp=0 nonlinear_mode=1 scna_width=8 scna_exp=16928 scna_pack=114 scna_hmx_affine_relu=1703 scna_reduction=1428 scna_unpack=13012 qo_len=16 kv_len=4096 n_heads=12 n_kv_heads=2 head_dim=128 kv_head=0 worker=0 profiled_total=17434 q_load=5 k_load=199 v_load=174 qk_dot=7 safe_sm=17029 core_acc=12 o_scale=2 o_store=6 kv_dma_issue=0 kv_dma_wait=0 kv_transform=0
FIG8_ATTENTION_TIMERS mode=scna-hmx-fp16-d8-two-pass scna_function=0 scna_kernel=0 scna_pipeline=0 scna_engine=3 profile_version=1 phase=measure iteration=2 lut_exp=0 nonlinear_mode=1 scna_width=8 scna_exp=16928 scna_pack=114 scna_hmx_affine_relu=1703 scna_reduction=1428 scna_unpack=13014 qo_len=16 kv_len=4096 n_heads=12 n_kv_heads=2 head_dim=128 kv_head=1 worker=0 profiled_total=17448 q_load=4 k_load=223 v_load=168 qk_dot=8 safe_sm=17025 core_acc=12 o_scale=2 o_store=6 kv_dma_issue=0 kv_dma_wait=0 kv_transform=0
FIG8_ATTENTION_EVENT_COUNT mode=scna-hmx-fp16-d8-two-pass qo_len=16 phase=measure iteration=2 events=16 max_events=12512 overflow=0
FIG8_ATTENTION_HOST_TIMING mode=scna-hmx-fp16-d8-two-pass scna_function=exp2 scna_kernel=direct scna_pipeline=off scna_width=8 qo_len=16 kv_len=4096 n_heads=12 n_kv_heads=2 head_dim=128 phase=measure iteration=3 host_elapsed_us=35226 ret=0
FIG8_ATTENTION_PROFILE_COUNT mode=scna-hmx-fp16-d8-two-pass qo_len=16 phase=measure iteration=3 records=2 max_records=10
FIG8_ATTENTION_TIMERS mode=scna-hmx-fp16-d8-two-pass scna_function=0 scna_kernel=0 scna_pipeline=0 scna_engine=3 profile_version=1 phase=measure iteration=3 lut_exp=0 nonlinear_mode=1 scna_width=8 scna_exp=16928 scna_pack=114 scna_hmx_affine_relu=1701 scna_reduction=1427 scna_unpack=13011 qo_len=16 kv_len=4096 n_heads=12 n_kv_heads=2 head_dim=128 kv_head=0 worker=0 profiled_total=17430 q_load=5 k_load=198 v_load=168 qk_dot=7 safe_sm=17031 core_acc=13 o_scale=2 o_store=6 kv_dma_issue=0 kv_dma_wait=0 kv_transform=0
FIG8_ATTENTION_TIMERS mode=scna-hmx-fp16-d8-two-pass scna_function=0 scna_kernel=0 scna_pipeline=0 scna_engine=3 profile_version=1 phase=measure iteration=3 lut_exp=0 nonlinear_mode=1 scna_width=8 scna_exp=16928 scna_pack=112 scna_hmx_affine_relu=1702 scna_reduction=1427 scna_unpack=13014 qo_len=16 kv_len=4096 n_heads=12 n_kv_heads=2 head_dim=128 kv_head=1 worker=0 profiled_total=17431 q_load=4 k_load=204 v_load=173 qk_dot=8 safe_sm=17022 core_acc=12 o_scale=2 o_store=6 kv_dma_issue=0 kv_dma_wait=0 kv_transform=0
FIG8_ATTENTION_EVENT_COUNT mode=scna-hmx-fp16-d8-two-pass qo_len=16 phase=measure iteration=3 events=16 max_events=12512 overflow=0
FIG8_ATTENTION_HOST_TIMING mode=scna-hmx-fp16-d8-two-pass scna_function=exp2 scna_kernel=direct scna_pipeline=off scna_width=8 qo_len=16 kv_len=4096 n_heads=12 n_kv_heads=2 head_dim=128 phase=measure iteration=4 host_elapsed_us=35239 ret=0
FIG8_ATTENTION_PROFILE_COUNT mode=scna-hmx-fp16-d8-two-pass qo_len=16 phase=measure iteration=4 records=2 max_records=10
FIG8_ATTENTION_TIMERS mode=scna-hmx-fp16-d8-two-pass scna_function=0 scna_kernel=0 scna_pipeline=0 scna_engine=3 profile_version=1 phase=measure iteration=4 lut_exp=0 nonlinear_mode=1 scna_width=8 scna_exp=16928 scna_pack=115 scna_hmx_affine_relu=1703 scna_reduction=1428 scna_unpack=13012 qo_len=16 kv_len=4096 n_heads=12 n_kv_heads=2 head_dim=128 kv_head=0 worker=0 profiled_total=17435 q_load=5 k_load=199 v_load=172 qk_dot=7 safe_sm=17031 core_acc=13 o_scale=2 o_store=6 kv_dma_issue=0 kv_dma_wait=0 kv_transform=0
FIG8_ATTENTION_TIMERS mode=scna-hmx-fp16-d8-two-pass scna_function=0 scna_kernel=0 scna_pipeline=0 scna_engine=3 profile_version=1 phase=measure iteration=4 lut_exp=0 nonlinear_mode=1 scna_width=8 scna_exp=16927 scna_pack=115 scna_hmx_affine_relu=1702 scna_reduction=1429 scna_unpack=13012 qo_len=16 kv_len=4096 n_heads=12 n_kv_heads=2 head_dim=128 kv_head=1 worker=0 profiled_total=17423 q_load=4 k_load=196 v_load=172 qk_dot=8 safe_sm=17023 core_acc=12 o_scale=2 o_store=6 kv_dma_issue=0 kv_dma_wait=0 kv_transform=0
FIG8_ATTENTION_EVENT_COUNT mode=scna-hmx-fp16-d8-two-pass qo_len=16 phase=measure iteration=4 events=16 max_events=12512 overflow=0
FIG8_ATTENTION_HOST_TIMING mode=scna-hmx-fp16-d8-two-pass scna_function=exp2 scna_kernel=direct scna_pipeline=off scna_width=8 qo_len=16 kv_len=4096 n_heads=12 n_kv_heads=2 head_dim=128 phase=measure iteration=5 host_elapsed_us=35227 ret=0
FIG8_ATTENTION_PROFILE_COUNT mode=scna-hmx-fp16-d8-two-pass qo_len=16 phase=measure iteration=5 records=2 max_records=10
FIG8_ATTENTION_TIMERS mode=scna-hmx-fp16-d8-two-pass scna_function=0 scna_kernel=0 scna_pipeline=0 scna_engine=3 profile_version=1 phase=measure iteration=5 lut_exp=0 nonlinear_mode=1 scna_width=8 scna_exp=16926 scna_pack=114 scna_hmx_affine_relu=1703 scna_reduction=1428 scna_unpack=13012 qo_len=16 kv_len=4096 n_heads=12 n_kv_heads=2 head_dim=128 kv_head=0 worker=0 profiled_total=17407 q_load=5 k_load=182 v_load=163 qk_dot=7 safe_sm=17030 core_acc=12 o_scale=2 o_store=6 kv_dma_issue=0 kv_dma_wait=0 kv_transform=0
FIG8_ATTENTION_TIMERS mode=scna-hmx-fp16-d8-two-pass scna_function=0 scna_kernel=0 scna_pipeline=0 scna_engine=3 profile_version=1 phase=measure iteration=5 lut_exp=0 nonlinear_mode=1 scna_width=8 scna_exp=16927 scna_pack=115 scna_hmx_affine_relu=1701 scna_reduction=1427 scna_unpack=13014 qo_len=16 kv_len=4096 n_heads=12 n_kv_heads=2 head_dim=128 kv_head=1 worker=0 profiled_total=17420 q_load=4 k_load=203 v_load=163 qk_dot=8 safe_sm=17022 core_acc=12 o_scale=2 o_store=6 kv_dma_issue=0 kv_dma_wait=0 kv_transform=0
FIG8_ATTENTION_EVENT_COUNT mode=scna-hmx-fp16-d8-two-pass qo_len=16 phase=measure iteration=5 events=16 max_events=12512 overflow=0
FIG8_ATTENTION_HOST_TIMING mode=scna-hmx-fp16-d8-two-pass scna_function=exp2 scna_kernel=direct scna_pipeline=off scna_width=8 qo_len=16 kv_len=4096 n_heads=12 n_kv_heads=2 head_dim=128 phase=measure iteration=6 host_elapsed_us=35112 ret=0
FIG8_ATTENTION_PROFILE_COUNT mode=scna-hmx-fp16-d8-two-pass qo_len=16 phase=measure iteration=6 records=2 max_records=10
FIG8_ATTENTION_TIMERS mode=scna-hmx-fp16-d8-two-pass scna_function=0 scna_kernel=0 scna_pipeline=0 scna_engine=3 profile_version=1 phase=measure iteration=6 lut_exp=0 nonlinear_mode=1 scna_width=8 scna_exp=16927 scna_pack=117 scna_hmx_affine_relu=1704 scna_reduction=1429 scna_unpack=13013 qo_len=16 kv_len=4096 n_heads=12 n_kv_heads=2 head_dim=128 kv_head=0 worker=0 profiled_total=17401 q_load=5 k_load=180 v_load=159 qk_dot=7 safe_sm=17029 core_acc=13 o_scale=2 o_store=6 kv_dma_issue=0 kv_dma_wait=0 kv_transform=0
FIG8_ATTENTION_TIMERS mode=scna-hmx-fp16-d8-two-pass scna_function=0 scna_kernel=0 scna_pipeline=0 scna_engine=3 profile_version=1 phase=measure iteration=6 lut_exp=0 nonlinear_mode=1 scna_width=8 scna_exp=16926 scna_pack=112 scna_hmx_affine_relu=1700 scna_reduction=1428 scna_unpack=13013 qo_len=16 kv_len=4096 n_heads=12 n_kv_heads=2 head_dim=128 kv_head=1 worker=0 profiled_total=17396 q_load=4 k_load=186 v_load=157 qk_dot=8 safe_sm=17021 core_acc=12 o_scale=2 o_store=6 kv_dma_issue=0 kv_dma_wait=0 kv_transform=0
FIG8_ATTENTION_EVENT_COUNT mode=scna-hmx-fp16-d8-two-pass qo_len=16 phase=measure iteration=6 events=16 max_events=12512 overflow=0
FIG8_ATTENTION_HOST_TIMING mode=scna-hmx-fp16-d8-two-pass scna_function=exp2 scna_kernel=direct scna_pipeline=off scna_width=8 qo_len=16 kv_len=4096 n_heads=12 n_kv_heads=2 head_dim=128 phase=measure iteration=7 host_elapsed_us=35164 ret=0
FIG8_ATTENTION_PROFILE_COUNT mode=scna-hmx-fp16-d8-two-pass qo_len=16 phase=measure iteration=7 records=2 max_records=10
FIG8_ATTENTION_TIMERS mode=scna-hmx-fp16-d8-two-pass scna_function=0 scna_kernel=0 scna_pipeline=0 scna_engine=3 profile_version=1 phase=measure iteration=7 lut_exp=0 nonlinear_mode=1 scna_width=8 scna_exp=16926 scna_pack=114 scna_hmx_affine_relu=1703 scna_reduction=1429 scna_unpack=13012 qo_len=16 kv_len=4096 n_heads=12 n_kv_heads=2 head_dim=128 kv_head=0 worker=0 profiled_total=17386 q_load=5 k_load=167 v_load=156 qk_dot=7 safe_sm=17030 core_acc=13 o_scale=2 o_store=6 kv_dma_issue=0 kv_dma_wait=0 kv_transform=0
FIG8_ATTENTION_TIMERS mode=scna-hmx-fp16-d8-two-pass scna_function=0 scna_kernel=0 scna_pipeline=0 scna_engine=3 profile_version=1 phase=measure iteration=7 lut_exp=0 nonlinear_mode=1 scna_width=8 scna_exp=16926 scna_pack=113 scna_hmx_affine_relu=1701 scna_reduction=1428 scna_unpack=13013 qo_len=16 kv_len=4096 n_heads=12 n_kv_heads=2 head_dim=128 kv_head=1 worker=0 profiled_total=17399 q_load=4 k_load=189 v_load=156 qk_dot=8 safe_sm=17022 core_acc=12 o_scale=2 o_store=6 kv_dma_issue=0 kv_dma_wait=0 kv_transform=0
FIG8_ATTENTION_EVENT_COUNT mode=scna-hmx-fp16-d8-two-pass qo_len=16 phase=measure iteration=7 events=16 max_events=12512 overflow=0
FIG8_ATTENTION_HOST_TIMING mode=scna-hmx-fp16-d8-two-pass scna_function=exp2 scna_kernel=direct scna_pipeline=off scna_width=8 qo_len=16 kv_len=4096 n_heads=12 n_kv_heads=2 head_dim=128 phase=measure iteration=8 host_elapsed_us=35132 ret=0
FIG8_ATTENTION_PROFILE_COUNT mode=scna-hmx-fp16-d8-two-pass qo_len=16 phase=measure iteration=8 records=2 max_records=10
FIG8_ATTENTION_TIMERS mode=scna-hmx-fp16-d8-two-pass scna_function=0 scna_kernel=0 scna_pipeline=0 scna_engine=3 profile_version=1 phase=measure iteration=8 lut_exp=0 nonlinear_mode=1 scna_width=8 scna_exp=16926 scna_pack=112 scna_hmx_affine_relu=1704 scna_reduction=1428 scna_unpack=13013 qo_len=16 kv_len=4096 n_heads=12 n_kv_heads=2 head_dim=128 kv_head=0 worker=0 profiled_total=17384 q_load=5 k_load=168 v_load=154 qk_dot=7 safe_sm=17029 core_acc=13 o_scale=2 o_store=6 kv_dma_issue=0 kv_dma_wait=0 kv_transform=0
FIG8_ATTENTION_TIMERS mode=scna-hmx-fp16-d8-two-pass scna_function=0 scna_kernel=0 scna_pipeline=0 scna_engine=3 profile_version=1 phase=measure iteration=8 lut_exp=0 nonlinear_mode=1 scna_width=8 scna_exp=16927 scna_pack=113 scna_hmx_affine_relu=1701 scna_reduction=1428 scna_unpack=13013 qo_len=16 kv_len=4096 n_heads=12 n_kv_heads=2 head_dim=128 kv_head=1 worker=0 profiled_total=17402 q_load=4 k_load=187 v_load=159 qk_dot=8 safe_sm=17024 core_acc=12 o_scale=2 o_store=6 kv_dma_issue=0 kv_dma_wait=0 kv_transform=0
FIG8_ATTENTION_EVENT_COUNT mode=scna-hmx-fp16-d8-two-pass qo_len=16 phase=measure iteration=8 events=16 max_events=12512 overflow=0
FIG8_ATTENTION_HOST_TIMING mode=scna-hmx-fp16-d8-two-pass scna_function=exp2 scna_kernel=direct scna_pipeline=off scna_width=8 qo_len=16 kv_len=4096 n_heads=12 n_kv_heads=2 head_dim=128 phase=measure iteration=9 host_elapsed_us=35126 ret=0
FIG8_ATTENTION_PROFILE_COUNT mode=scna-hmx-fp16-d8-two-pass qo_len=16 phase=measure iteration=9 records=2 max_records=10
FIG8_ATTENTION_TIMERS mode=scna-hmx-fp16-d8-two-pass scna_function=0 scna_kernel=0 scna_pipeline=0 scna_engine=3 profile_version=1 phase=measure iteration=9 lut_exp=0 nonlinear_mode=1 scna_width=8 scna_exp=16926 scna_pack=112 scna_hmx_affine_relu=1700 scna_reduction=1428 scna_unpack=13012 qo_len=16 kv_len=4096 n_heads=12 n_kv_heads=2 head_dim=128 kv_head=0 worker=0 profiled_total=17384 q_load=5 k_load=184 v_load=143 qk_dot=7 safe_sm=17024 core_acc=13 o_scale=2 o_store=6 kv_dma_issue=0 kv_dma_wait=0 kv_transform=0
FIG8_ATTENTION_TIMERS mode=scna-hmx-fp16-d8-two-pass scna_function=0 scna_kernel=0 scna_pipeline=0 scna_engine=3 profile_version=1 phase=measure iteration=9 lut_exp=0 nonlinear_mode=1 scna_width=8 scna_exp=16926 scna_pack=113 scna_hmx_affine_relu=1699 scna_reduction=1428 scna_unpack=13011 qo_len=16 kv_len=4096 n_heads=12 n_kv_heads=2 head_dim=128 kv_head=1 worker=0 profiled_total=17389 q_load=4 k_load=184 v_load=154 qk_dot=8 safe_sm=17019 core_acc=12 o_scale=2 o_store=6 kv_dma_issue=0 kv_dma_wait=0 kv_transform=0
FIG8_ATTENTION_EVENT_COUNT mode=scna-hmx-fp16-d8-two-pass qo_len=16 phase=measure iteration=9 events=16 max_events=12512 overflow=0
FIG8_ATTENTION_HOST_TIMING mode=scna-hmx-fp16-d8-two-pass scna_function=exp2 scna_kernel=direct scna_pipeline=off scna_width=8 qo_len=16 kv_len=4096 n_heads=12 n_kv_heads=2 head_dim=128 phase=measure iteration=10 host_elapsed_us=35069 ret=0
FIG8_ATTENTION_PROFILE_COUNT mode=scna-hmx-fp16-d8-two-pass qo_len=16 phase=measure iteration=10 records=2 max_records=10
FIG8_ATTENTION_TIMERS mode=scna-hmx-fp16-d8-two-pass scna_function=0 scna_kernel=0 scna_pipeline=0 scna_engine=3 profile_version=1 phase=measure iteration=10 lut_exp=0 nonlinear_mode=1 scna_width=8 scna_exp=16926 scna_pack=114 scna_hmx_affine_relu=1702 scna_reduction=1429 scna_unpack=13014 qo_len=16 kv_len=4096 n_heads=12 n_kv_heads=2 head_dim=128 kv_head=0 worker=0 profiled_total=17380 q_load=5 k_load=166 v_load=152 qk_dot=7 safe_sm=17030 core_acc=13 o_scale=2 o_store=5 kv_dma_issue=0 kv_dma_wait=0 kv_transform=0
FIG8_ATTENTION_TIMERS mode=scna-hmx-fp16-d8-two-pass scna_function=0 scna_kernel=0 scna_pipeline=0 scna_engine=3 profile_version=1 phase=measure iteration=10 lut_exp=0 nonlinear_mode=1 scna_width=8 scna_exp=16927 scna_pack=114 scna_hmx_affine_relu=1701 scna_reduction=1429 scna_unpack=13013 qo_len=16 kv_len=4096 n_heads=12 n_kv_heads=2 head_dim=128 kv_head=1 worker=0 profiled_total=17390 q_load=4 k_load=185 v_load=150 qk_dot=8 safe_sm=17023 core_acc=12 o_scale=2 o_store=6 kv_dma_issue=0 kv_dma_wait=0 kv_transform=0
FIG8_ATTENTION_EVENT_COUNT mode=scna-hmx-fp16-d8-two-pass qo_len=16 phase=measure iteration=10 events=16 max_events=12512 overflow=0
FIG8_ATTENTION_HOST_TIMING mode=scna-hmx-fp16-d8-two-pass scna_function=exp2 scna_kernel=direct scna_pipeline=off scna_width=8 qo_len=16 kv_len=4096 n_heads=12 n_kv_heads=2 head_dim=128 phase=measure iteration=11 host_elapsed_us=35097 ret=0
FIG8_ATTENTION_PROFILE_COUNT mode=scna-hmx-fp16-d8-two-pass qo_len=16 phase=measure iteration=11 records=2 max_records=10
FIG8_ATTENTION_TIMERS mode=scna-hmx-fp16-d8-two-pass scna_function=0 scna_kernel=0 scna_pipeline=0 scna_engine=3 profile_version=1 phase=measure iteration=11 lut_exp=0 nonlinear_mode=1 scna_width=8 scna_exp=16926 scna_pack=114 scna_hmx_affine_relu=1704 scna_reduction=1428 scna_unpack=13013 qo_len=16 kv_len=4096 n_heads=12 n_kv_heads=2 head_dim=128 kv_head=0 worker=0 profiled_total=17376 q_load=4 k_load=165 v_load=153 qk_dot=7 safe_sm=17028 core_acc=13 o_scale=1 o_store=5 kv_dma_issue=0 kv_dma_wait=0 kv_transform=0
FIG8_ATTENTION_TIMERS mode=scna-hmx-fp16-d8-two-pass scna_function=0 scna_kernel=0 scna_pipeline=0 scna_engine=3 profile_version=1 phase=measure iteration=11 lut_exp=0 nonlinear_mode=1 scna_width=8 scna_exp=16926 scna_pack=114 scna_hmx_affine_relu=1701 scna_reduction=1428 scna_unpack=13012 qo_len=16 kv_len=4096 n_heads=12 n_kv_heads=2 head_dim=128 kv_head=1 worker=0 profiled_total=17390 q_load=4 k_load=186 v_load=150 qk_dot=8 safe_sm=17022 core_acc=12 o_scale=2 o_store=6 kv_dma_issue=0 kv_dma_wait=0 kv_transform=0
FIG8_ATTENTION_EVENT_COUNT mode=scna-hmx-fp16-d8-two-pass qo_len=16 phase=measure iteration=11 events=16 max_events=12512 overflow=0
FIG8_ATTENTION_HOST_TIMING mode=scna-hmx-fp16-d8-two-pass scna_function=exp2 scna_kernel=direct scna_pipeline=off scna_width=8 qo_len=16 kv_len=4096 n_heads=12 n_kv_heads=2 head_dim=128 phase=measure iteration=12 host_elapsed_us=35091 ret=0
FIG8_ATTENTION_PROFILE_COUNT mode=scna-hmx-fp16-d8-two-pass qo_len=16 phase=measure iteration=12 records=2 max_records=10
FIG8_ATTENTION_TIMERS mode=scna-hmx-fp16-d8-two-pass scna_function=0 scna_kernel=0 scna_pipeline=0 scna_engine=3 profile_version=1 phase=measure iteration=12 lut_exp=0 nonlinear_mode=1 scna_width=8 scna_exp=16927 scna_pack=112 scna_hmx_affine_relu=1702 scna_reduction=1427 scna_unpack=13012 qo_len=16 kv_len=4096 n_heads=12 n_kv_heads=2 head_dim=128 kv_head=0 worker=0 profiled_total=17377 q_load=4 k_load=165 v_load=152 qk_dot=7 safe_sm=17028 core_acc=14 o_scale=2 o_store=5 kv_dma_issue=0 kv_dma_wait=0 kv_transform=0
FIG8_ATTENTION_TIMERS mode=scna-hmx-fp16-d8-two-pass scna_function=0 scna_kernel=0 scna_pipeline=0 scna_engine=3 profile_version=1 phase=measure iteration=12 lut_exp=0 nonlinear_mode=1 scna_width=8 scna_exp=16926 scna_pack=113 scna_hmx_affine_relu=1702 scna_reduction=1429 scna_unpack=13012 qo_len=16 kv_len=4096 n_heads=12 n_kv_heads=2 head_dim=128 kv_head=1 worker=0 profiled_total=17389 q_load=4 k_load=186 v_load=151 qk_dot=8 safe_sm=17021 core_acc=12 o_scale=2 o_store=5 kv_dma_issue=0 kv_dma_wait=0 kv_transform=0
FIG8_ATTENTION_EVENT_COUNT mode=scna-hmx-fp16-d8-two-pass qo_len=16 phase=measure iteration=12 events=16 max_events=12512 overflow=0
FIG8_ATTENTION_HOST_TIMING mode=scna-hmx-fp16-d8-two-pass scna_function=exp2 scna_kernel=direct scna_pipeline=off scna_width=8 qo_len=16 kv_len=4096 n_heads=12 n_kv_heads=2 head_dim=128 phase=measure iteration=13 host_elapsed_us=35144 ret=0
FIG8_ATTENTION_PROFILE_COUNT mode=scna-hmx-fp16-d8-two-pass qo_len=16 phase=measure iteration=13 records=2 max_records=10
FIG8_ATTENTION_TIMERS mode=scna-hmx-fp16-d8-two-pass scna_function=0 scna_kernel=0 scna_pipeline=0 scna_engine=3 profile_version=1 phase=measure iteration=13 lut_exp=0 nonlinear_mode=1 scna_width=8 scna_exp=16926 scna_pack=115 scna_hmx_affine_relu=1702 scna_reduction=1427 scna_unpack=13012 qo_len=16 kv_len=4096 n_heads=12 n_kv_heads=2 head_dim=128 kv_head=0 worker=0 profiled_total=17375 q_load=4 k_load=165 v_load=150 qk_dot=7 safe_sm=17030 core_acc=13 o_scale=1 o_store=5 kv_dma_issue=0 kv_dma_wait=0 kv_transform=0
FIG8_ATTENTION_TIMERS mode=scna-hmx-fp16-d8-two-pass scna_function=0 scna_kernel=0 scna_pipeline=0 scna_engine=3 profile_version=1 phase=measure iteration=13 lut_exp=0 nonlinear_mode=1 scna_width=8 scna_exp=16926 scna_pack=114 scna_hmx_affine_relu=1702 scna_reduction=1429 scna_unpack=13012 qo_len=16 kv_len=4096 n_heads=12 n_kv_heads=2 head_dim=128 kv_head=1 worker=0 profiled_total=17387 q_load=4 k_load=183 v_load=152 qk_dot=8 safe_sm=17021 core_acc=12 o_scale=2 o_store=5 kv_dma_issue=0 kv_dma_wait=0 kv_transform=0
FIG8_ATTENTION_EVENT_COUNT mode=scna-hmx-fp16-d8-two-pass qo_len=16 phase=measure iteration=13 events=16 max_events=12512 overflow=0
FIG8_ATTENTION_HOST_TIMING mode=scna-hmx-fp16-d8-two-pass scna_function=exp2 scna_kernel=direct scna_pipeline=off scna_width=8 qo_len=16 kv_len=4096 n_heads=12 n_kv_heads=2 head_dim=128 phase=measure iteration=14 host_elapsed_us=35064 ret=0
FIG8_ATTENTION_PROFILE_COUNT mode=scna-hmx-fp16-d8-two-pass qo_len=16 phase=measure iteration=14 records=2 max_records=10
FIG8_ATTENTION_TIMERS mode=scna-hmx-fp16-d8-two-pass scna_function=0 scna_kernel=0 scna_pipeline=0 scna_engine=3 profile_version=1 phase=measure iteration=14 lut_exp=0 nonlinear_mode=1 scna_width=8 scna_exp=16926 scna_pack=113 scna_hmx_affine_relu=1702 scna_reduction=1428 scna_unpack=13013 qo_len=16 kv_len=4096 n_heads=12 n_kv_heads=2 head_dim=128 kv_head=0 worker=0 profiled_total=17372 q_load=4 k_load=164 v_load=152 qk_dot=7 safe_sm=17026 core_acc=12 o_scale=1 o_store=6 kv_dma_issue=0 kv_dma_wait=0 kv_transform=0
FIG8_ATTENTION_TIMERS mode=scna-hmx-fp16-d8-two-pass scna_function=0 scna_kernel=0 scna_pipeline=0 scna_engine=3 profile_version=1 phase=measure iteration=14 lut_exp=0 nonlinear_mode=1 scna_width=8 scna_exp=16926 scna_pack=114 scna_hmx_affine_relu=1703 scna_reduction=1428 scna_unpack=13013 qo_len=16 kv_len=4096 n_heads=12 n_kv_heads=2 head_dim=128 kv_head=1 worker=0 profiled_total=17378 q_load=4 k_load=177 v_load=149 qk_dot=8 safe_sm=17021 core_acc=12 o_scale=2 o_store=5 kv_dma_issue=0 kv_dma_wait=0 kv_transform=0
FIG8_ATTENTION_EVENT_COUNT mode=scna-hmx-fp16-d8-two-pass qo_len=16 phase=measure iteration=14 events=16 max_events=12512 overflow=0
FIG8_ATTENTION_HOST_TIMING mode=scna-hmx-fp16-d8-two-pass scna_function=exp2 scna_kernel=direct scna_pipeline=off scna_width=8 qo_len=16 kv_len=4096 n_heads=12 n_kv_heads=2 head_dim=128 phase=measure iteration=15 host_elapsed_us=35083 ret=0
FIG8_ATTENTION_PROFILE_COUNT mode=scna-hmx-fp16-d8-two-pass qo_len=16 phase=measure iteration=15 records=2 max_records=10
FIG8_ATTENTION_TIMERS mode=scna-hmx-fp16-d8-two-pass scna_function=0 scna_kernel=0 scna_pipeline=0 scna_engine=3 profile_version=1 phase=measure iteration=15 lut_exp=0 nonlinear_mode=1 scna_width=8 scna_exp=16927 scna_pack=115 scna_hmx_affine_relu=1702 scna_reduction=1428 scna_unpack=13012 qo_len=16 kv_len=4096 n_heads=12 n_kv_heads=2 head_dim=128 kv_head=0 worker=0 profiled_total=17388 q_load=5 k_load=178 v_load=148 qk_dot=7 safe_sm=17031 core_acc=12 o_scale=2 o_store=5 kv_dma_issue=0 kv_dma_wait=0 kv_transform=0
FIG8_ATTENTION_TIMERS mode=scna-hmx-fp16-d8-two-pass scna_function=0 scna_kernel=0 scna_pipeline=0 scna_engine=3 profile_version=1 phase=measure iteration=15 lut_exp=0 nonlinear_mode=1 scna_width=8 scna_exp=16926 scna_pack=113 scna_hmx_affine_relu=1704 scna_reduction=1429 scna_unpack=13012 qo_len=16 kv_len=4096 n_heads=12 n_kv_heads=2 head_dim=128 kv_head=1 worker=0 profiled_total=17387 q_load=4 k_load=185 v_load=150 qk_dot=8 safe_sm=17021 core_acc=12 o_scale=2 o_store=5 kv_dma_issue=0 kv_dma_wait=0 kv_transform=0
FIG8_ATTENTION_EVENT_COUNT mode=scna-hmx-fp16-d8-two-pass qo_len=16 phase=measure iteration=15 events=16 max_events=12512 overflow=0
FIG8_ATTENTION_HOST_TIMING mode=scna-hmx-fp16-d8-two-pass scna_function=exp2 scna_kernel=direct scna_pipeline=off scna_width=8 qo_len=16 kv_len=4096 n_heads=12 n_kv_heads=2 head_dim=128 phase=measure iteration=16 host_elapsed_us=35003 ret=0
FIG8_ATTENTION_PROFILE_COUNT mode=scna-hmx-fp16-d8-two-pass qo_len=16 phase=measure iteration=16 records=2 max_records=10
FIG8_ATTENTION_TIMERS mode=scna-hmx-fp16-d8-two-pass scna_function=0 scna_kernel=0 scna_pipeline=0 scna_engine=3 profile_version=1 phase=measure iteration=16 lut_exp=0 nonlinear_mode=1 scna_width=8 scna_exp=16927 scna_pack=112 scna_hmx_affine_relu=1702 scna_reduction=1427 scna_unpack=13014 qo_len=16 kv_len=4096 n_heads=12 n_kv_heads=2 head_dim=128 kv_head=0 worker=0 profiled_total=17362 q_load=5 k_load=165 v_load=141 qk_dot=7 safe_sm=17024 core_acc=12 o_scale=2 o_store=6 kv_dma_issue=0 kv_dma_wait=0 kv_transform=0
FIG8_ATTENTION_TIMERS mode=scna-hmx-fp16-d8-two-pass scna_function=0 scna_kernel=0 scna_pipeline=0 scna_engine=3 profile_version=1 phase=measure iteration=16 lut_exp=0 nonlinear_mode=1 scna_width=8 scna_exp=16926 scna_pack=114 scna_hmx_affine_relu=1703 scna_reduction=1428 scna_unpack=13012 qo_len=16 kv_len=4096 n_heads=12 n_kv_heads=2 head_dim=128 kv_head=1 worker=0 profiled_total=17334 q_load=4 k_load=158 v_load=131 qk_dot=8 safe_sm=17014 core_acc=12 o_scale=2 o_store=5 kv_dma_issue=0 kv_dma_wait=0 kv_transform=0
FIG8_ATTENTION_EVENT_COUNT mode=scna-hmx-fp16-d8-two-pass qo_len=16 phase=measure iteration=16 events=16 max_events=12512 overflow=0
FIG8_ATTENTION_HOST_TIMING mode=scna-hmx-fp16-d8-two-pass scna_function=exp2 scna_kernel=direct scna_pipeline=off scna_width=8 qo_len=16 kv_len=4096 n_heads=12 n_kv_heads=2 head_dim=128 phase=measure iteration=17 host_elapsed_us=35055 ret=0
FIG8_ATTENTION_PROFILE_COUNT mode=scna-hmx-fp16-d8-two-pass qo_len=16 phase=measure iteration=17 records=2 max_records=10
FIG8_ATTENTION_TIMERS mode=scna-hmx-fp16-d8-two-pass scna_function=0 scna_kernel=0 scna_pipeline=0 scna_engine=3 profile_version=1 phase=measure iteration=17 lut_exp=0 nonlinear_mode=1 scna_width=8 scna_exp=16926 scna_pack=114 scna_hmx_affine_relu=1701 scna_reduction=1428 scna_unpack=13011 qo_len=16 kv_len=4096 n_heads=12 n_kv_heads=2 head_dim=128 kv_head=0 worker=0 profiled_total=17363 q_load=5 k_load=157 v_load=146 qk_dot=7 safe_sm=17027 core_acc=13 o_scale=2 o_store=6 kv_dma_issue=0 kv_dma_wait=0 kv_transform=0
FIG8_ATTENTION_TIMERS mode=scna-hmx-fp16-d8-two-pass scna_function=0 scna_kernel=0 scna_pipeline=0 scna_engine=3 profile_version=1 phase=measure iteration=17 lut_exp=0 nonlinear_mode=1 scna_width=8 scna_exp=16926 scna_pack=115 scna_hmx_affine_relu=1701 scna_reduction=1429 scna_unpack=13011 qo_len=16 kv_len=4096 n_heads=12 n_kv_heads=2 head_dim=128 kv_head=1 worker=0 profiled_total=17372 q_load=4 k_load=177 v_load=143 qk_dot=8 safe_sm=17020 core_acc=12 o_scale=2 o_store=6 kv_dma_issue=0 kv_dma_wait=0 kv_transform=0
FIG8_ATTENTION_EVENT_COUNT mode=scna-hmx-fp16-d8-two-pass qo_len=16 phase=measure iteration=17 events=16 max_events=12512 overflow=0
FIG8_ATTENTION_HOST_TIMING mode=scna-hmx-fp16-d8-two-pass scna_function=exp2 scna_kernel=direct scna_pipeline=off scna_width=8 qo_len=16 kv_len=4096 n_heads=12 n_kv_heads=2 head_dim=128 phase=measure iteration=18 host_elapsed_us=35035 ret=0
FIG8_ATTENTION_PROFILE_COUNT mode=scna-hmx-fp16-d8-two-pass qo_len=16 phase=measure iteration=18 records=2 max_records=10
FIG8_ATTENTION_TIMERS mode=scna-hmx-fp16-d8-two-pass scna_function=0 scna_kernel=0 scna_pipeline=0 scna_engine=3 profile_version=1 phase=measure iteration=18 lut_exp=0 nonlinear_mode=1 scna_width=8 scna_exp=16926 scna_pack=111 scna_hmx_affine_relu=1702 scna_reduction=1427 scna_unpack=13011 qo_len=16 kv_len=4096 n_heads=12 n_kv_heads=2 head_dim=128 kv_head=0 worker=0 profiled_total=17354 q_load=5 k_load=156 v_load=143 qk_dot=7 safe_sm=17023 core_acc=13 o_scale=2 o_store=5 kv_dma_issue=0 kv_dma_wait=0 kv_transform=0
FIG8_ATTENTION_TIMERS mode=scna-hmx-fp16-d8-two-pass scna_function=0 scna_kernel=0 scna_pipeline=0 scna_engine=3 profile_version=1 phase=measure iteration=18 lut_exp=0 nonlinear_mode=1 scna_width=8 scna_exp=16926 scna_pack=112 scna_hmx_affine_relu=1701 scna_reduction=1428 scna_unpack=13011 qo_len=16 kv_len=4096 n_heads=12 n_kv_heads=2 head_dim=128 kv_head=1 worker=0 profiled_total=17355 q_load=4 k_load=160 v_load=147 qk_dot=8 safe_sm=17017 core_acc=11 o_scale=2 o_store=6 kv_dma_issue=0 kv_dma_wait=0 kv_transform=0
FIG8_ATTENTION_EVENT_COUNT mode=scna-hmx-fp16-d8-two-pass qo_len=16 phase=measure iteration=18 events=16 max_events=12512 overflow=0
FIG8_ATTENTION_HOST_TIMING mode=scna-hmx-fp16-d8-two-pass scna_function=exp2 scna_kernel=direct scna_pipeline=off scna_width=8 qo_len=16 kv_len=4096 n_heads=12 n_kv_heads=2 head_dim=128 phase=measure iteration=19 host_elapsed_us=35044 ret=0
FIG8_ATTENTION_PROFILE_COUNT mode=scna-hmx-fp16-d8-two-pass qo_len=16 phase=measure iteration=19 records=2 max_records=10
FIG8_ATTENTION_TIMERS mode=scna-hmx-fp16-d8-two-pass scna_function=0 scna_kernel=0 scna_pipeline=0 scna_engine=3 profile_version=1 phase=measure iteration=19 lut_exp=0 nonlinear_mode=1 scna_width=8 scna_exp=16926 scna_pack=114 scna_hmx_affine_relu=1703 scna_reduction=1427 scna_unpack=13014 qo_len=16 kv_len=4096 n_heads=12 n_kv_heads=2 head_dim=128 kv_head=0 worker=0 profiled_total=17335 q_load=5 k_load=148 v_load=127 qk_dot=7 safe_sm=17028 core_acc=12 o_scale=2 o_store=6 kv_dma_issue=0 kv_dma_wait=0 kv_transform=0
FIG8_ATTENTION_TIMERS mode=scna-hmx-fp16-d8-two-pass scna_function=0 scna_kernel=0 scna_pipeline=0 scna_engine=3 profile_version=1 phase=measure iteration=19 lut_exp=0 nonlinear_mode=1 scna_width=8 scna_exp=16926 scna_pack=115 scna_hmx_affine_relu=1702 scna_reduction=1430 scna_unpack=13011 qo_len=16 kv_len=4096 n_heads=12 n_kv_heads=2 head_dim=128 kv_head=1 worker=0 profiled_total=17334 q_load=4 k_load=156 v_load=129 qk_dot=8 safe_sm=17017 core_acc=12 o_scale=2 o_store=6 kv_dma_issue=0 kv_dma_wait=0 kv_transform=0
FIG8_ATTENTION_EVENT_COUNT mode=scna-hmx-fp16-d8-two-pass qo_len=16 phase=measure iteration=19 events=16 max_events=12512 overflow=0
