alloc_shared_mem_buf: buf=0x7510080000 fd=15 size=98304 flags=FASTRPC_MAP_FD
alloc_shared_mem_buf: buf=0x7274400000 fd=16 size=2097152 flags=FASTRPC_MAP_FD
alloc_shared_mem_buf: buf=0x7274200000 fd=17 size=2097152 flags=FASTRPC_MAP_FD
alloc_shared_mem_buf: buf=0x7510020000 fd=18 size=98304 flags=FASTRPC_MAP_FD
alloc_shared_mem_buf: buf=0x750d1e0000 fd=19 size=131072 flags=FASTRPC_MAP_FD
alloc_shared_mem_buf: buf=0x72746d0000 fd=20 size=903296 flags=FASTRPC_MAP_FD
alloc_shared_mem_buf: buf=0x75103ff000 fd=21 size=4096 flags=FASTRPC_MAP_FD
No-op channel request completed
FIG8_ATTENTION_CONFIG mode=scna-hvx-fp16-d8 scna_function=exp2 scna_kernel=direct scna_pipeline=off mask_mode=full qo_len=16 kv_len=4096 n_heads=12 n_kv_heads=2 head_dim=128 warmup=5 iters=20 scna_width=8 q_size=98304 kv_size=2097152 mask_size=131072 profile_size=903296 profile_max_records=10 profile_max_events=12512 mode_flags=20 print_events=0
FIG8_ATTENTION_HOST_TIMING mode=scna-hvx-fp16-d8 scna_function=exp2 scna_kernel=direct scna_pipeline=off scna_width=8 qo_len=16 kv_len=4096 n_heads=12 n_kv_heads=2 head_dim=128 phase=warmup iteration=0 host_elapsed_us=1981 ret=0
FIG8_ATTENTION_PROFILE_COUNT mode=scna-hvx-fp16-d8 qo_len=16 phase=warmup iteration=0 records=2 max_records=10
FIG8_ATTENTION_TIMERS mode=scna-hvx-fp16-d8 scna_function=0 scna_kernel=0 scna_pipeline=0 scna_engine=1 profile_version=1 phase=warmup iteration=0 lut_exp=0 nonlinear_mode=1 scna_width=8 scna_exp=388 scna_pack=0 scna_hmx_affine_relu=0 scna_reduction=0 scna_unpack=0 qo_len=16 kv_len=4096 n_heads=12 n_kv_heads=2 head_dim=128 kv_head=0 worker=0 profiled_total=850 q_load=5 k_load=199 v_load=145 qk_dot=6 safe_sm=477 core_acc=7 o_scale=3 o_store=8 kv_dma_issue=0 kv_dma_wait=0 kv_transform=0
FIG8_ATTENTION_TIMERS mode=scna-hvx-fp16-d8 scna_function=0 scna_kernel=0 scna_pipeline=0 scna_engine=1 profile_version=1 phase=warmup iteration=0 lut_exp=0 nonlinear_mode=1 scna_width=8 scna_exp=386 scna_pack=0 scna_hmx_affine_relu=0 scna_reduction=0 scna_unpack=0 qo_len=16 kv_len=4096 n_heads=12 n_kv_heads=2 head_dim=128 kv_head=1 worker=0 profiled_total=832 q_load=4 k_load=190 v_load=144 qk_dot=7 safe_sm=474 core_acc=5 o_scale=2 o_store=6 kv_dma_issue=0 kv_dma_wait=0 kv_transform=0
FIG8_ATTENTION_EVENT_COUNT mode=scna-hvx-fp16-d8 qo_len=16 phase=warmup iteration=0 events=16 max_events=12512 overflow=0
FIG8_ATTENTION_HOST_TIMING mode=scna-hvx-fp16-d8 scna_function=exp2 scna_kernel=direct scna_pipeline=off scna_width=8 qo_len=16 kv_len=4096 n_heads=12 n_kv_heads=2 head_dim=128 phase=warmup iteration=1 host_elapsed_us=1864 ret=0
FIG8_ATTENTION_PROFILE_COUNT mode=scna-hvx-fp16-d8 qo_len=16 phase=warmup iteration=1 records=2 max_records=10
FIG8_ATTENTION_TIMERS mode=scna-hvx-fp16-d8 scna_function=0 scna_kernel=0 scna_pipeline=0 scna_engine=1 profile_version=1 phase=warmup iteration=1 lut_exp=0 nonlinear_mode=1 scna_width=8 scna_exp=378 scna_pack=0 scna_hmx_affine_relu=0 scna_reduction=0 scna_unpack=0 qo_len=16 kv_len=4096 n_heads=12 n_kv_heads=2 head_dim=128 kv_head=0 worker=0 profiled_total=789 q_load=4 k_load=158 v_load=144 qk_dot=6 safe_sm=465 core_acc=5 o_scale=1 o_store=6 kv_dma_issue=0 kv_dma_wait=0 kv_transform=0
FIG8_ATTENTION_TIMERS mode=scna-hvx-fp16-d8 scna_function=0 scna_kernel=0 scna_pipeline=0 scna_engine=1 profile_version=1 phase=warmup iteration=1 lut_exp=0 nonlinear_mode=1 scna_width=8 scna_exp=379 scna_pack=0 scna_hmx_affine_relu=0 scna_reduction=0 scna_unpack=0 qo_len=16 kv_len=4096 n_heads=12 n_kv_heads=2 head_dim=128 kv_head=1 worker=0 profiled_total=791 q_load=4 k_load=162 v_load=144 qk_dot=6 safe_sm=462 core_acc=5 o_scale=2 o_store=6 kv_dma_issue=0 kv_dma_wait=0 kv_transform=0
FIG8_ATTENTION_EVENT_COUNT mode=scna-hvx-fp16-d8 qo_len=16 phase=warmup iteration=1 events=16 max_events=12512 overflow=0
FIG8_ATTENTION_HOST_TIMING mode=scna-hvx-fp16-d8 scna_function=exp2 scna_kernel=direct scna_pipeline=off scna_width=8 qo_len=16 kv_len=4096 n_heads=12 n_kv_heads=2 head_dim=128 phase=warmup iteration=2 host_elapsed_us=1914 ret=0
FIG8_ATTENTION_PROFILE_COUNT mode=scna-hvx-fp16-d8 qo_len=16 phase=warmup iteration=2 records=2 max_records=10
FIG8_ATTENTION_TIMERS mode=scna-hvx-fp16-d8 scna_function=0 scna_kernel=0 scna_pipeline=0 scna_engine=1 profile_version=1 phase=warmup iteration=2 lut_exp=0 nonlinear_mode=1 scna_width=8 scna_exp=378 scna_pack=0 scna_hmx_affine_relu=0 scna_reduction=0 scna_unpack=0 qo_len=16 kv_len=4096 n_heads=12 n_kv_heads=2 head_dim=128 kv_head=0 worker=0 profiled_total=802 q_load=4 k_load=157 v_load=159 qk_dot=6 safe_sm=464 core_acc=5 o_scale=1 o_store=6 kv_dma_issue=0 kv_dma_wait=0 kv_transform=0
FIG8_ATTENTION_TIMERS mode=scna-hvx-fp16-d8 scna_function=0 scna_kernel=0 scna_pipeline=0 scna_engine=1 profile_version=1 phase=warmup iteration=2 lut_exp=0 nonlinear_mode=1 scna_width=8 scna_exp=379 scna_pack=0 scna_hmx_affine_relu=0 scna_reduction=0 scna_unpack=0 qo_len=16 kv_len=4096 n_heads=12 n_kv_heads=2 head_dim=128 kv_head=1 worker=0 profiled_total=845 q_load=4 k_load=191 v_load=167 qk_dot=6 safe_sm=465 core_acc=5 o_scale=1 o_store=6 kv_dma_issue=0 kv_dma_wait=0 kv_transform=0
FIG8_ATTENTION_EVENT_COUNT mode=scna-hvx-fp16-d8 qo_len=16 phase=warmup iteration=2 events=16 max_events=12512 overflow=0
FIG8_ATTENTION_HOST_TIMING mode=scna-hvx-fp16-d8 scna_function=exp2 scna_kernel=direct scna_pipeline=off scna_width=8 qo_len=16 kv_len=4096 n_heads=12 n_kv_heads=2 head_dim=128 phase=warmup iteration=3 host_elapsed_us=1940 ret=0
FIG8_ATTENTION_PROFILE_COUNT mode=scna-hvx-fp16-d8 qo_len=16 phase=warmup iteration=3 records=2 max_records=10
FIG8_ATTENTION_TIMERS mode=scna-hvx-fp16-d8 scna_function=0 scna_kernel=0 scna_pipeline=0 scna_engine=1 profile_version=1 phase=warmup iteration=3 lut_exp=0 nonlinear_mode=1 scna_width=8 scna_exp=378 scna_pack=0 scna_hmx_affine_relu=0 scna_reduction=0 scna_unpack=0 qo_len=16 kv_len=4096 n_heads=12 n_kv_heads=2 head_dim=128 kv_head=0 worker=0 profiled_total=825 q_load=4 k_load=171 v_load=161 qk_dot=6 safe_sm=471 core_acc=5 o_scale=1 o_store=6 kv_dma_issue=0 kv_dma_wait=0 kv_transform=0
FIG8_ATTENTION_TIMERS mode=scna-hvx-fp16-d8 scna_function=0 scna_kernel=0 scna_pipeline=0 scna_engine=1 profile_version=1 phase=warmup iteration=3 lut_exp=0 nonlinear_mode=1 scna_width=8 scna_exp=379 scna_pack=0 scna_hmx_affine_relu=0 scna_reduction=0 scna_unpack=0 qo_len=16 kv_len=4096 n_heads=12 n_kv_heads=2 head_dim=128 kv_head=1 worker=0 profiled_total=848 q_load=4 k_load=190 v_load=168 qk_dot=6 safe_sm=468 core_acc=5 o_scale=1 o_store=6 kv_dma_issue=0 kv_dma_wait=0 kv_transform=0
FIG8_ATTENTION_EVENT_COUNT mode=scna-hvx-fp16-d8 qo_len=16 phase=warmup iteration=3 events=16 max_events=12512 overflow=0
FIG8_ATTENTION_HOST_TIMING mode=scna-hvx-fp16-d8 scna_function=exp2 scna_kernel=direct scna_pipeline=off scna_width=8 qo_len=16 kv_len=4096 n_heads=12 n_kv_heads=2 head_dim=128 phase=warmup iteration=4 host_elapsed_us=2048 ret=0
FIG8_ATTENTION_PROFILE_COUNT mode=scna-hvx-fp16-d8 qo_len=16 phase=warmup iteration=4 records=2 max_records=10
FIG8_ATTENTION_TIMERS mode=scna-hvx-fp16-d8 scna_function=0 scna_kernel=0 scna_pipeline=0 scna_engine=1 profile_version=1 phase=warmup iteration=4 lut_exp=0 nonlinear_mode=1 scna_width=8 scna_exp=378 scna_pack=0 scna_hmx_affine_relu=0 scna_reduction=0 scna_unpack=0 qo_len=16 kv_len=4096 n_heads=12 n_kv_heads=2 head_dim=128 kv_head=0 worker=0 profiled_total=832 q_load=4 k_load=181 v_load=159 qk_dot=6 safe_sm=470 core_acc=5 o_scale=1 o_store=6 kv_dma_issue=0 kv_dma_wait=0 kv_transform=0
FIG8_ATTENTION_TIMERS mode=scna-hvx-fp16-d8 scna_function=0 scna_kernel=0 scna_pipeline=0 scna_engine=1 profile_version=1 phase=warmup iteration=4 lut_exp=0 nonlinear_mode=1 scna_width=8 scna_exp=379 scna_pack=0 scna_hmx_affine_relu=0 scna_reduction=0 scna_unpack=0 qo_len=16 kv_len=4096 n_heads=12 n_kv_heads=2 head_dim=128 kv_head=1 worker=0 profiled_total=847 q_load=4 k_load=194 v_load=164 qk_dot=6 safe_sm=467 core_acc=5 o_scale=1 o_store=6 kv_dma_issue=0 kv_dma_wait=0 kv_transform=0
FIG8_ATTENTION_EVENT_COUNT mode=scna-hvx-fp16-d8 qo_len=16 phase=warmup iteration=4 events=16 max_events=12512 overflow=0
FIG8_ATTENTION_HOST_TIMING mode=scna-hvx-fp16-d8 scna_function=exp2 scna_kernel=direct scna_pipeline=off scna_width=8 qo_len=16 kv_len=4096 n_heads=12 n_kv_heads=2 head_dim=128 phase=measure iteration=0 host_elapsed_us=2050 ret=0
FIG8_ATTENTION_PROFILE_COUNT mode=scna-hvx-fp16-d8 qo_len=16 phase=measure iteration=0 records=2 max_records=10
FIG8_ATTENTION_TIMERS mode=scna-hvx-fp16-d8 scna_function=0 scna_kernel=0 scna_pipeline=0 scna_engine=1 profile_version=1 phase=measure iteration=0 lut_exp=0 nonlinear_mode=1 scna_width=8 scna_exp=378 scna_pack=0 scna_hmx_affine_relu=0 scna_reduction=0 scna_unpack=0 qo_len=16 kv_len=4096 n_heads=12 n_kv_heads=2 head_dim=128 kv_head=0 worker=0 profiled_total=832 q_load=4 k_load=176 v_load=162 qk_dot=6 safe_sm=472 core_acc=5 o_scale=1 o_store=6 kv_dma_issue=0 kv_dma_wait=0 kv_transform=0
FIG8_ATTENTION_TIMERS mode=scna-hvx-fp16-d8 scna_function=0 scna_kernel=0 scna_pipeline=0 scna_engine=1 profile_version=1 phase=measure iteration=0 lut_exp=0 nonlinear_mode=1 scna_width=8 scna_exp=379 scna_pack=0 scna_hmx_affine_relu=0 scna_reduction=0 scna_unpack=0 qo_len=16 kv_len=4096 n_heads=12 n_kv_heads=2 head_dim=128 kv_head=1 worker=0 profiled_total=847 q_load=4 k_load=193 v_load=164 qk_dot=6 safe_sm=467 core_acc=5 o_scale=2 o_store=6 kv_dma_issue=0 kv_dma_wait=0 kv_transform=0
FIG8_ATTENTION_EVENT_COUNT mode=scna-hvx-fp16-d8 qo_len=16 phase=measure iteration=0 events=16 max_events=12512 overflow=0
FIG8_ATTENTION_HOST_TIMING mode=scna-hvx-fp16-d8 scna_function=exp2 scna_kernel=direct scna_pipeline=off scna_width=8 qo_len=16 kv_len=4096 n_heads=12 n_kv_heads=2 head_dim=128 phase=measure iteration=1 host_elapsed_us=1890 ret=0
FIG8_ATTENTION_PROFILE_COUNT mode=scna-hvx-fp16-d8 qo_len=16 phase=measure iteration=1 records=2 max_records=10
FIG8_ATTENTION_TIMERS mode=scna-hvx-fp16-d8 scna_function=0 scna_kernel=0 scna_pipeline=0 scna_engine=1 profile_version=1 phase=measure iteration=1 lut_exp=0 nonlinear_mode=1 scna_width=8 scna_exp=378 scna_pack=0 scna_hmx_affine_relu=0 scna_reduction=0 scna_unpack=0 qo_len=16 kv_len=4096 n_heads=12 n_kv_heads=2 head_dim=128 kv_head=0 worker=0 profiled_total=795 q_load=4 k_load=173 v_load=136 qk_dot=6 safe_sm=464 core_acc=5 o_scale=1 o_store=6 kv_dma_issue=0 kv_dma_wait=0 kv_transform=0
FIG8_ATTENTION_TIMERS mode=scna-hvx-fp16-d8 scna_function=0 scna_kernel=0 scna_pipeline=0 scna_engine=1 profile_version=1 phase=measure iteration=1 lut_exp=0 nonlinear_mode=1 scna_width=8 scna_exp=379 scna_pack=0 scna_hmx_affine_relu=0 scna_reduction=0 scna_unpack=0 qo_len=16 kv_len=4096 n_heads=12 n_kv_heads=2 head_dim=128 kv_head=1 worker=0 profiled_total=805 q_load=4 k_load=164 v_load=155 qk_dot=6 safe_sm=463 core_acc=5 o_scale=2 o_store=6 kv_dma_issue=0 kv_dma_wait=0 kv_transform=0
FIG8_ATTENTION_EVENT_COUNT mode=scna-hvx-fp16-d8 qo_len=16 phase=measure iteration=1 events=16 max_events=12512 overflow=0
FIG8_ATTENTION_HOST_TIMING mode=scna-hvx-fp16-d8 scna_function=exp2 scna_kernel=direct scna_pipeline=off scna_width=8 qo_len=16 kv_len=4096 n_heads=12 n_kv_heads=2 head_dim=128 phase=measure iteration=2 host_elapsed_us=1917 ret=0
FIG8_ATTENTION_PROFILE_COUNT mode=scna-hvx-fp16-d8 qo_len=16 phase=measure iteration=2 records=2 max_records=10
FIG8_ATTENTION_TIMERS mode=scna-hvx-fp16-d8 scna_function=0 scna_kernel=0 scna_pipeline=0 scna_engine=1 profile_version=1 phase=measure iteration=2 lut_exp=0 nonlinear_mode=1 scna_width=8 scna_exp=378 scna_pack=0 scna_hmx_affine_relu=0 scna_reduction=0 scna_unpack=0 qo_len=16 kv_len=4096 n_heads=12 n_kv_heads=2 head_dim=128 kv_head=0 worker=0 profiled_total=788 q_load=4 k_load=165 v_load=135 qk_dot=6 safe_sm=466 core_acc=5 o_scale=1 o_store=6 kv_dma_issue=0 kv_dma_wait=0 kv_transform=0
FIG8_ATTENTION_TIMERS mode=scna-hvx-fp16-d8 scna_function=0 scna_kernel=0 scna_pipeline=0 scna_engine=1 profile_version=1 phase=measure iteration=2 lut_exp=0 nonlinear_mode=1 scna_width=8 scna_exp=379 scna_pack=0 scna_hmx_affine_relu=0 scna_reduction=0 scna_unpack=0 qo_len=16 kv_len=4096 n_heads=12 n_kv_heads=2 head_dim=128 kv_head=1 worker=0 profiled_total=833 q_load=4 k_load=184 v_load=162 qk_dot=6 safe_sm=465 core_acc=5 o_scale=1 o_store=6 kv_dma_issue=0 kv_dma_wait=0 kv_transform=0
FIG8_ATTENTION_EVENT_COUNT mode=scna-hvx-fp16-d8 qo_len=16 phase=measure iteration=2 events=16 max_events=12512 overflow=0
FIG8_ATTENTION_HOST_TIMING mode=scna-hvx-fp16-d8 scna_function=exp2 scna_kernel=direct scna_pipeline=off scna_width=8 qo_len=16 kv_len=4096 n_heads=12 n_kv_heads=2 head_dim=128 phase=measure iteration=3 host_elapsed_us=1946 ret=0
FIG8_ATTENTION_PROFILE_COUNT mode=scna-hvx-fp16-d8 qo_len=16 phase=measure iteration=3 records=2 max_records=10
FIG8_ATTENTION_TIMERS mode=scna-hvx-fp16-d8 scna_function=0 scna_kernel=0 scna_pipeline=0 scna_engine=1 profile_version=1 phase=measure iteration=3 lut_exp=0 nonlinear_mode=1 scna_width=8 scna_exp=378 scna_pack=0 scna_hmx_affine_relu=0 scna_reduction=0 scna_unpack=0 qo_len=16 kv_len=4096 n_heads=12 n_kv_heads=2 head_dim=128 kv_head=0 worker=0 profiled_total=816 q_load=4 k_load=162 v_load=163 qk_dot=6 safe_sm=469 core_acc=5 o_scale=1 o_store=6 kv_dma_issue=0 kv_dma_wait=0 kv_transform=0
FIG8_ATTENTION_TIMERS mode=scna-hvx-fp16-d8 scna_function=0 scna_kernel=0 scna_pipeline=0 scna_engine=1 profile_version=1 phase=measure iteration=3 lut_exp=0 nonlinear_mode=1 scna_width=8 scna_exp=379 scna_pack=0 scna_hmx_affine_relu=0 scna_reduction=0 scna_unpack=0 qo_len=16 kv_len=4096 n_heads=12 n_kv_heads=2 head_dim=128 kv_head=1 worker=0 profiled_total=833 q_load=4 k_load=180 v_load=162 qk_dot=6 safe_sm=468 core_acc=5 o_scale=2 o_store=6 kv_dma_issue=0 kv_dma_wait=0 kv_transform=0
FIG8_ATTENTION_EVENT_COUNT mode=scna-hvx-fp16-d8 qo_len=16 phase=measure iteration=3 events=16 max_events=12512 overflow=0
FIG8_ATTENTION_HOST_TIMING mode=scna-hvx-fp16-d8 scna_function=exp2 scna_kernel=direct scna_pipeline=off scna_width=8 qo_len=16 kv_len=4096 n_heads=12 n_kv_heads=2 head_dim=128 phase=measure iteration=4 host_elapsed_us=1938 ret=0
FIG8_ATTENTION_PROFILE_COUNT mode=scna-hvx-fp16-d8 qo_len=16 phase=measure iteration=4 records=2 max_records=10
FIG8_ATTENTION_TIMERS mode=scna-hvx-fp16-d8 scna_function=0 scna_kernel=0 scna_pipeline=0 scna_engine=1 profile_version=1 phase=measure iteration=4 lut_exp=0 nonlinear_mode=1 scna_width=8 scna_exp=378 scna_pack=0 scna_hmx_affine_relu=0 scna_reduction=0 scna_unpack=0 qo_len=16 kv_len=4096 n_heads=12 n_kv_heads=2 head_dim=128 kv_head=0 worker=0 profiled_total=831 q_load=4 k_load=181 v_load=156 qk_dot=6 safe_sm=472 core_acc=5 o_scale=1 o_store=6 kv_dma_issue=0 kv_dma_wait=0 kv_transform=0
FIG8_ATTENTION_TIMERS mode=scna-hvx-fp16-d8 scna_function=0 scna_kernel=0 scna_pipeline=0 scna_engine=1 profile_version=1 phase=measure iteration=4 lut_exp=0 nonlinear_mode=1 scna_width=8 scna_exp=379 scna_pack=0 scna_hmx_affine_relu=0 scna_reduction=0 scna_unpack=0 qo_len=16 kv_len=4096 n_heads=12 n_kv_heads=2 head_dim=128 kv_head=1 worker=0 profiled_total=838 q_load=4 k_load=188 v_load=161 qk_dot=6 safe_sm=467 core_acc=5 o_scale=1 o_store=6 kv_dma_issue=0 kv_dma_wait=0 kv_transform=0
FIG8_ATTENTION_EVENT_COUNT mode=scna-hvx-fp16-d8 qo_len=16 phase=measure iteration=4 events=16 max_events=12512 overflow=0
FIG8_ATTENTION_HOST_TIMING mode=scna-hvx-fp16-d8 scna_function=exp2 scna_kernel=direct scna_pipeline=off scna_width=8 qo_len=16 kv_len=4096 n_heads=12 n_kv_heads=2 head_dim=128 phase=measure iteration=5 host_elapsed_us=2042 ret=0
FIG8_ATTENTION_PROFILE_COUNT mode=scna-hvx-fp16-d8 qo_len=16 phase=measure iteration=5 records=2 max_records=10
FIG8_ATTENTION_TIMERS mode=scna-hvx-fp16-d8 scna_function=0 scna_kernel=0 scna_pipeline=0 scna_engine=1 profile_version=1 phase=measure iteration=5 lut_exp=0 nonlinear_mode=1 scna_width=8 scna_exp=378 scna_pack=0 scna_hmx_affine_relu=0 scna_reduction=0 scna_unpack=0 qo_len=16 kv_len=4096 n_heads=12 n_kv_heads=2 head_dim=128 kv_head=0 worker=0 profiled_total=825 q_load=4 k_load=173 v_load=158 qk_dot=6 safe_sm=472 core_acc=5 o_scale=1 o_store=6 kv_dma_issue=0 kv_dma_wait=0 kv_transform=0
FIG8_ATTENTION_TIMERS mode=scna-hvx-fp16-d8 scna_function=0 scna_kernel=0 scna_pipeline=0 scna_engine=1 profile_version=1 phase=measure iteration=5 lut_exp=0 nonlinear_mode=1 scna_width=8 scna_exp=380 scna_pack=0 scna_hmx_affine_relu=0 scna_reduction=0 scna_unpack=0 qo_len=16 kv_len=4096 n_heads=12 n_kv_heads=2 head_dim=128 kv_head=1 worker=0 profiled_total=888 q_load=4 k_load=213 v_load=172 qk_dot=6 safe_sm=480 core_acc=5 o_scale=2 o_store=6 kv_dma_issue=0 kv_dma_wait=0 kv_transform=0
FIG8_ATTENTION_EVENT_COUNT mode=scna-hvx-fp16-d8 qo_len=16 phase=measure iteration=5 events=16 max_events=12512 overflow=0
FIG8_ATTENTION_HOST_TIMING mode=scna-hvx-fp16-d8 scna_function=exp2 scna_kernel=direct scna_pipeline=off scna_width=8 qo_len=16 kv_len=4096 n_heads=12 n_kv_heads=2 head_dim=128 phase=measure iteration=6 host_elapsed_us=2115 ret=0
FIG8_ATTENTION_PROFILE_COUNT mode=scna-hvx-fp16-d8 qo_len=16 phase=measure iteration=6 records=2 max_records=10
FIG8_ATTENTION_TIMERS mode=scna-hvx-fp16-d8 scna_function=0 scna_kernel=0 scna_pipeline=0 scna_engine=1 profile_version=1 phase=measure iteration=6 lut_exp=0 nonlinear_mode=1 scna_width=8 scna_exp=380 scna_pack=0 scna_hmx_affine_relu=0 scna_reduction=0 scna_unpack=0 qo_len=16 kv_len=4096 n_heads=12 n_kv_heads=2 head_dim=128 kv_head=0 worker=0 profiled_total=861 q_load=4 k_load=195 v_load=165 qk_dot=6 safe_sm=479 core_acc=5 o_scale=1 o_store=6 kv_dma_issue=0 kv_dma_wait=0 kv_transform=0
FIG8_ATTENTION_TIMERS mode=scna-hvx-fp16-d8 scna_function=0 scna_kernel=0 scna_pipeline=0 scna_engine=1 profile_version=1 phase=measure iteration=6 lut_exp=0 nonlinear_mode=1 scna_width=8 scna_exp=380 scna_pack=0 scna_hmx_affine_relu=0 scna_reduction=0 scna_unpack=0 qo_len=16 kv_len=4096 n_heads=12 n_kv_heads=2 head_dim=128 kv_head=1 worker=0 profiled_total=884 q_load=4 k_load=213 v_load=168 qk_dot=6 safe_sm=481 core_acc=5 o_scale=1 o_store=6 kv_dma_issue=0 kv_dma_wait=0 kv_transform=0
FIG8_ATTENTION_EVENT_COUNT mode=scna-hvx-fp16-d8 qo_len=16 phase=measure iteration=6 events=16 max_events=12512 overflow=0
FIG8_ATTENTION_HOST_TIMING mode=scna-hvx-fp16-d8 scna_function=exp2 scna_kernel=direct scna_pipeline=off scna_width=8 qo_len=16 kv_len=4096 n_heads=12 n_kv_heads=2 head_dim=128 phase=measure iteration=7 host_elapsed_us=2094 ret=0
FIG8_ATTENTION_PROFILE_COUNT mode=scna-hvx-fp16-d8 qo_len=16 phase=measure iteration=7 records=2 max_records=10
FIG8_ATTENTION_TIMERS mode=scna-hvx-fp16-d8 scna_function=0 scna_kernel=0 scna_pipeline=0 scna_engine=1 profile_version=1 phase=measure iteration=7 lut_exp=0 nonlinear_mode=1 scna_width=8 scna_exp=380 scna_pack=0 scna_hmx_affine_relu=0 scna_reduction=0 scna_unpack=0 qo_len=16 kv_len=4096 n_heads=12 n_kv_heads=2 head_dim=128 kv_head=0 worker=0 profiled_total=866 q_load=4 k_load=195 v_load=167 qk_dot=6 safe_sm=482 core_acc=5 o_scale=1 o_store=6 kv_dma_issue=0 kv_dma_wait=0 kv_transform=0
FIG8_ATTENTION_TIMERS mode=scna-hvx-fp16-d8 scna_function=0 scna_kernel=0 scna_pipeline=0 scna_engine=1 profile_version=1 phase=measure iteration=7 lut_exp=0 nonlinear_mode=1 scna_width=8 scna_exp=380 scna_pack=0 scna_hmx_affine_relu=0 scna_reduction=0 scna_unpack=0 qo_len=16 kv_len=4096 n_heads=12 n_kv_heads=2 head_dim=128 kv_head=1 worker=0 profiled_total=896 q_load=4 k_load=220 v_load=172 qk_dot=6 safe_sm=481 core_acc=5 o_scale=2 o_store=6 kv_dma_issue=0 kv_dma_wait=0 kv_transform=0
FIG8_ATTENTION_EVENT_COUNT mode=scna-hvx-fp16-d8 qo_len=16 phase=measure iteration=7 events=16 max_events=12512 overflow=0
FIG8_ATTENTION_HOST_TIMING mode=scna-hvx-fp16-d8 scna_function=exp2 scna_kernel=direct scna_pipeline=off scna_width=8 qo_len=16 kv_len=4096 n_heads=12 n_kv_heads=2 head_dim=128 phase=measure iteration=8 host_elapsed_us=2006 ret=0
FIG8_ATTENTION_PROFILE_COUNT mode=scna-hvx-fp16-d8 qo_len=16 phase=measure iteration=8 records=2 max_records=10
FIG8_ATTENTION_TIMERS mode=scna-hvx-fp16-d8 scna_function=0 scna_kernel=0 scna_pipeline=0 scna_engine=1 profile_version=1 phase=measure iteration=8 lut_exp=0 nonlinear_mode=1 scna_width=8 scna_exp=380 scna_pack=0 scna_hmx_affine_relu=0 scna_reduction=0 scna_unpack=0 qo_len=16 kv_len=4096 n_heads=12 n_kv_heads=2 head_dim=128 kv_head=0 worker=0 profiled_total=861 q_load=4 k_load=195 v_load=164 qk_dot=6 safe_sm=480 core_acc=5 o_scale=1 o_store=6 kv_dma_issue=0 kv_dma_wait=0 kv_transform=0
FIG8_ATTENTION_TIMERS mode=scna-hvx-fp16-d8 scna_function=0 scna_kernel=0 scna_pipeline=0 scna_engine=1 profile_version=1 phase=measure iteration=8 lut_exp=0 nonlinear_mode=1 scna_width=8 scna_exp=380 scna_pack=0 scna_hmx_affine_relu=0 scna_reduction=0 scna_unpack=0 qo_len=16 kv_len=4096 n_heads=12 n_kv_heads=2 head_dim=128 kv_head=1 worker=0 profiled_total=878 q_load=4 k_load=211 v_load=165 qk_dot=6 safe_sm=479 core_acc=5 o_scale=2 o_store=6 kv_dma_issue=0 kv_dma_wait=0 kv_transform=0
FIG8_ATTENTION_EVENT_COUNT mode=scna-hvx-fp16-d8 qo_len=16 phase=measure iteration=8 events=16 max_events=12512 overflow=0
FIG8_ATTENTION_HOST_TIMING mode=scna-hvx-fp16-d8 scna_function=exp2 scna_kernel=direct scna_pipeline=off scna_width=8 qo_len=16 kv_len=4096 n_heads=12 n_kv_heads=2 head_dim=128 phase=measure iteration=9 host_elapsed_us=2007 ret=0
FIG8_ATTENTION_PROFILE_COUNT mode=scna-hvx-fp16-d8 qo_len=16 phase=measure iteration=9 records=2 max_records=10
FIG8_ATTENTION_TIMERS mode=scna-hvx-fp16-d8 scna_function=0 scna_kernel=0 scna_pipeline=0 scna_engine=1 profile_version=1 phase=measure iteration=9 lut_exp=0 nonlinear_mode=1 scna_width=8 scna_exp=379 scna_pack=0 scna_hmx_affine_relu=0 scna_reduction=0 scna_unpack=0 qo_len=16 kv_len=4096 n_heads=12 n_kv_heads=2 head_dim=128 kv_head=0 worker=0 profiled_total=864 q_load=4 k_load=198 v_load=163 qk_dot=6 safe_sm=481 core_acc=5 o_scale=1 o_store=6 kv_dma_issue=0 kv_dma_wait=0 kv_transform=0
FIG8_ATTENTION_TIMERS mode=scna-hvx-fp16-d8 scna_function=0 scna_kernel=0 scna_pipeline=0 scna_engine=1 profile_version=1 phase=measure iteration=9 lut_exp=0 nonlinear_mode=1 scna_width=8 scna_exp=380 scna_pack=0 scna_hmx_affine_relu=0 scna_reduction=0 scna_unpack=0 qo_len=16 kv_len=4096 n_heads=12 n_kv_heads=2 head_dim=128 kv_head=1 worker=0 profiled_total=881 q_load=4 k_load=212 v_load=167 qk_dot=6 safe_sm=480 core_acc=5 o_scale=1 o_store=6 kv_dma_issue=0 kv_dma_wait=0 kv_transform=0
FIG8_ATTENTION_EVENT_COUNT mode=scna-hvx-fp16-d8 qo_len=16 phase=measure iteration=9 events=16 max_events=12512 overflow=0
FIG8_ATTENTION_HOST_TIMING mode=scna-hvx-fp16-d8 scna_function=exp2 scna_kernel=direct scna_pipeline=off scna_width=8 qo_len=16 kv_len=4096 n_heads=12 n_kv_heads=2 head_dim=128 phase=measure iteration=10 host_elapsed_us=2130 ret=0
FIG8_ATTENTION_PROFILE_COUNT mode=scna-hvx-fp16-d8 qo_len=16 phase=measure iteration=10 records=2 max_records=10
FIG8_ATTENTION_TIMERS mode=scna-hvx-fp16-d8 scna_function=0 scna_kernel=0 scna_pipeline=0 scna_engine=1 profile_version=1 phase=measure iteration=10 lut_exp=0 nonlinear_mode=1 scna_width=8 scna_exp=379 scna_pack=0 scna_hmx_affine_relu=0 scna_reduction=0 scna_unpack=0 qo_len=16 kv_len=4096 n_heads=12 n_kv_heads=2 head_dim=128 kv_head=0 worker=0 profiled_total=863 q_load=4 k_load=197 v_load=166 qk_dot=6 safe_sm=478 core_acc=5 o_scale=1 o_store=6 kv_dma_issue=0 kv_dma_wait=0 kv_transform=0
FIG8_ATTENTION_TIMERS mode=scna-hvx-fp16-d8 scna_function=0 scna_kernel=0 scna_pipeline=0 scna_engine=1 profile_version=1 phase=measure iteration=10 lut_exp=0 nonlinear_mode=1 scna_width=8 scna_exp=380 scna_pack=0 scna_hmx_affine_relu=0 scna_reduction=0 scna_unpack=0 qo_len=16 kv_len=4096 n_heads=12 n_kv_heads=2 head_dim=128 kv_head=1 worker=0 profiled_total=882 q_load=4 k_load=212 v_load=166 qk_dot=6 safe_sm=481 core_acc=5 o_scale=2 o_store=6 kv_dma_issue=0 kv_dma_wait=0 kv_transform=0
FIG8_ATTENTION_EVENT_COUNT mode=scna-hvx-fp16-d8 qo_len=16 phase=measure iteration=10 events=16 max_events=12512 overflow=0
FIG8_ATTENTION_HOST_TIMING mode=scna-hvx-fp16-d8 scna_function=exp2 scna_kernel=direct scna_pipeline=off scna_width=8 qo_len=16 kv_len=4096 n_heads=12 n_kv_heads=2 head_dim=128 phase=measure iteration=11 host_elapsed_us=2119 ret=0
FIG8_ATTENTION_PROFILE_COUNT mode=scna-hvx-fp16-d8 qo_len=16 phase=measure iteration=11 records=2 max_records=10
FIG8_ATTENTION_TIMERS mode=scna-hvx-fp16-d8 scna_function=0 scna_kernel=0 scna_pipeline=0 scna_engine=1 profile_version=1 phase=measure iteration=11 lut_exp=0 nonlinear_mode=1 scna_width=8 scna_exp=379 scna_pack=0 scna_hmx_affine_relu=0 scna_reduction=0 scna_unpack=0 qo_len=16 kv_len=4096 n_heads=12 n_kv_heads=2 head_dim=128 kv_head=0 worker=0 profiled_total=860 q_load=4 k_load=195 v_load=164 qk_dot=6 safe_sm=479 core_acc=5 o_scale=1 o_store=6 kv_dma_issue=0 kv_dma_wait=0 kv_transform=0
FIG8_ATTENTION_TIMERS mode=scna-hvx-fp16-d8 scna_function=0 scna_kernel=0 scna_pipeline=0 scna_engine=1 profile_version=1 phase=measure iteration=11 lut_exp=0 nonlinear_mode=1 scna_width=8 scna_exp=380 scna_pack=0 scna_hmx_affine_relu=0 scna_reduction=0 scna_unpack=0 qo_len=16 kv_len=4096 n_heads=12 n_kv_heads=2 head_dim=128 kv_head=1 worker=0 profiled_total=894 q_load=4 k_load=213 v_load=170 qk_dot=14 safe_sm=481 core_acc=5 o_scale=1 o_store=6 kv_dma_issue=0 kv_dma_wait=0 kv_transform=0
FIG8_ATTENTION_EVENT_COUNT mode=scna-hvx-fp16-d8 qo_len=16 phase=measure iteration=11 events=16 max_events=12512 overflow=0
FIG8_ATTENTION_HOST_TIMING mode=scna-hvx-fp16-d8 scna_function=exp2 scna_kernel=direct scna_pipeline=off scna_width=8 qo_len=16 kv_len=4096 n_heads=12 n_kv_heads=2 head_dim=128 phase=measure iteration=12 host_elapsed_us=2113 ret=0
FIG8_ATTENTION_PROFILE_COUNT mode=scna-hvx-fp16-d8 qo_len=16 phase=measure iteration=12 records=2 max_records=10
FIG8_ATTENTION_TIMERS mode=scna-hvx-fp16-d8 scna_function=0 scna_kernel=0 scna_pipeline=0 scna_engine=1 profile_version=1 phase=measure iteration=12 lut_exp=0 nonlinear_mode=1 scna_width=8 scna_exp=380 scna_pack=0 scna_hmx_affine_relu=0 scna_reduction=0 scna_unpack=0 qo_len=16 kv_len=4096 n_heads=12 n_kv_heads=2 head_dim=128 kv_head=0 worker=0 profiled_total=865 q_load=4 k_load=196 v_load=166 qk_dot=6 safe_sm=481 core_acc=5 o_scale=1 o_store=6 kv_dma_issue=0 kv_dma_wait=0 kv_transform=0
FIG8_ATTENTION_TIMERS mode=scna-hvx-fp16-d8 scna_function=0 scna_kernel=0 scna_pipeline=0 scna_engine=1 profile_version=1 phase=measure iteration=12 lut_exp=0 nonlinear_mode=1 scna_width=8 scna_exp=380 scna_pack=0 scna_hmx_affine_relu=0 scna_reduction=0 scna_unpack=0 qo_len=16 kv_len=4096 n_heads=12 n_kv_heads=2 head_dim=128 kv_head=1 worker=0 profiled_total=884 q_load=4 k_load=214 v_load=170 qk_dot=6 safe_sm=477 core_acc=5 o_scale=2 o_store=6 kv_dma_issue=0 kv_dma_wait=0 kv_transform=0
FIG8_ATTENTION_EVENT_COUNT mode=scna-hvx-fp16-d8 qo_len=16 phase=measure iteration=12 events=16 max_events=12512 overflow=0
FIG8_ATTENTION_HOST_TIMING mode=scna-hvx-fp16-d8 scna_function=exp2 scna_kernel=direct scna_pipeline=off scna_width=8 qo_len=16 kv_len=4096 n_heads=12 n_kv_heads=2 head_dim=128 phase=measure iteration=13 host_elapsed_us=2120 ret=0
FIG8_ATTENTION_PROFILE_COUNT mode=scna-hvx-fp16-d8 qo_len=16 phase=measure iteration=13 records=2 max_records=10
FIG8_ATTENTION_TIMERS mode=scna-hvx-fp16-d8 scna_function=0 scna_kernel=0 scna_pipeline=0 scna_engine=1 profile_version=1 phase=measure iteration=13 lut_exp=0 nonlinear_mode=1 scna_width=8 scna_exp=380 scna_pack=0 scna_hmx_affine_relu=0 scna_reduction=0 scna_unpack=0 qo_len=16 kv_len=4096 n_heads=12 n_kv_heads=2 head_dim=128 kv_head=0 worker=0 profiled_total=859 q_load=4 k_load=195 v_load=158 qk_dot=6 safe_sm=484 core_acc=5 o_scale=1 o_store=6 kv_dma_issue=0 kv_dma_wait=0 kv_transform=0
FIG8_ATTENTION_TIMERS mode=scna-hvx-fp16-d8 scna_function=0 scna_kernel=0 scna_pipeline=0 scna_engine=1 profile_version=1 phase=measure iteration=13 lut_exp=0 nonlinear_mode=1 scna_width=8 scna_exp=380 scna_pack=0 scna_hmx_affine_relu=0 scna_reduction=0 scna_unpack=0 qo_len=16 kv_len=4096 n_heads=12 n_kv_heads=2 head_dim=128 kv_head=1 worker=0 profiled_total=883 q_load=4 k_load=213 v_load=167 qk_dot=6 safe_sm=480 core_acc=5 o_scale=2 o_store=6 kv_dma_issue=0 kv_dma_wait=0 kv_transform=0
FIG8_ATTENTION_EVENT_COUNT mode=scna-hvx-fp16-d8 qo_len=16 phase=measure iteration=13 events=16 max_events=12512 overflow=0
FIG8_ATTENTION_HOST_TIMING mode=scna-hvx-fp16-d8 scna_function=exp2 scna_kernel=direct scna_pipeline=off scna_width=8 qo_len=16 kv_len=4096 n_heads=12 n_kv_heads=2 head_dim=128 phase=measure iteration=14 host_elapsed_us=2056 ret=0
FIG8_ATTENTION_PROFILE_COUNT mode=scna-hvx-fp16-d8 qo_len=16 phase=measure iteration=14 records=2 max_records=10
FIG8_ATTENTION_TIMERS mode=scna-hvx-fp16-d8 scna_function=0 scna_kernel=0 scna_pipeline=0 scna_engine=1 profile_version=1 phase=measure iteration=14 lut_exp=0 nonlinear_mode=1 scna_width=8 scna_exp=379 scna_pack=0 scna_hmx_affine_relu=0 scna_reduction=0 scna_unpack=0 qo_len=16 kv_len=4096 n_heads=12 n_kv_heads=2 head_dim=128 kv_head=0 worker=0 profiled_total=854 q_load=4 k_load=194 v_load=160 qk_dot=6 safe_sm=478 core_acc=5 o_scale=1 o_store=6 kv_dma_issue=0 kv_dma_wait=0 kv_transform=0
FIG8_ATTENTION_TIMERS mode=scna-hvx-fp16-d8 scna_function=0 scna_kernel=0 scna_pipeline=0 scna_engine=1 profile_version=1 phase=measure iteration=14 lut_exp=0 nonlinear_mode=1 scna_width=8 scna_exp=380 scna_pack=0 scna_hmx_affine_relu=0 scna_reduction=0 scna_unpack=0 qo_len=16 kv_len=4096 n_heads=12 n_kv_heads=2 head_dim=128 kv_head=1 worker=0 profiled_total=882 q_load=4 k_load=213 v_load=169 qk_dot=6 safe_sm=477 core_acc=5 o_scale=2 o_store=6 kv_dma_issue=0 kv_dma_wait=0 kv_transform=0
FIG8_ATTENTION_EVENT_COUNT mode=scna-hvx-fp16-d8 qo_len=16 phase=measure iteration=14 events=16 max_events=12512 overflow=0
FIG8_ATTENTION_HOST_TIMING mode=scna-hvx-fp16-d8 scna_function=exp2 scna_kernel=direct scna_pipeline=off scna_width=8 qo_len=16 kv_len=4096 n_heads=12 n_kv_heads=2 head_dim=128 phase=measure iteration=15 host_elapsed_us=2035 ret=0
FIG8_ATTENTION_PROFILE_COUNT mode=scna-hvx-fp16-d8 qo_len=16 phase=measure iteration=15 records=2 max_records=10
FIG8_ATTENTION_TIMERS mode=scna-hvx-fp16-d8 scna_function=0 scna_kernel=0 scna_pipeline=0 scna_engine=1 profile_version=1 phase=measure iteration=15 lut_exp=0 nonlinear_mode=1 scna_width=8 scna_exp=380 scna_pack=0 scna_hmx_affine_relu=0 scna_reduction=0 scna_unpack=0 qo_len=16 kv_len=4096 n_heads=12 n_kv_heads=2 head_dim=128 kv_head=0 worker=0 profiled_total=866 q_load=4 k_load=195 v_load=170 qk_dot=6 safe_sm=479 core_acc=5 o_scale=1 o_store=6 kv_dma_issue=0 kv_dma_wait=0 kv_transform=0
FIG8_ATTENTION_TIMERS mode=scna-hvx-fp16-d8 scna_function=0 scna_kernel=0 scna_pipeline=0 scna_engine=1 profile_version=1 phase=measure iteration=15 lut_exp=0 nonlinear_mode=1 scna_width=8 scna_exp=380 scna_pack=0 scna_hmx_affine_relu=0 scna_reduction=0 scna_unpack=0 qo_len=16 kv_len=4096 n_heads=12 n_kv_heads=2 head_dim=128 kv_head=1 worker=0 profiled_total=885 q_load=4 k_load=214 v_load=167 qk_dot=6 safe_sm=481 core_acc=5 o_scale=2 o_store=6 kv_dma_issue=0 kv_dma_wait=0 kv_transform=0
FIG8_ATTENTION_EVENT_COUNT mode=scna-hvx-fp16-d8 qo_len=16 phase=measure iteration=15 events=16 max_events=12512 overflow=0
FIG8_ATTENTION_HOST_TIMING mode=scna-hvx-fp16-d8 scna_function=exp2 scna_kernel=direct scna_pipeline=off scna_width=8 qo_len=16 kv_len=4096 n_heads=12 n_kv_heads=2 head_dim=128 phase=measure iteration=16 host_elapsed_us=2039 ret=0
FIG8_ATTENTION_PROFILE_COUNT mode=scna-hvx-fp16-d8 qo_len=16 phase=measure iteration=16 records=2 max_records=10
FIG8_ATTENTION_TIMERS mode=scna-hvx-fp16-d8 scna_function=0 scna_kernel=0 scna_pipeline=0 scna_engine=1 profile_version=1 phase=measure iteration=16 lut_exp=0 nonlinear_mode=1 scna_width=8 scna_exp=379 scna_pack=0 scna_hmx_affine_relu=0 scna_reduction=0 scna_unpack=0 qo_len=16 kv_len=4096 n_heads=12 n_kv_heads=2 head_dim=128 kv_head=0 worker=0 profiled_total=856 q_load=4 k_load=198 v_load=158 qk_dot=6 safe_sm=478 core_acc=5 o_scale=1 o_store=6 kv_dma_issue=0 kv_dma_wait=0 kv_transform=0
FIG8_ATTENTION_TIMERS mode=scna-hvx-fp16-d8 scna_function=0 scna_kernel=0 scna_pipeline=0 scna_engine=1 profile_version=1 phase=measure iteration=16 lut_exp=0 nonlinear_mode=1 scna_width=8 scna_exp=380 scna_pack=0 scna_hmx_affine_relu=0 scna_reduction=0 scna_unpack=0 qo_len=16 kv_len=4096 n_heads=12 n_kv_heads=2 head_dim=128 kv_head=1 worker=0 profiled_total=885 q_load=4 k_load=216 v_load=166 qk_dot=6 safe_sm=480 core_acc=5 o_scale=2 o_store=6 kv_dma_issue=0 kv_dma_wait=0 kv_transform=0
FIG8_ATTENTION_EVENT_COUNT mode=scna-hvx-fp16-d8 qo_len=16 phase=measure iteration=16 events=16 max_events=12512 overflow=0
FIG8_ATTENTION_HOST_TIMING mode=scna-hvx-fp16-d8 scna_function=exp2 scna_kernel=direct scna_pipeline=off scna_width=8 qo_len=16 kv_len=4096 n_heads=12 n_kv_heads=2 head_dim=128 phase=measure iteration=17 host_elapsed_us=2010 ret=0
FIG8_ATTENTION_PROFILE_COUNT mode=scna-hvx-fp16-d8 qo_len=16 phase=measure iteration=17 records=2 max_records=10
FIG8_ATTENTION_TIMERS mode=scna-hvx-fp16-d8 scna_function=0 scna_kernel=0 scna_pipeline=0 scna_engine=1 profile_version=1 phase=measure iteration=17 lut_exp=0 nonlinear_mode=1 scna_width=8 scna_exp=379 scna_pack=0 scna_hmx_affine_relu=0 scna_reduction=0 scna_unpack=0 qo_len=16 kv_len=4096 n_heads=12 n_kv_heads=2 head_dim=128 kv_head=0 worker=0 profiled_total=861 q_load=4 k_load=196 v_load=164 qk_dot=6 safe_sm=479 core_acc=5 o_scale=1 o_store=6 kv_dma_issue=0 kv_dma_wait=0 kv_transform=0
FIG8_ATTENTION_TIMERS mode=scna-hvx-fp16-d8 scna_function=0 scna_kernel=0 scna_pipeline=0 scna_engine=1 profile_version=1 phase=measure iteration=17 lut_exp=0 nonlinear_mode=1 scna_width=8 scna_exp=380 scna_pack=0 scna_hmx_affine_relu=0 scna_reduction=0 scna_unpack=0 qo_len=16 kv_len=4096 n_heads=12 n_kv_heads=2 head_dim=128 kv_head=1 worker=0 profiled_total=878 q_load=4 k_load=212 v_load=164 qk_dot=6 safe_sm=480 core_acc=5 o_scale=1 o_store=6 kv_dma_issue=0 kv_dma_wait=0 kv_transform=0
FIG8_ATTENTION_EVENT_COUNT mode=scna-hvx-fp16-d8 qo_len=16 phase=measure iteration=17 events=16 max_events=12512 overflow=0
FIG8_ATTENTION_HOST_TIMING mode=scna-hvx-fp16-d8 scna_function=exp2 scna_kernel=direct scna_pipeline=off scna_width=8 qo_len=16 kv_len=4096 n_heads=12 n_kv_heads=2 head_dim=128 phase=measure iteration=18 host_elapsed_us=2035 ret=0
FIG8_ATTENTION_PROFILE_COUNT mode=scna-hvx-fp16-d8 qo_len=16 phase=measure iteration=18 records=2 max_records=10
FIG8_ATTENTION_TIMERS mode=scna-hvx-fp16-d8 scna_function=0 scna_kernel=0 scna_pipeline=0 scna_engine=1 profile_version=1 phase=measure iteration=18 lut_exp=0 nonlinear_mode=1 scna_width=8 scna_exp=380 scna_pack=0 scna_hmx_affine_relu=0 scna_reduction=0 scna_unpack=0 qo_len=16 kv_len=4096 n_heads=12 n_kv_heads=2 head_dim=128 kv_head=0 worker=0 profiled_total=859 q_load=4 k_load=196 v_load=162 qk_dot=6 safe_sm=479 core_acc=5 o_scale=1 o_store=6 kv_dma_issue=0 kv_dma_wait=0 kv_transform=0
FIG8_ATTENTION_TIMERS mode=scna-hvx-fp16-d8 scna_function=0 scna_kernel=0 scna_pipeline=0 scna_engine=1 profile_version=1 phase=measure iteration=18 lut_exp=0 nonlinear_mode=1 scna_width=8 scna_exp=380 scna_pack=0 scna_hmx_affine_relu=0 scna_reduction=0 scna_unpack=0 qo_len=16 kv_len=4096 n_heads=12 n_kv_heads=2 head_dim=128 kv_head=1 worker=0 profiled_total=881 q_load=4 k_load=214 v_load=166 qk_dot=6 safe_sm=479 core_acc=5 o_scale=1 o_store=6 kv_dma_issue=0 kv_dma_wait=0 kv_transform=0
FIG8_ATTENTION_EVENT_COUNT mode=scna-hvx-fp16-d8 qo_len=16 phase=measure iteration=18 events=16 max_events=12512 overflow=0
FIG8_ATTENTION_HOST_TIMING mode=scna-hvx-fp16-d8 scna_function=exp2 scna_kernel=direct scna_pipeline=off scna_width=8 qo_len=16 kv_len=4096 n_heads=12 n_kv_heads=2 head_dim=128 phase=measure iteration=19 host_elapsed_us=2129 ret=0
FIG8_ATTENTION_PROFILE_COUNT mode=scna-hvx-fp16-d8 qo_len=16 phase=measure iteration=19 records=2 max_records=10
FIG8_ATTENTION_TIMERS mode=scna-hvx-fp16-d8 scna_function=0 scna_kernel=0 scna_pipeline=0 scna_engine=1 profile_version=1 phase=measure iteration=19 lut_exp=0 nonlinear_mode=1 scna_width=8 scna_exp=379 scna_pack=0 scna_hmx_affine_relu=0 scna_reduction=0 scna_unpack=0 qo_len=16 kv_len=4096 n_heads=12 n_kv_heads=2 head_dim=128 kv_head=0 worker=0 profiled_total=863 q_load=4 k_load=195 v_load=168 qk_dot=6 safe_sm=478 core_acc=5 o_scale=1 o_store=6 kv_dma_issue=0 kv_dma_wait=0 kv_transform=0
FIG8_ATTENTION_TIMERS mode=scna-hvx-fp16-d8 scna_function=0 scna_kernel=0 scna_pipeline=0 scna_engine=1 profile_version=1 phase=measure iteration=19 lut_exp=0 nonlinear_mode=1 scna_width=8 scna_exp=380 scna_pack=0 scna_hmx_affine_relu=0 scna_reduction=0 scna_unpack=0 qo_len=16 kv_len=4096 n_heads=12 n_kv_heads=2 head_dim=128 kv_head=1 worker=0 profiled_total=888 q_load=4 k_load=219 v_load=167 qk_dot=7 safe_sm=479 core_acc=5 o_scale=1 o_store=6 kv_dma_issue=0 kv_dma_wait=0 kv_transform=0
FIG8_ATTENTION_EVENT_COUNT mode=scna-hvx-fp16-d8 qo_len=16 phase=measure iteration=19 events=16 max_events=12512 overflow=0
