alloc_shared_mem_buf: buf=0x755d010000 fd=15 size=196608 flags=FASTRPC_MAP_FD
alloc_shared_mem_buf: buf=0x72bf200000 fd=16 size=2097152 flags=FASTRPC_MAP_FD
alloc_shared_mem_buf: buf=0x72bf000000 fd=17 size=2097152 flags=FASTRPC_MAP_FD
alloc_shared_mem_buf: buf=0x7559190000 fd=18 size=196608 flags=FASTRPC_MAP_FD
alloc_shared_mem_buf: buf=0x7554e10000 fd=19 size=262144 flags=FASTRPC_MAP_FD
alloc_shared_mem_buf: buf=0x72bee40000 fd=20 size=1794944 flags=FASTRPC_MAP_FD
alloc_shared_mem_buf: buf=0x755d3ad000 fd=21 size=4096 flags=FASTRPC_MAP_FD
No-op channel request completed
FIG8_ATTENTION_CONFIG mode=lut-exp scna_function=exp2 scna_kernel=direct scna_pipeline=off mask_mode=full qo_len=32 kv_len=4096 n_heads=12 n_kv_heads=2 head_dim=128 warmup=5 iters=20 scna_width=16 q_size=196608 kv_size=2097152 mask_size=262144 profile_size=1794944 profile_max_records=10 profile_max_events=24896 mode_flags=1 print_events=0
FIG8_ATTENTION_HOST_TIMING mode=lut-exp scna_function=exp2 scna_kernel=direct scna_pipeline=off scna_width=0 qo_len=32 kv_len=4096 n_heads=12 n_kv_heads=2 head_dim=128 phase=warmup iteration=0 host_elapsed_us=2032 ret=0
FIG8_ATTENTION_PROFILE_COUNT mode=lut-exp qo_len=32 phase=warmup iteration=0 records=2 max_records=10
FIG8_ATTENTION_TIMERS mode=lut-exp scna_function=0 scna_kernel=0 scna_pipeline=0 scna_engine=0 profile_version=1 phase=warmup iteration=0 lut_exp=1 nonlinear_mode=0 scna_width=0 scna_exp=0 scna_pack=0 scna_hmx_affine_relu=0 scna_reduction=0 scna_unpack=0 qo_len=32 kv_len=4096 n_heads=12 n_kv_heads=2 head_dim=128 kv_head=0 worker=0 profiled_total=810 q_load=9 k_load=184 v_load=145 qk_dot=15 safe_sm=425 core_acc=15 o_scale=3 o_store=14 kv_dma_issue=0 kv_dma_wait=0 kv_transform=0
FIG8_ATTENTION_TIMERS mode=lut-exp scna_function=0 scna_kernel=0 scna_pipeline=0 scna_engine=0 profile_version=1 phase=warmup iteration=0 lut_exp=1 nonlinear_mode=0 scna_width=0 scna_exp=0 scna_pack=0 scna_hmx_affine_relu=0 scna_reduction=0 scna_unpack=0 qo_len=32 kv_len=4096 n_heads=12 n_kv_heads=2 head_dim=128 kv_head=1 worker=0 profiled_total=809 q_load=9 k_load=183 v_load=145 qk_dot=16 safe_sm=428 core_acc=14 o_scale=2 o_store=12 kv_dma_issue=0 kv_dma_wait=0 kv_transform=0
FIG8_ATTENTION_EVENT_COUNT mode=lut-exp qo_len=32 phase=warmup iteration=0 events=16 max_events=24896 overflow=0
FIG8_ATTENTION_HOST_TIMING mode=lut-exp scna_function=exp2 scna_kernel=direct scna_pipeline=off scna_width=0 qo_len=32 kv_len=4096 n_heads=12 n_kv_heads=2 head_dim=128 phase=warmup iteration=1 host_elapsed_us=1970 ret=0
FIG8_ATTENTION_PROFILE_COUNT mode=lut-exp qo_len=32 phase=warmup iteration=1 records=2 max_records=10
FIG8_ATTENTION_TIMERS mode=lut-exp scna_function=0 scna_kernel=0 scna_pipeline=0 scna_engine=0 profile_version=1 phase=warmup iteration=1 lut_exp=1 nonlinear_mode=0 scna_width=0 scna_exp=0 scna_pack=0 scna_hmx_affine_relu=0 scna_reduction=0 scna_unpack=0 qo_len=32 kv_len=4096 n_heads=12 n_kv_heads=2 head_dim=128 kv_head=0 worker=0 profiled_total=782 q_load=9 k_load=158 v_load=146 qk_dot=15 safe_sm=425 core_acc=15 o_scale=2 o_store=12 kv_dma_issue=0 kv_dma_wait=0 kv_transform=0
FIG8_ATTENTION_TIMERS mode=lut-exp scna_function=0 scna_kernel=0 scna_pipeline=0 scna_engine=0 profile_version=1 phase=warmup iteration=1 lut_exp=1 nonlinear_mode=0 scna_width=0 scna_exp=0 scna_pack=0 scna_hmx_affine_relu=0 scna_reduction=0 scna_unpack=0 qo_len=32 kv_len=4096 n_heads=12 n_kv_heads=2 head_dim=128 kv_head=1 worker=0 profiled_total=806 q_load=9 k_load=187 v_load=149 qk_dot=16 safe_sm=417 core_acc=14 o_scale=2 o_store=12 kv_dma_issue=0 kv_dma_wait=0 kv_transform=0
FIG8_ATTENTION_EVENT_COUNT mode=lut-exp qo_len=32 phase=warmup iteration=1 events=16 max_events=24896 overflow=0
FIG8_ATTENTION_HOST_TIMING mode=lut-exp scna_function=exp2 scna_kernel=direct scna_pipeline=off scna_width=0 qo_len=32 kv_len=4096 n_heads=12 n_kv_heads=2 head_dim=128 phase=warmup iteration=2 host_elapsed_us=1937 ret=0
FIG8_ATTENTION_PROFILE_COUNT mode=lut-exp qo_len=32 phase=warmup iteration=2 records=2 max_records=10
FIG8_ATTENTION_TIMERS mode=lut-exp scna_function=0 scna_kernel=0 scna_pipeline=0 scna_engine=0 profile_version=1 phase=warmup iteration=2 lut_exp=1 nonlinear_mode=0 scna_width=0 scna_exp=0 scna_pack=0 scna_hmx_affine_relu=0 scna_reduction=0 scna_unpack=0 qo_len=32 kv_len=4096 n_heads=12 n_kv_heads=2 head_dim=128 kv_head=0 worker=0 profiled_total=805 q_load=9 k_load=162 v_load=162 qk_dot=15 safe_sm=428 core_acc=15 o_scale=2 o_store=12 kv_dma_issue=0 kv_dma_wait=0 kv_transform=0
FIG8_ATTENTION_TIMERS mode=lut-exp scna_function=0 scna_kernel=0 scna_pipeline=0 scna_engine=0 profile_version=1 phase=warmup iteration=2 lut_exp=1 nonlinear_mode=0 scna_width=0 scna_exp=0 scna_pack=0 scna_hmx_affine_relu=0 scna_reduction=0 scna_unpack=0 qo_len=32 kv_len=4096 n_heads=12 n_kv_heads=2 head_dim=128 kv_head=1 worker=0 profiled_total=811 q_load=9 k_load=197 v_load=140 qk_dot=16 safe_sm=421 core_acc=14 o_scale=2 o_store=12 kv_dma_issue=0 kv_dma_wait=0 kv_transform=0
FIG8_ATTENTION_EVENT_COUNT mode=lut-exp qo_len=32 phase=warmup iteration=2 events=16 max_events=24896 overflow=0
FIG8_ATTENTION_HOST_TIMING mode=lut-exp scna_function=exp2 scna_kernel=direct scna_pipeline=off scna_width=0 qo_len=32 kv_len=4096 n_heads=12 n_kv_heads=2 head_dim=128 phase=warmup iteration=3 host_elapsed_us=1970 ret=0
FIG8_ATTENTION_PROFILE_COUNT mode=lut-exp qo_len=32 phase=warmup iteration=3 records=2 max_records=10
FIG8_ATTENTION_TIMERS mode=lut-exp scna_function=0 scna_kernel=0 scna_pipeline=0 scna_engine=0 profile_version=1 phase=warmup iteration=3 lut_exp=1 nonlinear_mode=0 scna_width=0 scna_exp=0 scna_pack=0 scna_hmx_affine_relu=0 scna_reduction=0 scna_unpack=0 qo_len=32 kv_len=4096 n_heads=12 n_kv_heads=2 head_dim=128 kv_head=0 worker=0 profiled_total=795 q_load=9 k_load=164 v_load=156 qk_dot=15 safe_sm=422 core_acc=15 o_scale=2 o_store=12 kv_dma_issue=0 kv_dma_wait=0 kv_transform=0
FIG8_ATTENTION_TIMERS mode=lut-exp scna_function=0 scna_kernel=0 scna_pipeline=0 scna_engine=0 profile_version=1 phase=warmup iteration=3 lut_exp=1 nonlinear_mode=0 scna_width=0 scna_exp=0 scna_pack=0 scna_hmx_affine_relu=0 scna_reduction=0 scna_unpack=0 qo_len=32 kv_len=4096 n_heads=12 n_kv_heads=2 head_dim=128 kv_head=1 worker=0 profiled_total=831 q_load=9 k_load=199 v_load=155 qk_dot=16 safe_sm=424 core_acc=14 o_scale=2 o_store=12 kv_dma_issue=0 kv_dma_wait=0 kv_transform=0
FIG8_ATTENTION_EVENT_COUNT mode=lut-exp qo_len=32 phase=warmup iteration=3 events=16 max_events=24896 overflow=0
FIG8_ATTENTION_HOST_TIMING mode=lut-exp scna_function=exp2 scna_kernel=direct scna_pipeline=off scna_width=0 qo_len=32 kv_len=4096 n_heads=12 n_kv_heads=2 head_dim=128 phase=warmup iteration=4 host_elapsed_us=2029 ret=0
FIG8_ATTENTION_PROFILE_COUNT mode=lut-exp qo_len=32 phase=warmup iteration=4 records=2 max_records=10
FIG8_ATTENTION_TIMERS mode=lut-exp scna_function=0 scna_kernel=0 scna_pipeline=0 scna_engine=0 profile_version=1 phase=warmup iteration=4 lut_exp=1 nonlinear_mode=0 scna_width=0 scna_exp=0 scna_pack=0 scna_hmx_affine_relu=0 scna_reduction=0 scna_unpack=0 qo_len=32 kv_len=4096 n_heads=12 n_kv_heads=2 head_dim=128 kv_head=0 worker=0 profiled_total=821 q_load=9 k_load=181 v_load=157 qk_dot=15 safe_sm=431 core_acc=14 o_scale=2 o_store=12 kv_dma_issue=0 kv_dma_wait=0 kv_transform=0
FIG8_ATTENTION_TIMERS mode=lut-exp scna_function=0 scna_kernel=0 scna_pipeline=0 scna_engine=0 profile_version=1 phase=warmup iteration=4 lut_exp=1 nonlinear_mode=0 scna_width=0 scna_exp=0 scna_pack=0 scna_hmx_affine_relu=0 scna_reduction=0 scna_unpack=0 qo_len=32 kv_len=4096 n_heads=12 n_kv_heads=2 head_dim=128 kv_head=1 worker=0 profiled_total=838 q_load=9 k_load=201 v_load=161 qk_dot=16 safe_sm=423 core_acc=14 o_scale=2 o_store=12 kv_dma_issue=0 kv_dma_wait=0 kv_transform=0
FIG8_ATTENTION_EVENT_COUNT mode=lut-exp qo_len=32 phase=warmup iteration=4 events=16 max_events=24896 overflow=0
FIG8_ATTENTION_HOST_TIMING mode=lut-exp scna_function=exp2 scna_kernel=direct scna_pipeline=off scna_width=0 qo_len=32 kv_len=4096 n_heads=12 n_kv_heads=2 head_dim=128 phase=measure iteration=0 host_elapsed_us=2032 ret=0
FIG8_ATTENTION_PROFILE_COUNT mode=lut-exp qo_len=32 phase=measure iteration=0 records=2 max_records=10
FIG8_ATTENTION_TIMERS mode=lut-exp scna_function=0 scna_kernel=0 scna_pipeline=0 scna_engine=0 profile_version=1 phase=measure iteration=0 lut_exp=1 nonlinear_mode=0 scna_width=0 scna_exp=0 scna_pack=0 scna_hmx_affine_relu=0 scna_reduction=0 scna_unpack=0 qo_len=32 kv_len=4096 n_heads=12 n_kv_heads=2 head_dim=128 kv_head=0 worker=0 profiled_total=808 q_load=9 k_load=169 v_load=163 qk_dot=15 safe_sm=423 core_acc=15 o_scale=2 o_store=12 kv_dma_issue=0 kv_dma_wait=0 kv_transform=0
FIG8_ATTENTION_TIMERS mode=lut-exp scna_function=0 scna_kernel=0 scna_pipeline=0 scna_engine=0 profile_version=1 phase=measure iteration=0 lut_exp=1 nonlinear_mode=0 scna_width=0 scna_exp=0 scna_pack=0 scna_hmx_affine_relu=0 scna_reduction=0 scna_unpack=0 qo_len=32 kv_len=4096 n_heads=12 n_kv_heads=2 head_dim=128 kv_head=1 worker=0 profiled_total=840 q_load=9 k_load=200 v_load=166 qk_dot=16 safe_sm=421 core_acc=14 o_scale=2 o_store=12 kv_dma_issue=0 kv_dma_wait=0 kv_transform=0
FIG8_ATTENTION_EVENT_COUNT mode=lut-exp qo_len=32 phase=measure iteration=0 events=16 max_events=24896 overflow=0
FIG8_ATTENTION_HOST_TIMING mode=lut-exp scna_function=exp2 scna_kernel=direct scna_pipeline=off scna_width=0 qo_len=32 kv_len=4096 n_heads=12 n_kv_heads=2 head_dim=128 phase=measure iteration=1 host_elapsed_us=2127 ret=0
FIG8_ATTENTION_PROFILE_COUNT mode=lut-exp qo_len=32 phase=measure iteration=1 records=2 max_records=10
FIG8_ATTENTION_TIMERS mode=lut-exp scna_function=0 scna_kernel=0 scna_pipeline=0 scna_engine=0 profile_version=1 phase=measure iteration=1 lut_exp=1 nonlinear_mode=0 scna_width=0 scna_exp=0 scna_pack=0 scna_hmx_affine_relu=0 scna_reduction=0 scna_unpack=0 qo_len=32 kv_len=4096 n_heads=12 n_kv_heads=2 head_dim=128 kv_head=0 worker=0 profiled_total=857 q_load=9 k_load=187 v_load=167 qk_dot=15 safe_sm=450 core_acc=15 o_scale=2 o_store=12 kv_dma_issue=0 kv_dma_wait=0 kv_transform=0
FIG8_ATTENTION_TIMERS mode=lut-exp scna_function=0 scna_kernel=0 scna_pipeline=0 scna_engine=0 profile_version=1 phase=measure iteration=1 lut_exp=1 nonlinear_mode=0 scna_width=0 scna_exp=0 scna_pack=0 scna_hmx_affine_relu=0 scna_reduction=0 scna_unpack=0 qo_len=32 kv_len=4096 n_heads=12 n_kv_heads=2 head_dim=128 kv_head=1 worker=0 profiled_total=907 q_load=9 k_load=230 v_load=172 qk_dot=16 safe_sm=452 core_acc=14 o_scale=2 o_store=12 kv_dma_issue=0 kv_dma_wait=0 kv_transform=0
FIG8_ATTENTION_EVENT_COUNT mode=lut-exp qo_len=32 phase=measure iteration=1 events=16 max_events=24896 overflow=0
FIG8_ATTENTION_HOST_TIMING mode=lut-exp scna_function=exp2 scna_kernel=direct scna_pipeline=off scna_width=0 qo_len=32 kv_len=4096 n_heads=12 n_kv_heads=2 head_dim=128 phase=measure iteration=2 host_elapsed_us=2125 ret=0
FIG8_ATTENTION_PROFILE_COUNT mode=lut-exp qo_len=32 phase=measure iteration=2 records=2 max_records=10
FIG8_ATTENTION_TIMERS mode=lut-exp scna_function=0 scna_kernel=0 scna_pipeline=0 scna_engine=0 profile_version=1 phase=measure iteration=2 lut_exp=1 nonlinear_mode=0 scna_width=0 scna_exp=0 scna_pack=0 scna_hmx_affine_relu=0 scna_reduction=0 scna_unpack=0 qo_len=32 kv_len=4096 n_heads=12 n_kv_heads=2 head_dim=128 kv_head=0 worker=0 profiled_total=880 q_load=9 k_load=206 v_load=166 qk_dot=15 safe_sm=455 core_acc=15 o_scale=2 o_store=12 kv_dma_issue=0 kv_dma_wait=0 kv_transform=0
FIG8_ATTENTION_TIMERS mode=lut-exp scna_function=0 scna_kernel=0 scna_pipeline=0 scna_engine=0 profile_version=1 phase=measure iteration=2 lut_exp=1 nonlinear_mode=0 scna_width=0 scna_exp=0 scna_pack=0 scna_hmx_affine_relu=0 scna_reduction=0 scna_unpack=0 qo_len=32 kv_len=4096 n_heads=12 n_kv_heads=2 head_dim=128 kv_head=1 worker=0 profiled_total=926 q_load=9 k_load=242 v_load=176 qk_dot=16 safe_sm=454 core_acc=15 o_scale=2 o_store=12 kv_dma_issue=0 kv_dma_wait=0 kv_transform=0
FIG8_ATTENTION_EVENT_COUNT mode=lut-exp qo_len=32 phase=measure iteration=2 events=16 max_events=24896 overflow=0
FIG8_ATTENTION_HOST_TIMING mode=lut-exp scna_function=exp2 scna_kernel=direct scna_pipeline=off scna_width=0 qo_len=32 kv_len=4096 n_heads=12 n_kv_heads=2 head_dim=128 phase=measure iteration=3 host_elapsed_us=2142 ret=0
FIG8_ATTENTION_PROFILE_COUNT mode=lut-exp qo_len=32 phase=measure iteration=3 records=2 max_records=10
FIG8_ATTENTION_TIMERS mode=lut-exp scna_function=0 scna_kernel=0 scna_pipeline=0 scna_engine=0 profile_version=1 phase=measure iteration=3 lut_exp=1 nonlinear_mode=0 scna_width=0 scna_exp=0 scna_pack=0 scna_hmx_affine_relu=0 scna_reduction=0 scna_unpack=0 qo_len=32 kv_len=4096 n_heads=12 n_kv_heads=2 head_dim=128 kv_head=0 worker=0 profiled_total=884 q_load=9 k_load=207 v_load=170 qk_dot=15 safe_sm=454 core_acc=15 o_scale=2 o_store=12 kv_dma_issue=0 kv_dma_wait=0 kv_transform=0
FIG8_ATTENTION_TIMERS mode=lut-exp scna_function=0 scna_kernel=0 scna_pipeline=0 scna_engine=0 profile_version=1 phase=measure iteration=3 lut_exp=1 nonlinear_mode=0 scna_width=0 scna_exp=0 scna_pack=0 scna_hmx_affine_relu=0 scna_reduction=0 scna_unpack=0 qo_len=32 kv_len=4096 n_heads=12 n_kv_heads=2 head_dim=128 kv_head=1 worker=0 profiled_total=922 q_load=9 k_load=242 v_load=175 qk_dot=16 safe_sm=452 core_acc=14 o_scale=2 o_store=12 kv_dma_issue=0 kv_dma_wait=0 kv_transform=0
FIG8_ATTENTION_EVENT_COUNT mode=lut-exp qo_len=32 phase=measure iteration=3 events=16 max_events=24896 overflow=0
FIG8_ATTENTION_HOST_TIMING mode=lut-exp scna_function=exp2 scna_kernel=direct scna_pipeline=off scna_width=0 qo_len=32 kv_len=4096 n_heads=12 n_kv_heads=2 head_dim=128 phase=measure iteration=4 host_elapsed_us=2185 ret=0
FIG8_ATTENTION_PROFILE_COUNT mode=lut-exp qo_len=32 phase=measure iteration=4 records=2 max_records=10
FIG8_ATTENTION_TIMERS mode=lut-exp scna_function=0 scna_kernel=0 scna_pipeline=0 scna_engine=0 profile_version=1 phase=measure iteration=4 lut_exp=1 nonlinear_mode=0 scna_width=0 scna_exp=0 scna_pack=0 scna_hmx_affine_relu=0 scna_reduction=0 scna_unpack=0 qo_len=32 kv_len=4096 n_heads=12 n_kv_heads=2 head_dim=128 kv_head=0 worker=0 profiled_total=879 q_load=9 k_load=209 v_load=168 qk_dot=15 safe_sm=449 core_acc=15 o_scale=2 o_store=12 kv_dma_issue=0 kv_dma_wait=0 kv_transform=0
FIG8_ATTENTION_TIMERS mode=lut-exp scna_function=0 scna_kernel=0 scna_pipeline=0 scna_engine=0 profile_version=1 phase=measure iteration=4 lut_exp=1 nonlinear_mode=0 scna_width=0 scna_exp=0 scna_pack=0 scna_hmx_affine_relu=0 scna_reduction=0 scna_unpack=0 qo_len=32 kv_len=4096 n_heads=12 n_kv_heads=2 head_dim=128 kv_head=1 worker=0 profiled_total=922 q_load=9 k_load=244 v_load=170 qk_dot=16 safe_sm=454 core_acc=15 o_scale=2 o_store=12 kv_dma_issue=0 kv_dma_wait=0 kv_transform=0
FIG8_ATTENTION_EVENT_COUNT mode=lut-exp qo_len=32 phase=measure iteration=4 events=16 max_events=24896 overflow=0
FIG8_ATTENTION_HOST_TIMING mode=lut-exp scna_function=exp2 scna_kernel=direct scna_pipeline=off scna_width=0 qo_len=32 kv_len=4096 n_heads=12 n_kv_heads=2 head_dim=128 phase=measure iteration=5 host_elapsed_us=2118 ret=0
FIG8_ATTENTION_PROFILE_COUNT mode=lut-exp qo_len=32 phase=measure iteration=5 records=2 max_records=10
FIG8_ATTENTION_TIMERS mode=lut-exp scna_function=0 scna_kernel=0 scna_pipeline=0 scna_engine=0 profile_version=1 phase=measure iteration=5 lut_exp=1 nonlinear_mode=0 scna_width=0 scna_exp=0 scna_pack=0 scna_hmx_affine_relu=0 scna_reduction=0 scna_unpack=0 qo_len=32 kv_len=4096 n_heads=12 n_kv_heads=2 head_dim=128 kv_head=0 worker=0 profiled_total=880 q_load=9 k_load=207 v_load=165 qk_dot=15 safe_sm=455 core_acc=15 o_scale=2 o_store=12 kv_dma_issue=0 kv_dma_wait=0 kv_transform=0
FIG8_ATTENTION_TIMERS mode=lut-exp scna_function=0 scna_kernel=0 scna_pipeline=0 scna_engine=0 profile_version=1 phase=measure iteration=5 lut_exp=1 nonlinear_mode=0 scna_width=0 scna_exp=0 scna_pack=0 scna_hmx_affine_relu=0 scna_reduction=0 scna_unpack=0 qo_len=32 kv_len=4096 n_heads=12 n_kv_heads=2 head_dim=128 kv_head=1 worker=0 profiled_total=926 q_load=9 k_load=243 v_load=176 qk_dot=16 safe_sm=453 core_acc=15 o_scale=2 o_store=12 kv_dma_issue=0 kv_dma_wait=0 kv_transform=0
FIG8_ATTENTION_EVENT_COUNT mode=lut-exp qo_len=32 phase=measure iteration=5 events=16 max_events=24896 overflow=0
FIG8_ATTENTION_HOST_TIMING mode=lut-exp scna_function=exp2 scna_kernel=direct scna_pipeline=off scna_width=0 qo_len=32 kv_len=4096 n_heads=12 n_kv_heads=2 head_dim=128 phase=measure iteration=6 host_elapsed_us=2130 ret=0
FIG8_ATTENTION_PROFILE_COUNT mode=lut-exp qo_len=32 phase=measure iteration=6 records=2 max_records=10
FIG8_ATTENTION_TIMERS mode=lut-exp scna_function=0 scna_kernel=0 scna_pipeline=0 scna_engine=0 profile_version=1 phase=measure iteration=6 lut_exp=1 nonlinear_mode=0 scna_width=0 scna_exp=0 scna_pack=0 scna_hmx_affine_relu=0 scna_reduction=0 scna_unpack=0 qo_len=32 kv_len=4096 n_heads=12 n_kv_heads=2 head_dim=128 kv_head=0 worker=0 profiled_total=872 q_load=9 k_load=206 v_load=163 qk_dot=15 safe_sm=450 core_acc=15 o_scale=2 o_store=12 kv_dma_issue=0 kv_dma_wait=0 kv_transform=0
FIG8_ATTENTION_TIMERS mode=lut-exp scna_function=0 scna_kernel=0 scna_pipeline=0 scna_engine=0 profile_version=1 phase=measure iteration=6 lut_exp=1 nonlinear_mode=0 scna_width=0 scna_exp=0 scna_pack=0 scna_hmx_affine_relu=0 scna_reduction=0 scna_unpack=0 qo_len=32 kv_len=4096 n_heads=12 n_kv_heads=2 head_dim=128 kv_head=1 worker=0 profiled_total=934 q_load=9 k_load=240 v_load=176 qk_dot=16 safe_sm=463 core_acc=15 o_scale=3 o_store=12 kv_dma_issue=0 kv_dma_wait=0 kv_transform=0
FIG8_ATTENTION_EVENT_COUNT mode=lut-exp qo_len=32 phase=measure iteration=6 events=16 max_events=24896 overflow=0
FIG8_ATTENTION_HOST_TIMING mode=lut-exp scna_function=exp2 scna_kernel=direct scna_pipeline=off scna_width=0 qo_len=32 kv_len=4096 n_heads=12 n_kv_heads=2 head_dim=128 phase=measure iteration=7 host_elapsed_us=2113 ret=0
FIG8_ATTENTION_PROFILE_COUNT mode=lut-exp qo_len=32 phase=measure iteration=7 records=2 max_records=10
FIG8_ATTENTION_TIMERS mode=lut-exp scna_function=0 scna_kernel=0 scna_pipeline=0 scna_engine=0 profile_version=1 phase=measure iteration=7 lut_exp=1 nonlinear_mode=0 scna_width=0 scna_exp=0 scna_pack=0 scna_hmx_affine_relu=0 scna_reduction=0 scna_unpack=0 qo_len=32 kv_len=4096 n_heads=12 n_kv_heads=2 head_dim=128 kv_head=0 worker=0 profiled_total=884 q_load=9 k_load=208 v_load=169 qk_dot=15 safe_sm=454 core_acc=15 o_scale=2 o_store=12 kv_dma_issue=0 kv_dma_wait=0 kv_transform=0
FIG8_ATTENTION_TIMERS mode=lut-exp scna_function=0 scna_kernel=0 scna_pipeline=0 scna_engine=0 profile_version=1 phase=measure iteration=7 lut_exp=1 nonlinear_mode=0 scna_width=0 scna_exp=0 scna_pack=0 scna_hmx_affine_relu=0 scna_reduction=0 scna_unpack=0 qo_len=32 kv_len=4096 n_heads=12 n_kv_heads=2 head_dim=128 kv_head=1 worker=0 profiled_total=921 q_load=9 k_load=242 v_load=174 qk_dot=16 safe_sm=452 core_acc=14 o_scale=2 o_store=12 kv_dma_issue=0 kv_dma_wait=0 kv_transform=0
FIG8_ATTENTION_EVENT_COUNT mode=lut-exp qo_len=32 phase=measure iteration=7 events=16 max_events=24896 overflow=0
FIG8_ATTENTION_HOST_TIMING mode=lut-exp scna_function=exp2 scna_kernel=direct scna_pipeline=off scna_width=0 qo_len=32 kv_len=4096 n_heads=12 n_kv_heads=2 head_dim=128 phase=measure iteration=8 host_elapsed_us=2122 ret=0
FIG8_ATTENTION_PROFILE_COUNT mode=lut-exp qo_len=32 phase=measure iteration=8 records=2 max_records=10
FIG8_ATTENTION_TIMERS mode=lut-exp scna_function=0 scna_kernel=0 scna_pipeline=0 scna_engine=0 profile_version=1 phase=measure iteration=8 lut_exp=1 nonlinear_mode=0 scna_width=0 scna_exp=0 scna_pack=0 scna_hmx_affine_relu=0 scna_reduction=0 scna_unpack=0 qo_len=32 kv_len=4096 n_heads=12 n_kv_heads=2 head_dim=128 kv_head=0 worker=0 profiled_total=878 q_load=9 k_load=206 v_load=169 qk_dot=15 safe_sm=450 core_acc=15 o_scale=2 o_store=12 kv_dma_issue=0 kv_dma_wait=0 kv_transform=0
FIG8_ATTENTION_TIMERS mode=lut-exp scna_function=0 scna_kernel=0 scna_pipeline=0 scna_engine=0 profile_version=1 phase=measure iteration=8 lut_exp=1 nonlinear_mode=0 scna_width=0 scna_exp=0 scna_pack=0 scna_hmx_affine_relu=0 scna_reduction=0 scna_unpack=0 qo_len=32 kv_len=4096 n_heads=12 n_kv_heads=2 head_dim=128 kv_head=1 worker=0 profiled_total=923 q_load=9 k_load=242 v_load=176 qk_dot=16 safe_sm=452 core_acc=14 o_scale=2 o_store=12 kv_dma_issue=0 kv_dma_wait=0 kv_transform=0
FIG8_ATTENTION_EVENT_COUNT mode=lut-exp qo_len=32 phase=measure iteration=8 events=16 max_events=24896 overflow=0
FIG8_ATTENTION_HOST_TIMING mode=lut-exp scna_function=exp2 scna_kernel=direct scna_pipeline=off scna_width=0 qo_len=32 kv_len=4096 n_heads=12 n_kv_heads=2 head_dim=128 phase=measure iteration=9 host_elapsed_us=2102 ret=0
FIG8_ATTENTION_PROFILE_COUNT mode=lut-exp qo_len=32 phase=measure iteration=9 records=2 max_records=10
FIG8_ATTENTION_TIMERS mode=lut-exp scna_function=0 scna_kernel=0 scna_pipeline=0 scna_engine=0 profile_version=1 phase=measure iteration=9 lut_exp=1 nonlinear_mode=0 scna_width=0 scna_exp=0 scna_pack=0 scna_hmx_affine_relu=0 scna_reduction=0 scna_unpack=0 qo_len=32 kv_len=4096 n_heads=12 n_kv_heads=2 head_dim=128 kv_head=0 worker=0 profiled_total=878 q_load=9 k_load=208 v_load=163 qk_dot=15 safe_sm=454 core_acc=15 o_scale=2 o_store=12 kv_dma_issue=0 kv_dma_wait=0 kv_transform=0
FIG8_ATTENTION_TIMERS mode=lut-exp scna_function=0 scna_kernel=0 scna_pipeline=0 scna_engine=0 profile_version=1 phase=measure iteration=9 lut_exp=1 nonlinear_mode=0 scna_width=0 scna_exp=0 scna_pack=0 scna_hmx_affine_relu=0 scna_reduction=0 scna_unpack=0 qo_len=32 kv_len=4096 n_heads=12 n_kv_heads=2 head_dim=128 kv_head=1 worker=0 profiled_total=922 q_load=9 k_load=240 v_load=174 qk_dot=16 safe_sm=454 core_acc=15 o_scale=2 o_store=12 kv_dma_issue=0 kv_dma_wait=0 kv_transform=0
FIG8_ATTENTION_EVENT_COUNT mode=lut-exp qo_len=32 phase=measure iteration=9 events=16 max_events=24896 overflow=0
FIG8_ATTENTION_HOST_TIMING mode=lut-exp scna_function=exp2 scna_kernel=direct scna_pipeline=off scna_width=0 qo_len=32 kv_len=4096 n_heads=12 n_kv_heads=2 head_dim=128 phase=measure iteration=10 host_elapsed_us=2122 ret=0
FIG8_ATTENTION_PROFILE_COUNT mode=lut-exp qo_len=32 phase=measure iteration=10 records=2 max_records=10
FIG8_ATTENTION_TIMERS mode=lut-exp scna_function=0 scna_kernel=0 scna_pipeline=0 scna_engine=0 profile_version=1 phase=measure iteration=10 lut_exp=1 nonlinear_mode=0 scna_width=0 scna_exp=0 scna_pack=0 scna_hmx_affine_relu=0 scna_reduction=0 scna_unpack=0 qo_len=32 kv_len=4096 n_heads=12 n_kv_heads=2 head_dim=128 kv_head=0 worker=0 profiled_total=875 q_load=9 k_load=204 v_load=164 qk_dot=15 safe_sm=454 core_acc=15 o_scale=2 o_store=12 kv_dma_issue=0 kv_dma_wait=0 kv_transform=0
FIG8_ATTENTION_TIMERS mode=lut-exp scna_function=0 scna_kernel=0 scna_pipeline=0 scna_engine=0 profile_version=1 phase=measure iteration=10 lut_exp=1 nonlinear_mode=0 scna_width=0 scna_exp=0 scna_pack=0 scna_hmx_affine_relu=0 scna_reduction=0 scna_unpack=0 qo_len=32 kv_len=4096 n_heads=12 n_kv_heads=2 head_dim=128 kv_head=1 worker=0 profiled_total=917 q_load=9 k_load=238 v_load=175 qk_dot=16 safe_sm=450 core_acc=14 o_scale=3 o_store=12 kv_dma_issue=0 kv_dma_wait=0 kv_transform=0
FIG8_ATTENTION_EVENT_COUNT mode=lut-exp qo_len=32 phase=measure iteration=10 events=16 max_events=24896 overflow=0
FIG8_ATTENTION_HOST_TIMING mode=lut-exp scna_function=exp2 scna_kernel=direct scna_pipeline=off scna_width=0 qo_len=32 kv_len=4096 n_heads=12 n_kv_heads=2 head_dim=128 phase=measure iteration=11 host_elapsed_us=2181 ret=0
FIG8_ATTENTION_PROFILE_COUNT mode=lut-exp qo_len=32 phase=measure iteration=11 records=2 max_records=10
FIG8_ATTENTION_TIMERS mode=lut-exp scna_function=0 scna_kernel=0 scna_pipeline=0 scna_engine=0 profile_version=1 phase=measure iteration=11 lut_exp=1 nonlinear_mode=0 scna_width=0 scna_exp=0 scna_pack=0 scna_hmx_affine_relu=0 scna_reduction=0 scna_unpack=0 qo_len=32 kv_len=4096 n_heads=12 n_kv_heads=2 head_dim=128 kv_head=0 worker=0 profiled_total=869 q_load=9 k_load=203 v_load=164 qk_dot=15 safe_sm=449 core_acc=15 o_scale=2 o_store=12 kv_dma_issue=0 kv_dma_wait=0 kv_transform=0
FIG8_ATTENTION_TIMERS mode=lut-exp scna_function=0 scna_kernel=0 scna_pipeline=0 scna_engine=0 profile_version=1 phase=measure iteration=11 lut_exp=1 nonlinear_mode=0 scna_width=0 scna_exp=0 scna_pack=0 scna_hmx_affine_relu=0 scna_reduction=0 scna_unpack=0 qo_len=32 kv_len=4096 n_heads=12 n_kv_heads=2 head_dim=128 kv_head=1 worker=0 profiled_total=912 q_load=9 k_load=239 v_load=171 qk_dot=16 safe_sm=449 core_acc=14 o_scale=2 o_store=12 kv_dma_issue=0 kv_dma_wait=0 kv_transform=0
FIG8_ATTENTION_EVENT_COUNT mode=lut-exp qo_len=32 phase=measure iteration=11 events=16 max_events=24896 overflow=0
FIG8_ATTENTION_HOST_TIMING mode=lut-exp scna_function=exp2 scna_kernel=direct scna_pipeline=off scna_width=0 qo_len=32 kv_len=4096 n_heads=12 n_kv_heads=2 head_dim=128 phase=measure iteration=12 host_elapsed_us=2146 ret=0
FIG8_ATTENTION_PROFILE_COUNT mode=lut-exp qo_len=32 phase=measure iteration=12 records=2 max_records=10
FIG8_ATTENTION_TIMERS mode=lut-exp scna_function=0 scna_kernel=0 scna_pipeline=0 scna_engine=0 profile_version=1 phase=measure iteration=12 lut_exp=1 nonlinear_mode=0 scna_width=0 scna_exp=0 scna_pack=0 scna_hmx_affine_relu=0 scna_reduction=0 scna_unpack=0 qo_len=32 kv_len=4096 n_heads=12 n_kv_heads=2 head_dim=128 kv_head=0 worker=0 profiled_total=875 q_load=9 k_load=205 v_load=166 qk_dot=15 safe_sm=451 core_acc=15 o_scale=2 o_store=12 kv_dma_issue=0 kv_dma_wait=0 kv_transform=0
FIG8_ATTENTION_TIMERS mode=lut-exp scna_function=0 scna_kernel=0 scna_pipeline=0 scna_engine=0 profile_version=1 phase=measure iteration=12 lut_exp=1 nonlinear_mode=0 scna_width=0 scna_exp=0 scna_pack=0 scna_hmx_affine_relu=0 scna_reduction=0 scna_unpack=0 qo_len=32 kv_len=4096 n_heads=12 n_kv_heads=2 head_dim=128 kv_head=1 worker=0 profiled_total=906 q_load=9 k_load=235 v_load=172 qk_dot=16 safe_sm=446 core_acc=14 o_scale=2 o_store=12 kv_dma_issue=0 kv_dma_wait=0 kv_transform=0
FIG8_ATTENTION_EVENT_COUNT mode=lut-exp qo_len=32 phase=measure iteration=12 events=16 max_events=24896 overflow=0
FIG8_ATTENTION_HOST_TIMING mode=lut-exp scna_function=exp2 scna_kernel=direct scna_pipeline=off scna_width=0 qo_len=32 kv_len=4096 n_heads=12 n_kv_heads=2 head_dim=128 phase=measure iteration=13 host_elapsed_us=2131 ret=0
FIG8_ATTENTION_PROFILE_COUNT mode=lut-exp qo_len=32 phase=measure iteration=13 records=2 max_records=10
FIG8_ATTENTION_TIMERS mode=lut-exp scna_function=0 scna_kernel=0 scna_pipeline=0 scna_engine=0 profile_version=1 phase=measure iteration=13 lut_exp=1 nonlinear_mode=0 scna_width=0 scna_exp=0 scna_pack=0 scna_hmx_affine_relu=0 scna_reduction=0 scna_unpack=0 qo_len=32 kv_len=4096 n_heads=12 n_kv_heads=2 head_dim=128 kv_head=0 worker=0 profiled_total=872 q_load=9 k_load=204 v_load=167 qk_dot=15 safe_sm=448 core_acc=15 o_scale=2 o_store=12 kv_dma_issue=0 kv_dma_wait=0 kv_transform=0
FIG8_ATTENTION_TIMERS mode=lut-exp scna_function=0 scna_kernel=0 scna_pipeline=0 scna_engine=0 profile_version=1 phase=measure iteration=13 lut_exp=1 nonlinear_mode=0 scna_width=0 scna_exp=0 scna_pack=0 scna_hmx_affine_relu=0 scna_reduction=0 scna_unpack=0 qo_len=32 kv_len=4096 n_heads=12 n_kv_heads=2 head_dim=128 kv_head=1 worker=0 profiled_total=917 q_load=9 k_load=239 v_load=175 qk_dot=16 safe_sm=450 core_acc=14 o_scale=2 o_store=12 kv_dma_issue=0 kv_dma_wait=0 kv_transform=0
FIG8_ATTENTION_EVENT_COUNT mode=lut-exp qo_len=32 phase=measure iteration=13 events=16 max_events=24896 overflow=0
FIG8_ATTENTION_HOST_TIMING mode=lut-exp scna_function=exp2 scna_kernel=direct scna_pipeline=off scna_width=0 qo_len=32 kv_len=4096 n_heads=12 n_kv_heads=2 head_dim=128 phase=measure iteration=14 host_elapsed_us=2122 ret=0
FIG8_ATTENTION_PROFILE_COUNT mode=lut-exp qo_len=32 phase=measure iteration=14 records=2 max_records=10
FIG8_ATTENTION_TIMERS mode=lut-exp scna_function=0 scna_kernel=0 scna_pipeline=0 scna_engine=0 profile_version=1 phase=measure iteration=14 lut_exp=1 nonlinear_mode=0 scna_width=0 scna_exp=0 scna_pack=0 scna_hmx_affine_relu=0 scna_reduction=0 scna_unpack=0 qo_len=32 kv_len=4096 n_heads=12 n_kv_heads=2 head_dim=128 kv_head=0 worker=0 profiled_total=875 q_load=9 k_load=204 v_load=166 qk_dot=15 safe_sm=452 core_acc=15 o_scale=2 o_store=12 kv_dma_issue=0 kv_dma_wait=0 kv_transform=0
FIG8_ATTENTION_TIMERS mode=lut-exp scna_function=0 scna_kernel=0 scna_pipeline=0 scna_engine=0 profile_version=1 phase=measure iteration=14 lut_exp=1 nonlinear_mode=0 scna_width=0 scna_exp=0 scna_pack=0 scna_hmx_affine_relu=0 scna_reduction=0 scna_unpack=0 qo_len=32 kv_len=4096 n_heads=12 n_kv_heads=2 head_dim=128 kv_head=1 worker=0 profiled_total=920 q_load=9 k_load=240 v_load=176 qk_dot=16 safe_sm=451 core_acc=14 o_scale=2 o_store=12 kv_dma_issue=0 kv_dma_wait=0 kv_transform=0
FIG8_ATTENTION_EVENT_COUNT mode=lut-exp qo_len=32 phase=measure iteration=14 events=16 max_events=24896 overflow=0
FIG8_ATTENTION_HOST_TIMING mode=lut-exp scna_function=exp2 scna_kernel=direct scna_pipeline=off scna_width=0 qo_len=32 kv_len=4096 n_heads=12 n_kv_heads=2 head_dim=128 phase=measure iteration=15 host_elapsed_us=2163 ret=0
FIG8_ATTENTION_PROFILE_COUNT mode=lut-exp qo_len=32 phase=measure iteration=15 records=2 max_records=10
FIG8_ATTENTION_TIMERS mode=lut-exp scna_function=0 scna_kernel=0 scna_pipeline=0 scna_engine=0 profile_version=1 phase=measure iteration=15 lut_exp=1 nonlinear_mode=0 scna_width=0 scna_exp=0 scna_pack=0 scna_hmx_affine_relu=0 scna_reduction=0 scna_unpack=0 qo_len=32 kv_len=4096 n_heads=12 n_kv_heads=2 head_dim=128 kv_head=0 worker=0 profiled_total=879 q_load=9 k_load=204 v_load=176 qk_dot=15 safe_sm=446 core_acc=15 o_scale=2 o_store=12 kv_dma_issue=0 kv_dma_wait=0 kv_transform=0
FIG8_ATTENTION_TIMERS mode=lut-exp scna_function=0 scna_kernel=0 scna_pipeline=0 scna_engine=0 profile_version=1 phase=measure iteration=15 lut_exp=1 nonlinear_mode=0 scna_width=0 scna_exp=0 scna_pack=0 scna_hmx_affine_relu=0 scna_reduction=0 scna_unpack=0 qo_len=32 kv_len=4096 n_heads=12 n_kv_heads=2 head_dim=128 kv_head=1 worker=0 profiled_total=889 q_load=9 k_load=228 v_load=168 qk_dot=16 safe_sm=440 core_acc=14 o_scale=2 o_store=12 kv_dma_issue=0 kv_dma_wait=0 kv_transform=0
FIG8_ATTENTION_EVENT_COUNT mode=lut-exp qo_len=32 phase=measure iteration=15 events=16 max_events=24896 overflow=0
FIG8_ATTENTION_HOST_TIMING mode=lut-exp scna_function=exp2 scna_kernel=direct scna_pipeline=off scna_width=0 qo_len=32 kv_len=4096 n_heads=12 n_kv_heads=2 head_dim=128 phase=measure iteration=16 host_elapsed_us=2131 ret=0
FIG8_ATTENTION_PROFILE_COUNT mode=lut-exp qo_len=32 phase=measure iteration=16 records=2 max_records=10
FIG8_ATTENTION_TIMERS mode=lut-exp scna_function=0 scna_kernel=0 scna_pipeline=0 scna_engine=0 profile_version=1 phase=measure iteration=16 lut_exp=1 nonlinear_mode=0 scna_width=0 scna_exp=0 scna_pack=0 scna_hmx_affine_relu=0 scna_reduction=0 scna_unpack=0 qo_len=32 kv_len=4096 n_heads=12 n_kv_heads=2 head_dim=128 kv_head=0 worker=0 profiled_total=865 q_load=9 k_load=203 v_load=162 qk_dot=15 safe_sm=447 core_acc=15 o_scale=2 o_store=12 kv_dma_issue=0 kv_dma_wait=0 kv_transform=0
FIG8_ATTENTION_TIMERS mode=lut-exp scna_function=0 scna_kernel=0 scna_pipeline=0 scna_engine=0 profile_version=1 phase=measure iteration=16 lut_exp=1 nonlinear_mode=0 scna_width=0 scna_exp=0 scna_pack=0 scna_hmx_affine_relu=0 scna_reduction=0 scna_unpack=0 qo_len=32 kv_len=4096 n_heads=12 n_kv_heads=2 head_dim=128 kv_head=1 worker=0 profiled_total=895 q_load=9 k_load=226 v_load=171 qk_dot=16 safe_sm=445 core_acc=14 o_scale=2 o_store=12 kv_dma_issue=0 kv_dma_wait=0 kv_transform=0
FIG8_ATTENTION_EVENT_COUNT mode=lut-exp qo_len=32 phase=measure iteration=16 events=16 max_events=24896 overflow=0
FIG8_ATTENTION_HOST_TIMING mode=lut-exp scna_function=exp2 scna_kernel=direct scna_pipeline=off scna_width=0 qo_len=32 kv_len=4096 n_heads=12 n_kv_heads=2 head_dim=128 phase=measure iteration=17 host_elapsed_us=2181 ret=0
FIG8_ATTENTION_PROFILE_COUNT mode=lut-exp qo_len=32 phase=measure iteration=17 records=2 max_records=10
FIG8_ATTENTION_TIMERS mode=lut-exp scna_function=0 scna_kernel=0 scna_pipeline=0 scna_engine=0 profile_version=1 phase=measure iteration=17 lut_exp=1 nonlinear_mode=0 scna_width=0 scna_exp=0 scna_pack=0 scna_hmx_affine_relu=0 scna_reduction=0 scna_unpack=0 qo_len=32 kv_len=4096 n_heads=12 n_kv_heads=2 head_dim=128 kv_head=0 worker=0 profiled_total=868 q_load=9 k_load=203 v_load=166 qk_dot=15 safe_sm=446 core_acc=15 o_scale=2 o_store=12 kv_dma_issue=0 kv_dma_wait=0 kv_transform=0
FIG8_ATTENTION_TIMERS mode=lut-exp scna_function=0 scna_kernel=0 scna_pipeline=0 scna_engine=0 profile_version=1 phase=measure iteration=17 lut_exp=1 nonlinear_mode=0 scna_width=0 scna_exp=0 scna_pack=0 scna_hmx_affine_relu=0 scna_reduction=0 scna_unpack=0 qo_len=32 kv_len=4096 n_heads=12 n_kv_heads=2 head_dim=128 kv_head=1 worker=0 profiled_total=897 q_load=9 k_load=220 v_load=173 qk_dot=16 safe_sm=451 core_acc=14 o_scale=2 o_store=12 kv_dma_issue=0 kv_dma_wait=0 kv_transform=0
FIG8_ATTENTION_EVENT_COUNT mode=lut-exp qo_len=32 phase=measure iteration=17 events=16 max_events=24896 overflow=0
FIG8_ATTENTION_HOST_TIMING mode=lut-exp scna_function=exp2 scna_kernel=direct scna_pipeline=off scna_width=0 qo_len=32 kv_len=4096 n_heads=12 n_kv_heads=2 head_dim=128 phase=measure iteration=18 host_elapsed_us=2077 ret=0
FIG8_ATTENTION_PROFILE_COUNT mode=lut-exp qo_len=32 phase=measure iteration=18 records=2 max_records=10
FIG8_ATTENTION_TIMERS mode=lut-exp scna_function=0 scna_kernel=0 scna_pipeline=0 scna_engine=0 profile_version=1 phase=measure iteration=18 lut_exp=1 nonlinear_mode=0 scna_width=0 scna_exp=0 scna_pack=0 scna_hmx_affine_relu=0 scna_reduction=0 scna_unpack=0 qo_len=32 kv_len=4096 n_heads=12 n_kv_heads=2 head_dim=128 kv_head=0 worker=0 profiled_total=869 q_load=9 k_load=203 v_load=166 qk_dot=15 safe_sm=447 core_acc=15 o_scale=2 o_store=12 kv_dma_issue=0 kv_dma_wait=0 kv_transform=0
FIG8_ATTENTION_TIMERS mode=lut-exp scna_function=0 scna_kernel=0 scna_pipeline=0 scna_engine=0 profile_version=1 phase=measure iteration=18 lut_exp=1 nonlinear_mode=0 scna_width=0 scna_exp=0 scna_pack=0 scna_hmx_affine_relu=0 scna_reduction=0 scna_unpack=0 qo_len=32 kv_len=4096 n_heads=12 n_kv_heads=2 head_dim=128 kv_head=1 worker=0 profiled_total=870 q_load=9 k_load=222 v_load=161 qk_dot=16 safe_sm=433 core_acc=14 o_scale=3 o_store=12 kv_dma_issue=0 kv_dma_wait=0 kv_transform=0
FIG8_ATTENTION_EVENT_COUNT mode=lut-exp qo_len=32 phase=measure iteration=18 events=16 max_events=24896 overflow=0
FIG8_ATTENTION_HOST_TIMING mode=lut-exp scna_function=exp2 scna_kernel=direct scna_pipeline=off scna_width=0 qo_len=32 kv_len=4096 n_heads=12 n_kv_heads=2 head_dim=128 phase=measure iteration=19 host_elapsed_us=2020 ret=0
FIG8_ATTENTION_PROFILE_COUNT mode=lut-exp qo_len=32 phase=measure iteration=19 records=2 max_records=10
FIG8_ATTENTION_TIMERS mode=lut-exp scna_function=0 scna_kernel=0 scna_pipeline=0 scna_engine=0 profile_version=1 phase=measure iteration=19 lut_exp=1 nonlinear_mode=0 scna_width=0 scna_exp=0 scna_pack=0 scna_hmx_affine_relu=0 scna_reduction=0 scna_unpack=0 qo_len=32 kv_len=4096 n_heads=12 n_kv_heads=2 head_dim=128 kv_head=0 worker=0 profiled_total=828 q_load=9 k_load=186 v_load=150 qk_dot=15 safe_sm=439 core_acc=15 o_scale=2 o_store=12 kv_dma_issue=0 kv_dma_wait=0 kv_transform=0
FIG8_ATTENTION_TIMERS mode=lut-exp scna_function=0 scna_kernel=0 scna_pipeline=0 scna_engine=0 profile_version=1 phase=measure iteration=19 lut_exp=1 nonlinear_mode=0 scna_width=0 scna_exp=0 scna_pack=0 scna_hmx_affine_relu=0 scna_reduction=0 scna_unpack=0 qo_len=32 kv_len=4096 n_heads=12 n_kv_heads=2 head_dim=128 kv_head=1 worker=0 profiled_total=816 q_load=9 k_load=190 v_load=148 qk_dot=16 safe_sm=423 core_acc=15 o_scale=3 o_store=12 kv_dma_issue=0 kv_dma_wait=0 kv_transform=0
FIG8_ATTENTION_EVENT_COUNT mode=lut-exp qo_len=32 phase=measure iteration=19 events=16 max_events=24896 overflow=0
