alloc_shared_mem_buf: buf=0x7562600000 fd=15 size=196608 flags=FASTRPC_MAP_FD
alloc_shared_mem_buf: buf=0x72c7400000 fd=16 size=2097152 flags=FASTRPC_MAP_FD
alloc_shared_mem_buf: buf=0x72c7200000 fd=17 size=2097152 flags=FASTRPC_MAP_FD
alloc_shared_mem_buf: buf=0x755e990000 fd=18 size=196608 flags=FASTRPC_MAP_FD
alloc_shared_mem_buf: buf=0x755e610000 fd=19 size=262144 flags=FASTRPC_MAP_FD
alloc_shared_mem_buf: buf=0x72c7040000 fd=20 size=1794944 flags=FASTRPC_MAP_FD
alloc_shared_mem_buf: buf=0x7565943000 fd=21 size=4096 flags=FASTRPC_MAP_FD
No-op channel request completed
FIG8_ATTENTION_CONFIG mode=scna-hmx-fp16-d8-two-pass scna_function=exp2 scna_kernel=direct scna_pipeline=off mask_mode=full qo_len=32 kv_len=4096 n_heads=12 n_kv_heads=2 head_dim=128 warmup=5 iters=20 scna_width=8 q_size=196608 kv_size=2097152 mask_size=262144 profile_size=1794944 profile_max_records=10 profile_max_events=24896 mode_flags=8212 print_events=0
FIG8_ATTENTION_HOST_TIMING mode=scna-hmx-fp16-d8-two-pass scna_function=exp2 scna_kernel=direct scna_pipeline=off scna_width=8 qo_len=32 kv_len=4096 n_heads=12 n_kv_heads=2 head_dim=128 phase=warmup iteration=0 host_elapsed_us=73905 ret=0
FIG8_ATTENTION_PROFILE_COUNT mode=scna-hmx-fp16-d8-two-pass qo_len=32 phase=warmup iteration=0 records=2 max_records=10
FIG8_ATTENTION_TIMERS mode=scna-hmx-fp16-d8-two-pass scna_function=0 scna_kernel=0 scna_pipeline=0 scna_engine=3 profile_version=1 phase=warmup iteration=0 lut_exp=0 nonlinear_mode=1 scna_width=8 scna_exp=36075 scna_pack=245 scna_hmx_affine_relu=3542 scna_reduction=2953 scna_unpack=27916 qo_len=32 kv_len=4096 n_heads=12 n_kv_heads=2 head_dim=128 kv_head=0 worker=0 profiled_total=36699 q_load=9 k_load=179 v_load=176 qk_dot=15 safe_sm=36278 core_acc=25 o_scale=3 o_store=14 kv_dma_issue=0 kv_dma_wait=0 kv_transform=0
FIG8_ATTENTION_TIMERS mode=scna-hmx-fp16-d8-two-pass scna_function=0 scna_kernel=0 scna_pipeline=0 scna_engine=3 profile_version=1 phase=warmup iteration=0 lut_exp=0 nonlinear_mode=1 scna_width=8 scna_exp=36072 scna_pack=242 scna_hmx_affine_relu=3546 scna_reduction=2950 scna_unpack=27915 qo_len=32 kv_len=4096 n_heads=12 n_kv_heads=2 head_dim=128 kv_head=1 worker=0 profiled_total=36714 q_load=9 k_load=204 v_load=184 qk_dot=16 safe_sm=36264 core_acc=23 o_scale=2 o_store=12 kv_dma_issue=0 kv_dma_wait=0 kv_transform=0
FIG8_ATTENTION_EVENT_COUNT mode=scna-hmx-fp16-d8-two-pass qo_len=32 phase=warmup iteration=0 events=16 max_events=24896 overflow=0
FIG8_ATTENTION_HOST_TIMING mode=scna-hmx-fp16-d8-two-pass scna_function=exp2 scna_kernel=direct scna_pipeline=off scna_width=8 qo_len=32 kv_len=4096 n_heads=12 n_kv_heads=2 head_dim=128 phase=warmup iteration=1 host_elapsed_us=73816 ret=0
FIG8_ATTENTION_PROFILE_COUNT mode=scna-hmx-fp16-d8-two-pass qo_len=32 phase=warmup iteration=1 records=2 max_records=10
FIG8_ATTENTION_TIMERS mode=scna-hmx-fp16-d8-two-pass scna_function=0 scna_kernel=0 scna_pipeline=0 scna_engine=3 profile_version=1 phase=warmup iteration=1 lut_exp=0 nonlinear_mode=1 scna_width=8 scna_exp=36052 scna_pack=246 scna_hmx_affine_relu=3525 scna_reduction=2955 scna_unpack=27911 qo_len=32 kv_len=4096 n_heads=12 n_kv_heads=2 head_dim=128 kv_head=0 worker=0 profiled_total=36687 q_load=9 k_load=170 v_load=180 qk_dot=15 safe_sm=36274 core_acc=25 o_scale=2 o_store=12 kv_dma_issue=0 kv_dma_wait=0 kv_transform=0
FIG8_ATTENTION_TIMERS mode=scna-hmx-fp16-d8-two-pass scna_function=0 scna_kernel=0 scna_pipeline=0 scna_engine=3 profile_version=1 phase=warmup iteration=1 lut_exp=0 nonlinear_mode=1 scna_width=8 scna_exp=36054 scna_pack=243 scna_hmx_affine_relu=3527 scna_reduction=2956 scna_unpack=27910 qo_len=32 kv_len=4096 n_heads=12 n_kv_heads=2 head_dim=128 kv_head=1 worker=0 profiled_total=36699 q_load=9 k_load=216 v_load=169 qk_dot=15 safe_sm=36253 core_acc=23 o_scale=2 o_store=12 kv_dma_issue=0 kv_dma_wait=0 kv_transform=0
FIG8_ATTENTION_EVENT_COUNT mode=scna-hmx-fp16-d8-two-pass qo_len=32 phase=warmup iteration=1 events=16 max_events=24896 overflow=0
FIG8_ATTENTION_HOST_TIMING mode=scna-hmx-fp16-d8-two-pass scna_function=exp2 scna_kernel=direct scna_pipeline=off scna_width=8 qo_len=32 kv_len=4096 n_heads=12 n_kv_heads=2 head_dim=128 phase=warmup iteration=2 host_elapsed_us=73799 ret=0
FIG8_ATTENTION_PROFILE_COUNT mode=scna-hmx-fp16-d8-two-pass qo_len=32 phase=warmup iteration=2 records=2 max_records=10
FIG8_ATTENTION_TIMERS mode=scna-hmx-fp16-d8-two-pass scna_function=0 scna_kernel=0 scna_pipeline=0 scna_engine=3 profile_version=1 phase=warmup iteration=2 lut_exp=0 nonlinear_mode=1 scna_width=8 scna_exp=36069 scna_pack=238 scna_hmx_affine_relu=3547 scna_reduction=2953 scna_unpack=27916 qo_len=32 kv_len=4096 n_heads=12 n_kv_heads=2 head_dim=128 kv_head=0 worker=0 profiled_total=36705 q_load=9 k_load=184 v_load=172 qk_dot=15 safe_sm=36286 core_acc=25 o_scale=2 o_store=12 kv_dma_issue=0 kv_dma_wait=0 kv_transform=0
FIG8_ATTENTION_TIMERS mode=scna-hmx-fp16-d8-two-pass scna_function=0 scna_kernel=0 scna_pipeline=0 scna_engine=3 profile_version=1 phase=warmup iteration=2 lut_exp=0 nonlinear_mode=1 scna_width=8 scna_exp=36054 scna_pack=244 scna_hmx_affine_relu=3529 scna_reduction=2956 scna_unpack=27911 qo_len=32 kv_len=4096 n_heads=12 n_kv_heads=2 head_dim=128 kv_head=1 worker=0 profiled_total=36708 q_load=9 k_load=225 v_load=169 qk_dot=16 safe_sm=36252 core_acc=23 o_scale=2 o_store=12 kv_dma_issue=0 kv_dma_wait=0 kv_transform=0
FIG8_ATTENTION_EVENT_COUNT mode=scna-hmx-fp16-d8-two-pass qo_len=32 phase=warmup iteration=2 events=16 max_events=24896 overflow=0
FIG8_ATTENTION_HOST_TIMING mode=scna-hmx-fp16-d8-two-pass scna_function=exp2 scna_kernel=direct scna_pipeline=off scna_width=8 qo_len=32 kv_len=4096 n_heads=12 n_kv_heads=2 head_dim=128 phase=warmup iteration=3 host_elapsed_us=73763 ret=0
FIG8_ATTENTION_PROFILE_COUNT mode=scna-hmx-fp16-d8-two-pass qo_len=32 phase=warmup iteration=3 records=2 max_records=10
FIG8_ATTENTION_TIMERS mode=scna-hmx-fp16-d8-two-pass scna_function=0 scna_kernel=0 scna_pipeline=0 scna_engine=3 profile_version=1 phase=warmup iteration=3 lut_exp=0 nonlinear_mode=1 scna_width=8 scna_exp=36053 scna_pack=247 scna_hmx_affine_relu=3528 scna_reduction=2955 scna_unpack=27910 qo_len=32 kv_len=4096 n_heads=12 n_kv_heads=2 head_dim=128 kv_head=0 worker=0 profiled_total=36689 q_load=9 k_load=189 v_load=167 qk_dot=15 safe_sm=36270 core_acc=25 o_scale=2 o_store=12 kv_dma_issue=0 kv_dma_wait=0 kv_transform=0
FIG8_ATTENTION_TIMERS mode=scna-hmx-fp16-d8-two-pass scna_function=0 scna_kernel=0 scna_pipeline=0 scna_engine=3 profile_version=1 phase=warmup iteration=3 lut_exp=0 nonlinear_mode=1 scna_width=8 scna_exp=36053 scna_pack=245 scna_hmx_affine_relu=3529 scna_reduction=2956 scna_unpack=27912 qo_len=32 kv_len=4096 n_heads=12 n_kv_heads=2 head_dim=128 kv_head=1 worker=0 profiled_total=36714 q_load=9 k_load=224 v_load=177 qk_dot=15 safe_sm=36251 core_acc=23 o_scale=3 o_store=12 kv_dma_issue=0 kv_dma_wait=0 kv_transform=0
FIG8_ATTENTION_EVENT_COUNT mode=scna-hmx-fp16-d8-two-pass qo_len=32 phase=warmup iteration=3 events=16 max_events=24896 overflow=0
FIG8_ATTENTION_HOST_TIMING mode=scna-hmx-fp16-d8-two-pass scna_function=exp2 scna_kernel=direct scna_pipeline=off scna_width=8 qo_len=32 kv_len=4096 n_heads=12 n_kv_heads=2 head_dim=128 phase=warmup iteration=4 host_elapsed_us=73621 ret=0
FIG8_ATTENTION_PROFILE_COUNT mode=scna-hmx-fp16-d8-two-pass qo_len=32 phase=warmup iteration=4 records=2 max_records=10
FIG8_ATTENTION_TIMERS mode=scna-hmx-fp16-d8-two-pass scna_function=0 scna_kernel=0 scna_pipeline=0 scna_engine=3 profile_version=1 phase=warmup iteration=4 lut_exp=0 nonlinear_mode=1 scna_width=8 scna_exp=36052 scna_pack=245 scna_hmx_affine_relu=3526 scna_reduction=2956 scna_unpack=27912 qo_len=32 kv_len=4096 n_heads=12 n_kv_heads=2 head_dim=128 kv_head=0 worker=0 profiled_total=36636 q_load=10 k_load=182 v_load=126 qk_dot=15 safe_sm=36265 core_acc=24 o_scale=2 o_store=12 kv_dma_issue=0 kv_dma_wait=0 kv_transform=0
FIG8_ATTENTION_TIMERS mode=scna-hmx-fp16-d8-two-pass scna_function=0 scna_kernel=0 scna_pipeline=0 scna_engine=3 profile_version=1 phase=warmup iteration=4 lut_exp=0 nonlinear_mode=1 scna_width=8 scna_exp=36051 scna_pack=245 scna_hmx_affine_relu=3527 scna_reduction=2954 scna_unpack=27909 qo_len=32 kv_len=4096 n_heads=12 n_kv_heads=2 head_dim=128 kv_head=1 worker=0 profiled_total=36621 q_load=9 k_load=168 v_load=159 qk_dot=15 safe_sm=36233 core_acc=23 o_scale=2 o_store=12 kv_dma_issue=0 kv_dma_wait=0 kv_transform=0
FIG8_ATTENTION_EVENT_COUNT mode=scna-hmx-fp16-d8-two-pass qo_len=32 phase=warmup iteration=4 events=16 max_events=24896 overflow=0
FIG8_ATTENTION_HOST_TIMING mode=scna-hmx-fp16-d8-two-pass scna_function=exp2 scna_kernel=direct scna_pipeline=off scna_width=8 qo_len=32 kv_len=4096 n_heads=12 n_kv_heads=2 head_dim=128 phase=measure iteration=0 host_elapsed_us=73585 ret=0
FIG8_ATTENTION_PROFILE_COUNT mode=scna-hmx-fp16-d8-two-pass qo_len=32 phase=measure iteration=0 records=2 max_records=10
FIG8_ATTENTION_TIMERS mode=scna-hmx-fp16-d8-two-pass scna_function=0 scna_kernel=0 scna_pipeline=0 scna_engine=3 profile_version=1 phase=measure iteration=0 lut_exp=0 nonlinear_mode=1 scna_width=8 scna_exp=36053 scna_pack=244 scna_hmx_affine_relu=3527 scna_reduction=2957 scna_unpack=27911 qo_len=32 kv_len=4096 n_heads=12 n_kv_heads=2 head_dim=128 kv_head=0 worker=0 profiled_total=36603 q_load=9 k_load=149 v_load=126 qk_dot=15 safe_sm=36265 core_acc=25 o_scale=2 o_store=12 kv_dma_issue=0 kv_dma_wait=0 kv_transform=0
FIG8_ATTENTION_TIMERS mode=scna-hmx-fp16-d8-two-pass scna_function=0 scna_kernel=0 scna_pipeline=0 scna_engine=3 profile_version=1 phase=measure iteration=0 lut_exp=0 nonlinear_mode=1 scna_width=8 scna_exp=36053 scna_pack=246 scna_hmx_affine_relu=3526 scna_reduction=2953 scna_unpack=27910 qo_len=32 kv_len=4096 n_heads=12 n_kv_heads=2 head_dim=128 kv_head=1 worker=0 profiled_total=36601 q_load=9 k_load=159 v_load=139 qk_dot=16 safe_sm=36241 core_acc=23 o_scale=2 o_store=12 kv_dma_issue=0 kv_dma_wait=0 kv_transform=0
FIG8_ATTENTION_EVENT_COUNT mode=scna-hmx-fp16-d8-two-pass qo_len=32 phase=measure iteration=0 events=16 max_events=24896 overflow=0
FIG8_ATTENTION_HOST_TIMING mode=scna-hmx-fp16-d8-two-pass scna_function=exp2 scna_kernel=direct scna_pipeline=off scna_width=8 qo_len=32 kv_len=4096 n_heads=12 n_kv_heads=2 head_dim=128 phase=measure iteration=1 host_elapsed_us=73590 ret=0
FIG8_ATTENTION_PROFILE_COUNT mode=scna-hmx-fp16-d8-two-pass qo_len=32 phase=measure iteration=1 records=2 max_records=10
FIG8_ATTENTION_TIMERS mode=scna-hmx-fp16-d8-two-pass scna_function=0 scna_kernel=0 scna_pipeline=0 scna_engine=3 profile_version=1 phase=measure iteration=1 lut_exp=0 nonlinear_mode=1 scna_width=8 scna_exp=36053 scna_pack=245 scna_hmx_affine_relu=3527 scna_reduction=2954 scna_unpack=27909 qo_len=32 kv_len=4096 n_heads=12 n_kv_heads=2 head_dim=128 kv_head=0 worker=0 profiled_total=36598 q_load=9 k_load=140 v_load=131 qk_dot=15 safe_sm=36264 core_acc=25 o_scale=2 o_store=12 kv_dma_issue=0 kv_dma_wait=0 kv_transform=0
FIG8_ATTENTION_TIMERS mode=scna-hmx-fp16-d8-two-pass scna_function=0 scna_kernel=0 scna_pipeline=0 scna_engine=3 profile_version=1 phase=measure iteration=1 lut_exp=0 nonlinear_mode=1 scna_width=8 scna_exp=36068 scna_pack=244 scna_hmx_affine_relu=3540 scna_reduction=2953 scna_unpack=27914 qo_len=32 kv_len=4096 n_heads=12 n_kv_heads=2 head_dim=128 kv_head=1 worker=0 profiled_total=36626 q_load=9 k_load=166 v_load=142 qk_dot=16 safe_sm=36256 core_acc=23 o_scale=2 o_store=12 kv_dma_issue=0 kv_dma_wait=0 kv_transform=0
FIG8_ATTENTION_EVENT_COUNT mode=scna-hmx-fp16-d8-two-pass qo_len=32 phase=measure iteration=1 events=16 max_events=24896 overflow=0
FIG8_ATTENTION_HOST_TIMING mode=scna-hmx-fp16-d8-two-pass scna_function=exp2 scna_kernel=direct scna_pipeline=off scna_width=8 qo_len=32 kv_len=4096 n_heads=12 n_kv_heads=2 head_dim=128 phase=measure iteration=2 host_elapsed_us=73701 ret=0
FIG8_ATTENTION_PROFILE_COUNT mode=scna-hmx-fp16-d8-two-pass qo_len=32 phase=measure iteration=2 records=2 max_records=10
FIG8_ATTENTION_TIMERS mode=scna-hmx-fp16-d8-two-pass scna_function=0 scna_kernel=0 scna_pipeline=0 scna_engine=3 profile_version=1 phase=measure iteration=2 lut_exp=0 nonlinear_mode=1 scna_width=8 scna_exp=36068 scna_pack=243 scna_hmx_affine_relu=3543 scna_reduction=2955 scna_unpack=27914 qo_len=32 kv_len=4096 n_heads=12 n_kv_heads=2 head_dim=128 kv_head=0 worker=0 profiled_total=36649 q_load=9 k_load=153 v_load=153 qk_dot=15 safe_sm=36280 core_acc=25 o_scale=2 o_store=12 kv_dma_issue=0 kv_dma_wait=0 kv_transform=0
FIG8_ATTENTION_TIMERS mode=scna-hmx-fp16-d8-two-pass scna_function=0 scna_kernel=0 scna_pipeline=0 scna_engine=3 profile_version=1 phase=measure iteration=2 lut_exp=0 nonlinear_mode=1 scna_width=8 scna_exp=36069 scna_pack=241 scna_hmx_affine_relu=3546 scna_reduction=2951 scna_unpack=27915 qo_len=32 kv_len=4096 n_heads=12 n_kv_heads=2 head_dim=128 kv_head=1 worker=0 profiled_total=36640 q_load=9 k_load=168 v_load=149 qk_dot=16 safe_sm=36261 core_acc=23 o_scale=2 o_store=12 kv_dma_issue=0 kv_dma_wait=0 kv_transform=0
FIG8_ATTENTION_EVENT_COUNT mode=scna-hmx-fp16-d8-two-pass qo_len=32 phase=measure iteration=2 events=16 max_events=24896 overflow=0
FIG8_ATTENTION_HOST_TIMING mode=scna-hmx-fp16-d8-two-pass scna_function=exp2 scna_kernel=direct scna_pipeline=off scna_width=8 qo_len=32 kv_len=4096 n_heads=12 n_kv_heads=2 head_dim=128 phase=measure iteration=3 host_elapsed_us=73696 ret=0
FIG8_ATTENTION_PROFILE_COUNT mode=scna-hmx-fp16-d8-two-pass qo_len=32 phase=measure iteration=3 records=2 max_records=10
FIG8_ATTENTION_TIMERS mode=scna-hmx-fp16-d8-two-pass scna_function=0 scna_kernel=0 scna_pipeline=0 scna_engine=3 profile_version=1 phase=measure iteration=3 lut_exp=0 nonlinear_mode=1 scna_width=8 scna_exp=36069 scna_pack=248 scna_hmx_affine_relu=3545 scna_reduction=2954 scna_unpack=27914 qo_len=32 kv_len=4096 n_heads=12 n_kv_heads=2 head_dim=128 kv_head=0 worker=0 profiled_total=36657 q_load=9 k_load=160 v_load=147 qk_dot=15 safe_sm=36287 core_acc=25 o_scale=2 o_store=12 kv_dma_issue=0 kv_dma_wait=0 kv_transform=0
FIG8_ATTENTION_TIMERS mode=scna-hmx-fp16-d8-two-pass scna_function=0 scna_kernel=0 scna_pipeline=0 scna_engine=3 profile_version=1 phase=measure iteration=3 lut_exp=0 nonlinear_mode=1 scna_width=8 scna_exp=36068 scna_pack=248 scna_hmx_affine_relu=3543 scna_reduction=2953 scna_unpack=27912 qo_len=32 kv_len=4096 n_heads=12 n_kv_heads=2 head_dim=128 kv_head=1 worker=0 profiled_total=36641 q_load=9 k_load=169 v_load=153 qk_dot=16 safe_sm=36258 core_acc=22 o_scale=2 o_store=12 kv_dma_issue=0 kv_dma_wait=0 kv_transform=0
FIG8_ATTENTION_EVENT_COUNT mode=scna-hmx-fp16-d8-two-pass qo_len=32 phase=measure iteration=3 events=16 max_events=24896 overflow=0
FIG8_ATTENTION_HOST_TIMING mode=scna-hmx-fp16-d8-two-pass scna_function=exp2 scna_kernel=direct scna_pipeline=off scna_width=8 qo_len=32 kv_len=4096 n_heads=12 n_kv_heads=2 head_dim=128 phase=measure iteration=4 host_elapsed_us=73671 ret=0
FIG8_ATTENTION_PROFILE_COUNT mode=scna-hmx-fp16-d8-two-pass qo_len=32 phase=measure iteration=4 records=2 max_records=10
FIG8_ATTENTION_TIMERS mode=scna-hmx-fp16-d8-two-pass scna_function=0 scna_kernel=0 scna_pipeline=0 scna_engine=3 profile_version=1 phase=measure iteration=4 lut_exp=0 nonlinear_mode=1 scna_width=8 scna_exp=36068 scna_pack=242 scna_hmx_affine_relu=3544 scna_reduction=2952 scna_unpack=27913 qo_len=32 kv_len=4096 n_heads=12 n_kv_heads=2 head_dim=128 kv_head=0 worker=0 profiled_total=36654 q_load=9 k_load=159 v_load=152 qk_dot=15 safe_sm=36280 core_acc=25 o_scale=2 o_store=12 kv_dma_issue=0 kv_dma_wait=0 kv_transform=0
FIG8_ATTENTION_TIMERS mode=scna-hmx-fp16-d8-two-pass scna_function=0 scna_kernel=0 scna_pipeline=0 scna_engine=3 profile_version=1 phase=measure iteration=4 lut_exp=0 nonlinear_mode=1 scna_width=8 scna_exp=36069 scna_pack=244 scna_hmx_affine_relu=3547 scna_reduction=2953 scna_unpack=27913 qo_len=32 kv_len=4096 n_heads=12 n_kv_heads=2 head_dim=128 kv_head=1 worker=0 profiled_total=36657 q_load=9 k_load=171 v_load=163 qk_dot=16 safe_sm=36261 core_acc=23 o_scale=2 o_store=12 kv_dma_issue=0 kv_dma_wait=0 kv_transform=0
FIG8_ATTENTION_EVENT_COUNT mode=scna-hmx-fp16-d8-two-pass qo_len=32 phase=measure iteration=4 events=16 max_events=24896 overflow=0
FIG8_ATTENTION_HOST_TIMING mode=scna-hmx-fp16-d8-two-pass scna_function=exp2 scna_kernel=direct scna_pipeline=off scna_width=8 qo_len=32 kv_len=4096 n_heads=12 n_kv_heads=2 head_dim=128 phase=measure iteration=5 host_elapsed_us=73753 ret=0
FIG8_ATTENTION_PROFILE_COUNT mode=scna-hmx-fp16-d8-two-pass qo_len=32 phase=measure iteration=5 records=2 max_records=10
FIG8_ATTENTION_TIMERS mode=scna-hmx-fp16-d8-two-pass scna_function=0 scna_kernel=0 scna_pipeline=0 scna_engine=3 profile_version=1 phase=measure iteration=5 lut_exp=0 nonlinear_mode=1 scna_width=8 scna_exp=36069 scna_pack=245 scna_hmx_affine_relu=3541 scna_reduction=2952 scna_unpack=27913 qo_len=32 kv_len=4096 n_heads=12 n_kv_heads=2 head_dim=128 kv_head=0 worker=0 profiled_total=36673 q_load=10 k_load=166 v_load=157 qk_dot=15 safe_sm=36285 core_acc=25 o_scale=3 o_store=12 kv_dma_issue=0 kv_dma_wait=0 kv_transform=0
FIG8_ATTENTION_TIMERS mode=scna-hmx-fp16-d8-two-pass scna_function=0 scna_kernel=0 scna_pipeline=0 scna_engine=3 profile_version=1 phase=measure iteration=5 lut_exp=0 nonlinear_mode=1 scna_width=8 scna_exp=36068 scna_pack=241 scna_hmx_affine_relu=3545 scna_reduction=2953 scna_unpack=27914 qo_len=32 kv_len=4096 n_heads=12 n_kv_heads=2 head_dim=128 kv_head=1 worker=0 profiled_total=36634 q_load=9 k_load=180 v_load=138 qk_dot=16 safe_sm=36255 core_acc=22 o_scale=2 o_store=12 kv_dma_issue=0 kv_dma_wait=0 kv_transform=0
FIG8_ATTENTION_EVENT_COUNT mode=scna-hmx-fp16-d8-two-pass qo_len=32 phase=measure iteration=5 events=16 max_events=24896 overflow=0
FIG8_ATTENTION_HOST_TIMING mode=scna-hmx-fp16-d8-two-pass scna_function=exp2 scna_kernel=direct scna_pipeline=off scna_width=8 qo_len=32 kv_len=4096 n_heads=12 n_kv_heads=2 head_dim=128 phase=measure iteration=6 host_elapsed_us=73584 ret=0
FIG8_ATTENTION_PROFILE_COUNT mode=scna-hmx-fp16-d8-two-pass qo_len=32 phase=measure iteration=6 records=2 max_records=10
FIG8_ATTENTION_TIMERS mode=scna-hmx-fp16-d8-two-pass scna_function=0 scna_kernel=0 scna_pipeline=0 scna_engine=3 profile_version=1 phase=measure iteration=6 lut_exp=0 nonlinear_mode=1 scna_width=8 scna_exp=36067 scna_pack=248 scna_hmx_affine_relu=3543 scna_reduction=2952 scna_unpack=27911 qo_len=32 kv_len=4096 n_heads=12 n_kv_heads=2 head_dim=128 kv_head=0 worker=0 profiled_total=36614 q_load=9 k_load=151 v_load=140 qk_dot=15 safe_sm=36261 core_acc=24 o_scale=2 o_store=12 kv_dma_issue=0 kv_dma_wait=0 kv_transform=0
FIG8_ATTENTION_TIMERS mode=scna-hmx-fp16-d8-two-pass scna_function=0 scna_kernel=0 scna_pipeline=0 scna_engine=3 profile_version=1 phase=measure iteration=6 lut_exp=0 nonlinear_mode=1 scna_width=8 scna_exp=36067 scna_pack=247 scna_hmx_affine_relu=3541 scna_reduction=2953 scna_unpack=27911 qo_len=32 kv_len=4096 n_heads=12 n_kv_heads=2 head_dim=128 kv_head=1 worker=0 profiled_total=36614 q_load=9 k_load=166 v_load=143 qk_dot=15 safe_sm=36244 core_acc=22 o_scale=3 o_store=12 kv_dma_issue=0 kv_dma_wait=0 kv_transform=0
FIG8_ATTENTION_EVENT_COUNT mode=scna-hmx-fp16-d8-two-pass qo_len=32 phase=measure iteration=6 events=16 max_events=24896 overflow=0
FIG8_ATTENTION_HOST_TIMING mode=scna-hmx-fp16-d8-two-pass scna_function=exp2 scna_kernel=direct scna_pipeline=off scna_width=8 qo_len=32 kv_len=4096 n_heads=12 n_kv_heads=2 head_dim=128 phase=measure iteration=7 host_elapsed_us=73582 ret=0
FIG8_ATTENTION_PROFILE_COUNT mode=scna-hmx-fp16-d8-two-pass qo_len=32 phase=measure iteration=7 records=2 max_records=10
FIG8_ATTENTION_TIMERS mode=scna-hmx-fp16-d8-two-pass scna_function=0 scna_kernel=0 scna_pipeline=0 scna_engine=3 profile_version=1 phase=measure iteration=7 lut_exp=0 nonlinear_mode=1 scna_width=8 scna_exp=36068 scna_pack=244 scna_hmx_affine_relu=3544 scna_reduction=2953 scna_unpack=27909 qo_len=32 kv_len=4096 n_heads=12 n_kv_heads=2 head_dim=128 kv_head=0 worker=0 profiled_total=36626 q_load=9 k_load=156 v_load=140 qk_dot=15 safe_sm=36268 core_acc=24 o_scale=2 o_store=12 kv_dma_issue=0 kv_dma_wait=0 kv_transform=0
FIG8_ATTENTION_TIMERS mode=scna-hmx-fp16-d8-two-pass scna_function=0 scna_kernel=0 scna_pipeline=0 scna_engine=3 profile_version=1 phase=measure iteration=7 lut_exp=0 nonlinear_mode=1 scna_width=8 scna_exp=36067 scna_pack=242 scna_hmx_affine_relu=3543 scna_reduction=2953 scna_unpack=27915 qo_len=32 kv_len=4096 n_heads=12 n_kv_heads=2 head_dim=128 kv_head=1 worker=0 profiled_total=36617 q_load=9 k_load=168 v_load=142 qk_dot=16 safe_sm=36245 core_acc=22 o_scale=3 o_store=12 kv_dma_issue=0 kv_dma_wait=0 kv_transform=0
FIG8_ATTENTION_EVENT_COUNT mode=scna-hmx-fp16-d8-two-pass qo_len=32 phase=measure iteration=7 events=16 max_events=24896 overflow=0
FIG8_ATTENTION_HOST_TIMING mode=scna-hmx-fp16-d8-two-pass scna_function=exp2 scna_kernel=direct scna_pipeline=off scna_width=8 qo_len=32 kv_len=4096 n_heads=12 n_kv_heads=2 head_dim=128 phase=measure iteration=8 host_elapsed_us=73671 ret=0
FIG8_ATTENTION_PROFILE_COUNT mode=scna-hmx-fp16-d8-two-pass qo_len=32 phase=measure iteration=8 records=2 max_records=10
FIG8_ATTENTION_TIMERS mode=scna-hmx-fp16-d8-two-pass scna_function=0 scna_kernel=0 scna_pipeline=0 scna_engine=3 profile_version=1 phase=measure iteration=8 lut_exp=0 nonlinear_mode=1 scna_width=8 scna_exp=36067 scna_pack=244 scna_hmx_affine_relu=3543 scna_reduction=2952 scna_unpack=27915 qo_len=32 kv_len=4096 n_heads=12 n_kv_heads=2 head_dim=128 kv_head=0 worker=0 profiled_total=36623 q_load=9 k_load=158 v_load=139 qk_dot=15 safe_sm=36265 core_acc=23 o_scale=2 o_store=12 kv_dma_issue=0 kv_dma_wait=0 kv_transform=0
FIG8_ATTENTION_TIMERS mode=scna-hmx-fp16-d8-two-pass scna_function=0 scna_kernel=0 scna_pipeline=0 scna_engine=3 profile_version=1 phase=measure iteration=8 lut_exp=0 nonlinear_mode=1 scna_width=8 scna_exp=36067 scna_pack=240 scna_hmx_affine_relu=3545 scna_reduction=2952 scna_unpack=27918 qo_len=32 kv_len=4096 n_heads=12 n_kv_heads=2 head_dim=128 kv_head=1 worker=0 profiled_total=36616 q_load=9 k_load=168 v_load=142 qk_dot=15 safe_sm=36245 core_acc=23 o_scale=2 o_store=12 kv_dma_issue=0 kv_dma_wait=0 kv_transform=0
FIG8_ATTENTION_EVENT_COUNT mode=scna-hmx-fp16-d8-two-pass qo_len=32 phase=measure iteration=8 events=16 max_events=24896 overflow=0
FIG8_ATTENTION_HOST_TIMING mode=scna-hmx-fp16-d8-two-pass scna_function=exp2 scna_kernel=direct scna_pipeline=off scna_width=8 qo_len=32 kv_len=4096 n_heads=12 n_kv_heads=2 head_dim=128 phase=measure iteration=9 host_elapsed_us=73682 ret=0
FIG8_ATTENTION_PROFILE_COUNT mode=scna-hmx-fp16-d8-two-pass qo_len=32 phase=measure iteration=9 records=2 max_records=10
FIG8_ATTENTION_TIMERS mode=scna-hmx-fp16-d8-two-pass scna_function=0 scna_kernel=0 scna_pipeline=0 scna_engine=3 profile_version=1 phase=measure iteration=9 lut_exp=0 nonlinear_mode=1 scna_width=8 scna_exp=36068 scna_pack=244 scna_hmx_affine_relu=3543 scna_reduction=2952 scna_unpack=27914 qo_len=32 kv_len=4096 n_heads=12 n_kv_heads=2 head_dim=128 kv_head=0 worker=0 profiled_total=36625 q_load=9 k_load=157 v_load=139 qk_dot=15 safe_sm=36267 core_acc=24 o_scale=2 o_store=12 kv_dma_issue=0 kv_dma_wait=0 kv_transform=0
FIG8_ATTENTION_TIMERS mode=scna-hmx-fp16-d8-two-pass scna_function=0 scna_kernel=0 scna_pipeline=0 scna_engine=3 profile_version=1 phase=measure iteration=9 lut_exp=0 nonlinear_mode=1 scna_width=8 scna_exp=36067 scna_pack=248 scna_hmx_affine_relu=3539 scna_reduction=2952 scna_unpack=27910 qo_len=32 kv_len=4096 n_heads=12 n_kv_heads=2 head_dim=128 kv_head=1 worker=0 profiled_total=36619 q_load=9 k_load=170 v_load=145 qk_dot=15 safe_sm=36244 core_acc=22 o_scale=2 o_store=12 kv_dma_issue=0 kv_dma_wait=0 kv_transform=0
FIG8_ATTENTION_EVENT_COUNT mode=scna-hmx-fp16-d8-two-pass qo_len=32 phase=measure iteration=9 events=16 max_events=24896 overflow=0
FIG8_ATTENTION_HOST_TIMING mode=scna-hmx-fp16-d8-two-pass scna_function=exp2 scna_kernel=direct scna_pipeline=off scna_width=8 qo_len=32 kv_len=4096 n_heads=12 n_kv_heads=2 head_dim=128 phase=measure iteration=10 host_elapsed_us=73573 ret=0
FIG8_ATTENTION_PROFILE_COUNT mode=scna-hmx-fp16-d8-two-pass qo_len=32 phase=measure iteration=10 records=2 max_records=10
FIG8_ATTENTION_TIMERS mode=scna-hmx-fp16-d8-two-pass scna_function=0 scna_kernel=0 scna_pipeline=0 scna_engine=3 profile_version=1 phase=measure iteration=10 lut_exp=0 nonlinear_mode=1 scna_width=8 scna_exp=36068 scna_pack=248 scna_hmx_affine_relu=3543 scna_reduction=2950 scna_unpack=27913 qo_len=32 kv_len=4096 n_heads=12 n_kv_heads=2 head_dim=128 kv_head=0 worker=0 profiled_total=36628 q_load=9 k_load=160 v_load=139 qk_dot=15 safe_sm=36268 core_acc=23 o_scale=2 o_store=12 kv_dma_issue=0 kv_dma_wait=0 kv_transform=0
FIG8_ATTENTION_TIMERS mode=scna-hmx-fp16-d8-two-pass scna_function=0 scna_kernel=0 scna_pipeline=0 scna_engine=3 profile_version=1 phase=measure iteration=10 lut_exp=0 nonlinear_mode=1 scna_width=8 scna_exp=36067 scna_pack=242 scna_hmx_affine_relu=3546 scna_reduction=2952 scna_unpack=27915 qo_len=32 kv_len=4096 n_heads=12 n_kv_heads=2 head_dim=128 kv_head=1 worker=0 profiled_total=36621 q_load=9 k_load=171 v_load=144 qk_dot=15 safe_sm=36246 core_acc=22 o_scale=2 o_store=12 kv_dma_issue=0 kv_dma_wait=0 kv_transform=0
FIG8_ATTENTION_EVENT_COUNT mode=scna-hmx-fp16-d8-two-pass qo_len=32 phase=measure iteration=10 events=16 max_events=24896 overflow=0
FIG8_ATTENTION_HOST_TIMING mode=scna-hmx-fp16-d8-two-pass scna_function=exp2 scna_kernel=direct scna_pipeline=off scna_width=8 qo_len=32 kv_len=4096 n_heads=12 n_kv_heads=2 head_dim=128 phase=measure iteration=11 host_elapsed_us=73692 ret=0
FIG8_ATTENTION_PROFILE_COUNT mode=scna-hmx-fp16-d8-two-pass qo_len=32 phase=measure iteration=11 records=2 max_records=10
FIG8_ATTENTION_TIMERS mode=scna-hmx-fp16-d8-two-pass scna_function=0 scna_kernel=0 scna_pipeline=0 scna_engine=3 profile_version=1 phase=measure iteration=11 lut_exp=0 nonlinear_mode=1 scna_width=8 scna_exp=36067 scna_pack=242 scna_hmx_affine_relu=3543 scna_reduction=2952 scna_unpack=27912 qo_len=32 kv_len=4096 n_heads=12 n_kv_heads=2 head_dim=128 kv_head=0 worker=0 profiled_total=36640 q_load=9 k_load=172 v_load=140 qk_dot=15 safe_sm=36266 core_acc=24 o_scale=2 o_store=12 kv_dma_issue=0 kv_dma_wait=0 kv_transform=0
FIG8_ATTENTION_TIMERS mode=scna-hmx-fp16-d8-two-pass scna_function=0 scna_kernel=0 scna_pipeline=0 scna_engine=3 profile_version=1 phase=measure iteration=11 lut_exp=0 nonlinear_mode=1 scna_width=8 scna_exp=36068 scna_pack=245 scna_hmx_affine_relu=3546 scna_reduction=2949 scna_unpack=27915 qo_len=32 kv_len=4096 n_heads=12 n_kv_heads=2 head_dim=128 kv_head=1 worker=0 profiled_total=36621 q_load=9 k_load=171 v_load=144 qk_dot=16 safe_sm=36245 core_acc=22 o_scale=2 o_store=12 kv_dma_issue=0 kv_dma_wait=0 kv_transform=0
FIG8_ATTENTION_EVENT_COUNT mode=scna-hmx-fp16-d8-two-pass qo_len=32 phase=measure iteration=11 events=16 max_events=24896 overflow=0
FIG8_ATTENTION_HOST_TIMING mode=scna-hmx-fp16-d8-two-pass scna_function=exp2 scna_kernel=direct scna_pipeline=off scna_width=8 qo_len=32 kv_len=4096 n_heads=12 n_kv_heads=2 head_dim=128 phase=measure iteration=12 host_elapsed_us=73575 ret=0
FIG8_ATTENTION_PROFILE_COUNT mode=scna-hmx-fp16-d8-two-pass qo_len=32 phase=measure iteration=12 records=2 max_records=10
FIG8_ATTENTION_TIMERS mode=scna-hmx-fp16-d8-two-pass scna_function=0 scna_kernel=0 scna_pipeline=0 scna_engine=3 profile_version=1 phase=measure iteration=12 lut_exp=0 nonlinear_mode=1 scna_width=8 scna_exp=36067 scna_pack=243 scna_hmx_affine_relu=3543 scna_reduction=2953 scna_unpack=27912 qo_len=32 kv_len=4096 n_heads=12 n_kv_heads=2 head_dim=128 kv_head=0 worker=0 profiled_total=36625 q_load=9 k_load=159 v_load=139 qk_dot=15 safe_sm=36266 core_acc=23 o_scale=2 o_store=12 kv_dma_issue=0 kv_dma_wait=0 kv_transform=0
FIG8_ATTENTION_TIMERS mode=scna-hmx-fp16-d8-two-pass scna_function=0 scna_kernel=0 scna_pipeline=0 scna_engine=3 profile_version=1 phase=measure iteration=12 lut_exp=0 nonlinear_mode=1 scna_width=8 scna_exp=36067 scna_pack=241 scna_hmx_affine_relu=3546 scna_reduction=2954 scna_unpack=27914 qo_len=32 kv_len=4096 n_heads=12 n_kv_heads=2 head_dim=128 kv_head=1 worker=0 profiled_total=36619 q_load=9 k_load=171 v_load=143 qk_dot=16 safe_sm=36244 core_acc=22 o_scale=2 o_store=12 kv_dma_issue=0 kv_dma_wait=0 kv_transform=0
FIG8_ATTENTION_EVENT_COUNT mode=scna-hmx-fp16-d8-two-pass qo_len=32 phase=measure iteration=12 events=16 max_events=24896 overflow=0
FIG8_ATTENTION_HOST_TIMING mode=scna-hmx-fp16-d8-two-pass scna_function=exp2 scna_kernel=direct scna_pipeline=off scna_width=8 qo_len=32 kv_len=4096 n_heads=12 n_kv_heads=2 head_dim=128 phase=measure iteration=13 host_elapsed_us=73669 ret=0
FIG8_ATTENTION_PROFILE_COUNT mode=scna-hmx-fp16-d8-two-pass qo_len=32 phase=measure iteration=13 records=2 max_records=10
FIG8_ATTENTION_TIMERS mode=scna-hmx-fp16-d8-two-pass scna_function=0 scna_kernel=0 scna_pipeline=0 scna_engine=3 profile_version=1 phase=measure iteration=13 lut_exp=0 nonlinear_mode=1 scna_width=8 scna_exp=36067 scna_pack=241 scna_hmx_affine_relu=3545 scna_reduction=2954 scna_unpack=27917 qo_len=32 kv_len=4096 n_heads=12 n_kv_heads=2 head_dim=128 kv_head=0 worker=0 profiled_total=36624 q_load=9 k_load=159 v_load=137 qk_dot=15 safe_sm=36267 core_acc=23 o_scale=2 o_store=12 kv_dma_issue=0 kv_dma_wait=0 kv_transform=0
FIG8_ATTENTION_TIMERS mode=scna-hmx-fp16-d8-two-pass scna_function=0 scna_kernel=0 scna_pipeline=0 scna_engine=3 profile_version=1 phase=measure iteration=13 lut_exp=0 nonlinear_mode=1 scna_width=8 scna_exp=36067 scna_pack=243 scna_hmx_affine_relu=3543 scna_reduction=2953 scna_unpack=27914 qo_len=32 kv_len=4096 n_heads=12 n_kv_heads=2 head_dim=128 kv_head=1 worker=0 profiled_total=36619 q_load=9 k_load=172 v_load=142 qk_dot=16 safe_sm=36244 core_acc=22 o_scale=2 o_store=12 kv_dma_issue=0 kv_dma_wait=0 kv_transform=0
FIG8_ATTENTION_EVENT_COUNT mode=scna-hmx-fp16-d8-two-pass qo_len=32 phase=measure iteration=13 events=16 max_events=24896 overflow=0
FIG8_ATTENTION_HOST_TIMING mode=scna-hmx-fp16-d8-two-pass scna_function=exp2 scna_kernel=direct scna_pipeline=off scna_width=8 qo_len=32 kv_len=4096 n_heads=12 n_kv_heads=2 head_dim=128 phase=measure iteration=14 host_elapsed_us=73609 ret=0
FIG8_ATTENTION_PROFILE_COUNT mode=scna-hmx-fp16-d8-two-pass qo_len=32 phase=measure iteration=14 records=2 max_records=10
FIG8_ATTENTION_TIMERS mode=scna-hmx-fp16-d8-two-pass scna_function=0 scna_kernel=0 scna_pipeline=0 scna_engine=3 profile_version=1 phase=measure iteration=14 lut_exp=0 nonlinear_mode=1 scna_width=8 scna_exp=36067 scna_pack=243 scna_hmx_affine_relu=3548 scna_reduction=2953 scna_unpack=27915 qo_len=32 kv_len=4096 n_heads=12 n_kv_heads=2 head_dim=128 kv_head=0 worker=0 profiled_total=36625 q_load=9 k_load=160 v_load=138 qk_dot=15 safe_sm=36266 core_acc=23 o_scale=2 o_store=12 kv_dma_issue=0 kv_dma_wait=0 kv_transform=0
FIG8_ATTENTION_TIMERS mode=scna-hmx-fp16-d8-two-pass scna_function=0 scna_kernel=0 scna_pipeline=0 scna_engine=3 profile_version=1 phase=measure iteration=14 lut_exp=0 nonlinear_mode=1 scna_width=8 scna_exp=36068 scna_pack=242 scna_hmx_affine_relu=3545 scna_reduction=2952 scna_unpack=27914 qo_len=32 kv_len=4096 n_heads=12 n_kv_heads=2 head_dim=128 kv_head=1 worker=0 profiled_total=36620 q_load=9 k_load=171 v_load=143 qk_dot=16 safe_sm=36244 core_acc=23 o_scale=2 o_store=12 kv_dma_issue=0 kv_dma_wait=0 kv_transform=0
FIG8_ATTENTION_EVENT_COUNT mode=scna-hmx-fp16-d8-two-pass qo_len=32 phase=measure iteration=14 events=16 max_events=24896 overflow=0
FIG8_ATTENTION_HOST_TIMING mode=scna-hmx-fp16-d8-two-pass scna_function=exp2 scna_kernel=direct scna_pipeline=off scna_width=8 qo_len=32 kv_len=4096 n_heads=12 n_kv_heads=2 head_dim=128 phase=measure iteration=15 host_elapsed_us=73601 ret=0
FIG8_ATTENTION_PROFILE_COUNT mode=scna-hmx-fp16-d8-two-pass qo_len=32 phase=measure iteration=15 records=2 max_records=10
FIG8_ATTENTION_TIMERS mode=scna-hmx-fp16-d8-two-pass scna_function=0 scna_kernel=0 scna_pipeline=0 scna_engine=3 profile_version=1 phase=measure iteration=15 lut_exp=0 nonlinear_mode=1 scna_width=8 scna_exp=36066 scna_pack=242 scna_hmx_affine_relu=3542 scna_reduction=2954 scna_unpack=27912 qo_len=32 kv_len=4096 n_heads=12 n_kv_heads=2 head_dim=128 kv_head=0 worker=0 profiled_total=36627 q_load=9 k_load=159 v_load=139 qk_dot=15 safe_sm=36267 core_acc=24 o_scale=2 o_store=12 kv_dma_issue=0 kv_dma_wait=0 kv_transform=0
FIG8_ATTENTION_TIMERS mode=scna-hmx-fp16-d8-two-pass scna_function=0 scna_kernel=0 scna_pipeline=0 scna_engine=3 profile_version=1 phase=measure iteration=15 lut_exp=0 nonlinear_mode=1 scna_width=8 scna_exp=36067 scna_pack=243 scna_hmx_affine_relu=3545 scna_reduction=2955 scna_unpack=27915 qo_len=32 kv_len=4096 n_heads=12 n_kv_heads=2 head_dim=128 kv_head=1 worker=0 profiled_total=36620 q_load=9 k_load=172 v_load=144 qk_dot=16 safe_sm=36243 core_acc=22 o_scale=2 o_store=12 kv_dma_issue=0 kv_dma_wait=0 kv_transform=0
FIG8_ATTENTION_EVENT_COUNT mode=scna-hmx-fp16-d8-two-pass qo_len=32 phase=measure iteration=15 events=16 max_events=24896 overflow=0
FIG8_ATTENTION_HOST_TIMING mode=scna-hmx-fp16-d8-two-pass scna_function=exp2 scna_kernel=direct scna_pipeline=off scna_width=8 qo_len=32 kv_len=4096 n_heads=12 n_kv_heads=2 head_dim=128 phase=measure iteration=16 host_elapsed_us=73688 ret=0
FIG8_ATTENTION_PROFILE_COUNT mode=scna-hmx-fp16-d8-two-pass qo_len=32 phase=measure iteration=16 records=2 max_records=10
FIG8_ATTENTION_TIMERS mode=scna-hmx-fp16-d8-two-pass scna_function=0 scna_kernel=0 scna_pipeline=0 scna_engine=3 profile_version=1 phase=measure iteration=16 lut_exp=0 nonlinear_mode=1 scna_width=8 scna_exp=36067 scna_pack=243 scna_hmx_affine_relu=3543 scna_reduction=2950 scna_unpack=27916 qo_len=32 kv_len=4096 n_heads=12 n_kv_heads=2 head_dim=128 kv_head=0 worker=0 profiled_total=36625 q_load=9 k_load=161 v_load=138 qk_dot=15 safe_sm=36265 core_acc=23 o_scale=2 o_store=12 kv_dma_issue=0 kv_dma_wait=0 kv_transform=0
FIG8_ATTENTION_TIMERS mode=scna-hmx-fp16-d8-two-pass scna_function=0 scna_kernel=0 scna_pipeline=0 scna_engine=3 profile_version=1 phase=measure iteration=16 lut_exp=0 nonlinear_mode=1 scna_width=8 scna_exp=36067 scna_pack=243 scna_hmx_affine_relu=3543 scna_reduction=2952 scna_unpack=27914 qo_len=32 kv_len=4096 n_heads=12 n_kv_heads=2 head_dim=128 kv_head=1 worker=0 profiled_total=36618 q_load=9 k_load=171 v_load=143 qk_dot=16 safe_sm=36243 core_acc=22 o_scale=2 o_store=12 kv_dma_issue=0 kv_dma_wait=0 kv_transform=0
FIG8_ATTENTION_EVENT_COUNT mode=scna-hmx-fp16-d8-two-pass qo_len=32 phase=measure iteration=16 events=16 max_events=24896 overflow=0
FIG8_ATTENTION_HOST_TIMING mode=scna-hmx-fp16-d8-two-pass scna_function=exp2 scna_kernel=direct scna_pipeline=off scna_width=8 qo_len=32 kv_len=4096 n_heads=12 n_kv_heads=2 head_dim=128 phase=measure iteration=17 host_elapsed_us=73673 ret=0
FIG8_ATTENTION_PROFILE_COUNT mode=scna-hmx-fp16-d8-two-pass qo_len=32 phase=measure iteration=17 records=2 max_records=10
FIG8_ATTENTION_TIMERS mode=scna-hmx-fp16-d8-two-pass scna_function=0 scna_kernel=0 scna_pipeline=0 scna_engine=3 profile_version=1 phase=measure iteration=17 lut_exp=0 nonlinear_mode=1 scna_width=8 scna_exp=36067 scna_pack=240 scna_hmx_affine_relu=3546 scna_reduction=2954 scna_unpack=27913 qo_len=32 kv_len=4096 n_heads=12 n_kv_heads=2 head_dim=128 kv_head=0 worker=0 profiled_total=36627 q_load=9 k_load=161 v_load=138 qk_dot=15 safe_sm=36267 core_acc=23 o_scale=2 o_store=12 kv_dma_issue=0 kv_dma_wait=0 kv_transform=0
FIG8_ATTENTION_TIMERS mode=scna-hmx-fp16-d8-two-pass scna_function=0 scna_kernel=0 scna_pipeline=0 scna_engine=3 profile_version=1 phase=measure iteration=17 lut_exp=0 nonlinear_mode=1 scna_width=8 scna_exp=36068 scna_pack=247 scna_hmx_affine_relu=3544 scna_reduction=2953 scna_unpack=27913 qo_len=32 kv_len=4096 n_heads=12 n_kv_heads=2 head_dim=128 kv_head=1 worker=0 profiled_total=36617 q_load=9 k_load=170 v_load=142 qk_dot=16 safe_sm=36244 core_acc=22 o_scale=2 o_store=12 kv_dma_issue=0 kv_dma_wait=0 kv_transform=0
FIG8_ATTENTION_EVENT_COUNT mode=scna-hmx-fp16-d8-two-pass qo_len=32 phase=measure iteration=17 events=16 max_events=24896 overflow=0
FIG8_ATTENTION_HOST_TIMING mode=scna-hmx-fp16-d8-two-pass scna_function=exp2 scna_kernel=direct scna_pipeline=off scna_width=8 qo_len=32 kv_len=4096 n_heads=12 n_kv_heads=2 head_dim=128 phase=measure iteration=18 host_elapsed_us=73578 ret=0
FIG8_ATTENTION_PROFILE_COUNT mode=scna-hmx-fp16-d8-two-pass qo_len=32 phase=measure iteration=18 records=2 max_records=10
FIG8_ATTENTION_TIMERS mode=scna-hmx-fp16-d8-two-pass scna_function=0 scna_kernel=0 scna_pipeline=0 scna_engine=3 profile_version=1 phase=measure iteration=18 lut_exp=0 nonlinear_mode=1 scna_width=8 scna_exp=36067 scna_pack=244 scna_hmx_affine_relu=3546 scna_reduction=2955 scna_unpack=27914 qo_len=32 kv_len=4096 n_heads=12 n_kv_heads=2 head_dim=128 kv_head=0 worker=0 profiled_total=36624 q_load=9 k_load=160 v_load=137 qk_dot=15 safe_sm=36266 core_acc=23 o_scale=2 o_store=12 kv_dma_issue=0 kv_dma_wait=0 kv_transform=0
FIG8_ATTENTION_TIMERS mode=scna-hmx-fp16-d8-two-pass scna_function=0 scna_kernel=0 scna_pipeline=0 scna_engine=3 profile_version=1 phase=measure iteration=18 lut_exp=0 nonlinear_mode=1 scna_width=8 scna_exp=36067 scna_pack=243 scna_hmx_affine_relu=3546 scna_reduction=2954 scna_unpack=27912 qo_len=32 kv_len=4096 n_heads=12 n_kv_heads=2 head_dim=128 kv_head=1 worker=0 profiled_total=36614 q_load=9 k_load=170 v_load=142 qk_dot=16 safe_sm=36241 core_acc=22 o_scale=2 o_store=12 kv_dma_issue=0 kv_dma_wait=0 kv_transform=0
FIG8_ATTENTION_EVENT_COUNT mode=scna-hmx-fp16-d8-two-pass qo_len=32 phase=measure iteration=18 events=16 max_events=24896 overflow=0
FIG8_ATTENTION_HOST_TIMING mode=scna-hmx-fp16-d8-two-pass scna_function=exp2 scna_kernel=direct scna_pipeline=off scna_width=8 qo_len=32 kv_len=4096 n_heads=12 n_kv_heads=2 head_dim=128 phase=measure iteration=19 host_elapsed_us=73574 ret=0
FIG8_ATTENTION_PROFILE_COUNT mode=scna-hmx-fp16-d8-two-pass qo_len=32 phase=measure iteration=19 records=2 max_records=10
FIG8_ATTENTION_TIMERS mode=scna-hmx-fp16-d8-two-pass scna_function=0 scna_kernel=0 scna_pipeline=0 scna_engine=3 profile_version=1 phase=measure iteration=19 lut_exp=0 nonlinear_mode=1 scna_width=8 scna_exp=36067 scna_pack=245 scna_hmx_affine_relu=3547 scna_reduction=2952 scna_unpack=27915 qo_len=32 kv_len=4096 n_heads=12 n_kv_heads=2 head_dim=128 kv_head=0 worker=0 profiled_total=36623 q_load=9 k_load=159 v_load=136 qk_dot=15 safe_sm=36266 core_acc=24 o_scale=2 o_store=12 kv_dma_issue=0 kv_dma_wait=0 kv_transform=0
FIG8_ATTENTION_TIMERS mode=scna-hmx-fp16-d8-two-pass scna_function=0 scna_kernel=0 scna_pipeline=0 scna_engine=3 profile_version=1 phase=measure iteration=19 lut_exp=0 nonlinear_mode=1 scna_width=8 scna_exp=36067 scna_pack=247 scna_hmx_affine_relu=3544 scna_reduction=2951 scna_unpack=27915 qo_len=32 kv_len=4096 n_heads=12 n_kv_heads=2 head_dim=128 kv_head=1 worker=0 profiled_total=36614 q_load=9 k_load=171 v_load=141 qk_dot=16 safe_sm=36241 core_acc=22 o_scale=2 o_store=12 kv_dma_issue=0 kv_dma_wait=0 kv_transform=0
FIG8_ATTENTION_EVENT_COUNT mode=scna-hmx-fp16-d8-two-pass qo_len=32 phase=measure iteration=19 events=16 max_events=24896 overflow=0
