alloc_shared_mem_buf: buf=0x7da1020000 fd=15 size=196608 flags=FASTRPC_MAP_FD
alloc_shared_mem_buf: buf=0x7b0a600000 fd=16 size=2097152 flags=FASTRPC_MAP_FD
alloc_shared_mem_buf: buf=0x7b0a400000 fd=17 size=2097152 flags=FASTRPC_MAP_FD
alloc_shared_mem_buf: buf=0x7da0080000 fd=18 size=196608 flags=FASTRPC_MAP_FD
alloc_shared_mem_buf: buf=0x7b0a3c0000 fd=19 size=262144 flags=FASTRPC_MAP_FD
alloc_shared_mem_buf: buf=0x7b0a200000 fd=20 size=1794944 flags=FASTRPC_MAP_FD
alloc_shared_mem_buf: buf=0x7da1578000 fd=21 size=4096 flags=FASTRPC_MAP_FD
No-op channel request completed
FIG8_ATTENTION_CONFIG mode=scna-hmx-fp16-d8-two-pass scna_function=exp2 scna_kernel=direct scna_pipeline=off mask_mode=full qo_len=32 kv_len=4096 n_heads=12 n_kv_heads=2 head_dim=128 warmup=5 iters=20 scna_width=8 q_size=196608 kv_size=2097152 mask_size=262144 profile_size=1794944 profile_max_records=10 profile_max_events=24896 mode_flags=8212 print_events=0
FIG8_ATTENTION_HOST_TIMING mode=scna-hmx-fp16-d8-two-pass scna_function=exp2 scna_kernel=direct scna_pipeline=off scna_width=8 qo_len=32 kv_len=4096 n_heads=12 n_kv_heads=2 head_dim=128 phase=warmup iteration=0 host_elapsed_us=73823 ret=0
FIG8_ATTENTION_PROFILE_COUNT mode=scna-hmx-fp16-d8-two-pass qo_len=32 phase=warmup iteration=0 records=2 max_records=10
FIG8_ATTENTION_TIMERS mode=scna-hmx-fp16-d8-two-pass scna_function=0 scna_kernel=0 scna_pipeline=0 scna_engine=3 profile_version=1 phase=warmup iteration=0 lut_exp=0 nonlinear_mode=1 scna_width=8 scna_exp=36085 scna_pack=244 scna_hmx_affine_relu=3544 scna_reduction=2950 scna_unpack=27918 qo_len=32 kv_len=4096 n_heads=12 n_kv_heads=2 head_dim=128 kv_head=0 worker=0 profiled_total=36717 q_load=9 k_load=192 v_load=164 qk_dot=15 safe_sm=36295 core_acc=24 o_scale=4 o_store=14 kv_dma_issue=0 kv_dma_wait=0 kv_transform=0
FIG8_ATTENTION_TIMERS mode=scna-hmx-fp16-d8-two-pass scna_function=0 scna_kernel=0 scna_pipeline=0 scna_engine=3 profile_version=1 phase=warmup iteration=0 lut_exp=0 nonlinear_mode=1 scna_width=8 scna_exp=36079 scna_pack=247 scna_hmx_affine_relu=3540 scna_reduction=2956 scna_unpack=27919 qo_len=32 kv_len=4096 n_heads=12 n_kv_heads=2 head_dim=128 kv_head=1 worker=0 profiled_total=36670 q_load=10 k_load=184 v_load=154 qk_dot=17 safe_sm=36268 core_acc=22 o_scale=3 o_store=12 kv_dma_issue=0 kv_dma_wait=0 kv_transform=0
FIG8_ATTENTION_EVENT_COUNT mode=scna-hmx-fp16-d8-two-pass qo_len=32 phase=warmup iteration=0 events=16 max_events=24896 overflow=0
FIG8_ATTENTION_HOST_TIMING mode=scna-hmx-fp16-d8-two-pass scna_function=exp2 scna_kernel=direct scna_pipeline=off scna_width=8 qo_len=32 kv_len=4096 n_heads=12 n_kv_heads=2 head_dim=128 phase=warmup iteration=1 host_elapsed_us=73718 ret=0
FIG8_ATTENTION_PROFILE_COUNT mode=scna-hmx-fp16-d8-two-pass qo_len=32 phase=warmup iteration=1 records=2 max_records=10
FIG8_ATTENTION_TIMERS mode=scna-hmx-fp16-d8-two-pass scna_function=0 scna_kernel=0 scna_pipeline=0 scna_engine=3 profile_version=1 phase=warmup iteration=1 lut_exp=0 nonlinear_mode=1 scna_width=8 scna_exp=36070 scna_pack=243 scna_hmx_affine_relu=3540 scna_reduction=2954 scna_unpack=27915 qo_len=32 kv_len=4096 n_heads=12 n_kv_heads=2 head_dim=128 kv_head=0 worker=0 profiled_total=36652 q_load=9 k_load=168 v_load=148 qk_dot=15 safe_sm=36275 core_acc=23 o_scale=2 o_store=12 kv_dma_issue=0 kv_dma_wait=0 kv_transform=0
FIG8_ATTENTION_TIMERS mode=scna-hmx-fp16-d8-two-pass scna_function=0 scna_kernel=0 scna_pipeline=0 scna_engine=3 profile_version=1 phase=warmup iteration=1 lut_exp=0 nonlinear_mode=1 scna_width=8 scna_exp=36070 scna_pack=245 scna_hmx_affine_relu=3542 scna_reduction=2951 scna_unpack=27915 qo_len=32 kv_len=4096 n_heads=12 n_kv_heads=2 head_dim=128 kv_head=1 worker=0 profiled_total=36626 q_load=9 k_load=170 v_load=149 qk_dot=16 safe_sm=36245 core_acc=23 o_scale=2 o_store=12 kv_dma_issue=0 kv_dma_wait=0 kv_transform=0
FIG8_ATTENTION_EVENT_COUNT mode=scna-hmx-fp16-d8-two-pass qo_len=32 phase=warmup iteration=1 events=16 max_events=24896 overflow=0
FIG8_ATTENTION_HOST_TIMING mode=scna-hmx-fp16-d8-two-pass scna_function=exp2 scna_kernel=direct scna_pipeline=off scna_width=8 qo_len=32 kv_len=4096 n_heads=12 n_kv_heads=2 head_dim=128 phase=warmup iteration=2 host_elapsed_us=73648 ret=0
FIG8_ATTENTION_PROFILE_COUNT mode=scna-hmx-fp16-d8-two-pass qo_len=32 phase=warmup iteration=2 records=2 max_records=10
FIG8_ATTENTION_TIMERS mode=scna-hmx-fp16-d8-two-pass scna_function=0 scna_kernel=0 scna_pipeline=0 scna_engine=3 profile_version=1 phase=warmup iteration=2 lut_exp=0 nonlinear_mode=1 scna_width=8 scna_exp=36070 scna_pack=242 scna_hmx_affine_relu=3542 scna_reduction=2952 scna_unpack=27916 qo_len=32 kv_len=4096 n_heads=12 n_kv_heads=2 head_dim=128 kv_head=0 worker=0 profiled_total=36636 q_load=9 k_load=164 v_load=140 qk_dot=15 safe_sm=36271 core_acc=23 o_scale=2 o_store=12 kv_dma_issue=0 kv_dma_wait=0 kv_transform=0
FIG8_ATTENTION_TIMERS mode=scna-hmx-fp16-d8-two-pass scna_function=0 scna_kernel=0 scna_pipeline=0 scna_engine=3 profile_version=1 phase=warmup iteration=2 lut_exp=0 nonlinear_mode=1 scna_width=8 scna_exp=36071 scna_pack=239 scna_hmx_affine_relu=3544 scna_reduction=2953 scna_unpack=27917 qo_len=32 kv_len=4096 n_heads=12 n_kv_heads=2 head_dim=128 kv_head=1 worker=0 profiled_total=36613 q_load=9 k_load=164 v_load=137 qk_dot=16 safe_sm=36250 core_acc=23 o_scale=2 o_store=12 kv_dma_issue=0 kv_dma_wait=0 kv_transform=0
FIG8_ATTENTION_EVENT_COUNT mode=scna-hmx-fp16-d8-two-pass qo_len=32 phase=warmup iteration=2 events=16 max_events=24896 overflow=0
FIG8_ATTENTION_HOST_TIMING mode=scna-hmx-fp16-d8-two-pass scna_function=exp2 scna_kernel=direct scna_pipeline=off scna_width=8 qo_len=32 kv_len=4096 n_heads=12 n_kv_heads=2 head_dim=128 phase=warmup iteration=3 host_elapsed_us=73647 ret=0
FIG8_ATTENTION_PROFILE_COUNT mode=scna-hmx-fp16-d8-two-pass qo_len=32 phase=warmup iteration=3 records=2 max_records=10
FIG8_ATTENTION_TIMERS mode=scna-hmx-fp16-d8-two-pass scna_function=0 scna_kernel=0 scna_pipeline=0 scna_engine=3 profile_version=1 phase=warmup iteration=3 lut_exp=0 nonlinear_mode=1 scna_width=8 scna_exp=36070 scna_pack=242 scna_hmx_affine_relu=3540 scna_reduction=2954 scna_unpack=27915 qo_len=32 kv_len=4096 n_heads=12 n_kv_heads=2 head_dim=128 kv_head=0 worker=0 profiled_total=36620 q_load=9 k_load=155 v_load=132 qk_dot=15 safe_sm=36272 core_acc=23 o_scale=2 o_store=12 kv_dma_issue=0 kv_dma_wait=0 kv_transform=0
FIG8_ATTENTION_TIMERS mode=scna-hmx-fp16-d8-two-pass scna_function=0 scna_kernel=0 scna_pipeline=0 scna_engine=3 profile_version=1 phase=warmup iteration=3 lut_exp=0 nonlinear_mode=1 scna_width=8 scna_exp=36071 scna_pack=245 scna_hmx_affine_relu=3547 scna_reduction=2952 scna_unpack=27915 qo_len=32 kv_len=4096 n_heads=12 n_kv_heads=2 head_dim=128 kv_head=1 worker=0 profiled_total=36611 q_load=9 k_load=165 v_load=137 qk_dot=16 safe_sm=36247 core_acc=23 o_scale=2 o_store=12 kv_dma_issue=0 kv_dma_wait=0 kv_transform=0
FIG8_ATTENTION_EVENT_COUNT mode=scna-hmx-fp16-d8-two-pass qo_len=32 phase=warmup iteration=3 events=16 max_events=24896 overflow=0
FIG8_ATTENTION_HOST_TIMING mode=scna-hmx-fp16-d8-two-pass scna_function=exp2 scna_kernel=direct scna_pipeline=off scna_width=8 qo_len=32 kv_len=4096 n_heads=12 n_kv_heads=2 head_dim=128 phase=warmup iteration=4 host_elapsed_us=73559 ret=0
FIG8_ATTENTION_PROFILE_COUNT mode=scna-hmx-fp16-d8-two-pass qo_len=32 phase=warmup iteration=4 records=2 max_records=10
FIG8_ATTENTION_TIMERS mode=scna-hmx-fp16-d8-two-pass scna_function=0 scna_kernel=0 scna_pipeline=0 scna_engine=3 profile_version=1 phase=warmup iteration=4 lut_exp=0 nonlinear_mode=1 scna_width=8 scna_exp=36071 scna_pack=244 scna_hmx_affine_relu=3546 scna_reduction=2953 scna_unpack=27917 qo_len=32 kv_len=4096 n_heads=12 n_kv_heads=2 head_dim=128 kv_head=0 worker=0 profiled_total=36607 q_load=9 k_load=146 v_load=131 qk_dot=15 safe_sm=36269 core_acc=23 o_scale=2 o_store=12 kv_dma_issue=0 kv_dma_wait=0 kv_transform=0
FIG8_ATTENTION_TIMERS mode=scna-hmx-fp16-d8-two-pass scna_function=0 scna_kernel=0 scna_pipeline=0 scna_engine=3 profile_version=1 phase=warmup iteration=4 lut_exp=0 nonlinear_mode=1 scna_width=8 scna_exp=36070 scna_pack=242 scna_hmx_affine_relu=3543 scna_reduction=2954 scna_unpack=27918 qo_len=32 kv_len=4096 n_heads=12 n_kv_heads=2 head_dim=128 kv_head=1 worker=0 profiled_total=36608 q_load=9 k_load=165 v_load=136 qk_dot=16 safe_sm=36246 core_acc=22 o_scale=2 o_store=12 kv_dma_issue=0 kv_dma_wait=0 kv_transform=0
FIG8_ATTENTION_EVENT_COUNT mode=scna-hmx-fp16-d8-two-pass qo_len=32 phase=warmup iteration=4 events=16 max_events=24896 overflow=0
FIG8_ATTENTION_HOST_TIMING mode=scna-hmx-fp16-d8-two-pass scna_function=exp2 scna_kernel=direct scna_pipeline=off scna_width=8 qo_len=32 kv_len=4096 n_heads=12 n_kv_heads=2 head_dim=128 phase=measure iteration=0 host_elapsed_us=73608 ret=0
FIG8_ATTENTION_PROFILE_COUNT mode=scna-hmx-fp16-d8-two-pass qo_len=32 phase=measure iteration=0 records=2 max_records=10
FIG8_ATTENTION_TIMERS mode=scna-hmx-fp16-d8-two-pass scna_function=0 scna_kernel=0 scna_pipeline=0 scna_engine=3 profile_version=1 phase=measure iteration=0 lut_exp=0 nonlinear_mode=1 scna_width=8 scna_exp=36070 scna_pack=242 scna_hmx_affine_relu=3542 scna_reduction=2952 scna_unpack=27917 qo_len=32 kv_len=4096 n_heads=12 n_kv_heads=2 head_dim=128 kv_head=0 worker=0 profiled_total=36611 q_load=9 k_load=147 v_load=131 qk_dot=15 safe_sm=36272 core_acc=23 o_scale=2 o_store=12 kv_dma_issue=0 kv_dma_wait=0 kv_transform=0
FIG8_ATTENTION_TIMERS mode=scna-hmx-fp16-d8-two-pass scna_function=0 scna_kernel=0 scna_pipeline=0 scna_engine=3 profile_version=1 phase=measure iteration=0 lut_exp=0 nonlinear_mode=1 scna_width=8 scna_exp=36071 scna_pack=245 scna_hmx_affine_relu=3547 scna_reduction=2953 scna_unpack=27915 qo_len=32 kv_len=4096 n_heads=12 n_kv_heads=2 head_dim=128 kv_head=1 worker=0 profiled_total=36609 q_load=9 k_load=167 v_load=135 qk_dot=16 safe_sm=36245 core_acc=22 o_scale=3 o_store=12 kv_dma_issue=0 kv_dma_wait=0 kv_transform=0
FIG8_ATTENTION_EVENT_COUNT mode=scna-hmx-fp16-d8-two-pass qo_len=32 phase=measure iteration=0 events=16 max_events=24896 overflow=0
FIG8_ATTENTION_HOST_TIMING mode=scna-hmx-fp16-d8-two-pass scna_function=exp2 scna_kernel=direct scna_pipeline=off scna_width=8 qo_len=32 kv_len=4096 n_heads=12 n_kv_heads=2 head_dim=128 phase=measure iteration=1 host_elapsed_us=73630 ret=0
FIG8_ATTENTION_PROFILE_COUNT mode=scna-hmx-fp16-d8-two-pass qo_len=32 phase=measure iteration=1 records=2 max_records=10
FIG8_ATTENTION_TIMERS mode=scna-hmx-fp16-d8-two-pass scna_function=0 scna_kernel=0 scna_pipeline=0 scna_engine=3 profile_version=1 phase=measure iteration=1 lut_exp=0 nonlinear_mode=1 scna_width=8 scna_exp=36070 scna_pack=243 scna_hmx_affine_relu=3548 scna_reduction=2953 scna_unpack=27919 qo_len=32 kv_len=4096 n_heads=12 n_kv_heads=2 head_dim=128 kv_head=0 worker=0 profiled_total=36609 q_load=9 k_load=151 v_load=130 qk_dot=15 safe_sm=36267 core_acc=23 o_scale=2 o_store=12 kv_dma_issue=0 kv_dma_wait=0 kv_transform=0
FIG8_ATTENTION_TIMERS mode=scna-hmx-fp16-d8-two-pass scna_function=0 scna_kernel=0 scna_pipeline=0 scna_engine=3 profile_version=1 phase=measure iteration=1 lut_exp=0 nonlinear_mode=1 scna_width=8 scna_exp=36071 scna_pack=245 scna_hmx_affine_relu=3541 scna_reduction=2951 scna_unpack=27918 qo_len=32 kv_len=4096 n_heads=12 n_kv_heads=2 head_dim=128 kv_head=1 worker=0 profiled_total=36620 q_load=9 k_load=167 v_load=145 qk_dot=16 safe_sm=36246 core_acc=23 o_scale=2 o_store=12 kv_dma_issue=0 kv_dma_wait=0 kv_transform=0
FIG8_ATTENTION_EVENT_COUNT mode=scna-hmx-fp16-d8-two-pass qo_len=32 phase=measure iteration=1 events=16 max_events=24896 overflow=0
FIG8_ATTENTION_HOST_TIMING mode=scna-hmx-fp16-d8-two-pass scna_function=exp2 scna_kernel=direct scna_pipeline=off scna_width=8 qo_len=32 kv_len=4096 n_heads=12 n_kv_heads=2 head_dim=128 phase=measure iteration=2 host_elapsed_us=73629 ret=0
FIG8_ATTENTION_PROFILE_COUNT mode=scna-hmx-fp16-d8-two-pass qo_len=32 phase=measure iteration=2 records=2 max_records=10
FIG8_ATTENTION_TIMERS mode=scna-hmx-fp16-d8-two-pass scna_function=0 scna_kernel=0 scna_pipeline=0 scna_engine=3 profile_version=1 phase=measure iteration=2 lut_exp=0 nonlinear_mode=1 scna_width=8 scna_exp=36070 scna_pack=242 scna_hmx_affine_relu=3542 scna_reduction=2954 scna_unpack=27915 qo_len=32 kv_len=4096 n_heads=12 n_kv_heads=2 head_dim=128 kv_head=0 worker=0 profiled_total=36616 q_load=9 k_load=150 v_load=150 qk_dot=15 safe_sm=36255 core_acc=23 o_scale=2 o_store=12 kv_dma_issue=0 kv_dma_wait=0 kv_transform=0
FIG8_ATTENTION_TIMERS mode=scna-hmx-fp16-d8-two-pass scna_function=0 scna_kernel=0 scna_pipeline=0 scna_engine=3 profile_version=1 phase=measure iteration=2 lut_exp=0 nonlinear_mode=1 scna_width=8 scna_exp=36072 scna_pack=244 scna_hmx_affine_relu=3539 scna_reduction=2955 scna_unpack=27915 qo_len=32 kv_len=4096 n_heads=12 n_kv_heads=2 head_dim=128 kv_head=1 worker=0 profiled_total=36612 q_load=9 k_load=161 v_load=141 qk_dot=16 safe_sm=36248 core_acc=23 o_scale=2 o_store=12 kv_dma_issue=0 kv_dma_wait=0 kv_transform=0
FIG8_ATTENTION_EVENT_COUNT mode=scna-hmx-fp16-d8-two-pass qo_len=32 phase=measure iteration=2 events=16 max_events=24896 overflow=0
FIG8_ATTENTION_HOST_TIMING mode=scna-hmx-fp16-d8-two-pass scna_function=exp2 scna_kernel=direct scna_pipeline=off scna_width=8 qo_len=32 kv_len=4096 n_heads=12 n_kv_heads=2 head_dim=128 phase=measure iteration=3 host_elapsed_us=73637 ret=0
FIG8_ATTENTION_PROFILE_COUNT mode=scna-hmx-fp16-d8-two-pass qo_len=32 phase=measure iteration=3 records=2 max_records=10
FIG8_ATTENTION_TIMERS mode=scna-hmx-fp16-d8-two-pass scna_function=0 scna_kernel=0 scna_pipeline=0 scna_engine=3 profile_version=1 phase=measure iteration=3 lut_exp=0 nonlinear_mode=1 scna_width=8 scna_exp=36070 scna_pack=243 scna_hmx_affine_relu=3544 scna_reduction=2955 scna_unpack=27918 qo_len=32 kv_len=4096 n_heads=12 n_kv_heads=2 head_dim=128 kv_head=0 worker=0 profiled_total=36618 q_load=9 k_load=157 v_load=133 qk_dot=15 safe_sm=36267 core_acc=23 o_scale=2 o_store=12 kv_dma_issue=0 kv_dma_wait=0 kv_transform=0
FIG8_ATTENTION_TIMERS mode=scna-hmx-fp16-d8-two-pass scna_function=0 scna_kernel=0 scna_pipeline=0 scna_engine=3 profile_version=1 phase=measure iteration=3 lut_exp=0 nonlinear_mode=1 scna_width=8 scna_exp=36071 scna_pack=238 scna_hmx_affine_relu=3545 scna_reduction=2952 scna_unpack=27917 qo_len=32 kv_len=4096 n_heads=12 n_kv_heads=2 head_dim=128 kv_head=1 worker=0 profiled_total=36614 q_load=9 k_load=165 v_load=139 qk_dot=16 safe_sm=36248 core_acc=23 o_scale=2 o_store=12 kv_dma_issue=0 kv_dma_wait=0 kv_transform=0
FIG8_ATTENTION_EVENT_COUNT mode=scna-hmx-fp16-d8-two-pass qo_len=32 phase=measure iteration=3 events=16 max_events=24896 overflow=0
FIG8_ATTENTION_HOST_TIMING mode=scna-hmx-fp16-d8-two-pass scna_function=exp2 scna_kernel=direct scna_pipeline=off scna_width=8 qo_len=32 kv_len=4096 n_heads=12 n_kv_heads=2 head_dim=128 phase=measure iteration=4 host_elapsed_us=73600 ret=0
FIG8_ATTENTION_PROFILE_COUNT mode=scna-hmx-fp16-d8-two-pass qo_len=32 phase=measure iteration=4 records=2 max_records=10
FIG8_ATTENTION_TIMERS mode=scna-hmx-fp16-d8-two-pass scna_function=0 scna_kernel=0 scna_pipeline=0 scna_engine=3 profile_version=1 phase=measure iteration=4 lut_exp=0 nonlinear_mode=1 scna_width=8 scna_exp=36070 scna_pack=246 scna_hmx_affine_relu=3543 scna_reduction=2954 scna_unpack=27917 qo_len=32 kv_len=4096 n_heads=12 n_kv_heads=2 head_dim=128 kv_head=0 worker=0 profiled_total=36626 q_load=9 k_load=162 v_load=133 qk_dot=15 safe_sm=36270 core_acc=23 o_scale=2 o_store=12 kv_dma_issue=0 kv_dma_wait=0 kv_transform=0
FIG8_ATTENTION_TIMERS mode=scna-hmx-fp16-d8-two-pass scna_function=0 scna_kernel=0 scna_pipeline=0 scna_engine=3 profile_version=1 phase=measure iteration=4 lut_exp=0 nonlinear_mode=1 scna_width=8 scna_exp=36070 scna_pack=247 scna_hmx_affine_relu=3545 scna_reduction=2952 scna_unpack=27914 qo_len=32 kv_len=4096 n_heads=12 n_kv_heads=2 head_dim=128 kv_head=1 worker=0 profiled_total=36614 q_load=9 k_load=167 v_load=139 qk_dot=16 safe_sm=36246 core_acc=23 o_scale=2 o_store=12 kv_dma_issue=0 kv_dma_wait=0 kv_transform=0
FIG8_ATTENTION_EVENT_COUNT mode=scna-hmx-fp16-d8-two-pass qo_len=32 phase=measure iteration=4 events=16 max_events=24896 overflow=0
FIG8_ATTENTION_HOST_TIMING mode=scna-hmx-fp16-d8-two-pass scna_function=exp2 scna_kernel=direct scna_pipeline=off scna_width=8 qo_len=32 kv_len=4096 n_heads=12 n_kv_heads=2 head_dim=128 phase=measure iteration=5 host_elapsed_us=73623 ret=0
FIG8_ATTENTION_PROFILE_COUNT mode=scna-hmx-fp16-d8-two-pass qo_len=32 phase=measure iteration=5 records=2 max_records=10
FIG8_ATTENTION_TIMERS mode=scna-hmx-fp16-d8-two-pass scna_function=0 scna_kernel=0 scna_pipeline=0 scna_engine=3 profile_version=1 phase=measure iteration=5 lut_exp=0 nonlinear_mode=1 scna_width=8 scna_exp=36071 scna_pack=238 scna_hmx_affine_relu=3541 scna_reduction=2953 scna_unpack=27914 qo_len=32 kv_len=4096 n_heads=12 n_kv_heads=2 head_dim=128 kv_head=0 worker=0 profiled_total=36615 q_load=9 k_load=151 v_load=136 qk_dot=15 safe_sm=36267 core_acc=23 o_scale=2 o_store=12 kv_dma_issue=0 kv_dma_wait=0 kv_transform=0
FIG8_ATTENTION_TIMERS mode=scna-hmx-fp16-d8-two-pass scna_function=0 scna_kernel=0 scna_pipeline=0 scna_engine=3 profile_version=1 phase=measure iteration=5 lut_exp=0 nonlinear_mode=1 scna_width=8 scna_exp=36071 scna_pack=240 scna_hmx_affine_relu=3541 scna_reduction=2955 scna_unpack=27915 qo_len=32 kv_len=4096 n_heads=12 n_kv_heads=2 head_dim=128 kv_head=1 worker=0 profiled_total=36623 q_load=9 k_load=168 v_load=139 qk_dot=16 safe_sm=36254 core_acc=23 o_scale=2 o_store=12 kv_dma_issue=0 kv_dma_wait=0 kv_transform=0
FIG8_ATTENTION_EVENT_COUNT mode=scna-hmx-fp16-d8-two-pass qo_len=32 phase=measure iteration=5 events=16 max_events=24896 overflow=0
FIG8_ATTENTION_HOST_TIMING mode=scna-hmx-fp16-d8-two-pass scna_function=exp2 scna_kernel=direct scna_pipeline=off scna_width=8 qo_len=32 kv_len=4096 n_heads=12 n_kv_heads=2 head_dim=128 phase=measure iteration=6 host_elapsed_us=73556 ret=0
FIG8_ATTENTION_PROFILE_COUNT mode=scna-hmx-fp16-d8-two-pass qo_len=32 phase=measure iteration=6 records=2 max_records=10
FIG8_ATTENTION_TIMERS mode=scna-hmx-fp16-d8-two-pass scna_function=0 scna_kernel=0 scna_pipeline=0 scna_engine=3 profile_version=1 phase=measure iteration=6 lut_exp=0 nonlinear_mode=1 scna_width=8 scna_exp=36071 scna_pack=247 scna_hmx_affine_relu=3541 scna_reduction=2951 scna_unpack=27916 qo_len=32 kv_len=4096 n_heads=12 n_kv_heads=2 head_dim=128 kv_head=0 worker=0 profiled_total=36613 q_load=9 k_load=149 v_load=132 qk_dot=15 safe_sm=36271 core_acc=23 o_scale=2 o_store=12 kv_dma_issue=0 kv_dma_wait=0 kv_transform=0
FIG8_ATTENTION_TIMERS mode=scna-hmx-fp16-d8-two-pass scna_function=0 scna_kernel=0 scna_pipeline=0 scna_engine=3 profile_version=1 phase=measure iteration=6 lut_exp=0 nonlinear_mode=1 scna_width=8 scna_exp=36070 scna_pack=241 scna_hmx_affine_relu=3547 scna_reduction=2954 scna_unpack=27917 qo_len=32 kv_len=4096 n_heads=12 n_kv_heads=2 head_dim=128 kv_head=1 worker=0 profiled_total=36615 q_load=9 k_load=169 v_load=139 qk_dot=16 safe_sm=36246 core_acc=22 o_scale=2 o_store=12 kv_dma_issue=0 kv_dma_wait=0 kv_transform=0
FIG8_ATTENTION_EVENT_COUNT mode=scna-hmx-fp16-d8-two-pass qo_len=32 phase=measure iteration=6 events=16 max_events=24896 overflow=0
FIG8_ATTENTION_HOST_TIMING mode=scna-hmx-fp16-d8-two-pass scna_function=exp2 scna_kernel=direct scna_pipeline=off scna_width=8 qo_len=32 kv_len=4096 n_heads=12 n_kv_heads=2 head_dim=128 phase=measure iteration=7 host_elapsed_us=73615 ret=0
FIG8_ATTENTION_PROFILE_COUNT mode=scna-hmx-fp16-d8-two-pass qo_len=32 phase=measure iteration=7 records=2 max_records=10
FIG8_ATTENTION_TIMERS mode=scna-hmx-fp16-d8-two-pass scna_function=0 scna_kernel=0 scna_pipeline=0 scna_engine=3 profile_version=1 phase=measure iteration=7 lut_exp=0 nonlinear_mode=1 scna_width=8 scna_exp=36070 scna_pack=242 scna_hmx_affine_relu=3540 scna_reduction=2954 scna_unpack=27915 qo_len=32 kv_len=4096 n_heads=12 n_kv_heads=2 head_dim=128 kv_head=0 worker=0 profiled_total=36617 q_load=9 k_load=153 v_load=135 qk_dot=15 safe_sm=36268 core_acc=23 o_scale=2 o_store=12 kv_dma_issue=0 kv_dma_wait=0 kv_transform=0
FIG8_ATTENTION_TIMERS mode=scna-hmx-fp16-d8-two-pass scna_function=0 scna_kernel=0 scna_pipeline=0 scna_engine=3 profile_version=1 phase=measure iteration=7 lut_exp=0 nonlinear_mode=1 scna_width=8 scna_exp=36071 scna_pack=246 scna_hmx_affine_relu=3541 scna_reduction=2954 scna_unpack=27914 qo_len=32 kv_len=4096 n_heads=12 n_kv_heads=2 head_dim=128 kv_head=1 worker=0 profiled_total=36618 q_load=9 k_load=171 v_load=139 qk_dot=16 safe_sm=36246 core_acc=22 o_scale=3 o_store=12 kv_dma_issue=0 kv_dma_wait=0 kv_transform=0
FIG8_ATTENTION_EVENT_COUNT mode=scna-hmx-fp16-d8-two-pass qo_len=32 phase=measure iteration=7 events=16 max_events=24896 overflow=0
FIG8_ATTENTION_HOST_TIMING mode=scna-hmx-fp16-d8-two-pass scna_function=exp2 scna_kernel=direct scna_pipeline=off scna_width=8 qo_len=32 kv_len=4096 n_heads=12 n_kv_heads=2 head_dim=128 phase=measure iteration=8 host_elapsed_us=73593 ret=0
FIG8_ATTENTION_PROFILE_COUNT mode=scna-hmx-fp16-d8-two-pass qo_len=32 phase=measure iteration=8 records=2 max_records=10
FIG8_ATTENTION_TIMERS mode=scna-hmx-fp16-d8-two-pass scna_function=0 scna_kernel=0 scna_pipeline=0 scna_engine=3 profile_version=1 phase=measure iteration=8 lut_exp=0 nonlinear_mode=1 scna_width=8 scna_exp=36071 scna_pack=243 scna_hmx_affine_relu=3543 scna_reduction=2953 scna_unpack=27919 qo_len=32 kv_len=4096 n_heads=12 n_kv_heads=2 head_dim=128 kv_head=0 worker=0 profiled_total=36627 q_load=9 k_load=162 v_load=139 qk_dot=15 safe_sm=36265 core_acc=23 o_scale=2 o_store=12 kv_dma_issue=0 kv_dma_wait=0 kv_transform=0
FIG8_ATTENTION_TIMERS mode=scna-hmx-fp16-d8-two-pass scna_function=0 scna_kernel=0 scna_pipeline=0 scna_engine=3 profile_version=1 phase=measure iteration=8 lut_exp=0 nonlinear_mode=1 scna_width=8 scna_exp=36071 scna_pack=244 scna_hmx_affine_relu=3545 scna_reduction=2953 scna_unpack=27917 qo_len=32 kv_len=4096 n_heads=12 n_kv_heads=2 head_dim=128 kv_head=1 worker=0 profiled_total=36625 q_load=9 k_load=164 v_load=156 qk_dot=16 safe_sm=36243 core_acc=22 o_scale=3 o_store=12 kv_dma_issue=0 kv_dma_wait=0 kv_transform=0
FIG8_ATTENTION_EVENT_COUNT mode=scna-hmx-fp16-d8-two-pass qo_len=32 phase=measure iteration=8 events=16 max_events=24896 overflow=0
FIG8_ATTENTION_HOST_TIMING mode=scna-hmx-fp16-d8-two-pass scna_function=exp2 scna_kernel=direct scna_pipeline=off scna_width=8 qo_len=32 kv_len=4096 n_heads=12 n_kv_heads=2 head_dim=128 phase=measure iteration=9 host_elapsed_us=73572 ret=0
FIG8_ATTENTION_PROFILE_COUNT mode=scna-hmx-fp16-d8-two-pass qo_len=32 phase=measure iteration=9 records=2 max_records=10
FIG8_ATTENTION_TIMERS mode=scna-hmx-fp16-d8-two-pass scna_function=0 scna_kernel=0 scna_pipeline=0 scna_engine=3 profile_version=1 phase=measure iteration=9 lut_exp=0 nonlinear_mode=1 scna_width=8 scna_exp=36055 scna_pack=245 scna_hmx_affine_relu=3525 scna_reduction=2956 scna_unpack=27914 qo_len=32 kv_len=4096 n_heads=12 n_kv_heads=2 head_dim=128 kv_head=0 worker=0 profiled_total=36609 q_load=9 k_load=154 v_load=146 qk_dot=15 safe_sm=36248 core_acc=23 o_scale=2 o_store=12 kv_dma_issue=0 kv_dma_wait=0 kv_transform=0
FIG8_ATTENTION_TIMERS mode=scna-hmx-fp16-d8-two-pass scna_function=0 scna_kernel=0 scna_pipeline=0 scna_engine=3 profile_version=1 phase=measure iteration=9 lut_exp=0 nonlinear_mode=1 scna_width=8 scna_exp=36056 scna_pack=244 scna_hmx_affine_relu=3528 scna_reduction=2951 scna_unpack=27912 qo_len=32 kv_len=4096 n_heads=12 n_kv_heads=2 head_dim=128 kv_head=1 worker=0 profiled_total=36608 q_load=9 k_load=169 v_load=145 qk_dot=16 safe_sm=36232 core_acc=23 o_scale=2 o_store=12 kv_dma_issue=0 kv_dma_wait=0 kv_transform=0
FIG8_ATTENTION_EVENT_COUNT mode=scna-hmx-fp16-d8-two-pass qo_len=32 phase=measure iteration=9 events=16 max_events=24896 overflow=0
FIG8_ATTENTION_HOST_TIMING mode=scna-hmx-fp16-d8-two-pass scna_function=exp2 scna_kernel=direct scna_pipeline=off scna_width=8 qo_len=32 kv_len=4096 n_heads=12 n_kv_heads=2 head_dim=128 phase=measure iteration=10 host_elapsed_us=73606 ret=0
FIG8_ATTENTION_PROFILE_COUNT mode=scna-hmx-fp16-d8-two-pass qo_len=32 phase=measure iteration=10 records=2 max_records=10
FIG8_ATTENTION_TIMERS mode=scna-hmx-fp16-d8-two-pass scna_function=0 scna_kernel=0 scna_pipeline=0 scna_engine=3 profile_version=1 phase=measure iteration=10 lut_exp=0 nonlinear_mode=1 scna_width=8 scna_exp=36055 scna_pack=245 scna_hmx_affine_relu=3526 scna_reduction=2954 scna_unpack=27914 qo_len=32 kv_len=4096 n_heads=12 n_kv_heads=2 head_dim=128 kv_head=0 worker=0 profiled_total=36602 q_load=9 k_load=153 v_load=137 qk_dot=15 safe_sm=36251 core_acc=23 o_scale=2 o_store=12 kv_dma_issue=0 kv_dma_wait=0 kv_transform=0
FIG8_ATTENTION_TIMERS mode=scna-hmx-fp16-d8-two-pass scna_function=0 scna_kernel=0 scna_pipeline=0 scna_engine=3 profile_version=1 phase=measure iteration=10 lut_exp=0 nonlinear_mode=1 scna_width=8 scna_exp=36055 scna_pack=243 scna_hmx_affine_relu=3524 scna_reduction=2956 scna_unpack=27912 qo_len=32 kv_len=4096 n_heads=12 n_kv_heads=2 head_dim=128 kv_head=1 worker=0 profiled_total=36595 q_load=9 k_load=165 v_load=138 qk_dot=16 safe_sm=36231 core_acc=22 o_scale=2 o_store=12 kv_dma_issue=0 kv_dma_wait=0 kv_transform=0
FIG8_ATTENTION_EVENT_COUNT mode=scna-hmx-fp16-d8-two-pass qo_len=32 phase=measure iteration=10 events=16 max_events=24896 overflow=0
FIG8_ATTENTION_HOST_TIMING mode=scna-hmx-fp16-d8-two-pass scna_function=exp2 scna_kernel=direct scna_pipeline=off scna_width=8 qo_len=32 kv_len=4096 n_heads=12 n_kv_heads=2 head_dim=128 phase=measure iteration=11 host_elapsed_us=73583 ret=0
FIG8_ATTENTION_PROFILE_COUNT mode=scna-hmx-fp16-d8-two-pass qo_len=32 phase=measure iteration=11 records=2 max_records=10
FIG8_ATTENTION_TIMERS mode=scna-hmx-fp16-d8-two-pass scna_function=0 scna_kernel=0 scna_pipeline=0 scna_engine=3 profile_version=1 phase=measure iteration=11 lut_exp=0 nonlinear_mode=1 scna_width=8 scna_exp=36055 scna_pack=245 scna_hmx_affine_relu=3527 scna_reduction=2956 scna_unpack=27913 qo_len=32 kv_len=4096 n_heads=12 n_kv_heads=2 head_dim=128 kv_head=0 worker=0 profiled_total=36590 q_load=9 k_load=144 v_load=132 qk_dot=15 safe_sm=36253 core_acc=23 o_scale=2 o_store=12 kv_dma_issue=0 kv_dma_wait=0 kv_transform=0
FIG8_ATTENTION_TIMERS mode=scna-hmx-fp16-d8-two-pass scna_function=0 scna_kernel=0 scna_pipeline=0 scna_engine=3 profile_version=1 phase=measure iteration=11 lut_exp=0 nonlinear_mode=1 scna_width=8 scna_exp=36056 scna_pack=243 scna_hmx_affine_relu=3529 scna_reduction=2954 scna_unpack=27914 qo_len=32 kv_len=4096 n_heads=12 n_kv_heads=2 head_dim=128 kv_head=1 worker=0 profiled_total=36605 q_load=9 k_load=167 v_load=148 qk_dot=16 safe_sm=36227 core_acc=23 o_scale=3 o_store=12 kv_dma_issue=0 kv_dma_wait=0 kv_transform=0
FIG8_ATTENTION_EVENT_COUNT mode=scna-hmx-fp16-d8-two-pass qo_len=32 phase=measure iteration=11 events=16 max_events=24896 overflow=0
FIG8_ATTENTION_HOST_TIMING mode=scna-hmx-fp16-d8-two-pass scna_function=exp2 scna_kernel=direct scna_pipeline=off scna_width=8 qo_len=32 kv_len=4096 n_heads=12 n_kv_heads=2 head_dim=128 phase=measure iteration=12 host_elapsed_us=73555 ret=0
FIG8_ATTENTION_PROFILE_COUNT mode=scna-hmx-fp16-d8-two-pass qo_len=32 phase=measure iteration=12 records=2 max_records=10
FIG8_ATTENTION_TIMERS mode=scna-hmx-fp16-d8-two-pass scna_function=0 scna_kernel=0 scna_pipeline=0 scna_engine=3 profile_version=1 phase=measure iteration=12 lut_exp=0 nonlinear_mode=1 scna_width=8 scna_exp=36055 scna_pack=245 scna_hmx_affine_relu=3527 scna_reduction=2956 scna_unpack=27913 qo_len=32 kv_len=4096 n_heads=12 n_kv_heads=2 head_dim=128 kv_head=0 worker=0 profiled_total=36595 q_load=9 k_load=148 v_load=136 qk_dot=15 safe_sm=36250 core_acc=23 o_scale=2 o_store=12 kv_dma_issue=0 kv_dma_wait=0 kv_transform=0
FIG8_ATTENTION_TIMERS mode=scna-hmx-fp16-d8-two-pass scna_function=0 scna_kernel=0 scna_pipeline=0 scna_engine=3 profile_version=1 phase=measure iteration=12 lut_exp=0 nonlinear_mode=1 scna_width=8 scna_exp=36055 scna_pack=247 scna_hmx_affine_relu=3524 scna_reduction=2957 scna_unpack=27914 qo_len=32 kv_len=4096 n_heads=12 n_kv_heads=2 head_dim=128 kv_head=1 worker=0 profiled_total=36595 q_load=9 k_load=163 v_load=138 qk_dot=16 safe_sm=36233 core_acc=22 o_scale=2 o_store=12 kv_dma_issue=0 kv_dma_wait=0 kv_transform=0
FIG8_ATTENTION_EVENT_COUNT mode=scna-hmx-fp16-d8-two-pass qo_len=32 phase=measure iteration=12 events=16 max_events=24896 overflow=0
FIG8_ATTENTION_HOST_TIMING mode=scna-hmx-fp16-d8-two-pass scna_function=exp2 scna_kernel=direct scna_pipeline=off scna_width=8 qo_len=32 kv_len=4096 n_heads=12 n_kv_heads=2 head_dim=128 phase=measure iteration=13 host_elapsed_us=73622 ret=0
FIG8_ATTENTION_PROFILE_COUNT mode=scna-hmx-fp16-d8-two-pass qo_len=32 phase=measure iteration=13 records=2 max_records=10
FIG8_ATTENTION_TIMERS mode=scna-hmx-fp16-d8-two-pass scna_function=0 scna_kernel=0 scna_pipeline=0 scna_engine=3 profile_version=1 phase=measure iteration=13 lut_exp=0 nonlinear_mode=1 scna_width=8 scna_exp=36055 scna_pack=244 scna_hmx_affine_relu=3527 scna_reduction=2954 scna_unpack=27913 qo_len=32 kv_len=4096 n_heads=12 n_kv_heads=2 head_dim=128 kv_head=0 worker=0 profiled_total=36585 q_load=9 k_load=143 v_load=128 qk_dot=15 safe_sm=36252 core_acc=24 o_scale=2 o_store=12 kv_dma_issue=0 kv_dma_wait=0 kv_transform=0
FIG8_ATTENTION_TIMERS mode=scna-hmx-fp16-d8-two-pass scna_function=0 scna_kernel=0 scna_pipeline=0 scna_engine=3 profile_version=1 phase=measure iteration=13 lut_exp=0 nonlinear_mode=1 scna_width=8 scna_exp=36055 scna_pack=245 scna_hmx_affine_relu=3527 scna_reduction=2955 scna_unpack=27913 qo_len=32 kv_len=4096 n_heads=12 n_kv_heads=2 head_dim=128 kv_head=1 worker=0 profiled_total=36590 q_load=9 k_load=162 v_load=136 qk_dot=16 safe_sm=36230 core_acc=23 o_scale=2 o_store=12 kv_dma_issue=0 kv_dma_wait=0 kv_transform=0
FIG8_ATTENTION_EVENT_COUNT mode=scna-hmx-fp16-d8-two-pass qo_len=32 phase=measure iteration=13 events=16 max_events=24896 overflow=0
FIG8_ATTENTION_HOST_TIMING mode=scna-hmx-fp16-d8-two-pass scna_function=exp2 scna_kernel=direct scna_pipeline=off scna_width=8 qo_len=32 kv_len=4096 n_heads=12 n_kv_heads=2 head_dim=128 phase=measure iteration=14 host_elapsed_us=73513 ret=0
FIG8_ATTENTION_PROFILE_COUNT mode=scna-hmx-fp16-d8-two-pass qo_len=32 phase=measure iteration=14 records=2 max_records=10
FIG8_ATTENTION_TIMERS mode=scna-hmx-fp16-d8-two-pass scna_function=0 scna_kernel=0 scna_pipeline=0 scna_engine=3 profile_version=1 phase=measure iteration=14 lut_exp=0 nonlinear_mode=1 scna_width=8 scna_exp=36056 scna_pack=245 scna_hmx_affine_relu=3528 scna_reduction=2955 scna_unpack=27915 qo_len=32 kv_len=4096 n_heads=12 n_kv_heads=2 head_dim=128 kv_head=0 worker=0 profiled_total=36587 q_load=9 k_load=145 v_load=128 qk_dot=15 safe_sm=36253 core_acc=23 o_scale=2 o_store=12 kv_dma_issue=0 kv_dma_wait=0 kv_transform=0
FIG8_ATTENTION_TIMERS mode=scna-hmx-fp16-d8-two-pass scna_function=0 scna_kernel=0 scna_pipeline=0 scna_engine=3 profile_version=1 phase=measure iteration=14 lut_exp=0 nonlinear_mode=1 scna_width=8 scna_exp=36055 scna_pack=245 scna_hmx_affine_relu=3529 scna_reduction=2957 scna_unpack=27912 qo_len=32 kv_len=4096 n_heads=12 n_kv_heads=2 head_dim=128 kv_head=1 worker=0 profiled_total=36598 q_load=9 k_load=164 v_load=140 qk_dot=16 safe_sm=36232 core_acc=23 o_scale=2 o_store=12 kv_dma_issue=0 kv_dma_wait=0 kv_transform=0
FIG8_ATTENTION_EVENT_COUNT mode=scna-hmx-fp16-d8-two-pass qo_len=32 phase=measure iteration=14 events=16 max_events=24896 overflow=0
FIG8_ATTENTION_HOST_TIMING mode=scna-hmx-fp16-d8-two-pass scna_function=exp2 scna_kernel=direct scna_pipeline=off scna_width=8 qo_len=32 kv_len=4096 n_heads=12 n_kv_heads=2 head_dim=128 phase=measure iteration=15 host_elapsed_us=73566 ret=0
FIG8_ATTENTION_PROFILE_COUNT mode=scna-hmx-fp16-d8-two-pass qo_len=32 phase=measure iteration=15 records=2 max_records=10
FIG8_ATTENTION_TIMERS mode=scna-hmx-fp16-d8-two-pass scna_function=0 scna_kernel=0 scna_pipeline=0 scna_engine=3 profile_version=1 phase=measure iteration=15 lut_exp=0 nonlinear_mode=1 scna_width=8 scna_exp=36056 scna_pack=244 scna_hmx_affine_relu=3527 scna_reduction=2956 scna_unpack=27915 qo_len=32 kv_len=4096 n_heads=12 n_kv_heads=2 head_dim=128 kv_head=0 worker=0 profiled_total=36593 q_load=9 k_load=149 v_load=131 qk_dot=15 safe_sm=36252 core_acc=23 o_scale=2 o_store=12 kv_dma_issue=0 kv_dma_wait=0 kv_transform=0
FIG8_ATTENTION_TIMERS mode=scna-hmx-fp16-d8-two-pass scna_function=0 scna_kernel=0 scna_pipeline=0 scna_engine=3 profile_version=1 phase=measure iteration=15 lut_exp=0 nonlinear_mode=1 scna_width=8 scna_exp=36055 scna_pack=245 scna_hmx_affine_relu=3529 scna_reduction=2953 scna_unpack=27913 qo_len=32 kv_len=4096 n_heads=12 n_kv_heads=2 head_dim=128 kv_head=1 worker=0 profiled_total=36594 q_load=9 k_load=165 v_load=137 qk_dot=16 safe_sm=36230 core_acc=23 o_scale=2 o_store=12 kv_dma_issue=0 kv_dma_wait=0 kv_transform=0
FIG8_ATTENTION_EVENT_COUNT mode=scna-hmx-fp16-d8-two-pass qo_len=32 phase=measure iteration=15 events=16 max_events=24896 overflow=0
FIG8_ATTENTION_HOST_TIMING mode=scna-hmx-fp16-d8-two-pass scna_function=exp2 scna_kernel=direct scna_pipeline=off scna_width=8 qo_len=32 kv_len=4096 n_heads=12 n_kv_heads=2 head_dim=128 phase=measure iteration=16 host_elapsed_us=73571 ret=0
FIG8_ATTENTION_PROFILE_COUNT mode=scna-hmx-fp16-d8-two-pass qo_len=32 phase=measure iteration=16 records=2 max_records=10
FIG8_ATTENTION_TIMERS mode=scna-hmx-fp16-d8-two-pass scna_function=0 scna_kernel=0 scna_pipeline=0 scna_engine=3 profile_version=1 phase=measure iteration=16 lut_exp=0 nonlinear_mode=1 scna_width=8 scna_exp=36056 scna_pack=245 scna_hmx_affine_relu=3526 scna_reduction=2954 scna_unpack=27915 qo_len=32 kv_len=4096 n_heads=12 n_kv_heads=2 head_dim=128 kv_head=0 worker=0 profiled_total=36600 q_load=9 k_load=145 v_load=130 qk_dot=15 safe_sm=36264 core_acc=23 o_scale=2 o_store=12 kv_dma_issue=0 kv_dma_wait=0 kv_transform=0
FIG8_ATTENTION_TIMERS mode=scna-hmx-fp16-d8-two-pass scna_function=0 scna_kernel=0 scna_pipeline=0 scna_engine=3 profile_version=1 phase=measure iteration=16 lut_exp=0 nonlinear_mode=1 scna_width=8 scna_exp=36055 scna_pack=246 scna_hmx_affine_relu=3525 scna_reduction=2952 scna_unpack=27914 qo_len=32 kv_len=4096 n_heads=12 n_kv_heads=2 head_dim=128 kv_head=1 worker=0 profiled_total=36593 q_load=9 k_load=166 v_load=136 qk_dot=16 safe_sm=36230 core_acc=22 o_scale=2 o_store=12 kv_dma_issue=0 kv_dma_wait=0 kv_transform=0
FIG8_ATTENTION_EVENT_COUNT mode=scna-hmx-fp16-d8-two-pass qo_len=32 phase=measure iteration=16 events=16 max_events=24896 overflow=0
FIG8_ATTENTION_HOST_TIMING mode=scna-hmx-fp16-d8-two-pass scna_function=exp2 scna_kernel=direct scna_pipeline=off scna_width=8 qo_len=32 kv_len=4096 n_heads=12 n_kv_heads=2 head_dim=128 phase=measure iteration=17 host_elapsed_us=73568 ret=0
FIG8_ATTENTION_PROFILE_COUNT mode=scna-hmx-fp16-d8-two-pass qo_len=32 phase=measure iteration=17 records=2 max_records=10
FIG8_ATTENTION_TIMERS mode=scna-hmx-fp16-d8-two-pass scna_function=0 scna_kernel=0 scna_pipeline=0 scna_engine=3 profile_version=1 phase=measure iteration=17 lut_exp=0 nonlinear_mode=1 scna_width=8 scna_exp=36055 scna_pack=245 scna_hmx_affine_relu=3526 scna_reduction=2956 scna_unpack=27913 qo_len=32 kv_len=4096 n_heads=12 n_kv_heads=2 head_dim=128 kv_head=0 worker=0 profiled_total=36594 q_load=9 k_load=150 v_load=129 qk_dot=15 safe_sm=36254 core_acc=23 o_scale=2 o_store=12 kv_dma_issue=0 kv_dma_wait=0 kv_transform=0
FIG8_ATTENTION_TIMERS mode=scna-hmx-fp16-d8-two-pass scna_function=0 scna_kernel=0 scna_pipeline=0 scna_engine=3 profile_version=1 phase=measure iteration=17 lut_exp=0 nonlinear_mode=1 scna_width=8 scna_exp=36056 scna_pack=245 scna_hmx_affine_relu=3528 scna_reduction=2954 scna_unpack=27913 qo_len=32 kv_len=4096 n_heads=12 n_kv_heads=2 head_dim=128 kv_head=1 worker=0 profiled_total=36594 q_load=9 k_load=166 v_load=136 qk_dot=16 safe_sm=36230 core_acc=23 o_scale=2 o_store=12 kv_dma_issue=0 kv_dma_wait=0 kv_transform=0
FIG8_ATTENTION_EVENT_COUNT mode=scna-hmx-fp16-d8-two-pass qo_len=32 phase=measure iteration=17 events=16 max_events=24896 overflow=0
FIG8_ATTENTION_HOST_TIMING mode=scna-hmx-fp16-d8-two-pass scna_function=exp2 scna_kernel=direct scna_pipeline=off scna_width=8 qo_len=32 kv_len=4096 n_heads=12 n_kv_heads=2 head_dim=128 phase=measure iteration=18 host_elapsed_us=73583 ret=0
FIG8_ATTENTION_PROFILE_COUNT mode=scna-hmx-fp16-d8-two-pass qo_len=32 phase=measure iteration=18 records=2 max_records=10
FIG8_ATTENTION_TIMERS mode=scna-hmx-fp16-d8-two-pass scna_function=0 scna_kernel=0 scna_pipeline=0 scna_engine=3 profile_version=1 phase=measure iteration=18 lut_exp=0 nonlinear_mode=1 scna_width=8 scna_exp=36055 scna_pack=245 scna_hmx_affine_relu=3528 scna_reduction=2954 scna_unpack=27912 qo_len=32 kv_len=4096 n_heads=12 n_kv_heads=2 head_dim=128 kv_head=0 worker=0 profiled_total=36595 q_load=9 k_load=150 v_load=128 qk_dot=15 safe_sm=36256 core_acc=23 o_scale=2 o_store=12 kv_dma_issue=0 kv_dma_wait=0 kv_transform=0
FIG8_ATTENTION_TIMERS mode=scna-hmx-fp16-d8-two-pass scna_function=0 scna_kernel=0 scna_pipeline=0 scna_engine=3 profile_version=1 phase=measure iteration=18 lut_exp=0 nonlinear_mode=1 scna_width=8 scna_exp=36055 scna_pack=245 scna_hmx_affine_relu=3528 scna_reduction=2953 scna_unpack=27913 qo_len=32 kv_len=4096 n_heads=12 n_kv_heads=2 head_dim=128 kv_head=1 worker=0 profiled_total=36594 q_load=9 k_load=165 v_load=137 qk_dot=16 safe_sm=36231 core_acc=22 o_scale=2 o_store=12 kv_dma_issue=0 kv_dma_wait=0 kv_transform=0
FIG8_ATTENTION_EVENT_COUNT mode=scna-hmx-fp16-d8-two-pass qo_len=32 phase=measure iteration=18 events=16 max_events=24896 overflow=0
FIG8_ATTENTION_HOST_TIMING mode=scna-hmx-fp16-d8-two-pass scna_function=exp2 scna_kernel=direct scna_pipeline=off scna_width=8 qo_len=32 kv_len=4096 n_heads=12 n_kv_heads=2 head_dim=128 phase=measure iteration=19 host_elapsed_us=73543 ret=0
FIG8_ATTENTION_PROFILE_COUNT mode=scna-hmx-fp16-d8-two-pass qo_len=32 phase=measure iteration=19 records=2 max_records=10
FIG8_ATTENTION_TIMERS mode=scna-hmx-fp16-d8-two-pass scna_function=0 scna_kernel=0 scna_pipeline=0 scna_engine=3 profile_version=1 phase=measure iteration=19 lut_exp=0 nonlinear_mode=1 scna_width=8 scna_exp=36055 scna_pack=245 scna_hmx_affine_relu=3525 scna_reduction=2957 scna_unpack=27915 qo_len=32 kv_len=4096 n_heads=12 n_kv_heads=2 head_dim=128 kv_head=0 worker=0 profiled_total=36591 q_load=9 k_load=148 v_load=127 qk_dot=15 safe_sm=36255 core_acc=23 o_scale=2 o_store=12 kv_dma_issue=0 kv_dma_wait=0 kv_transform=0
FIG8_ATTENTION_TIMERS mode=scna-hmx-fp16-d8-two-pass scna_function=0 scna_kernel=0 scna_pipeline=0 scna_engine=3 profile_version=1 phase=measure iteration=19 lut_exp=0 nonlinear_mode=1 scna_width=8 scna_exp=36055 scna_pack=247 scna_hmx_affine_relu=3526 scna_reduction=2956 scna_unpack=27913 qo_len=32 kv_len=4096 n_heads=12 n_kv_heads=2 head_dim=128 kv_head=1 worker=0 profiled_total=36595 q_load=9 k_load=166 v_load=137 qk_dot=16 safe_sm=36231 core_acc=22 o_scale=2 o_store=12 kv_dma_issue=0 kv_dma_wait=0 kv_transform=0
FIG8_ATTENTION_EVENT_COUNT mode=scna-hmx-fp16-d8-two-pass qo_len=32 phase=measure iteration=19 events=16 max_events=24896 overflow=0
