alloc_shared_mem_buf: buf=0x7548600000 fd=15 size=196608 flags=FASTRPC_MAP_FD
alloc_shared_mem_buf: buf=0x72b0800000 fd=16 size=2097152 flags=FASTRPC_MAP_FD
alloc_shared_mem_buf: buf=0x72b0600000 fd=17 size=2097152 flags=FASTRPC_MAP_FD
alloc_shared_mem_buf: buf=0x7546410000 fd=18 size=196608 flags=FASTRPC_MAP_FD
alloc_shared_mem_buf: buf=0x72b0b90000 fd=19 size=262144 flags=FASTRPC_MAP_FD
alloc_shared_mem_buf: buf=0x72b0440000 fd=20 size=1794944 flags=FASTRPC_MAP_FD
alloc_shared_mem_buf: buf=0x754a121000 fd=21 size=4096 flags=FASTRPC_MAP_FD
No-op channel request completed
FIG8_ATTENTION_CONFIG mode=baseline scna_function=exp2 scna_kernel=direct scna_pipeline=off mask_mode=full qo_len=32 kv_len=4096 n_heads=12 n_kv_heads=2 head_dim=128 warmup=5 iters=20 scna_width=16 q_size=196608 kv_size=2097152 mask_size=262144 profile_size=1794944 profile_max_records=10 profile_max_events=24896 mode_flags=0 print_events=0
FIG8_ATTENTION_HOST_TIMING mode=baseline scna_function=exp2 scna_kernel=direct scna_pipeline=off scna_width=0 qo_len=32 kv_len=4096 n_heads=12 n_kv_heads=2 head_dim=128 phase=warmup iteration=0 host_elapsed_us=3835 ret=0
FIG8_ATTENTION_PROFILE_COUNT mode=baseline qo_len=32 phase=warmup iteration=0 records=2 max_records=10
FIG8_ATTENTION_TIMERS mode=baseline scna_function=0 scna_kernel=0 scna_pipeline=0 scna_engine=0 profile_version=1 phase=warmup iteration=0 lut_exp=0 nonlinear_mode=0 scna_width=0 scna_exp=0 scna_pack=0 scna_hmx_affine_relu=0 scna_reduction=0 scna_unpack=0 qo_len=32 kv_len=4096 n_heads=12 n_kv_heads=2 head_dim=128 kv_head=0 worker=0 profiled_total=1732 q_load=9 k_load=228 v_load=184 qk_dot=12 safe_sm=1272 core_acc=11 o_scale=3 o_store=13 kv_dma_issue=0 kv_dma_wait=0 kv_transform=0
FIG8_ATTENTION_TIMERS mode=baseline scna_function=0 scna_kernel=0 scna_pipeline=0 scna_engine=0 profile_version=1 phase=warmup iteration=0 lut_exp=0 nonlinear_mode=0 scna_width=0 scna_exp=0 scna_pack=0 scna_hmx_affine_relu=0 scna_reduction=0 scna_unpack=0 qo_len=32 kv_len=4096 n_heads=12 n_kv_heads=2 head_dim=128 kv_head=1 worker=0 profiled_total=1700 q_load=8 k_load=224 v_load=178 qk_dot=13 safe_sm=1253 core_acc=11 o_scale=2 o_store=11 kv_dma_issue=0 kv_dma_wait=0 kv_transform=0
FIG8_ATTENTION_EVENT_COUNT mode=baseline qo_len=32 phase=warmup iteration=0 events=16 max_events=24896 overflow=0
FIG8_ATTENTION_HOST_TIMING mode=baseline scna_function=exp2 scna_kernel=direct scna_pipeline=off scna_width=0 qo_len=32 kv_len=4096 n_heads=12 n_kv_heads=2 head_dim=128 phase=warmup iteration=1 host_elapsed_us=3682 ret=0
FIG8_ATTENTION_PROFILE_COUNT mode=baseline qo_len=32 phase=warmup iteration=1 records=2 max_records=10
FIG8_ATTENTION_TIMERS mode=baseline scna_function=0 scna_kernel=0 scna_pipeline=0 scna_engine=0 profile_version=1 phase=warmup iteration=1 lut_exp=0 nonlinear_mode=0 scna_width=0 scna_exp=0 scna_pack=0 scna_hmx_affine_relu=0 scna_reduction=0 scna_unpack=0 qo_len=32 kv_len=4096 n_heads=12 n_kv_heads=2 head_dim=128 kv_head=0 worker=0 profiled_total=1689 q_load=8 k_load=206 v_load=171 qk_dot=12 safe_sm=1269 core_acc=11 o_scale=1 o_store=11 kv_dma_issue=0 kv_dma_wait=0 kv_transform=0
FIG8_ATTENTION_TIMERS mode=baseline scna_function=0 scna_kernel=0 scna_pipeline=0 scna_engine=0 profile_version=1 phase=warmup iteration=1 lut_exp=0 nonlinear_mode=0 scna_width=0 scna_exp=0 scna_pack=0 scna_hmx_affine_relu=0 scna_reduction=0 scna_unpack=0 qo_len=32 kv_len=4096 n_heads=12 n_kv_heads=2 head_dim=128 kv_head=1 worker=0 profiled_total=1684 q_load=8 k_load=217 v_load=176 qk_dot=13 safe_sm=1246 core_acc=11 o_scale=2 o_store=11 kv_dma_issue=0 kv_dma_wait=0 kv_transform=0
FIG8_ATTENTION_EVENT_COUNT mode=baseline qo_len=32 phase=warmup iteration=1 events=16 max_events=24896 overflow=0
FIG8_ATTENTION_HOST_TIMING mode=baseline scna_function=exp2 scna_kernel=direct scna_pipeline=off scna_width=0 qo_len=32 kv_len=4096 n_heads=12 n_kv_heads=2 head_dim=128 phase=warmup iteration=2 host_elapsed_us=3720 ret=0
FIG8_ATTENTION_PROFILE_COUNT mode=baseline qo_len=32 phase=warmup iteration=2 records=2 max_records=10
FIG8_ATTENTION_TIMERS mode=baseline scna_function=0 scna_kernel=0 scna_pipeline=0 scna_engine=0 profile_version=1 phase=warmup iteration=2 lut_exp=0 nonlinear_mode=0 scna_width=0 scna_exp=0 scna_pack=0 scna_hmx_affine_relu=0 scna_reduction=0 scna_unpack=0 qo_len=32 kv_len=4096 n_heads=12 n_kv_heads=2 head_dim=128 kv_head=0 worker=0 profiled_total=1679 q_load=8 k_load=203 v_load=172 qk_dot=12 safe_sm=1261 core_acc=11 o_scale=1 o_store=11 kv_dma_issue=0 kv_dma_wait=0 kv_transform=0
FIG8_ATTENTION_TIMERS mode=baseline scna_function=0 scna_kernel=0 scna_pipeline=0 scna_engine=0 profile_version=1 phase=warmup iteration=2 lut_exp=0 nonlinear_mode=0 scna_width=0 scna_exp=0 scna_pack=0 scna_hmx_affine_relu=0 scna_reduction=0 scna_unpack=0 qo_len=32 kv_len=4096 n_heads=12 n_kv_heads=2 head_dim=128 kv_head=1 worker=0 profiled_total=1683 q_load=8 k_load=222 v_load=172 qk_dot=12 safe_sm=1246 core_acc=10 o_scale=2 o_store=11 kv_dma_issue=0 kv_dma_wait=0 kv_transform=0
FIG8_ATTENTION_EVENT_COUNT mode=baseline qo_len=32 phase=warmup iteration=2 events=16 max_events=24896 overflow=0
FIG8_ATTENTION_HOST_TIMING mode=baseline scna_function=exp2 scna_kernel=direct scna_pipeline=off scna_width=0 qo_len=32 kv_len=4096 n_heads=12 n_kv_heads=2 head_dim=128 phase=warmup iteration=3 host_elapsed_us=3674 ret=0
FIG8_ATTENTION_PROFILE_COUNT mode=baseline qo_len=32 phase=warmup iteration=3 records=2 max_records=10
FIG8_ATTENTION_TIMERS mode=baseline scna_function=0 scna_kernel=0 scna_pipeline=0 scna_engine=0 profile_version=1 phase=warmup iteration=3 lut_exp=0 nonlinear_mode=0 scna_width=0 scna_exp=0 scna_pack=0 scna_hmx_affine_relu=0 scna_reduction=0 scna_unpack=0 qo_len=32 kv_len=4096 n_heads=12 n_kv_heads=2 head_dim=128 kv_head=0 worker=0 profiled_total=1684 q_load=8 k_load=201 v_load=171 qk_dot=12 safe_sm=1267 core_acc=12 o_scale=1 o_store=12 kv_dma_issue=0 kv_dma_wait=0 kv_transform=0
FIG8_ATTENTION_TIMERS mode=baseline scna_function=0 scna_kernel=0 scna_pipeline=0 scna_engine=0 profile_version=1 phase=warmup iteration=3 lut_exp=0 nonlinear_mode=0 scna_width=0 scna_exp=0 scna_pack=0 scna_hmx_affine_relu=0 scna_reduction=0 scna_unpack=0 qo_len=32 kv_len=4096 n_heads=12 n_kv_heads=2 head_dim=128 kv_head=1 worker=0 profiled_total=1679 q_load=8 k_load=216 v_load=174 qk_dot=12 safe_sm=1245 core_acc=11 o_scale=2 o_store=11 kv_dma_issue=0 kv_dma_wait=0 kv_transform=0
FIG8_ATTENTION_EVENT_COUNT mode=baseline qo_len=32 phase=warmup iteration=3 events=16 max_events=24896 overflow=0
FIG8_ATTENTION_HOST_TIMING mode=baseline scna_function=exp2 scna_kernel=direct scna_pipeline=off scna_width=0 qo_len=32 kv_len=4096 n_heads=12 n_kv_heads=2 head_dim=128 phase=warmup iteration=4 host_elapsed_us=3699 ret=0
FIG8_ATTENTION_PROFILE_COUNT mode=baseline qo_len=32 phase=warmup iteration=4 records=2 max_records=10
FIG8_ATTENTION_TIMERS mode=baseline scna_function=0 scna_kernel=0 scna_pipeline=0 scna_engine=0 profile_version=1 phase=warmup iteration=4 lut_exp=0 nonlinear_mode=0 scna_width=0 scna_exp=0 scna_pack=0 scna_hmx_affine_relu=0 scna_reduction=0 scna_unpack=0 qo_len=32 kv_len=4096 n_heads=12 n_kv_heads=2 head_dim=128 kv_head=0 worker=0 profiled_total=1678 q_load=8 k_load=202 v_load=171 qk_dot=12 safe_sm=1262 core_acc=11 o_scale=1 o_store=11 kv_dma_issue=0 kv_dma_wait=0 kv_transform=0
FIG8_ATTENTION_TIMERS mode=baseline scna_function=0 scna_kernel=0 scna_pipeline=0 scna_engine=0 profile_version=1 phase=warmup iteration=4 lut_exp=0 nonlinear_mode=0 scna_width=0 scna_exp=0 scna_pack=0 scna_hmx_affine_relu=0 scna_reduction=0 scna_unpack=0 qo_len=32 kv_len=4096 n_heads=12 n_kv_heads=2 head_dim=128 kv_head=1 worker=0 profiled_total=1672 q_load=8 k_load=215 v_load=168 qk_dot=12 safe_sm=1245 core_acc=11 o_scale=2 o_store=11 kv_dma_issue=0 kv_dma_wait=0 kv_transform=0
FIG8_ATTENTION_EVENT_COUNT mode=baseline qo_len=32 phase=warmup iteration=4 events=16 max_events=24896 overflow=0
FIG8_ATTENTION_HOST_TIMING mode=baseline scna_function=exp2 scna_kernel=direct scna_pipeline=off scna_width=0 qo_len=32 kv_len=4096 n_heads=12 n_kv_heads=2 head_dim=128 phase=measure iteration=0 host_elapsed_us=3745 ret=0
FIG8_ATTENTION_PROFILE_COUNT mode=baseline qo_len=32 phase=measure iteration=0 records=2 max_records=10
FIG8_ATTENTION_TIMERS mode=baseline scna_function=0 scna_kernel=0 scna_pipeline=0 scna_engine=0 profile_version=1 phase=measure iteration=0 lut_exp=0 nonlinear_mode=0 scna_width=0 scna_exp=0 scna_pack=0 scna_hmx_affine_relu=0 scna_reduction=0 scna_unpack=0 qo_len=32 kv_len=4096 n_heads=12 n_kv_heads=2 head_dim=128 kv_head=0 worker=0 profiled_total=1687 q_load=8 k_load=203 v_load=180 qk_dot=12 safe_sm=1261 core_acc=11 o_scale=1 o_store=11 kv_dma_issue=0 kv_dma_wait=0 kv_transform=0
FIG8_ATTENTION_TIMERS mode=baseline scna_function=0 scna_kernel=0 scna_pipeline=0 scna_engine=0 profile_version=1 phase=measure iteration=0 lut_exp=0 nonlinear_mode=0 scna_width=0 scna_exp=0 scna_pack=0 scna_hmx_affine_relu=0 scna_reduction=0 scna_unpack=0 qo_len=32 kv_len=4096 n_heads=12 n_kv_heads=2 head_dim=128 kv_head=1 worker=0 profiled_total=1682 q_load=8 k_load=211 v_load=179 qk_dot=12 safe_sm=1248 core_acc=11 o_scale=2 o_store=11 kv_dma_issue=0 kv_dma_wait=0 kv_transform=0
FIG8_ATTENTION_EVENT_COUNT mode=baseline qo_len=32 phase=measure iteration=0 events=16 max_events=24896 overflow=0
FIG8_ATTENTION_HOST_TIMING mode=baseline scna_function=exp2 scna_kernel=direct scna_pipeline=off scna_width=0 qo_len=32 kv_len=4096 n_heads=12 n_kv_heads=2 head_dim=128 phase=measure iteration=1 host_elapsed_us=3653 ret=0
FIG8_ATTENTION_PROFILE_COUNT mode=baseline qo_len=32 phase=measure iteration=1 records=2 max_records=10
FIG8_ATTENTION_TIMERS mode=baseline scna_function=0 scna_kernel=0 scna_pipeline=0 scna_engine=0 profile_version=1 phase=measure iteration=1 lut_exp=0 nonlinear_mode=0 scna_width=0 scna_exp=0 scna_pack=0 scna_hmx_affine_relu=0 scna_reduction=0 scna_unpack=0 qo_len=32 kv_len=4096 n_heads=12 n_kv_heads=2 head_dim=128 kv_head=0 worker=0 profiled_total=1673 q_load=8 k_load=197 v_load=172 qk_dot=12 safe_sm=1261 core_acc=11 o_scale=1 o_store=11 kv_dma_issue=0 kv_dma_wait=0 kv_transform=0
FIG8_ATTENTION_TIMERS mode=baseline scna_function=0 scna_kernel=0 scna_pipeline=0 scna_engine=0 profile_version=1 phase=measure iteration=1 lut_exp=0 nonlinear_mode=0 scna_width=0 scna_exp=0 scna_pack=0 scna_hmx_affine_relu=0 scna_reduction=0 scna_unpack=0 qo_len=32 kv_len=4096 n_heads=12 n_kv_heads=2 head_dim=128 kv_head=1 worker=0 profiled_total=1616 q_load=8 k_load=222 v_load=128 qk_dot=13 safe_sm=1221 core_acc=11 o_scale=2 o_store=11 kv_dma_issue=0 kv_dma_wait=0 kv_transform=0
FIG8_ATTENTION_EVENT_COUNT mode=baseline qo_len=32 phase=measure iteration=1 events=16 max_events=24896 overflow=0
FIG8_ATTENTION_HOST_TIMING mode=baseline scna_function=exp2 scna_kernel=direct scna_pipeline=off scna_width=0 qo_len=32 kv_len=4096 n_heads=12 n_kv_heads=2 head_dim=128 phase=measure iteration=2 host_elapsed_us=3510 ret=0
FIG8_ATTENTION_PROFILE_COUNT mode=baseline qo_len=32 phase=measure iteration=2 records=2 max_records=10
FIG8_ATTENTION_TIMERS mode=baseline scna_function=0 scna_kernel=0 scna_pipeline=0 scna_engine=0 profile_version=1 phase=measure iteration=2 lut_exp=0 nonlinear_mode=0 scna_width=0 scna_exp=0 scna_pack=0 scna_hmx_affine_relu=0 scna_reduction=0 scna_unpack=0 qo_len=32 kv_len=4096 n_heads=12 n_kv_heads=2 head_dim=128 kv_head=0 worker=0 profiled_total=1583 q_load=8 k_load=170 v_load=135 qk_dot=12 safe_sm=1235 core_acc=11 o_scale=1 o_store=11 kv_dma_issue=0 kv_dma_wait=0 kv_transform=0
FIG8_ATTENTION_TIMERS mode=baseline scna_function=0 scna_kernel=0 scna_pipeline=0 scna_engine=0 profile_version=1 phase=measure iteration=2 lut_exp=0 nonlinear_mode=0 scna_width=0 scna_exp=0 scna_pack=0 scna_hmx_affine_relu=0 scna_reduction=0 scna_unpack=0 qo_len=32 kv_len=4096 n_heads=12 n_kv_heads=2 head_dim=128 kv_head=1 worker=0 profiled_total=1592 q_load=8 k_load=166 v_load=148 qk_dot=12 safe_sm=1234 core_acc=11 o_scale=2 o_store=11 kv_dma_issue=0 kv_dma_wait=0 kv_transform=0
FIG8_ATTENTION_EVENT_COUNT mode=baseline qo_len=32 phase=measure iteration=2 events=16 max_events=24896 overflow=0
FIG8_ATTENTION_HOST_TIMING mode=baseline scna_function=exp2 scna_kernel=direct scna_pipeline=off scna_width=0 qo_len=32 kv_len=4096 n_heads=12 n_kv_heads=2 head_dim=128 phase=measure iteration=3 host_elapsed_us=3601 ret=0
FIG8_ATTENTION_PROFILE_COUNT mode=baseline qo_len=32 phase=measure iteration=3 records=2 max_records=10
FIG8_ATTENTION_TIMERS mode=baseline scna_function=0 scna_kernel=0 scna_pipeline=0 scna_engine=0 profile_version=1 phase=measure iteration=3 lut_exp=0 nonlinear_mode=0 scna_width=0 scna_exp=0 scna_pack=0 scna_hmx_affine_relu=0 scna_reduction=0 scna_unpack=0 qo_len=32 kv_len=4096 n_heads=12 n_kv_heads=2 head_dim=128 kv_head=0 worker=0 profiled_total=1603 q_load=8 k_load=165 v_load=151 qk_dot=12 safe_sm=1244 core_acc=11 o_scale=1 o_store=11 kv_dma_issue=0 kv_dma_wait=0 kv_transform=0
FIG8_ATTENTION_TIMERS mode=baseline scna_function=0 scna_kernel=0 scna_pipeline=0 scna_engine=0 profile_version=1 phase=measure iteration=3 lut_exp=0 nonlinear_mode=0 scna_width=0 scna_exp=0 scna_pack=0 scna_hmx_affine_relu=0 scna_reduction=0 scna_unpack=0 qo_len=32 kv_len=4096 n_heads=12 n_kv_heads=2 head_dim=128 kv_head=1 worker=0 profiled_total=1617 q_load=8 k_load=186 v_load=153 qk_dot=12 safe_sm=1234 core_acc=11 o_scale=2 o_store=11 kv_dma_issue=0 kv_dma_wait=0 kv_transform=0
FIG8_ATTENTION_EVENT_COUNT mode=baseline qo_len=32 phase=measure iteration=3 events=16 max_events=24896 overflow=0
FIG8_ATTENTION_HOST_TIMING mode=baseline scna_function=exp2 scna_kernel=direct scna_pipeline=off scna_width=0 qo_len=32 kv_len=4096 n_heads=12 n_kv_heads=2 head_dim=128 phase=measure iteration=4 host_elapsed_us=3634 ret=0
FIG8_ATTENTION_PROFILE_COUNT mode=baseline qo_len=32 phase=measure iteration=4 records=2 max_records=10
FIG8_ATTENTION_TIMERS mode=baseline scna_function=0 scna_kernel=0 scna_pipeline=0 scna_engine=0 profile_version=1 phase=measure iteration=4 lut_exp=0 nonlinear_mode=0 scna_width=0 scna_exp=0 scna_pack=0 scna_hmx_affine_relu=0 scna_reduction=0 scna_unpack=0 qo_len=32 kv_len=4096 n_heads=12 n_kv_heads=2 head_dim=128 kv_head=0 worker=0 profiled_total=1626 q_load=8 k_load=171 v_load=159 qk_dot=12 safe_sm=1252 core_acc=11 o_scale=2 o_store=11 kv_dma_issue=0 kv_dma_wait=0 kv_transform=0
FIG8_ATTENTION_TIMERS mode=baseline scna_function=0 scna_kernel=0 scna_pipeline=0 scna_engine=0 profile_version=1 phase=measure iteration=4 lut_exp=0 nonlinear_mode=0 scna_width=0 scna_exp=0 scna_pack=0 scna_hmx_affine_relu=0 scna_reduction=0 scna_unpack=0 qo_len=32 kv_len=4096 n_heads=12 n_kv_heads=2 head_dim=128 kv_head=1 worker=0 profiled_total=1636 q_load=8 k_load=193 v_load=161 qk_dot=12 safe_sm=1238 core_acc=11 o_scale=2 o_store=11 kv_dma_issue=0 kv_dma_wait=0 kv_transform=0
FIG8_ATTENTION_EVENT_COUNT mode=baseline qo_len=32 phase=measure iteration=4 events=16 max_events=24896 overflow=0
FIG8_ATTENTION_HOST_TIMING mode=baseline scna_function=exp2 scna_kernel=direct scna_pipeline=off scna_width=0 qo_len=32 kv_len=4096 n_heads=12 n_kv_heads=2 head_dim=128 phase=measure iteration=5 host_elapsed_us=3645 ret=0
FIG8_ATTENTION_PROFILE_COUNT mode=baseline qo_len=32 phase=measure iteration=5 records=2 max_records=10
FIG8_ATTENTION_TIMERS mode=baseline scna_function=0 scna_kernel=0 scna_pipeline=0 scna_engine=0 profile_version=1 phase=measure iteration=5 lut_exp=0 nonlinear_mode=0 scna_width=0 scna_exp=0 scna_pack=0 scna_hmx_affine_relu=0 scna_reduction=0 scna_unpack=0 qo_len=32 kv_len=4096 n_heads=12 n_kv_heads=2 head_dim=128 kv_head=0 worker=0 profiled_total=1638 q_load=8 k_load=181 v_load=158 qk_dot=12 safe_sm=1256 core_acc=11 o_scale=1 o_store=11 kv_dma_issue=0 kv_dma_wait=0 kv_transform=0
FIG8_ATTENTION_TIMERS mode=baseline scna_function=0 scna_kernel=0 scna_pipeline=0 scna_engine=0 profile_version=1 phase=measure iteration=5 lut_exp=0 nonlinear_mode=0 scna_width=0 scna_exp=0 scna_pack=0 scna_hmx_affine_relu=0 scna_reduction=0 scna_unpack=0 qo_len=32 kv_len=4096 n_heads=12 n_kv_heads=2 head_dim=128 kv_head=1 worker=0 profiled_total=1624 q_load=8 k_load=197 v_load=154 qk_dot=13 safe_sm=1228 core_acc=11 o_scale=2 o_store=11 kv_dma_issue=0 kv_dma_wait=0 kv_transform=0
FIG8_ATTENTION_EVENT_COUNT mode=baseline qo_len=32 phase=measure iteration=5 events=16 max_events=24896 overflow=0
FIG8_ATTENTION_HOST_TIMING mode=baseline scna_function=exp2 scna_kernel=direct scna_pipeline=off scna_width=0 qo_len=32 kv_len=4096 n_heads=12 n_kv_heads=2 head_dim=128 phase=measure iteration=6 host_elapsed_us=3530 ret=0
FIG8_ATTENTION_PROFILE_COUNT mode=baseline qo_len=32 phase=measure iteration=6 records=2 max_records=10
FIG8_ATTENTION_TIMERS mode=baseline scna_function=0 scna_kernel=0 scna_pipeline=0 scna_engine=0 profile_version=1 phase=measure iteration=6 lut_exp=0 nonlinear_mode=0 scna_width=0 scna_exp=0 scna_pack=0 scna_hmx_affine_relu=0 scna_reduction=0 scna_unpack=0 qo_len=32 kv_len=4096 n_heads=12 n_kv_heads=2 head_dim=128 kv_head=0 worker=0 profiled_total=1622 q_load=8 k_load=176 v_load=154 qk_dot=12 safe_sm=1249 core_acc=11 o_scale=1 o_store=11 kv_dma_issue=0 kv_dma_wait=0 kv_transform=0
FIG8_ATTENTION_TIMERS mode=baseline scna_function=0 scna_kernel=0 scna_pipeline=0 scna_engine=0 profile_version=1 phase=measure iteration=6 lut_exp=0 nonlinear_mode=0 scna_width=0 scna_exp=0 scna_pack=0 scna_hmx_affine_relu=0 scna_reduction=0 scna_unpack=0 qo_len=32 kv_len=4096 n_heads=12 n_kv_heads=2 head_dim=128 kv_head=1 worker=0 profiled_total=1605 q_load=8 k_load=191 v_load=132 qk_dot=12 safe_sm=1238 core_acc=11 o_scale=2 o_store=11 kv_dma_issue=0 kv_dma_wait=0 kv_transform=0
FIG8_ATTENTION_EVENT_COUNT mode=baseline qo_len=32 phase=measure iteration=6 events=16 max_events=24896 overflow=0
FIG8_ATTENTION_HOST_TIMING mode=baseline scna_function=exp2 scna_kernel=direct scna_pipeline=off scna_width=0 qo_len=32 kv_len=4096 n_heads=12 n_kv_heads=2 head_dim=128 phase=measure iteration=7 host_elapsed_us=3538 ret=0
FIG8_ATTENTION_PROFILE_COUNT mode=baseline qo_len=32 phase=measure iteration=7 records=2 max_records=10
FIG8_ATTENTION_TIMERS mode=baseline scna_function=0 scna_kernel=0 scna_pipeline=0 scna_engine=0 profile_version=1 phase=measure iteration=7 lut_exp=0 nonlinear_mode=0 scna_width=0 scna_exp=0 scna_pack=0 scna_hmx_affine_relu=0 scna_reduction=0 scna_unpack=0 qo_len=32 kv_len=4096 n_heads=12 n_kv_heads=2 head_dim=128 kv_head=0 worker=0 profiled_total=1610 q_load=8 k_load=168 v_load=152 qk_dot=12 safe_sm=1246 core_acc=11 o_scale=2 o_store=11 kv_dma_issue=0 kv_dma_wait=0 kv_transform=0
FIG8_ATTENTION_TIMERS mode=baseline scna_function=0 scna_kernel=0 scna_pipeline=0 scna_engine=0 profile_version=1 phase=measure iteration=7 lut_exp=0 nonlinear_mode=0 scna_width=0 scna_exp=0 scna_pack=0 scna_hmx_affine_relu=0 scna_reduction=0 scna_unpack=0 qo_len=32 kv_len=4096 n_heads=12 n_kv_heads=2 head_dim=128 kv_head=1 worker=0 profiled_total=1619 q_load=8 k_load=183 v_load=156 qk_dot=13 safe_sm=1235 core_acc=11 o_scale=2 o_store=11 kv_dma_issue=0 kv_dma_wait=0 kv_transform=0
FIG8_ATTENTION_EVENT_COUNT mode=baseline qo_len=32 phase=measure iteration=7 events=16 max_events=24896 overflow=0
FIG8_ATTENTION_HOST_TIMING mode=baseline scna_function=exp2 scna_kernel=direct scna_pipeline=off scna_width=0 qo_len=32 kv_len=4096 n_heads=12 n_kv_heads=2 head_dim=128 phase=measure iteration=8 host_elapsed_us=3524 ret=0
FIG8_ATTENTION_PROFILE_COUNT mode=baseline qo_len=32 phase=measure iteration=8 records=2 max_records=10
FIG8_ATTENTION_TIMERS mode=baseline scna_function=0 scna_kernel=0 scna_pipeline=0 scna_engine=0 profile_version=1 phase=measure iteration=8 lut_exp=0 nonlinear_mode=0 scna_width=0 scna_exp=0 scna_pack=0 scna_hmx_affine_relu=0 scna_reduction=0 scna_unpack=0 qo_len=32 kv_len=4096 n_heads=12 n_kv_heads=2 head_dim=128 kv_head=0 worker=0 profiled_total=1609 q_load=8 k_load=166 v_load=150 qk_dot=12 safe_sm=1249 core_acc=11 o_scale=1 o_store=12 kv_dma_issue=0 kv_dma_wait=0 kv_transform=0
FIG8_ATTENTION_TIMERS mode=baseline scna_function=0 scna_kernel=0 scna_pipeline=0 scna_engine=0 profile_version=1 phase=measure iteration=8 lut_exp=0 nonlinear_mode=0 scna_width=0 scna_exp=0 scna_pack=0 scna_hmx_affine_relu=0 scna_reduction=0 scna_unpack=0 qo_len=32 kv_len=4096 n_heads=12 n_kv_heads=2 head_dim=128 kv_head=1 worker=0 profiled_total=1603 q_load=8 k_load=183 v_load=142 qk_dot=13 safe_sm=1233 core_acc=11 o_scale=2 o_store=11 kv_dma_issue=0 kv_dma_wait=0 kv_transform=0
FIG8_ATTENTION_EVENT_COUNT mode=baseline qo_len=32 phase=measure iteration=8 events=16 max_events=24896 overflow=0
FIG8_ATTENTION_HOST_TIMING mode=baseline scna_function=exp2 scna_kernel=direct scna_pipeline=off scna_width=0 qo_len=32 kv_len=4096 n_heads=12 n_kv_heads=2 head_dim=128 phase=measure iteration=9 host_elapsed_us=3613 ret=0
FIG8_ATTENTION_PROFILE_COUNT mode=baseline qo_len=32 phase=measure iteration=9 records=2 max_records=10
FIG8_ATTENTION_TIMERS mode=baseline scna_function=0 scna_kernel=0 scna_pipeline=0 scna_engine=0 profile_version=1 phase=measure iteration=9 lut_exp=0 nonlinear_mode=0 scna_width=0 scna_exp=0 scna_pack=0 scna_hmx_affine_relu=0 scna_reduction=0 scna_unpack=0 qo_len=32 kv_len=4096 n_heads=12 n_kv_heads=2 head_dim=128 kv_head=0 worker=0 profiled_total=1610 q_load=8 k_load=169 v_load=152 qk_dot=12 safe_sm=1245 core_acc=11 o_scale=2 o_store=11 kv_dma_issue=0 kv_dma_wait=0 kv_transform=0
FIG8_ATTENTION_TIMERS mode=baseline scna_function=0 scna_kernel=0 scna_pipeline=0 scna_engine=0 profile_version=1 phase=measure iteration=9 lut_exp=0 nonlinear_mode=0 scna_width=0 scna_exp=0 scna_pack=0 scna_hmx_affine_relu=0 scna_reduction=0 scna_unpack=0 qo_len=32 kv_len=4096 n_heads=12 n_kv_heads=2 head_dim=128 kv_head=1 worker=0 profiled_total=1618 q_load=8 k_load=183 v_load=156 qk_dot=13 safe_sm=1234 core_acc=11 o_scale=2 o_store=11 kv_dma_issue=0 kv_dma_wait=0 kv_transform=0
FIG8_ATTENTION_EVENT_COUNT mode=baseline qo_len=32 phase=measure iteration=9 events=16 max_events=24896 overflow=0
FIG8_ATTENTION_HOST_TIMING mode=baseline scna_function=exp2 scna_kernel=direct scna_pipeline=off scna_width=0 qo_len=32 kv_len=4096 n_heads=12 n_kv_heads=2 head_dim=128 phase=measure iteration=10 host_elapsed_us=3523 ret=0
FIG8_ATTENTION_PROFILE_COUNT mode=baseline qo_len=32 phase=measure iteration=10 records=2 max_records=10
FIG8_ATTENTION_TIMERS mode=baseline scna_function=0 scna_kernel=0 scna_pipeline=0 scna_engine=0 profile_version=1 phase=measure iteration=10 lut_exp=0 nonlinear_mode=0 scna_width=0 scna_exp=0 scna_pack=0 scna_hmx_affine_relu=0 scna_reduction=0 scna_unpack=0 qo_len=32 kv_len=4096 n_heads=12 n_kv_heads=2 head_dim=128 kv_head=0 worker=0 profiled_total=1608 q_load=8 k_load=162 v_load=152 qk_dot=12 safe_sm=1250 core_acc=11 o_scale=2 o_store=11 kv_dma_issue=0 kv_dma_wait=0 kv_transform=0
FIG8_ATTENTION_TIMERS mode=baseline scna_function=0 scna_kernel=0 scna_pipeline=0 scna_engine=0 profile_version=1 phase=measure iteration=10 lut_exp=0 nonlinear_mode=0 scna_width=0 scna_exp=0 scna_pack=0 scna_hmx_affine_relu=0 scna_reduction=0 scna_unpack=0 qo_len=32 kv_len=4096 n_heads=12 n_kv_heads=2 head_dim=128 kv_head=1 worker=0 profiled_total=1615 q_load=8 k_load=185 v_load=150 qk_dot=13 safe_sm=1235 core_acc=11 o_scale=2 o_store=11 kv_dma_issue=0 kv_dma_wait=0 kv_transform=0
FIG8_ATTENTION_EVENT_COUNT mode=baseline qo_len=32 phase=measure iteration=10 events=16 max_events=24896 overflow=0
FIG8_ATTENTION_HOST_TIMING mode=baseline scna_function=exp2 scna_kernel=direct scna_pipeline=off scna_width=0 qo_len=32 kv_len=4096 n_heads=12 n_kv_heads=2 head_dim=128 phase=measure iteration=11 host_elapsed_us=3597 ret=0
FIG8_ATTENTION_PROFILE_COUNT mode=baseline qo_len=32 phase=measure iteration=11 records=2 max_records=10
FIG8_ATTENTION_TIMERS mode=baseline scna_function=0 scna_kernel=0 scna_pipeline=0 scna_engine=0 profile_version=1 phase=measure iteration=11 lut_exp=0 nonlinear_mode=0 scna_width=0 scna_exp=0 scna_pack=0 scna_hmx_affine_relu=0 scna_reduction=0 scna_unpack=0 qo_len=32 kv_len=4096 n_heads=12 n_kv_heads=2 head_dim=128 kv_head=0 worker=0 profiled_total=1614 q_load=8 k_load=169 v_load=151 qk_dot=12 safe_sm=1250 core_acc=11 o_scale=1 o_store=12 kv_dma_issue=0 kv_dma_wait=0 kv_transform=0
FIG8_ATTENTION_TIMERS mode=baseline scna_function=0 scna_kernel=0 scna_pipeline=0 scna_engine=0 profile_version=1 phase=measure iteration=11 lut_exp=0 nonlinear_mode=0 scna_width=0 scna_exp=0 scna_pack=0 scna_hmx_affine_relu=0 scna_reduction=0 scna_unpack=0 qo_len=32 kv_len=4096 n_heads=12 n_kv_heads=2 head_dim=128 kv_head=1 worker=0 profiled_total=1623 q_load=8 k_load=180 v_load=164 qk_dot=13 safe_sm=1235 core_acc=11 o_scale=1 o_store=11 kv_dma_issue=0 kv_dma_wait=0 kv_transform=0
FIG8_ATTENTION_EVENT_COUNT mode=baseline qo_len=32 phase=measure iteration=11 events=16 max_events=24896 overflow=0
FIG8_ATTENTION_HOST_TIMING mode=baseline scna_function=exp2 scna_kernel=direct scna_pipeline=off scna_width=0 qo_len=32 kv_len=4096 n_heads=12 n_kv_heads=2 head_dim=128 phase=measure iteration=12 host_elapsed_us=3612 ret=0
FIG8_ATTENTION_PROFILE_COUNT mode=baseline qo_len=32 phase=measure iteration=12 records=2 max_records=10
FIG8_ATTENTION_TIMERS mode=baseline scna_function=0 scna_kernel=0 scna_pipeline=0 scna_engine=0 profile_version=1 phase=measure iteration=12 lut_exp=0 nonlinear_mode=0 scna_width=0 scna_exp=0 scna_pack=0 scna_hmx_affine_relu=0 scna_reduction=0 scna_unpack=0 qo_len=32 kv_len=4096 n_heads=12 n_kv_heads=2 head_dim=128 kv_head=0 worker=0 profiled_total=1617 q_load=8 k_load=174 v_load=151 qk_dot=12 safe_sm=1249 core_acc=11 o_scale=1 o_store=11 kv_dma_issue=0 kv_dma_wait=0 kv_transform=0
FIG8_ATTENTION_TIMERS mode=baseline scna_function=0 scna_kernel=0 scna_pipeline=0 scna_engine=0 profile_version=1 phase=measure iteration=12 lut_exp=0 nonlinear_mode=0 scna_width=0 scna_exp=0 scna_pack=0 scna_hmx_affine_relu=0 scna_reduction=0 scna_unpack=0 qo_len=32 kv_len=4096 n_heads=12 n_kv_heads=2 head_dim=128 kv_head=1 worker=0 profiled_total=1620 q_load=8 k_load=188 v_load=153 qk_dot=13 safe_sm=1234 core_acc=11 o_scale=2 o_store=11 kv_dma_issue=0 kv_dma_wait=0 kv_transform=0
FIG8_ATTENTION_EVENT_COUNT mode=baseline qo_len=32 phase=measure iteration=12 events=16 max_events=24896 overflow=0
FIG8_ATTENTION_HOST_TIMING mode=baseline scna_function=exp2 scna_kernel=direct scna_pipeline=off scna_width=0 qo_len=32 kv_len=4096 n_heads=12 n_kv_heads=2 head_dim=128 phase=measure iteration=13 host_elapsed_us=3542 ret=0
FIG8_ATTENTION_PROFILE_COUNT mode=baseline qo_len=32 phase=measure iteration=13 records=2 max_records=10
FIG8_ATTENTION_TIMERS mode=baseline scna_function=0 scna_kernel=0 scna_pipeline=0 scna_engine=0 profile_version=1 phase=measure iteration=13 lut_exp=0 nonlinear_mode=0 scna_width=0 scna_exp=0 scna_pack=0 scna_hmx_affine_relu=0 scna_reduction=0 scna_unpack=0 qo_len=32 kv_len=4096 n_heads=12 n_kv_heads=2 head_dim=128 kv_head=0 worker=0 profiled_total=1613 q_load=8 k_load=172 v_load=149 qk_dot=12 safe_sm=1249 core_acc=11 o_scale=1 o_store=11 kv_dma_issue=0 kv_dma_wait=0 kv_transform=0
FIG8_ATTENTION_TIMERS mode=baseline scna_function=0 scna_kernel=0 scna_pipeline=0 scna_engine=0 profile_version=1 phase=measure iteration=13 lut_exp=0 nonlinear_mode=0 scna_width=0 scna_exp=0 scna_pack=0 scna_hmx_affine_relu=0 scna_reduction=0 scna_unpack=0 qo_len=32 kv_len=4096 n_heads=12 n_kv_heads=2 head_dim=128 kv_head=1 worker=0 profiled_total=1623 q_load=8 k_load=192 v_load=153 qk_dot=13 safe_sm=1233 core_acc=11 o_scale=2 o_store=11 kv_dma_issue=0 kv_dma_wait=0 kv_transform=0
FIG8_ATTENTION_EVENT_COUNT mode=baseline qo_len=32 phase=measure iteration=13 events=16 max_events=24896 overflow=0
FIG8_ATTENTION_HOST_TIMING mode=baseline scna_function=exp2 scna_kernel=direct scna_pipeline=off scna_width=0 qo_len=32 kv_len=4096 n_heads=12 n_kv_heads=2 head_dim=128 phase=measure iteration=14 host_elapsed_us=3546 ret=0
FIG8_ATTENTION_PROFILE_COUNT mode=baseline qo_len=32 phase=measure iteration=14 records=2 max_records=10
FIG8_ATTENTION_TIMERS mode=baseline scna_function=0 scna_kernel=0 scna_pipeline=0 scna_engine=0 profile_version=1 phase=measure iteration=14 lut_exp=0 nonlinear_mode=0 scna_width=0 scna_exp=0 scna_pack=0 scna_hmx_affine_relu=0 scna_reduction=0 scna_unpack=0 qo_len=32 kv_len=4096 n_heads=12 n_kv_heads=2 head_dim=128 kv_head=0 worker=0 profiled_total=1622 q_load=8 k_load=173 v_load=149 qk_dot=12 safe_sm=1256 core_acc=11 o_scale=1 o_store=12 kv_dma_issue=0 kv_dma_wait=0 kv_transform=0
FIG8_ATTENTION_TIMERS mode=baseline scna_function=0 scna_kernel=0 scna_pipeline=0 scna_engine=0 profile_version=1 phase=measure iteration=14 lut_exp=0 nonlinear_mode=0 scna_width=0 scna_exp=0 scna_pack=0 scna_hmx_affine_relu=0 scna_reduction=0 scna_unpack=0 qo_len=32 kv_len=4096 n_heads=12 n_kv_heads=2 head_dim=128 kv_head=1 worker=0 profiled_total=1621 q_load=8 k_load=191 v_load=153 qk_dot=12 safe_sm=1233 core_acc=11 o_scale=2 o_store=11 kv_dma_issue=0 kv_dma_wait=0 kv_transform=0
FIG8_ATTENTION_EVENT_COUNT mode=baseline qo_len=32 phase=measure iteration=14 events=16 max_events=24896 overflow=0
FIG8_ATTENTION_HOST_TIMING mode=baseline scna_function=exp2 scna_kernel=direct scna_pipeline=off scna_width=0 qo_len=32 kv_len=4096 n_heads=12 n_kv_heads=2 head_dim=128 phase=measure iteration=15 host_elapsed_us=3553 ret=0
FIG8_ATTENTION_PROFILE_COUNT mode=baseline qo_len=32 phase=measure iteration=15 records=2 max_records=10
FIG8_ATTENTION_TIMERS mode=baseline scna_function=0 scna_kernel=0 scna_pipeline=0 scna_engine=0 profile_version=1 phase=measure iteration=15 lut_exp=0 nonlinear_mode=0 scna_width=0 scna_exp=0 scna_pack=0 scna_hmx_affine_relu=0 scna_reduction=0 scna_unpack=0 qo_len=32 kv_len=4096 n_heads=12 n_kv_heads=2 head_dim=128 kv_head=0 worker=0 profiled_total=1621 q_load=8 k_load=180 v_load=149 qk_dot=12 safe_sm=1249 core_acc=11 o_scale=1 o_store=11 kv_dma_issue=0 kv_dma_wait=0 kv_transform=0
FIG8_ATTENTION_TIMERS mode=baseline scna_function=0 scna_kernel=0 scna_pipeline=0 scna_engine=0 profile_version=1 phase=measure iteration=15 lut_exp=0 nonlinear_mode=0 scna_width=0 scna_exp=0 scna_pack=0 scna_hmx_affine_relu=0 scna_reduction=0 scna_unpack=0 qo_len=32 kv_len=4096 n_heads=12 n_kv_heads=2 head_dim=128 kv_head=1 worker=0 profiled_total=1621 q_load=8 k_load=189 v_load=153 qk_dot=13 safe_sm=1234 core_acc=11 o_scale=2 o_store=11 kv_dma_issue=0 kv_dma_wait=0 kv_transform=0
FIG8_ATTENTION_EVENT_COUNT mode=baseline qo_len=32 phase=measure iteration=15 events=16 max_events=24896 overflow=0
FIG8_ATTENTION_HOST_TIMING mode=baseline scna_function=exp2 scna_kernel=direct scna_pipeline=off scna_width=0 qo_len=32 kv_len=4096 n_heads=12 n_kv_heads=2 head_dim=128 phase=measure iteration=16 host_elapsed_us=3617 ret=0
FIG8_ATTENTION_PROFILE_COUNT mode=baseline qo_len=32 phase=measure iteration=16 records=2 max_records=10
FIG8_ATTENTION_TIMERS mode=baseline scna_function=0 scna_kernel=0 scna_pipeline=0 scna_engine=0 profile_version=1 phase=measure iteration=16 lut_exp=0 nonlinear_mode=0 scna_width=0 scna_exp=0 scna_pack=0 scna_hmx_affine_relu=0 scna_reduction=0 scna_unpack=0 qo_len=32 kv_len=4096 n_heads=12 n_kv_heads=2 head_dim=128 kv_head=0 worker=0 profiled_total=1623 q_load=8 k_load=173 v_load=160 qk_dot=12 safe_sm=1246 core_acc=11 o_scale=2 o_store=11 kv_dma_issue=0 kv_dma_wait=0 kv_transform=0
FIG8_ATTENTION_TIMERS mode=baseline scna_function=0 scna_kernel=0 scna_pipeline=0 scna_engine=0 profile_version=1 phase=measure iteration=16 lut_exp=0 nonlinear_mode=0 scna_width=0 scna_exp=0 scna_pack=0 scna_hmx_affine_relu=0 scna_reduction=0 scna_unpack=0 qo_len=32 kv_len=4096 n_heads=12 n_kv_heads=2 head_dim=128 kv_head=1 worker=0 profiled_total=1620 q_load=8 k_load=189 v_load=153 qk_dot=12 safe_sm=1234 core_acc=11 o_scale=2 o_store=11 kv_dma_issue=0 kv_dma_wait=0 kv_transform=0
FIG8_ATTENTION_EVENT_COUNT mode=baseline qo_len=32 phase=measure iteration=16 events=16 max_events=24896 overflow=0
FIG8_ATTENTION_HOST_TIMING mode=baseline scna_function=exp2 scna_kernel=direct scna_pipeline=off scna_width=0 qo_len=32 kv_len=4096 n_heads=12 n_kv_heads=2 head_dim=128 phase=measure iteration=17 host_elapsed_us=3577 ret=0
FIG8_ATTENTION_PROFILE_COUNT mode=baseline qo_len=32 phase=measure iteration=17 records=2 max_records=10
FIG8_ATTENTION_TIMERS mode=baseline scna_function=0 scna_kernel=0 scna_pipeline=0 scna_engine=0 profile_version=1 phase=measure iteration=17 lut_exp=0 nonlinear_mode=0 scna_width=0 scna_exp=0 scna_pack=0 scna_hmx_affine_relu=0 scna_reduction=0 scna_unpack=0 qo_len=32 kv_len=4096 n_heads=12 n_kv_heads=2 head_dim=128 kv_head=0 worker=0 profiled_total=1615 q_load=8 k_load=174 v_load=150 qk_dot=12 safe_sm=1247 core_acc=11 o_scale=1 o_store=12 kv_dma_issue=0 kv_dma_wait=0 kv_transform=0
FIG8_ATTENTION_TIMERS mode=baseline scna_function=0 scna_kernel=0 scna_pipeline=0 scna_engine=0 profile_version=1 phase=measure iteration=17 lut_exp=0 nonlinear_mode=0 scna_width=0 scna_exp=0 scna_pack=0 scna_hmx_affine_relu=0 scna_reduction=0 scna_unpack=0 qo_len=32 kv_len=4096 n_heads=12 n_kv_heads=2 head_dim=128 kv_head=1 worker=0 profiled_total=1599 q_load=8 k_load=189 v_load=134 qk_dot=12 safe_sm=1233 core_acc=10 o_scale=2 o_store=11 kv_dma_issue=0 kv_dma_wait=0 kv_transform=0
FIG8_ATTENTION_EVENT_COUNT mode=baseline qo_len=32 phase=measure iteration=17 events=16 max_events=24896 overflow=0
FIG8_ATTENTION_HOST_TIMING mode=baseline scna_function=exp2 scna_kernel=direct scna_pipeline=off scna_width=0 qo_len=32 kv_len=4096 n_heads=12 n_kv_heads=2 head_dim=128 phase=measure iteration=18 host_elapsed_us=3591 ret=0
FIG8_ATTENTION_PROFILE_COUNT mode=baseline qo_len=32 phase=measure iteration=18 records=2 max_records=10
FIG8_ATTENTION_TIMERS mode=baseline scna_function=0 scna_kernel=0 scna_pipeline=0 scna_engine=0 profile_version=1 phase=measure iteration=18 lut_exp=0 nonlinear_mode=0 scna_width=0 scna_exp=0 scna_pack=0 scna_hmx_affine_relu=0 scna_reduction=0 scna_unpack=0 qo_len=32 kv_len=4096 n_heads=12 n_kv_heads=2 head_dim=128 kv_head=0 worker=0 profiled_total=1613 q_load=8 k_load=172 v_load=150 qk_dot=12 safe_sm=1248 core_acc=11 o_scale=1 o_store=11 kv_dma_issue=0 kv_dma_wait=0 kv_transform=0
FIG8_ATTENTION_TIMERS mode=baseline scna_function=0 scna_kernel=0 scna_pipeline=0 scna_engine=0 profile_version=1 phase=measure iteration=18 lut_exp=0 nonlinear_mode=0 scna_width=0 scna_exp=0 scna_pack=0 scna_hmx_affine_relu=0 scna_reduction=0 scna_unpack=0 qo_len=32 kv_len=4096 n_heads=12 n_kv_heads=2 head_dim=128 kv_head=1 worker=0 profiled_total=1637 q_load=8 k_load=188 v_load=153 qk_dot=13 safe_sm=1251 core_acc=11 o_scale=2 o_store=11 kv_dma_issue=0 kv_dma_wait=0 kv_transform=0
FIG8_ATTENTION_EVENT_COUNT mode=baseline qo_len=32 phase=measure iteration=18 events=16 max_events=24896 overflow=0
FIG8_ATTENTION_HOST_TIMING mode=baseline scna_function=exp2 scna_kernel=direct scna_pipeline=off scna_width=0 qo_len=32 kv_len=4096 n_heads=12 n_kv_heads=2 head_dim=128 phase=measure iteration=19 host_elapsed_us=3553 ret=0
FIG8_ATTENTION_PROFILE_COUNT mode=baseline qo_len=32 phase=measure iteration=19 records=2 max_records=10
FIG8_ATTENTION_TIMERS mode=baseline scna_function=0 scna_kernel=0 scna_pipeline=0 scna_engine=0 profile_version=1 phase=measure iteration=19 lut_exp=0 nonlinear_mode=0 scna_width=0 scna_exp=0 scna_pack=0 scna_hmx_affine_relu=0 scna_reduction=0 scna_unpack=0 qo_len=32 kv_len=4096 n_heads=12 n_kv_heads=2 head_dim=128 kv_head=0 worker=0 profiled_total=1613 q_load=8 k_load=172 v_load=149 qk_dot=12 safe_sm=1249 core_acc=11 o_scale=1 o_store=11 kv_dma_issue=0 kv_dma_wait=0 kv_transform=0
FIG8_ATTENTION_TIMERS mode=baseline scna_function=0 scna_kernel=0 scna_pipeline=0 scna_engine=0 profile_version=1 phase=measure iteration=19 lut_exp=0 nonlinear_mode=0 scna_width=0 scna_exp=0 scna_pack=0 scna_hmx_affine_relu=0 scna_reduction=0 scna_unpack=0 qo_len=32 kv_len=4096 n_heads=12 n_kv_heads=2 head_dim=128 kv_head=1 worker=0 profiled_total=1618 q_load=8 k_load=188 v_load=152 qk_dot=12 safe_sm=1234 core_acc=11 o_scale=2 o_store=11 kv_dma_issue=0 kv_dma_wait=0 kv_transform=0
FIG8_ATTENTION_EVENT_COUNT mode=baseline qo_len=32 phase=measure iteration=19 events=16 max_events=24896 overflow=0
