alloc_shared_mem_buf: buf=0x79bf1b0000 fd=15 size=196608 flags=FASTRPC_MAP_FD
alloc_shared_mem_buf: buf=0x7725600000 fd=16 size=2097152 flags=FASTRPC_MAP_FD
alloc_shared_mem_buf: buf=0x7725400000 fd=17 size=2097152 flags=FASTRPC_MAP_FD
alloc_shared_mem_buf: buf=0x79bee10000 fd=18 size=196608 flags=FASTRPC_MAP_FD
alloc_shared_mem_buf: buf=0x79bb820000 fd=19 size=262144 flags=FASTRPC_MAP_FD
alloc_shared_mem_buf: buf=0x7725240000 fd=20 size=1794944 flags=FASTRPC_MAP_FD
alloc_shared_mem_buf: buf=0x79bf62e000 fd=21 size=4096 flags=FASTRPC_MAP_FD
No-op channel request completed
FIG8_ATTENTION_CONFIG mode=baseline scna_function=exp2 scna_kernel=direct scna_pipeline=off mask_mode=full qo_len=32 kv_len=4096 n_heads=12 n_kv_heads=2 head_dim=128 warmup=5 iters=20 scna_width=16 q_size=196608 kv_size=2097152 mask_size=262144 profile_size=1794944 profile_max_records=10 profile_max_events=24896 mode_flags=0 print_events=0
FIG8_ATTENTION_HOST_TIMING mode=baseline scna_function=exp2 scna_kernel=direct scna_pipeline=off scna_width=0 qo_len=32 kv_len=4096 n_heads=12 n_kv_heads=2 head_dim=128 phase=warmup iteration=0 host_elapsed_us=3666 ret=0
FIG8_ATTENTION_PROFILE_COUNT mode=baseline qo_len=32 phase=warmup iteration=0 records=2 max_records=10
FIG8_ATTENTION_TIMERS mode=baseline scna_function=0 scna_kernel=0 scna_pipeline=0 scna_engine=0 profile_version=1 phase=warmup iteration=0 lut_exp=0 nonlinear_mode=0 scna_width=0 scna_exp=0 scna_pack=0 scna_hmx_affine_relu=0 scna_reduction=0 scna_unpack=0 qo_len=32 kv_len=4096 n_heads=12 n_kv_heads=2 head_dim=128 kv_head=0 worker=0 profiled_total=1648 q_load=9 k_load=198 v_load=148 qk_dot=12 safe_sm=1254 core_acc=12 o_scale=2 o_store=13 kv_dma_issue=0 kv_dma_wait=0 kv_transform=0
FIG8_ATTENTION_TIMERS mode=baseline scna_function=0 scna_kernel=0 scna_pipeline=0 scna_engine=0 profile_version=1 phase=warmup iteration=0 lut_exp=0 nonlinear_mode=0 scna_width=0 scna_exp=0 scna_pack=0 scna_hmx_affine_relu=0 scna_reduction=0 scna_unpack=0 qo_len=32 kv_len=4096 n_heads=12 n_kv_heads=2 head_dim=128 kv_head=1 worker=0 profiled_total=1605 q_load=9 k_load=171 v_load=148 qk_dot=13 safe_sm=1240 core_acc=11 o_scale=2 o_store=11 kv_dma_issue=0 kv_dma_wait=0 kv_transform=0
FIG8_ATTENTION_EVENT_COUNT mode=baseline qo_len=32 phase=warmup iteration=0 events=16 max_events=24896 overflow=0
FIG8_ATTENTION_HOST_TIMING mode=baseline scna_function=exp2 scna_kernel=direct scna_pipeline=off scna_width=0 qo_len=32 kv_len=4096 n_heads=12 n_kv_heads=2 head_dim=128 phase=warmup iteration=1 host_elapsed_us=3596 ret=0
FIG8_ATTENTION_PROFILE_COUNT mode=baseline qo_len=32 phase=warmup iteration=1 records=2 max_records=10
FIG8_ATTENTION_TIMERS mode=baseline scna_function=0 scna_kernel=0 scna_pipeline=0 scna_engine=0 profile_version=1 phase=warmup iteration=1 lut_exp=0 nonlinear_mode=0 scna_width=0 scna_exp=0 scna_pack=0 scna_hmx_affine_relu=0 scna_reduction=0 scna_unpack=0 qo_len=32 kv_len=4096 n_heads=12 n_kv_heads=2 head_dim=128 kv_head=0 worker=0 profiled_total=1616 q_load=8 k_load=172 v_load=157 qk_dot=12 safe_sm=1243 core_acc=11 o_scale=2 o_store=11 kv_dma_issue=0 kv_dma_wait=0 kv_transform=0
FIG8_ATTENTION_TIMERS mode=baseline scna_function=0 scna_kernel=0 scna_pipeline=0 scna_engine=0 profile_version=1 phase=warmup iteration=1 lut_exp=0 nonlinear_mode=0 scna_width=0 scna_exp=0 scna_pack=0 scna_hmx_affine_relu=0 scna_reduction=0 scna_unpack=0 qo_len=32 kv_len=4096 n_heads=12 n_kv_heads=2 head_dim=128 kv_head=1 worker=0 profiled_total=1629 q_load=8 k_load=196 v_load=157 qk_dot=12 safe_sm=1234 core_acc=10 o_scale=1 o_store=11 kv_dma_issue=0 kv_dma_wait=0 kv_transform=0
FIG8_ATTENTION_EVENT_COUNT mode=baseline qo_len=32 phase=warmup iteration=1 events=16 max_events=24896 overflow=0
FIG8_ATTENTION_HOST_TIMING mode=baseline scna_function=exp2 scna_kernel=direct scna_pipeline=off scna_width=0 qo_len=32 kv_len=4096 n_heads=12 n_kv_heads=2 head_dim=128 phase=warmup iteration=2 host_elapsed_us=3607 ret=0
FIG8_ATTENTION_PROFILE_COUNT mode=baseline qo_len=32 phase=warmup iteration=2 records=2 max_records=10
FIG8_ATTENTION_TIMERS mode=baseline scna_function=0 scna_kernel=0 scna_pipeline=0 scna_engine=0 profile_version=1 phase=warmup iteration=2 lut_exp=0 nonlinear_mode=0 scna_width=0 scna_exp=0 scna_pack=0 scna_hmx_affine_relu=0 scna_reduction=0 scna_unpack=0 qo_len=32 kv_len=4096 n_heads=12 n_kv_heads=2 head_dim=128 kv_head=0 worker=0 profiled_total=1620 q_load=8 k_load=175 v_load=156 qk_dot=12 safe_sm=1246 core_acc=11 o_scale=1 o_store=11 kv_dma_issue=0 kv_dma_wait=0 kv_transform=0
FIG8_ATTENTION_TIMERS mode=baseline scna_function=0 scna_kernel=0 scna_pipeline=0 scna_engine=0 profile_version=1 phase=warmup iteration=2 lut_exp=0 nonlinear_mode=0 scna_width=0 scna_exp=0 scna_pack=0 scna_hmx_affine_relu=0 scna_reduction=0 scna_unpack=0 qo_len=32 kv_len=4096 n_heads=12 n_kv_heads=2 head_dim=128 kv_head=1 worker=0 profiled_total=1632 q_load=8 k_load=196 v_load=156 qk_dot=12 safe_sm=1237 core_acc=11 o_scale=1 o_store=11 kv_dma_issue=0 kv_dma_wait=0 kv_transform=0
FIG8_ATTENTION_EVENT_COUNT mode=baseline qo_len=32 phase=warmup iteration=2 events=16 max_events=24896 overflow=0
FIG8_ATTENTION_HOST_TIMING mode=baseline scna_function=exp2 scna_kernel=direct scna_pipeline=off scna_width=0 qo_len=32 kv_len=4096 n_heads=12 n_kv_heads=2 head_dim=128 phase=warmup iteration=3 host_elapsed_us=3685 ret=0
FIG8_ATTENTION_PROFILE_COUNT mode=baseline qo_len=32 phase=warmup iteration=3 records=2 max_records=10
FIG8_ATTENTION_TIMERS mode=baseline scna_function=0 scna_kernel=0 scna_pipeline=0 scna_engine=0 profile_version=1 phase=warmup iteration=3 lut_exp=0 nonlinear_mode=0 scna_width=0 scna_exp=0 scna_pack=0 scna_hmx_affine_relu=0 scna_reduction=0 scna_unpack=0 qo_len=32 kv_len=4096 n_heads=12 n_kv_heads=2 head_dim=128 kv_head=0 worker=0 profiled_total=1628 q_load=8 k_load=173 v_load=163 qk_dot=12 safe_sm=1247 core_acc=12 o_scale=1 o_store=12 kv_dma_issue=0 kv_dma_wait=0 kv_transform=0
FIG8_ATTENTION_TIMERS mode=baseline scna_function=0 scna_kernel=0 scna_pipeline=0 scna_engine=0 profile_version=1 phase=warmup iteration=3 lut_exp=0 nonlinear_mode=0 scna_width=0 scna_exp=0 scna_pack=0 scna_hmx_affine_relu=0 scna_reduction=0 scna_unpack=0 qo_len=32 kv_len=4096 n_heads=12 n_kv_heads=2 head_dim=128 kv_head=1 worker=0 profiled_total=1666 q_load=8 k_load=216 v_load=167 qk_dot=12 safe_sm=1241 core_acc=10 o_scale=1 o_store=11 kv_dma_issue=0 kv_dma_wait=0 kv_transform=0
FIG8_ATTENTION_EVENT_COUNT mode=baseline qo_len=32 phase=warmup iteration=3 events=16 max_events=24896 overflow=0
FIG8_ATTENTION_HOST_TIMING mode=baseline scna_function=exp2 scna_kernel=direct scna_pipeline=off scna_width=0 qo_len=32 kv_len=4096 n_heads=12 n_kv_heads=2 head_dim=128 phase=warmup iteration=4 host_elapsed_us=3690 ret=0
FIG8_ATTENTION_PROFILE_COUNT mode=baseline qo_len=32 phase=warmup iteration=4 records=2 max_records=10
FIG8_ATTENTION_TIMERS mode=baseline scna_function=0 scna_kernel=0 scna_pipeline=0 scna_engine=0 profile_version=1 phase=warmup iteration=4 lut_exp=0 nonlinear_mode=0 scna_width=0 scna_exp=0 scna_pack=0 scna_hmx_affine_relu=0 scna_reduction=0 scna_unpack=0 qo_len=32 kv_len=4096 n_heads=12 n_kv_heads=2 head_dim=128 kv_head=0 worker=0 profiled_total=1656 q_load=8 k_load=194 v_load=156 qk_dot=12 safe_sm=1263 core_acc=11 o_scale=1 o_store=11 kv_dma_issue=0 kv_dma_wait=0 kv_transform=0
FIG8_ATTENTION_TIMERS mode=baseline scna_function=0 scna_kernel=0 scna_pipeline=0 scna_engine=0 profile_version=1 phase=warmup iteration=4 lut_exp=0 nonlinear_mode=0 scna_width=0 scna_exp=0 scna_pack=0 scna_hmx_affine_relu=0 scna_reduction=0 scna_unpack=0 qo_len=32 kv_len=4096 n_heads=12 n_kv_heads=2 head_dim=128 kv_head=1 worker=0 profiled_total=1658 q_load=8 k_load=209 v_load=160 qk_dot=12 safe_sm=1245 core_acc=11 o_scale=2 o_store=11 kv_dma_issue=0 kv_dma_wait=0 kv_transform=0
FIG8_ATTENTION_EVENT_COUNT mode=baseline qo_len=32 phase=warmup iteration=4 events=16 max_events=24896 overflow=0
FIG8_ATTENTION_HOST_TIMING mode=baseline scna_function=exp2 scna_kernel=direct scna_pipeline=off scna_width=0 qo_len=32 kv_len=4096 n_heads=12 n_kv_heads=2 head_dim=128 phase=measure iteration=0 host_elapsed_us=3666 ret=0
FIG8_ATTENTION_PROFILE_COUNT mode=baseline qo_len=32 phase=measure iteration=0 records=2 max_records=10
FIG8_ATTENTION_TIMERS mode=baseline scna_function=0 scna_kernel=0 scna_pipeline=0 scna_engine=0 profile_version=1 phase=measure iteration=0 lut_exp=0 nonlinear_mode=0 scna_width=0 scna_exp=0 scna_pack=0 scna_hmx_affine_relu=0 scna_reduction=0 scna_unpack=0 qo_len=32 kv_len=4096 n_heads=12 n_kv_heads=2 head_dim=128 kv_head=0 worker=0 profiled_total=1646 q_load=8 k_load=187 v_load=154 qk_dot=12 safe_sm=1262 core_acc=11 o_scale=1 o_store=11 kv_dma_issue=0 kv_dma_wait=0 kv_transform=0
FIG8_ATTENTION_TIMERS mode=baseline scna_function=0 scna_kernel=0 scna_pipeline=0 scna_engine=0 profile_version=1 phase=measure iteration=0 lut_exp=0 nonlinear_mode=0 scna_width=0 scna_exp=0 scna_pack=0 scna_hmx_affine_relu=0 scna_reduction=0 scna_unpack=0 qo_len=32 kv_len=4096 n_heads=12 n_kv_heads=2 head_dim=128 kv_head=1 worker=0 profiled_total=1633 q_load=8 k_load=196 v_load=152 qk_dot=12 safe_sm=1242 core_acc=10 o_scale=2 o_store=11 kv_dma_issue=0 kv_dma_wait=0 kv_transform=0
FIG8_ATTENTION_EVENT_COUNT mode=baseline qo_len=32 phase=measure iteration=0 events=16 max_events=24896 overflow=0
FIG8_ATTENTION_HOST_TIMING mode=baseline scna_function=exp2 scna_kernel=direct scna_pipeline=off scna_width=0 qo_len=32 kv_len=4096 n_heads=12 n_kv_heads=2 head_dim=128 phase=measure iteration=1 host_elapsed_us=3646 ret=0
FIG8_ATTENTION_PROFILE_COUNT mode=baseline qo_len=32 phase=measure iteration=1 records=2 max_records=10
FIG8_ATTENTION_TIMERS mode=baseline scna_function=0 scna_kernel=0 scna_pipeline=0 scna_engine=0 profile_version=1 phase=measure iteration=1 lut_exp=0 nonlinear_mode=0 scna_width=0 scna_exp=0 scna_pack=0 scna_hmx_affine_relu=0 scna_reduction=0 scna_unpack=0 qo_len=32 kv_len=4096 n_heads=12 n_kv_heads=2 head_dim=128 kv_head=0 worker=0 profiled_total=1643 q_load=8 k_load=184 v_load=159 qk_dot=12 safe_sm=1256 core_acc=12 o_scale=1 o_store=11 kv_dma_issue=0 kv_dma_wait=0 kv_transform=0
FIG8_ATTENTION_TIMERS mode=baseline scna_function=0 scna_kernel=0 scna_pipeline=0 scna_engine=0 profile_version=1 phase=measure iteration=1 lut_exp=0 nonlinear_mode=0 scna_width=0 scna_exp=0 scna_pack=0 scna_hmx_affine_relu=0 scna_reduction=0 scna_unpack=0 qo_len=32 kv_len=4096 n_heads=12 n_kv_heads=2 head_dim=128 kv_head=1 worker=0 profiled_total=1629 q_load=8 k_load=199 v_load=151 qk_dot=12 safe_sm=1236 core_acc=10 o_scale=2 o_store=11 kv_dma_issue=0 kv_dma_wait=0 kv_transform=0
FIG8_ATTENTION_EVENT_COUNT mode=baseline qo_len=32 phase=measure iteration=1 events=16 max_events=24896 overflow=0
FIG8_ATTENTION_HOST_TIMING mode=baseline scna_function=exp2 scna_kernel=direct scna_pipeline=off scna_width=0 qo_len=32 kv_len=4096 n_heads=12 n_kv_heads=2 head_dim=128 phase=measure iteration=2 host_elapsed_us=3659 ret=0
FIG8_ATTENTION_PROFILE_COUNT mode=baseline qo_len=32 phase=measure iteration=2 records=2 max_records=10
FIG8_ATTENTION_TIMERS mode=baseline scna_function=0 scna_kernel=0 scna_pipeline=0 scna_engine=0 profile_version=1 phase=measure iteration=2 lut_exp=0 nonlinear_mode=0 scna_width=0 scna_exp=0 scna_pack=0 scna_hmx_affine_relu=0 scna_reduction=0 scna_unpack=0 qo_len=32 kv_len=4096 n_heads=12 n_kv_heads=2 head_dim=128 kv_head=0 worker=0 profiled_total=1626 q_load=8 k_load=179 v_load=148 qk_dot=12 safe_sm=1255 core_acc=12 o_scale=1 o_store=11 kv_dma_issue=0 kv_dma_wait=0 kv_transform=0
FIG8_ATTENTION_TIMERS mode=baseline scna_function=0 scna_kernel=0 scna_pipeline=0 scna_engine=0 profile_version=1 phase=measure iteration=2 lut_exp=0 nonlinear_mode=0 scna_width=0 scna_exp=0 scna_pack=0 scna_hmx_affine_relu=0 scna_reduction=0 scna_unpack=0 qo_len=32 kv_len=4096 n_heads=12 n_kv_heads=2 head_dim=128 kv_head=1 worker=0 profiled_total=1633 q_load=8 k_load=195 v_load=149 qk_dot=12 safe_sm=1245 core_acc=11 o_scale=2 o_store=11 kv_dma_issue=0 kv_dma_wait=0 kv_transform=0
FIG8_ATTENTION_EVENT_COUNT mode=baseline qo_len=32 phase=measure iteration=2 events=16 max_events=24896 overflow=0
FIG8_ATTENTION_HOST_TIMING mode=baseline scna_function=exp2 scna_kernel=direct scna_pipeline=off scna_width=0 qo_len=32 kv_len=4096 n_heads=12 n_kv_heads=2 head_dim=128 phase=measure iteration=3 host_elapsed_us=3621 ret=0
FIG8_ATTENTION_PROFILE_COUNT mode=baseline qo_len=32 phase=measure iteration=3 records=2 max_records=10
FIG8_ATTENTION_TIMERS mode=baseline scna_function=0 scna_kernel=0 scna_pipeline=0 scna_engine=0 profile_version=1 phase=measure iteration=3 lut_exp=0 nonlinear_mode=0 scna_width=0 scna_exp=0 scna_pack=0 scna_hmx_affine_relu=0 scna_reduction=0 scna_unpack=0 qo_len=32 kv_len=4096 n_heads=12 n_kv_heads=2 head_dim=128 kv_head=0 worker=0 profiled_total=1646 q_load=8 k_load=176 v_load=163 qk_dot=12 safe_sm=1263 core_acc=12 o_scale=1 o_store=11 kv_dma_issue=0 kv_dma_wait=0 kv_transform=0
FIG8_ATTENTION_TIMERS mode=baseline scna_function=0 scna_kernel=0 scna_pipeline=0 scna_engine=0 profile_version=1 phase=measure iteration=3 lut_exp=0 nonlinear_mode=0 scna_width=0 scna_exp=0 scna_pack=0 scna_hmx_affine_relu=0 scna_reduction=0 scna_unpack=0 qo_len=32 kv_len=4096 n_heads=12 n_kv_heads=2 head_dim=128 kv_head=1 worker=0 profiled_total=1652 q_load=8 k_load=197 v_load=161 qk_dot=12 safe_sm=1251 core_acc=11 o_scale=1 o_store=11 kv_dma_issue=0 kv_dma_wait=0 kv_transform=0
FIG8_ATTENTION_EVENT_COUNT mode=baseline qo_len=32 phase=measure iteration=3 events=16 max_events=24896 overflow=0
FIG8_ATTENTION_HOST_TIMING mode=baseline scna_function=exp2 scna_kernel=direct scna_pipeline=off scna_width=0 qo_len=32 kv_len=4096 n_heads=12 n_kv_heads=2 head_dim=128 phase=measure iteration=4 host_elapsed_us=3601 ret=0
FIG8_ATTENTION_PROFILE_COUNT mode=baseline qo_len=32 phase=measure iteration=4 records=2 max_records=10
FIG8_ATTENTION_TIMERS mode=baseline scna_function=0 scna_kernel=0 scna_pipeline=0 scna_engine=0 profile_version=1 phase=measure iteration=4 lut_exp=0 nonlinear_mode=0 scna_width=0 scna_exp=0 scna_pack=0 scna_hmx_affine_relu=0 scna_reduction=0 scna_unpack=0 qo_len=32 kv_len=4096 n_heads=12 n_kv_heads=2 head_dim=128 kv_head=0 worker=0 profiled_total=1637 q_load=8 k_load=173 v_load=156 qk_dot=12 safe_sm=1264 core_acc=12 o_scale=1 o_store=11 kv_dma_issue=0 kv_dma_wait=0 kv_transform=0
FIG8_ATTENTION_TIMERS mode=baseline scna_function=0 scna_kernel=0 scna_pipeline=0 scna_engine=0 profile_version=1 phase=measure iteration=4 lut_exp=0 nonlinear_mode=0 scna_width=0 scna_exp=0 scna_pack=0 scna_hmx_affine_relu=0 scna_reduction=0 scna_unpack=0 qo_len=32 kv_len=4096 n_heads=12 n_kv_heads=2 head_dim=128 kv_head=1 worker=0 profiled_total=1654 q_load=8 k_load=197 v_load=160 qk_dot=12 safe_sm=1254 core_acc=11 o_scale=1 o_store=11 kv_dma_issue=0 kv_dma_wait=0 kv_transform=0
FIG8_ATTENTION_EVENT_COUNT mode=baseline qo_len=32 phase=measure iteration=4 events=16 max_events=24896 overflow=0
FIG8_ATTENTION_HOST_TIMING mode=baseline scna_function=exp2 scna_kernel=direct scna_pipeline=off scna_width=0 qo_len=32 kv_len=4096 n_heads=12 n_kv_heads=2 head_dim=128 phase=measure iteration=5 host_elapsed_us=3588 ret=0
FIG8_ATTENTION_PROFILE_COUNT mode=baseline qo_len=32 phase=measure iteration=5 records=2 max_records=10
FIG8_ATTENTION_TIMERS mode=baseline scna_function=0 scna_kernel=0 scna_pipeline=0 scna_engine=0 profile_version=1 phase=measure iteration=5 lut_exp=0 nonlinear_mode=0 scna_width=0 scna_exp=0 scna_pack=0 scna_hmx_affine_relu=0 scna_reduction=0 scna_unpack=0 qo_len=32 kv_len=4096 n_heads=12 n_kv_heads=2 head_dim=128 kv_head=0 worker=0 profiled_total=1640 q_load=8 k_load=173 v_load=158 qk_dot=12 safe_sm=1266 core_acc=11 o_scale=1 o_store=11 kv_dma_issue=0 kv_dma_wait=0 kv_transform=0
FIG8_ATTENTION_TIMERS mode=baseline scna_function=0 scna_kernel=0 scna_pipeline=0 scna_engine=0 profile_version=1 phase=measure iteration=5 lut_exp=0 nonlinear_mode=0 scna_width=0 scna_exp=0 scna_pack=0 scna_hmx_affine_relu=0 scna_reduction=0 scna_unpack=0 qo_len=32 kv_len=4096 n_heads=12 n_kv_heads=2 head_dim=128 kv_head=1 worker=0 profiled_total=1655 q_load=8 k_load=197 v_load=160 qk_dot=12 safe_sm=1255 core_acc=11 o_scale=1 o_store=11 kv_dma_issue=0 kv_dma_wait=0 kv_transform=0
FIG8_ATTENTION_EVENT_COUNT mode=baseline qo_len=32 phase=measure iteration=5 events=16 max_events=24896 overflow=0
FIG8_ATTENTION_HOST_TIMING mode=baseline scna_function=exp2 scna_kernel=direct scna_pipeline=off scna_width=0 qo_len=32 kv_len=4096 n_heads=12 n_kv_heads=2 head_dim=128 phase=measure iteration=6 host_elapsed_us=3631 ret=0
FIG8_ATTENTION_PROFILE_COUNT mode=baseline qo_len=32 phase=measure iteration=6 records=2 max_records=10
FIG8_ATTENTION_TIMERS mode=baseline scna_function=0 scna_kernel=0 scna_pipeline=0 scna_engine=0 profile_version=1 phase=measure iteration=6 lut_exp=0 nonlinear_mode=0 scna_width=0 scna_exp=0 scna_pack=0 scna_hmx_affine_relu=0 scna_reduction=0 scna_unpack=0 qo_len=32 kv_len=4096 n_heads=12 n_kv_heads=2 head_dim=128 kv_head=0 worker=0 profiled_total=1643 q_load=8 k_load=172 v_load=157 qk_dot=12 safe_sm=1270 core_acc=12 o_scale=1 o_store=11 kv_dma_issue=0 kv_dma_wait=0 kv_transform=0
FIG8_ATTENTION_TIMERS mode=baseline scna_function=0 scna_kernel=0 scna_pipeline=0 scna_engine=0 profile_version=1 phase=measure iteration=6 lut_exp=0 nonlinear_mode=0 scna_width=0 scna_exp=0 scna_pack=0 scna_hmx_affine_relu=0 scna_reduction=0 scna_unpack=0 qo_len=32 kv_len=4096 n_heads=12 n_kv_heads=2 head_dim=128 kv_head=1 worker=0 profiled_total=1643 q_load=8 k_load=183 v_load=162 qk_dot=12 safe_sm=1255 core_acc=11 o_scale=1 o_store=11 kv_dma_issue=0 kv_dma_wait=0 kv_transform=0
FIG8_ATTENTION_EVENT_COUNT mode=baseline qo_len=32 phase=measure iteration=6 events=16 max_events=24896 overflow=0
FIG8_ATTENTION_HOST_TIMING mode=baseline scna_function=exp2 scna_kernel=direct scna_pipeline=off scna_width=0 qo_len=32 kv_len=4096 n_heads=12 n_kv_heads=2 head_dim=128 phase=measure iteration=7 host_elapsed_us=3604 ret=0
FIG8_ATTENTION_PROFILE_COUNT mode=baseline qo_len=32 phase=measure iteration=7 records=2 max_records=10
FIG8_ATTENTION_TIMERS mode=baseline scna_function=0 scna_kernel=0 scna_pipeline=0 scna_engine=0 profile_version=1 phase=measure iteration=7 lut_exp=0 nonlinear_mode=0 scna_width=0 scna_exp=0 scna_pack=0 scna_hmx_affine_relu=0 scna_reduction=0 scna_unpack=0 qo_len=32 kv_len=4096 n_heads=12 n_kv_heads=2 head_dim=128 kv_head=0 worker=0 profiled_total=1636 q_load=8 k_load=171 v_load=161 qk_dot=12 safe_sm=1260 core_acc=11 o_scale=2 o_store=11 kv_dma_issue=0 kv_dma_wait=0 kv_transform=0
FIG8_ATTENTION_TIMERS mode=baseline scna_function=0 scna_kernel=0 scna_pipeline=0 scna_engine=0 profile_version=1 phase=measure iteration=7 lut_exp=0 nonlinear_mode=0 scna_width=0 scna_exp=0 scna_pack=0 scna_hmx_affine_relu=0 scna_reduction=0 scna_unpack=0 qo_len=32 kv_len=4096 n_heads=12 n_kv_heads=2 head_dim=128 kv_head=1 worker=0 profiled_total=1663 q_load=8 k_load=202 v_load=161 qk_dot=12 safe_sm=1256 core_acc=11 o_scale=2 o_store=11 kv_dma_issue=0 kv_dma_wait=0 kv_transform=0
FIG8_ATTENTION_EVENT_COUNT mode=baseline qo_len=32 phase=measure iteration=7 events=16 max_events=24896 overflow=0
FIG8_ATTENTION_HOST_TIMING mode=baseline scna_function=exp2 scna_kernel=direct scna_pipeline=off scna_width=0 qo_len=32 kv_len=4096 n_heads=12 n_kv_heads=2 head_dim=128 phase=measure iteration=8 host_elapsed_us=3605 ret=0
FIG8_ATTENTION_PROFILE_COUNT mode=baseline qo_len=32 phase=measure iteration=8 records=2 max_records=10
FIG8_ATTENTION_TIMERS mode=baseline scna_function=0 scna_kernel=0 scna_pipeline=0 scna_engine=0 profile_version=1 phase=measure iteration=8 lut_exp=0 nonlinear_mode=0 scna_width=0 scna_exp=0 scna_pack=0 scna_hmx_affine_relu=0 scna_reduction=0 scna_unpack=0 qo_len=32 kv_len=4096 n_heads=12 n_kv_heads=2 head_dim=128 kv_head=0 worker=0 profiled_total=1640 q_load=8 k_load=174 v_load=160 qk_dot=12 safe_sm=1261 core_acc=12 o_scale=1 o_store=12 kv_dma_issue=0 kv_dma_wait=0 kv_transform=0
FIG8_ATTENTION_TIMERS mode=baseline scna_function=0 scna_kernel=0 scna_pipeline=0 scna_engine=0 profile_version=1 phase=measure iteration=8 lut_exp=0 nonlinear_mode=0 scna_width=0 scna_exp=0 scna_pack=0 scna_hmx_affine_relu=0 scna_reduction=0 scna_unpack=0 qo_len=32 kv_len=4096 n_heads=12 n_kv_heads=2 head_dim=128 kv_head=1 worker=0 profiled_total=1656 q_load=8 k_load=201 v_load=158 qk_dot=12 safe_sm=1253 core_acc=11 o_scale=2 o_store=11 kv_dma_issue=0 kv_dma_wait=0 kv_transform=0
FIG8_ATTENTION_EVENT_COUNT mode=baseline qo_len=32 phase=measure iteration=8 events=16 max_events=24896 overflow=0
FIG8_ATTENTION_HOST_TIMING mode=baseline scna_function=exp2 scna_kernel=direct scna_pipeline=off scna_width=0 qo_len=32 kv_len=4096 n_heads=12 n_kv_heads=2 head_dim=128 phase=measure iteration=9 host_elapsed_us=3643 ret=0
FIG8_ATTENTION_PROFILE_COUNT mode=baseline qo_len=32 phase=measure iteration=9 records=2 max_records=10
FIG8_ATTENTION_TIMERS mode=baseline scna_function=0 scna_kernel=0 scna_pipeline=0 scna_engine=0 profile_version=1 phase=measure iteration=9 lut_exp=0 nonlinear_mode=0 scna_width=0 scna_exp=0 scna_pack=0 scna_hmx_affine_relu=0 scna_reduction=0 scna_unpack=0 qo_len=32 kv_len=4096 n_heads=12 n_kv_heads=2 head_dim=128 kv_head=0 worker=0 profiled_total=1635 q_load=8 k_load=173 v_load=159 qk_dot=12 safe_sm=1259 core_acc=12 o_scale=1 o_store=11 kv_dma_issue=0 kv_dma_wait=0 kv_transform=0
FIG8_ATTENTION_TIMERS mode=baseline scna_function=0 scna_kernel=0 scna_pipeline=0 scna_engine=0 profile_version=1 phase=measure iteration=9 lut_exp=0 nonlinear_mode=0 scna_width=0 scna_exp=0 scna_pack=0 scna_hmx_affine_relu=0 scna_reduction=0 scna_unpack=0 qo_len=32 kv_len=4096 n_heads=12 n_kv_heads=2 head_dim=128 kv_head=1 worker=0 profiled_total=1655 q_load=8 k_load=201 v_load=160 qk_dot=12 safe_sm=1252 core_acc=10 o_scale=1 o_store=11 kv_dma_issue=0 kv_dma_wait=0 kv_transform=0
FIG8_ATTENTION_EVENT_COUNT mode=baseline qo_len=32 phase=measure iteration=9 events=16 max_events=24896 overflow=0
FIG8_ATTENTION_HOST_TIMING mode=baseline scna_function=exp2 scna_kernel=direct scna_pipeline=off scna_width=0 qo_len=32 kv_len=4096 n_heads=12 n_kv_heads=2 head_dim=128 phase=measure iteration=10 host_elapsed_us=3613 ret=0
FIG8_ATTENTION_PROFILE_COUNT mode=baseline qo_len=32 phase=measure iteration=10 records=2 max_records=10
FIG8_ATTENTION_TIMERS mode=baseline scna_function=0 scna_kernel=0 scna_pipeline=0 scna_engine=0 profile_version=1 phase=measure iteration=10 lut_exp=0 nonlinear_mode=0 scna_width=0 scna_exp=0 scna_pack=0 scna_hmx_affine_relu=0 scna_reduction=0 scna_unpack=0 qo_len=32 kv_len=4096 n_heads=12 n_kv_heads=2 head_dim=128 kv_head=0 worker=0 profiled_total=1640 q_load=8 k_load=172 v_load=160 qk_dot=12 safe_sm=1264 core_acc=12 o_scale=1 o_store=11 kv_dma_issue=0 kv_dma_wait=0 kv_transform=0
FIG8_ATTENTION_TIMERS mode=baseline scna_function=0 scna_kernel=0 scna_pipeline=0 scna_engine=0 profile_version=1 phase=measure iteration=10 lut_exp=0 nonlinear_mode=0 scna_width=0 scna_exp=0 scna_pack=0 scna_hmx_affine_relu=0 scna_reduction=0 scna_unpack=0 qo_len=32 kv_len=4096 n_heads=12 n_kv_heads=2 head_dim=128 kv_head=1 worker=0 profiled_total=1657 q_load=8 k_load=199 v_load=160 qk_dot=12 safe_sm=1255 core_acc=11 o_scale=1 o_store=11 kv_dma_issue=0 kv_dma_wait=0 kv_transform=0
FIG8_ATTENTION_EVENT_COUNT mode=baseline qo_len=32 phase=measure iteration=10 events=16 max_events=24896 overflow=0
FIG8_ATTENTION_HOST_TIMING mode=baseline scna_function=exp2 scna_kernel=direct scna_pipeline=off scna_width=0 qo_len=32 kv_len=4096 n_heads=12 n_kv_heads=2 head_dim=128 phase=measure iteration=11 host_elapsed_us=3673 ret=0
FIG8_ATTENTION_PROFILE_COUNT mode=baseline qo_len=32 phase=measure iteration=11 records=2 max_records=10
FIG8_ATTENTION_TIMERS mode=baseline scna_function=0 scna_kernel=0 scna_pipeline=0 scna_engine=0 profile_version=1 phase=measure iteration=11 lut_exp=0 nonlinear_mode=0 scna_width=0 scna_exp=0 scna_pack=0 scna_hmx_affine_relu=0 scna_reduction=0 scna_unpack=0 qo_len=32 kv_len=4096 n_heads=12 n_kv_heads=2 head_dim=128 kv_head=0 worker=0 profiled_total=1635 q_load=8 k_load=173 v_load=155 qk_dot=12 safe_sm=1263 core_acc=11 o_scale=2 o_store=11 kv_dma_issue=0 kv_dma_wait=0 kv_transform=0
FIG8_ATTENTION_TIMERS mode=baseline scna_function=0 scna_kernel=0 scna_pipeline=0 scna_engine=0 profile_version=1 phase=measure iteration=11 lut_exp=0 nonlinear_mode=0 scna_width=0 scna_exp=0 scna_pack=0 scna_hmx_affine_relu=0 scna_reduction=0 scna_unpack=0 qo_len=32 kv_len=4096 n_heads=12 n_kv_heads=2 head_dim=128 kv_head=1 worker=0 profiled_total=1653 q_load=8 k_load=195 v_load=158 qk_dot=12 safe_sm=1257 core_acc=11 o_scale=1 o_store=11 kv_dma_issue=0 kv_dma_wait=0 kv_transform=0
FIG8_ATTENTION_EVENT_COUNT mode=baseline qo_len=32 phase=measure iteration=11 events=16 max_events=24896 overflow=0
FIG8_ATTENTION_HOST_TIMING mode=baseline scna_function=exp2 scna_kernel=direct scna_pipeline=off scna_width=0 qo_len=32 kv_len=4096 n_heads=12 n_kv_heads=2 head_dim=128 phase=measure iteration=12 host_elapsed_us=3687 ret=0
FIG8_ATTENTION_PROFILE_COUNT mode=baseline qo_len=32 phase=measure iteration=12 records=2 max_records=10
FIG8_ATTENTION_TIMERS mode=baseline scna_function=0 scna_kernel=0 scna_pipeline=0 scna_engine=0 profile_version=1 phase=measure iteration=12 lut_exp=0 nonlinear_mode=0 scna_width=0 scna_exp=0 scna_pack=0 scna_hmx_affine_relu=0 scna_reduction=0 scna_unpack=0 qo_len=32 kv_len=4096 n_heads=12 n_kv_heads=2 head_dim=128 kv_head=0 worker=0 profiled_total=1643 q_load=8 k_load=175 v_load=156 qk_dot=12 safe_sm=1269 core_acc=11 o_scale=1 o_store=11 kv_dma_issue=0 kv_dma_wait=0 kv_transform=0
FIG8_ATTENTION_TIMERS mode=baseline scna_function=0 scna_kernel=0 scna_pipeline=0 scna_engine=0 profile_version=1 phase=measure iteration=12 lut_exp=0 nonlinear_mode=0 scna_width=0 scna_exp=0 scna_pack=0 scna_hmx_affine_relu=0 scna_reduction=0 scna_unpack=0 qo_len=32 kv_len=4096 n_heads=12 n_kv_heads=2 head_dim=128 kv_head=1 worker=0 profiled_total=1655 q_load=8 k_load=197 v_load=159 qk_dot=12 safe_sm=1256 core_acc=11 o_scale=1 o_store=11 kv_dma_issue=0 kv_dma_wait=0 kv_transform=0
FIG8_ATTENTION_EVENT_COUNT mode=baseline qo_len=32 phase=measure iteration=12 events=16 max_events=24896 overflow=0
FIG8_ATTENTION_HOST_TIMING mode=baseline scna_function=exp2 scna_kernel=direct scna_pipeline=off scna_width=0 qo_len=32 kv_len=4096 n_heads=12 n_kv_heads=2 head_dim=128 phase=measure iteration=13 host_elapsed_us=3592 ret=0
FIG8_ATTENTION_PROFILE_COUNT mode=baseline qo_len=32 phase=measure iteration=13 records=2 max_records=10
FIG8_ATTENTION_TIMERS mode=baseline scna_function=0 scna_kernel=0 scna_pipeline=0 scna_engine=0 profile_version=1 phase=measure iteration=13 lut_exp=0 nonlinear_mode=0 scna_width=0 scna_exp=0 scna_pack=0 scna_hmx_affine_relu=0 scna_reduction=0 scna_unpack=0 qo_len=32 kv_len=4096 n_heads=12 n_kv_heads=2 head_dim=128 kv_head=0 worker=0 profiled_total=1596 q_load=8 k_load=173 v_load=137 qk_dot=12 safe_sm=1243 core_acc=11 o_scale=1 o_store=11 kv_dma_issue=0 kv_dma_wait=0 kv_transform=0
FIG8_ATTENTION_TIMERS mode=baseline scna_function=0 scna_kernel=0 scna_pipeline=0 scna_engine=0 profile_version=1 phase=measure iteration=13 lut_exp=0 nonlinear_mode=0 scna_width=0 scna_exp=0 scna_pack=0 scna_hmx_affine_relu=0 scna_reduction=0 scna_unpack=0 qo_len=32 kv_len=4096 n_heads=12 n_kv_heads=2 head_dim=128 kv_head=1 worker=0 profiled_total=1591 q_load=8 k_load=162 v_load=145 qk_dot=12 safe_sm=1241 core_acc=11 o_scale=1 o_store=11 kv_dma_issue=0 kv_dma_wait=0 kv_transform=0
FIG8_ATTENTION_EVENT_COUNT mode=baseline qo_len=32 phase=measure iteration=13 events=16 max_events=24896 overflow=0
FIG8_ATTENTION_HOST_TIMING mode=baseline scna_function=exp2 scna_kernel=direct scna_pipeline=off scna_width=0 qo_len=32 kv_len=4096 n_heads=12 n_kv_heads=2 head_dim=128 phase=measure iteration=14 host_elapsed_us=3490 ret=0
FIG8_ATTENTION_PROFILE_COUNT mode=baseline qo_len=32 phase=measure iteration=14 records=2 max_records=10
FIG8_ATTENTION_TIMERS mode=baseline scna_function=0 scna_kernel=0 scna_pipeline=0 scna_engine=0 profile_version=1 phase=measure iteration=14 lut_exp=0 nonlinear_mode=0 scna_width=0 scna_exp=0 scna_pack=0 scna_hmx_affine_relu=0 scna_reduction=0 scna_unpack=0 qo_len=32 kv_len=4096 n_heads=12 n_kv_heads=2 head_dim=128 kv_head=0 worker=0 profiled_total=1591 q_load=8 k_load=154 v_load=138 qk_dot=12 safe_sm=1254 core_acc=12 o_scale=1 o_store=12 kv_dma_issue=0 kv_dma_wait=0 kv_transform=0
FIG8_ATTENTION_TIMERS mode=baseline scna_function=0 scna_kernel=0 scna_pipeline=0 scna_engine=0 profile_version=1 phase=measure iteration=14 lut_exp=0 nonlinear_mode=0 scna_width=0 scna_exp=0 scna_pack=0 scna_hmx_affine_relu=0 scna_reduction=0 scna_unpack=0 qo_len=32 kv_len=4096 n_heads=12 n_kv_heads=2 head_dim=128 kv_head=1 worker=0 profiled_total=1615 q_load=8 k_load=179 v_load=146 qk_dot=12 safe_sm=1246 core_acc=11 o_scale=2 o_store=11 kv_dma_issue=0 kv_dma_wait=0 kv_transform=0
FIG8_ATTENTION_EVENT_COUNT mode=baseline qo_len=32 phase=measure iteration=14 events=16 max_events=24896 overflow=0
FIG8_ATTENTION_HOST_TIMING mode=baseline scna_function=exp2 scna_kernel=direct scna_pipeline=off scna_width=0 qo_len=32 kv_len=4096 n_heads=12 n_kv_heads=2 head_dim=128 phase=measure iteration=15 host_elapsed_us=3572 ret=0
FIG8_ATTENTION_PROFILE_COUNT mode=baseline qo_len=32 phase=measure iteration=15 records=2 max_records=10
FIG8_ATTENTION_TIMERS mode=baseline scna_function=0 scna_kernel=0 scna_pipeline=0 scna_engine=0 profile_version=1 phase=measure iteration=15 lut_exp=0 nonlinear_mode=0 scna_width=0 scna_exp=0 scna_pack=0 scna_hmx_affine_relu=0 scna_reduction=0 scna_unpack=0 qo_len=32 kv_len=4096 n_heads=12 n_kv_heads=2 head_dim=128 kv_head=0 worker=0 profiled_total=1585 q_load=8 k_load=154 v_load=135 qk_dot=12 safe_sm=1252 core_acc=12 o_scale=1 o_store=11 kv_dma_issue=0 kv_dma_wait=0 kv_transform=0
FIG8_ATTENTION_TIMERS mode=baseline scna_function=0 scna_kernel=0 scna_pipeline=0 scna_engine=0 profile_version=1 phase=measure iteration=15 lut_exp=0 nonlinear_mode=0 scna_width=0 scna_exp=0 scna_pack=0 scna_hmx_affine_relu=0 scna_reduction=0 scna_unpack=0 qo_len=32 kv_len=4096 n_heads=12 n_kv_heads=2 head_dim=128 kv_head=1 worker=0 profiled_total=1602 q_load=8 k_load=171 v_load=141 qk_dot=12 safe_sm=1247 core_acc=11 o_scale=1 o_store=11 kv_dma_issue=0 kv_dma_wait=0 kv_transform=0
FIG8_ATTENTION_EVENT_COUNT mode=baseline qo_len=32 phase=measure iteration=15 events=16 max_events=24896 overflow=0
FIG8_ATTENTION_HOST_TIMING mode=baseline scna_function=exp2 scna_kernel=direct scna_pipeline=off scna_width=0 qo_len=32 kv_len=4096 n_heads=12 n_kv_heads=2 head_dim=128 phase=measure iteration=16 host_elapsed_us=3521 ret=0
FIG8_ATTENTION_PROFILE_COUNT mode=baseline qo_len=32 phase=measure iteration=16 records=2 max_records=10
FIG8_ATTENTION_TIMERS mode=baseline scna_function=0 scna_kernel=0 scna_pipeline=0 scna_engine=0 profile_version=1 phase=measure iteration=16 lut_exp=0 nonlinear_mode=0 scna_width=0 scna_exp=0 scna_pack=0 scna_hmx_affine_relu=0 scna_reduction=0 scna_unpack=0 qo_len=32 kv_len=4096 n_heads=12 n_kv_heads=2 head_dim=128 kv_head=0 worker=0 profiled_total=1600 q_load=8 k_load=158 v_load=142 qk_dot=12 safe_sm=1257 core_acc=11 o_scale=1 o_store=11 kv_dma_issue=0 kv_dma_wait=0 kv_transform=0
FIG8_ATTENTION_TIMERS mode=baseline scna_function=0 scna_kernel=0 scna_pipeline=0 scna_engine=0 profile_version=1 phase=measure iteration=16 lut_exp=0 nonlinear_mode=0 scna_width=0 scna_exp=0 scna_pack=0 scna_hmx_affine_relu=0 scna_reduction=0 scna_unpack=0 qo_len=32 kv_len=4096 n_heads=12 n_kv_heads=2 head_dim=128 kv_head=1 worker=0 profiled_total=1611 q_load=8 k_load=175 v_load=147 qk_dot=12 safe_sm=1246 core_acc=11 o_scale=1 o_store=11 kv_dma_issue=0 kv_dma_wait=0 kv_transform=0
FIG8_ATTENTION_EVENT_COUNT mode=baseline qo_len=32 phase=measure iteration=16 events=16 max_events=24896 overflow=0
FIG8_ATTENTION_HOST_TIMING mode=baseline scna_function=exp2 scna_kernel=direct scna_pipeline=off scna_width=0 qo_len=32 kv_len=4096 n_heads=12 n_kv_heads=2 head_dim=128 phase=measure iteration=17 host_elapsed_us=3523 ret=0
FIG8_ATTENTION_PROFILE_COUNT mode=baseline qo_len=32 phase=measure iteration=17 records=2 max_records=10
FIG8_ATTENTION_TIMERS mode=baseline scna_function=0 scna_kernel=0 scna_pipeline=0 scna_engine=0 profile_version=1 phase=measure iteration=17 lut_exp=0 nonlinear_mode=0 scna_width=0 scna_exp=0 scna_pack=0 scna_hmx_affine_relu=0 scna_reduction=0 scna_unpack=0 qo_len=32 kv_len=4096 n_heads=12 n_kv_heads=2 head_dim=128 kv_head=0 worker=0 profiled_total=1593 q_load=8 k_load=155 v_load=142 qk_dot=12 safe_sm=1252 core_acc=12 o_scale=1 o_store=11 kv_dma_issue=0 kv_dma_wait=0 kv_transform=0
FIG8_ATTENTION_TIMERS mode=baseline scna_function=0 scna_kernel=0 scna_pipeline=0 scna_engine=0 profile_version=1 phase=measure iteration=17 lut_exp=0 nonlinear_mode=0 scna_width=0 scna_exp=0 scna_pack=0 scna_hmx_affine_relu=0 scna_reduction=0 scna_unpack=0 qo_len=32 kv_len=4096 n_heads=12 n_kv_heads=2 head_dim=128 kv_head=1 worker=0 profiled_total=1609 q_load=8 k_load=177 v_load=146 qk_dot=12 safe_sm=1242 core_acc=11 o_scale=2 o_store=11 kv_dma_issue=0 kv_dma_wait=0 kv_transform=0
FIG8_ATTENTION_EVENT_COUNT mode=baseline qo_len=32 phase=measure iteration=17 events=16 max_events=24896 overflow=0
FIG8_ATTENTION_HOST_TIMING mode=baseline scna_function=exp2 scna_kernel=direct scna_pipeline=off scna_width=0 qo_len=32 kv_len=4096 n_heads=12 n_kv_heads=2 head_dim=128 phase=measure iteration=18 host_elapsed_us=3567 ret=0
FIG8_ATTENTION_PROFILE_COUNT mode=baseline qo_len=32 phase=measure iteration=18 records=2 max_records=10
FIG8_ATTENTION_TIMERS mode=baseline scna_function=0 scna_kernel=0 scna_pipeline=0 scna_engine=0 profile_version=1 phase=measure iteration=18 lut_exp=0 nonlinear_mode=0 scna_width=0 scna_exp=0 scna_pack=0 scna_hmx_affine_relu=0 scna_reduction=0 scna_unpack=0 qo_len=32 kv_len=4096 n_heads=12 n_kv_heads=2 head_dim=128 kv_head=0 worker=0 profiled_total=1585 q_load=8 k_load=152 v_load=132 qk_dot=12 safe_sm=1257 core_acc=12 o_scale=1 o_store=11 kv_dma_issue=0 kv_dma_wait=0 kv_transform=0
FIG8_ATTENTION_TIMERS mode=baseline scna_function=0 scna_kernel=0 scna_pipeline=0 scna_engine=0 profile_version=1 phase=measure iteration=18 lut_exp=0 nonlinear_mode=0 scna_width=0 scna_exp=0 scna_pack=0 scna_hmx_affine_relu=0 scna_reduction=0 scna_unpack=0 qo_len=32 kv_len=4096 n_heads=12 n_kv_heads=2 head_dim=128 kv_head=1 worker=0 profiled_total=1602 q_load=8 k_load=175 v_load=140 qk_dot=12 safe_sm=1244 core_acc=11 o_scale=1 o_store=11 kv_dma_issue=0 kv_dma_wait=0 kv_transform=0
FIG8_ATTENTION_EVENT_COUNT mode=baseline qo_len=32 phase=measure iteration=18 events=16 max_events=24896 overflow=0
FIG8_ATTENTION_HOST_TIMING mode=baseline scna_function=exp2 scna_kernel=direct scna_pipeline=off scna_width=0 qo_len=32 kv_len=4096 n_heads=12 n_kv_heads=2 head_dim=128 phase=measure iteration=19 host_elapsed_us=3571 ret=0
FIG8_ATTENTION_PROFILE_COUNT mode=baseline qo_len=32 phase=measure iteration=19 records=2 max_records=10
FIG8_ATTENTION_TIMERS mode=baseline scna_function=0 scna_kernel=0 scna_pipeline=0 scna_engine=0 profile_version=1 phase=measure iteration=19 lut_exp=0 nonlinear_mode=0 scna_width=0 scna_exp=0 scna_pack=0 scna_hmx_affine_relu=0 scna_reduction=0 scna_unpack=0 qo_len=32 kv_len=4096 n_heads=12 n_kv_heads=2 head_dim=128 kv_head=0 worker=0 profiled_total=1599 q_load=8 k_load=154 v_load=140 qk_dot=12 safe_sm=1262 core_acc=11 o_scale=1 o_store=11 kv_dma_issue=0 kv_dma_wait=0 kv_transform=0
FIG8_ATTENTION_TIMERS mode=baseline scna_function=0 scna_kernel=0 scna_pipeline=0 scna_engine=0 profile_version=1 phase=measure iteration=19 lut_exp=0 nonlinear_mode=0 scna_width=0 scna_exp=0 scna_pack=0 scna_hmx_affine_relu=0 scna_reduction=0 scna_unpack=0 qo_len=32 kv_len=4096 n_heads=12 n_kv_heads=2 head_dim=128 kv_head=1 worker=0 profiled_total=1614 q_load=8 k_load=176 v_load=151 qk_dot=12 safe_sm=1245 core_acc=10 o_scale=1 o_store=11 kv_dma_issue=0 kv_dma_wait=0 kv_transform=0
FIG8_ATTENTION_EVENT_COUNT mode=baseline qo_len=32 phase=measure iteration=19 events=16 max_events=24896 overflow=0
