alloc_shared_mem_buf: buf=0x78ae810000 fd=15 size=196608 flags=FASTRPC_MAP_FD
alloc_shared_mem_buf: buf=0x7617400000 fd=16 size=2097152 flags=FASTRPC_MAP_FD
alloc_shared_mem_buf: buf=0x7617200000 fd=17 size=2097152 flags=FASTRPC_MAP_FD
alloc_shared_mem_buf: buf=0x761ab80000 fd=18 size=196608 flags=FASTRPC_MAP_FD
alloc_shared_mem_buf: buf=0x7617700000 fd=19 size=262144 flags=FASTRPC_MAP_FD
alloc_shared_mem_buf: buf=0x7617040000 fd=20 size=1794944 flags=FASTRPC_MAP_FD
alloc_shared_mem_buf: buf=0x78aec76000 fd=21 size=4096 flags=FASTRPC_MAP_FD
No-op channel request completed
FIG8_ATTENTION_CONFIG mode=scna-hmx-fp16-d8-two-pass scna_function=exp2 scna_kernel=direct scna_pipeline=off mask_mode=full qo_len=32 kv_len=4096 n_heads=12 n_kv_heads=2 head_dim=128 warmup=5 iters=20 scna_width=8 q_size=196608 kv_size=2097152 mask_size=262144 profile_size=1794944 profile_max_records=10 profile_max_events=24896 mode_flags=8212 print_events=0
FIG8_ATTENTION_HOST_TIMING mode=scna-hmx-fp16-d8-two-pass scna_function=exp2 scna_kernel=direct scna_pipeline=off scna_width=8 qo_len=32 kv_len=4096 n_heads=12 n_kv_heads=2 head_dim=128 phase=warmup iteration=0 host_elapsed_us=67330 ret=0
FIG8_ATTENTION_PROFILE_COUNT mode=scna-hmx-fp16-d8-two-pass qo_len=32 phase=warmup iteration=0 records=2 max_records=10
FIG8_ATTENTION_TIMERS mode=scna-hmx-fp16-d8-two-pass scna_function=0 scna_kernel=0 scna_pipeline=0 scna_engine=3 profile_version=1 phase=warmup iteration=0 lut_exp=0 nonlinear_mode=1 scna_width=8 scna_exp=32825 scna_pack=238 scna_hmx_affine_relu=2879 scna_reduction=2344 scna_unpack=26041 qo_len=32 kv_len=4096 n_heads=12 n_kv_heads=2 head_dim=128 kv_head=0 worker=0 profiled_total=33443 q_load=9 k_load=201 v_load=159 qk_dot=12 safe_sm=33026 core_acc=20 o_scale=3 o_store=13 kv_dma_issue=0 kv_dma_wait=0 kv_transform=0
FIG8_ATTENTION_TIMERS mode=scna-hmx-fp16-d8-two-pass scna_function=0 scna_kernel=0 scna_pipeline=0 scna_engine=3 profile_version=1 phase=warmup iteration=0 lut_exp=0 nonlinear_mode=1 scna_width=8 scna_exp=32825 scna_pack=232 scna_hmx_affine_relu=2879 scna_reduction=2355 scna_unpack=26045 qo_len=32 kv_len=4096 n_heads=12 n_kv_heads=2 head_dim=128 kv_head=1 worker=0 profiled_total=33437 q_load=9 k_load=211 v_load=160 qk_dot=14 safe_sm=33012 core_acc=18 o_scale=2 o_store=11 kv_dma_issue=0 kv_dma_wait=0 kv_transform=0
FIG8_ATTENTION_EVENT_COUNT mode=scna-hmx-fp16-d8-two-pass qo_len=32 phase=warmup iteration=0 events=16 max_events=24896 overflow=0
FIG8_ATTENTION_HOST_TIMING mode=scna-hmx-fp16-d8-two-pass scna_function=exp2 scna_kernel=direct scna_pipeline=off scna_width=8 qo_len=32 kv_len=4096 n_heads=12 n_kv_heads=2 head_dim=128 phase=warmup iteration=1 host_elapsed_us=67179 ret=0
FIG8_ATTENTION_PROFILE_COUNT mode=scna-hmx-fp16-d8-two-pass qo_len=32 phase=warmup iteration=1 records=2 max_records=10
FIG8_ATTENTION_TIMERS mode=scna-hmx-fp16-d8-two-pass scna_function=0 scna_kernel=0 scna_pipeline=0 scna_engine=3 profile_version=1 phase=warmup iteration=1 lut_exp=0 nonlinear_mode=1 scna_width=8 scna_exp=32822 scna_pack=239 scna_hmx_affine_relu=2878 scna_reduction=2342 scna_unpack=26040 qo_len=32 kv_len=4096 n_heads=12 n_kv_heads=2 head_dim=128 kv_head=0 worker=0 profiled_total=33397 q_load=9 k_load=180 v_load=142 qk_dot=12 safe_sm=33023 core_acc=18 o_scale=2 o_store=11 kv_dma_issue=0 kv_dma_wait=0 kv_transform=0
FIG8_ATTENTION_TIMERS mode=scna-hmx-fp16-d8-two-pass scna_function=0 scna_kernel=0 scna_pipeline=0 scna_engine=3 profile_version=1 phase=warmup iteration=1 lut_exp=0 nonlinear_mode=1 scna_width=8 scna_exp=32821 scna_pack=237 scna_hmx_affine_relu=2874 scna_reduction=2347 scna_unpack=26044 qo_len=32 kv_len=4096 n_heads=12 n_kv_heads=2 head_dim=128 kv_head=1 worker=0 profiled_total=33367 q_load=8 k_load=164 v_load=149 qk_dot=12 safe_sm=33004 core_acc=18 o_scale=1 o_store=11 kv_dma_issue=0 kv_dma_wait=0 kv_transform=0
FIG8_ATTENTION_EVENT_COUNT mode=scna-hmx-fp16-d8-two-pass qo_len=32 phase=warmup iteration=1 events=16 max_events=24896 overflow=0
FIG8_ATTENTION_HOST_TIMING mode=scna-hmx-fp16-d8-two-pass scna_function=exp2 scna_kernel=direct scna_pipeline=off scna_width=8 qo_len=32 kv_len=4096 n_heads=12 n_kv_heads=2 head_dim=128 phase=warmup iteration=2 host_elapsed_us=67097 ret=0
FIG8_ATTENTION_PROFILE_COUNT mode=scna-hmx-fp16-d8-two-pass qo_len=32 phase=warmup iteration=2 records=2 max_records=10
FIG8_ATTENTION_TIMERS mode=scna-hmx-fp16-d8-two-pass scna_function=0 scna_kernel=0 scna_pipeline=0 scna_engine=3 profile_version=1 phase=warmup iteration=2 lut_exp=0 nonlinear_mode=1 scna_width=8 scna_exp=32821 scna_pack=236 scna_hmx_affine_relu=2871 scna_reduction=2355 scna_unpack=26053 qo_len=32 kv_len=4096 n_heads=12 n_kv_heads=2 head_dim=128 kv_head=0 worker=0 profiled_total=33368 q_load=9 k_load=157 v_load=138 qk_dot=12 safe_sm=33020 core_acc=19 o_scale=2 o_store=11 kv_dma_issue=0 kv_dma_wait=0 kv_transform=0
FIG8_ATTENTION_TIMERS mode=scna-hmx-fp16-d8-two-pass scna_function=0 scna_kernel=0 scna_pipeline=0 scna_engine=3 profile_version=1 phase=warmup iteration=2 lut_exp=0 nonlinear_mode=1 scna_width=8 scna_exp=32821 scna_pack=243 scna_hmx_affine_relu=2870 scna_reduction=2341 scna_unpack=26045 qo_len=32 kv_len=4096 n_heads=12 n_kv_heads=2 head_dim=128 kv_head=1 worker=0 profiled_total=33353 q_load=8 k_load=160 v_load=143 qk_dot=12 safe_sm=33000 core_acc=18 o_scale=1 o_store=11 kv_dma_issue=0 kv_dma_wait=0 kv_transform=0
FIG8_ATTENTION_EVENT_COUNT mode=scna-hmx-fp16-d8-two-pass qo_len=32 phase=warmup iteration=2 events=16 max_events=24896 overflow=0
FIG8_ATTENTION_HOST_TIMING mode=scna-hmx-fp16-d8-two-pass scna_function=exp2 scna_kernel=direct scna_pipeline=off scna_width=8 qo_len=32 kv_len=4096 n_heads=12 n_kv_heads=2 head_dim=128 phase=warmup iteration=3 host_elapsed_us=67050 ret=0
FIG8_ATTENTION_PROFILE_COUNT mode=scna-hmx-fp16-d8-two-pass qo_len=32 phase=warmup iteration=3 records=2 max_records=10
FIG8_ATTENTION_TIMERS mode=scna-hmx-fp16-d8-two-pass scna_function=0 scna_kernel=0 scna_pipeline=0 scna_engine=3 profile_version=1 phase=warmup iteration=3 lut_exp=0 nonlinear_mode=1 scna_width=8 scna_exp=32822 scna_pack=242 scna_hmx_affine_relu=2871 scna_reduction=2351 scna_unpack=26049 qo_len=32 kv_len=4096 n_heads=12 n_kv_heads=2 head_dim=128 kv_head=0 worker=0 profiled_total=33361 q_load=8 k_load=149 v_load=135 qk_dot=12 safe_sm=33025 core_acc=19 o_scale=2 o_store=11 kv_dma_issue=0 kv_dma_wait=0 kv_transform=0
FIG8_ATTENTION_TIMERS mode=scna-hmx-fp16-d8-two-pass scna_function=0 scna_kernel=0 scna_pipeline=0 scna_engine=3 profile_version=1 phase=warmup iteration=3 lut_exp=0 nonlinear_mode=1 scna_width=8 scna_exp=32820 scna_pack=235 scna_hmx_affine_relu=2882 scna_reduction=2339 scna_unpack=26035 qo_len=32 kv_len=4096 n_heads=12 n_kv_heads=2 head_dim=128 kv_head=1 worker=0 profiled_total=33351 q_load=8 k_load=162 v_load=144 qk_dot=12 safe_sm=32994 core_acc=18 o_scale=2 o_store=11 kv_dma_issue=0 kv_dma_wait=0 kv_transform=0
FIG8_ATTENTION_EVENT_COUNT mode=scna-hmx-fp16-d8-two-pass qo_len=32 phase=warmup iteration=3 events=16 max_events=24896 overflow=0
FIG8_ATTENTION_HOST_TIMING mode=scna-hmx-fp16-d8-two-pass scna_function=exp2 scna_kernel=direct scna_pipeline=off scna_width=8 qo_len=32 kv_len=4096 n_heads=12 n_kv_heads=2 head_dim=128 phase=warmup iteration=4 host_elapsed_us=67158 ret=0
FIG8_ATTENTION_PROFILE_COUNT mode=scna-hmx-fp16-d8-two-pass qo_len=32 phase=warmup iteration=4 records=2 max_records=10
FIG8_ATTENTION_TIMERS mode=scna-hmx-fp16-d8-two-pass scna_function=0 scna_kernel=0 scna_pipeline=0 scna_engine=3 profile_version=1 phase=warmup iteration=4 lut_exp=0 nonlinear_mode=1 scna_width=8 scna_exp=32821 scna_pack=237 scna_hmx_affine_relu=2876 scna_reduction=2347 scna_unpack=26045 qo_len=32 kv_len=4096 n_heads=12 n_kv_heads=2 head_dim=128 kv_head=0 worker=0 profiled_total=33364 q_load=8 k_load=153 v_load=139 qk_dot=12 safe_sm=33020 core_acc=19 o_scale=2 o_store=11 kv_dma_issue=0 kv_dma_wait=0 kv_transform=0
FIG8_ATTENTION_TIMERS mode=scna-hmx-fp16-d8-two-pass scna_function=0 scna_kernel=0 scna_pipeline=0 scna_engine=3 profile_version=1 phase=warmup iteration=4 lut_exp=0 nonlinear_mode=1 scna_width=8 scna_exp=32821 scna_pack=234 scna_hmx_affine_relu=2885 scna_reduction=2344 scna_unpack=26038 qo_len=32 kv_len=4096 n_heads=12 n_kv_heads=2 head_dim=128 kv_head=1 worker=0 profiled_total=33360 q_load=8 k_load=168 v_load=143 qk_dot=12 safe_sm=32998 core_acc=18 o_scale=2 o_store=11 kv_dma_issue=0 kv_dma_wait=0 kv_transform=0
FIG8_ATTENTION_EVENT_COUNT mode=scna-hmx-fp16-d8-two-pass qo_len=32 phase=warmup iteration=4 events=16 max_events=24896 overflow=0
FIG8_ATTENTION_HOST_TIMING mode=scna-hmx-fp16-d8-two-pass scna_function=exp2 scna_kernel=direct scna_pipeline=off scna_width=8 qo_len=32 kv_len=4096 n_heads=12 n_kv_heads=2 head_dim=128 phase=measure iteration=0 host_elapsed_us=67048 ret=0
FIG8_ATTENTION_PROFILE_COUNT mode=scna-hmx-fp16-d8-two-pass qo_len=32 phase=measure iteration=0 records=2 max_records=10
FIG8_ATTENTION_TIMERS mode=scna-hmx-fp16-d8-two-pass scna_function=0 scna_kernel=0 scna_pipeline=0 scna_engine=3 profile_version=1 phase=measure iteration=0 lut_exp=0 nonlinear_mode=1 scna_width=8 scna_exp=32820 scna_pack=238 scna_hmx_affine_relu=2881 scna_reduction=2342 scna_unpack=26035 qo_len=32 kv_len=4096 n_heads=12 n_kv_heads=2 head_dim=128 kv_head=0 worker=0 profiled_total=33352 q_load=8 k_load=152 v_load=134 qk_dot=12 safe_sm=33015 core_acc=18 o_scale=2 o_store=11 kv_dma_issue=0 kv_dma_wait=0 kv_transform=0
FIG8_ATTENTION_TIMERS mode=scna-hmx-fp16-d8-two-pass scna_function=0 scna_kernel=0 scna_pipeline=0 scna_engine=3 profile_version=1 phase=measure iteration=0 lut_exp=0 nonlinear_mode=1 scna_width=8 scna_exp=32821 scna_pack=238 scna_hmx_affine_relu=2878 scna_reduction=2346 scna_unpack=26047 qo_len=32 kv_len=4096 n_heads=12 n_kv_heads=2 head_dim=128 kv_head=1 worker=0 profiled_total=33352 q_load=8 k_load=160 v_load=145 qk_dot=12 safe_sm=32996 core_acc=18 o_scale=2 o_store=11 kv_dma_issue=0 kv_dma_wait=0 kv_transform=0
FIG8_ATTENTION_EVENT_COUNT mode=scna-hmx-fp16-d8-two-pass qo_len=32 phase=measure iteration=0 events=16 max_events=24896 overflow=0
FIG8_ATTENTION_HOST_TIMING mode=scna-hmx-fp16-d8-two-pass scna_function=exp2 scna_kernel=direct scna_pipeline=off scna_width=8 qo_len=32 kv_len=4096 n_heads=12 n_kv_heads=2 head_dim=128 phase=measure iteration=1 host_elapsed_us=67088 ret=0
FIG8_ATTENTION_PROFILE_COUNT mode=scna-hmx-fp16-d8-two-pass qo_len=32 phase=measure iteration=1 records=2 max_records=10
FIG8_ATTENTION_TIMERS mode=scna-hmx-fp16-d8-two-pass scna_function=0 scna_kernel=0 scna_pipeline=0 scna_engine=3 profile_version=1 phase=measure iteration=1 lut_exp=0 nonlinear_mode=1 scna_width=8 scna_exp=32820 scna_pack=233 scna_hmx_affine_relu=2882 scna_reduction=2341 scna_unpack=26034 qo_len=32 kv_len=4096 n_heads=12 n_kv_heads=2 head_dim=128 kv_head=0 worker=0 profiled_total=33358 q_load=8 k_load=150 v_load=139 qk_dot=12 safe_sm=33017 core_acc=19 o_scale=2 o_store=11 kv_dma_issue=0 kv_dma_wait=0 kv_transform=0
FIG8_ATTENTION_TIMERS mode=scna-hmx-fp16-d8-two-pass scna_function=0 scna_kernel=0 scna_pipeline=0 scna_engine=3 profile_version=1 phase=measure iteration=1 lut_exp=0 nonlinear_mode=1 scna_width=8 scna_exp=32821 scna_pack=236 scna_hmx_affine_relu=2881 scna_reduction=2349 scna_unpack=26043 qo_len=32 kv_len=4096 n_heads=12 n_kv_heads=2 head_dim=128 kv_head=1 worker=0 profiled_total=33354 q_load=8 k_load=170 v_load=139 qk_dot=12 safe_sm=32994 core_acc=18 o_scale=2 o_store=11 kv_dma_issue=0 kv_dma_wait=0 kv_transform=0
FIG8_ATTENTION_EVENT_COUNT mode=scna-hmx-fp16-d8-two-pass qo_len=32 phase=measure iteration=1 events=16 max_events=24896 overflow=0
FIG8_ATTENTION_HOST_TIMING mode=scna-hmx-fp16-d8-two-pass scna_function=exp2 scna_kernel=direct scna_pipeline=off scna_width=8 qo_len=32 kv_len=4096 n_heads=12 n_kv_heads=2 head_dim=128 phase=measure iteration=2 host_elapsed_us=67103 ret=0
FIG8_ATTENTION_PROFILE_COUNT mode=scna-hmx-fp16-d8-two-pass qo_len=32 phase=measure iteration=2 records=2 max_records=10
FIG8_ATTENTION_TIMERS mode=scna-hmx-fp16-d8-two-pass scna_function=0 scna_kernel=0 scna_pipeline=0 scna_engine=3 profile_version=1 phase=measure iteration=2 lut_exp=0 nonlinear_mode=1 scna_width=8 scna_exp=32821 scna_pack=234 scna_hmx_affine_relu=2875 scna_reduction=2354 scna_unpack=26050 qo_len=32 kv_len=4096 n_heads=12 n_kv_heads=2 head_dim=128 kv_head=0 worker=0 profiled_total=33369 q_load=8 k_load=161 v_load=138 qk_dot=12 safe_sm=33018 core_acc=19 o_scale=2 o_store=11 kv_dma_issue=0 kv_dma_wait=0 kv_transform=0
FIG8_ATTENTION_TIMERS mode=scna-hmx-fp16-d8-two-pass scna_function=0 scna_kernel=0 scna_pipeline=0 scna_engine=3 profile_version=1 phase=measure iteration=2 lut_exp=0 nonlinear_mode=1 scna_width=8 scna_exp=32821 scna_pack=238 scna_hmx_affine_relu=2869 scna_reduction=2348 scna_unpack=26046 qo_len=32 kv_len=4096 n_heads=12 n_kv_heads=2 head_dim=128 kv_head=1 worker=0 profiled_total=33358 q_load=8 k_load=168 v_load=141 qk_dot=12 safe_sm=32998 core_acc=18 o_scale=2 o_store=11 kv_dma_issue=0 kv_dma_wait=0 kv_transform=0
FIG8_ATTENTION_EVENT_COUNT mode=scna-hmx-fp16-d8-two-pass qo_len=32 phase=measure iteration=2 events=16 max_events=24896 overflow=0
FIG8_ATTENTION_HOST_TIMING mode=scna-hmx-fp16-d8-two-pass scna_function=exp2 scna_kernel=direct scna_pipeline=off scna_width=8 qo_len=32 kv_len=4096 n_heads=12 n_kv_heads=2 head_dim=128 phase=measure iteration=3 host_elapsed_us=67005 ret=0
FIG8_ATTENTION_PROFILE_COUNT mode=scna-hmx-fp16-d8-two-pass qo_len=32 phase=measure iteration=3 records=2 max_records=10
FIG8_ATTENTION_TIMERS mode=scna-hmx-fp16-d8-two-pass scna_function=0 scna_kernel=0 scna_pipeline=0 scna_engine=3 profile_version=1 phase=measure iteration=3 lut_exp=0 nonlinear_mode=1 scna_width=8 scna_exp=32821 scna_pack=237 scna_hmx_affine_relu=2875 scna_reduction=2349 scna_unpack=26046 qo_len=32 kv_len=4096 n_heads=12 n_kv_heads=2 head_dim=128 kv_head=0 worker=0 profiled_total=33349 q_load=8 k_load=149 v_load=135 qk_dot=12 safe_sm=33013 core_acc=19 o_scale=2 o_store=11 kv_dma_issue=0 kv_dma_wait=0 kv_transform=0
FIG8_ATTENTION_TIMERS mode=scna-hmx-fp16-d8-two-pass scna_function=0 scna_kernel=0 scna_pipeline=0 scna_engine=3 profile_version=1 phase=measure iteration=3 lut_exp=0 nonlinear_mode=1 scna_width=8 scna_exp=32821 scna_pack=235 scna_hmx_affine_relu=2883 scna_reduction=2343 scna_unpack=26038 qo_len=32 kv_len=4096 n_heads=12 n_kv_heads=2 head_dim=128 kv_head=1 worker=0 profiled_total=33350 q_load=8 k_load=164 v_load=140 qk_dot=12 safe_sm=32995 core_acc=18 o_scale=2 o_store=11 kv_dma_issue=0 kv_dma_wait=0 kv_transform=0
FIG8_ATTENTION_EVENT_COUNT mode=scna-hmx-fp16-d8-two-pass qo_len=32 phase=measure iteration=3 events=16 max_events=24896 overflow=0
FIG8_ATTENTION_HOST_TIMING mode=scna-hmx-fp16-d8-two-pass scna_function=exp2 scna_kernel=direct scna_pipeline=off scna_width=8 qo_len=32 kv_len=4096 n_heads=12 n_kv_heads=2 head_dim=128 phase=measure iteration=4 host_elapsed_us=67021 ret=0
FIG8_ATTENTION_PROFILE_COUNT mode=scna-hmx-fp16-d8-two-pass qo_len=32 phase=measure iteration=4 records=2 max_records=10
FIG8_ATTENTION_TIMERS mode=scna-hmx-fp16-d8-two-pass scna_function=0 scna_kernel=0 scna_pipeline=0 scna_engine=3 profile_version=1 phase=measure iteration=4 lut_exp=0 nonlinear_mode=1 scna_width=8 scna_exp=32820 scna_pack=234 scna_hmx_affine_relu=2882 scna_reduction=2342 scna_unpack=26037 qo_len=32 kv_len=4096 n_heads=12 n_kv_heads=2 head_dim=128 kv_head=0 worker=0 profiled_total=33350 q_load=8 k_load=149 v_load=133 qk_dot=12 safe_sm=33016 core_acc=19 o_scale=2 o_store=11 kv_dma_issue=0 kv_dma_wait=0 kv_transform=0
FIG8_ATTENTION_TIMERS mode=scna-hmx-fp16-d8-two-pass scna_function=0 scna_kernel=0 scna_pipeline=0 scna_engine=3 profile_version=1 phase=measure iteration=4 lut_exp=0 nonlinear_mode=1 scna_width=8 scna_exp=32820 scna_pack=240 scna_hmx_affine_relu=2880 scna_reduction=2341 scna_unpack=26038 qo_len=32 kv_len=4096 n_heads=12 n_kv_heads=2 head_dim=128 kv_head=1 worker=0 profiled_total=33347 q_load=8 k_load=163 v_load=139 qk_dot=12 safe_sm=32994 core_acc=18 o_scale=2 o_store=11 kv_dma_issue=0 kv_dma_wait=0 kv_transform=0
FIG8_ATTENTION_EVENT_COUNT mode=scna-hmx-fp16-d8-two-pass qo_len=32 phase=measure iteration=4 events=16 max_events=24896 overflow=0
FIG8_ATTENTION_HOST_TIMING mode=scna-hmx-fp16-d8-two-pass scna_function=exp2 scna_kernel=direct scna_pipeline=off scna_width=8 qo_len=32 kv_len=4096 n_heads=12 n_kv_heads=2 head_dim=128 phase=measure iteration=5 host_elapsed_us=67025 ret=0
FIG8_ATTENTION_PROFILE_COUNT mode=scna-hmx-fp16-d8-two-pass qo_len=32 phase=measure iteration=5 records=2 max_records=10
FIG8_ATTENTION_TIMERS mode=scna-hmx-fp16-d8-two-pass scna_function=0 scna_kernel=0 scna_pipeline=0 scna_engine=3 profile_version=1 phase=measure iteration=5 lut_exp=0 nonlinear_mode=1 scna_width=8 scna_exp=32820 scna_pack=239 scna_hmx_affine_relu=2882 scna_reduction=2340 scna_unpack=26032 qo_len=32 kv_len=4096 n_heads=12 n_kv_heads=2 head_dim=128 kv_head=0 worker=0 profiled_total=33354 q_load=8 k_load=151 v_load=133 qk_dot=12 safe_sm=33018 core_acc=19 o_scale=2 o_store=11 kv_dma_issue=0 kv_dma_wait=0 kv_transform=0
FIG8_ATTENTION_TIMERS mode=scna-hmx-fp16-d8-two-pass scna_function=0 scna_kernel=0 scna_pipeline=0 scna_engine=3 profile_version=1 phase=measure iteration=5 lut_exp=0 nonlinear_mode=1 scna_width=8 scna_exp=32820 scna_pack=235 scna_hmx_affine_relu=2879 scna_reduction=2346 scna_unpack=26039 qo_len=32 kv_len=4096 n_heads=12 n_kv_heads=2 head_dim=128 kv_head=1 worker=0 profiled_total=33353 q_load=8 k_load=165 v_load=137 qk_dot=12 safe_sm=33000 core_acc=18 o_scale=2 o_store=11 kv_dma_issue=0 kv_dma_wait=0 kv_transform=0
FIG8_ATTENTION_EVENT_COUNT mode=scna-hmx-fp16-d8-two-pass qo_len=32 phase=measure iteration=5 events=16 max_events=24896 overflow=0
FIG8_ATTENTION_HOST_TIMING mode=scna-hmx-fp16-d8-two-pass scna_function=exp2 scna_kernel=direct scna_pipeline=off scna_width=8 qo_len=32 kv_len=4096 n_heads=12 n_kv_heads=2 head_dim=128 phase=measure iteration=6 host_elapsed_us=67133 ret=0
FIG8_ATTENTION_PROFILE_COUNT mode=scna-hmx-fp16-d8-two-pass qo_len=32 phase=measure iteration=6 records=2 max_records=10
FIG8_ATTENTION_TIMERS mode=scna-hmx-fp16-d8-two-pass scna_function=0 scna_kernel=0 scna_pipeline=0 scna_engine=3 profile_version=1 phase=measure iteration=6 lut_exp=0 nonlinear_mode=1 scna_width=8 scna_exp=32820 scna_pack=238 scna_hmx_affine_relu=2867 scna_reduction=2350 scna_unpack=26050 qo_len=32 kv_len=4096 n_heads=12 n_kv_heads=2 head_dim=128 kv_head=0 worker=0 profiled_total=33353 q_load=8 k_load=151 v_load=141 qk_dot=12 safe_sm=33009 core_acc=19 o_scale=2 o_store=11 kv_dma_issue=0 kv_dma_wait=0 kv_transform=0
FIG8_ATTENTION_TIMERS mode=scna-hmx-fp16-d8-two-pass scna_function=0 scna_kernel=0 scna_pipeline=0 scna_engine=3 profile_version=1 phase=measure iteration=6 lut_exp=0 nonlinear_mode=1 scna_width=8 scna_exp=32821 scna_pack=233 scna_hmx_affine_relu=2886 scna_reduction=2337 scna_unpack=26035 qo_len=32 kv_len=4096 n_heads=12 n_kv_heads=2 head_dim=128 kv_head=1 worker=0 profiled_total=33357 q_load=8 k_load=170 v_load=142 qk_dot=13 safe_sm=32993 core_acc=18 o_scale=2 o_store=11 kv_dma_issue=0 kv_dma_wait=0 kv_transform=0
FIG8_ATTENTION_EVENT_COUNT mode=scna-hmx-fp16-d8-two-pass qo_len=32 phase=measure iteration=6 events=16 max_events=24896 overflow=0
FIG8_ATTENTION_HOST_TIMING mode=scna-hmx-fp16-d8-two-pass scna_function=exp2 scna_kernel=direct scna_pipeline=off scna_width=8 qo_len=32 kv_len=4096 n_heads=12 n_kv_heads=2 head_dim=128 phase=measure iteration=7 host_elapsed_us=67095 ret=0
FIG8_ATTENTION_PROFILE_COUNT mode=scna-hmx-fp16-d8-two-pass qo_len=32 phase=measure iteration=7 records=2 max_records=10
FIG8_ATTENTION_TIMERS mode=scna-hmx-fp16-d8-two-pass scna_function=0 scna_kernel=0 scna_pipeline=0 scna_engine=3 profile_version=1 phase=measure iteration=7 lut_exp=0 nonlinear_mode=1 scna_width=8 scna_exp=32820 scna_pack=226 scna_hmx_affine_relu=2889 scna_reduction=2347 scna_unpack=26035 qo_len=32 kv_len=4096 n_heads=12 n_kv_heads=2 head_dim=128 kv_head=0 worker=0 profiled_total=33350 q_load=8 k_load=149 v_load=134 qk_dot=12 safe_sm=33015 core_acc=19 o_scale=2 o_store=11 kv_dma_issue=0 kv_dma_wait=0 kv_transform=0
FIG8_ATTENTION_TIMERS mode=scna-hmx-fp16-d8-two-pass scna_function=0 scna_kernel=0 scna_pipeline=0 scna_engine=3 profile_version=1 phase=measure iteration=7 lut_exp=0 nonlinear_mode=1 scna_width=8 scna_exp=32821 scna_pack=243 scna_hmx_affine_relu=2877 scna_reduction=2339 scna_unpack=26037 qo_len=32 kv_len=4096 n_heads=12 n_kv_heads=2 head_dim=128 kv_head=1 worker=0 profiled_total=33347 q_load=8 k_load=166 v_load=139 qk_dot=12 safe_sm=32991 core_acc=18 o_scale=2 o_store=11 kv_dma_issue=0 kv_dma_wait=0 kv_transform=0
FIG8_ATTENTION_EVENT_COUNT mode=scna-hmx-fp16-d8-two-pass qo_len=32 phase=measure iteration=7 events=16 max_events=24896 overflow=0
FIG8_ATTENTION_HOST_TIMING mode=scna-hmx-fp16-d8-two-pass scna_function=exp2 scna_kernel=direct scna_pipeline=off scna_width=8 qo_len=32 kv_len=4096 n_heads=12 n_kv_heads=2 head_dim=128 phase=measure iteration=8 host_elapsed_us=67047 ret=0
FIG8_ATTENTION_PROFILE_COUNT mode=scna-hmx-fp16-d8-two-pass qo_len=32 phase=measure iteration=8 records=2 max_records=10
FIG8_ATTENTION_TIMERS mode=scna-hmx-fp16-d8-two-pass scna_function=0 scna_kernel=0 scna_pipeline=0 scna_engine=3 profile_version=1 phase=measure iteration=8 lut_exp=0 nonlinear_mode=1 scna_width=8 scna_exp=32821 scna_pack=233 scna_hmx_affine_relu=2877 scna_reduction=2356 scna_unpack=26048 qo_len=32 kv_len=4096 n_heads=12 n_kv_heads=2 head_dim=128 kv_head=0 worker=0 profiled_total=33356 q_load=8 k_load=159 v_load=131 qk_dot=12 safe_sm=33014 core_acc=19 o_scale=2 o_store=11 kv_dma_issue=0 kv_dma_wait=0 kv_transform=0
FIG8_ATTENTION_TIMERS mode=scna-hmx-fp16-d8-two-pass scna_function=0 scna_kernel=0 scna_pipeline=0 scna_engine=3 profile_version=1 phase=measure iteration=8 lut_exp=0 nonlinear_mode=1 scna_width=8 scna_exp=32821 scna_pack=230 scna_hmx_affine_relu=2879 scna_reduction=2354 scna_unpack=26049 qo_len=32 kv_len=4096 n_heads=12 n_kv_heads=2 head_dim=128 kv_head=1 worker=0 profiled_total=33344 q_load=8 k_load=164 v_load=137 qk_dot=12 safe_sm=32992 core_acc=18 o_scale=2 o_store=11 kv_dma_issue=0 kv_dma_wait=0 kv_transform=0
FIG8_ATTENTION_EVENT_COUNT mode=scna-hmx-fp16-d8-two-pass qo_len=32 phase=measure iteration=8 events=16 max_events=24896 overflow=0
FIG8_ATTENTION_HOST_TIMING mode=scna-hmx-fp16-d8-two-pass scna_function=exp2 scna_kernel=direct scna_pipeline=off scna_width=8 qo_len=32 kv_len=4096 n_heads=12 n_kv_heads=2 head_dim=128 phase=measure iteration=9 host_elapsed_us=67075 ret=0
FIG8_ATTENTION_PROFILE_COUNT mode=scna-hmx-fp16-d8-two-pass qo_len=32 phase=measure iteration=9 records=2 max_records=10
FIG8_ATTENTION_TIMERS mode=scna-hmx-fp16-d8-two-pass scna_function=0 scna_kernel=0 scna_pipeline=0 scna_engine=3 profile_version=1 phase=measure iteration=9 lut_exp=0 nonlinear_mode=1 scna_width=8 scna_exp=32807 scna_pack=227 scna_hmx_affine_relu=2882 scna_reduction=2345 scna_unpack=26032 qo_len=32 kv_len=4096 n_heads=12 n_kv_heads=2 head_dim=128 kv_head=0 worker=0 profiled_total=33337 q_load=8 k_load=154 v_load=131 qk_dot=12 safe_sm=33000 core_acc=19 o_scale=2 o_store=11 kv_dma_issue=0 kv_dma_wait=0 kv_transform=0
FIG8_ATTENTION_TIMERS mode=scna-hmx-fp16-d8-two-pass scna_function=0 scna_kernel=0 scna_pipeline=0 scna_engine=3 profile_version=1 phase=measure iteration=9 lut_exp=0 nonlinear_mode=1 scna_width=8 scna_exp=32808 scna_pack=229 scna_hmx_affine_relu=2879 scna_reduction=2347 scna_unpack=26034 qo_len=32 kv_len=4096 n_heads=12 n_kv_heads=2 head_dim=128 kv_head=1 worker=0 profiled_total=33330 q_load=8 k_load=166 v_load=136 qk_dot=12 safe_sm=32977 core_acc=18 o_scale=2 o_store=11 kv_dma_issue=0 kv_dma_wait=0 kv_transform=0
FIG8_ATTENTION_EVENT_COUNT mode=scna-hmx-fp16-d8-two-pass qo_len=32 phase=measure iteration=9 events=16 max_events=24896 overflow=0
FIG8_ATTENTION_HOST_TIMING mode=scna-hmx-fp16-d8-two-pass scna_function=exp2 scna_kernel=direct scna_pipeline=off scna_width=8 qo_len=32 kv_len=4096 n_heads=12 n_kv_heads=2 head_dim=128 phase=measure iteration=10 host_elapsed_us=67006 ret=0
FIG8_ATTENTION_PROFILE_COUNT mode=scna-hmx-fp16-d8-two-pass qo_len=32 phase=measure iteration=10 records=2 max_records=10
FIG8_ATTENTION_TIMERS mode=scna-hmx-fp16-d8-two-pass scna_function=0 scna_kernel=0 scna_pipeline=0 scna_engine=3 profile_version=1 phase=measure iteration=10 lut_exp=0 nonlinear_mode=1 scna_width=8 scna_exp=32807 scna_pack=226 scna_hmx_affine_relu=2882 scna_reduction=2350 scna_unpack=26034 qo_len=32 kv_len=4096 n_heads=12 n_kv_heads=2 head_dim=128 kv_head=0 worker=0 profiled_total=33331 q_load=8 k_load=145 v_load=131 qk_dot=12 safe_sm=33003 core_acc=19 o_scale=2 o_store=11 kv_dma_issue=0 kv_dma_wait=0 kv_transform=0
FIG8_ATTENTION_TIMERS mode=scna-hmx-fp16-d8-two-pass scna_function=0 scna_kernel=0 scna_pipeline=0 scna_engine=3 profile_version=1 phase=measure iteration=10 lut_exp=0 nonlinear_mode=1 scna_width=8 scna_exp=32807 scna_pack=228 scna_hmx_affine_relu=2879 scna_reduction=2346 scna_unpack=26035 qo_len=32 kv_len=4096 n_heads=12 n_kv_heads=2 head_dim=128 kv_head=1 worker=0 profiled_total=33329 q_load=8 k_load=165 v_load=135 qk_dot=12 safe_sm=32978 core_acc=18 o_scale=2 o_store=11 kv_dma_issue=0 kv_dma_wait=0 kv_transform=0
FIG8_ATTENTION_EVENT_COUNT mode=scna-hmx-fp16-d8-two-pass qo_len=32 phase=measure iteration=10 events=16 max_events=24896 overflow=0
FIG8_ATTENTION_HOST_TIMING mode=scna-hmx-fp16-d8-two-pass scna_function=exp2 scna_kernel=direct scna_pipeline=off scna_width=8 qo_len=32 kv_len=4096 n_heads=12 n_kv_heads=2 head_dim=128 phase=measure iteration=11 host_elapsed_us=67043 ret=0
FIG8_ATTENTION_PROFILE_COUNT mode=scna-hmx-fp16-d8-two-pass qo_len=32 phase=measure iteration=11 records=2 max_records=10
FIG8_ATTENTION_TIMERS mode=scna-hmx-fp16-d8-two-pass scna_function=0 scna_kernel=0 scna_pipeline=0 scna_engine=3 profile_version=1 phase=measure iteration=11 lut_exp=0 nonlinear_mode=1 scna_width=8 scna_exp=32806 scna_pack=226 scna_hmx_affine_relu=2880 scna_reduction=2348 scna_unpack=26035 qo_len=32 kv_len=4096 n_heads=12 n_kv_heads=2 head_dim=128 kv_head=0 worker=0 profiled_total=33332 q_load=8 k_load=151 v_load=131 qk_dot=12 safe_sm=32998 core_acc=18 o_scale=3 o_store=11 kv_dma_issue=0 kv_dma_wait=0 kv_transform=0
FIG8_ATTENTION_TIMERS mode=scna-hmx-fp16-d8-two-pass scna_function=0 scna_kernel=0 scna_pipeline=0 scna_engine=3 profile_version=1 phase=measure iteration=11 lut_exp=0 nonlinear_mode=1 scna_width=8 scna_exp=32821 scna_pack=240 scna_hmx_affine_relu=2881 scna_reduction=2340 scna_unpack=26037 qo_len=32 kv_len=4096 n_heads=12 n_kv_heads=2 head_dim=128 kv_head=1 worker=0 profiled_total=33342 q_load=8 k_load=161 v_load=137 qk_dot=12 safe_sm=32993 core_acc=18 o_scale=2 o_store=11 kv_dma_issue=0 kv_dma_wait=0 kv_transform=0
FIG8_ATTENTION_EVENT_COUNT mode=scna-hmx-fp16-d8-two-pass qo_len=32 phase=measure iteration=11 events=16 max_events=24896 overflow=0
FIG8_ATTENTION_HOST_TIMING mode=scna-hmx-fp16-d8-two-pass scna_function=exp2 scna_kernel=direct scna_pipeline=off scna_width=8 qo_len=32 kv_len=4096 n_heads=12 n_kv_heads=2 head_dim=128 phase=measure iteration=12 host_elapsed_us=67002 ret=0
FIG8_ATTENTION_PROFILE_COUNT mode=scna-hmx-fp16-d8-two-pass qo_len=32 phase=measure iteration=12 records=2 max_records=10
FIG8_ATTENTION_TIMERS mode=scna-hmx-fp16-d8-two-pass scna_function=0 scna_kernel=0 scna_pipeline=0 scna_engine=3 profile_version=1 phase=measure iteration=12 lut_exp=0 nonlinear_mode=1 scna_width=8 scna_exp=32806 scna_pack=225 scna_hmx_affine_relu=2879 scna_reduction=2349 scna_unpack=26033 qo_len=32 kv_len=4096 n_heads=12 n_kv_heads=2 head_dim=128 kv_head=0 worker=0 profiled_total=33330 q_load=8 k_load=150 v_load=129 qk_dot=12 safe_sm=32999 core_acc=19 o_scale=2 o_store=11 kv_dma_issue=0 kv_dma_wait=0 kv_transform=0
FIG8_ATTENTION_TIMERS mode=scna-hmx-fp16-d8-two-pass scna_function=0 scna_kernel=0 scna_pipeline=0 scna_engine=3 profile_version=1 phase=measure iteration=12 lut_exp=0 nonlinear_mode=1 scna_width=8 scna_exp=32808 scna_pack=226 scna_hmx_affine_relu=2885 scna_reduction=2346 scna_unpack=26034 qo_len=32 kv_len=4096 n_heads=12 n_kv_heads=2 head_dim=128 kv_head=1 worker=0 profiled_total=33332 q_load=8 k_load=164 v_load=137 qk_dot=12 safe_sm=32979 core_acc=19 o_scale=2 o_store=11 kv_dma_issue=0 kv_dma_wait=0 kv_transform=0
FIG8_ATTENTION_EVENT_COUNT mode=scna-hmx-fp16-d8-two-pass qo_len=32 phase=measure iteration=12 events=16 max_events=24896 overflow=0
FIG8_ATTENTION_HOST_TIMING mode=scna-hmx-fp16-d8-two-pass scna_function=exp2 scna_kernel=direct scna_pipeline=off scna_width=8 qo_len=32 kv_len=4096 n_heads=12 n_kv_heads=2 head_dim=128 phase=measure iteration=13 host_elapsed_us=67062 ret=0
FIG8_ATTENTION_PROFILE_COUNT mode=scna-hmx-fp16-d8-two-pass qo_len=32 phase=measure iteration=13 records=2 max_records=10
FIG8_ATTENTION_TIMERS mode=scna-hmx-fp16-d8-two-pass scna_function=0 scna_kernel=0 scna_pipeline=0 scna_engine=3 profile_version=1 phase=measure iteration=13 lut_exp=0 nonlinear_mode=1 scna_width=8 scna_exp=32807 scna_pack=225 scna_hmx_affine_relu=2879 scna_reduction=2350 scna_unpack=26034 qo_len=32 kv_len=4096 n_heads=12 n_kv_heads=2 head_dim=128 kv_head=0 worker=0 profiled_total=33331 q_load=8 k_load=148 v_load=129 qk_dot=12 safe_sm=33002 core_acc=18 o_scale=3 o_store=11 kv_dma_issue=0 kv_dma_wait=0 kv_transform=0
FIG8_ATTENTION_TIMERS mode=scna-hmx-fp16-d8-two-pass scna_function=0 scna_kernel=0 scna_pipeline=0 scna_engine=3 profile_version=1 phase=measure iteration=13 lut_exp=0 nonlinear_mode=1 scna_width=8 scna_exp=32807 scna_pack=224 scna_hmx_affine_relu=2882 scna_reduction=2352 scna_unpack=26033 qo_len=32 kv_len=4096 n_heads=12 n_kv_heads=2 head_dim=128 kv_head=1 worker=0 profiled_total=33329 q_load=8 k_load=164 v_load=136 qk_dot=12 safe_sm=32978 core_acc=18 o_scale=2 o_store=11 kv_dma_issue=0 kv_dma_wait=0 kv_transform=0
FIG8_ATTENTION_EVENT_COUNT mode=scna-hmx-fp16-d8-two-pass qo_len=32 phase=measure iteration=13 events=16 max_events=24896 overflow=0
FIG8_ATTENTION_HOST_TIMING mode=scna-hmx-fp16-d8-two-pass scna_function=exp2 scna_kernel=direct scna_pipeline=off scna_width=8 qo_len=32 kv_len=4096 n_heads=12 n_kv_heads=2 head_dim=128 phase=measure iteration=14 host_elapsed_us=67030 ret=0
FIG8_ATTENTION_PROFILE_COUNT mode=scna-hmx-fp16-d8-two-pass qo_len=32 phase=measure iteration=14 records=2 max_records=10
FIG8_ATTENTION_TIMERS mode=scna-hmx-fp16-d8-two-pass scna_function=0 scna_kernel=0 scna_pipeline=0 scna_engine=3 profile_version=1 phase=measure iteration=14 lut_exp=0 nonlinear_mode=1 scna_width=8 scna_exp=32807 scna_pack=227 scna_hmx_affine_relu=2881 scna_reduction=2347 scna_unpack=26030 qo_len=32 kv_len=4096 n_heads=12 n_kv_heads=2 head_dim=128 kv_head=0 worker=0 profiled_total=33346 q_load=8 k_load=157 v_load=149 qk_dot=12 safe_sm=32988 core_acc=19 o_scale=2 o_store=11 kv_dma_issue=0 kv_dma_wait=0 kv_transform=0
FIG8_ATTENTION_TIMERS mode=scna-hmx-fp16-d8-two-pass scna_function=0 scna_kernel=0 scna_pipeline=0 scna_engine=3 profile_version=1 phase=measure iteration=14 lut_exp=0 nonlinear_mode=1 scna_width=8 scna_exp=32807 scna_pack=229 scna_hmx_affine_relu=2881 scna_reduction=2350 scna_unpack=26038 qo_len=32 kv_len=4096 n_heads=12 n_kv_heads=2 head_dim=128 kv_head=1 worker=0 profiled_total=33337 q_load=8 k_load=157 v_load=152 qk_dot=12 safe_sm=32976 core_acc=19 o_scale=2 o_store=11 kv_dma_issue=0 kv_dma_wait=0 kv_transform=0
FIG8_ATTENTION_EVENT_COUNT mode=scna-hmx-fp16-d8-two-pass qo_len=32 phase=measure iteration=14 events=16 max_events=24896 overflow=0
FIG8_ATTENTION_HOST_TIMING mode=scna-hmx-fp16-d8-two-pass scna_function=exp2 scna_kernel=direct scna_pipeline=off scna_width=8 qo_len=32 kv_len=4096 n_heads=12 n_kv_heads=2 head_dim=128 phase=measure iteration=15 host_elapsed_us=67078 ret=0
FIG8_ATTENTION_PROFILE_COUNT mode=scna-hmx-fp16-d8-two-pass qo_len=32 phase=measure iteration=15 records=2 max_records=10
FIG8_ATTENTION_TIMERS mode=scna-hmx-fp16-d8-two-pass scna_function=0 scna_kernel=0 scna_pipeline=0 scna_engine=3 profile_version=1 phase=measure iteration=15 lut_exp=0 nonlinear_mode=1 scna_width=8 scna_exp=32807 scna_pack=223 scna_hmx_affine_relu=2882 scna_reduction=2349 scna_unpack=26034 qo_len=32 kv_len=4096 n_heads=12 n_kv_heads=2 head_dim=128 kv_head=0 worker=0 profiled_total=33351 q_load=8 k_load=161 v_load=137 qk_dot=12 safe_sm=33001 core_acc=19 o_scale=2 o_store=11 kv_dma_issue=0 kv_dma_wait=0 kv_transform=0
FIG8_ATTENTION_TIMERS mode=scna-hmx-fp16-d8-two-pass scna_function=0 scna_kernel=0 scna_pipeline=0 scna_engine=3 profile_version=1 phase=measure iteration=15 lut_exp=0 nonlinear_mode=1 scna_width=8 scna_exp=32808 scna_pack=224 scna_hmx_affine_relu=2882 scna_reduction=2347 scna_unpack=26035 qo_len=32 kv_len=4096 n_heads=12 n_kv_heads=2 head_dim=128 kv_head=1 worker=0 profiled_total=33339 q_load=8 k_load=165 v_load=143 qk_dot=12 safe_sm=32980 core_acc=18 o_scale=2 o_store=11 kv_dma_issue=0 kv_dma_wait=0 kv_transform=0
FIG8_ATTENTION_EVENT_COUNT mode=scna-hmx-fp16-d8-two-pass qo_len=32 phase=measure iteration=15 events=16 max_events=24896 overflow=0
FIG8_ATTENTION_HOST_TIMING mode=scna-hmx-fp16-d8-two-pass scna_function=exp2 scna_kernel=direct scna_pipeline=off scna_width=8 qo_len=32 kv_len=4096 n_heads=12 n_kv_heads=2 head_dim=128 phase=measure iteration=16 host_elapsed_us=67076 ret=0
FIG8_ATTENTION_PROFILE_COUNT mode=scna-hmx-fp16-d8-two-pass qo_len=32 phase=measure iteration=16 records=2 max_records=10
FIG8_ATTENTION_TIMERS mode=scna-hmx-fp16-d8-two-pass scna_function=0 scna_kernel=0 scna_pipeline=0 scna_engine=3 profile_version=1 phase=measure iteration=16 lut_exp=0 nonlinear_mode=1 scna_width=8 scna_exp=32809 scna_pack=228 scna_hmx_affine_relu=2881 scna_reduction=2347 scna_unpack=26034 qo_len=32 kv_len=4096 n_heads=12 n_kv_heads=2 head_dim=128 kv_head=0 worker=0 profiled_total=33359 q_load=8 k_load=171 v_load=132 qk_dot=12 safe_sm=33004 core_acc=19 o_scale=2 o_store=11 kv_dma_issue=0 kv_dma_wait=0 kv_transform=0
FIG8_ATTENTION_TIMERS mode=scna-hmx-fp16-d8-two-pass scna_function=0 scna_kernel=0 scna_pipeline=0 scna_engine=3 profile_version=1 phase=measure iteration=16 lut_exp=0 nonlinear_mode=1 scna_width=8 scna_exp=32807 scna_pack=225 scna_hmx_affine_relu=2885 scna_reduction=2347 scna_unpack=26029 qo_len=32 kv_len=4096 n_heads=12 n_kv_heads=2 head_dim=128 kv_head=1 worker=0 profiled_total=33322 q_load=8 k_load=160 v_load=135 qk_dot=12 safe_sm=32976 core_acc=18 o_scale=2 o_store=11 kv_dma_issue=0 kv_dma_wait=0 kv_transform=0
FIG8_ATTENTION_EVENT_COUNT mode=scna-hmx-fp16-d8-two-pass qo_len=32 phase=measure iteration=16 events=16 max_events=24896 overflow=0
FIG8_ATTENTION_HOST_TIMING mode=scna-hmx-fp16-d8-two-pass scna_function=exp2 scna_kernel=direct scna_pipeline=off scna_width=8 qo_len=32 kv_len=4096 n_heads=12 n_kv_heads=2 head_dim=128 phase=measure iteration=17 host_elapsed_us=67010 ret=0
FIG8_ATTENTION_PROFILE_COUNT mode=scna-hmx-fp16-d8-two-pass qo_len=32 phase=measure iteration=17 records=2 max_records=10
FIG8_ATTENTION_TIMERS mode=scna-hmx-fp16-d8-two-pass scna_function=0 scna_kernel=0 scna_pipeline=0 scna_engine=3 profile_version=1 phase=measure iteration=17 lut_exp=0 nonlinear_mode=1 scna_width=8 scna_exp=32821 scna_pack=236 scna_hmx_affine_relu=2872 scna_reduction=2352 scna_unpack=26049 qo_len=32 kv_len=4096 n_heads=12 n_kv_heads=2 head_dim=128 kv_head=0 worker=0 profiled_total=33342 q_load=8 k_load=141 v_load=137 qk_dot=12 safe_sm=33012 core_acc=19 o_scale=2 o_store=11 kv_dma_issue=0 kv_dma_wait=0 kv_transform=0
FIG8_ATTENTION_TIMERS mode=scna-hmx-fp16-d8-two-pass scna_function=0 scna_kernel=0 scna_pipeline=0 scna_engine=3 profile_version=1 phase=measure iteration=17 lut_exp=0 nonlinear_mode=1 scna_width=8 scna_exp=32820 scna_pack=235 scna_hmx_affine_relu=2880 scna_reduction=2348 scna_unpack=26041 qo_len=32 kv_len=4096 n_heads=12 n_kv_heads=2 head_dim=128 kv_head=1 worker=0 profiled_total=33343 q_load=8 k_load=163 v_load=136 qk_dot=12 safe_sm=32993 core_acc=18 o_scale=2 o_store=11 kv_dma_issue=0 kv_dma_wait=0 kv_transform=0
FIG8_ATTENTION_EVENT_COUNT mode=scna-hmx-fp16-d8-two-pass qo_len=32 phase=measure iteration=17 events=16 max_events=24896 overflow=0
FIG8_ATTENTION_HOST_TIMING mode=scna-hmx-fp16-d8-two-pass scna_function=exp2 scna_kernel=direct scna_pipeline=off scna_width=8 qo_len=32 kv_len=4096 n_heads=12 n_kv_heads=2 head_dim=128 phase=measure iteration=18 host_elapsed_us=67011 ret=0
FIG8_ATTENTION_PROFILE_COUNT mode=scna-hmx-fp16-d8-two-pass qo_len=32 phase=measure iteration=18 records=2 max_records=10
FIG8_ATTENTION_TIMERS mode=scna-hmx-fp16-d8-two-pass scna_function=0 scna_kernel=0 scna_pipeline=0 scna_engine=3 profile_version=1 phase=measure iteration=18 lut_exp=0 nonlinear_mode=1 scna_width=8 scna_exp=32821 scna_pack=235 scna_hmx_affine_relu=2880 scna_reduction=2345 scna_unpack=26042 qo_len=32 kv_len=4096 n_heads=12 n_kv_heads=2 head_dim=128 kv_head=0 worker=0 profiled_total=33352 q_load=8 k_load=150 v_load=137 qk_dot=12 safe_sm=33013 core_acc=19 o_scale=2 o_store=11 kv_dma_issue=0 kv_dma_wait=0 kv_transform=0
FIG8_ATTENTION_TIMERS mode=scna-hmx-fp16-d8-two-pass scna_function=0 scna_kernel=0 scna_pipeline=0 scna_engine=3 profile_version=1 phase=measure iteration=18 lut_exp=0 nonlinear_mode=1 scna_width=8 scna_exp=32821 scna_pack=242 scna_hmx_affine_relu=2869 scna_reduction=2349 scna_unpack=26052 qo_len=32 kv_len=4096 n_heads=12 n_kv_heads=2 head_dim=128 kv_head=1 worker=0 profiled_total=33344 q_load=8 k_load=163 v_load=137 qk_dot=12 safe_sm=32992 core_acc=19 o_scale=2 o_store=11 kv_dma_issue=0 kv_dma_wait=0 kv_transform=0
FIG8_ATTENTION_EVENT_COUNT mode=scna-hmx-fp16-d8-two-pass qo_len=32 phase=measure iteration=18 events=16 max_events=24896 overflow=0
FIG8_ATTENTION_HOST_TIMING mode=scna-hmx-fp16-d8-two-pass scna_function=exp2 scna_kernel=direct scna_pipeline=off scna_width=8 qo_len=32 kv_len=4096 n_heads=12 n_kv_heads=2 head_dim=128 phase=measure iteration=19 host_elapsed_us=67048 ret=0
FIG8_ATTENTION_PROFILE_COUNT mode=scna-hmx-fp16-d8-two-pass qo_len=32 phase=measure iteration=19 records=2 max_records=10
FIG8_ATTENTION_TIMERS mode=scna-hmx-fp16-d8-two-pass scna_function=0 scna_kernel=0 scna_pipeline=0 scna_engine=3 profile_version=1 phase=measure iteration=19 lut_exp=0 nonlinear_mode=1 scna_width=8 scna_exp=32820 scna_pack=240 scna_hmx_affine_relu=2874 scna_reduction=2336 scna_unpack=26036 qo_len=32 kv_len=4096 n_heads=12 n_kv_heads=2 head_dim=128 kv_head=0 worker=0 profiled_total=33340 q_load=8 k_load=143 v_load=132 qk_dot=12 safe_sm=33013 core_acc=19 o_scale=2 o_store=11 kv_dma_issue=0 kv_dma_wait=0 kv_transform=0
FIG8_ATTENTION_TIMERS mode=scna-hmx-fp16-d8-two-pass scna_function=0 scna_kernel=0 scna_pipeline=0 scna_engine=3 profile_version=1 phase=measure iteration=19 lut_exp=0 nonlinear_mode=1 scna_width=8 scna_exp=32821 scna_pack=235 scna_hmx_affine_relu=2880 scna_reduction=2347 scna_unpack=26039 qo_len=32 kv_len=4096 n_heads=12 n_kv_heads=2 head_dim=128 kv_head=1 worker=0 profiled_total=33339 q_load=8 k_load=162 v_load=134 qk_dot=12 safe_sm=32992 core_acc=18 o_scale=2 o_store=11 kv_dma_issue=0 kv_dma_wait=0 kv_transform=0
FIG8_ATTENTION_EVENT_COUNT mode=scna-hmx-fp16-d8-two-pass qo_len=32 phase=measure iteration=19 events=16 max_events=24896 overflow=0
