alloc_shared_mem_buf: buf=0x7baa1e1000 fd=15 size=24576 flags=FASTRPC_MAP_FD
alloc_shared_mem_buf: buf=0x790e800000 fd=16 size=2097152 flags=FASTRPC_MAP_FD
alloc_shared_mem_buf: buf=0x790e600000 fd=17 size=2097152 flags=FASTRPC_MAP_FD
alloc_shared_mem_buf: buf=0x7baa17f000 fd=18 size=24576 flags=FASTRPC_MAP_FD
alloc_shared_mem_buf: buf=0x7baa0c6000 fd=19 size=32768 flags=FASTRPC_MAP_FD
alloc_shared_mem_buf: buf=0x7ba7610000 fd=20 size=234624 flags=FASTRPC_MAP_FD
alloc_shared_mem_buf: buf=0x7baa41e000 fd=21 size=4096 flags=FASTRPC_MAP_FD
No-op channel request completed
FIG8_ATTENTION_CONFIG mode=scna-hmx-fp16-d8-hybrid scna_function=exp2 scna_kernel=direct scna_pipeline=off mask_mode=full qo_len=4 kv_len=4096 n_heads=12 n_kv_heads=2 head_dim=128 warmup=5 iters=20 scna_width=8 q_size=24576 kv_size=2097152 mask_size=32768 profile_size=234624 profile_max_records=10 profile_max_events=3224 mode_flags=4116 print_events=0
FIG8_ATTENTION_HOST_TIMING mode=scna-hmx-fp16-d8-hybrid scna_function=exp2 scna_kernel=direct scna_pipeline=off scna_width=8 qo_len=4 kv_len=4096 n_heads=12 n_kv_heads=2 head_dim=128 phase=warmup iteration=0 host_elapsed_us=54178 ret=0
FIG8_ATTENTION_PROFILE_COUNT mode=scna-hmx-fp16-d8-hybrid qo_len=4 phase=warmup iteration=0 records=2 max_records=10
FIG8_ATTENTION_TIMERS mode=scna-hmx-fp16-d8-hybrid scna_function=0 scna_kernel=0 scna_pipeline=0 scna_engine=2 profile_version=1 phase=warmup iteration=0 lut_exp=0 nonlinear_mode=1 scna_width=8 scna_exp=26455 scna_pack=30 scna_hmx_affine_relu=362 scna_reduction=16 scna_unpack=25876 qo_len=4 kv_len=4096 n_heads=12 n_kv_heads=2 head_dim=128 kv_head=0 worker=0 profiled_total=26884 q_load=2 k_load=210 v_load=170 qk_dot=2 safe_sm=26474 core_acc=19 o_scale=3 o_store=4 kv_dma_issue=0 kv_dma_wait=0 kv_transform=0
FIG8_ATTENTION_TIMERS mode=scna-hmx-fp16-d8-hybrid scna_function=0 scna_kernel=0 scna_pipeline=0 scna_engine=2 profile_version=1 phase=warmup iteration=0 lut_exp=0 nonlinear_mode=1 scna_width=8 scna_exp=26455 scna_pack=28 scna_hmx_affine_relu=365 scna_reduction=15 scna_unpack=25875 qo_len=4 kv_len=4096 n_heads=12 n_kv_heads=2 head_dim=128 kv_head=1 worker=0 profiled_total=26892 q_load=1 k_load=234 v_load=167 qk_dot=3 safe_sm=26466 core_acc=19 o_scale=1 o_store=1 kv_dma_issue=0 kv_dma_wait=0 kv_transform=0
FIG8_ATTENTION_EVENT_COUNT mode=scna-hmx-fp16-d8-hybrid qo_len=4 phase=warmup iteration=0 events=16 max_events=3224 overflow=0
FIG8_ATTENTION_HOST_TIMING mode=scna-hmx-fp16-d8-hybrid scna_function=exp2 scna_kernel=direct scna_pipeline=off scna_width=8 qo_len=4 kv_len=4096 n_heads=12 n_kv_heads=2 head_dim=128 phase=warmup iteration=1 host_elapsed_us=54068 ret=0
FIG8_ATTENTION_PROFILE_COUNT mode=scna-hmx-fp16-d8-hybrid qo_len=4 phase=warmup iteration=1 records=2 max_records=10
FIG8_ATTENTION_TIMERS mode=scna-hmx-fp16-d8-hybrid scna_function=0 scna_kernel=0 scna_pipeline=0 scna_engine=2 profile_version=1 phase=warmup iteration=1 lut_exp=0 nonlinear_mode=1 scna_width=8 scna_exp=26455 scna_pack=27 scna_hmx_affine_relu=367 scna_reduction=15 scna_unpack=25877 qo_len=4 kv_len=4096 n_heads=12 n_kv_heads=2 head_dim=128 kv_head=0 worker=0 profiled_total=26835 q_load=1 k_load=180 v_load=163 qk_dot=2 safe_sm=26468 core_acc=19 o_scale=1 o_store=1 kv_dma_issue=0 kv_dma_wait=0 kv_transform=0
FIG8_ATTENTION_TIMERS mode=scna-hmx-fp16-d8-hybrid scna_function=0 scna_kernel=0 scna_pipeline=0 scna_engine=2 profile_version=1 phase=warmup iteration=1 lut_exp=0 nonlinear_mode=1 scna_width=8 scna_exp=26455 scna_pack=29 scna_hmx_affine_relu=368 scna_reduction=15 scna_unpack=25876 qo_len=4 kv_len=4096 n_heads=12 n_kv_heads=2 head_dim=128 kv_head=1 worker=0 profiled_total=26856 q_load=1 k_load=201 v_load=164 qk_dot=2 safe_sm=26467 core_acc=19 o_scale=1 o_store=1 kv_dma_issue=0 kv_dma_wait=0 kv_transform=0
FIG8_ATTENTION_EVENT_COUNT mode=scna-hmx-fp16-d8-hybrid qo_len=4 phase=warmup iteration=1 events=16 max_events=3224 overflow=0
FIG8_ATTENTION_HOST_TIMING mode=scna-hmx-fp16-d8-hybrid scna_function=exp2 scna_kernel=direct scna_pipeline=off scna_width=8 qo_len=4 kv_len=4096 n_heads=12 n_kv_heads=2 head_dim=128 phase=warmup iteration=2 host_elapsed_us=54073 ret=0
FIG8_ATTENTION_PROFILE_COUNT mode=scna-hmx-fp16-d8-hybrid qo_len=4 phase=warmup iteration=2 records=2 max_records=10
FIG8_ATTENTION_TIMERS mode=scna-hmx-fp16-d8-hybrid scna_function=0 scna_kernel=0 scna_pipeline=0 scna_engine=2 profile_version=1 phase=warmup iteration=2 lut_exp=0 nonlinear_mode=1 scna_width=8 scna_exp=26455 scna_pack=29 scna_hmx_affine_relu=369 scna_reduction=16 scna_unpack=25878 qo_len=4 kv_len=4096 n_heads=12 n_kv_heads=2 head_dim=128 kv_head=0 worker=0 profiled_total=26840 q_load=1 k_load=185 v_load=163 qk_dot=2 safe_sm=26468 core_acc=19 o_scale=1 o_store=1 kv_dma_issue=0 kv_dma_wait=0 kv_transform=0
FIG8_ATTENTION_TIMERS mode=scna-hmx-fp16-d8-hybrid scna_function=0 scna_kernel=0 scna_pipeline=0 scna_engine=2 profile_version=1 phase=warmup iteration=2 lut_exp=0 nonlinear_mode=1 scna_width=8 scna_exp=26455 scna_pack=28 scna_hmx_affine_relu=368 scna_reduction=16 scna_unpack=25876 qo_len=4 kv_len=4096 n_heads=12 n_kv_heads=2 head_dim=128 kv_head=1 worker=0 profiled_total=26846 q_load=1 k_load=205 v_load=152 qk_dot=2 safe_sm=26466 core_acc=18 o_scale=1 o_store=1 kv_dma_issue=0 kv_dma_wait=0 kv_transform=0
FIG8_ATTENTION_EVENT_COUNT mode=scna-hmx-fp16-d8-hybrid qo_len=4 phase=warmup iteration=2 events=16 max_events=3224 overflow=0
FIG8_ATTENTION_HOST_TIMING mode=scna-hmx-fp16-d8-hybrid scna_function=exp2 scna_kernel=direct scna_pipeline=off scna_width=8 qo_len=4 kv_len=4096 n_heads=12 n_kv_heads=2 head_dim=128 phase=warmup iteration=3 host_elapsed_us=53938 ret=0
FIG8_ATTENTION_PROFILE_COUNT mode=scna-hmx-fp16-d8-hybrid qo_len=4 phase=warmup iteration=3 records=2 max_records=10
FIG8_ATTENTION_TIMERS mode=scna-hmx-fp16-d8-hybrid scna_function=0 scna_kernel=0 scna_pipeline=0 scna_engine=2 profile_version=1 phase=warmup iteration=3 lut_exp=0 nonlinear_mode=1 scna_width=8 scna_exp=26454 scna_pack=29 scna_hmx_affine_relu=368 scna_reduction=16 scna_unpack=25877 qo_len=4 kv_len=4096 n_heads=12 n_kv_heads=2 head_dim=128 kv_head=0 worker=0 profiled_total=26796 q_load=1 k_load=169 v_load=136 qk_dot=2 safe_sm=26467 core_acc=18 o_scale=1 o_store=2 kv_dma_issue=0 kv_dma_wait=0 kv_transform=0
FIG8_ATTENTION_TIMERS mode=scna-hmx-fp16-d8-hybrid scna_function=0 scna_kernel=0 scna_pipeline=0 scna_engine=2 profile_version=1 phase=warmup iteration=3 lut_exp=0 nonlinear_mode=1 scna_width=8 scna_exp=26455 scna_pack=29 scna_hmx_affine_relu=370 scna_reduction=16 scna_unpack=25877 qo_len=4 kv_len=4096 n_heads=12 n_kv_heads=2 head_dim=128 kv_head=1 worker=0 profiled_total=26791 q_load=1 k_load=159 v_load=144 qk_dot=2 safe_sm=26465 core_acc=18 o_scale=1 o_store=1 kv_dma_issue=0 kv_dma_wait=0 kv_transform=0
FIG8_ATTENTION_EVENT_COUNT mode=scna-hmx-fp16-d8-hybrid qo_len=4 phase=warmup iteration=3 events=16 max_events=3224 overflow=0
FIG8_ATTENTION_HOST_TIMING mode=scna-hmx-fp16-d8-hybrid scna_function=exp2 scna_kernel=direct scna_pipeline=off scna_width=8 qo_len=4 kv_len=4096 n_heads=12 n_kv_heads=2 head_dim=128 phase=warmup iteration=4 host_elapsed_us=53908 ret=0
FIG8_ATTENTION_PROFILE_COUNT mode=scna-hmx-fp16-d8-hybrid qo_len=4 phase=warmup iteration=4 records=2 max_records=10
FIG8_ATTENTION_TIMERS mode=scna-hmx-fp16-d8-hybrid scna_function=0 scna_kernel=0 scna_pipeline=0 scna_engine=2 profile_version=1 phase=warmup iteration=4 lut_exp=0 nonlinear_mode=1 scna_width=8 scna_exp=26454 scna_pack=29 scna_hmx_affine_relu=368 scna_reduction=16 scna_unpack=25876 qo_len=4 kv_len=4096 n_heads=12 n_kv_heads=2 head_dim=128 kv_head=0 worker=0 profiled_total=26784 q_load=1 k_load=163 v_load=130 qk_dot=2 safe_sm=26467 core_acc=19 o_scale=1 o_store=1 kv_dma_issue=0 kv_dma_wait=0 kv_transform=0
FIG8_ATTENTION_TIMERS mode=scna-hmx-fp16-d8-hybrid scna_function=0 scna_kernel=0 scna_pipeline=0 scna_engine=2 profile_version=1 phase=warmup iteration=4 lut_exp=0 nonlinear_mode=1 scna_width=8 scna_exp=26455 scna_pack=30 scna_hmx_affine_relu=368 scna_reduction=16 scna_unpack=25877 qo_len=4 kv_len=4096 n_heads=12 n_kv_heads=2 head_dim=128 kv_head=1 worker=0 profiled_total=26783 q_load=1 k_load=156 v_load=138 qk_dot=2 safe_sm=26465 core_acc=18 o_scale=2 o_store=1 kv_dma_issue=0 kv_dma_wait=0 kv_transform=0
FIG8_ATTENTION_EVENT_COUNT mode=scna-hmx-fp16-d8-hybrid qo_len=4 phase=warmup iteration=4 events=16 max_events=3224 overflow=0
FIG8_ATTENTION_HOST_TIMING mode=scna-hmx-fp16-d8-hybrid scna_function=exp2 scna_kernel=direct scna_pipeline=off scna_width=8 qo_len=4 kv_len=4096 n_heads=12 n_kv_heads=2 head_dim=128 phase=measure iteration=0 host_elapsed_us=53840 ret=0
FIG8_ATTENTION_PROFILE_COUNT mode=scna-hmx-fp16-d8-hybrid qo_len=4 phase=measure iteration=0 records=2 max_records=10
FIG8_ATTENTION_TIMERS mode=scna-hmx-fp16-d8-hybrid scna_function=0 scna_kernel=0 scna_pipeline=0 scna_engine=2 profile_version=1 phase=measure iteration=0 lut_exp=0 nonlinear_mode=1 scna_width=8 scna_exp=26455 scna_pack=28 scna_hmx_affine_relu=367 scna_reduction=16 scna_unpack=25875 qo_len=4 kv_len=4096 n_heads=12 n_kv_heads=2 head_dim=128 kv_head=0 worker=0 profiled_total=26778 q_load=1 k_load=152 v_load=135 qk_dot=2 safe_sm=26467 core_acc=19 o_scale=1 o_store=1 kv_dma_issue=0 kv_dma_wait=0 kv_transform=0
FIG8_ATTENTION_TIMERS mode=scna-hmx-fp16-d8-hybrid scna_function=0 scna_kernel=0 scna_pipeline=0 scna_engine=2 profile_version=1 phase=measure iteration=0 lut_exp=0 nonlinear_mode=1 scna_width=8 scna_exp=26454 scna_pack=30 scna_hmx_affine_relu=369 scna_reduction=17 scna_unpack=25877 qo_len=4 kv_len=4096 n_heads=12 n_kv_heads=2 head_dim=128 kv_head=1 worker=0 profiled_total=26786 q_load=1 k_load=160 v_load=137 qk_dot=2 safe_sm=26465 core_acc=18 o_scale=2 o_store=1 kv_dma_issue=0 kv_dma_wait=0 kv_transform=0
FIG8_ATTENTION_EVENT_COUNT mode=scna-hmx-fp16-d8-hybrid qo_len=4 phase=measure iteration=0 events=16 max_events=3224 overflow=0
FIG8_ATTENTION_HOST_TIMING mode=scna-hmx-fp16-d8-hybrid scna_function=exp2 scna_kernel=direct scna_pipeline=off scna_width=8 qo_len=4 kv_len=4096 n_heads=12 n_kv_heads=2 head_dim=128 phase=measure iteration=1 host_elapsed_us=53877 ret=0
FIG8_ATTENTION_PROFILE_COUNT mode=scna-hmx-fp16-d8-hybrid qo_len=4 phase=measure iteration=1 records=2 max_records=10
FIG8_ATTENTION_TIMERS mode=scna-hmx-fp16-d8-hybrid scna_function=0 scna_kernel=0 scna_pipeline=0 scna_engine=2 profile_version=1 phase=measure iteration=1 lut_exp=0 nonlinear_mode=1 scna_width=8 scna_exp=26455 scna_pack=28 scna_hmx_affine_relu=367 scna_reduction=16 scna_unpack=25876 qo_len=4 kv_len=4096 n_heads=12 n_kv_heads=2 head_dim=128 kv_head=0 worker=0 profiled_total=26776 q_load=1 k_load=153 v_load=132 qk_dot=2 safe_sm=26467 core_acc=19 o_scale=1 o_store=1 kv_dma_issue=0 kv_dma_wait=0 kv_transform=0
FIG8_ATTENTION_TIMERS mode=scna-hmx-fp16-d8-hybrid scna_function=0 scna_kernel=0 scna_pipeline=0 scna_engine=2 profile_version=1 phase=measure iteration=1 lut_exp=0 nonlinear_mode=1 scna_width=8 scna_exp=26454 scna_pack=30 scna_hmx_affine_relu=369 scna_reduction=16 scna_unpack=25876 qo_len=4 kv_len=4096 n_heads=12 n_kv_heads=2 head_dim=128 kv_head=1 worker=0 profiled_total=26781 q_load=1 k_load=158 v_load=137 qk_dot=2 safe_sm=26463 core_acc=18 o_scale=1 o_store=1 kv_dma_issue=0 kv_dma_wait=0 kv_transform=0
FIG8_ATTENTION_EVENT_COUNT mode=scna-hmx-fp16-d8-hybrid qo_len=4 phase=measure iteration=1 events=16 max_events=3224 overflow=0
FIG8_ATTENTION_HOST_TIMING mode=scna-hmx-fp16-d8-hybrid scna_function=exp2 scna_kernel=direct scna_pipeline=off scna_width=8 qo_len=4 kv_len=4096 n_heads=12 n_kv_heads=2 head_dim=128 phase=measure iteration=2 host_elapsed_us=53842 ret=0
FIG8_ATTENTION_PROFILE_COUNT mode=scna-hmx-fp16-d8-hybrid qo_len=4 phase=measure iteration=2 records=2 max_records=10
FIG8_ATTENTION_TIMERS mode=scna-hmx-fp16-d8-hybrid scna_function=0 scna_kernel=0 scna_pipeline=0 scna_engine=2 profile_version=1 phase=measure iteration=2 lut_exp=0 nonlinear_mode=1 scna_width=8 scna_exp=26454 scna_pack=27 scna_hmx_affine_relu=368 scna_reduction=16 scna_unpack=25876 qo_len=4 kv_len=4096 n_heads=12 n_kv_heads=2 head_dim=128 kv_head=0 worker=0 profiled_total=26772 q_load=1 k_load=151 v_load=132 qk_dot=2 safe_sm=26465 core_acc=19 o_scale=1 o_store=1 kv_dma_issue=0 kv_dma_wait=0 kv_transform=0
FIG8_ATTENTION_TIMERS mode=scna-hmx-fp16-d8-hybrid scna_function=0 scna_kernel=0 scna_pipeline=0 scna_engine=2 profile_version=1 phase=measure iteration=2 lut_exp=0 nonlinear_mode=1 scna_width=8 scna_exp=26455 scna_pack=30 scna_hmx_affine_relu=370 scna_reduction=17 scna_unpack=25878 qo_len=4 kv_len=4096 n_heads=12 n_kv_heads=2 head_dim=128 kv_head=1 worker=0 profiled_total=26780 q_load=1 k_load=157 v_load=136 qk_dot=2 safe_sm=26464 core_acc=18 o_scale=1 o_store=1 kv_dma_issue=0 kv_dma_wait=0 kv_transform=0
FIG8_ATTENTION_EVENT_COUNT mode=scna-hmx-fp16-d8-hybrid qo_len=4 phase=measure iteration=2 events=16 max_events=3224 overflow=0
FIG8_ATTENTION_HOST_TIMING mode=scna-hmx-fp16-d8-hybrid scna_function=exp2 scna_kernel=direct scna_pipeline=off scna_width=8 qo_len=4 kv_len=4096 n_heads=12 n_kv_heads=2 head_dim=128 phase=measure iteration=3 host_elapsed_us=53945 ret=0
FIG8_ATTENTION_PROFILE_COUNT mode=scna-hmx-fp16-d8-hybrid qo_len=4 phase=measure iteration=3 records=2 max_records=10
FIG8_ATTENTION_TIMERS mode=scna-hmx-fp16-d8-hybrid scna_function=0 scna_kernel=0 scna_pipeline=0 scna_engine=2 profile_version=1 phase=measure iteration=3 lut_exp=0 nonlinear_mode=1 scna_width=8 scna_exp=26455 scna_pack=30 scna_hmx_affine_relu=369 scna_reduction=16 scna_unpack=25876 qo_len=4 kv_len=4096 n_heads=12 n_kv_heads=2 head_dim=128 kv_head=0 worker=0 profiled_total=26774 q_load=1 k_load=153 v_load=131 qk_dot=2 safe_sm=26466 core_acc=19 o_scale=1 o_store=1 kv_dma_issue=0 kv_dma_wait=0 kv_transform=0
FIG8_ATTENTION_TIMERS mode=scna-hmx-fp16-d8-hybrid scna_function=0 scna_kernel=0 scna_pipeline=0 scna_engine=2 profile_version=1 phase=measure iteration=3 lut_exp=0 nonlinear_mode=1 scna_width=8 scna_exp=26456 scna_pack=29 scna_hmx_affine_relu=368 scna_reduction=16 scna_unpack=25877 qo_len=4 kv_len=4096 n_heads=12 n_kv_heads=2 head_dim=128 kv_head=1 worker=0 profiled_total=26782 q_load=1 k_load=159 v_load=134 qk_dot=2 safe_sm=26466 core_acc=18 o_scale=1 o_store=1 kv_dma_issue=0 kv_dma_wait=0 kv_transform=0
FIG8_ATTENTION_EVENT_COUNT mode=scna-hmx-fp16-d8-hybrid qo_len=4 phase=measure iteration=3 events=16 max_events=3224 overflow=0
FIG8_ATTENTION_HOST_TIMING mode=scna-hmx-fp16-d8-hybrid scna_function=exp2 scna_kernel=direct scna_pipeline=off scna_width=8 qo_len=4 kv_len=4096 n_heads=12 n_kv_heads=2 head_dim=128 phase=measure iteration=4 host_elapsed_us=53936 ret=0
FIG8_ATTENTION_PROFILE_COUNT mode=scna-hmx-fp16-d8-hybrid qo_len=4 phase=measure iteration=4 records=2 max_records=10
FIG8_ATTENTION_TIMERS mode=scna-hmx-fp16-d8-hybrid scna_function=0 scna_kernel=0 scna_pipeline=0 scna_engine=2 profile_version=1 phase=measure iteration=4 lut_exp=0 nonlinear_mode=1 scna_width=8 scna_exp=26454 scna_pack=29 scna_hmx_affine_relu=368 scna_reduction=15 scna_unpack=25876 qo_len=4 kv_len=4096 n_heads=12 n_kv_heads=2 head_dim=128 kv_head=0 worker=0 profiled_total=26783 q_load=1 k_load=152 v_load=144 qk_dot=2 safe_sm=26463 core_acc=19 o_scale=1 o_store=1 kv_dma_issue=0 kv_dma_wait=0 kv_transform=0
FIG8_ATTENTION_TIMERS mode=scna-hmx-fp16-d8-hybrid scna_function=0 scna_kernel=0 scna_pipeline=0 scna_engine=2 profile_version=1 phase=measure iteration=4 lut_exp=0 nonlinear_mode=1 scna_width=8 scna_exp=26455 scna_pack=28 scna_hmx_affine_relu=368 scna_reduction=16 scna_unpack=25876 qo_len=4 kv_len=4096 n_heads=12 n_kv_heads=2 head_dim=128 kv_head=1 worker=0 profiled_total=26781 q_load=1 k_load=152 v_load=143 qk_dot=2 safe_sm=26463 core_acc=18 o_scale=1 o_store=1 kv_dma_issue=0 kv_dma_wait=0 kv_transform=0
FIG8_ATTENTION_EVENT_COUNT mode=scna-hmx-fp16-d8-hybrid qo_len=4 phase=measure iteration=4 events=16 max_events=3224 overflow=0
FIG8_ATTENTION_HOST_TIMING mode=scna-hmx-fp16-d8-hybrid scna_function=exp2 scna_kernel=direct scna_pipeline=off scna_width=8 qo_len=4 kv_len=4096 n_heads=12 n_kv_heads=2 head_dim=128 phase=measure iteration=5 host_elapsed_us=53861 ret=0
FIG8_ATTENTION_PROFILE_COUNT mode=scna-hmx-fp16-d8-hybrid qo_len=4 phase=measure iteration=5 records=2 max_records=10
FIG8_ATTENTION_TIMERS mode=scna-hmx-fp16-d8-hybrid scna_function=0 scna_kernel=0 scna_pipeline=0 scna_engine=2 profile_version=1 phase=measure iteration=5 lut_exp=0 nonlinear_mode=1 scna_width=8 scna_exp=26456 scna_pack=30 scna_hmx_affine_relu=368 scna_reduction=16 scna_unpack=25877 qo_len=4 kv_len=4096 n_heads=12 n_kv_heads=2 head_dim=128 kv_head=0 worker=0 profiled_total=26761 q_load=1 k_load=146 v_load=125 qk_dot=2 safe_sm=26466 core_acc=19 o_scale=1 o_store=1 kv_dma_issue=0 kv_dma_wait=0 kv_transform=0
FIG8_ATTENTION_TIMERS mode=scna-hmx-fp16-d8-hybrid scna_function=0 scna_kernel=0 scna_pipeline=0 scna_engine=2 profile_version=1 phase=measure iteration=5 lut_exp=0 nonlinear_mode=1 scna_width=8 scna_exp=26455 scna_pack=28 scna_hmx_affine_relu=368 scna_reduction=15 scna_unpack=25876 qo_len=4 kv_len=4096 n_heads=12 n_kv_heads=2 head_dim=128 kv_head=1 worker=0 profiled_total=26755 q_load=1 k_load=144 v_load=124 qk_dot=2 safe_sm=26464 core_acc=18 o_scale=1 o_store=1 kv_dma_issue=0 kv_dma_wait=0 kv_transform=0
FIG8_ATTENTION_EVENT_COUNT mode=scna-hmx-fp16-d8-hybrid qo_len=4 phase=measure iteration=5 events=16 max_events=3224 overflow=0
FIG8_ATTENTION_HOST_TIMING mode=scna-hmx-fp16-d8-hybrid scna_function=exp2 scna_kernel=direct scna_pipeline=off scna_width=8 qo_len=4 kv_len=4096 n_heads=12 n_kv_heads=2 head_dim=128 phase=measure iteration=6 host_elapsed_us=53875 ret=0
FIG8_ATTENTION_PROFILE_COUNT mode=scna-hmx-fp16-d8-hybrid qo_len=4 phase=measure iteration=6 records=2 max_records=10
FIG8_ATTENTION_TIMERS mode=scna-hmx-fp16-d8-hybrid scna_function=0 scna_kernel=0 scna_pipeline=0 scna_engine=2 profile_version=1 phase=measure iteration=6 lut_exp=0 nonlinear_mode=1 scna_width=8 scna_exp=26455 scna_pack=29 scna_hmx_affine_relu=368 scna_reduction=16 scna_unpack=25877 qo_len=4 kv_len=4096 n_heads=12 n_kv_heads=2 head_dim=128 kv_head=0 worker=0 profiled_total=26772 q_load=1 k_load=157 v_load=124 qk_dot=2 safe_sm=26466 core_acc=19 o_scale=1 o_store=2 kv_dma_issue=0 kv_dma_wait=0 kv_transform=0
FIG8_ATTENTION_TIMERS mode=scna-hmx-fp16-d8-hybrid scna_function=0 scna_kernel=0 scna_pipeline=0 scna_engine=2 profile_version=1 phase=measure iteration=6 lut_exp=0 nonlinear_mode=1 scna_width=8 scna_exp=26455 scna_pack=30 scna_hmx_affine_relu=368 scna_reduction=15 scna_unpack=25877 qo_len=4 kv_len=4096 n_heads=12 n_kv_heads=2 head_dim=128 kv_head=1 worker=0 profiled_total=26757 q_load=1 k_load=147 v_load=121 qk_dot=2 safe_sm=26465 core_acc=18 o_scale=2 o_store=1 kv_dma_issue=0 kv_dma_wait=0 kv_transform=0
FIG8_ATTENTION_EVENT_COUNT mode=scna-hmx-fp16-d8-hybrid qo_len=4 phase=measure iteration=6 events=16 max_events=3224 overflow=0
FIG8_ATTENTION_HOST_TIMING mode=scna-hmx-fp16-d8-hybrid scna_function=exp2 scna_kernel=direct scna_pipeline=off scna_width=8 qo_len=4 kv_len=4096 n_heads=12 n_kv_heads=2 head_dim=128 phase=measure iteration=7 host_elapsed_us=53785 ret=0
FIG8_ATTENTION_PROFILE_COUNT mode=scna-hmx-fp16-d8-hybrid qo_len=4 phase=measure iteration=7 records=2 max_records=10
FIG8_ATTENTION_TIMERS mode=scna-hmx-fp16-d8-hybrid scna_function=0 scna_kernel=0 scna_pipeline=0 scna_engine=2 profile_version=1 phase=measure iteration=7 lut_exp=0 nonlinear_mode=1 scna_width=8 scna_exp=26456 scna_pack=30 scna_hmx_affine_relu=369 scna_reduction=17 scna_unpack=25877 qo_len=4 kv_len=4096 n_heads=12 n_kv_heads=2 head_dim=128 kv_head=0 worker=0 profiled_total=26760 q_load=1 k_load=146 v_load=122 qk_dot=2 safe_sm=26467 core_acc=19 o_scale=2 o_store=1 kv_dma_issue=0 kv_dma_wait=0 kv_transform=0
FIG8_ATTENTION_TIMERS mode=scna-hmx-fp16-d8-hybrid scna_function=0 scna_kernel=0 scna_pipeline=0 scna_engine=2 profile_version=1 phase=measure iteration=7 lut_exp=0 nonlinear_mode=1 scna_width=8 scna_exp=26454 scna_pack=28 scna_hmx_affine_relu=368 scna_reduction=16 scna_unpack=25875 qo_len=4 kv_len=4096 n_heads=12 n_kv_heads=2 head_dim=128 kv_head=1 worker=0 profiled_total=26753 q_load=1 k_load=146 v_load=122 qk_dot=2 safe_sm=26462 core_acc=18 o_scale=1 o_store=1 kv_dma_issue=0 kv_dma_wait=0 kv_transform=0
FIG8_ATTENTION_EVENT_COUNT mode=scna-hmx-fp16-d8-hybrid qo_len=4 phase=measure iteration=7 events=16 max_events=3224 overflow=0
FIG8_ATTENTION_HOST_TIMING mode=scna-hmx-fp16-d8-hybrid scna_function=exp2 scna_kernel=direct scna_pipeline=off scna_width=8 qo_len=4 kv_len=4096 n_heads=12 n_kv_heads=2 head_dim=128 phase=measure iteration=8 host_elapsed_us=53856 ret=0
FIG8_ATTENTION_PROFILE_COUNT mode=scna-hmx-fp16-d8-hybrid qo_len=4 phase=measure iteration=8 records=2 max_records=10
FIG8_ATTENTION_TIMERS mode=scna-hmx-fp16-d8-hybrid scna_function=0 scna_kernel=0 scna_pipeline=0 scna_engine=2 profile_version=1 phase=measure iteration=8 lut_exp=0 nonlinear_mode=1 scna_width=8 scna_exp=26456 scna_pack=28 scna_hmx_affine_relu=368 scna_reduction=16 scna_unpack=25876 qo_len=4 kv_len=4096 n_heads=12 n_kv_heads=2 head_dim=128 kv_head=0 worker=0 profiled_total=26760 q_load=1 k_load=148 v_load=122 qk_dot=2 safe_sm=26466 core_acc=19 o_scale=1 o_store=1 kv_dma_issue=0 kv_dma_wait=0 kv_transform=0
FIG8_ATTENTION_TIMERS mode=scna-hmx-fp16-d8-hybrid scna_function=0 scna_kernel=0 scna_pipeline=0 scna_engine=2 profile_version=1 phase=measure iteration=8 lut_exp=0 nonlinear_mode=1 scna_width=8 scna_exp=26455 scna_pack=29 scna_hmx_affine_relu=368 scna_reduction=16 scna_unpack=25877 qo_len=4 kv_len=4096 n_heads=12 n_kv_heads=2 head_dim=128 kv_head=1 worker=0 profiled_total=26754 q_load=1 k_load=146 v_load=121 qk_dot=2 safe_sm=26464 core_acc=18 o_scale=1 o_store=1 kv_dma_issue=0 kv_dma_wait=0 kv_transform=0
FIG8_ATTENTION_EVENT_COUNT mode=scna-hmx-fp16-d8-hybrid qo_len=4 phase=measure iteration=8 events=16 max_events=3224 overflow=0
FIG8_ATTENTION_HOST_TIMING mode=scna-hmx-fp16-d8-hybrid scna_function=exp2 scna_kernel=direct scna_pipeline=off scna_width=8 qo_len=4 kv_len=4096 n_heads=12 n_kv_heads=2 head_dim=128 phase=measure iteration=9 host_elapsed_us=53815 ret=0
FIG8_ATTENTION_PROFILE_COUNT mode=scna-hmx-fp16-d8-hybrid qo_len=4 phase=measure iteration=9 records=2 max_records=10
FIG8_ATTENTION_TIMERS mode=scna-hmx-fp16-d8-hybrid scna_function=0 scna_kernel=0 scna_pipeline=0 scna_engine=2 profile_version=1 phase=measure iteration=9 lut_exp=0 nonlinear_mode=1 scna_width=8 scna_exp=26456 scna_pack=29 scna_hmx_affine_relu=368 scna_reduction=16 scna_unpack=25877 qo_len=4 kv_len=4096 n_heads=12 n_kv_heads=2 head_dim=128 kv_head=0 worker=0 profiled_total=26757 q_load=1 k_load=145 v_load=122 qk_dot=2 safe_sm=26466 core_acc=19 o_scale=1 o_store=1 kv_dma_issue=0 kv_dma_wait=0 kv_transform=0
FIG8_ATTENTION_TIMERS mode=scna-hmx-fp16-d8-hybrid scna_function=0 scna_kernel=0 scna_pipeline=0 scna_engine=2 profile_version=1 phase=measure iteration=9 lut_exp=0 nonlinear_mode=1 scna_width=8 scna_exp=26455 scna_pack=28 scna_hmx_affine_relu=368 scna_reduction=16 scna_unpack=25876 qo_len=4 kv_len=4096 n_heads=12 n_kv_heads=2 head_dim=128 kv_head=1 worker=0 profiled_total=26760 q_load=1 k_load=149 v_load=124 qk_dot=2 safe_sm=26463 core_acc=18 o_scale=2 o_store=1 kv_dma_issue=0 kv_dma_wait=0 kv_transform=0
FIG8_ATTENTION_EVENT_COUNT mode=scna-hmx-fp16-d8-hybrid qo_len=4 phase=measure iteration=9 events=16 max_events=3224 overflow=0
FIG8_ATTENTION_HOST_TIMING mode=scna-hmx-fp16-d8-hybrid scna_function=exp2 scna_kernel=direct scna_pipeline=off scna_width=8 qo_len=4 kv_len=4096 n_heads=12 n_kv_heads=2 head_dim=128 phase=measure iteration=10 host_elapsed_us=53902 ret=0
FIG8_ATTENTION_PROFILE_COUNT mode=scna-hmx-fp16-d8-hybrid qo_len=4 phase=measure iteration=10 records=2 max_records=10
FIG8_ATTENTION_TIMERS mode=scna-hmx-fp16-d8-hybrid scna_function=0 scna_kernel=0 scna_pipeline=0 scna_engine=2 profile_version=1 phase=measure iteration=10 lut_exp=0 nonlinear_mode=1 scna_width=8 scna_exp=26455 scna_pack=29 scna_hmx_affine_relu=369 scna_reduction=17 scna_unpack=25876 qo_len=4 kv_len=4096 n_heads=12 n_kv_heads=2 head_dim=128 kv_head=0 worker=0 profiled_total=26759 q_load=1 k_load=148 v_load=122 qk_dot=2 safe_sm=26465 core_acc=19 o_scale=1 o_store=1 kv_dma_issue=0 kv_dma_wait=0 kv_transform=0
FIG8_ATTENTION_TIMERS mode=scna-hmx-fp16-d8-hybrid scna_function=0 scna_kernel=0 scna_pipeline=0 scna_engine=2 profile_version=1 phase=measure iteration=10 lut_exp=0 nonlinear_mode=1 scna_width=8 scna_exp=26455 scna_pack=28 scna_hmx_affine_relu=368 scna_reduction=15 scna_unpack=25876 qo_len=4 kv_len=4096 n_heads=12 n_kv_heads=2 head_dim=128 kv_head=1 worker=0 profiled_total=26758 q_load=1 k_load=147 v_load=123 qk_dot=2 safe_sm=26465 core_acc=18 o_scale=1 o_store=1 kv_dma_issue=0 kv_dma_wait=0 kv_transform=0
FIG8_ATTENTION_EVENT_COUNT mode=scna-hmx-fp16-d8-hybrid qo_len=4 phase=measure iteration=10 events=16 max_events=3224 overflow=0
FIG8_ATTENTION_HOST_TIMING mode=scna-hmx-fp16-d8-hybrid scna_function=exp2 scna_kernel=direct scna_pipeline=off scna_width=8 qo_len=4 kv_len=4096 n_heads=12 n_kv_heads=2 head_dim=128 phase=measure iteration=11 host_elapsed_us=53782 ret=0
FIG8_ATTENTION_PROFILE_COUNT mode=scna-hmx-fp16-d8-hybrid qo_len=4 phase=measure iteration=11 records=2 max_records=10
FIG8_ATTENTION_TIMERS mode=scna-hmx-fp16-d8-hybrid scna_function=0 scna_kernel=0 scna_pipeline=0 scna_engine=2 profile_version=1 phase=measure iteration=11 lut_exp=0 nonlinear_mode=1 scna_width=8 scna_exp=26456 scna_pack=29 scna_hmx_affine_relu=368 scna_reduction=16 scna_unpack=25876 qo_len=4 kv_len=4096 n_heads=12 n_kv_heads=2 head_dim=128 kv_head=0 worker=0 profiled_total=26760 q_load=1 k_load=146 v_load=123 qk_dot=2 safe_sm=26467 core_acc=19 o_scale=1 o_store=1 kv_dma_issue=0 kv_dma_wait=0 kv_transform=0
FIG8_ATTENTION_TIMERS mode=scna-hmx-fp16-d8-hybrid scna_function=0 scna_kernel=0 scna_pipeline=0 scna_engine=2 profile_version=1 phase=measure iteration=11 lut_exp=0 nonlinear_mode=1 scna_width=8 scna_exp=26453 scna_pack=28 scna_hmx_affine_relu=366 scna_reduction=16 scna_unpack=25877 qo_len=4 kv_len=4096 n_heads=12 n_kv_heads=2 head_dim=128 kv_head=1 worker=0 profiled_total=26755 q_load=1 k_load=147 v_load=123 qk_dot=2 safe_sm=26462 core_acc=18 o_scale=1 o_store=1 kv_dma_issue=0 kv_dma_wait=0 kv_transform=0
FIG8_ATTENTION_EVENT_COUNT mode=scna-hmx-fp16-d8-hybrid qo_len=4 phase=measure iteration=11 events=16 max_events=3224 overflow=0
FIG8_ATTENTION_HOST_TIMING mode=scna-hmx-fp16-d8-hybrid scna_function=exp2 scna_kernel=direct scna_pipeline=off scna_width=8 qo_len=4 kv_len=4096 n_heads=12 n_kv_heads=2 head_dim=128 phase=measure iteration=12 host_elapsed_us=53918 ret=0
FIG8_ATTENTION_PROFILE_COUNT mode=scna-hmx-fp16-d8-hybrid qo_len=4 phase=measure iteration=12 records=2 max_records=10
FIG8_ATTENTION_TIMERS mode=scna-hmx-fp16-d8-hybrid scna_function=0 scna_kernel=0 scna_pipeline=0 scna_engine=2 profile_version=1 phase=measure iteration=12 lut_exp=0 nonlinear_mode=1 scna_width=8 scna_exp=26456 scna_pack=28 scna_hmx_affine_relu=368 scna_reduction=16 scna_unpack=25876 qo_len=4 kv_len=4096 n_heads=12 n_kv_heads=2 head_dim=128 kv_head=0 worker=0 profiled_total=26759 q_load=1 k_load=149 v_load=122 qk_dot=2 safe_sm=26465 core_acc=18 o_scale=1 o_store=1 kv_dma_issue=0 kv_dma_wait=0 kv_transform=0
FIG8_ATTENTION_TIMERS mode=scna-hmx-fp16-d8-hybrid scna_function=0 scna_kernel=0 scna_pipeline=0 scna_engine=2 profile_version=1 phase=measure iteration=12 lut_exp=0 nonlinear_mode=1 scna_width=8 scna_exp=26455 scna_pack=29 scna_hmx_affine_relu=368 scna_reduction=16 scna_unpack=25877 qo_len=4 kv_len=4096 n_heads=12 n_kv_heads=2 head_dim=128 kv_head=1 worker=0 profiled_total=26774 q_load=1 k_load=146 v_load=139 qk_dot=2 safe_sm=26465 core_acc=18 o_scale=2 o_store=1 kv_dma_issue=0 kv_dma_wait=0 kv_transform=0
FIG8_ATTENTION_EVENT_COUNT mode=scna-hmx-fp16-d8-hybrid qo_len=4 phase=measure iteration=12 events=16 max_events=3224 overflow=0
FIG8_ATTENTION_HOST_TIMING mode=scna-hmx-fp16-d8-hybrid scna_function=exp2 scna_kernel=direct scna_pipeline=off scna_width=8 qo_len=4 kv_len=4096 n_heads=12 n_kv_heads=2 head_dim=128 phase=measure iteration=13 host_elapsed_us=53842 ret=0
FIG8_ATTENTION_PROFILE_COUNT mode=scna-hmx-fp16-d8-hybrid qo_len=4 phase=measure iteration=13 records=2 max_records=10
FIG8_ATTENTION_TIMERS mode=scna-hmx-fp16-d8-hybrid scna_function=0 scna_kernel=0 scna_pipeline=0 scna_engine=2 profile_version=1 phase=measure iteration=13 lut_exp=0 nonlinear_mode=1 scna_width=8 scna_exp=26455 scna_pack=30 scna_hmx_affine_relu=369 scna_reduction=17 scna_unpack=25877 qo_len=4 kv_len=4096 n_heads=12 n_kv_heads=2 head_dim=128 kv_head=0 worker=0 profiled_total=26763 q_load=1 k_load=148 v_load=124 qk_dot=2 safe_sm=26467 core_acc=19 o_scale=1 o_store=1 kv_dma_issue=0 kv_dma_wait=0 kv_transform=0
FIG8_ATTENTION_TIMERS mode=scna-hmx-fp16-d8-hybrid scna_function=0 scna_kernel=0 scna_pipeline=0 scna_engine=2 profile_version=1 phase=measure iteration=13 lut_exp=0 nonlinear_mode=1 scna_width=8 scna_exp=26455 scna_pack=29 scna_hmx_affine_relu=368 scna_reduction=16 scna_unpack=25877 qo_len=4 kv_len=4096 n_heads=12 n_kv_heads=2 head_dim=128 kv_head=1 worker=0 profiled_total=26772 q_load=1 k_load=152 v_load=132 qk_dot=2 safe_sm=26464 core_acc=19 o_scale=1 o_store=1 kv_dma_issue=0 kv_dma_wait=0 kv_transform=0
FIG8_ATTENTION_EVENT_COUNT mode=scna-hmx-fp16-d8-hybrid qo_len=4 phase=measure iteration=13 events=16 max_events=3224 overflow=0
FIG8_ATTENTION_HOST_TIMING mode=scna-hmx-fp16-d8-hybrid scna_function=exp2 scna_kernel=direct scna_pipeline=off scna_width=8 qo_len=4 kv_len=4096 n_heads=12 n_kv_heads=2 head_dim=128 phase=measure iteration=14 host_elapsed_us=53922 ret=0
FIG8_ATTENTION_PROFILE_COUNT mode=scna-hmx-fp16-d8-hybrid qo_len=4 phase=measure iteration=14 records=2 max_records=10
FIG8_ATTENTION_TIMERS mode=scna-hmx-fp16-d8-hybrid scna_function=0 scna_kernel=0 scna_pipeline=0 scna_engine=2 profile_version=1 phase=measure iteration=14 lut_exp=0 nonlinear_mode=1 scna_width=8 scna_exp=26455 scna_pack=29 scna_hmx_affine_relu=368 scna_reduction=16 scna_unpack=25876 qo_len=4 kv_len=4096 n_heads=12 n_kv_heads=2 head_dim=128 kv_head=0 worker=0 profiled_total=26764 q_load=1 k_load=149 v_load=124 qk_dot=1 safe_sm=26468 core_acc=19 o_scale=1 o_store=1 kv_dma_issue=0 kv_dma_wait=0 kv_transform=0
FIG8_ATTENTION_TIMERS mode=scna-hmx-fp16-d8-hybrid scna_function=0 scna_kernel=0 scna_pipeline=0 scna_engine=2 profile_version=1 phase=measure iteration=14 lut_exp=0 nonlinear_mode=1 scna_width=8 scna_exp=26455 scna_pack=28 scna_hmx_affine_relu=369 scna_reduction=16 scna_unpack=25875 qo_len=4 kv_len=4096 n_heads=12 n_kv_heads=2 head_dim=128 kv_head=1 worker=0 profiled_total=26767 q_load=1 k_load=151 v_load=129 qk_dot=2 safe_sm=26463 core_acc=19 o_scale=1 o_store=1 kv_dma_issue=0 kv_dma_wait=0 kv_transform=0
FIG8_ATTENTION_EVENT_COUNT mode=scna-hmx-fp16-d8-hybrid qo_len=4 phase=measure iteration=14 events=16 max_events=3224 overflow=0
FIG8_ATTENTION_HOST_TIMING mode=scna-hmx-fp16-d8-hybrid scna_function=exp2 scna_kernel=direct scna_pipeline=off scna_width=8 qo_len=4 kv_len=4096 n_heads=12 n_kv_heads=2 head_dim=128 phase=measure iteration=15 host_elapsed_us=53873 ret=0
FIG8_ATTENTION_PROFILE_COUNT mode=scna-hmx-fp16-d8-hybrid qo_len=4 phase=measure iteration=15 records=2 max_records=10
FIG8_ATTENTION_TIMERS mode=scna-hmx-fp16-d8-hybrid scna_function=0 scna_kernel=0 scna_pipeline=0 scna_engine=2 profile_version=1 phase=measure iteration=15 lut_exp=0 nonlinear_mode=1 scna_width=8 scna_exp=26455 scna_pack=29 scna_hmx_affine_relu=368 scna_reduction=16 scna_unpack=25876 qo_len=4 kv_len=4096 n_heads=12 n_kv_heads=2 head_dim=128 kv_head=0 worker=0 profiled_total=26772 q_load=1 k_load=159 v_load=124 qk_dot=1 safe_sm=26466 core_acc=19 o_scale=1 o_store=1 kv_dma_issue=0 kv_dma_wait=0 kv_transform=0
FIG8_ATTENTION_TIMERS mode=scna-hmx-fp16-d8-hybrid scna_function=0 scna_kernel=0 scna_pipeline=0 scna_engine=2 profile_version=1 phase=measure iteration=15 lut_exp=0 nonlinear_mode=1 scna_width=8 scna_exp=26454 scna_pack=28 scna_hmx_affine_relu=369 scna_reduction=16 scna_unpack=25877 qo_len=4 kv_len=4096 n_heads=12 n_kv_heads=2 head_dim=128 kv_head=1 worker=0 profiled_total=26766 q_load=1 k_load=152 v_load=127 qk_dot=2 safe_sm=26463 core_acc=18 o_scale=2 o_store=1 kv_dma_issue=0 kv_dma_wait=0 kv_transform=0
FIG8_ATTENTION_EVENT_COUNT mode=scna-hmx-fp16-d8-hybrid qo_len=4 phase=measure iteration=15 events=16 max_events=3224 overflow=0
FIG8_ATTENTION_HOST_TIMING mode=scna-hmx-fp16-d8-hybrid scna_function=exp2 scna_kernel=direct scna_pipeline=off scna_width=8 qo_len=4 kv_len=4096 n_heads=12 n_kv_heads=2 head_dim=128 phase=measure iteration=16 host_elapsed_us=53904 ret=0
FIG8_ATTENTION_PROFILE_COUNT mode=scna-hmx-fp16-d8-hybrid qo_len=4 phase=measure iteration=16 records=2 max_records=10
FIG8_ATTENTION_TIMERS mode=scna-hmx-fp16-d8-hybrid scna_function=0 scna_kernel=0 scna_pipeline=0 scna_engine=2 profile_version=1 phase=measure iteration=16 lut_exp=0 nonlinear_mode=1 scna_width=8 scna_exp=26455 scna_pack=30 scna_hmx_affine_relu=369 scna_reduction=16 scna_unpack=25877 qo_len=4 kv_len=4096 n_heads=12 n_kv_heads=2 head_dim=128 kv_head=0 worker=0 profiled_total=26761 q_load=1 k_load=149 v_load=123 qk_dot=1 safe_sm=26466 core_acc=18 o_scale=1 o_store=2 kv_dma_issue=0 kv_dma_wait=0 kv_transform=0
FIG8_ATTENTION_TIMERS mode=scna-hmx-fp16-d8-hybrid scna_function=0 scna_kernel=0 scna_pipeline=0 scna_engine=2 profile_version=1 phase=measure iteration=16 lut_exp=0 nonlinear_mode=1 scna_width=8 scna_exp=26455 scna_pack=28 scna_hmx_affine_relu=368 scna_reduction=16 scna_unpack=25876 qo_len=4 kv_len=4096 n_heads=12 n_kv_heads=2 head_dim=128 kv_head=1 worker=0 profiled_total=26766 q_load=1 k_load=150 v_load=128 qk_dot=2 safe_sm=26464 core_acc=18 o_scale=2 o_store=1 kv_dma_issue=0 kv_dma_wait=0 kv_transform=0
FIG8_ATTENTION_EVENT_COUNT mode=scna-hmx-fp16-d8-hybrid qo_len=4 phase=measure iteration=16 events=16 max_events=3224 overflow=0
FIG8_ATTENTION_HOST_TIMING mode=scna-hmx-fp16-d8-hybrid scna_function=exp2 scna_kernel=direct scna_pipeline=off scna_width=8 qo_len=4 kv_len=4096 n_heads=12 n_kv_heads=2 head_dim=128 phase=measure iteration=17 host_elapsed_us=53909 ret=0
FIG8_ATTENTION_PROFILE_COUNT mode=scna-hmx-fp16-d8-hybrid qo_len=4 phase=measure iteration=17 records=2 max_records=10
FIG8_ATTENTION_TIMERS mode=scna-hmx-fp16-d8-hybrid scna_function=0 scna_kernel=0 scna_pipeline=0 scna_engine=2 profile_version=1 phase=measure iteration=17 lut_exp=0 nonlinear_mode=1 scna_width=8 scna_exp=26454 scna_pack=30 scna_hmx_affine_relu=369 scna_reduction=16 scna_unpack=25876 qo_len=4 kv_len=4096 n_heads=12 n_kv_heads=2 head_dim=128 kv_head=0 worker=0 profiled_total=26761 q_load=1 k_load=148 v_load=123 qk_dot=1 safe_sm=26466 core_acc=19 o_scale=1 o_store=2 kv_dma_issue=0 kv_dma_wait=0 kv_transform=0
FIG8_ATTENTION_TIMERS mode=scna-hmx-fp16-d8-hybrid scna_function=0 scna_kernel=0 scna_pipeline=0 scna_engine=2 profile_version=1 phase=measure iteration=17 lut_exp=0 nonlinear_mode=1 scna_width=8 scna_exp=26453 scna_pack=28 scna_hmx_affine_relu=365 scna_reduction=15 scna_unpack=25876 qo_len=4 kv_len=4096 n_heads=12 n_kv_heads=2 head_dim=128 kv_head=1 worker=0 profiled_total=26770 q_load=1 k_load=153 v_load=130 qk_dot=2 safe_sm=26463 core_acc=18 o_scale=2 o_store=1 kv_dma_issue=0 kv_dma_wait=0 kv_transform=0
FIG8_ATTENTION_EVENT_COUNT mode=scna-hmx-fp16-d8-hybrid qo_len=4 phase=measure iteration=17 events=16 max_events=3224 overflow=0
FIG8_ATTENTION_HOST_TIMING mode=scna-hmx-fp16-d8-hybrid scna_function=exp2 scna_kernel=direct scna_pipeline=off scna_width=8 qo_len=4 kv_len=4096 n_heads=12 n_kv_heads=2 head_dim=128 phase=measure iteration=18 host_elapsed_us=53858 ret=0
FIG8_ATTENTION_PROFILE_COUNT mode=scna-hmx-fp16-d8-hybrid qo_len=4 phase=measure iteration=18 records=2 max_records=10
FIG8_ATTENTION_TIMERS mode=scna-hmx-fp16-d8-hybrid scna_function=0 scna_kernel=0 scna_pipeline=0 scna_engine=2 profile_version=1 phase=measure iteration=18 lut_exp=0 nonlinear_mode=1 scna_width=8 scna_exp=26455 scna_pack=29 scna_hmx_affine_relu=369 scna_reduction=16 scna_unpack=25876 qo_len=4 kv_len=4096 n_heads=12 n_kv_heads=2 head_dim=128 kv_head=0 worker=0 profiled_total=26764 q_load=1 k_load=149 v_load=124 qk_dot=1 safe_sm=26467 core_acc=19 o_scale=1 o_store=2 kv_dma_issue=0 kv_dma_wait=0 kv_transform=0
FIG8_ATTENTION_TIMERS mode=scna-hmx-fp16-d8-hybrid scna_function=0 scna_kernel=0 scna_pipeline=0 scna_engine=2 profile_version=1 phase=measure iteration=18 lut_exp=0 nonlinear_mode=1 scna_width=8 scna_exp=26454 scna_pack=29 scna_hmx_affine_relu=368 scna_reduction=16 scna_unpack=25875 qo_len=4 kv_len=4096 n_heads=12 n_kv_heads=2 head_dim=128 kv_head=1 worker=0 profiled_total=26770 q_load=1 k_load=153 v_load=129 qk_dot=2 safe_sm=26464 core_acc=18 o_scale=2 o_store=1 kv_dma_issue=0 kv_dma_wait=0 kv_transform=0
FIG8_ATTENTION_EVENT_COUNT mode=scna-hmx-fp16-d8-hybrid qo_len=4 phase=measure iteration=18 events=16 max_events=3224 overflow=0
FIG8_ATTENTION_HOST_TIMING mode=scna-hmx-fp16-d8-hybrid scna_function=exp2 scna_kernel=direct scna_pipeline=off scna_width=8 qo_len=4 kv_len=4096 n_heads=12 n_kv_heads=2 head_dim=128 phase=measure iteration=19 host_elapsed_us=53814 ret=0
FIG8_ATTENTION_PROFILE_COUNT mode=scna-hmx-fp16-d8-hybrid qo_len=4 phase=measure iteration=19 records=2 max_records=10
FIG8_ATTENTION_TIMERS mode=scna-hmx-fp16-d8-hybrid scna_function=0 scna_kernel=0 scna_pipeline=0 scna_engine=2 profile_version=1 phase=measure iteration=19 lut_exp=0 nonlinear_mode=1 scna_width=8 scna_exp=26454 scna_pack=28 scna_hmx_affine_relu=369 scna_reduction=16 scna_unpack=25876 qo_len=4 kv_len=4096 n_heads=12 n_kv_heads=2 head_dim=128 kv_head=0 worker=0 profiled_total=26765 q_load=1 k_load=148 v_load=127 qk_dot=2 safe_sm=26465 core_acc=19 o_scale=1 o_store=2 kv_dma_issue=0 kv_dma_wait=0 kv_transform=0
FIG8_ATTENTION_TIMERS mode=scna-hmx-fp16-d8-hybrid scna_function=0 scna_kernel=0 scna_pipeline=0 scna_engine=2 profile_version=1 phase=measure iteration=19 lut_exp=0 nonlinear_mode=1 scna_width=8 scna_exp=26456 scna_pack=29 scna_hmx_affine_relu=368 scna_reduction=16 scna_unpack=25877 qo_len=4 kv_len=4096 n_heads=12 n_kv_heads=2 head_dim=128 kv_head=1 worker=0 profiled_total=26773 q_load=1 k_load=154 v_load=130 qk_dot=2 safe_sm=26465 core_acc=18 o_scale=2 o_store=1 kv_dma_issue=0 kv_dma_wait=0 kv_transform=0
FIG8_ATTENTION_EVENT_COUNT mode=scna-hmx-fp16-d8-hybrid qo_len=4 phase=measure iteration=19 events=16 max_events=3224 overflow=0
