alloc_shared_mem_buf: buf=0x7c5c8a6000 fd=15 size=49152 flags=FASTRPC_MAP_FD
alloc_shared_mem_buf: buf=0x79c0800000 fd=16 size=2097152 flags=FASTRPC_MAP_FD
alloc_shared_mem_buf: buf=0x79c0600000 fd=17 size=2097152 flags=FASTRPC_MAP_FD
alloc_shared_mem_buf: buf=0x7c5c86d000 fd=18 size=49152 flags=FASTRPC_MAP_FD
alloc_shared_mem_buf: buf=0x7c5c740000 fd=19 size=65536 flags=FASTRPC_MAP_FD
alloc_shared_mem_buf: buf=0x79c0590000 fd=20 size=457472 flags=FASTRPC_MAP_FD
alloc_shared_mem_buf: buf=0x7c5cc9d000 fd=21 size=4096 flags=FASTRPC_MAP_FD
No-op channel request completed
FIG8_ATTENTION_CONFIG mode=scna-hmx-fp16-d8-two-pass scna_function=exp2 scna_kernel=direct scna_pipeline=off mask_mode=full qo_len=8 kv_len=4096 n_heads=12 n_kv_heads=2 head_dim=128 warmup=5 iters=20 scna_width=8 q_size=49152 kv_size=2097152 mask_size=65536 profile_size=457472 profile_max_records=10 profile_max_events=6320 mode_flags=8212 print_events=0
FIG8_ATTENTION_HOST_TIMING mode=scna-hmx-fp16-d8-two-pass scna_function=exp2 scna_kernel=direct scna_pipeline=off scna_width=8 qo_len=8 kv_len=4096 n_heads=12 n_kv_heads=2 head_dim=128 phase=warmup iteration=0 host_elapsed_us=18113 ret=0
FIG8_ATTENTION_PROFILE_COUNT mode=scna-hmx-fp16-d8-two-pass qo_len=8 phase=warmup iteration=0 records=2 max_records=10
FIG8_ATTENTION_TIMERS mode=scna-hmx-fp16-d8-two-pass scna_function=0 scna_kernel=0 scna_pipeline=0 scna_engine=3 profile_version=1 phase=warmup iteration=0 lut_exp=0 nonlinear_mode=1 scna_width=8 scna_exp=8472 scna_pack=57 scna_hmx_affine_relu=853 scna_reduction=713 scna_unpack=6507 qo_len=8 kv_len=4096 n_heads=12 n_kv_heads=2 head_dim=128 kv_head=0 worker=0 profiled_total=8842 q_load=3 k_load=147 v_load=149 qk_dot=5 safe_sm=8524 core_acc=7 o_scale=3 o_store=4 kv_dma_issue=0 kv_dma_wait=0 kv_transform=0
FIG8_ATTENTION_TIMERS mode=scna-hmx-fp16-d8-two-pass scna_function=0 scna_kernel=0 scna_pipeline=0 scna_engine=3 profile_version=1 phase=warmup iteration=0 lut_exp=0 nonlinear_mode=1 scna_width=8 scna_exp=8467 scna_pack=55 scna_hmx_affine_relu=852 scna_reduction=713 scna_unpack=6508 qo_len=8 kv_len=4096 n_heads=12 n_kv_heads=2 head_dim=128 kv_head=1 worker=0 profiled_total=8878 q_load=2 k_load=150 v_load=192 qk_dot=6 safe_sm=8518 core_acc=6 o_scale=1 o_store=3 kv_dma_issue=0 kv_dma_wait=0 kv_transform=0
FIG8_ATTENTION_EVENT_COUNT mode=scna-hmx-fp16-d8-two-pass qo_len=8 phase=warmup iteration=0 events=16 max_events=6320 overflow=0
FIG8_ATTENTION_HOST_TIMING mode=scna-hmx-fp16-d8-two-pass scna_function=exp2 scna_kernel=direct scna_pipeline=off scna_width=8 qo_len=8 kv_len=4096 n_heads=12 n_kv_heads=2 head_dim=128 phase=warmup iteration=1 host_elapsed_us=18054 ret=0
FIG8_ATTENTION_PROFILE_COUNT mode=scna-hmx-fp16-d8-two-pass qo_len=8 phase=warmup iteration=1 records=2 max_records=10
FIG8_ATTENTION_TIMERS mode=scna-hmx-fp16-d8-two-pass scna_function=0 scna_kernel=0 scna_pipeline=0 scna_engine=3 profile_version=1 phase=warmup iteration=1 lut_exp=0 nonlinear_mode=1 scna_width=8 scna_exp=8471 scna_pack=55 scna_hmx_affine_relu=852 scna_reduction=715 scna_unpack=6508 qo_len=8 kv_len=4096 n_heads=12 n_kv_heads=2 head_dim=128 kv_head=0 worker=0 profiled_total=8848 q_load=2 k_load=102 v_load=193 qk_dot=5 safe_sm=8535 core_acc=7 o_scale=1 o_store=3 kv_dma_issue=0 kv_dma_wait=0 kv_transform=0
FIG8_ATTENTION_TIMERS mode=scna-hmx-fp16-d8-two-pass scna_function=0 scna_kernel=0 scna_pipeline=0 scna_engine=3 profile_version=1 phase=warmup iteration=1 lut_exp=0 nonlinear_mode=1 scna_width=8 scna_exp=8471 scna_pack=58 scna_hmx_affine_relu=852 scna_reduction=712 scna_unpack=6508 qo_len=8 kv_len=4096 n_heads=12 n_kv_heads=2 head_dim=128 kv_head=1 worker=0 profiled_total=8842 q_load=3 k_load=101 v_load=191 qk_dot=6 safe_sm=8529 core_acc=7 o_scale=2 o_store=3 kv_dma_issue=0 kv_dma_wait=0 kv_transform=0
FIG8_ATTENTION_EVENT_COUNT mode=scna-hmx-fp16-d8-two-pass qo_len=8 phase=warmup iteration=1 events=16 max_events=6320 overflow=0
FIG8_ATTENTION_HOST_TIMING mode=scna-hmx-fp16-d8-two-pass scna_function=exp2 scna_kernel=direct scna_pipeline=off scna_width=8 qo_len=8 kv_len=4096 n_heads=12 n_kv_heads=2 head_dim=128 phase=warmup iteration=2 host_elapsed_us=18057 ret=0
FIG8_ATTENTION_PROFILE_COUNT mode=scna-hmx-fp16-d8-two-pass qo_len=8 phase=warmup iteration=2 records=2 max_records=10
FIG8_ATTENTION_TIMERS mode=scna-hmx-fp16-d8-two-pass scna_function=0 scna_kernel=0 scna_pipeline=0 scna_engine=3 profile_version=1 phase=warmup iteration=2 lut_exp=0 nonlinear_mode=1 scna_width=8 scna_exp=8471 scna_pack=57 scna_hmx_affine_relu=853 scna_reduction=715 scna_unpack=6508 qo_len=8 kv_len=4096 n_heads=12 n_kv_heads=2 head_dim=128 kv_head=0 worker=0 profiled_total=8841 q_load=2 k_load=100 v_load=189 qk_dot=5 safe_sm=8534 core_acc=7 o_scale=1 o_store=3 kv_dma_issue=0 kv_dma_wait=0 kv_transform=0
FIG8_ATTENTION_TIMERS mode=scna-hmx-fp16-d8-two-pass scna_function=0 scna_kernel=0 scna_pipeline=0 scna_engine=3 profile_version=1 phase=warmup iteration=2 lut_exp=0 nonlinear_mode=1 scna_width=8 scna_exp=8471 scna_pack=57 scna_hmx_affine_relu=852 scna_reduction=714 scna_unpack=6509 qo_len=8 kv_len=4096 n_heads=12 n_kv_heads=2 head_dim=128 kv_head=1 worker=0 profiled_total=8841 q_load=3 k_load=100 v_load=191 qk_dot=6 safe_sm=8530 core_acc=6 o_scale=2 o_store=3 kv_dma_issue=0 kv_dma_wait=0 kv_transform=0
FIG8_ATTENTION_EVENT_COUNT mode=scna-hmx-fp16-d8-two-pass qo_len=8 phase=warmup iteration=2 events=16 max_events=6320 overflow=0
FIG8_ATTENTION_HOST_TIMING mode=scna-hmx-fp16-d8-two-pass scna_function=exp2 scna_kernel=direct scna_pipeline=off scna_width=8 qo_len=8 kv_len=4096 n_heads=12 n_kv_heads=2 head_dim=128 phase=warmup iteration=3 host_elapsed_us=18065 ret=0
FIG8_ATTENTION_PROFILE_COUNT mode=scna-hmx-fp16-d8-two-pass qo_len=8 phase=warmup iteration=3 records=2 max_records=10
FIG8_ATTENTION_TIMERS mode=scna-hmx-fp16-d8-two-pass scna_function=0 scna_kernel=0 scna_pipeline=0 scna_engine=3 profile_version=1 phase=warmup iteration=3 lut_exp=0 nonlinear_mode=1 scna_width=8 scna_exp=8471 scna_pack=58 scna_hmx_affine_relu=854 scna_reduction=713 scna_unpack=6510 qo_len=8 kv_len=4096 n_heads=12 n_kv_heads=2 head_dim=128 kv_head=0 worker=0 profiled_total=8841 q_load=2 k_load=99 v_load=190 qk_dot=5 safe_sm=8534 core_acc=7 o_scale=1 o_store=3 kv_dma_issue=0 kv_dma_wait=0 kv_transform=0
FIG8_ATTENTION_TIMERS mode=scna-hmx-fp16-d8-two-pass scna_function=0 scna_kernel=0 scna_pipeline=0 scna_engine=3 profile_version=1 phase=warmup iteration=3 lut_exp=0 nonlinear_mode=1 scna_width=8 scna_exp=8470 scna_pack=57 scna_hmx_affine_relu=852 scna_reduction=712 scna_unpack=6509 qo_len=8 kv_len=4096 n_heads=12 n_kv_heads=2 head_dim=128 kv_head=1 worker=0 profiled_total=8837 q_load=2 k_load=100 v_load=189 qk_dot=6 safe_sm=8530 core_acc=6 o_scale=1 o_store=3 kv_dma_issue=0 kv_dma_wait=0 kv_transform=0
FIG8_ATTENTION_EVENT_COUNT mode=scna-hmx-fp16-d8-two-pass qo_len=8 phase=warmup iteration=3 events=16 max_events=6320 overflow=0
FIG8_ATTENTION_HOST_TIMING mode=scna-hmx-fp16-d8-two-pass scna_function=exp2 scna_kernel=direct scna_pipeline=off scna_width=8 qo_len=8 kv_len=4096 n_heads=12 n_kv_heads=2 head_dim=128 phase=warmup iteration=4 host_elapsed_us=18088 ret=0
FIG8_ATTENTION_PROFILE_COUNT mode=scna-hmx-fp16-d8-two-pass qo_len=8 phase=warmup iteration=4 records=2 max_records=10
FIG8_ATTENTION_TIMERS mode=scna-hmx-fp16-d8-two-pass scna_function=0 scna_kernel=0 scna_pipeline=0 scna_engine=3 profile_version=1 phase=warmup iteration=4 lut_exp=0 nonlinear_mode=1 scna_width=8 scna_exp=8471 scna_pack=57 scna_hmx_affine_relu=852 scna_reduction=715 scna_unpack=6509 qo_len=8 kv_len=4096 n_heads=12 n_kv_heads=2 head_dim=128 kv_head=0 worker=0 profiled_total=8838 q_load=2 k_load=98 v_load=190 qk_dot=5 safe_sm=8532 core_acc=7 o_scale=1 o_store=3 kv_dma_issue=0 kv_dma_wait=0 kv_transform=0
FIG8_ATTENTION_TIMERS mode=scna-hmx-fp16-d8-two-pass scna_function=0 scna_kernel=0 scna_pipeline=0 scna_engine=3 profile_version=1 phase=warmup iteration=4 lut_exp=0 nonlinear_mode=1 scna_width=8 scna_exp=8471 scna_pack=57 scna_hmx_affine_relu=853 scna_reduction=713 scna_unpack=6508 qo_len=8 kv_len=4096 n_heads=12 n_kv_heads=2 head_dim=128 kv_head=1 worker=0 profiled_total=8837 q_load=2 k_load=98 v_load=190 qk_dot=6 safe_sm=8530 core_acc=6 o_scale=2 o_store=3 kv_dma_issue=0 kv_dma_wait=0 kv_transform=0
FIG8_ATTENTION_EVENT_COUNT mode=scna-hmx-fp16-d8-two-pass qo_len=8 phase=warmup iteration=4 events=16 max_events=6320 overflow=0
FIG8_ATTENTION_HOST_TIMING mode=scna-hmx-fp16-d8-two-pass scna_function=exp2 scna_kernel=direct scna_pipeline=off scna_width=8 qo_len=8 kv_len=4096 n_heads=12 n_kv_heads=2 head_dim=128 phase=measure iteration=0 host_elapsed_us=18085 ret=0
FIG8_ATTENTION_PROFILE_COUNT mode=scna-hmx-fp16-d8-two-pass qo_len=8 phase=measure iteration=0 records=2 max_records=10
FIG8_ATTENTION_TIMERS mode=scna-hmx-fp16-d8-two-pass scna_function=0 scna_kernel=0 scna_pipeline=0 scna_engine=3 profile_version=1 phase=measure iteration=0 lut_exp=0 nonlinear_mode=1 scna_width=8 scna_exp=8470 scna_pack=58 scna_hmx_affine_relu=853 scna_reduction=714 scna_unpack=6508 qo_len=8 kv_len=4096 n_heads=12 n_kv_heads=2 head_dim=128 kv_head=0 worker=0 profiled_total=8838 q_load=2 k_load=97 v_load=189 qk_dot=5 safe_sm=8534 core_acc=7 o_scale=1 o_store=3 kv_dma_issue=0 kv_dma_wait=0 kv_transform=0
FIG8_ATTENTION_TIMERS mode=scna-hmx-fp16-d8-two-pass scna_function=0 scna_kernel=0 scna_pipeline=0 scna_engine=3 profile_version=1 phase=measure iteration=0 lut_exp=0 nonlinear_mode=1 scna_width=8 scna_exp=8470 scna_pack=56 scna_hmx_affine_relu=851 scna_reduction=713 scna_unpack=6508 qo_len=8 kv_len=4096 n_heads=12 n_kv_heads=2 head_dim=128 kv_head=1 worker=0 profiled_total=8837 q_load=3 k_load=97 v_load=189 qk_dot=6 safe_sm=8530 core_acc=7 o_scale=2 o_store=3 kv_dma_issue=0 kv_dma_wait=0 kv_transform=0
FIG8_ATTENTION_EVENT_COUNT mode=scna-hmx-fp16-d8-two-pass qo_len=8 phase=measure iteration=0 events=16 max_events=6320 overflow=0
FIG8_ATTENTION_HOST_TIMING mode=scna-hmx-fp16-d8-two-pass scna_function=exp2 scna_kernel=direct scna_pipeline=off scna_width=8 qo_len=8 kv_len=4096 n_heads=12 n_kv_heads=2 head_dim=128 phase=measure iteration=1 host_elapsed_us=18055 ret=0
FIG8_ATTENTION_PROFILE_COUNT mode=scna-hmx-fp16-d8-two-pass qo_len=8 phase=measure iteration=1 records=2 max_records=10
FIG8_ATTENTION_TIMERS mode=scna-hmx-fp16-d8-two-pass scna_function=0 scna_kernel=0 scna_pipeline=0 scna_engine=3 profile_version=1 phase=measure iteration=1 lut_exp=0 nonlinear_mode=1 scna_width=8 scna_exp=8471 scna_pack=56 scna_hmx_affine_relu=853 scna_reduction=714 scna_unpack=6509 qo_len=8 kv_len=4096 n_heads=12 n_kv_heads=2 head_dim=128 kv_head=0 worker=0 profiled_total=8835 q_load=2 k_load=96 v_load=189 qk_dot=5 safe_sm=8532 core_acc=7 o_scale=1 o_store=3 kv_dma_issue=0 kv_dma_wait=0 kv_transform=0
FIG8_ATTENTION_TIMERS mode=scna-hmx-fp16-d8-two-pass scna_function=0 scna_kernel=0 scna_pipeline=0 scna_engine=3 profile_version=1 phase=measure iteration=1 lut_exp=0 nonlinear_mode=1 scna_width=8 scna_exp=8470 scna_pack=57 scna_hmx_affine_relu=851 scna_reduction=714 scna_unpack=6509 qo_len=8 kv_len=4096 n_heads=12 n_kv_heads=2 head_dim=128 kv_head=1 worker=0 profiled_total=8836 q_load=3 k_load=97 v_load=191 qk_dot=6 safe_sm=8528 core_acc=6 o_scale=2 o_store=3 kv_dma_issue=0 kv_dma_wait=0 kv_transform=0
FIG8_ATTENTION_EVENT_COUNT mode=scna-hmx-fp16-d8-two-pass qo_len=8 phase=measure iteration=1 events=16 max_events=6320 overflow=0
FIG8_ATTENTION_HOST_TIMING mode=scna-hmx-fp16-d8-two-pass scna_function=exp2 scna_kernel=direct scna_pipeline=off scna_width=8 qo_len=8 kv_len=4096 n_heads=12 n_kv_heads=2 head_dim=128 phase=measure iteration=2 host_elapsed_us=18037 ret=0
FIG8_ATTENTION_PROFILE_COUNT mode=scna-hmx-fp16-d8-two-pass qo_len=8 phase=measure iteration=2 records=2 max_records=10
FIG8_ATTENTION_TIMERS mode=scna-hmx-fp16-d8-two-pass scna_function=0 scna_kernel=0 scna_pipeline=0 scna_engine=3 profile_version=1 phase=measure iteration=2 lut_exp=0 nonlinear_mode=1 scna_width=8 scna_exp=8471 scna_pack=58 scna_hmx_affine_relu=853 scna_reduction=713 scna_unpack=6507 qo_len=8 kv_len=4096 n_heads=12 n_kv_heads=2 head_dim=128 kv_head=0 worker=0 profiled_total=8836 q_load=2 k_load=95 v_load=189 qk_dot=5 safe_sm=8534 core_acc=7 o_scale=1 o_store=3 kv_dma_issue=0 kv_dma_wait=0 kv_transform=0
FIG8_ATTENTION_TIMERS mode=scna-hmx-fp16-d8-two-pass scna_function=0 scna_kernel=0 scna_pipeline=0 scna_engine=3 profile_version=1 phase=measure iteration=2 lut_exp=0 nonlinear_mode=1 scna_width=8 scna_exp=8470 scna_pack=59 scna_hmx_affine_relu=852 scna_reduction=715 scna_unpack=6507 qo_len=8 kv_len=4096 n_heads=12 n_kv_heads=2 head_dim=128 kv_head=1 worker=0 profiled_total=8839 q_load=2 k_load=96 v_load=192 qk_dot=6 safe_sm=8532 core_acc=6 o_scale=2 o_store=3 kv_dma_issue=0 kv_dma_wait=0 kv_transform=0
FIG8_ATTENTION_EVENT_COUNT mode=scna-hmx-fp16-d8-two-pass qo_len=8 phase=measure iteration=2 events=16 max_events=6320 overflow=0
FIG8_ATTENTION_HOST_TIMING mode=scna-hmx-fp16-d8-two-pass scna_function=exp2 scna_kernel=direct scna_pipeline=off scna_width=8 qo_len=8 kv_len=4096 n_heads=12 n_kv_heads=2 head_dim=128 phase=measure iteration=3 host_elapsed_us=18052 ret=0
FIG8_ATTENTION_PROFILE_COUNT mode=scna-hmx-fp16-d8-two-pass qo_len=8 phase=measure iteration=3 records=2 max_records=10
FIG8_ATTENTION_TIMERS mode=scna-hmx-fp16-d8-two-pass scna_function=0 scna_kernel=0 scna_pipeline=0 scna_engine=3 profile_version=1 phase=measure iteration=3 lut_exp=0 nonlinear_mode=1 scna_width=8 scna_exp=8469 scna_pack=58 scna_hmx_affine_relu=852 scna_reduction=714 scna_unpack=6507 qo_len=8 kv_len=4096 n_heads=12 n_kv_heads=2 head_dim=128 kv_head=0 worker=0 profiled_total=8834 q_load=2 k_load=95 v_load=190 qk_dot=5 safe_sm=8531 core_acc=7 o_scale=1 o_store=3 kv_dma_issue=0 kv_dma_wait=0 kv_transform=0
FIG8_ATTENTION_TIMERS mode=scna-hmx-fp16-d8-two-pass scna_function=0 scna_kernel=0 scna_pipeline=0 scna_engine=3 profile_version=1 phase=measure iteration=3 lut_exp=0 nonlinear_mode=1 scna_width=8 scna_exp=8470 scna_pack=58 scna_hmx_affine_relu=854 scna_reduction=713 scna_unpack=6508 qo_len=8 kv_len=4096 n_heads=12 n_kv_heads=2 head_dim=128 kv_head=1 worker=0 profiled_total=8833 q_load=2 k_load=95 v_load=190 qk_dot=6 safe_sm=8529 core_acc=6 o_scale=2 o_store=3 kv_dma_issue=0 kv_dma_wait=0 kv_transform=0
FIG8_ATTENTION_EVENT_COUNT mode=scna-hmx-fp16-d8-two-pass qo_len=8 phase=measure iteration=3 events=16 max_events=6320 overflow=0
FIG8_ATTENTION_HOST_TIMING mode=scna-hmx-fp16-d8-two-pass scna_function=exp2 scna_kernel=direct scna_pipeline=off scna_width=8 qo_len=8 kv_len=4096 n_heads=12 n_kv_heads=2 head_dim=128 phase=measure iteration=4 host_elapsed_us=18062 ret=0
FIG8_ATTENTION_PROFILE_COUNT mode=scna-hmx-fp16-d8-two-pass qo_len=8 phase=measure iteration=4 records=2 max_records=10
FIG8_ATTENTION_TIMERS mode=scna-hmx-fp16-d8-two-pass scna_function=0 scna_kernel=0 scna_pipeline=0 scna_engine=3 profile_version=1 phase=measure iteration=4 lut_exp=0 nonlinear_mode=1 scna_width=8 scna_exp=8471 scna_pack=57 scna_hmx_affine_relu=852 scna_reduction=714 scna_unpack=6507 qo_len=8 kv_len=4096 n_heads=12 n_kv_heads=2 head_dim=128 kv_head=0 worker=0 profiled_total=8836 q_load=2 k_load=95 v_load=190 qk_dot=5 safe_sm=8533 core_acc=7 o_scale=1 o_store=3 kv_dma_issue=0 kv_dma_wait=0 kv_transform=0
FIG8_ATTENTION_TIMERS mode=scna-hmx-fp16-d8-two-pass scna_function=0 scna_kernel=0 scna_pipeline=0 scna_engine=3 profile_version=1 phase=measure iteration=4 lut_exp=0 nonlinear_mode=1 scna_width=8 scna_exp=8470 scna_pack=57 scna_hmx_affine_relu=853 scna_reduction=715 scna_unpack=6508 qo_len=8 kv_len=4096 n_heads=12 n_kv_heads=2 head_dim=128 kv_head=1 worker=0 profiled_total=8831 q_load=3 k_load=93 v_load=189 qk_dot=6 safe_sm=8529 core_acc=6 o_scale=2 o_store=3 kv_dma_issue=0 kv_dma_wait=0 kv_transform=0
FIG8_ATTENTION_EVENT_COUNT mode=scna-hmx-fp16-d8-two-pass qo_len=8 phase=measure iteration=4 events=16 max_events=6320 overflow=0
FIG8_ATTENTION_HOST_TIMING mode=scna-hmx-fp16-d8-two-pass scna_function=exp2 scna_kernel=direct scna_pipeline=off scna_width=8 qo_len=8 kv_len=4096 n_heads=12 n_kv_heads=2 head_dim=128 phase=measure iteration=5 host_elapsed_us=17974 ret=0
FIG8_ATTENTION_PROFILE_COUNT mode=scna-hmx-fp16-d8-two-pass qo_len=8 phase=measure iteration=5 records=2 max_records=10
FIG8_ATTENTION_TIMERS mode=scna-hmx-fp16-d8-two-pass scna_function=0 scna_kernel=0 scna_pipeline=0 scna_engine=3 profile_version=1 phase=measure iteration=5 lut_exp=0 nonlinear_mode=1 scna_width=8 scna_exp=8470 scna_pack=56 scna_hmx_affine_relu=853 scna_reduction=714 scna_unpack=6505 qo_len=8 kv_len=4096 n_heads=12 n_kv_heads=2 head_dim=128 kv_head=0 worker=0 profiled_total=8829 q_load=2 k_load=92 v_load=188 qk_dot=5 safe_sm=8531 core_acc=7 o_scale=1 o_store=3 kv_dma_issue=0 kv_dma_wait=0 kv_transform=0
FIG8_ATTENTION_TIMERS mode=scna-hmx-fp16-d8-two-pass scna_function=0 scna_kernel=0 scna_pipeline=0 scna_engine=3 profile_version=1 phase=measure iteration=5 lut_exp=0 nonlinear_mode=1 scna_width=8 scna_exp=8470 scna_pack=58 scna_hmx_affine_relu=854 scna_reduction=714 scna_unpack=6508 qo_len=8 kv_len=4096 n_heads=12 n_kv_heads=2 head_dim=128 kv_head=1 worker=0 profiled_total=8832 q_load=3 k_load=93 v_load=189 qk_dot=6 safe_sm=8529 core_acc=7 o_scale=2 o_store=3 kv_dma_issue=0 kv_dma_wait=0 kv_transform=0
FIG8_ATTENTION_EVENT_COUNT mode=scna-hmx-fp16-d8-two-pass qo_len=8 phase=measure iteration=5 events=16 max_events=6320 overflow=0
FIG8_ATTENTION_HOST_TIMING mode=scna-hmx-fp16-d8-two-pass scna_function=exp2 scna_kernel=direct scna_pipeline=off scna_width=8 qo_len=8 kv_len=4096 n_heads=12 n_kv_heads=2 head_dim=128 phase=measure iteration=6 host_elapsed_us=17953 ret=0
FIG8_ATTENTION_PROFILE_COUNT mode=scna-hmx-fp16-d8-two-pass qo_len=8 phase=measure iteration=6 records=2 max_records=10
FIG8_ATTENTION_TIMERS mode=scna-hmx-fp16-d8-two-pass scna_function=0 scna_kernel=0 scna_pipeline=0 scna_engine=3 profile_version=1 phase=measure iteration=6 lut_exp=0 nonlinear_mode=1 scna_width=8 scna_exp=8471 scna_pack=58 scna_hmx_affine_relu=851 scna_reduction=714 scna_unpack=6508 qo_len=8 kv_len=4096 n_heads=12 n_kv_heads=2 head_dim=128 kv_head=0 worker=0 profiled_total=8832 q_load=2 k_load=92 v_load=188 qk_dot=5 safe_sm=8535 core_acc=6 o_scale=1 o_store=3 kv_dma_issue=0 kv_dma_wait=0 kv_transform=0
FIG8_ATTENTION_TIMERS mode=scna-hmx-fp16-d8-two-pass scna_function=0 scna_kernel=0 scna_pipeline=0 scna_engine=3 profile_version=1 phase=measure iteration=6 lut_exp=0 nonlinear_mode=1 scna_width=8 scna_exp=8470 scna_pack=57 scna_hmx_affine_relu=852 scna_reduction=714 scna_unpack=6507 qo_len=8 kv_len=4096 n_heads=12 n_kv_heads=2 head_dim=128 kv_head=1 worker=0 profiled_total=8831 q_load=2 k_load=93 v_load=189 qk_dot=6 safe_sm=8529 core_acc=7 o_scale=2 o_store=3 kv_dma_issue=0 kv_dma_wait=0 kv_transform=0
FIG8_ATTENTION_EVENT_COUNT mode=scna-hmx-fp16-d8-two-pass qo_len=8 phase=measure iteration=6 events=16 max_events=6320 overflow=0
FIG8_ATTENTION_HOST_TIMING mode=scna-hmx-fp16-d8-two-pass scna_function=exp2 scna_kernel=direct scna_pipeline=off scna_width=8 qo_len=8 kv_len=4096 n_heads=12 n_kv_heads=2 head_dim=128 phase=measure iteration=7 host_elapsed_us=18043 ret=0
FIG8_ATTENTION_PROFILE_COUNT mode=scna-hmx-fp16-d8-two-pass qo_len=8 phase=measure iteration=7 records=2 max_records=10
FIG8_ATTENTION_TIMERS mode=scna-hmx-fp16-d8-two-pass scna_function=0 scna_kernel=0 scna_pipeline=0 scna_engine=3 profile_version=1 phase=measure iteration=7 lut_exp=0 nonlinear_mode=1 scna_width=8 scna_exp=8471 scna_pack=58 scna_hmx_affine_relu=853 scna_reduction=713 scna_unpack=6507 qo_len=8 kv_len=4096 n_heads=12 n_kv_heads=2 head_dim=128 kv_head=0 worker=0 profiled_total=8828 q_load=2 k_load=92 v_load=186 qk_dot=5 safe_sm=8533 core_acc=6 o_scale=1 o_store=3 kv_dma_issue=0 kv_dma_wait=0 kv_transform=0
FIG8_ATTENTION_TIMERS mode=scna-hmx-fp16-d8-two-pass scna_function=0 scna_kernel=0 scna_pipeline=0 scna_engine=3 profile_version=1 phase=measure iteration=7 lut_exp=0 nonlinear_mode=1 scna_width=8 scna_exp=8470 scna_pack=57 scna_hmx_affine_relu=851 scna_reduction=714 scna_unpack=6507 qo_len=8 kv_len=4096 n_heads=12 n_kv_heads=2 head_dim=128 kv_head=1 worker=0 profiled_total=8829 q_load=2 k_load=89 v_load=194 qk_dot=6 safe_sm=8526 core_acc=7 o_scale=2 o_store=3 kv_dma_issue=0 kv_dma_wait=0 kv_transform=0
FIG8_ATTENTION_EVENT_COUNT mode=scna-hmx-fp16-d8-two-pass qo_len=8 phase=measure iteration=7 events=16 max_events=6320 overflow=0
FIG8_ATTENTION_HOST_TIMING mode=scna-hmx-fp16-d8-two-pass scna_function=exp2 scna_kernel=direct scna_pipeline=off scna_width=8 qo_len=8 kv_len=4096 n_heads=12 n_kv_heads=2 head_dim=128 phase=measure iteration=8 host_elapsed_us=18353 ret=0
FIG8_ATTENTION_PROFILE_COUNT mode=scna-hmx-fp16-d8-two-pass qo_len=8 phase=measure iteration=8 records=2 max_records=10
FIG8_ATTENTION_TIMERS mode=scna-hmx-fp16-d8-two-pass scna_function=0 scna_kernel=0 scna_pipeline=0 scna_engine=3 profile_version=1 phase=measure iteration=8 lut_exp=0 nonlinear_mode=1 scna_width=8 scna_exp=8468 scna_pack=56 scna_hmx_affine_relu=851 scna_reduction=714 scna_unpack=6506 qo_len=8 kv_len=4096 n_heads=12 n_kv_heads=2 head_dim=128 kv_head=0 worker=0 profiled_total=8959 q_load=2 k_load=226 v_load=188 qk_dot=5 safe_sm=8527 core_acc=7 o_scale=1 o_store=3 kv_dma_issue=0 kv_dma_wait=0 kv_transform=0
FIG8_ATTENTION_TIMERS mode=scna-hmx-fp16-d8-two-pass scna_function=0 scna_kernel=0 scna_pipeline=0 scna_engine=3 profile_version=1 phase=measure iteration=8 lut_exp=0 nonlinear_mode=1 scna_width=8 scna_exp=8468 scna_pack=58 scna_hmx_affine_relu=853 scna_reduction=713 scna_unpack=6508 qo_len=8 kv_len=4096 n_heads=12 n_kv_heads=2 head_dim=128 kv_head=1 worker=0 profiled_total=8973 q_load=2 k_load=240 v_load=189 qk_dot=6 safe_sm=8525 core_acc=6 o_scale=2 o_store=3 kv_dma_issue=0 kv_dma_wait=0 kv_transform=0
FIG8_ATTENTION_EVENT_COUNT mode=scna-hmx-fp16-d8-two-pass qo_len=8 phase=measure iteration=8 events=16 max_events=6320 overflow=0
FIG8_ATTENTION_HOST_TIMING mode=scna-hmx-fp16-d8-two-pass scna_function=exp2 scna_kernel=direct scna_pipeline=off scna_width=8 qo_len=8 kv_len=4096 n_heads=12 n_kv_heads=2 head_dim=128 phase=measure iteration=9 host_elapsed_us=18274 ret=0
FIG8_ATTENTION_PROFILE_COUNT mode=scna-hmx-fp16-d8-two-pass qo_len=8 phase=measure iteration=9 records=2 max_records=10
FIG8_ATTENTION_TIMERS mode=scna-hmx-fp16-d8-two-pass scna_function=0 scna_kernel=0 scna_pipeline=0 scna_engine=3 profile_version=1 phase=measure iteration=9 lut_exp=0 nonlinear_mode=1 scna_width=8 scna_exp=8469 scna_pack=57 scna_hmx_affine_relu=852 scna_reduction=714 scna_unpack=6507 qo_len=8 kv_len=4096 n_heads=12 n_kv_heads=2 head_dim=128 kv_head=0 worker=0 profiled_total=8954 q_load=2 k_load=224 v_load=186 qk_dot=5 safe_sm=8526 core_acc=7 o_scale=1 o_store=3 kv_dma_issue=0 kv_dma_wait=0 kv_transform=0
FIG8_ATTENTION_TIMERS mode=scna-hmx-fp16-d8-two-pass scna_function=0 scna_kernel=0 scna_pipeline=0 scna_engine=3 profile_version=1 phase=measure iteration=9 lut_exp=0 nonlinear_mode=1 scna_width=8 scna_exp=8464 scna_pack=63 scna_hmx_affine_relu=849 scna_reduction=715 scna_unpack=6509 qo_len=8 kv_len=4096 n_heads=12 n_kv_heads=2 head_dim=128 kv_head=1 worker=0 profiled_total=8963 q_load=2 k_load=238 v_load=187 qk_dot=5 safe_sm=8520 core_acc=6 o_scale=2 o_store=3 kv_dma_issue=0 kv_dma_wait=0 kv_transform=0
FIG8_ATTENTION_EVENT_COUNT mode=scna-hmx-fp16-d8-two-pass qo_len=8 phase=measure iteration=9 events=16 max_events=6320 overflow=0
FIG8_ATTENTION_HOST_TIMING mode=scna-hmx-fp16-d8-two-pass scna_function=exp2 scna_kernel=direct scna_pipeline=off scna_width=8 qo_len=8 kv_len=4096 n_heads=12 n_kv_heads=2 head_dim=128 phase=measure iteration=10 host_elapsed_us=18318 ret=0
FIG8_ATTENTION_PROFILE_COUNT mode=scna-hmx-fp16-d8-two-pass qo_len=8 phase=measure iteration=10 records=2 max_records=10
FIG8_ATTENTION_TIMERS mode=scna-hmx-fp16-d8-two-pass scna_function=0 scna_kernel=0 scna_pipeline=0 scna_engine=3 profile_version=1 phase=measure iteration=10 lut_exp=0 nonlinear_mode=1 scna_width=8 scna_exp=8469 scna_pack=57 scna_hmx_affine_relu=854 scna_reduction=714 scna_unpack=6507 qo_len=8 kv_len=4096 n_heads=12 n_kv_heads=2 head_dim=128 kv_head=0 worker=0 profiled_total=8957 q_load=2 k_load=225 v_load=188 qk_dot=5 safe_sm=8526 core_acc=7 o_scale=1 o_store=3 kv_dma_issue=0 kv_dma_wait=0 kv_transform=0
FIG8_ATTENTION_TIMERS mode=scna-hmx-fp16-d8-two-pass scna_function=0 scna_kernel=0 scna_pipeline=0 scna_engine=3 profile_version=1 phase=measure iteration=10 lut_exp=0 nonlinear_mode=1 scna_width=8 scna_exp=8469 scna_pack=57 scna_hmx_affine_relu=852 scna_reduction=714 scna_unpack=6506 qo_len=8 kv_len=4096 n_heads=12 n_kv_heads=2 head_dim=128 kv_head=1 worker=0 profiled_total=8971 q_load=2 k_load=239 v_load=189 qk_dot=6 safe_sm=8523 core_acc=7 o_scale=2 o_store=3 kv_dma_issue=0 kv_dma_wait=0 kv_transform=0
FIG8_ATTENTION_EVENT_COUNT mode=scna-hmx-fp16-d8-two-pass qo_len=8 phase=measure iteration=10 events=16 max_events=6320 overflow=0
FIG8_ATTENTION_HOST_TIMING mode=scna-hmx-fp16-d8-two-pass scna_function=exp2 scna_kernel=direct scna_pipeline=off scna_width=8 qo_len=8 kv_len=4096 n_heads=12 n_kv_heads=2 head_dim=128 phase=measure iteration=11 host_elapsed_us=18260 ret=0
FIG8_ATTENTION_PROFILE_COUNT mode=scna-hmx-fp16-d8-two-pass qo_len=8 phase=measure iteration=11 records=2 max_records=10
FIG8_ATTENTION_TIMERS mode=scna-hmx-fp16-d8-two-pass scna_function=0 scna_kernel=0 scna_pipeline=0 scna_engine=3 profile_version=1 phase=measure iteration=11 lut_exp=0 nonlinear_mode=1 scna_width=8 scna_exp=8469 scna_pack=56 scna_hmx_affine_relu=853 scna_reduction=713 scna_unpack=6507 qo_len=8 kv_len=4096 n_heads=12 n_kv_heads=2 head_dim=128 kv_head=0 worker=0 profiled_total=8955 q_load=2 k_load=224 v_load=186 qk_dot=5 safe_sm=8527 core_acc=7 o_scale=1 o_store=3 kv_dma_issue=0 kv_dma_wait=0 kv_transform=0
FIG8_ATTENTION_TIMERS mode=scna-hmx-fp16-d8-two-pass scna_function=0 scna_kernel=0 scna_pipeline=0 scna_engine=3 profile_version=1 phase=measure iteration=11 lut_exp=0 nonlinear_mode=1 scna_width=8 scna_exp=8469 scna_pack=56 scna_hmx_affine_relu=851 scna_reduction=713 scna_unpack=6508 qo_len=8 kv_len=4096 n_heads=12 n_kv_heads=2 head_dim=128 kv_head=1 worker=0 profiled_total=8970 q_load=2 k_load=238 v_load=190 qk_dot=6 safe_sm=8523 core_acc=6 o_scale=2 o_store=3 kv_dma_issue=0 kv_dma_wait=0 kv_transform=0
FIG8_ATTENTION_EVENT_COUNT mode=scna-hmx-fp16-d8-two-pass qo_len=8 phase=measure iteration=11 events=16 max_events=6320 overflow=0
FIG8_ATTENTION_HOST_TIMING mode=scna-hmx-fp16-d8-two-pass scna_function=exp2 scna_kernel=direct scna_pipeline=off scna_width=8 qo_len=8 kv_len=4096 n_heads=12 n_kv_heads=2 head_dim=128 phase=measure iteration=12 host_elapsed_us=18331 ret=0
FIG8_ATTENTION_PROFILE_COUNT mode=scna-hmx-fp16-d8-two-pass qo_len=8 phase=measure iteration=12 records=2 max_records=10
FIG8_ATTENTION_TIMERS mode=scna-hmx-fp16-d8-two-pass scna_function=0 scna_kernel=0 scna_pipeline=0 scna_engine=3 profile_version=1 phase=measure iteration=12 lut_exp=0 nonlinear_mode=1 scna_width=8 scna_exp=8461 scna_pack=58 scna_hmx_affine_relu=846 scna_reduction=714 scna_unpack=6507 qo_len=8 kv_len=4096 n_heads=12 n_kv_heads=2 head_dim=128 kv_head=0 worker=0 profiled_total=8949 q_load=2 k_load=225 v_load=186 qk_dot=5 safe_sm=8520 core_acc=7 o_scale=1 o_store=3 kv_dma_issue=0 kv_dma_wait=0 kv_transform=0
FIG8_ATTENTION_TIMERS mode=scna-hmx-fp16-d8-two-pass scna_function=0 scna_kernel=0 scna_pipeline=0 scna_engine=3 profile_version=1 phase=measure iteration=12 lut_exp=0 nonlinear_mode=1 scna_width=8 scna_exp=8465 scna_pack=68 scna_hmx_affine_relu=853 scna_reduction=718 scna_unpack=6509 qo_len=8 kv_len=4096 n_heads=12 n_kv_heads=2 head_dim=128 kv_head=1 worker=0 profiled_total=8966 q_load=2 k_load=239 v_load=188 qk_dot=6 safe_sm=8520 core_acc=6 o_scale=2 o_store=3 kv_dma_issue=0 kv_dma_wait=0 kv_transform=0
FIG8_ATTENTION_EVENT_COUNT mode=scna-hmx-fp16-d8-two-pass qo_len=8 phase=measure iteration=12 events=16 max_events=6320 overflow=0
FIG8_ATTENTION_HOST_TIMING mode=scna-hmx-fp16-d8-two-pass scna_function=exp2 scna_kernel=direct scna_pipeline=off scna_width=8 qo_len=8 kv_len=4096 n_heads=12 n_kv_heads=2 head_dim=128 phase=measure iteration=13 host_elapsed_us=18264 ret=0
FIG8_ATTENTION_PROFILE_COUNT mode=scna-hmx-fp16-d8-two-pass qo_len=8 phase=measure iteration=13 records=2 max_records=10
FIG8_ATTENTION_TIMERS mode=scna-hmx-fp16-d8-two-pass scna_function=0 scna_kernel=0 scna_pipeline=0 scna_engine=3 profile_version=1 phase=measure iteration=13 lut_exp=0 nonlinear_mode=1 scna_width=8 scna_exp=8468 scna_pack=56 scna_hmx_affine_relu=852 scna_reduction=714 scna_unpack=6507 qo_len=8 kv_len=4096 n_heads=12 n_kv_heads=2 head_dim=128 kv_head=0 worker=0 profiled_total=8950 q_load=2 k_load=219 v_load=186 qk_dot=5 safe_sm=8527 core_acc=6 o_scale=2 o_store=3 kv_dma_issue=0 kv_dma_wait=0 kv_transform=0
FIG8_ATTENTION_TIMERS mode=scna-hmx-fp16-d8-two-pass scna_function=0 scna_kernel=0 scna_pipeline=0 scna_engine=3 profile_version=1 phase=measure iteration=13 lut_exp=0 nonlinear_mode=1 scna_width=8 scna_exp=8465 scna_pack=61 scna_hmx_affine_relu=850 scna_reduction=715 scna_unpack=6508 qo_len=8 kv_len=4096 n_heads=12 n_kv_heads=2 head_dim=128 kv_head=1 worker=0 profiled_total=8965 q_load=2 k_load=237 v_load=188 qk_dot=6 safe_sm=8520 core_acc=7 o_scale=2 o_store=3 kv_dma_issue=0 kv_dma_wait=0 kv_transform=0
FIG8_ATTENTION_EVENT_COUNT mode=scna-hmx-fp16-d8-two-pass qo_len=8 phase=measure iteration=13 events=16 max_events=6320 overflow=0
FIG8_ATTENTION_HOST_TIMING mode=scna-hmx-fp16-d8-two-pass scna_function=exp2 scna_kernel=direct scna_pipeline=off scna_width=8 qo_len=8 kv_len=4096 n_heads=12 n_kv_heads=2 head_dim=128 phase=measure iteration=14 host_elapsed_us=18297 ret=0
FIG8_ATTENTION_PROFILE_COUNT mode=scna-hmx-fp16-d8-two-pass qo_len=8 phase=measure iteration=14 records=2 max_records=10
FIG8_ATTENTION_TIMERS mode=scna-hmx-fp16-d8-two-pass scna_function=0 scna_kernel=0 scna_pipeline=0 scna_engine=3 profile_version=1 phase=measure iteration=14 lut_exp=0 nonlinear_mode=1 scna_width=8 scna_exp=8468 scna_pack=55 scna_hmx_affine_relu=851 scna_reduction=713 scna_unpack=6507 qo_len=8 kv_len=4096 n_heads=12 n_kv_heads=2 head_dim=128 kv_head=0 worker=0 profiled_total=8949 q_load=2 k_load=221 v_load=184 qk_dot=5 safe_sm=8527 core_acc=6 o_scale=1 o_store=3 kv_dma_issue=0 kv_dma_wait=0 kv_transform=0
FIG8_ATTENTION_TIMERS mode=scna-hmx-fp16-d8-two-pass scna_function=0 scna_kernel=0 scna_pipeline=0 scna_engine=3 profile_version=1 phase=measure iteration=14 lut_exp=0 nonlinear_mode=1 scna_width=8 scna_exp=8469 scna_pack=58 scna_hmx_affine_relu=853 scna_reduction=714 scna_unpack=6509 qo_len=8 kv_len=4096 n_heads=12 n_kv_heads=2 head_dim=128 kv_head=1 worker=0 profiled_total=8965 q_load=2 k_load=233 v_load=188 qk_dot=6 safe_sm=8525 core_acc=6 o_scale=2 o_store=3 kv_dma_issue=0 kv_dma_wait=0 kv_transform=0
FIG8_ATTENTION_EVENT_COUNT mode=scna-hmx-fp16-d8-two-pass qo_len=8 phase=measure iteration=14 events=16 max_events=6320 overflow=0
FIG8_ATTENTION_HOST_TIMING mode=scna-hmx-fp16-d8-two-pass scna_function=exp2 scna_kernel=direct scna_pipeline=off scna_width=8 qo_len=8 kv_len=4096 n_heads=12 n_kv_heads=2 head_dim=128 phase=measure iteration=15 host_elapsed_us=18232 ret=0
FIG8_ATTENTION_PROFILE_COUNT mode=scna-hmx-fp16-d8-two-pass qo_len=8 phase=measure iteration=15 records=2 max_records=10
FIG8_ATTENTION_TIMERS mode=scna-hmx-fp16-d8-two-pass scna_function=0 scna_kernel=0 scna_pipeline=0 scna_engine=3 profile_version=1 phase=measure iteration=15 lut_exp=0 nonlinear_mode=1 scna_width=8 scna_exp=8465 scna_pack=58 scna_hmx_affine_relu=848 scna_reduction=715 scna_unpack=6507 qo_len=8 kv_len=4096 n_heads=12 n_kv_heads=2 head_dim=128 kv_head=0 worker=0 profiled_total=8951 q_load=2 k_load=221 v_load=186 qk_dot=5 safe_sm=8525 core_acc=7 o_scale=2 o_store=3 kv_dma_issue=0 kv_dma_wait=0 kv_transform=0
FIG8_ATTENTION_TIMERS mode=scna-hmx-fp16-d8-two-pass scna_function=0 scna_kernel=0 scna_pipeline=0 scna_engine=3 profile_version=1 phase=measure iteration=15 lut_exp=0 nonlinear_mode=1 scna_width=8 scna_exp=8465 scna_pack=67 scna_hmx_affine_relu=851 scna_reduction=716 scna_unpack=6508 qo_len=8 kv_len=4096 n_heads=12 n_kv_heads=2 head_dim=128 kv_head=1 worker=0 profiled_total=8965 q_load=2 k_load=238 v_load=187 qk_dot=6 safe_sm=8520 core_acc=7 o_scale=2 o_store=3 kv_dma_issue=0 kv_dma_wait=0 kv_transform=0
FIG8_ATTENTION_EVENT_COUNT mode=scna-hmx-fp16-d8-two-pass qo_len=8 phase=measure iteration=15 events=16 max_events=6320 overflow=0
FIG8_ATTENTION_HOST_TIMING mode=scna-hmx-fp16-d8-two-pass scna_function=exp2 scna_kernel=direct scna_pipeline=off scna_width=8 qo_len=8 kv_len=4096 n_heads=12 n_kv_heads=2 head_dim=128 phase=measure iteration=16 host_elapsed_us=18275 ret=0
FIG8_ATTENTION_PROFILE_COUNT mode=scna-hmx-fp16-d8-two-pass qo_len=8 phase=measure iteration=16 records=2 max_records=10
FIG8_ATTENTION_TIMERS mode=scna-hmx-fp16-d8-two-pass scna_function=0 scna_kernel=0 scna_pipeline=0 scna_engine=3 profile_version=1 phase=measure iteration=16 lut_exp=0 nonlinear_mode=1 scna_width=8 scna_exp=8464 scna_pack=58 scna_hmx_affine_relu=850 scna_reduction=714 scna_unpack=6508 qo_len=8 kv_len=4096 n_heads=12 n_kv_heads=2 head_dim=128 kv_head=0 worker=0 profiled_total=8949 q_load=2 k_load=221 v_load=186 qk_dot=5 safe_sm=8523 core_acc=7 o_scale=2 o_store=3 kv_dma_issue=0 kv_dma_wait=0 kv_transform=0
FIG8_ATTENTION_TIMERS mode=scna-hmx-fp16-d8-two-pass scna_function=0 scna_kernel=0 scna_pipeline=0 scna_engine=3 profile_version=1 phase=measure iteration=16 lut_exp=0 nonlinear_mode=1 scna_width=8 scna_exp=8464 scna_pack=56 scna_hmx_affine_relu=846 scna_reduction=715 scna_unpack=6507 qo_len=8 kv_len=4096 n_heads=12 n_kv_heads=2 head_dim=128 kv_head=1 worker=0 profiled_total=8964 q_load=2 k_load=236 v_load=189 qk_dot=6 safe_sm=8520 core_acc=6 o_scale=2 o_store=3 kv_dma_issue=0 kv_dma_wait=0 kv_transform=0
FIG8_ATTENTION_EVENT_COUNT mode=scna-hmx-fp16-d8-two-pass qo_len=8 phase=measure iteration=16 events=16 max_events=6320 overflow=0
FIG8_ATTENTION_HOST_TIMING mode=scna-hmx-fp16-d8-two-pass scna_function=exp2 scna_kernel=direct scna_pipeline=off scna_width=8 qo_len=8 kv_len=4096 n_heads=12 n_kv_heads=2 head_dim=128 phase=measure iteration=17 host_elapsed_us=18304 ret=0
FIG8_ATTENTION_PROFILE_COUNT mode=scna-hmx-fp16-d8-two-pass qo_len=8 phase=measure iteration=17 records=2 max_records=10
FIG8_ATTENTION_TIMERS mode=scna-hmx-fp16-d8-two-pass scna_function=0 scna_kernel=0 scna_pipeline=0 scna_engine=3 profile_version=1 phase=measure iteration=17 lut_exp=0 nonlinear_mode=1 scna_width=8 scna_exp=8465 scna_pack=62 scna_hmx_affine_relu=850 scna_reduction=715 scna_unpack=6508 qo_len=8 kv_len=4096 n_heads=12 n_kv_heads=2 head_dim=128 kv_head=0 worker=0 profiled_total=8946 q_load=2 k_load=220 v_load=185 qk_dot=5 safe_sm=8523 core_acc=7 o_scale=1 o_store=3 kv_dma_issue=0 kv_dma_wait=0 kv_transform=0
FIG8_ATTENTION_TIMERS mode=scna-hmx-fp16-d8-two-pass scna_function=0 scna_kernel=0 scna_pipeline=0 scna_engine=3 profile_version=1 phase=measure iteration=17 lut_exp=0 nonlinear_mode=1 scna_width=8 scna_exp=8465 scna_pack=58 scna_hmx_affine_relu=846 scna_reduction=715 scna_unpack=6507 qo_len=8 kv_len=4096 n_heads=12 n_kv_heads=2 head_dim=128 kv_head=1 worker=0 profiled_total=8953 q_load=2 k_load=228 v_load=187 qk_dot=6 safe_sm=8519 core_acc=6 o_scale=2 o_store=3 kv_dma_issue=0 kv_dma_wait=0 kv_transform=0
FIG8_ATTENTION_EVENT_COUNT mode=scna-hmx-fp16-d8-two-pass qo_len=8 phase=measure iteration=17 events=16 max_events=6320 overflow=0
FIG8_ATTENTION_HOST_TIMING mode=scna-hmx-fp16-d8-two-pass scna_function=exp2 scna_kernel=direct scna_pipeline=off scna_width=8 qo_len=8 kv_len=4096 n_heads=12 n_kv_heads=2 head_dim=128 phase=measure iteration=18 host_elapsed_us=18288 ret=0
FIG8_ATTENTION_PROFILE_COUNT mode=scna-hmx-fp16-d8-two-pass qo_len=8 phase=measure iteration=18 records=2 max_records=10
FIG8_ATTENTION_TIMERS mode=scna-hmx-fp16-d8-two-pass scna_function=0 scna_kernel=0 scna_pipeline=0 scna_engine=3 profile_version=1 phase=measure iteration=18 lut_exp=0 nonlinear_mode=1 scna_width=8 scna_exp=8464 scna_pack=63 scna_hmx_affine_relu=852 scna_reduction=716 scna_unpack=6507 qo_len=8 kv_len=4096 n_heads=12 n_kv_heads=2 head_dim=128 kv_head=0 worker=0 profiled_total=8946 q_load=2 k_load=220 v_load=183 qk_dot=5 safe_sm=8525 core_acc=7 o_scale=1 o_store=3 kv_dma_issue=0 kv_dma_wait=0 kv_transform=0
FIG8_ATTENTION_TIMERS mode=scna-hmx-fp16-d8-two-pass scna_function=0 scna_kernel=0 scna_pipeline=0 scna_engine=3 profile_version=1 phase=measure iteration=18 lut_exp=0 nonlinear_mode=1 scna_width=8 scna_exp=8464 scna_pack=57 scna_hmx_affine_relu=850 scna_reduction=714 scna_unpack=6508 qo_len=8 kv_len=4096 n_heads=12 n_kv_heads=2 head_dim=128 kv_head=1 worker=0 profiled_total=8963 q_load=2 k_load=236 v_load=188 qk_dot=6 safe_sm=8520 core_acc=6 o_scale=2 o_store=3 kv_dma_issue=0 kv_dma_wait=0 kv_transform=0
FIG8_ATTENTION_EVENT_COUNT mode=scna-hmx-fp16-d8-two-pass qo_len=8 phase=measure iteration=18 events=16 max_events=6320 overflow=0
FIG8_ATTENTION_HOST_TIMING mode=scna-hmx-fp16-d8-two-pass scna_function=exp2 scna_kernel=direct scna_pipeline=off scna_width=8 qo_len=8 kv_len=4096 n_heads=12 n_kv_heads=2 head_dim=128 phase=measure iteration=19 host_elapsed_us=18243 ret=0
FIG8_ATTENTION_PROFILE_COUNT mode=scna-hmx-fp16-d8-two-pass qo_len=8 phase=measure iteration=19 records=2 max_records=10
FIG8_ATTENTION_TIMERS mode=scna-hmx-fp16-d8-two-pass scna_function=0 scna_kernel=0 scna_pipeline=0 scna_engine=3 profile_version=1 phase=measure iteration=19 lut_exp=0 nonlinear_mode=1 scna_width=8 scna_exp=8465 scna_pack=65 scna_hmx_affine_relu=853 scna_reduction=716 scna_unpack=6507 qo_len=8 kv_len=4096 n_heads=12 n_kv_heads=2 head_dim=128 kv_head=0 worker=0 profiled_total=8944 q_load=2 k_load=219 v_load=184 qk_dot=5 safe_sm=8522 core_acc=7 o_scale=2 o_store=3 kv_dma_issue=0 kv_dma_wait=0 kv_transform=0
FIG8_ATTENTION_TIMERS mode=scna-hmx-fp16-d8-two-pass scna_function=0 scna_kernel=0 scna_pipeline=0 scna_engine=3 profile_version=1 phase=measure iteration=19 lut_exp=0 nonlinear_mode=1 scna_width=8 scna_exp=8465 scna_pack=66 scna_hmx_affine_relu=852 scna_reduction=716 scna_unpack=6509 qo_len=8 kv_len=4096 n_heads=12 n_kv_heads=2 head_dim=128 kv_head=1 worker=0 profiled_total=8964 q_load=2 k_load=238 v_load=188 qk_dot=6 safe_sm=8519 core_acc=6 o_scale=2 o_store=3 kv_dma_issue=0 kv_dma_wait=0 kv_transform=0
FIG8_ATTENTION_EVENT_COUNT mode=scna-hmx-fp16-d8-two-pass qo_len=8 phase=measure iteration=19 events=16 max_events=6320 overflow=0
