alloc_shared_mem_buf: buf=0x75bbe17000 fd=15 size=49152 flags=FASTRPC_MAP_FD
alloc_shared_mem_buf: buf=0x7322400000 fd=16 size=2097152 flags=FASTRPC_MAP_FD
alloc_shared_mem_buf: buf=0x7322200000 fd=17 size=2097152 flags=FASTRPC_MAP_FD
alloc_shared_mem_buf: buf=0x75bbe0b000 fd=18 size=49152 flags=FASTRPC_MAP_FD
alloc_shared_mem_buf: buf=0x75bbc10000 fd=19 size=65536 flags=FASTRPC_MAP_FD
alloc_shared_mem_buf: buf=0x7322710000 fd=20 size=457472 flags=FASTRPC_MAP_FD
alloc_shared_mem_buf: buf=0x75bc0b1000 fd=21 size=4096 flags=FASTRPC_MAP_FD
No-op channel request completed
FIG8_ATTENTION_CONFIG mode=scna-hmx-fp16-d8-hybrid scna_function=exp2 scna_kernel=direct scna_pipeline=off mask_mode=full qo_len=8 kv_len=4096 n_heads=12 n_kv_heads=2 head_dim=128 warmup=5 iters=20 scna_width=8 q_size=49152 kv_size=2097152 mask_size=65536 profile_size=457472 profile_max_records=10 profile_max_events=6320 mode_flags=4116 print_events=0
FIG8_ATTENTION_HOST_TIMING mode=scna-hmx-fp16-d8-hybrid scna_function=exp2 scna_kernel=direct scna_pipeline=off scna_width=8 qo_len=8 kv_len=4096 n_heads=12 n_kv_heads=2 head_dim=128 phase=warmup iteration=0 host_elapsed_us=107054 ret=0
FIG8_ATTENTION_PROFILE_COUNT mode=scna-hmx-fp16-d8-hybrid qo_len=8 phase=warmup iteration=0 records=2 max_records=10
FIG8_ATTENTION_TIMERS mode=scna-hmx-fp16-d8-hybrid scna_function=0 scna_kernel=0 scna_pipeline=0 scna_engine=2 profile_version=1 phase=warmup iteration=0 lut_exp=0 nonlinear_mode=1 scna_width=8 scna_exp=52883 scna_pack=58 scna_hmx_affine_relu=725 scna_reduction=31 scna_unpack=51736 qo_len=8 kv_len=4096 n_heads=12 n_kv_heads=2 head_dim=128 kv_head=0 worker=0 profiled_total=53323 q_load=3 k_load=190 v_load=170 qk_dot=4 safe_sm=52927 core_acc=21 o_scale=3 o_store=5 kv_dma_issue=0 kv_dma_wait=0 kv_transform=0
FIG8_ATTENTION_TIMERS mode=scna-hmx-fp16-d8-hybrid scna_function=0 scna_kernel=0 scna_pipeline=0 scna_engine=2 profile_version=1 phase=warmup iteration=0 lut_exp=0 nonlinear_mode=1 scna_width=8 scna_exp=52891 scna_pack=58 scna_hmx_affine_relu=737 scna_reduction=33 scna_unpack=51736 qo_len=8 kv_len=4096 n_heads=12 n_kv_heads=2 head_dim=128 kv_head=1 worker=0 profiled_total=53357 q_load=2 k_load=227 v_load=171 qk_dot=4 safe_sm=52929 core_acc=20 o_scale=1 o_store=3 kv_dma_issue=0 kv_dma_wait=0 kv_transform=0
FIG8_ATTENTION_EVENT_COUNT mode=scna-hmx-fp16-d8-hybrid qo_len=8 phase=warmup iteration=0 events=16 max_events=6320 overflow=0
FIG8_ATTENTION_HOST_TIMING mode=scna-hmx-fp16-d8-hybrid scna_function=exp2 scna_kernel=direct scna_pipeline=off scna_width=8 qo_len=8 kv_len=4096 n_heads=12 n_kv_heads=2 head_dim=128 phase=warmup iteration=1 host_elapsed_us=106922 ret=0
FIG8_ATTENTION_PROFILE_COUNT mode=scna-hmx-fp16-d8-hybrid qo_len=8 phase=warmup iteration=1 records=2 max_records=10
FIG8_ATTENTION_TIMERS mode=scna-hmx-fp16-d8-hybrid scna_function=0 scna_kernel=0 scna_pipeline=0 scna_engine=2 profile_version=1 phase=warmup iteration=1 lut_exp=0 nonlinear_mode=1 scna_width=8 scna_exp=52891 scna_pack=57 scna_hmx_affine_relu=738 scna_reduction=32 scna_unpack=51736 qo_len=8 kv_len=4096 n_heads=12 n_kv_heads=2 head_dim=128 kv_head=0 worker=0 profiled_total=53321 q_load=2 k_load=190 v_load=167 qk_dot=4 safe_sm=52933 core_acc=21 o_scale=1 o_store=3 kv_dma_issue=0 kv_dma_wait=0 kv_transform=0
FIG8_ATTENTION_TIMERS mode=scna-hmx-fp16-d8-hybrid scna_function=0 scna_kernel=0 scna_pipeline=0 scna_engine=2 profile_version=1 phase=warmup iteration=1 lut_exp=0 nonlinear_mode=1 scna_width=8 scna_exp=52890 scna_pack=57 scna_hmx_affine_relu=735 scna_reduction=32 scna_unpack=51733 qo_len=8 kv_len=4096 n_heads=12 n_kv_heads=2 head_dim=128 kv_head=1 worker=0 profiled_total=53329 q_load=2 k_load=209 v_load=164 qk_dot=4 safe_sm=52926 core_acc=20 o_scale=1 o_store=3 kv_dma_issue=0 kv_dma_wait=0 kv_transform=0
FIG8_ATTENTION_EVENT_COUNT mode=scna-hmx-fp16-d8-hybrid qo_len=8 phase=warmup iteration=1 events=16 max_events=6320 overflow=0
FIG8_ATTENTION_HOST_TIMING mode=scna-hmx-fp16-d8-hybrid scna_function=exp2 scna_kernel=direct scna_pipeline=off scna_width=8 qo_len=8 kv_len=4096 n_heads=12 n_kv_heads=2 head_dim=128 phase=warmup iteration=2 host_elapsed_us=107020 ret=0
FIG8_ATTENTION_PROFILE_COUNT mode=scna-hmx-fp16-d8-hybrid qo_len=8 phase=warmup iteration=2 records=2 max_records=10
FIG8_ATTENTION_TIMERS mode=scna-hmx-fp16-d8-hybrid scna_function=0 scna_kernel=0 scna_pipeline=0 scna_engine=2 profile_version=1 phase=warmup iteration=2 lut_exp=0 nonlinear_mode=1 scna_width=8 scna_exp=52889 scna_pack=57 scna_hmx_affine_relu=736 scna_reduction=33 scna_unpack=51734 qo_len=8 kv_len=4096 n_heads=12 n_kv_heads=2 head_dim=128 kv_head=0 worker=0 profiled_total=53316 q_load=2 k_load=186 v_load=169 qk_dot=4 safe_sm=52931 core_acc=20 o_scale=1 o_store=3 kv_dma_issue=0 kv_dma_wait=0 kv_transform=0
FIG8_ATTENTION_TIMERS mode=scna-hmx-fp16-d8-hybrid scna_function=0 scna_kernel=0 scna_pipeline=0 scna_engine=2 profile_version=1 phase=warmup iteration=2 lut_exp=0 nonlinear_mode=1 scna_width=8 scna_exp=52889 scna_pack=60 scna_hmx_affine_relu=738 scna_reduction=32 scna_unpack=51735 qo_len=8 kv_len=4096 n_heads=12 n_kv_heads=2 head_dim=128 kv_head=1 worker=0 profiled_total=53328 q_load=2 k_load=207 v_load=166 qk_dot=4 safe_sm=52924 core_acc=20 o_scale=2 o_store=3 kv_dma_issue=0 kv_dma_wait=0 kv_transform=0
FIG8_ATTENTION_EVENT_COUNT mode=scna-hmx-fp16-d8-hybrid qo_len=8 phase=warmup iteration=2 events=16 max_events=6320 overflow=0
FIG8_ATTENTION_HOST_TIMING mode=scna-hmx-fp16-d8-hybrid scna_function=exp2 scna_kernel=direct scna_pipeline=off scna_width=8 qo_len=8 kv_len=4096 n_heads=12 n_kv_heads=2 head_dim=128 phase=warmup iteration=3 host_elapsed_us=106924 ret=0
FIG8_ATTENTION_PROFILE_COUNT mode=scna-hmx-fp16-d8-hybrid qo_len=8 phase=warmup iteration=3 records=2 max_records=10
FIG8_ATTENTION_TIMERS mode=scna-hmx-fp16-d8-hybrid scna_function=0 scna_kernel=0 scna_pipeline=0 scna_engine=2 profile_version=1 phase=warmup iteration=3 lut_exp=0 nonlinear_mode=1 scna_width=8 scna_exp=52886 scna_pack=56 scna_hmx_affine_relu=730 scna_reduction=31 scna_unpack=51734 qo_len=8 kv_len=4096 n_heads=12 n_kv_heads=2 head_dim=128 kv_head=0 worker=0 profiled_total=53307 q_load=2 k_load=185 v_load=166 qk_dot=4 safe_sm=52925 core_acc=21 o_scale=1 o_store=3 kv_dma_issue=0 kv_dma_wait=0 kv_transform=0
FIG8_ATTENTION_TIMERS mode=scna-hmx-fp16-d8-hybrid scna_function=0 scna_kernel=0 scna_pipeline=0 scna_engine=2 profile_version=1 phase=warmup iteration=3 lut_exp=0 nonlinear_mode=1 scna_width=8 scna_exp=52887 scna_pack=55 scna_hmx_affine_relu=730 scna_reduction=31 scna_unpack=51732 qo_len=8 kv_len=4096 n_heads=12 n_kv_heads=2 head_dim=128 kv_head=1 worker=0 profiled_total=53316 q_load=2 k_load=197 v_load=165 qk_dot=4 safe_sm=52923 core_acc=20 o_scale=2 o_store=3 kv_dma_issue=0 kv_dma_wait=0 kv_transform=0
FIG8_ATTENTION_EVENT_COUNT mode=scna-hmx-fp16-d8-hybrid qo_len=8 phase=warmup iteration=3 events=16 max_events=6320 overflow=0
FIG8_ATTENTION_HOST_TIMING mode=scna-hmx-fp16-d8-hybrid scna_function=exp2 scna_kernel=direct scna_pipeline=off scna_width=8 qo_len=8 kv_len=4096 n_heads=12 n_kv_heads=2 head_dim=128 phase=warmup iteration=4 host_elapsed_us=106948 ret=0
FIG8_ATTENTION_PROFILE_COUNT mode=scna-hmx-fp16-d8-hybrid qo_len=8 phase=warmup iteration=4 records=2 max_records=10
FIG8_ATTENTION_TIMERS mode=scna-hmx-fp16-d8-hybrid scna_function=0 scna_kernel=0 scna_pipeline=0 scna_engine=2 profile_version=1 phase=warmup iteration=4 lut_exp=0 nonlinear_mode=1 scna_width=8 scna_exp=52890 scna_pack=57 scna_hmx_affine_relu=737 scna_reduction=32 scna_unpack=51736 qo_len=8 kv_len=4096 n_heads=12 n_kv_heads=2 head_dim=128 kv_head=0 worker=0 profiled_total=53287 q_load=2 k_load=170 v_load=158 qk_dot=3 safe_sm=52929 core_acc=21 o_scale=1 o_store=3 kv_dma_issue=0 kv_dma_wait=0 kv_transform=0
FIG8_ATTENTION_TIMERS mode=scna-hmx-fp16-d8-hybrid scna_function=0 scna_kernel=0 scna_pipeline=0 scna_engine=2 profile_version=1 phase=warmup iteration=4 lut_exp=0 nonlinear_mode=1 scna_width=8 scna_exp=52890 scna_pack=58 scna_hmx_affine_relu=736 scna_reduction=32 scna_unpack=51735 qo_len=8 kv_len=4096 n_heads=12 n_kv_heads=2 head_dim=128 kv_head=1 worker=0 profiled_total=53317 q_load=2 k_load=198 v_load=163 qk_dot=5 safe_sm=52924 core_acc=20 o_scale=2 o_store=3 kv_dma_issue=0 kv_dma_wait=0 kv_transform=0
FIG8_ATTENTION_EVENT_COUNT mode=scna-hmx-fp16-d8-hybrid qo_len=8 phase=warmup iteration=4 events=16 max_events=6320 overflow=0
FIG8_ATTENTION_HOST_TIMING mode=scna-hmx-fp16-d8-hybrid scna_function=exp2 scna_kernel=direct scna_pipeline=off scna_width=8 qo_len=8 kv_len=4096 n_heads=12 n_kv_heads=2 head_dim=128 phase=measure iteration=0 host_elapsed_us=106969 ret=0
FIG8_ATTENTION_PROFILE_COUNT mode=scna-hmx-fp16-d8-hybrid qo_len=8 phase=measure iteration=0 records=2 max_records=10
FIG8_ATTENTION_TIMERS mode=scna-hmx-fp16-d8-hybrid scna_function=0 scna_kernel=0 scna_pipeline=0 scna_engine=2 profile_version=1 phase=measure iteration=0 lut_exp=0 nonlinear_mode=1 scna_width=8 scna_exp=52889 scna_pack=58 scna_hmx_affine_relu=737 scna_reduction=32 scna_unpack=51736 qo_len=8 kv_len=4096 n_heads=12 n_kv_heads=2 head_dim=128 kv_head=0 worker=0 profiled_total=53293 q_load=2 k_load=173 v_load=160 qk_dot=4 safe_sm=52929 core_acc=21 o_scale=1 o_store=3 kv_dma_issue=0 kv_dma_wait=0 kv_transform=0
FIG8_ATTENTION_TIMERS mode=scna-hmx-fp16-d8-hybrid scna_function=0 scna_kernel=0 scna_pipeline=0 scna_engine=2 profile_version=1 phase=measure iteration=0 lut_exp=0 nonlinear_mode=1 scna_width=8 scna_exp=52889 scna_pack=56 scna_hmx_affine_relu=735 scna_reduction=32 scna_unpack=51735 qo_len=8 kv_len=4096 n_heads=12 n_kv_heads=2 head_dim=128 kv_head=1 worker=0 profiled_total=53310 q_load=2 k_load=193 v_load=162 qk_dot=4 safe_sm=52924 core_acc=20 o_scale=2 o_store=3 kv_dma_issue=0 kv_dma_wait=0 kv_transform=0
FIG8_ATTENTION_EVENT_COUNT mode=scna-hmx-fp16-d8-hybrid qo_len=8 phase=measure iteration=0 events=16 max_events=6320 overflow=0
FIG8_ATTENTION_HOST_TIMING mode=scna-hmx-fp16-d8-hybrid scna_function=exp2 scna_kernel=direct scna_pipeline=off scna_width=8 qo_len=8 kv_len=4096 n_heads=12 n_kv_heads=2 head_dim=128 phase=measure iteration=1 host_elapsed_us=106960 ret=0
FIG8_ATTENTION_PROFILE_COUNT mode=scna-hmx-fp16-d8-hybrid qo_len=8 phase=measure iteration=1 records=2 max_records=10
FIG8_ATTENTION_TIMERS mode=scna-hmx-fp16-d8-hybrid scna_function=0 scna_kernel=0 scna_pipeline=0 scna_engine=2 profile_version=1 phase=measure iteration=1 lut_exp=0 nonlinear_mode=1 scna_width=8 scna_exp=52889 scna_pack=58 scna_hmx_affine_relu=736 scna_reduction=32 scna_unpack=51735 qo_len=8 kv_len=4096 n_heads=12 n_kv_heads=2 head_dim=128 kv_head=0 worker=0 profiled_total=53280 q_load=2 k_load=167 v_load=156 qk_dot=4 safe_sm=52927 core_acc=20 o_scale=1 o_store=3 kv_dma_issue=0 kv_dma_wait=0 kv_transform=0
FIG8_ATTENTION_TIMERS mode=scna-hmx-fp16-d8-hybrid scna_function=0 scna_kernel=0 scna_pipeline=0 scna_engine=2 profile_version=1 phase=measure iteration=1 lut_exp=0 nonlinear_mode=1 scna_width=8 scna_exp=52889 scna_pack=59 scna_hmx_affine_relu=737 scna_reduction=32 scna_unpack=51736 qo_len=8 kv_len=4096 n_heads=12 n_kv_heads=2 head_dim=128 kv_head=1 worker=0 profiled_total=53288 q_load=2 k_load=183 v_load=153 qk_dot=4 safe_sm=52921 core_acc=20 o_scale=2 o_store=3 kv_dma_issue=0 kv_dma_wait=0 kv_transform=0
FIG8_ATTENTION_EVENT_COUNT mode=scna-hmx-fp16-d8-hybrid qo_len=8 phase=measure iteration=1 events=16 max_events=6320 overflow=0
FIG8_ATTENTION_HOST_TIMING mode=scna-hmx-fp16-d8-hybrid scna_function=exp2 scna_kernel=direct scna_pipeline=off scna_width=8 qo_len=8 kv_len=4096 n_heads=12 n_kv_heads=2 head_dim=128 phase=measure iteration=2 host_elapsed_us=106851 ret=0
FIG8_ATTENTION_PROFILE_COUNT mode=scna-hmx-fp16-d8-hybrid qo_len=8 phase=measure iteration=2 records=2 max_records=10
FIG8_ATTENTION_TIMERS mode=scna-hmx-fp16-d8-hybrid scna_function=0 scna_kernel=0 scna_pipeline=0 scna_engine=2 profile_version=1 phase=measure iteration=2 lut_exp=0 nonlinear_mode=1 scna_width=8 scna_exp=52890 scna_pack=58 scna_hmx_affine_relu=737 scna_reduction=33 scna_unpack=51736 qo_len=8 kv_len=4096 n_heads=12 n_kv_heads=2 head_dim=128 kv_head=0 worker=0 profiled_total=53272 q_load=2 k_load=162 v_load=153 qk_dot=4 safe_sm=52927 core_acc=20 o_scale=1 o_store=3 kv_dma_issue=0 kv_dma_wait=0 kv_transform=0
FIG8_ATTENTION_TIMERS mode=scna-hmx-fp16-d8-hybrid scna_function=0 scna_kernel=0 scna_pipeline=0 scna_engine=2 profile_version=1 phase=measure iteration=2 lut_exp=0 nonlinear_mode=1 scna_width=8 scna_exp=52888 scna_pack=58 scna_hmx_affine_relu=737 scna_reduction=33 scna_unpack=51736 qo_len=8 kv_len=4096 n_heads=12 n_kv_heads=2 head_dim=128 kv_head=1 worker=0 profiled_total=53288 q_load=2 k_load=185 v_load=153 qk_dot=4 safe_sm=52919 core_acc=20 o_scale=2 o_store=3 kv_dma_issue=0 kv_dma_wait=0 kv_transform=0
FIG8_ATTENTION_EVENT_COUNT mode=scna-hmx-fp16-d8-hybrid qo_len=8 phase=measure iteration=2 events=16 max_events=6320 overflow=0
FIG8_ATTENTION_HOST_TIMING mode=scna-hmx-fp16-d8-hybrid scna_function=exp2 scna_kernel=direct scna_pipeline=off scna_width=8 qo_len=8 kv_len=4096 n_heads=12 n_kv_heads=2 head_dim=128 phase=measure iteration=3 host_elapsed_us=106911 ret=0
FIG8_ATTENTION_PROFILE_COUNT mode=scna-hmx-fp16-d8-hybrid qo_len=8 phase=measure iteration=3 records=2 max_records=10
FIG8_ATTENTION_TIMERS mode=scna-hmx-fp16-d8-hybrid scna_function=0 scna_kernel=0 scna_pipeline=0 scna_engine=2 profile_version=1 phase=measure iteration=3 lut_exp=0 nonlinear_mode=1 scna_width=8 scna_exp=52889 scna_pack=56 scna_hmx_affine_relu=736 scna_reduction=31 scna_unpack=51734 qo_len=8 kv_len=4096 n_heads=12 n_kv_heads=2 head_dim=128 kv_head=0 worker=0 profiled_total=53273 q_load=2 k_load=163 v_load=154 qk_dot=4 safe_sm=52926 core_acc=20 o_scale=1 o_store=3 kv_dma_issue=0 kv_dma_wait=0 kv_transform=0
FIG8_ATTENTION_TIMERS mode=scna-hmx-fp16-d8-hybrid scna_function=0 scna_kernel=0 scna_pipeline=0 scna_engine=2 profile_version=1 phase=measure iteration=3 lut_exp=0 nonlinear_mode=1 scna_width=8 scna_exp=52889 scna_pack=55 scna_hmx_affine_relu=736 scna_reduction=33 scna_unpack=51734 qo_len=8 kv_len=4096 n_heads=12 n_kv_heads=2 head_dim=128 kv_head=1 worker=0 profiled_total=53291 q_load=2 k_load=182 v_load=156 qk_dot=4 safe_sm=52922 core_acc=20 o_scale=2 o_store=3 kv_dma_issue=0 kv_dma_wait=0 kv_transform=0
FIG8_ATTENTION_EVENT_COUNT mode=scna-hmx-fp16-d8-hybrid qo_len=8 phase=measure iteration=3 events=16 max_events=6320 overflow=0
FIG8_ATTENTION_HOST_TIMING mode=scna-hmx-fp16-d8-hybrid scna_function=exp2 scna_kernel=direct scna_pipeline=off scna_width=8 qo_len=8 kv_len=4096 n_heads=12 n_kv_heads=2 head_dim=128 phase=measure iteration=4 host_elapsed_us=106934 ret=0
FIG8_ATTENTION_PROFILE_COUNT mode=scna-hmx-fp16-d8-hybrid qo_len=8 phase=measure iteration=4 records=2 max_records=10
FIG8_ATTENTION_TIMERS mode=scna-hmx-fp16-d8-hybrid scna_function=0 scna_kernel=0 scna_pipeline=0 scna_engine=2 profile_version=1 phase=measure iteration=4 lut_exp=0 nonlinear_mode=1 scna_width=8 scna_exp=52890 scna_pack=57 scna_hmx_affine_relu=735 scna_reduction=33 scna_unpack=51736 qo_len=8 kv_len=4096 n_heads=12 n_kv_heads=2 head_dim=128 kv_head=0 worker=0 profiled_total=53270 q_load=2 k_load=160 v_load=153 qk_dot=4 safe_sm=52927 core_acc=20 o_scale=1 o_store=3 kv_dma_issue=0 kv_dma_wait=0 kv_transform=0
FIG8_ATTENTION_TIMERS mode=scna-hmx-fp16-d8-hybrid scna_function=0 scna_kernel=0 scna_pipeline=0 scna_engine=2 profile_version=1 phase=measure iteration=4 lut_exp=0 nonlinear_mode=1 scna_width=8 scna_exp=52889 scna_pack=59 scna_hmx_affine_relu=738 scna_reduction=33 scna_unpack=51735 qo_len=8 kv_len=4096 n_heads=12 n_kv_heads=2 head_dim=128 kv_head=1 worker=0 profiled_total=53290 q_load=2 k_load=185 v_load=152 qk_dot=4 safe_sm=52922 core_acc=20 o_scale=2 o_store=3 kv_dma_issue=0 kv_dma_wait=0 kv_transform=0
FIG8_ATTENTION_EVENT_COUNT mode=scna-hmx-fp16-d8-hybrid qo_len=8 phase=measure iteration=4 events=16 max_events=6320 overflow=0
FIG8_ATTENTION_HOST_TIMING mode=scna-hmx-fp16-d8-hybrid scna_function=exp2 scna_kernel=direct scna_pipeline=off scna_width=8 qo_len=8 kv_len=4096 n_heads=12 n_kv_heads=2 head_dim=128 phase=measure iteration=5 host_elapsed_us=106941 ret=0
FIG8_ATTENTION_PROFILE_COUNT mode=scna-hmx-fp16-d8-hybrid qo_len=8 phase=measure iteration=5 records=2 max_records=10
FIG8_ATTENTION_TIMERS mode=scna-hmx-fp16-d8-hybrid scna_function=0 scna_kernel=0 scna_pipeline=0 scna_engine=2 profile_version=1 phase=measure iteration=5 lut_exp=0 nonlinear_mode=1 scna_width=8 scna_exp=52889 scna_pack=58 scna_hmx_affine_relu=737 scna_reduction=32 scna_unpack=51735 qo_len=8 kv_len=4096 n_heads=12 n_kv_heads=2 head_dim=128 kv_head=0 worker=0 profiled_total=53268 q_load=2 k_load=163 v_load=149 qk_dot=4 safe_sm=52925 core_acc=21 o_scale=1 o_store=3 kv_dma_issue=0 kv_dma_wait=0 kv_transform=0
FIG8_ATTENTION_TIMERS mode=scna-hmx-fp16-d8-hybrid scna_function=0 scna_kernel=0 scna_pipeline=0 scna_engine=2 profile_version=1 phase=measure iteration=5 lut_exp=0 nonlinear_mode=1 scna_width=8 scna_exp=52889 scna_pack=57 scna_hmx_affine_relu=736 scna_reduction=32 scna_unpack=51734 qo_len=8 kv_len=4096 n_heads=12 n_kv_heads=2 head_dim=128 kv_head=1 worker=0 profiled_total=53279 q_load=2 k_load=179 v_load=148 qk_dot=4 safe_sm=52921 core_acc=20 o_scale=2 o_store=3 kv_dma_issue=0 kv_dma_wait=0 kv_transform=0
FIG8_ATTENTION_EVENT_COUNT mode=scna-hmx-fp16-d8-hybrid qo_len=8 phase=measure iteration=5 events=16 max_events=6320 overflow=0
FIG8_ATTENTION_HOST_TIMING mode=scna-hmx-fp16-d8-hybrid scna_function=exp2 scna_kernel=direct scna_pipeline=off scna_width=8 qo_len=8 kv_len=4096 n_heads=12 n_kv_heads=2 head_dim=128 phase=measure iteration=6 host_elapsed_us=106823 ret=0
FIG8_ATTENTION_PROFILE_COUNT mode=scna-hmx-fp16-d8-hybrid qo_len=8 phase=measure iteration=6 records=2 max_records=10
FIG8_ATTENTION_TIMERS mode=scna-hmx-fp16-d8-hybrid scna_function=0 scna_kernel=0 scna_pipeline=0 scna_engine=2 profile_version=1 phase=measure iteration=6 lut_exp=0 nonlinear_mode=1 scna_width=8 scna_exp=52889 scna_pack=57 scna_hmx_affine_relu=736 scna_reduction=32 scna_unpack=51735 qo_len=8 kv_len=4096 n_heads=12 n_kv_heads=2 head_dim=128 kv_head=0 worker=0 profiled_total=53265 q_load=2 k_load=163 v_load=145 qk_dot=3 safe_sm=52927 core_acc=21 o_scale=1 o_store=3 kv_dma_issue=0 kv_dma_wait=0 kv_transform=0
FIG8_ATTENTION_TIMERS mode=scna-hmx-fp16-d8-hybrid scna_function=0 scna_kernel=0 scna_pipeline=0 scna_engine=2 profile_version=1 phase=measure iteration=6 lut_exp=0 nonlinear_mode=1 scna_width=8 scna_exp=52890 scna_pack=58 scna_hmx_affine_relu=738 scna_reduction=32 scna_unpack=51736 qo_len=8 kv_len=4096 n_heads=12 n_kv_heads=2 head_dim=128 kv_head=1 worker=0 profiled_total=53274 q_load=2 k_load=175 v_load=148 qk_dot=4 safe_sm=52920 core_acc=20 o_scale=2 o_store=3 kv_dma_issue=0 kv_dma_wait=0 kv_transform=0
FIG8_ATTENTION_EVENT_COUNT mode=scna-hmx-fp16-d8-hybrid qo_len=8 phase=measure iteration=6 events=16 max_events=6320 overflow=0
FIG8_ATTENTION_HOST_TIMING mode=scna-hmx-fp16-d8-hybrid scna_function=exp2 scna_kernel=direct scna_pipeline=off scna_width=8 qo_len=8 kv_len=4096 n_heads=12 n_kv_heads=2 head_dim=128 phase=measure iteration=7 host_elapsed_us=106930 ret=0
FIG8_ATTENTION_PROFILE_COUNT mode=scna-hmx-fp16-d8-hybrid qo_len=8 phase=measure iteration=7 records=2 max_records=10
FIG8_ATTENTION_TIMERS mode=scna-hmx-fp16-d8-hybrid scna_function=0 scna_kernel=0 scna_pipeline=0 scna_engine=2 profile_version=1 phase=measure iteration=7 lut_exp=0 nonlinear_mode=1 scna_width=8 scna_exp=52889 scna_pack=57 scna_hmx_affine_relu=735 scna_reduction=31 scna_unpack=51734 qo_len=8 kv_len=4096 n_heads=12 n_kv_heads=2 head_dim=128 kv_head=0 worker=0 profiled_total=53262 q_load=2 k_load=158 v_load=148 qk_dot=4 safe_sm=52925 core_acc=21 o_scale=1 o_store=3 kv_dma_issue=0 kv_dma_wait=0 kv_transform=0
FIG8_ATTENTION_TIMERS mode=scna-hmx-fp16-d8-hybrid scna_function=0 scna_kernel=0 scna_pipeline=0 scna_engine=2 profile_version=1 phase=measure iteration=7 lut_exp=0 nonlinear_mode=1 scna_width=8 scna_exp=52889 scna_pack=60 scna_hmx_affine_relu=737 scna_reduction=33 scna_unpack=51735 qo_len=8 kv_len=4096 n_heads=12 n_kv_heads=2 head_dim=128 kv_head=1 worker=0 profiled_total=53272 q_load=2 k_load=175 v_load=146 qk_dot=4 safe_sm=52921 core_acc=20 o_scale=1 o_store=3 kv_dma_issue=0 kv_dma_wait=0 kv_transform=0
FIG8_ATTENTION_EVENT_COUNT mode=scna-hmx-fp16-d8-hybrid qo_len=8 phase=measure iteration=7 events=16 max_events=6320 overflow=0
FIG8_ATTENTION_HOST_TIMING mode=scna-hmx-fp16-d8-hybrid scna_function=exp2 scna_kernel=direct scna_pipeline=off scna_width=8 qo_len=8 kv_len=4096 n_heads=12 n_kv_heads=2 head_dim=128 phase=measure iteration=8 host_elapsed_us=106851 ret=0
FIG8_ATTENTION_PROFILE_COUNT mode=scna-hmx-fp16-d8-hybrid qo_len=8 phase=measure iteration=8 records=2 max_records=10
FIG8_ATTENTION_TIMERS mode=scna-hmx-fp16-d8-hybrid scna_function=0 scna_kernel=0 scna_pipeline=0 scna_engine=2 profile_version=1 phase=measure iteration=8 lut_exp=0 nonlinear_mode=1 scna_width=8 scna_exp=52889 scna_pack=57 scna_hmx_affine_relu=737 scna_reduction=33 scna_unpack=51736 qo_len=8 kv_len=4096 n_heads=12 n_kv_heads=2 head_dim=128 kv_head=0 worker=0 profiled_total=53259 q_load=2 k_load=156 v_load=147 qk_dot=4 safe_sm=52925 core_acc=21 o_scale=1 o_store=3 kv_dma_issue=0 kv_dma_wait=0 kv_transform=0
FIG8_ATTENTION_TIMERS mode=scna-hmx-fp16-d8-hybrid scna_function=0 scna_kernel=0 scna_pipeline=0 scna_engine=2 profile_version=1 phase=measure iteration=8 lut_exp=0 nonlinear_mode=1 scna_width=8 scna_exp=52890 scna_pack=57 scna_hmx_affine_relu=737 scna_reduction=33 scna_unpack=51736 qo_len=8 kv_len=4096 n_heads=12 n_kv_heads=2 head_dim=128 kv_head=1 worker=0 profiled_total=53273 q_load=2 k_load=173 v_load=148 qk_dot=4 safe_sm=52921 core_acc=20 o_scale=2 o_store=3 kv_dma_issue=0 kv_dma_wait=0 kv_transform=0
FIG8_ATTENTION_EVENT_COUNT mode=scna-hmx-fp16-d8-hybrid qo_len=8 phase=measure iteration=8 events=16 max_events=6320 overflow=0
FIG8_ATTENTION_HOST_TIMING mode=scna-hmx-fp16-d8-hybrid scna_function=exp2 scna_kernel=direct scna_pipeline=off scna_width=8 qo_len=8 kv_len=4096 n_heads=12 n_kv_heads=2 head_dim=128 phase=measure iteration=9 host_elapsed_us=106891 ret=0
FIG8_ATTENTION_PROFILE_COUNT mode=scna-hmx-fp16-d8-hybrid qo_len=8 phase=measure iteration=9 records=2 max_records=10
FIG8_ATTENTION_TIMERS mode=scna-hmx-fp16-d8-hybrid scna_function=0 scna_kernel=0 scna_pipeline=0 scna_engine=2 profile_version=1 phase=measure iteration=9 lut_exp=0 nonlinear_mode=1 scna_width=8 scna_exp=52889 scna_pack=59 scna_hmx_affine_relu=736 scna_reduction=33 scna_unpack=51736 qo_len=8 kv_len=4096 n_heads=12 n_kv_heads=2 head_dim=128 kv_head=0 worker=0 profiled_total=53257 q_load=2 k_load=156 v_load=145 qk_dot=4 safe_sm=52926 core_acc=20 o_scale=1 o_store=3 kv_dma_issue=0 kv_dma_wait=0 kv_transform=0
FIG8_ATTENTION_TIMERS mode=scna-hmx-fp16-d8-hybrid scna_function=0 scna_kernel=0 scna_pipeline=0 scna_engine=2 profile_version=1 phase=measure iteration=9 lut_exp=0 nonlinear_mode=1 scna_width=8 scna_exp=52889 scna_pack=56 scna_hmx_affine_relu=735 scna_reduction=32 scna_unpack=51735 qo_len=8 kv_len=4096 n_heads=12 n_kv_heads=2 head_dim=128 kv_head=1 worker=0 profiled_total=53270 q_load=2 k_load=171 v_load=148 qk_dot=4 safe_sm=52921 core_acc=20 o_scale=1 o_store=3 kv_dma_issue=0 kv_dma_wait=0 kv_transform=0
FIG8_ATTENTION_EVENT_COUNT mode=scna-hmx-fp16-d8-hybrid qo_len=8 phase=measure iteration=9 events=16 max_events=6320 overflow=0
FIG8_ATTENTION_HOST_TIMING mode=scna-hmx-fp16-d8-hybrid scna_function=exp2 scna_kernel=direct scna_pipeline=off scna_width=8 qo_len=8 kv_len=4096 n_heads=12 n_kv_heads=2 head_dim=128 phase=measure iteration=10 host_elapsed_us=106898 ret=0
FIG8_ATTENTION_PROFILE_COUNT mode=scna-hmx-fp16-d8-hybrid qo_len=8 phase=measure iteration=10 records=2 max_records=10
FIG8_ATTENTION_TIMERS mode=scna-hmx-fp16-d8-hybrid scna_function=0 scna_kernel=0 scna_pipeline=0 scna_engine=2 profile_version=1 phase=measure iteration=10 lut_exp=0 nonlinear_mode=1 scna_width=8 scna_exp=52889 scna_pack=59 scna_hmx_affine_relu=737 scna_reduction=33 scna_unpack=51734 qo_len=8 kv_len=4096 n_heads=12 n_kv_heads=2 head_dim=128 kv_head=0 worker=0 profiled_total=53266 q_load=2 k_load=155 v_load=156 qk_dot=4 safe_sm=52925 core_acc=20 o_scale=1 o_store=3 kv_dma_issue=0 kv_dma_wait=0 kv_transform=0
FIG8_ATTENTION_TIMERS mode=scna-hmx-fp16-d8-hybrid scna_function=0 scna_kernel=0 scna_pipeline=0 scna_engine=2 profile_version=1 phase=measure iteration=10 lut_exp=0 nonlinear_mode=1 scna_width=8 scna_exp=52889 scna_pack=57 scna_hmx_affine_relu=737 scna_reduction=33 scna_unpack=51735 qo_len=8 kv_len=4096 n_heads=12 n_kv_heads=2 head_dim=128 kv_head=1 worker=0 profiled_total=53282 q_load=2 k_load=172 v_load=158 qk_dot=4 safe_sm=52922 core_acc=20 o_scale=1 o_store=3 kv_dma_issue=0 kv_dma_wait=0 kv_transform=0
FIG8_ATTENTION_EVENT_COUNT mode=scna-hmx-fp16-d8-hybrid qo_len=8 phase=measure iteration=10 events=16 max_events=6320 overflow=0
FIG8_ATTENTION_HOST_TIMING mode=scna-hmx-fp16-d8-hybrid scna_function=exp2 scna_kernel=direct scna_pipeline=off scna_width=8 qo_len=8 kv_len=4096 n_heads=12 n_kv_heads=2 head_dim=128 phase=measure iteration=11 host_elapsed_us=106809 ret=0
FIG8_ATTENTION_PROFILE_COUNT mode=scna-hmx-fp16-d8-hybrid qo_len=8 phase=measure iteration=11 records=2 max_records=10
FIG8_ATTENTION_TIMERS mode=scna-hmx-fp16-d8-hybrid scna_function=0 scna_kernel=0 scna_pipeline=0 scna_engine=2 profile_version=1 phase=measure iteration=11 lut_exp=0 nonlinear_mode=1 scna_width=8 scna_exp=52889 scna_pack=58 scna_hmx_affine_relu=736 scna_reduction=31 scna_unpack=51736 qo_len=8 kv_len=4096 n_heads=12 n_kv_heads=2 head_dim=128 kv_head=0 worker=0 profiled_total=53253 q_load=2 k_load=163 v_load=133 qk_dot=4 safe_sm=52927 core_acc=20 o_scale=1 o_store=3 kv_dma_issue=0 kv_dma_wait=0 kv_transform=0
FIG8_ATTENTION_TIMERS mode=scna-hmx-fp16-d8-hybrid scna_function=0 scna_kernel=0 scna_pipeline=0 scna_engine=2 profile_version=1 phase=measure iteration=11 lut_exp=0 nonlinear_mode=1 scna_width=8 scna_exp=52889 scna_pack=58 scna_hmx_affine_relu=737 scna_reduction=33 scna_unpack=51735 qo_len=8 kv_len=4096 n_heads=12 n_kv_heads=2 head_dim=128 kv_head=1 worker=0 profiled_total=53270 q_load=2 k_load=170 v_load=149 qk_dot=4 safe_sm=52921 core_acc=20 o_scale=1 o_store=3 kv_dma_issue=0 kv_dma_wait=0 kv_transform=0
FIG8_ATTENTION_EVENT_COUNT mode=scna-hmx-fp16-d8-hybrid qo_len=8 phase=measure iteration=11 events=16 max_events=6320 overflow=0
FIG8_ATTENTION_HOST_TIMING mode=scna-hmx-fp16-d8-hybrid scna_function=exp2 scna_kernel=direct scna_pipeline=off scna_width=8 qo_len=8 kv_len=4096 n_heads=12 n_kv_heads=2 head_dim=128 phase=measure iteration=12 host_elapsed_us=106792 ret=0
FIG8_ATTENTION_PROFILE_COUNT mode=scna-hmx-fp16-d8-hybrid qo_len=8 phase=measure iteration=12 records=2 max_records=10
FIG8_ATTENTION_TIMERS mode=scna-hmx-fp16-d8-hybrid scna_function=0 scna_kernel=0 scna_pipeline=0 scna_engine=2 profile_version=1 phase=measure iteration=12 lut_exp=0 nonlinear_mode=1 scna_width=8 scna_exp=52889 scna_pack=57 scna_hmx_affine_relu=736 scna_reduction=32 scna_unpack=51734 qo_len=8 kv_len=4096 n_heads=12 n_kv_heads=2 head_dim=128 kv_head=0 worker=0 profiled_total=53252 q_load=2 k_load=159 v_load=138 qk_dot=4 safe_sm=52925 core_acc=20 o_scale=1 o_store=3 kv_dma_issue=0 kv_dma_wait=0 kv_transform=0
FIG8_ATTENTION_TIMERS mode=scna-hmx-fp16-d8-hybrid scna_function=0 scna_kernel=0 scna_pipeline=0 scna_engine=2 profile_version=1 phase=measure iteration=12 lut_exp=0 nonlinear_mode=1 scna_width=8 scna_exp=52889 scna_pack=57 scna_hmx_affine_relu=735 scna_reduction=32 scna_unpack=51733 qo_len=8 kv_len=4096 n_heads=12 n_kv_heads=2 head_dim=128 kv_head=1 worker=0 profiled_total=53271 q_load=2 k_load=170 v_load=151 qk_dot=4 safe_sm=52919 core_acc=20 o_scale=2 o_store=3 kv_dma_issue=0 kv_dma_wait=0 kv_transform=0
FIG8_ATTENTION_EVENT_COUNT mode=scna-hmx-fp16-d8-hybrid qo_len=8 phase=measure iteration=12 events=16 max_events=6320 overflow=0
FIG8_ATTENTION_HOST_TIMING mode=scna-hmx-fp16-d8-hybrid scna_function=exp2 scna_kernel=direct scna_pipeline=off scna_width=8 qo_len=8 kv_len=4096 n_heads=12 n_kv_heads=2 head_dim=128 phase=measure iteration=13 host_elapsed_us=106904 ret=0
FIG8_ATTENTION_PROFILE_COUNT mode=scna-hmx-fp16-d8-hybrid qo_len=8 phase=measure iteration=13 records=2 max_records=10
FIG8_ATTENTION_TIMERS mode=scna-hmx-fp16-d8-hybrid scna_function=0 scna_kernel=0 scna_pipeline=0 scna_engine=2 profile_version=1 phase=measure iteration=13 lut_exp=0 nonlinear_mode=1 scna_width=8 scna_exp=52889 scna_pack=57 scna_hmx_affine_relu=735 scna_reduction=33 scna_unpack=51736 qo_len=8 kv_len=4096 n_heads=12 n_kv_heads=2 head_dim=128 kv_head=0 worker=0 profiled_total=53247 q_load=2 k_load=158 v_load=134 qk_dot=4 safe_sm=52925 core_acc=20 o_scale=1 o_store=3 kv_dma_issue=0 kv_dma_wait=0 kv_transform=0
FIG8_ATTENTION_TIMERS mode=scna-hmx-fp16-d8-hybrid scna_function=0 scna_kernel=0 scna_pipeline=0 scna_engine=2 profile_version=1 phase=measure iteration=13 lut_exp=0 nonlinear_mode=1 scna_width=8 scna_exp=52888 scna_pack=59 scna_hmx_affine_relu=735 scna_reduction=32 scna_unpack=51735 qo_len=8 kv_len=4096 n_heads=12 n_kv_heads=2 head_dim=128 kv_head=1 worker=0 profiled_total=53276 q_load=2 k_load=175 v_load=151 qk_dot=4 safe_sm=52919 core_acc=20 o_scale=2 o_store=3 kv_dma_issue=0 kv_dma_wait=0 kv_transform=0
FIG8_ATTENTION_EVENT_COUNT mode=scna-hmx-fp16-d8-hybrid qo_len=8 phase=measure iteration=13 events=16 max_events=6320 overflow=0
FIG8_ATTENTION_HOST_TIMING mode=scna-hmx-fp16-d8-hybrid scna_function=exp2 scna_kernel=direct scna_pipeline=off scna_width=8 qo_len=8 kv_len=4096 n_heads=12 n_kv_heads=2 head_dim=128 phase=measure iteration=14 host_elapsed_us=106831 ret=0
FIG8_ATTENTION_PROFILE_COUNT mode=scna-hmx-fp16-d8-hybrid qo_len=8 phase=measure iteration=14 records=2 max_records=10
FIG8_ATTENTION_TIMERS mode=scna-hmx-fp16-d8-hybrid scna_function=0 scna_kernel=0 scna_pipeline=0 scna_engine=2 profile_version=1 phase=measure iteration=14 lut_exp=0 nonlinear_mode=1 scna_width=8 scna_exp=52889 scna_pack=59 scna_hmx_affine_relu=738 scna_reduction=33 scna_unpack=51735 qo_len=8 kv_len=4096 n_heads=12 n_kv_heads=2 head_dim=128 kv_head=0 worker=0 profiled_total=53252 q_load=2 k_load=155 v_load=143 qk_dot=4 safe_sm=52924 core_acc=20 o_scale=1 o_store=3 kv_dma_issue=0 kv_dma_wait=0 kv_transform=0
FIG8_ATTENTION_TIMERS mode=scna-hmx-fp16-d8-hybrid scna_function=0 scna_kernel=0 scna_pipeline=0 scna_engine=2 profile_version=1 phase=measure iteration=14 lut_exp=0 nonlinear_mode=1 scna_width=8 scna_exp=52888 scna_pack=58 scna_hmx_affine_relu=736 scna_reduction=33 scna_unpack=51735 qo_len=8 kv_len=4096 n_heads=12 n_kv_heads=2 head_dim=128 kv_head=1 worker=0 profiled_total=53270 q_load=2 k_load=172 v_load=148 qk_dot=4 safe_sm=52919 core_acc=20 o_scale=2 o_store=3 kv_dma_issue=0 kv_dma_wait=0 kv_transform=0
FIG8_ATTENTION_EVENT_COUNT mode=scna-hmx-fp16-d8-hybrid qo_len=8 phase=measure iteration=14 events=16 max_events=6320 overflow=0
FIG8_ATTENTION_HOST_TIMING mode=scna-hmx-fp16-d8-hybrid scna_function=exp2 scna_kernel=direct scna_pipeline=off scna_width=8 qo_len=8 kv_len=4096 n_heads=12 n_kv_heads=2 head_dim=128 phase=measure iteration=15 host_elapsed_us=106892 ret=0
FIG8_ATTENTION_PROFILE_COUNT mode=scna-hmx-fp16-d8-hybrid qo_len=8 phase=measure iteration=15 records=2 max_records=10
FIG8_ATTENTION_TIMERS mode=scna-hmx-fp16-d8-hybrid scna_function=0 scna_kernel=0 scna_pipeline=0 scna_engine=2 profile_version=1 phase=measure iteration=15 lut_exp=0 nonlinear_mode=1 scna_width=8 scna_exp=52889 scna_pack=60 scna_hmx_affine_relu=737 scna_reduction=33 scna_unpack=51736 qo_len=8 kv_len=4096 n_heads=12 n_kv_heads=2 head_dim=128 kv_head=0 worker=0 profiled_total=53249 q_load=2 k_load=157 v_load=136 qk_dot=4 safe_sm=52925 core_acc=21 o_scale=1 o_store=3 kv_dma_issue=0 kv_dma_wait=0 kv_transform=0
FIG8_ATTENTION_TIMERS mode=scna-hmx-fp16-d8-hybrid scna_function=0 scna_kernel=0 scna_pipeline=0 scna_engine=2 profile_version=1 phase=measure iteration=15 lut_exp=0 nonlinear_mode=1 scna_width=8 scna_exp=52889 scna_pack=59 scna_hmx_affine_relu=737 scna_reduction=33 scna_unpack=51735 qo_len=8 kv_len=4096 n_heads=12 n_kv_heads=2 head_dim=128 kv_head=1 worker=0 profiled_total=53278 q_load=2 k_load=175 v_load=152 qk_dot=4 safe_sm=52920 core_acc=20 o_scale=2 o_store=3 kv_dma_issue=0 kv_dma_wait=0 kv_transform=0
FIG8_ATTENTION_EVENT_COUNT mode=scna-hmx-fp16-d8-hybrid qo_len=8 phase=measure iteration=15 events=16 max_events=6320 overflow=0
FIG8_ATTENTION_HOST_TIMING mode=scna-hmx-fp16-d8-hybrid scna_function=exp2 scna_kernel=direct scna_pipeline=off scna_width=8 qo_len=8 kv_len=4096 n_heads=12 n_kv_heads=2 head_dim=128 phase=measure iteration=16 host_elapsed_us=106892 ret=0
FIG8_ATTENTION_PROFILE_COUNT mode=scna-hmx-fp16-d8-hybrid qo_len=8 phase=measure iteration=16 records=2 max_records=10
FIG8_ATTENTION_TIMERS mode=scna-hmx-fp16-d8-hybrid scna_function=0 scna_kernel=0 scna_pipeline=0 scna_engine=2 profile_version=1 phase=measure iteration=16 lut_exp=0 nonlinear_mode=1 scna_width=8 scna_exp=52889 scna_pack=57 scna_hmx_affine_relu=736 scna_reduction=33 scna_unpack=51734 qo_len=8 kv_len=4096 n_heads=12 n_kv_heads=2 head_dim=128 kv_head=0 worker=0 profiled_total=53255 q_load=2 k_load=156 v_load=143 qk_dot=4 safe_sm=52925 core_acc=21 o_scale=1 o_store=3 kv_dma_issue=0 kv_dma_wait=0 kv_transform=0
FIG8_ATTENTION_TIMERS mode=scna-hmx-fp16-d8-hybrid scna_function=0 scna_kernel=0 scna_pipeline=0 scna_engine=2 profile_version=1 phase=measure iteration=16 lut_exp=0 nonlinear_mode=1 scna_width=8 scna_exp=52889 scna_pack=58 scna_hmx_affine_relu=737 scna_reduction=32 scna_unpack=51735 qo_len=8 kv_len=4096 n_heads=12 n_kv_heads=2 head_dim=128 kv_head=1 worker=0 profiled_total=53276 q_load=2 k_load=173 v_load=152 qk_dot=4 safe_sm=52920 core_acc=20 o_scale=2 o_store=3 kv_dma_issue=0 kv_dma_wait=0 kv_transform=0
FIG8_ATTENTION_EVENT_COUNT mode=scna-hmx-fp16-d8-hybrid qo_len=8 phase=measure iteration=16 events=16 max_events=6320 overflow=0
FIG8_ATTENTION_HOST_TIMING mode=scna-hmx-fp16-d8-hybrid scna_function=exp2 scna_kernel=direct scna_pipeline=off scna_width=8 qo_len=8 kv_len=4096 n_heads=12 n_kv_heads=2 head_dim=128 phase=measure iteration=17 host_elapsed_us=106871 ret=0
FIG8_ATTENTION_PROFILE_COUNT mode=scna-hmx-fp16-d8-hybrid qo_len=8 phase=measure iteration=17 records=2 max_records=10
FIG8_ATTENTION_TIMERS mode=scna-hmx-fp16-d8-hybrid scna_function=0 scna_kernel=0 scna_pipeline=0 scna_engine=2 profile_version=1 phase=measure iteration=17 lut_exp=0 nonlinear_mode=1 scna_width=8 scna_exp=52890 scna_pack=57 scna_hmx_affine_relu=737 scna_reduction=32 scna_unpack=51736 qo_len=8 kv_len=4096 n_heads=12 n_kv_heads=2 head_dim=128 kv_head=0 worker=0 profiled_total=53250 q_load=2 k_load=155 v_load=139 qk_dot=4 safe_sm=52926 core_acc=20 o_scale=1 o_store=3 kv_dma_issue=0 kv_dma_wait=0 kv_transform=0
FIG8_ATTENTION_TIMERS mode=scna-hmx-fp16-d8-hybrid scna_function=0 scna_kernel=0 scna_pipeline=0 scna_engine=2 profile_version=1 phase=measure iteration=17 lut_exp=0 nonlinear_mode=1 scna_width=8 scna_exp=52889 scna_pack=57 scna_hmx_affine_relu=738 scna_reduction=33 scna_unpack=51735 qo_len=8 kv_len=4096 n_heads=12 n_kv_heads=2 head_dim=128 kv_head=1 worker=0 profiled_total=53267 q_load=2 k_load=173 v_load=143 qk_dot=4 safe_sm=52921 core_acc=20 o_scale=1 o_store=3 kv_dma_issue=0 kv_dma_wait=0 kv_transform=0
FIG8_ATTENTION_EVENT_COUNT mode=scna-hmx-fp16-d8-hybrid qo_len=8 phase=measure iteration=17 events=16 max_events=6320 overflow=0
FIG8_ATTENTION_HOST_TIMING mode=scna-hmx-fp16-d8-hybrid scna_function=exp2 scna_kernel=direct scna_pipeline=off scna_width=8 qo_len=8 kv_len=4096 n_heads=12 n_kv_heads=2 head_dim=128 phase=measure iteration=18 host_elapsed_us=106849 ret=0
FIG8_ATTENTION_PROFILE_COUNT mode=scna-hmx-fp16-d8-hybrid qo_len=8 phase=measure iteration=18 records=2 max_records=10
FIG8_ATTENTION_TIMERS mode=scna-hmx-fp16-d8-hybrid scna_function=0 scna_kernel=0 scna_pipeline=0 scna_engine=2 profile_version=1 phase=measure iteration=18 lut_exp=0 nonlinear_mode=1 scna_width=8 scna_exp=52889 scna_pack=58 scna_hmx_affine_relu=736 scna_reduction=31 scna_unpack=51736 qo_len=8 kv_len=4096 n_heads=12 n_kv_heads=2 head_dim=128 kv_head=0 worker=0 profiled_total=53255 q_load=2 k_load=158 v_load=141 qk_dot=4 safe_sm=52925 core_acc=21 o_scale=1 o_store=3 kv_dma_issue=0 kv_dma_wait=0 kv_transform=0
FIG8_ATTENTION_TIMERS mode=scna-hmx-fp16-d8-hybrid scna_function=0 scna_kernel=0 scna_pipeline=0 scna_engine=2 profile_version=1 phase=measure iteration=18 lut_exp=0 nonlinear_mode=1 scna_width=8 scna_exp=52889 scna_pack=57 scna_hmx_affine_relu=738 scna_reduction=32 scna_unpack=51735 qo_len=8 kv_len=4096 n_heads=12 n_kv_heads=2 head_dim=128 kv_head=1 worker=0 profiled_total=53271 q_load=2 k_load=173 v_load=149 qk_dot=4 safe_sm=52919 core_acc=20 o_scale=1 o_store=3 kv_dma_issue=0 kv_dma_wait=0 kv_transform=0
FIG8_ATTENTION_EVENT_COUNT mode=scna-hmx-fp16-d8-hybrid qo_len=8 phase=measure iteration=18 events=16 max_events=6320 overflow=0
FIG8_ATTENTION_HOST_TIMING mode=scna-hmx-fp16-d8-hybrid scna_function=exp2 scna_kernel=direct scna_pipeline=off scna_width=8 qo_len=8 kv_len=4096 n_heads=12 n_kv_heads=2 head_dim=128 phase=measure iteration=19 host_elapsed_us=106816 ret=0
FIG8_ATTENTION_PROFILE_COUNT mode=scna-hmx-fp16-d8-hybrid qo_len=8 phase=measure iteration=19 records=2 max_records=10
FIG8_ATTENTION_TIMERS mode=scna-hmx-fp16-d8-hybrid scna_function=0 scna_kernel=0 scna_pipeline=0 scna_engine=2 profile_version=1 phase=measure iteration=19 lut_exp=0 nonlinear_mode=1 scna_width=8 scna_exp=52889 scna_pack=58 scna_hmx_affine_relu=735 scna_reduction=32 scna_unpack=51735 qo_len=8 kv_len=4096 n_heads=12 n_kv_heads=2 head_dim=128 kv_head=0 worker=0 profiled_total=53253 q_load=2 k_load=159 v_load=140 qk_dot=4 safe_sm=52924 core_acc=20 o_scale=1 o_store=3 kv_dma_issue=0 kv_dma_wait=0 kv_transform=0
FIG8_ATTENTION_TIMERS mode=scna-hmx-fp16-d8-hybrid scna_function=0 scna_kernel=0 scna_pipeline=0 scna_engine=2 profile_version=1 phase=measure iteration=19 lut_exp=0 nonlinear_mode=1 scna_width=8 scna_exp=52889 scna_pack=58 scna_hmx_affine_relu=736 scna_reduction=32 scna_unpack=51735 qo_len=8 kv_len=4096 n_heads=12 n_kv_heads=2 head_dim=128 kv_head=1 worker=0 profiled_total=53267 q_load=2 k_load=171 v_load=146 qk_dot=4 safe_sm=52920 core_acc=20 o_scale=1 o_store=3 kv_dma_issue=0 kv_dma_wait=0 kv_transform=0
FIG8_ATTENTION_EVENT_COUNT mode=scna-hmx-fp16-d8-hybrid qo_len=8 phase=measure iteration=19 events=16 max_events=6320 overflow=0
