alloc_shared_mem_buf: buf=0x712a658000 fd=15 size=49152 flags=FASTRPC_MAP_FD
alloc_shared_mem_buf: buf=0x6e92600000 fd=16 size=2097152 flags=FASTRPC_MAP_FD
alloc_shared_mem_buf: buf=0x6e92400000 fd=17 size=2097152 flags=FASTRPC_MAP_FD
alloc_shared_mem_buf: buf=0x712a63f000 fd=18 size=49152 flags=FASTRPC_MAP_FD
alloc_shared_mem_buf: buf=0x712a320000 fd=19 size=65536 flags=FASTRPC_MAP_FD
alloc_shared_mem_buf: buf=0x6e92390000 fd=20 size=457472 flags=FASTRPC_MAP_FD
alloc_shared_mem_buf: buf=0x712a92d000 fd=21 size=4096 flags=FASTRPC_MAP_FD
No-op channel request completed
FIG8_ATTENTION_CONFIG mode=lut-exp scna_function=exp2 scna_kernel=direct scna_pipeline=off mask_mode=full qo_len=8 kv_len=4096 n_heads=12 n_kv_heads=2 head_dim=128 warmup=5 iters=20 scna_width=16 q_size=49152 kv_size=2097152 mask_size=65536 profile_size=457472 profile_max_records=10 profile_max_events=6320 mode_flags=1 print_events=0
FIG8_ATTENTION_HOST_TIMING mode=lut-exp scna_function=exp2 scna_kernel=direct scna_pipeline=off scna_width=0 qo_len=8 kv_len=4096 n_heads=12 n_kv_heads=2 head_dim=128 phase=warmup iteration=0 host_elapsed_us=1423 ret=0
FIG8_ATTENTION_PROFILE_COUNT mode=lut-exp qo_len=8 phase=warmup iteration=0 records=2 max_records=10
FIG8_ATTENTION_TIMERS mode=lut-exp scna_function=0 scna_kernel=0 scna_pipeline=0 scna_engine=0 profile_version=1 phase=warmup iteration=0 lut_exp=1 nonlinear_mode=0 scna_width=0 scna_exp=0 scna_pack=0 scna_hmx_affine_relu=0 scna_reduction=0 scna_unpack=0 qo_len=8 kv_len=4096 n_heads=12 n_kv_heads=2 head_dim=128 kv_head=0 worker=0 profiled_total=525 q_load=3 k_load=215 v_load=166 qk_dot=4 safe_sm=126 core_acc=4 o_scale=2 o_store=5 kv_dma_issue=0 kv_dma_wait=0 kv_transform=0
FIG8_ATTENTION_TIMERS mode=lut-exp scna_function=0 scna_kernel=0 scna_pipeline=0 scna_engine=0 profile_version=1 phase=warmup iteration=0 lut_exp=1 nonlinear_mode=0 scna_width=0 scna_exp=0 scna_pack=0 scna_hmx_affine_relu=0 scna_reduction=0 scna_unpack=0 qo_len=8 kv_len=4096 n_heads=12 n_kv_heads=2 head_dim=128 kv_head=1 worker=0 profiled_total=501 q_load=2 k_load=194 v_load=169 qk_dot=5 safe_sm=124 core_acc=3 o_scale=1 o_store=3 kv_dma_issue=0 kv_dma_wait=0 kv_transform=0
FIG8_ATTENTION_EVENT_COUNT mode=lut-exp qo_len=8 phase=warmup iteration=0 events=16 max_events=6320 overflow=0
FIG8_ATTENTION_HOST_TIMING mode=lut-exp scna_function=exp2 scna_kernel=direct scna_pipeline=off scna_width=0 qo_len=8 kv_len=4096 n_heads=12 n_kv_heads=2 head_dim=128 phase=warmup iteration=1 host_elapsed_us=1341 ret=0
FIG8_ATTENTION_PROFILE_COUNT mode=lut-exp qo_len=8 phase=warmup iteration=1 records=2 max_records=10
FIG8_ATTENTION_TIMERS mode=lut-exp scna_function=0 scna_kernel=0 scna_pipeline=0 scna_engine=0 profile_version=1 phase=warmup iteration=1 lut_exp=1 nonlinear_mode=0 scna_width=0 scna_exp=0 scna_pack=0 scna_hmx_affine_relu=0 scna_reduction=0 scna_unpack=0 qo_len=8 kv_len=4096 n_heads=12 n_kv_heads=2 head_dim=128 kv_head=0 worker=0 profiled_total=498 q_load=2 k_load=196 v_load=165 qk_dot=4 safe_sm=124 core_acc=3 o_scale=1 o_store=3 kv_dma_issue=0 kv_dma_wait=0 kv_transform=0
FIG8_ATTENTION_TIMERS mode=lut-exp scna_function=0 scna_kernel=0 scna_pipeline=0 scna_engine=0 profile_version=1 phase=warmup iteration=1 lut_exp=1 nonlinear_mode=0 scna_width=0 scna_exp=0 scna_pack=0 scna_hmx_affine_relu=0 scna_reduction=0 scna_unpack=0 qo_len=8 kv_len=4096 n_heads=12 n_kv_heads=2 head_dim=128 kv_head=1 worker=0 profiled_total=512 q_load=2 k_load=204 v_load=171 qk_dot=5 safe_sm=123 core_acc=3 o_scale=1 o_store=3 kv_dma_issue=0 kv_dma_wait=0 kv_transform=0
FIG8_ATTENTION_EVENT_COUNT mode=lut-exp qo_len=8 phase=warmup iteration=1 events=16 max_events=6320 overflow=0
FIG8_ATTENTION_HOST_TIMING mode=lut-exp scna_function=exp2 scna_kernel=direct scna_pipeline=off scna_width=0 qo_len=8 kv_len=4096 n_heads=12 n_kv_heads=2 head_dim=128 phase=warmup iteration=2 host_elapsed_us=1369 ret=0
FIG8_ATTENTION_PROFILE_COUNT mode=lut-exp qo_len=8 phase=warmup iteration=2 records=2 max_records=10
FIG8_ATTENTION_TIMERS mode=lut-exp scna_function=0 scna_kernel=0 scna_pipeline=0 scna_engine=0 profile_version=1 phase=warmup iteration=2 lut_exp=1 nonlinear_mode=0 scna_width=0 scna_exp=0 scna_pack=0 scna_hmx_affine_relu=0 scna_reduction=0 scna_unpack=0 qo_len=8 kv_len=4096 n_heads=12 n_kv_heads=2 head_dim=128 kv_head=0 worker=0 profiled_total=497 q_load=2 k_load=195 v_load=165 qk_dot=4 safe_sm=124 core_acc=3 o_scale=1 o_store=3 kv_dma_issue=0 kv_dma_wait=0 kv_transform=0
FIG8_ATTENTION_TIMERS mode=lut-exp scna_function=0 scna_kernel=0 scna_pipeline=0 scna_engine=0 profile_version=1 phase=warmup iteration=2 lut_exp=1 nonlinear_mode=0 scna_width=0 scna_exp=0 scna_pack=0 scna_hmx_affine_relu=0 scna_reduction=0 scna_unpack=0 qo_len=8 kv_len=4096 n_heads=12 n_kv_heads=2 head_dim=128 kv_head=1 worker=0 profiled_total=521 q_load=2 k_load=214 v_load=170 qk_dot=5 safe_sm=123 core_acc=3 o_scale=1 o_store=3 kv_dma_issue=0 kv_dma_wait=0 kv_transform=0
FIG8_ATTENTION_EVENT_COUNT mode=lut-exp qo_len=8 phase=warmup iteration=2 events=16 max_events=6320 overflow=0
FIG8_ATTENTION_HOST_TIMING mode=lut-exp scna_function=exp2 scna_kernel=direct scna_pipeline=off scna_width=0 qo_len=8 kv_len=4096 n_heads=12 n_kv_heads=2 head_dim=128 phase=warmup iteration=3 host_elapsed_us=1337 ret=0
FIG8_ATTENTION_PROFILE_COUNT mode=lut-exp qo_len=8 phase=warmup iteration=3 records=2 max_records=10
FIG8_ATTENTION_TIMERS mode=lut-exp scna_function=0 scna_kernel=0 scna_pipeline=0 scna_engine=0 profile_version=1 phase=warmup iteration=3 lut_exp=1 nonlinear_mode=0 scna_width=0 scna_exp=0 scna_pack=0 scna_hmx_affine_relu=0 scna_reduction=0 scna_unpack=0 qo_len=8 kv_len=4096 n_heads=12 n_kv_heads=2 head_dim=128 kv_head=0 worker=0 profiled_total=502 q_load=2 k_load=194 v_load=171 qk_dot=4 safe_sm=124 core_acc=3 o_scale=1 o_store=3 kv_dma_issue=0 kv_dma_wait=0 kv_transform=0
FIG8_ATTENTION_TIMERS mode=lut-exp scna_function=0 scna_kernel=0 scna_pipeline=0 scna_engine=0 profile_version=1 phase=warmup iteration=3 lut_exp=1 nonlinear_mode=0 scna_width=0 scna_exp=0 scna_pack=0 scna_hmx_affine_relu=0 scna_reduction=0 scna_unpack=0 qo_len=8 kv_len=4096 n_heads=12 n_kv_heads=2 head_dim=128 kv_head=1 worker=0 profiled_total=518 q_load=2 k_load=210 v_load=171 qk_dot=5 safe_sm=123 core_acc=3 o_scale=1 o_store=3 kv_dma_issue=0 kv_dma_wait=0 kv_transform=0
FIG8_ATTENTION_EVENT_COUNT mode=lut-exp qo_len=8 phase=warmup iteration=3 events=16 max_events=6320 overflow=0
FIG8_ATTENTION_HOST_TIMING mode=lut-exp scna_function=exp2 scna_kernel=direct scna_pipeline=off scna_width=0 qo_len=8 kv_len=4096 n_heads=12 n_kv_heads=2 head_dim=128 phase=warmup iteration=4 host_elapsed_us=1253 ret=0
FIG8_ATTENTION_PROFILE_COUNT mode=lut-exp qo_len=8 phase=warmup iteration=4 records=2 max_records=10
FIG8_ATTENTION_TIMERS mode=lut-exp scna_function=0 scna_kernel=0 scna_pipeline=0 scna_engine=0 profile_version=1 phase=warmup iteration=4 lut_exp=1 nonlinear_mode=0 scna_width=0 scna_exp=0 scna_pack=0 scna_hmx_affine_relu=0 scna_reduction=0 scna_unpack=0 qo_len=8 kv_len=4096 n_heads=12 n_kv_heads=2 head_dim=128 kv_head=0 worker=0 profiled_total=496 q_load=2 k_load=194 v_load=165 qk_dot=4 safe_sm=124 core_acc=3 o_scale=1 o_store=3 kv_dma_issue=0 kv_dma_wait=0 kv_transform=0
FIG8_ATTENTION_TIMERS mode=lut-exp scna_function=0 scna_kernel=0 scna_pipeline=0 scna_engine=0 profile_version=1 phase=warmup iteration=4 lut_exp=1 nonlinear_mode=0 scna_width=0 scna_exp=0 scna_pack=0 scna_hmx_affine_relu=0 scna_reduction=0 scna_unpack=0 qo_len=8 kv_len=4096 n_heads=12 n_kv_heads=2 head_dim=128 kv_head=1 worker=0 profiled_total=495 q_load=2 k_load=200 v_load=163 qk_dot=4 safe_sm=119 core_acc=3 o_scale=1 o_store=3 kv_dma_issue=0 kv_dma_wait=0 kv_transform=0
FIG8_ATTENTION_EVENT_COUNT mode=lut-exp qo_len=8 phase=warmup iteration=4 events=16 max_events=6320 overflow=0
FIG8_ATTENTION_HOST_TIMING mode=lut-exp scna_function=exp2 scna_kernel=direct scna_pipeline=off scna_width=0 qo_len=8 kv_len=4096 n_heads=12 n_kv_heads=2 head_dim=128 phase=measure iteration=0 host_elapsed_us=1322 ret=0
FIG8_ATTENTION_PROFILE_COUNT mode=lut-exp qo_len=8 phase=measure iteration=0 records=2 max_records=10
FIG8_ATTENTION_TIMERS mode=lut-exp scna_function=0 scna_kernel=0 scna_pipeline=0 scna_engine=0 profile_version=1 phase=measure iteration=0 lut_exp=1 nonlinear_mode=0 scna_width=0 scna_exp=0 scna_pack=0 scna_hmx_affine_relu=0 scna_reduction=0 scna_unpack=0 qo_len=8 kv_len=4096 n_heads=12 n_kv_heads=2 head_dim=128 kv_head=0 worker=0 profiled_total=489 q_load=2 k_load=196 v_load=162 qk_dot=4 safe_sm=118 core_acc=3 o_scale=1 o_store=3 kv_dma_issue=0 kv_dma_wait=0 kv_transform=0
FIG8_ATTENTION_TIMERS mode=lut-exp scna_function=0 scna_kernel=0 scna_pipeline=0 scna_engine=0 profile_version=1 phase=measure iteration=0 lut_exp=1 nonlinear_mode=0 scna_width=0 scna_exp=0 scna_pack=0 scna_hmx_affine_relu=0 scna_reduction=0 scna_unpack=0 qo_len=8 kv_len=4096 n_heads=12 n_kv_heads=2 head_dim=128 kv_head=1 worker=0 profiled_total=504 q_load=2 k_load=202 v_load=171 qk_dot=5 safe_sm=117 core_acc=3 o_scale=1 o_store=3 kv_dma_issue=0 kv_dma_wait=0 kv_transform=0
FIG8_ATTENTION_EVENT_COUNT mode=lut-exp qo_len=8 phase=measure iteration=0 events=16 max_events=6320 overflow=0
FIG8_ATTENTION_HOST_TIMING mode=lut-exp scna_function=exp2 scna_kernel=direct scna_pipeline=off scna_width=0 qo_len=8 kv_len=4096 n_heads=12 n_kv_heads=2 head_dim=128 phase=measure iteration=1 host_elapsed_us=1276 ret=0
FIG8_ATTENTION_PROFILE_COUNT mode=lut-exp qo_len=8 phase=measure iteration=1 records=2 max_records=10
FIG8_ATTENTION_TIMERS mode=lut-exp scna_function=0 scna_kernel=0 scna_pipeline=0 scna_engine=0 profile_version=1 phase=measure iteration=1 lut_exp=1 nonlinear_mode=0 scna_width=0 scna_exp=0 scna_pack=0 scna_hmx_affine_relu=0 scna_reduction=0 scna_unpack=0 qo_len=8 kv_len=4096 n_heads=12 n_kv_heads=2 head_dim=128 kv_head=0 worker=0 profiled_total=487 q_load=2 k_load=195 v_load=162 qk_dot=4 safe_sm=117 core_acc=3 o_scale=1 o_store=3 kv_dma_issue=0 kv_dma_wait=0 kv_transform=0
FIG8_ATTENTION_TIMERS mode=lut-exp scna_function=0 scna_kernel=0 scna_pipeline=0 scna_engine=0 profile_version=1 phase=measure iteration=1 lut_exp=1 nonlinear_mode=0 scna_width=0 scna_exp=0 scna_pack=0 scna_hmx_affine_relu=0 scna_reduction=0 scna_unpack=0 qo_len=8 kv_len=4096 n_heads=12 n_kv_heads=2 head_dim=128 kv_head=1 worker=0 profiled_total=500 q_load=2 k_load=201 v_load=166 qk_dot=5 safe_sm=119 core_acc=3 o_scale=1 o_store=3 kv_dma_issue=0 kv_dma_wait=0 kv_transform=0
FIG8_ATTENTION_EVENT_COUNT mode=lut-exp qo_len=8 phase=measure iteration=1 events=16 max_events=6320 overflow=0
FIG8_ATTENTION_HOST_TIMING mode=lut-exp scna_function=exp2 scna_kernel=direct scna_pipeline=off scna_width=0 qo_len=8 kv_len=4096 n_heads=12 n_kv_heads=2 head_dim=128 phase=measure iteration=2 host_elapsed_us=1321 ret=0
FIG8_ATTENTION_PROFILE_COUNT mode=lut-exp qo_len=8 phase=measure iteration=2 records=2 max_records=10
FIG8_ATTENTION_TIMERS mode=lut-exp scna_function=0 scna_kernel=0 scna_pipeline=0 scna_engine=0 profile_version=1 phase=measure iteration=2 lut_exp=1 nonlinear_mode=0 scna_width=0 scna_exp=0 scna_pack=0 scna_hmx_affine_relu=0 scna_reduction=0 scna_unpack=0 qo_len=8 kv_len=4096 n_heads=12 n_kv_heads=2 head_dim=128 kv_head=0 worker=0 profiled_total=492 q_load=2 k_load=195 v_load=164 qk_dot=4 safe_sm=117 core_acc=6 o_scale=1 o_store=3 kv_dma_issue=0 kv_dma_wait=0 kv_transform=0
FIG8_ATTENTION_TIMERS mode=lut-exp scna_function=0 scna_kernel=0 scna_pipeline=0 scna_engine=0 profile_version=1 phase=measure iteration=2 lut_exp=1 nonlinear_mode=0 scna_width=0 scna_exp=0 scna_pack=0 scna_hmx_affine_relu=0 scna_reduction=0 scna_unpack=0 qo_len=8 kv_len=4096 n_heads=12 n_kv_heads=2 head_dim=128 kv_head=1 worker=0 profiled_total=503 q_load=2 k_load=204 v_load=169 qk_dot=5 safe_sm=116 core_acc=3 o_scale=1 o_store=3 kv_dma_issue=0 kv_dma_wait=0 kv_transform=0
FIG8_ATTENTION_EVENT_COUNT mode=lut-exp qo_len=8 phase=measure iteration=2 events=16 max_events=6320 overflow=0
FIG8_ATTENTION_HOST_TIMING mode=lut-exp scna_function=exp2 scna_kernel=direct scna_pipeline=off scna_width=0 qo_len=8 kv_len=4096 n_heads=12 n_kv_heads=2 head_dim=128 phase=measure iteration=3 host_elapsed_us=1358 ret=0
FIG8_ATTENTION_PROFILE_COUNT mode=lut-exp qo_len=8 phase=measure iteration=3 records=2 max_records=10
FIG8_ATTENTION_TIMERS mode=lut-exp scna_function=0 scna_kernel=0 scna_pipeline=0 scna_engine=0 profile_version=1 phase=measure iteration=3 lut_exp=1 nonlinear_mode=0 scna_width=0 scna_exp=0 scna_pack=0 scna_hmx_affine_relu=0 scna_reduction=0 scna_unpack=0 qo_len=8 kv_len=4096 n_heads=12 n_kv_heads=2 head_dim=128 kv_head=0 worker=0 profiled_total=485 q_load=2 k_load=194 v_load=161 qk_dot=4 safe_sm=117 core_acc=3 o_scale=1 o_store=3 kv_dma_issue=0 kv_dma_wait=0 kv_transform=0
FIG8_ATTENTION_TIMERS mode=lut-exp scna_function=0 scna_kernel=0 scna_pipeline=0 scna_engine=0 profile_version=1 phase=measure iteration=3 lut_exp=1 nonlinear_mode=0 scna_width=0 scna_exp=0 scna_pack=0 scna_hmx_affine_relu=0 scna_reduction=0 scna_unpack=0 qo_len=8 kv_len=4096 n_heads=12 n_kv_heads=2 head_dim=128 kv_head=1 worker=0 profiled_total=515 q_load=2 k_load=212 v_load=172 qk_dot=4 safe_sm=118 core_acc=3 o_scale=1 o_store=3 kv_dma_issue=0 kv_dma_wait=0 kv_transform=0
FIG8_ATTENTION_EVENT_COUNT mode=lut-exp qo_len=8 phase=measure iteration=3 events=16 max_events=6320 overflow=0
FIG8_ATTENTION_HOST_TIMING mode=lut-exp scna_function=exp2 scna_kernel=direct scna_pipeline=off scna_width=0 qo_len=8 kv_len=4096 n_heads=12 n_kv_heads=2 head_dim=128 phase=measure iteration=4 host_elapsed_us=1353 ret=0
FIG8_ATTENTION_PROFILE_COUNT mode=lut-exp qo_len=8 phase=measure iteration=4 records=2 max_records=10
FIG8_ATTENTION_TIMERS mode=lut-exp scna_function=0 scna_kernel=0 scna_pipeline=0 scna_engine=0 profile_version=1 phase=measure iteration=4 lut_exp=1 nonlinear_mode=0 scna_width=0 scna_exp=0 scna_pack=0 scna_hmx_affine_relu=0 scna_reduction=0 scna_unpack=0 qo_len=8 kv_len=4096 n_heads=12 n_kv_heads=2 head_dim=128 kv_head=0 worker=0 profiled_total=487 q_load=2 k_load=194 v_load=163 qk_dot=4 safe_sm=117 core_acc=3 o_scale=1 o_store=3 kv_dma_issue=0 kv_dma_wait=0 kv_transform=0
FIG8_ATTENTION_TIMERS mode=lut-exp scna_function=0 scna_kernel=0 scna_pipeline=0 scna_engine=0 profile_version=1 phase=measure iteration=4 lut_exp=1 nonlinear_mode=0 scna_width=0 scna_exp=0 scna_pack=0 scna_hmx_affine_relu=0 scna_reduction=0 scna_unpack=0 qo_len=8 kv_len=4096 n_heads=12 n_kv_heads=2 head_dim=128 kv_head=1 worker=0 profiled_total=511 q_load=2 k_load=212 v_load=170 qk_dot=4 safe_sm=116 core_acc=3 o_scale=1 o_store=3 kv_dma_issue=0 kv_dma_wait=0 kv_transform=0
FIG8_ATTENTION_EVENT_COUNT mode=lut-exp qo_len=8 phase=measure iteration=4 events=16 max_events=6320 overflow=0
FIG8_ATTENTION_HOST_TIMING mode=lut-exp scna_function=exp2 scna_kernel=direct scna_pipeline=off scna_width=0 qo_len=8 kv_len=4096 n_heads=12 n_kv_heads=2 head_dim=128 phase=measure iteration=5 host_elapsed_us=1325 ret=0
FIG8_ATTENTION_PROFILE_COUNT mode=lut-exp qo_len=8 phase=measure iteration=5 records=2 max_records=10
FIG8_ATTENTION_TIMERS mode=lut-exp scna_function=0 scna_kernel=0 scna_pipeline=0 scna_engine=0 profile_version=1 phase=measure iteration=5 lut_exp=1 nonlinear_mode=0 scna_width=0 scna_exp=0 scna_pack=0 scna_hmx_affine_relu=0 scna_reduction=0 scna_unpack=0 qo_len=8 kv_len=4096 n_heads=12 n_kv_heads=2 head_dim=128 kv_head=0 worker=0 profiled_total=485 q_load=2 k_load=194 v_load=161 qk_dot=4 safe_sm=117 core_acc=3 o_scale=1 o_store=3 kv_dma_issue=0 kv_dma_wait=0 kv_transform=0
FIG8_ATTENTION_TIMERS mode=lut-exp scna_function=0 scna_kernel=0 scna_pipeline=0 scna_engine=0 profile_version=1 phase=measure iteration=5 lut_exp=1 nonlinear_mode=0 scna_width=0 scna_exp=0 scna_pack=0 scna_hmx_affine_relu=0 scna_reduction=0 scna_unpack=0 qo_len=8 kv_len=4096 n_heads=12 n_kv_heads=2 head_dim=128 kv_head=1 worker=0 profiled_total=521 q_load=2 k_load=219 v_load=171 qk_dot=5 safe_sm=117 core_acc=3 o_scale=1 o_store=3 kv_dma_issue=0 kv_dma_wait=0 kv_transform=0
FIG8_ATTENTION_EVENT_COUNT mode=lut-exp qo_len=8 phase=measure iteration=5 events=16 max_events=6320 overflow=0
FIG8_ATTENTION_HOST_TIMING mode=lut-exp scna_function=exp2 scna_kernel=direct scna_pipeline=off scna_width=0 qo_len=8 kv_len=4096 n_heads=12 n_kv_heads=2 head_dim=128 phase=measure iteration=6 host_elapsed_us=1332 ret=0
FIG8_ATTENTION_PROFILE_COUNT mode=lut-exp qo_len=8 phase=measure iteration=6 records=2 max_records=10
FIG8_ATTENTION_TIMERS mode=lut-exp scna_function=0 scna_kernel=0 scna_pipeline=0 scna_engine=0 profile_version=1 phase=measure iteration=6 lut_exp=1 nonlinear_mode=0 scna_width=0 scna_exp=0 scna_pack=0 scna_hmx_affine_relu=0 scna_reduction=0 scna_unpack=0 qo_len=8 kv_len=4096 n_heads=12 n_kv_heads=2 head_dim=128 kv_head=0 worker=0 profiled_total=487 q_load=2 k_load=195 v_load=162 qk_dot=4 safe_sm=117 core_acc=3 o_scale=1 o_store=3 kv_dma_issue=0 kv_dma_wait=0 kv_transform=0
FIG8_ATTENTION_TIMERS mode=lut-exp scna_function=0 scna_kernel=0 scna_pipeline=0 scna_engine=0 profile_version=1 phase=measure iteration=6 lut_exp=1 nonlinear_mode=0 scna_width=0 scna_exp=0 scna_pack=0 scna_hmx_affine_relu=0 scna_reduction=0 scna_unpack=0 qo_len=8 kv_len=4096 n_heads=12 n_kv_heads=2 head_dim=128 kv_head=1 worker=0 profiled_total=518 q_load=2 k_load=217 v_load=171 qk_dot=5 safe_sm=116 core_acc=3 o_scale=1 o_store=3 kv_dma_issue=0 kv_dma_wait=0 kv_transform=0
FIG8_ATTENTION_EVENT_COUNT mode=lut-exp qo_len=8 phase=measure iteration=6 events=16 max_events=6320 overflow=0
FIG8_ATTENTION_HOST_TIMING mode=lut-exp scna_function=exp2 scna_kernel=direct scna_pipeline=off scna_width=0 qo_len=8 kv_len=4096 n_heads=12 n_kv_heads=2 head_dim=128 phase=measure iteration=7 host_elapsed_us=1344 ret=0
FIG8_ATTENTION_PROFILE_COUNT mode=lut-exp qo_len=8 phase=measure iteration=7 records=2 max_records=10
FIG8_ATTENTION_TIMERS mode=lut-exp scna_function=0 scna_kernel=0 scna_pipeline=0 scna_engine=0 profile_version=1 phase=measure iteration=7 lut_exp=1 nonlinear_mode=0 scna_width=0 scna_exp=0 scna_pack=0 scna_hmx_affine_relu=0 scna_reduction=0 scna_unpack=0 qo_len=8 kv_len=4096 n_heads=12 n_kv_heads=2 head_dim=128 kv_head=0 worker=0 profiled_total=485 q_load=2 k_load=194 v_load=162 qk_dot=3 safe_sm=117 core_acc=3 o_scale=1 o_store=3 kv_dma_issue=0 kv_dma_wait=0 kv_transform=0
FIG8_ATTENTION_TIMERS mode=lut-exp scna_function=0 scna_kernel=0 scna_pipeline=0 scna_engine=0 profile_version=1 phase=measure iteration=7 lut_exp=1 nonlinear_mode=0 scna_width=0 scna_exp=0 scna_pack=0 scna_hmx_affine_relu=0 scna_reduction=0 scna_unpack=0 qo_len=8 kv_len=4096 n_heads=12 n_kv_heads=2 head_dim=128 kv_head=1 worker=0 profiled_total=509 q_load=2 k_load=207 v_load=172 qk_dot=4 safe_sm=117 core_acc=3 o_scale=1 o_store=3 kv_dma_issue=0 kv_dma_wait=0 kv_transform=0
FIG8_ATTENTION_EVENT_COUNT mode=lut-exp qo_len=8 phase=measure iteration=7 events=16 max_events=6320 overflow=0
FIG8_ATTENTION_HOST_TIMING mode=lut-exp scna_function=exp2 scna_kernel=direct scna_pipeline=off scna_width=0 qo_len=8 kv_len=4096 n_heads=12 n_kv_heads=2 head_dim=128 phase=measure iteration=8 host_elapsed_us=1257 ret=0
FIG8_ATTENTION_PROFILE_COUNT mode=lut-exp qo_len=8 phase=measure iteration=8 records=2 max_records=10
FIG8_ATTENTION_TIMERS mode=lut-exp scna_function=0 scna_kernel=0 scna_pipeline=0 scna_engine=0 profile_version=1 phase=measure iteration=8 lut_exp=1 nonlinear_mode=0 scna_width=0 scna_exp=0 scna_pack=0 scna_hmx_affine_relu=0 scna_reduction=0 scna_unpack=0 qo_len=8 kv_len=4096 n_heads=12 n_kv_heads=2 head_dim=128 kv_head=0 worker=0 profiled_total=486 q_load=2 k_load=195 v_load=161 qk_dot=4 safe_sm=117 core_acc=3 o_scale=1 o_store=3 kv_dma_issue=0 kv_dma_wait=0 kv_transform=0
FIG8_ATTENTION_TIMERS mode=lut-exp scna_function=0 scna_kernel=0 scna_pipeline=0 scna_engine=0 profile_version=1 phase=measure iteration=8 lut_exp=1 nonlinear_mode=0 scna_width=0 scna_exp=0 scna_pack=0 scna_hmx_affine_relu=0 scna_reduction=0 scna_unpack=0 qo_len=8 kv_len=4096 n_heads=12 n_kv_heads=2 head_dim=128 kv_head=1 worker=0 profiled_total=500 q_load=2 k_load=201 v_load=166 qk_dot=4 safe_sm=120 core_acc=3 o_scale=1 o_store=3 kv_dma_issue=0 kv_dma_wait=0 kv_transform=0
FIG8_ATTENTION_EVENT_COUNT mode=lut-exp qo_len=8 phase=measure iteration=8 events=16 max_events=6320 overflow=0
FIG8_ATTENTION_HOST_TIMING mode=lut-exp scna_function=exp2 scna_kernel=direct scna_pipeline=off scna_width=0 qo_len=8 kv_len=4096 n_heads=12 n_kv_heads=2 head_dim=128 phase=measure iteration=9 host_elapsed_us=1249 ret=0
FIG8_ATTENTION_PROFILE_COUNT mode=lut-exp qo_len=8 phase=measure iteration=9 records=2 max_records=10
FIG8_ATTENTION_TIMERS mode=lut-exp scna_function=0 scna_kernel=0 scna_pipeline=0 scna_engine=0 profile_version=1 phase=measure iteration=9 lut_exp=1 nonlinear_mode=0 scna_width=0 scna_exp=0 scna_pack=0 scna_hmx_affine_relu=0 scna_reduction=0 scna_unpack=0 qo_len=8 kv_len=4096 n_heads=12 n_kv_heads=2 head_dim=128 kv_head=0 worker=0 profiled_total=484 q_load=2 k_load=193 v_load=161 qk_dot=4 safe_sm=117 core_acc=3 o_scale=1 o_store=3 kv_dma_issue=0 kv_dma_wait=0 kv_transform=0
FIG8_ATTENTION_TIMERS mode=lut-exp scna_function=0 scna_kernel=0 scna_pipeline=0 scna_engine=0 profile_version=1 phase=measure iteration=9 lut_exp=1 nonlinear_mode=0 scna_width=0 scna_exp=0 scna_pack=0 scna_hmx_affine_relu=0 scna_reduction=0 scna_unpack=0 qo_len=8 kv_len=4096 n_heads=12 n_kv_heads=2 head_dim=128 kv_head=1 worker=0 profiled_total=509 q_load=2 k_load=209 v_load=169 qk_dot=4 safe_sm=118 core_acc=3 o_scale=1 o_store=3 kv_dma_issue=0 kv_dma_wait=0 kv_transform=0
FIG8_ATTENTION_EVENT_COUNT mode=lut-exp qo_len=8 phase=measure iteration=9 events=16 max_events=6320 overflow=0
FIG8_ATTENTION_HOST_TIMING mode=lut-exp scna_function=exp2 scna_kernel=direct scna_pipeline=off scna_width=0 qo_len=8 kv_len=4096 n_heads=12 n_kv_heads=2 head_dim=128 phase=measure iteration=10 host_elapsed_us=1328 ret=0
FIG8_ATTENTION_PROFILE_COUNT mode=lut-exp qo_len=8 phase=measure iteration=10 records=2 max_records=10
FIG8_ATTENTION_TIMERS mode=lut-exp scna_function=0 scna_kernel=0 scna_pipeline=0 scna_engine=0 profile_version=1 phase=measure iteration=10 lut_exp=1 nonlinear_mode=0 scna_width=0 scna_exp=0 scna_pack=0 scna_hmx_affine_relu=0 scna_reduction=0 scna_unpack=0 qo_len=8 kv_len=4096 n_heads=12 n_kv_heads=2 head_dim=128 kv_head=0 worker=0 profiled_total=486 q_load=2 k_load=194 v_load=163 qk_dot=4 safe_sm=116 core_acc=3 o_scale=1 o_store=3 kv_dma_issue=0 kv_dma_wait=0 kv_transform=0
FIG8_ATTENTION_TIMERS mode=lut-exp scna_function=0 scna_kernel=0 scna_pipeline=0 scna_engine=0 profile_version=1 phase=measure iteration=10 lut_exp=1 nonlinear_mode=0 scna_width=0 scna_exp=0 scna_pack=0 scna_hmx_affine_relu=0 scna_reduction=0 scna_unpack=0 qo_len=8 kv_len=4096 n_heads=12 n_kv_heads=2 head_dim=128 kv_head=1 worker=0 profiled_total=501 q_load=2 k_load=202 v_load=172 qk_dot=4 safe_sm=114 core_acc=3 o_scale=1 o_store=3 kv_dma_issue=0 kv_dma_wait=0 kv_transform=0
FIG8_ATTENTION_EVENT_COUNT mode=lut-exp qo_len=8 phase=measure iteration=10 events=16 max_events=6320 overflow=0
FIG8_ATTENTION_HOST_TIMING mode=lut-exp scna_function=exp2 scna_kernel=direct scna_pipeline=off scna_width=0 qo_len=8 kv_len=4096 n_heads=12 n_kv_heads=2 head_dim=128 phase=measure iteration=11 host_elapsed_us=1328 ret=0
FIG8_ATTENTION_PROFILE_COUNT mode=lut-exp qo_len=8 phase=measure iteration=11 records=2 max_records=10
FIG8_ATTENTION_TIMERS mode=lut-exp scna_function=0 scna_kernel=0 scna_pipeline=0 scna_engine=0 profile_version=1 phase=measure iteration=11 lut_exp=1 nonlinear_mode=0 scna_width=0 scna_exp=0 scna_pack=0 scna_hmx_affine_relu=0 scna_reduction=0 scna_unpack=0 qo_len=8 kv_len=4096 n_heads=12 n_kv_heads=2 head_dim=128 kv_head=0 worker=0 profiled_total=484 q_load=2 k_load=194 v_load=161 qk_dot=4 safe_sm=116 core_acc=3 o_scale=1 o_store=3 kv_dma_issue=0 kv_dma_wait=0 kv_transform=0
FIG8_ATTENTION_TIMERS mode=lut-exp scna_function=0 scna_kernel=0 scna_pipeline=0 scna_engine=0 profile_version=1 phase=measure iteration=11 lut_exp=1 nonlinear_mode=0 scna_width=0 scna_exp=0 scna_pack=0 scna_hmx_affine_relu=0 scna_reduction=0 scna_unpack=0 qo_len=8 kv_len=4096 n_heads=12 n_kv_heads=2 head_dim=128 kv_head=1 worker=0 profiled_total=518 q_load=2 k_load=218 v_load=173 qk_dot=4 safe_sm=114 core_acc=3 o_scale=1 o_store=3 kv_dma_issue=0 kv_dma_wait=0 kv_transform=0
FIG8_ATTENTION_EVENT_COUNT mode=lut-exp qo_len=8 phase=measure iteration=11 events=16 max_events=6320 overflow=0
FIG8_ATTENTION_HOST_TIMING mode=lut-exp scna_function=exp2 scna_kernel=direct scna_pipeline=off scna_width=0 qo_len=8 kv_len=4096 n_heads=12 n_kv_heads=2 head_dim=128 phase=measure iteration=12 host_elapsed_us=1357 ret=0
FIG8_ATTENTION_PROFILE_COUNT mode=lut-exp qo_len=8 phase=measure iteration=12 records=2 max_records=10
FIG8_ATTENTION_TIMERS mode=lut-exp scna_function=0 scna_kernel=0 scna_pipeline=0 scna_engine=0 profile_version=1 phase=measure iteration=12 lut_exp=1 nonlinear_mode=0 scna_width=0 scna_exp=0 scna_pack=0 scna_hmx_affine_relu=0 scna_reduction=0 scna_unpack=0 qo_len=8 kv_len=4096 n_heads=12 n_kv_heads=2 head_dim=128 kv_head=0 worker=0 profiled_total=484 q_load=2 k_load=193 v_load=162 qk_dot=4 safe_sm=116 core_acc=3 o_scale=1 o_store=3 kv_dma_issue=0 kv_dma_wait=0 kv_transform=0
FIG8_ATTENTION_TIMERS mode=lut-exp scna_function=0 scna_kernel=0 scna_pipeline=0 scna_engine=0 profile_version=1 phase=measure iteration=12 lut_exp=1 nonlinear_mode=0 scna_width=0 scna_exp=0 scna_pack=0 scna_hmx_affine_relu=0 scna_reduction=0 scna_unpack=0 qo_len=8 kv_len=4096 n_heads=12 n_kv_heads=2 head_dim=128 kv_head=1 worker=0 profiled_total=510 q_load=2 k_load=212 v_load=169 qk_dot=4 safe_sm=116 core_acc=3 o_scale=1 o_store=3 kv_dma_issue=0 kv_dma_wait=0 kv_transform=0
FIG8_ATTENTION_EVENT_COUNT mode=lut-exp qo_len=8 phase=measure iteration=12 events=16 max_events=6320 overflow=0
FIG8_ATTENTION_HOST_TIMING mode=lut-exp scna_function=exp2 scna_kernel=direct scna_pipeline=off scna_width=0 qo_len=8 kv_len=4096 n_heads=12 n_kv_heads=2 head_dim=128 phase=measure iteration=13 host_elapsed_us=1255 ret=0
FIG8_ATTENTION_PROFILE_COUNT mode=lut-exp qo_len=8 phase=measure iteration=13 records=2 max_records=10
FIG8_ATTENTION_TIMERS mode=lut-exp scna_function=0 scna_kernel=0 scna_pipeline=0 scna_engine=0 profile_version=1 phase=measure iteration=13 lut_exp=1 nonlinear_mode=0 scna_width=0 scna_exp=0 scna_pack=0 scna_hmx_affine_relu=0 scna_reduction=0 scna_unpack=0 qo_len=8 kv_len=4096 n_heads=12 n_kv_heads=2 head_dim=128 kv_head=0 worker=0 profiled_total=485 q_load=2 k_load=194 v_load=161 qk_dot=3 safe_sm=117 core_acc=4 o_scale=1 o_store=3 kv_dma_issue=0 kv_dma_wait=0 kv_transform=0
FIG8_ATTENTION_TIMERS mode=lut-exp scna_function=0 scna_kernel=0 scna_pipeline=0 scna_engine=0 profile_version=1 phase=measure iteration=13 lut_exp=1 nonlinear_mode=0 scna_width=0 scna_exp=0 scna_pack=0 scna_hmx_affine_relu=0 scna_reduction=0 scna_unpack=0 qo_len=8 kv_len=4096 n_heads=12 n_kv_heads=2 head_dim=128 kv_head=1 worker=0 profiled_total=513 q_load=2 k_load=213 v_load=169 qk_dot=4 safe_sm=118 core_acc=3 o_scale=1 o_store=3 kv_dma_issue=0 kv_dma_wait=0 kv_transform=0
FIG8_ATTENTION_EVENT_COUNT mode=lut-exp qo_len=8 phase=measure iteration=13 events=16 max_events=6320 overflow=0
FIG8_ATTENTION_HOST_TIMING mode=lut-exp scna_function=exp2 scna_kernel=direct scna_pipeline=off scna_width=0 qo_len=8 kv_len=4096 n_heads=12 n_kv_heads=2 head_dim=128 phase=measure iteration=14 host_elapsed_us=1313 ret=0
FIG8_ATTENTION_PROFILE_COUNT mode=lut-exp qo_len=8 phase=measure iteration=14 records=2 max_records=10
FIG8_ATTENTION_TIMERS mode=lut-exp scna_function=0 scna_kernel=0 scna_pipeline=0 scna_engine=0 profile_version=1 phase=measure iteration=14 lut_exp=1 nonlinear_mode=0 scna_width=0 scna_exp=0 scna_pack=0 scna_hmx_affine_relu=0 scna_reduction=0 scna_unpack=0 qo_len=8 kv_len=4096 n_heads=12 n_kv_heads=2 head_dim=128 kv_head=0 worker=0 profiled_total=484 q_load=2 k_load=194 v_load=160 qk_dot=4 safe_sm=116 core_acc=4 o_scale=1 o_store=3 kv_dma_issue=0 kv_dma_wait=0 kv_transform=0
FIG8_ATTENTION_TIMERS mode=lut-exp scna_function=0 scna_kernel=0 scna_pipeline=0 scna_engine=0 profile_version=1 phase=measure iteration=14 lut_exp=1 nonlinear_mode=0 scna_width=0 scna_exp=0 scna_pack=0 scna_hmx_affine_relu=0 scna_reduction=0 scna_unpack=0 qo_len=8 kv_len=4096 n_heads=12 n_kv_heads=2 head_dim=128 kv_head=1 worker=0 profiled_total=519 q_load=2 k_load=219 v_load=171 qk_dot=4 safe_sm=116 core_acc=3 o_scale=1 o_store=3 kv_dma_issue=0 kv_dma_wait=0 kv_transform=0
FIG8_ATTENTION_EVENT_COUNT mode=lut-exp qo_len=8 phase=measure iteration=14 events=16 max_events=6320 overflow=0
FIG8_ATTENTION_HOST_TIMING mode=lut-exp scna_function=exp2 scna_kernel=direct scna_pipeline=off scna_width=0 qo_len=8 kv_len=4096 n_heads=12 n_kv_heads=2 head_dim=128 phase=measure iteration=15 host_elapsed_us=1328 ret=0
FIG8_ATTENTION_PROFILE_COUNT mode=lut-exp qo_len=8 phase=measure iteration=15 records=2 max_records=10
FIG8_ATTENTION_TIMERS mode=lut-exp scna_function=0 scna_kernel=0 scna_pipeline=0 scna_engine=0 profile_version=1 phase=measure iteration=15 lut_exp=1 nonlinear_mode=0 scna_width=0 scna_exp=0 scna_pack=0 scna_hmx_affine_relu=0 scna_reduction=0 scna_unpack=0 qo_len=8 kv_len=4096 n_heads=12 n_kv_heads=2 head_dim=128 kv_head=0 worker=0 profiled_total=483 q_load=2 k_load=194 v_load=161 qk_dot=4 safe_sm=115 core_acc=3 o_scale=1 o_store=3 kv_dma_issue=0 kv_dma_wait=0 kv_transform=0
FIG8_ATTENTION_TIMERS mode=lut-exp scna_function=0 scna_kernel=0 scna_pipeline=0 scna_engine=0 profile_version=1 phase=measure iteration=15 lut_exp=1 nonlinear_mode=0 scna_width=0 scna_exp=0 scna_pack=0 scna_hmx_affine_relu=0 scna_reduction=0 scna_unpack=0 qo_len=8 kv_len=4096 n_heads=12 n_kv_heads=2 head_dim=128 kv_head=1 worker=0 profiled_total=517 q_load=2 k_load=217 v_load=173 qk_dot=4 safe_sm=114 core_acc=3 o_scale=1 o_store=3 kv_dma_issue=0 kv_dma_wait=0 kv_transform=0
FIG8_ATTENTION_EVENT_COUNT mode=lut-exp qo_len=8 phase=measure iteration=15 events=16 max_events=6320 overflow=0
FIG8_ATTENTION_HOST_TIMING mode=lut-exp scna_function=exp2 scna_kernel=direct scna_pipeline=off scna_width=0 qo_len=8 kv_len=4096 n_heads=12 n_kv_heads=2 head_dim=128 phase=measure iteration=16 host_elapsed_us=1333 ret=0
FIG8_ATTENTION_PROFILE_COUNT mode=lut-exp qo_len=8 phase=measure iteration=16 records=2 max_records=10
FIG8_ATTENTION_TIMERS mode=lut-exp scna_function=0 scna_kernel=0 scna_pipeline=0 scna_engine=0 profile_version=1 phase=measure iteration=16 lut_exp=1 nonlinear_mode=0 scna_width=0 scna_exp=0 scna_pack=0 scna_hmx_affine_relu=0 scna_reduction=0 scna_unpack=0 qo_len=8 kv_len=4096 n_heads=12 n_kv_heads=2 head_dim=128 kv_head=0 worker=0 profiled_total=481 q_load=2 k_load=193 v_load=161 qk_dot=3 safe_sm=115 core_acc=3 o_scale=1 o_store=3 kv_dma_issue=0 kv_dma_wait=0 kv_transform=0
FIG8_ATTENTION_TIMERS mode=lut-exp scna_function=0 scna_kernel=0 scna_pipeline=0 scna_engine=0 profile_version=1 phase=measure iteration=16 lut_exp=1 nonlinear_mode=0 scna_width=0 scna_exp=0 scna_pack=0 scna_hmx_affine_relu=0 scna_reduction=0 scna_unpack=0 qo_len=8 kv_len=4096 n_heads=12 n_kv_heads=2 head_dim=128 kv_head=1 worker=0 profiled_total=513 q_load=2 k_load=206 v_load=173 qk_dot=4 safe_sm=121 core_acc=3 o_scale=1 o_store=3 kv_dma_issue=0 kv_dma_wait=0 kv_transform=0
FIG8_ATTENTION_EVENT_COUNT mode=lut-exp qo_len=8 phase=measure iteration=16 events=16 max_events=6320 overflow=0
FIG8_ATTENTION_HOST_TIMING mode=lut-exp scna_function=exp2 scna_kernel=direct scna_pipeline=off scna_width=0 qo_len=8 kv_len=4096 n_heads=12 n_kv_heads=2 head_dim=128 phase=measure iteration=17 host_elapsed_us=1332 ret=0
FIG8_ATTENTION_PROFILE_COUNT mode=lut-exp qo_len=8 phase=measure iteration=17 records=2 max_records=10
FIG8_ATTENTION_TIMERS mode=lut-exp scna_function=0 scna_kernel=0 scna_pipeline=0 scna_engine=0 profile_version=1 phase=measure iteration=17 lut_exp=1 nonlinear_mode=0 scna_width=0 scna_exp=0 scna_pack=0 scna_hmx_affine_relu=0 scna_reduction=0 scna_unpack=0 qo_len=8 kv_len=4096 n_heads=12 n_kv_heads=2 head_dim=128 kv_head=0 worker=0 profiled_total=482 q_load=2 k_load=193 v_load=161 qk_dot=4 safe_sm=115 core_acc=3 o_scale=1 o_store=3 kv_dma_issue=0 kv_dma_wait=0 kv_transform=0
FIG8_ATTENTION_TIMERS mode=lut-exp scna_function=0 scna_kernel=0 scna_pipeline=0 scna_engine=0 profile_version=1 phase=measure iteration=17 lut_exp=1 nonlinear_mode=0 scna_width=0 scna_exp=0 scna_pack=0 scna_hmx_affine_relu=0 scna_reduction=0 scna_unpack=0 qo_len=8 kv_len=4096 n_heads=12 n_kv_heads=2 head_dim=128 kv_head=1 worker=0 profiled_total=502 q_load=2 k_load=200 v_load=173 qk_dot=5 safe_sm=115 core_acc=3 o_scale=1 o_store=3 kv_dma_issue=0 kv_dma_wait=0 kv_transform=0
FIG8_ATTENTION_EVENT_COUNT mode=lut-exp qo_len=8 phase=measure iteration=17 events=16 max_events=6320 overflow=0
FIG8_ATTENTION_HOST_TIMING mode=lut-exp scna_function=exp2 scna_kernel=direct scna_pipeline=off scna_width=0 qo_len=8 kv_len=4096 n_heads=12 n_kv_heads=2 head_dim=128 phase=measure iteration=18 host_elapsed_us=1261 ret=0
FIG8_ATTENTION_PROFILE_COUNT mode=lut-exp qo_len=8 phase=measure iteration=18 records=2 max_records=10
FIG8_ATTENTION_TIMERS mode=lut-exp scna_function=0 scna_kernel=0 scna_pipeline=0 scna_engine=0 profile_version=1 phase=measure iteration=18 lut_exp=1 nonlinear_mode=0 scna_width=0 scna_exp=0 scna_pack=0 scna_hmx_affine_relu=0 scna_reduction=0 scna_unpack=0 qo_len=8 kv_len=4096 n_heads=12 n_kv_heads=2 head_dim=128 kv_head=0 worker=0 profiled_total=487 q_load=2 k_load=195 v_load=164 qk_dot=4 safe_sm=115 core_acc=3 o_scale=1 o_store=3 kv_dma_issue=0 kv_dma_wait=0 kv_transform=0
FIG8_ATTENTION_TIMERS mode=lut-exp scna_function=0 scna_kernel=0 scna_pipeline=0 scna_engine=0 profile_version=1 phase=measure iteration=18 lut_exp=1 nonlinear_mode=0 scna_width=0 scna_exp=0 scna_pack=0 scna_hmx_affine_relu=0 scna_reduction=0 scna_unpack=0 qo_len=8 kv_len=4096 n_heads=12 n_kv_heads=2 head_dim=128 kv_head=1 worker=0 profiled_total=489 q_load=2 k_load=200 v_load=163 qk_dot=4 safe_sm=113 core_acc=3 o_scale=1 o_store=3 kv_dma_issue=0 kv_dma_wait=0 kv_transform=0
FIG8_ATTENTION_EVENT_COUNT mode=lut-exp qo_len=8 phase=measure iteration=18 events=16 max_events=6320 overflow=0
FIG8_ATTENTION_HOST_TIMING mode=lut-exp scna_function=exp2 scna_kernel=direct scna_pipeline=off scna_width=0 qo_len=8 kv_len=4096 n_heads=12 n_kv_heads=2 head_dim=128 phase=measure iteration=19 host_elapsed_us=1340 ret=0
FIG8_ATTENTION_PROFILE_COUNT mode=lut-exp qo_len=8 phase=measure iteration=19 records=2 max_records=10
FIG8_ATTENTION_TIMERS mode=lut-exp scna_function=0 scna_kernel=0 scna_pipeline=0 scna_engine=0 profile_version=1 phase=measure iteration=19 lut_exp=1 nonlinear_mode=0 scna_width=0 scna_exp=0 scna_pack=0 scna_hmx_affine_relu=0 scna_reduction=0 scna_unpack=0 qo_len=8 kv_len=4096 n_heads=12 n_kv_heads=2 head_dim=128 kv_head=0 worker=0 profiled_total=482 q_load=2 k_load=194 v_load=160 qk_dot=4 safe_sm=115 core_acc=3 o_scale=1 o_store=3 kv_dma_issue=0 kv_dma_wait=0 kv_transform=0
FIG8_ATTENTION_TIMERS mode=lut-exp scna_function=0 scna_kernel=0 scna_pipeline=0 scna_engine=0 profile_version=1 phase=measure iteration=19 lut_exp=1 nonlinear_mode=0 scna_width=0 scna_exp=0 scna_pack=0 scna_hmx_affine_relu=0 scna_reduction=0 scna_unpack=0 qo_len=8 kv_len=4096 n_heads=12 n_kv_heads=2 head_dim=128 kv_head=1 worker=0 profiled_total=510 q_load=2 k_load=212 v_load=171 qk_dot=4 safe_sm=114 core_acc=3 o_scale=1 o_store=3 kv_dma_issue=0 kv_dma_wait=0 kv_transform=0
FIG8_ATTENTION_EVENT_COUNT mode=lut-exp qo_len=8 phase=measure iteration=19 events=16 max_events=6320 overflow=0
