alloc_shared_mem_buf: buf=0x7ede0d7000 fd=15 size=49152 flags=FASTRPC_MAP_FD
alloc_shared_mem_buf: buf=0x7c3f600000 fd=16 size=2097152 flags=FASTRPC_MAP_FD
alloc_shared_mem_buf: buf=0x7c3f400000 fd=17 size=2097152 flags=FASTRPC_MAP_FD
alloc_shared_mem_buf: buf=0x7ede0c2000 fd=18 size=49152 flags=FASTRPC_MAP_FD
alloc_shared_mem_buf: buf=0x7edc1d0000 fd=19 size=65536 flags=FASTRPC_MAP_FD
alloc_shared_mem_buf: buf=0x7c3f390000 fd=20 size=457472 flags=FASTRPC_MAP_FD
alloc_shared_mem_buf: buf=0x7ede3cc000 fd=21 size=4096 flags=FASTRPC_MAP_FD
No-op channel request completed
FIG8_ATTENTION_CONFIG mode=lut-exp scna_function=exp2 scna_kernel=direct scna_pipeline=off mask_mode=full qo_len=8 kv_len=4096 n_heads=12 n_kv_heads=2 head_dim=128 warmup=5 iters=20 scna_width=16 q_size=49152 kv_size=2097152 mask_size=65536 profile_size=457472 profile_max_records=10 profile_max_events=6320 mode_flags=1 print_events=0
FIG8_ATTENTION_HOST_TIMING mode=lut-exp scna_function=exp2 scna_kernel=direct scna_pipeline=off scna_width=0 qo_len=8 kv_len=4096 n_heads=12 n_kv_heads=2 head_dim=128 phase=warmup iteration=0 host_elapsed_us=1441 ret=0
FIG8_ATTENTION_PROFILE_COUNT mode=lut-exp qo_len=8 phase=warmup iteration=0 records=2 max_records=10
FIG8_ATTENTION_TIMERS mode=lut-exp scna_function=0 scna_kernel=0 scna_pipeline=0 scna_engine=0 profile_version=1 phase=warmup iteration=0 lut_exp=1 nonlinear_mode=0 scna_width=0 scna_exp=0 scna_pack=0 scna_hmx_affine_relu=0 scna_reduction=0 scna_unpack=0 qo_len=8 kv_len=4096 n_heads=12 n_kv_heads=2 head_dim=128 kv_head=0 worker=0 profiled_total=524 q_load=3 k_load=214 v_load=166 qk_dot=4 safe_sm=126 core_acc=4 o_scale=2 o_store=5 kv_dma_issue=0 kv_dma_wait=0 kv_transform=0
FIG8_ATTENTION_TIMERS mode=lut-exp scna_function=0 scna_kernel=0 scna_pipeline=0 scna_engine=0 profile_version=1 phase=warmup iteration=0 lut_exp=1 nonlinear_mode=0 scna_width=0 scna_exp=0 scna_pack=0 scna_hmx_affine_relu=0 scna_reduction=0 scna_unpack=0 qo_len=8 kv_len=4096 n_heads=12 n_kv_heads=2 head_dim=128 kv_head=1 worker=0 profiled_total=519 q_load=2 k_load=213 v_load=166 qk_dot=5 safe_sm=126 core_acc=3 o_scale=1 o_store=3 kv_dma_issue=0 kv_dma_wait=0 kv_transform=0
FIG8_ATTENTION_EVENT_COUNT mode=lut-exp qo_len=8 phase=warmup iteration=0 events=16 max_events=6320 overflow=0
FIG8_ATTENTION_HOST_TIMING mode=lut-exp scna_function=exp2 scna_kernel=direct scna_pipeline=off scna_width=0 qo_len=8 kv_len=4096 n_heads=12 n_kv_heads=2 head_dim=128 phase=warmup iteration=1 host_elapsed_us=1239 ret=0
FIG8_ATTENTION_PROFILE_COUNT mode=lut-exp qo_len=8 phase=warmup iteration=1 records=2 max_records=10
FIG8_ATTENTION_TIMERS mode=lut-exp scna_function=0 scna_kernel=0 scna_pipeline=0 scna_engine=0 profile_version=1 phase=warmup iteration=1 lut_exp=1 nonlinear_mode=0 scna_width=0 scna_exp=0 scna_pack=0 scna_hmx_affine_relu=0 scna_reduction=0 scna_unpack=0 qo_len=8 kv_len=4096 n_heads=12 n_kv_heads=2 head_dim=128 kv_head=0 worker=0 profiled_total=487 q_load=2 k_load=195 v_load=160 qk_dot=4 safe_sm=119 core_acc=3 o_scale=1 o_store=3 kv_dma_issue=0 kv_dma_wait=0 kv_transform=0
FIG8_ATTENTION_TIMERS mode=lut-exp scna_function=0 scna_kernel=0 scna_pipeline=0 scna_engine=0 profile_version=1 phase=warmup iteration=1 lut_exp=1 nonlinear_mode=0 scna_width=0 scna_exp=0 scna_pack=0 scna_hmx_affine_relu=0 scna_reduction=0 scna_unpack=0 qo_len=8 kv_len=4096 n_heads=12 n_kv_heads=2 head_dim=128 kv_head=1 worker=0 profiled_total=493 q_load=2 k_load=195 v_load=168 qk_dot=4 safe_sm=117 core_acc=3 o_scale=1 o_store=3 kv_dma_issue=0 kv_dma_wait=0 kv_transform=0
FIG8_ATTENTION_EVENT_COUNT mode=lut-exp qo_len=8 phase=warmup iteration=1 events=16 max_events=6320 overflow=0
FIG8_ATTENTION_HOST_TIMING mode=lut-exp scna_function=exp2 scna_kernel=direct scna_pipeline=off scna_width=0 qo_len=8 kv_len=4096 n_heads=12 n_kv_heads=2 head_dim=128 phase=warmup iteration=2 host_elapsed_us=1165 ret=0
FIG8_ATTENTION_PROFILE_COUNT mode=lut-exp qo_len=8 phase=warmup iteration=2 records=2 max_records=10
FIG8_ATTENTION_TIMERS mode=lut-exp scna_function=0 scna_kernel=0 scna_pipeline=0 scna_engine=0 profile_version=1 phase=warmup iteration=2 lut_exp=1 nonlinear_mode=0 scna_width=0 scna_exp=0 scna_pack=0 scna_hmx_affine_relu=0 scna_reduction=0 scna_unpack=0 qo_len=8 kv_len=4096 n_heads=12 n_kv_heads=2 head_dim=128 kv_head=0 worker=0 profiled_total=443 q_load=2 k_load=178 v_load=146 qk_dot=3 safe_sm=107 core_acc=3 o_scale=1 o_store=3 kv_dma_issue=0 kv_dma_wait=0 kv_transform=0
FIG8_ATTENTION_TIMERS mode=lut-exp scna_function=0 scna_kernel=0 scna_pipeline=0 scna_engine=0 profile_version=1 phase=warmup iteration=2 lut_exp=1 nonlinear_mode=0 scna_width=0 scna_exp=0 scna_pack=0 scna_hmx_affine_relu=0 scna_reduction=0 scna_unpack=0 qo_len=8 kv_len=4096 n_heads=12 n_kv_heads=2 head_dim=128 kv_head=1 worker=0 profiled_total=440 q_load=2 k_load=178 v_load=145 qk_dot=4 safe_sm=104 core_acc=3 o_scale=1 o_store=3 kv_dma_issue=0 kv_dma_wait=0 kv_transform=0
FIG8_ATTENTION_EVENT_COUNT mode=lut-exp qo_len=8 phase=warmup iteration=2 events=16 max_events=6320 overflow=0
FIG8_ATTENTION_HOST_TIMING mode=lut-exp scna_function=exp2 scna_kernel=direct scna_pipeline=off scna_width=0 qo_len=8 kv_len=4096 n_heads=12 n_kv_heads=2 head_dim=128 phase=warmup iteration=3 host_elapsed_us=1133 ret=0
FIG8_ATTENTION_PROFILE_COUNT mode=lut-exp qo_len=8 phase=warmup iteration=3 records=2 max_records=10
FIG8_ATTENTION_TIMERS mode=lut-exp scna_function=0 scna_kernel=0 scna_pipeline=0 scna_engine=0 profile_version=1 phase=warmup iteration=3 lut_exp=1 nonlinear_mode=0 scna_width=0 scna_exp=0 scna_pack=0 scna_hmx_affine_relu=0 scna_reduction=0 scna_unpack=0 qo_len=8 kv_len=4096 n_heads=12 n_kv_heads=2 head_dim=128 kv_head=0 worker=0 profiled_total=433 q_load=2 k_load=171 v_load=143 qk_dot=4 safe_sm=106 core_acc=3 o_scale=1 o_store=3 kv_dma_issue=0 kv_dma_wait=0 kv_transform=0
FIG8_ATTENTION_TIMERS mode=lut-exp scna_function=0 scna_kernel=0 scna_pipeline=0 scna_engine=0 profile_version=1 phase=warmup iteration=3 lut_exp=1 nonlinear_mode=0 scna_width=0 scna_exp=0 scna_pack=0 scna_hmx_affine_relu=0 scna_reduction=0 scna_unpack=0 qo_len=8 kv_len=4096 n_heads=12 n_kv_heads=2 head_dim=128 kv_head=1 worker=0 profiled_total=436 q_load=2 k_load=176 v_load=143 qk_dot=4 safe_sm=104 core_acc=3 o_scale=1 o_store=3 kv_dma_issue=0 kv_dma_wait=0 kv_transform=0
FIG8_ATTENTION_EVENT_COUNT mode=lut-exp qo_len=8 phase=warmup iteration=3 events=16 max_events=6320 overflow=0
FIG8_ATTENTION_HOST_TIMING mode=lut-exp scna_function=exp2 scna_kernel=direct scna_pipeline=off scna_width=0 qo_len=8 kv_len=4096 n_heads=12 n_kv_heads=2 head_dim=128 phase=warmup iteration=4 host_elapsed_us=1132 ret=0
FIG8_ATTENTION_PROFILE_COUNT mode=lut-exp qo_len=8 phase=warmup iteration=4 records=2 max_records=10
FIG8_ATTENTION_TIMERS mode=lut-exp scna_function=0 scna_kernel=0 scna_pipeline=0 scna_engine=0 profile_version=1 phase=warmup iteration=4 lut_exp=1 nonlinear_mode=0 scna_width=0 scna_exp=0 scna_pack=0 scna_hmx_affine_relu=0 scna_reduction=0 scna_unpack=0 qo_len=8 kv_len=4096 n_heads=12 n_kv_heads=2 head_dim=128 kv_head=0 worker=0 profiled_total=427 q_load=2 k_load=168 v_load=142 qk_dot=3 safe_sm=105 core_acc=3 o_scale=1 o_store=3 kv_dma_issue=0 kv_dma_wait=0 kv_transform=0
FIG8_ATTENTION_TIMERS mode=lut-exp scna_function=0 scna_kernel=0 scna_pipeline=0 scna_engine=0 profile_version=1 phase=warmup iteration=4 lut_exp=1 nonlinear_mode=0 scna_width=0 scna_exp=0 scna_pack=0 scna_hmx_affine_relu=0 scna_reduction=0 scna_unpack=0 qo_len=8 kv_len=4096 n_heads=12 n_kv_heads=2 head_dim=128 kv_head=1 worker=0 profiled_total=428 q_load=2 k_load=172 v_load=140 qk_dot=4 safe_sm=103 core_acc=3 o_scale=1 o_store=3 kv_dma_issue=0 kv_dma_wait=0 kv_transform=0
FIG8_ATTENTION_EVENT_COUNT mode=lut-exp qo_len=8 phase=warmup iteration=4 events=16 max_events=6320 overflow=0
FIG8_ATTENTION_HOST_TIMING mode=lut-exp scna_function=exp2 scna_kernel=direct scna_pipeline=off scna_width=0 qo_len=8 kv_len=4096 n_heads=12 n_kv_heads=2 head_dim=128 phase=measure iteration=0 host_elapsed_us=1230 ret=0
FIG8_ATTENTION_PROFILE_COUNT mode=lut-exp qo_len=8 phase=measure iteration=0 records=2 max_records=10
FIG8_ATTENTION_TIMERS mode=lut-exp scna_function=0 scna_kernel=0 scna_pipeline=0 scna_engine=0 profile_version=1 phase=measure iteration=0 lut_exp=1 nonlinear_mode=0 scna_width=0 scna_exp=0 scna_pack=0 scna_hmx_affine_relu=0 scna_reduction=0 scna_unpack=0 qo_len=8 kv_len=4096 n_heads=12 n_kv_heads=2 head_dim=128 kv_head=0 worker=0 profiled_total=431 q_load=2 k_load=166 v_load=144 qk_dot=4 safe_sm=108 core_acc=3 o_scale=1 o_store=3 kv_dma_issue=0 kv_dma_wait=0 kv_transform=0
FIG8_ATTENTION_TIMERS mode=lut-exp scna_function=0 scna_kernel=0 scna_pipeline=0 scna_engine=0 profile_version=1 phase=measure iteration=0 lut_exp=1 nonlinear_mode=0 scna_width=0 scna_exp=0 scna_pack=0 scna_hmx_affine_relu=0 scna_reduction=0 scna_unpack=0 qo_len=8 kv_len=4096 n_heads=12 n_kv_heads=2 head_dim=128 kv_head=1 worker=0 profiled_total=433 q_load=2 k_load=173 v_load=143 qk_dot=4 safe_sm=104 core_acc=3 o_scale=1 o_store=3 kv_dma_issue=0 kv_dma_wait=0 kv_transform=0
FIG8_ATTENTION_EVENT_COUNT mode=lut-exp qo_len=8 phase=measure iteration=0 events=16 max_events=6320 overflow=0
FIG8_ATTENTION_HOST_TIMING mode=lut-exp scna_function=exp2 scna_kernel=direct scna_pipeline=off scna_width=0 qo_len=8 kv_len=4096 n_heads=12 n_kv_heads=2 head_dim=128 phase=measure iteration=1 host_elapsed_us=1314 ret=0
FIG8_ATTENTION_PROFILE_COUNT mode=lut-exp qo_len=8 phase=measure iteration=1 records=2 max_records=10
FIG8_ATTENTION_TIMERS mode=lut-exp scna_function=0 scna_kernel=0 scna_pipeline=0 scna_engine=0 profile_version=1 phase=measure iteration=1 lut_exp=1 nonlinear_mode=0 scna_width=0 scna_exp=0 scna_pack=0 scna_hmx_affine_relu=0 scna_reduction=0 scna_unpack=0 qo_len=8 kv_len=4096 n_heads=12 n_kv_heads=2 head_dim=128 kv_head=0 worker=0 profiled_total=420 q_load=2 k_load=166 v_load=137 qk_dot=4 safe_sm=104 core_acc=3 o_scale=1 o_store=3 kv_dma_issue=0 kv_dma_wait=0 kv_transform=0
FIG8_ATTENTION_TIMERS mode=lut-exp scna_function=0 scna_kernel=0 scna_pipeline=0 scna_engine=0 profile_version=1 phase=measure iteration=1 lut_exp=1 nonlinear_mode=0 scna_width=0 scna_exp=0 scna_pack=0 scna_hmx_affine_relu=0 scna_reduction=0 scna_unpack=0 qo_len=8 kv_len=4096 n_heads=12 n_kv_heads=2 head_dim=128 kv_head=1 worker=0 profiled_total=418 q_load=2 k_load=165 v_load=138 qk_dot=4 safe_sm=102 core_acc=3 o_scale=1 o_store=3 kv_dma_issue=0 kv_dma_wait=0 kv_transform=0
FIG8_ATTENTION_EVENT_COUNT mode=lut-exp qo_len=8 phase=measure iteration=1 events=16 max_events=6320 overflow=0
FIG8_ATTENTION_HOST_TIMING mode=lut-exp scna_function=exp2 scna_kernel=direct scna_pipeline=off scna_width=0 qo_len=8 kv_len=4096 n_heads=12 n_kv_heads=2 head_dim=128 phase=measure iteration=2 host_elapsed_us=1168 ret=0
FIG8_ATTENTION_PROFILE_COUNT mode=lut-exp qo_len=8 phase=measure iteration=2 records=2 max_records=10
FIG8_ATTENTION_TIMERS mode=lut-exp scna_function=0 scna_kernel=0 scna_pipeline=0 scna_engine=0 profile_version=1 phase=measure iteration=2 lut_exp=1 nonlinear_mode=0 scna_width=0 scna_exp=0 scna_pack=0 scna_hmx_affine_relu=0 scna_reduction=0 scna_unpack=0 qo_len=8 kv_len=4096 n_heads=12 n_kv_heads=2 head_dim=128 kv_head=0 worker=0 profiled_total=405 q_load=2 k_load=155 v_load=134 qk_dot=4 safe_sm=103 core_acc=3 o_scale=1 o_store=3 kv_dma_issue=0 kv_dma_wait=0 kv_transform=0
FIG8_ATTENTION_TIMERS mode=lut-exp scna_function=0 scna_kernel=0 scna_pipeline=0 scna_engine=0 profile_version=1 phase=measure iteration=2 lut_exp=1 nonlinear_mode=0 scna_width=0 scna_exp=0 scna_pack=0 scna_hmx_affine_relu=0 scna_reduction=0 scna_unpack=0 qo_len=8 kv_len=4096 n_heads=12 n_kv_heads=2 head_dim=128 kv_head=1 worker=0 profiled_total=413 q_load=2 k_load=164 v_load=135 qk_dot=4 safe_sm=101 core_acc=3 o_scale=1 o_store=3 kv_dma_issue=0 kv_dma_wait=0 kv_transform=0
FIG8_ATTENTION_EVENT_COUNT mode=lut-exp qo_len=8 phase=measure iteration=2 events=16 max_events=6320 overflow=0
FIG8_ATTENTION_HOST_TIMING mode=lut-exp scna_function=exp2 scna_kernel=direct scna_pipeline=off scna_width=0 qo_len=8 kv_len=4096 n_heads=12 n_kv_heads=2 head_dim=128 phase=measure iteration=3 host_elapsed_us=1106 ret=0
FIG8_ATTENTION_PROFILE_COUNT mode=lut-exp qo_len=8 phase=measure iteration=3 records=2 max_records=10
FIG8_ATTENTION_TIMERS mode=lut-exp scna_function=0 scna_kernel=0 scna_pipeline=0 scna_engine=0 profile_version=1 phase=measure iteration=3 lut_exp=1 nonlinear_mode=0 scna_width=0 scna_exp=0 scna_pack=0 scna_hmx_affine_relu=0 scna_reduction=0 scna_unpack=0 qo_len=8 kv_len=4096 n_heads=12 n_kv_heads=2 head_dim=128 kv_head=0 worker=0 profiled_total=401 q_load=2 k_load=153 v_load=132 qk_dot=4 safe_sm=103 core_acc=3 o_scale=1 o_store=3 kv_dma_issue=0 kv_dma_wait=0 kv_transform=0
FIG8_ATTENTION_TIMERS mode=lut-exp scna_function=0 scna_kernel=0 scna_pipeline=0 scna_engine=0 profile_version=1 phase=measure iteration=3 lut_exp=1 nonlinear_mode=0 scna_width=0 scna_exp=0 scna_pack=0 scna_hmx_affine_relu=0 scna_reduction=0 scna_unpack=0 qo_len=8 kv_len=4096 n_heads=12 n_kv_heads=2 head_dim=128 kv_head=1 worker=0 profiled_total=401 q_load=2 k_load=156 v_load=132 qk_dot=4 safe_sm=100 core_acc=3 o_scale=1 o_store=3 kv_dma_issue=0 kv_dma_wait=0 kv_transform=0
FIG8_ATTENTION_EVENT_COUNT mode=lut-exp qo_len=8 phase=measure iteration=3 events=16 max_events=6320 overflow=0
FIG8_ATTENTION_HOST_TIMING mode=lut-exp scna_function=exp2 scna_kernel=direct scna_pipeline=off scna_width=0 qo_len=8 kv_len=4096 n_heads=12 n_kv_heads=2 head_dim=128 phase=measure iteration=4 host_elapsed_us=1156 ret=0
FIG8_ATTENTION_PROFILE_COUNT mode=lut-exp qo_len=8 phase=measure iteration=4 records=2 max_records=10
FIG8_ATTENTION_TIMERS mode=lut-exp scna_function=0 scna_kernel=0 scna_pipeline=0 scna_engine=0 profile_version=1 phase=measure iteration=4 lut_exp=1 nonlinear_mode=0 scna_width=0 scna_exp=0 scna_pack=0 scna_hmx_affine_relu=0 scna_reduction=0 scna_unpack=0 qo_len=8 kv_len=4096 n_heads=12 n_kv_heads=2 head_dim=128 kv_head=0 worker=0 profiled_total=403 q_load=2 k_load=154 v_load=133 qk_dot=4 safe_sm=103 core_acc=3 o_scale=1 o_store=3 kv_dma_issue=0 kv_dma_wait=0 kv_transform=0
FIG8_ATTENTION_TIMERS mode=lut-exp scna_function=0 scna_kernel=0 scna_pipeline=0 scna_engine=0 profile_version=1 phase=measure iteration=4 lut_exp=1 nonlinear_mode=0 scna_width=0 scna_exp=0 scna_pack=0 scna_hmx_affine_relu=0 scna_reduction=0 scna_unpack=0 qo_len=8 kv_len=4096 n_heads=12 n_kv_heads=2 head_dim=128 kv_head=1 worker=0 profiled_total=402 q_load=2 k_load=156 v_load=133 qk_dot=4 safe_sm=100 core_acc=3 o_scale=1 o_store=3 kv_dma_issue=0 kv_dma_wait=0 kv_transform=0
FIG8_ATTENTION_EVENT_COUNT mode=lut-exp qo_len=8 phase=measure iteration=4 events=16 max_events=6320 overflow=0
FIG8_ATTENTION_HOST_TIMING mode=lut-exp scna_function=exp2 scna_kernel=direct scna_pipeline=off scna_width=0 qo_len=8 kv_len=4096 n_heads=12 n_kv_heads=2 head_dim=128 phase=measure iteration=5 host_elapsed_us=1135 ret=0
FIG8_ATTENTION_PROFILE_COUNT mode=lut-exp qo_len=8 phase=measure iteration=5 records=2 max_records=10
FIG8_ATTENTION_TIMERS mode=lut-exp scna_function=0 scna_kernel=0 scna_pipeline=0 scna_engine=0 profile_version=1 phase=measure iteration=5 lut_exp=1 nonlinear_mode=0 scna_width=0 scna_exp=0 scna_pack=0 scna_hmx_affine_relu=0 scna_reduction=0 scna_unpack=0 qo_len=8 kv_len=4096 n_heads=12 n_kv_heads=2 head_dim=128 kv_head=0 worker=0 profiled_total=400 q_load=2 k_load=153 v_load=132 qk_dot=4 safe_sm=102 core_acc=3 o_scale=1 o_store=3 kv_dma_issue=0 kv_dma_wait=0 kv_transform=0
FIG8_ATTENTION_TIMERS mode=lut-exp scna_function=0 scna_kernel=0 scna_pipeline=0 scna_engine=0 profile_version=1 phase=measure iteration=5 lut_exp=1 nonlinear_mode=0 scna_width=0 scna_exp=0 scna_pack=0 scna_hmx_affine_relu=0 scna_reduction=0 scna_unpack=0 qo_len=8 kv_len=4096 n_heads=12 n_kv_heads=2 head_dim=128 kv_head=1 worker=0 profiled_total=404 q_load=2 k_load=158 v_load=133 qk_dot=4 safe_sm=100 core_acc=3 o_scale=1 o_store=3 kv_dma_issue=0 kv_dma_wait=0 kv_transform=0
FIG8_ATTENTION_EVENT_COUNT mode=lut-exp qo_len=8 phase=measure iteration=5 events=16 max_events=6320 overflow=0
FIG8_ATTENTION_HOST_TIMING mode=lut-exp scna_function=exp2 scna_kernel=direct scna_pipeline=off scna_width=0 qo_len=8 kv_len=4096 n_heads=12 n_kv_heads=2 head_dim=128 phase=measure iteration=6 host_elapsed_us=1106 ret=0
FIG8_ATTENTION_PROFILE_COUNT mode=lut-exp qo_len=8 phase=measure iteration=6 records=2 max_records=10
FIG8_ATTENTION_TIMERS mode=lut-exp scna_function=0 scna_kernel=0 scna_pipeline=0 scna_engine=0 profile_version=1 phase=measure iteration=6 lut_exp=1 nonlinear_mode=0 scna_width=0 scna_exp=0 scna_pack=0 scna_hmx_affine_relu=0 scna_reduction=0 scna_unpack=0 qo_len=8 kv_len=4096 n_heads=12 n_kv_heads=2 head_dim=128 kv_head=0 worker=0 profiled_total=402 q_load=2 k_load=154 v_load=132 qk_dot=4 safe_sm=103 core_acc=3 o_scale=1 o_store=3 kv_dma_issue=0 kv_dma_wait=0 kv_transform=0
FIG8_ATTENTION_TIMERS mode=lut-exp scna_function=0 scna_kernel=0 scna_pipeline=0 scna_engine=0 profile_version=1 phase=measure iteration=6 lut_exp=1 nonlinear_mode=0 scna_width=0 scna_exp=0 scna_pack=0 scna_hmx_affine_relu=0 scna_reduction=0 scna_unpack=0 qo_len=8 kv_len=4096 n_heads=12 n_kv_heads=2 head_dim=128 kv_head=1 worker=0 profiled_total=406 q_load=2 k_load=159 v_load=132 qk_dot=4 safe_sm=102 core_acc=3 o_scale=1 o_store=3 kv_dma_issue=0 kv_dma_wait=0 kv_transform=0
FIG8_ATTENTION_EVENT_COUNT mode=lut-exp qo_len=8 phase=measure iteration=6 events=16 max_events=6320 overflow=0
FIG8_ATTENTION_HOST_TIMING mode=lut-exp scna_function=exp2 scna_kernel=direct scna_pipeline=off scna_width=0 qo_len=8 kv_len=4096 n_heads=12 n_kv_heads=2 head_dim=128 phase=measure iteration=7 host_elapsed_us=1097 ret=0
FIG8_ATTENTION_PROFILE_COUNT mode=lut-exp qo_len=8 phase=measure iteration=7 records=2 max_records=10
FIG8_ATTENTION_TIMERS mode=lut-exp scna_function=0 scna_kernel=0 scna_pipeline=0 scna_engine=0 profile_version=1 phase=measure iteration=7 lut_exp=1 nonlinear_mode=0 scna_width=0 scna_exp=0 scna_pack=0 scna_hmx_affine_relu=0 scna_reduction=0 scna_unpack=0 qo_len=8 kv_len=4096 n_heads=12 n_kv_heads=2 head_dim=128 kv_head=0 worker=0 profiled_total=405 q_load=2 k_load=154 v_load=132 qk_dot=4 safe_sm=106 core_acc=3 o_scale=1 o_store=3 kv_dma_issue=0 kv_dma_wait=0 kv_transform=0
FIG8_ATTENTION_TIMERS mode=lut-exp scna_function=0 scna_kernel=0 scna_pipeline=0 scna_engine=0 profile_version=1 phase=measure iteration=7 lut_exp=1 nonlinear_mode=0 scna_width=0 scna_exp=0 scna_pack=0 scna_hmx_affine_relu=0 scna_reduction=0 scna_unpack=0 qo_len=8 kv_len=4096 n_heads=12 n_kv_heads=2 head_dim=128 kv_head=1 worker=0 profiled_total=405 q_load=2 k_load=158 v_load=133 qk_dot=4 safe_sm=101 core_acc=3 o_scale=1 o_store=3 kv_dma_issue=0 kv_dma_wait=0 kv_transform=0
FIG8_ATTENTION_EVENT_COUNT mode=lut-exp qo_len=8 phase=measure iteration=7 events=16 max_events=6320 overflow=0
FIG8_ATTENTION_HOST_TIMING mode=lut-exp scna_function=exp2 scna_kernel=direct scna_pipeline=off scna_width=0 qo_len=8 kv_len=4096 n_heads=12 n_kv_heads=2 head_dim=128 phase=measure iteration=8 host_elapsed_us=1094 ret=0
FIG8_ATTENTION_PROFILE_COUNT mode=lut-exp qo_len=8 phase=measure iteration=8 records=2 max_records=10
FIG8_ATTENTION_TIMERS mode=lut-exp scna_function=0 scna_kernel=0 scna_pipeline=0 scna_engine=0 profile_version=1 phase=measure iteration=8 lut_exp=1 nonlinear_mode=0 scna_width=0 scna_exp=0 scna_pack=0 scna_hmx_affine_relu=0 scna_reduction=0 scna_unpack=0 qo_len=8 kv_len=4096 n_heads=12 n_kv_heads=2 head_dim=128 kv_head=0 worker=0 profiled_total=404 q_load=2 k_load=153 v_load=132 qk_dot=4 safe_sm=106 core_acc=3 o_scale=1 o_store=3 kv_dma_issue=0 kv_dma_wait=0 kv_transform=0
FIG8_ATTENTION_TIMERS mode=lut-exp scna_function=0 scna_kernel=0 scna_pipeline=0 scna_engine=0 profile_version=1 phase=measure iteration=8 lut_exp=1 nonlinear_mode=0 scna_width=0 scna_exp=0 scna_pack=0 scna_hmx_affine_relu=0 scna_reduction=0 scna_unpack=0 qo_len=8 kv_len=4096 n_heads=12 n_kv_heads=2 head_dim=128 kv_head=1 worker=0 profiled_total=403 q_load=2 k_load=157 v_load=132 qk_dot=4 safe_sm=101 core_acc=3 o_scale=1 o_store=3 kv_dma_issue=0 kv_dma_wait=0 kv_transform=0
FIG8_ATTENTION_EVENT_COUNT mode=lut-exp qo_len=8 phase=measure iteration=8 events=16 max_events=6320 overflow=0
FIG8_ATTENTION_HOST_TIMING mode=lut-exp scna_function=exp2 scna_kernel=direct scna_pipeline=off scna_width=0 qo_len=8 kv_len=4096 n_heads=12 n_kv_heads=2 head_dim=128 phase=measure iteration=9 host_elapsed_us=1155 ret=0
FIG8_ATTENTION_PROFILE_COUNT mode=lut-exp qo_len=8 phase=measure iteration=9 records=2 max_records=10
FIG8_ATTENTION_TIMERS mode=lut-exp scna_function=0 scna_kernel=0 scna_pipeline=0 scna_engine=0 profile_version=1 phase=measure iteration=9 lut_exp=1 nonlinear_mode=0 scna_width=0 scna_exp=0 scna_pack=0 scna_hmx_affine_relu=0 scna_reduction=0 scna_unpack=0 qo_len=8 kv_len=4096 n_heads=12 n_kv_heads=2 head_dim=128 kv_head=0 worker=0 profiled_total=403 q_load=2 k_load=153 v_load=132 qk_dot=4 safe_sm=105 core_acc=3 o_scale=1 o_store=3 kv_dma_issue=0 kv_dma_wait=0 kv_transform=0
FIG8_ATTENTION_TIMERS mode=lut-exp scna_function=0 scna_kernel=0 scna_pipeline=0 scna_engine=0 profile_version=1 phase=measure iteration=9 lut_exp=1 nonlinear_mode=0 scna_width=0 scna_exp=0 scna_pack=0 scna_hmx_affine_relu=0 scna_reduction=0 scna_unpack=0 qo_len=8 kv_len=4096 n_heads=12 n_kv_heads=2 head_dim=128 kv_head=1 worker=0 profiled_total=404 q_load=2 k_load=156 v_load=134 qk_dot=4 safe_sm=101 core_acc=3 o_scale=1 o_store=3 kv_dma_issue=0 kv_dma_wait=0 kv_transform=0
FIG8_ATTENTION_EVENT_COUNT mode=lut-exp qo_len=8 phase=measure iteration=9 events=16 max_events=6320 overflow=0
FIG8_ATTENTION_HOST_TIMING mode=lut-exp scna_function=exp2 scna_kernel=direct scna_pipeline=off scna_width=0 qo_len=8 kv_len=4096 n_heads=12 n_kv_heads=2 head_dim=128 phase=measure iteration=10 host_elapsed_us=1131 ret=0
FIG8_ATTENTION_PROFILE_COUNT mode=lut-exp qo_len=8 phase=measure iteration=10 records=2 max_records=10
FIG8_ATTENTION_TIMERS mode=lut-exp scna_function=0 scna_kernel=0 scna_pipeline=0 scna_engine=0 profile_version=1 phase=measure iteration=10 lut_exp=1 nonlinear_mode=0 scna_width=0 scna_exp=0 scna_pack=0 scna_hmx_affine_relu=0 scna_reduction=0 scna_unpack=0 qo_len=8 kv_len=4096 n_heads=12 n_kv_heads=2 head_dim=128 kv_head=0 worker=0 profiled_total=408 q_load=2 k_load=158 v_load=131 qk_dot=4 safe_sm=106 core_acc=3 o_scale=1 o_store=3 kv_dma_issue=0 kv_dma_wait=0 kv_transform=0
FIG8_ATTENTION_TIMERS mode=lut-exp scna_function=0 scna_kernel=0 scna_pipeline=0 scna_engine=0 profile_version=1 phase=measure iteration=10 lut_exp=1 nonlinear_mode=0 scna_width=0 scna_exp=0 scna_pack=0 scna_hmx_affine_relu=0 scna_reduction=0 scna_unpack=0 qo_len=8 kv_len=4096 n_heads=12 n_kv_heads=2 head_dim=128 kv_head=1 worker=0 profiled_total=406 q_load=2 k_load=158 v_load=133 qk_dot=4 safe_sm=102 core_acc=3 o_scale=1 o_store=3 kv_dma_issue=0 kv_dma_wait=0 kv_transform=0
FIG8_ATTENTION_EVENT_COUNT mode=lut-exp qo_len=8 phase=measure iteration=10 events=16 max_events=6320 overflow=0
FIG8_ATTENTION_HOST_TIMING mode=lut-exp scna_function=exp2 scna_kernel=direct scna_pipeline=off scna_width=0 qo_len=8 kv_len=4096 n_heads=12 n_kv_heads=2 head_dim=128 phase=measure iteration=11 host_elapsed_us=1129 ret=0
FIG8_ATTENTION_PROFILE_COUNT mode=lut-exp qo_len=8 phase=measure iteration=11 records=2 max_records=10
FIG8_ATTENTION_TIMERS mode=lut-exp scna_function=0 scna_kernel=0 scna_pipeline=0 scna_engine=0 profile_version=1 phase=measure iteration=11 lut_exp=1 nonlinear_mode=0 scna_width=0 scna_exp=0 scna_pack=0 scna_hmx_affine_relu=0 scna_reduction=0 scna_unpack=0 qo_len=8 kv_len=4096 n_heads=12 n_kv_heads=2 head_dim=128 kv_head=0 worker=0 profiled_total=403 q_load=2 k_load=153 v_load=131 qk_dot=4 safe_sm=106 core_acc=3 o_scale=1 o_store=3 kv_dma_issue=0 kv_dma_wait=0 kv_transform=0
FIG8_ATTENTION_TIMERS mode=lut-exp scna_function=0 scna_kernel=0 scna_pipeline=0 scna_engine=0 profile_version=1 phase=measure iteration=11 lut_exp=1 nonlinear_mode=0 scna_width=0 scna_exp=0 scna_pack=0 scna_hmx_affine_relu=0 scna_reduction=0 scna_unpack=0 qo_len=8 kv_len=4096 n_heads=12 n_kv_heads=2 head_dim=128 kv_head=1 worker=0 profiled_total=405 q_load=2 k_load=158 v_load=134 qk_dot=4 safe_sm=100 core_acc=3 o_scale=1 o_store=3 kv_dma_issue=0 kv_dma_wait=0 kv_transform=0
FIG8_ATTENTION_EVENT_COUNT mode=lut-exp qo_len=8 phase=measure iteration=11 events=16 max_events=6320 overflow=0
FIG8_ATTENTION_HOST_TIMING mode=lut-exp scna_function=exp2 scna_kernel=direct scna_pipeline=off scna_width=0 qo_len=8 kv_len=4096 n_heads=12 n_kv_heads=2 head_dim=128 phase=measure iteration=12 host_elapsed_us=1134 ret=0
FIG8_ATTENTION_PROFILE_COUNT mode=lut-exp qo_len=8 phase=measure iteration=12 records=2 max_records=10
FIG8_ATTENTION_TIMERS mode=lut-exp scna_function=0 scna_kernel=0 scna_pipeline=0 scna_engine=0 profile_version=1 phase=measure iteration=12 lut_exp=1 nonlinear_mode=0 scna_width=0 scna_exp=0 scna_pack=0 scna_hmx_affine_relu=0 scna_reduction=0 scna_unpack=0 qo_len=8 kv_len=4096 n_heads=12 n_kv_heads=2 head_dim=128 kv_head=0 worker=0 profiled_total=402 q_load=2 k_load=152 v_load=130 qk_dot=4 safe_sm=107 core_acc=3 o_scale=1 o_store=3 kv_dma_issue=0 kv_dma_wait=0 kv_transform=0
FIG8_ATTENTION_TIMERS mode=lut-exp scna_function=0 scna_kernel=0 scna_pipeline=0 scna_engine=0 profile_version=1 phase=measure iteration=12 lut_exp=1 nonlinear_mode=0 scna_width=0 scna_exp=0 scna_pack=0 scna_hmx_affine_relu=0 scna_reduction=0 scna_unpack=0 qo_len=8 kv_len=4096 n_heads=12 n_kv_heads=2 head_dim=128 kv_head=1 worker=0 profiled_total=406 q_load=2 k_load=158 v_load=133 qk_dot=4 safe_sm=102 core_acc=3 o_scale=1 o_store=3 kv_dma_issue=0 kv_dma_wait=0 kv_transform=0
FIG8_ATTENTION_EVENT_COUNT mode=lut-exp qo_len=8 phase=measure iteration=12 events=16 max_events=6320 overflow=0
FIG8_ATTENTION_HOST_TIMING mode=lut-exp scna_function=exp2 scna_kernel=direct scna_pipeline=off scna_width=0 qo_len=8 kv_len=4096 n_heads=12 n_kv_heads=2 head_dim=128 phase=measure iteration=13 host_elapsed_us=1125 ret=0
FIG8_ATTENTION_PROFILE_COUNT mode=lut-exp qo_len=8 phase=measure iteration=13 records=2 max_records=10
FIG8_ATTENTION_TIMERS mode=lut-exp scna_function=0 scna_kernel=0 scna_pipeline=0 scna_engine=0 profile_version=1 phase=measure iteration=13 lut_exp=1 nonlinear_mode=0 scna_width=0 scna_exp=0 scna_pack=0 scna_hmx_affine_relu=0 scna_reduction=0 scna_unpack=0 qo_len=8 kv_len=4096 n_heads=12 n_kv_heads=2 head_dim=128 kv_head=0 worker=0 profiled_total=400 q_load=2 k_load=153 v_load=131 qk_dot=4 safe_sm=103 core_acc=3 o_scale=1 o_store=3 kv_dma_issue=0 kv_dma_wait=0 kv_transform=0
FIG8_ATTENTION_TIMERS mode=lut-exp scna_function=0 scna_kernel=0 scna_pipeline=0 scna_engine=0 profile_version=1 phase=measure iteration=13 lut_exp=1 nonlinear_mode=0 scna_width=0 scna_exp=0 scna_pack=0 scna_hmx_affine_relu=0 scna_reduction=0 scna_unpack=0 qo_len=8 kv_len=4096 n_heads=12 n_kv_heads=2 head_dim=128 kv_head=1 worker=0 profiled_total=407 q_load=2 k_load=158 v_load=134 qk_dot=4 safe_sm=102 core_acc=3 o_scale=1 o_store=3 kv_dma_issue=0 kv_dma_wait=0 kv_transform=0
FIG8_ATTENTION_EVENT_COUNT mode=lut-exp qo_len=8 phase=measure iteration=13 events=16 max_events=6320 overflow=0
FIG8_ATTENTION_HOST_TIMING mode=lut-exp scna_function=exp2 scna_kernel=direct scna_pipeline=off scna_width=0 qo_len=8 kv_len=4096 n_heads=12 n_kv_heads=2 head_dim=128 phase=measure iteration=14 host_elapsed_us=1110 ret=0
FIG8_ATTENTION_PROFILE_COUNT mode=lut-exp qo_len=8 phase=measure iteration=14 records=2 max_records=10
FIG8_ATTENTION_TIMERS mode=lut-exp scna_function=0 scna_kernel=0 scna_pipeline=0 scna_engine=0 profile_version=1 phase=measure iteration=14 lut_exp=1 nonlinear_mode=0 scna_width=0 scna_exp=0 scna_pack=0 scna_hmx_affine_relu=0 scna_reduction=0 scna_unpack=0 qo_len=8 kv_len=4096 n_heads=12 n_kv_heads=2 head_dim=128 kv_head=0 worker=0 profiled_total=404 q_load=2 k_load=152 v_load=132 qk_dot=4 safe_sm=107 core_acc=3 o_scale=1 o_store=3 kv_dma_issue=0 kv_dma_wait=0 kv_transform=0
FIG8_ATTENTION_TIMERS mode=lut-exp scna_function=0 scna_kernel=0 scna_pipeline=0 scna_engine=0 profile_version=1 phase=measure iteration=14 lut_exp=1 nonlinear_mode=0 scna_width=0 scna_exp=0 scna_pack=0 scna_hmx_affine_relu=0 scna_reduction=0 scna_unpack=0 qo_len=8 kv_len=4096 n_heads=12 n_kv_heads=2 head_dim=128 kv_head=1 worker=0 profiled_total=407 q_load=2 k_load=157 v_load=135 qk_dot=4 safe_sm=102 core_acc=3 o_scale=1 o_store=3 kv_dma_issue=0 kv_dma_wait=0 kv_transform=0
FIG8_ATTENTION_EVENT_COUNT mode=lut-exp qo_len=8 phase=measure iteration=14 events=16 max_events=6320 overflow=0
FIG8_ATTENTION_HOST_TIMING mode=lut-exp scna_function=exp2 scna_kernel=direct scna_pipeline=off scna_width=0 qo_len=8 kv_len=4096 n_heads=12 n_kv_heads=2 head_dim=128 phase=measure iteration=15 host_elapsed_us=1129 ret=0
FIG8_ATTENTION_PROFILE_COUNT mode=lut-exp qo_len=8 phase=measure iteration=15 records=2 max_records=10
FIG8_ATTENTION_TIMERS mode=lut-exp scna_function=0 scna_kernel=0 scna_pipeline=0 scna_engine=0 profile_version=1 phase=measure iteration=15 lut_exp=1 nonlinear_mode=0 scna_width=0 scna_exp=0 scna_pack=0 scna_hmx_affine_relu=0 scna_reduction=0 scna_unpack=0 qo_len=8 kv_len=4096 n_heads=12 n_kv_heads=2 head_dim=128 kv_head=0 worker=0 profiled_total=400 q_load=2 k_load=153 v_load=130 qk_dot=4 safe_sm=104 core_acc=3 o_scale=1 o_store=3 kv_dma_issue=0 kv_dma_wait=0 kv_transform=0
FIG8_ATTENTION_TIMERS mode=lut-exp scna_function=0 scna_kernel=0 scna_pipeline=0 scna_engine=0 profile_version=1 phase=measure iteration=15 lut_exp=1 nonlinear_mode=0 scna_width=0 scna_exp=0 scna_pack=0 scna_hmx_affine_relu=0 scna_reduction=0 scna_unpack=0 qo_len=8 kv_len=4096 n_heads=12 n_kv_heads=2 head_dim=128 kv_head=1 worker=0 profiled_total=405 q_load=2 k_load=157 v_load=133 qk_dot=4 safe_sm=102 core_acc=3 o_scale=1 o_store=3 kv_dma_issue=0 kv_dma_wait=0 kv_transform=0
FIG8_ATTENTION_EVENT_COUNT mode=lut-exp qo_len=8 phase=measure iteration=15 events=16 max_events=6320 overflow=0
FIG8_ATTENTION_HOST_TIMING mode=lut-exp scna_function=exp2 scna_kernel=direct scna_pipeline=off scna_width=0 qo_len=8 kv_len=4096 n_heads=12 n_kv_heads=2 head_dim=128 phase=measure iteration=16 host_elapsed_us=1148 ret=0
FIG8_ATTENTION_PROFILE_COUNT mode=lut-exp qo_len=8 phase=measure iteration=16 records=2 max_records=10
FIG8_ATTENTION_TIMERS mode=lut-exp scna_function=0 scna_kernel=0 scna_pipeline=0 scna_engine=0 profile_version=1 phase=measure iteration=16 lut_exp=1 nonlinear_mode=0 scna_width=0 scna_exp=0 scna_pack=0 scna_hmx_affine_relu=0 scna_reduction=0 scna_unpack=0 qo_len=8 kv_len=4096 n_heads=12 n_kv_heads=2 head_dim=128 kv_head=0 worker=0 profiled_total=401 q_load=2 k_load=152 v_load=129 qk_dot=4 safe_sm=107 core_acc=3 o_scale=1 o_store=3 kv_dma_issue=0 kv_dma_wait=0 kv_transform=0
FIG8_ATTENTION_TIMERS mode=lut-exp scna_function=0 scna_kernel=0 scna_pipeline=0 scna_engine=0 profile_version=1 phase=measure iteration=16 lut_exp=1 nonlinear_mode=0 scna_width=0 scna_exp=0 scna_pack=0 scna_hmx_affine_relu=0 scna_reduction=0 scna_unpack=0 qo_len=8 kv_len=4096 n_heads=12 n_kv_heads=2 head_dim=128 kv_head=1 worker=0 profiled_total=404 q_load=2 k_load=157 v_load=134 qk_dot=4 safe_sm=100 core_acc=3 o_scale=1 o_store=3 kv_dma_issue=0 kv_dma_wait=0 kv_transform=0
FIG8_ATTENTION_EVENT_COUNT mode=lut-exp qo_len=8 phase=measure iteration=16 events=16 max_events=6320 overflow=0
FIG8_ATTENTION_HOST_TIMING mode=lut-exp scna_function=exp2 scna_kernel=direct scna_pipeline=off scna_width=0 qo_len=8 kv_len=4096 n_heads=12 n_kv_heads=2 head_dim=128 phase=measure iteration=17 host_elapsed_us=1123 ret=0
FIG8_ATTENTION_PROFILE_COUNT mode=lut-exp qo_len=8 phase=measure iteration=17 records=2 max_records=10
FIG8_ATTENTION_TIMERS mode=lut-exp scna_function=0 scna_kernel=0 scna_pipeline=0 scna_engine=0 profile_version=1 phase=measure iteration=17 lut_exp=1 nonlinear_mode=0 scna_width=0 scna_exp=0 scna_pack=0 scna_hmx_affine_relu=0 scna_reduction=0 scna_unpack=0 qo_len=8 kv_len=4096 n_heads=12 n_kv_heads=2 head_dim=128 kv_head=0 worker=0 profiled_total=407 q_load=2 k_load=156 v_load=132 qk_dot=4 safe_sm=106 core_acc=3 o_scale=1 o_store=3 kv_dma_issue=0 kv_dma_wait=0 kv_transform=0
FIG8_ATTENTION_TIMERS mode=lut-exp scna_function=0 scna_kernel=0 scna_pipeline=0 scna_engine=0 profile_version=1 phase=measure iteration=17 lut_exp=1 nonlinear_mode=0 scna_width=0 scna_exp=0 scna_pack=0 scna_hmx_affine_relu=0 scna_reduction=0 scna_unpack=0 qo_len=8 kv_len=4096 n_heads=12 n_kv_heads=2 head_dim=128 kv_head=1 worker=0 profiled_total=409 q_load=2 k_load=159 v_load=134 qk_dot=4 safe_sm=103 core_acc=3 o_scale=1 o_store=3 kv_dma_issue=0 kv_dma_wait=0 kv_transform=0
FIG8_ATTENTION_EVENT_COUNT mode=lut-exp qo_len=8 phase=measure iteration=17 events=16 max_events=6320 overflow=0
FIG8_ATTENTION_HOST_TIMING mode=lut-exp scna_function=exp2 scna_kernel=direct scna_pipeline=off scna_width=0 qo_len=8 kv_len=4096 n_heads=12 n_kv_heads=2 head_dim=128 phase=measure iteration=18 host_elapsed_us=1144 ret=0
FIG8_ATTENTION_PROFILE_COUNT mode=lut-exp qo_len=8 phase=measure iteration=18 records=2 max_records=10
FIG8_ATTENTION_TIMERS mode=lut-exp scna_function=0 scna_kernel=0 scna_pipeline=0 scna_engine=0 profile_version=1 phase=measure iteration=18 lut_exp=1 nonlinear_mode=0 scna_width=0 scna_exp=0 scna_pack=0 scna_hmx_affine_relu=0 scna_reduction=0 scna_unpack=0 qo_len=8 kv_len=4096 n_heads=12 n_kv_heads=2 head_dim=128 kv_head=0 worker=0 profiled_total=401 q_load=2 k_load=151 v_load=132 qk_dot=4 safe_sm=105 core_acc=3 o_scale=1 o_store=3 kv_dma_issue=0 kv_dma_wait=0 kv_transform=0
FIG8_ATTENTION_TIMERS mode=lut-exp scna_function=0 scna_kernel=0 scna_pipeline=0 scna_engine=0 profile_version=1 phase=measure iteration=18 lut_exp=1 nonlinear_mode=0 scna_width=0 scna_exp=0 scna_pack=0 scna_hmx_affine_relu=0 scna_reduction=0 scna_unpack=0 qo_len=8 kv_len=4096 n_heads=12 n_kv_heads=2 head_dim=128 kv_head=1 worker=0 profiled_total=403 q_load=2 k_load=155 v_load=133 qk_dot=4 safe_sm=102 core_acc=3 o_scale=1 o_store=3 kv_dma_issue=0 kv_dma_wait=0 kv_transform=0
FIG8_ATTENTION_EVENT_COUNT mode=lut-exp qo_len=8 phase=measure iteration=18 events=16 max_events=6320 overflow=0
FIG8_ATTENTION_HOST_TIMING mode=lut-exp scna_function=exp2 scna_kernel=direct scna_pipeline=off scna_width=0 qo_len=8 kv_len=4096 n_heads=12 n_kv_heads=2 head_dim=128 phase=measure iteration=19 host_elapsed_us=1144 ret=0
FIG8_ATTENTION_PROFILE_COUNT mode=lut-exp qo_len=8 phase=measure iteration=19 records=2 max_records=10
FIG8_ATTENTION_TIMERS mode=lut-exp scna_function=0 scna_kernel=0 scna_pipeline=0 scna_engine=0 profile_version=1 phase=measure iteration=19 lut_exp=1 nonlinear_mode=0 scna_width=0 scna_exp=0 scna_pack=0 scna_hmx_affine_relu=0 scna_reduction=0 scna_unpack=0 qo_len=8 kv_len=4096 n_heads=12 n_kv_heads=2 head_dim=128 kv_head=0 worker=0 profiled_total=401 q_load=2 k_load=152 v_load=130 qk_dot=4 safe_sm=106 core_acc=3 o_scale=1 o_store=3 kv_dma_issue=0 kv_dma_wait=0 kv_transform=0
FIG8_ATTENTION_TIMERS mode=lut-exp scna_function=0 scna_kernel=0 scna_pipeline=0 scna_engine=0 profile_version=1 phase=measure iteration=19 lut_exp=1 nonlinear_mode=0 scna_width=0 scna_exp=0 scna_pack=0 scna_hmx_affine_relu=0 scna_reduction=0 scna_unpack=0 qo_len=8 kv_len=4096 n_heads=12 n_kv_heads=2 head_dim=128 kv_head=1 worker=0 profiled_total=405 q_load=2 k_load=157 v_load=133 qk_dot=4 safe_sm=102 core_acc=3 o_scale=1 o_store=3 kv_dma_issue=0 kv_dma_wait=0 kv_transform=0
FIG8_ATTENTION_EVENT_COUNT mode=lut-exp qo_len=8 phase=measure iteration=19 events=16 max_events=6320 overflow=0
