FIG8_ATTENTION_CONFIG mode=lut-exp layout=serial variant=pair_static_d8 scna_width=8 seed=figure8_fixed mask_mode=full qo_len=16 kv_len=4096 kv_pad_len=4096 n_heads=12 n_kv_heads=2 head_dim=128 warmup=5 iters=20 q_size=98304 kv_size=2097152 mask_size=131072 profile_size=8448 profile_max_records=16 profile_max_events=0 mode_flags=65537 print_events=0 workers=1
FIG8_ATTENTION_HOST_TIMING mode=lut-exp layout=serial variant=pair_static_d8 workers=1 scna_width=8 seed=figure8_fixed mask_mode=full qo_len=16 kv_len=4096 n_heads=12 n_kv_heads=2 head_dim=128 phase=warmup iteration=0 host_elapsed_us=2376 ret=0
FIG8_ATTENTION_PROFILE_COUNT mode=lut-exp qo_len=16 phase=warmup iteration=0 records=8 max_records=16
FIG8_ATTENTION_WORKERS mode=lut-exp variant=pair_static_d8 qo_len=16 phase=warmup iteration=0 requested_workers=1 active_workers=1 hvx_contexts=6 vtcm_worker_cap=8 tasks=8 q_task_rows=4
FIG8_ATTENTION_TIMERS mode=lut-exp layout=serial phase=warmup iteration=0 lut_exp=1 scna_layout=0 scna_width=0 qo_len=4 kv_len=4096 n_heads=12 n_kv_heads=2 head_dim=128 kv_head=0 worker=0 profiled_total=254 q_load=2 k_load=77 v_load=79 qk_dot=2 safe_sm=79 scna_exp=0 state_update=7 param_prepare=0 core_acc=11 o_scale=2 o_store=2
FIG8_ATTENTION_TIMERS mode=lut-exp layout=serial phase=warmup iteration=0 lut_exp=1 scna_layout=0 scna_width=0 qo_len=4 kv_len=4096 n_heads=12 n_kv_heads=2 head_dim=128 kv_head=1 worker=0 profiled_total=247 q_load=1 k_load=72 v_load=85 qk_dot=2 safe_sm=72 scna_exp=0 state_update=8 param_prepare=0 core_acc=12 o_scale=1 o_store=2
FIG8_ATTENTION_TIMERS mode=lut-exp layout=serial phase=warmup iteration=0 lut_exp=1 scna_layout=0 scna_width=0 qo_len=4 kv_len=4096 n_heads=12 n_kv_heads=2 head_dim=128 kv_head=0 worker=0 profiled_total=209 q_load=1 k_load=67 v_load=72 qk_dot=1 safe_sm=62 scna_exp=0 state_update=2 param_prepare=0 core_acc=4 o_scale=1 o_store=1
FIG8_ATTENTION_TIMERS mode=lut-exp layout=serial phase=warmup iteration=0 lut_exp=1 scna_layout=0 scna_width=0 qo_len=4 kv_len=4096 n_heads=12 n_kv_heads=2 head_dim=128 kv_head=1 worker=0 profiled_total=221 q_load=1 k_load=70 v_load=82 qk_dot=2 safe_sm=61 scna_exp=0 state_update=2 param_prepare=0 core_acc=3 o_scale=1 o_store=1
FIG8_ATTENTION_TIMERS mode=lut-exp layout=serial phase=warmup iteration=0 lut_exp=1 scna_layout=0 scna_width=0 qo_len=4 kv_len=4096 n_heads=12 n_kv_heads=2 head_dim=128 kv_head=0 worker=0 profiled_total=214 q_load=1 k_load=67 v_load=77 qk_dot=1 safe_sm=61 scna_exp=0 state_update=3 param_prepare=0 core_acc=4 o_scale=1 o_store=2
FIG8_ATTENTION_TIMERS mode=lut-exp layout=serial phase=warmup iteration=0 lut_exp=1 scna_layout=0 scna_width=0 qo_len=4 kv_len=4096 n_heads=12 n_kv_heads=2 head_dim=128 kv_head=1 worker=0 profiled_total=211 q_load=1 k_load=69 v_load=74 qk_dot=2 safe_sm=60 scna_exp=0 state_update=1 param_prepare=0 core_acc=3 o_scale=1 o_store=1
FIG8_ATTENTION_TIMERS mode=lut-exp layout=serial phase=warmup iteration=0 lut_exp=1 scna_layout=0 scna_width=0 qo_len=4 kv_len=4096 n_heads=12 n_kv_heads=2 head_dim=128 kv_head=0 worker=0 profiled_total=208 q_load=1 k_load=67 v_load=70 qk_dot=2 safe_sm=61 scna_exp=0 state_update=2 param_prepare=0 core_acc=4 o_scale=1 o_store=2
FIG8_ATTENTION_TIMERS mode=lut-exp layout=serial phase=warmup iteration=0 lut_exp=1 scna_layout=0 scna_width=0 qo_len=4 kv_len=4096 n_heads=12 n_kv_heads=2 head_dim=128 kv_head=1 worker=0 profiled_total=217 q_load=1 k_load=67 v_load=80 qk_dot=2 safe_sm=60 scna_exp=0 state_update=3 param_prepare=0 core_acc=5 o_scale=1 o_store=1
FIG8_ATTENTION_EVENT_COUNT mode=lut-exp qo_len=16 phase=warmup iteration=0 events=0 max_events=0 overflow=0
FIG8_ATTENTION_CHECKSUM mode=lut-exp layout=serial scna_width=8 seed=figure8_fixed phase=warmup iteration=0 checksum=0x1ed657bc8f1652e1
FIG8_ATTENTION_HOST_TIMING mode=lut-exp layout=serial variant=pair_static_d8 workers=1 scna_width=8 seed=figure8_fixed mask_mode=full qo_len=16 kv_len=4096 n_heads=12 n_kv_heads=2 head_dim=128 phase=warmup iteration=1 host_elapsed_us=2194 ret=0
FIG8_ATTENTION_PROFILE_COUNT mode=lut-exp qo_len=16 phase=warmup iteration=1 records=8 max_records=16
FIG8_ATTENTION_WORKERS mode=lut-exp variant=pair_static_d8 qo_len=16 phase=warmup iteration=1 requested_workers=1 active_workers=1 hvx_contexts=6 vtcm_worker_cap=8 tasks=8 q_task_rows=4
FIG8_ATTENTION_TIMERS mode=lut-exp layout=serial phase=warmup iteration=1 lut_exp=1 scna_layout=0 scna_width=0 qo_len=4 kv_len=4096 n_heads=12 n_kv_heads=2 head_dim=128 kv_head=0 worker=1 profiled_total=214 q_load=1 k_load=68 v_load=77 qk_dot=1 safe_sm=61 scna_exp=0 state_update=2 param_prepare=0 core_acc=4 o_scale=1 o_store=1
FIG8_ATTENTION_TIMERS mode=lut-exp layout=serial phase=warmup iteration=1 lut_exp=1 scna_layout=0 scna_width=0 qo_len=4 kv_len=4096 n_heads=12 n_kv_heads=2 head_dim=128 kv_head=1 worker=1 profiled_total=215 q_load=1 k_load=68 v_load=77 qk_dot=1 safe_sm=62 scna_exp=0 state_update=2 param_prepare=0 core_acc=4 o_scale=1 o_store=1
FIG8_ATTENTION_TIMERS mode=lut-exp layout=serial phase=warmup iteration=1 lut_exp=1 scna_layout=0 scna_width=0 qo_len=4 kv_len=4096 n_heads=12 n_kv_heads=2 head_dim=128 kv_head=0 worker=1 profiled_total=206 q_load=1 k_load=68 v_load=72 qk_dot=1 safe_sm=59 scna_exp=0 state_update=2 param_prepare=0 core_acc=3 o_scale=1 o_store=1
FIG8_ATTENTION_TIMERS mode=lut-exp layout=serial phase=warmup iteration=1 lut_exp=1 scna_layout=0 scna_width=0 qo_len=4 kv_len=4096 n_heads=12 n_kv_heads=2 head_dim=128 kv_head=1 worker=1 profiled_total=211 q_load=1 k_load=68 v_load=75 qk_dot=2 safe_sm=60 scna_exp=0 state_update=2 param_prepare=0 core_acc=3 o_scale=1 o_store=1
FIG8_ATTENTION_TIMERS mode=lut-exp layout=serial phase=warmup iteration=1 lut_exp=1 scna_layout=0 scna_width=0 qo_len=4 kv_len=4096 n_heads=12 n_kv_heads=2 head_dim=128 kv_head=0 worker=1 profiled_total=209 q_load=1 k_load=68 v_load=71 qk_dot=1 safe_sm=61 scna_exp=0 state_update=3 param_prepare=0 core_acc=5 o_scale=1 o_store=1
FIG8_ATTENTION_TIMERS mode=lut-exp layout=serial phase=warmup iteration=1 lut_exp=1 scna_layout=0 scna_width=0 qo_len=4 kv_len=4096 n_heads=12 n_kv_heads=2 head_dim=128 kv_head=1 worker=1 profiled_total=214 q_load=1 k_load=68 v_load=72 qk_dot=2 safe_sm=63 scna_exp=0 state_update=4 param_prepare=0 core_acc=6 o_scale=1 o_store=1
FIG8_ATTENTION_TIMERS mode=lut-exp layout=serial phase=warmup iteration=1 lut_exp=1 scna_layout=0 scna_width=0 qo_len=4 kv_len=4096 n_heads=12 n_kv_heads=2 head_dim=128 kv_head=0 worker=1 profiled_total=204 q_load=1 k_load=67 v_load=71 qk_dot=1 safe_sm=59 scna_exp=0 state_update=2 param_prepare=0 core_acc=3 o_scale=1 o_store=1
FIG8_ATTENTION_TIMERS mode=lut-exp layout=serial phase=warmup iteration=1 lut_exp=1 scna_layout=0 scna_width=0 qo_len=4 kv_len=4096 n_heads=12 n_kv_heads=2 head_dim=128 kv_head=1 worker=1 profiled_total=209 q_load=1 k_load=68 v_load=72 qk_dot=2 safe_sm=61 scna_exp=0 state_update=2 param_prepare=0 core_acc=3 o_scale=1 o_store=1
FIG8_ATTENTION_EVENT_COUNT mode=lut-exp qo_len=16 phase=warmup iteration=1 events=0 max_events=0 overflow=0
FIG8_ATTENTION_CHECKSUM mode=lut-exp layout=serial scna_width=8 seed=figure8_fixed phase=warmup iteration=1 checksum=0x1ed657bc8f1652e1
FIG8_ATTENTION_HOST_TIMING mode=lut-exp layout=serial variant=pair_static_d8 workers=1 scna_width=8 seed=figure8_fixed mask_mode=full qo_len=16 kv_len=4096 n_heads=12 n_kv_heads=2 head_dim=128 phase=warmup iteration=2 host_elapsed_us=2167 ret=0
FIG8_ATTENTION_PROFILE_COUNT mode=lut-exp qo_len=16 phase=warmup iteration=2 records=8 max_records=16
FIG8_ATTENTION_WORKERS mode=lut-exp variant=pair_static_d8 qo_len=16 phase=warmup iteration=2 requested_workers=1 active_workers=1 hvx_contexts=6 vtcm_worker_cap=8 tasks=8 q_task_rows=4
FIG8_ATTENTION_TIMERS mode=lut-exp layout=serial phase=warmup iteration=2 lut_exp=1 scna_layout=0 scna_width=0 qo_len=4 kv_len=4096 n_heads=12 n_kv_heads=2 head_dim=128 kv_head=0 worker=2 profiled_total=210 q_load=1 k_load=67 v_load=75 qk_dot=1 safe_sm=60 scna_exp=0 state_update=2 param_prepare=0 core_acc=4 o_scale=1 o_store=1
FIG8_ATTENTION_TIMERS mode=lut-exp layout=serial phase=warmup iteration=2 lut_exp=1 scna_layout=0 scna_width=0 qo_len=4 kv_len=4096 n_heads=12 n_kv_heads=2 head_dim=128 kv_head=1 worker=2 profiled_total=210 q_load=1 k_load=69 v_load=74 qk_dot=1 safe_sm=60 scna_exp=0 state_update=1 param_prepare=0 core_acc=3 o_scale=1 o_store=1
FIG8_ATTENTION_TIMERS mode=lut-exp layout=serial phase=warmup iteration=2 lut_exp=1 scna_layout=0 scna_width=0 qo_len=4 kv_len=4096 n_heads=12 n_kv_heads=2 head_dim=128 kv_head=0 worker=2 profiled_total=206 q_load=1 k_load=68 v_load=70 qk_dot=1 safe_sm=60 scna_exp=0 state_update=2 param_prepare=0 core_acc=4 o_scale=1 o_store=1
FIG8_ATTENTION_TIMERS mode=lut-exp layout=serial phase=warmup iteration=2 lut_exp=1 scna_layout=0 scna_width=0 qo_len=4 kv_len=4096 n_heads=12 n_kv_heads=2 head_dim=128 kv_head=1 worker=2 profiled_total=204 q_load=1 k_load=68 v_load=69 qk_dot=2 safe_sm=60 scna_exp=0 state_update=1 param_prepare=0 core_acc=2 o_scale=1 o_store=1
FIG8_ATTENTION_TIMERS mode=lut-exp layout=serial phase=warmup iteration=2 lut_exp=1 scna_layout=0 scna_width=0 qo_len=4 kv_len=4096 n_heads=12 n_kv_heads=2 head_dim=128 kv_head=0 worker=2 profiled_total=200 q_load=1 k_load=68 v_load=66 qk_dot=1 safe_sm=59 scna_exp=0 state_update=2 param_prepare=0 core_acc=3 o_scale=1 o_store=1
FIG8_ATTENTION_TIMERS mode=lut-exp layout=serial phase=warmup iteration=2 lut_exp=1 scna_layout=0 scna_width=0 qo_len=4 kv_len=4096 n_heads=12 n_kv_heads=2 head_dim=128 kv_head=1 worker=2 profiled_total=200 q_load=1 k_load=68 v_load=65 qk_dot=2 safe_sm=59 scna_exp=0 state_update=2 param_prepare=0 core_acc=3 o_scale=1 o_store=1
FIG8_ATTENTION_TIMERS mode=lut-exp layout=serial phase=warmup iteration=2 lut_exp=1 scna_layout=0 scna_width=0 qo_len=4 kv_len=4096 n_heads=12 n_kv_heads=2 head_dim=128 kv_head=0 worker=2 profiled_total=202 q_load=1 k_load=68 v_load=66 qk_dot=1 safe_sm=60 scna_exp=0 state_update=2 param_prepare=0 core_acc=4 o_scale=1 o_store=1
FIG8_ATTENTION_TIMERS mode=lut-exp layout=serial phase=warmup iteration=2 lut_exp=1 scna_layout=0 scna_width=0 qo_len=4 kv_len=4096 n_heads=12 n_kv_heads=2 head_dim=128 kv_head=1 worker=2 profiled_total=197 q_load=1 k_load=66 v_load=64 qk_dot=2 safe_sm=59 scna_exp=0 state_update=2 param_prepare=0 core_acc=3 o_scale=1 o_store=1
FIG8_ATTENTION_EVENT_COUNT mode=lut-exp qo_len=16 phase=warmup iteration=2 events=0 max_events=0 overflow=0
FIG8_ATTENTION_CHECKSUM mode=lut-exp layout=serial scna_width=8 seed=figure8_fixed phase=warmup iteration=2 checksum=0x1ed657bc8f1652e1
FIG8_ATTENTION_HOST_TIMING mode=lut-exp layout=serial variant=pair_static_d8 workers=1 scna_width=8 seed=figure8_fixed mask_mode=full qo_len=16 kv_len=4096 n_heads=12 n_kv_heads=2 head_dim=128 phase=warmup iteration=3 host_elapsed_us=2200 ret=0
FIG8_ATTENTION_PROFILE_COUNT mode=lut-exp qo_len=16 phase=warmup iteration=3 records=8 max_records=16
FIG8_ATTENTION_WORKERS mode=lut-exp variant=pair_static_d8 qo_len=16 phase=warmup iteration=3 requested_workers=1 active_workers=1 hvx_contexts=6 vtcm_worker_cap=8 tasks=8 q_task_rows=4
FIG8_ATTENTION_TIMERS mode=lut-exp layout=serial phase=warmup iteration=3 lut_exp=1 scna_layout=0 scna_width=0 qo_len=4 kv_len=4096 n_heads=12 n_kv_heads=2 head_dim=128 kv_head=0 worker=3 profiled_total=214 q_load=1 k_load=68 v_load=77 qk_dot=1 safe_sm=60 scna_exp=0 state_update=3 param_prepare=0 core_acc=5 o_scale=1 o_store=1
FIG8_ATTENTION_TIMERS mode=lut-exp layout=serial phase=warmup iteration=3 lut_exp=1 scna_layout=0 scna_width=0 qo_len=4 kv_len=4096 n_heads=12 n_kv_heads=2 head_dim=128 kv_head=1 worker=3 profiled_total=211 q_load=1 k_load=68 v_load=76 qk_dot=1 safe_sm=60 scna_exp=0 state_update=1 param_prepare=0 core_acc=3 o_scale=1 o_store=1
FIG8_ATTENTION_TIMERS mode=lut-exp layout=serial phase=warmup iteration=3 lut_exp=1 scna_layout=0 scna_width=0 qo_len=4 kv_len=4096 n_heads=12 n_kv_heads=2 head_dim=128 kv_head=0 worker=3 profiled_total=209 q_load=1 k_load=66 v_load=73 qk_dot=1 safe_sm=61 scna_exp=0 state_update=3 param_prepare=0 core_acc=5 o_scale=1 o_store=1
FIG8_ATTENTION_TIMERS mode=lut-exp layout=serial phase=warmup iteration=3 lut_exp=1 scna_layout=0 scna_width=0 qo_len=4 kv_len=4096 n_heads=12 n_kv_heads=2 head_dim=128 kv_head=1 worker=3 profiled_total=214 q_load=1 k_load=69 v_load=73 qk_dot=2 safe_sm=63 scna_exp=0 state_update=3 param_prepare=0 core_acc=4 o_scale=1 o_store=1
FIG8_ATTENTION_TIMERS mode=lut-exp layout=serial phase=warmup iteration=3 lut_exp=1 scna_layout=0 scna_width=0 qo_len=4 kv_len=4096 n_heads=12 n_kv_heads=2 head_dim=128 kv_head=0 worker=3 profiled_total=206 q_load=1 k_load=68 v_load=69 qk_dot=1 safe_sm=60 scna_exp=0 state_update=3 param_prepare=0 core_acc=5 o_scale=1 o_store=1
FIG8_ATTENTION_TIMERS mode=lut-exp layout=serial phase=warmup iteration=3 lut_exp=1 scna_layout=0 scna_width=0 qo_len=4 kv_len=4096 n_heads=12 n_kv_heads=2 head_dim=128 kv_head=1 worker=3 profiled_total=210 q_load=1 k_load=69 v_load=71 qk_dot=2 safe_sm=61 scna_exp=0 state_update=2 param_prepare=0 core_acc=4 o_scale=1 o_store=1
FIG8_ATTENTION_TIMERS mode=lut-exp layout=serial phase=warmup iteration=3 lut_exp=1 scna_layout=0 scna_width=0 qo_len=4 kv_len=4096 n_heads=12 n_kv_heads=2 head_dim=128 kv_head=0 worker=3 profiled_total=203 q_load=1 k_load=66 v_load=66 qk_dot=1 safe_sm=62 scna_exp=0 state_update=3 param_prepare=0 core_acc=5 o_scale=1 o_store=1
FIG8_ATTENTION_TIMERS mode=lut-exp layout=serial phase=warmup iteration=3 lut_exp=1 scna_layout=0 scna_width=0 qo_len=4 kv_len=4096 n_heads=12 n_kv_heads=2 head_dim=128 kv_head=1 worker=3 profiled_total=211 q_load=1 k_load=68 v_load=68 qk_dot=2 safe_sm=64 scna_exp=0 state_update=3 param_prepare=0 core_acc=6 o_scale=1 o_store=1
FIG8_ATTENTION_EVENT_COUNT mode=lut-exp qo_len=16 phase=warmup iteration=3 events=0 max_events=0 overflow=0
FIG8_ATTENTION_CHECKSUM mode=lut-exp layout=serial scna_width=8 seed=figure8_fixed phase=warmup iteration=3 checksum=0x1ed657bc8f1652e1
FIG8_ATTENTION_HOST_TIMING mode=lut-exp layout=serial variant=pair_static_d8 workers=1 scna_width=8 seed=figure8_fixed mask_mode=full qo_len=16 kv_len=4096 n_heads=12 n_kv_heads=2 head_dim=128 phase=warmup iteration=4 host_elapsed_us=2184 ret=0
FIG8_ATTENTION_PROFILE_COUNT mode=lut-exp qo_len=16 phase=warmup iteration=4 records=8 max_records=16
FIG8_ATTENTION_WORKERS mode=lut-exp variant=pair_static_d8 qo_len=16 phase=warmup iteration=4 requested_workers=1 active_workers=1 hvx_contexts=6 vtcm_worker_cap=8 tasks=8 q_task_rows=4
FIG8_ATTENTION_TIMERS mode=lut-exp layout=serial phase=warmup iteration=4 lut_exp=1 scna_layout=0 scna_width=0 qo_len=4 kv_len=4096 n_heads=12 n_kv_heads=2 head_dim=128 kv_head=0 worker=4 profiled_total=206 q_load=1 k_load=68 v_load=71 qk_dot=1 safe_sm=59 scna_exp=0 state_update=2 param_prepare=0 core_acc=4 o_scale=1 o_store=1
FIG8_ATTENTION_TIMERS mode=lut-exp layout=serial phase=warmup iteration=4 lut_exp=1 scna_layout=0 scna_width=0 qo_len=4 kv_len=4096 n_heads=12 n_kv_heads=2 head_dim=128 kv_head=1 worker=4 profiled_total=207 q_load=1 k_load=68 v_load=72 qk_dot=1 safe_sm=60 scna_exp=0 state_update=2 param_prepare=0 core_acc=3 o_scale=1 o_store=1
FIG8_ATTENTION_TIMERS mode=lut-exp layout=serial phase=warmup iteration=4 lut_exp=1 scna_layout=0 scna_width=0 qo_len=4 kv_len=4096 n_heads=12 n_kv_heads=2 head_dim=128 kv_head=0 worker=4 profiled_total=209 q_load=1 k_load=67 v_load=73 qk_dot=1 safe_sm=61 scna_exp=0 state_update=2 param_prepare=0 core_acc=4 o_scale=1 o_store=1
FIG8_ATTENTION_TIMERS mode=lut-exp layout=serial phase=warmup iteration=4 lut_exp=1 scna_layout=0 scna_width=0 qo_len=4 kv_len=4096 n_heads=12 n_kv_heads=2 head_dim=128 kv_head=1 worker=4 profiled_total=210 q_load=1 k_load=68 v_load=72 qk_dot=2 safe_sm=61 scna_exp=0 state_update=3 param_prepare=0 core_acc=4 o_scale=1 o_store=1
FIG8_ATTENTION_TIMERS mode=lut-exp layout=serial phase=warmup iteration=4 lut_exp=1 scna_layout=0 scna_width=0 qo_len=4 kv_len=4096 n_heads=12 n_kv_heads=2 head_dim=128 kv_head=0 worker=4 profiled_total=208 q_load=1 k_load=69 v_load=71 qk_dot=1 safe_sm=60 scna_exp=0 state_update=2 param_prepare=0 core_acc=4 o_scale=1 o_store=1
FIG8_ATTENTION_TIMERS mode=lut-exp layout=serial phase=warmup iteration=4 lut_exp=1 scna_layout=0 scna_width=0 qo_len=4 kv_len=4096 n_heads=12 n_kv_heads=2 head_dim=128 kv_head=1 worker=4 profiled_total=199 q_load=1 k_load=67 v_load=65 qk_dot=2 safe_sm=59 scna_exp=0 state_update=2 param_prepare=0 core_acc=3 o_scale=1 o_store=1
FIG8_ATTENTION_TIMERS mode=lut-exp layout=serial phase=warmup iteration=4 lut_exp=1 scna_layout=0 scna_width=0 qo_len=4 kv_len=4096 n_heads=12 n_kv_heads=2 head_dim=128 kv_head=0 worker=4 profiled_total=206 q_load=1 k_load=67 v_load=69 qk_dot=1 safe_sm=62 scna_exp=0 state_update=1 param_prepare=0 core_acc=4 o_scale=1 o_store=1
FIG8_ATTENTION_TIMERS mode=lut-exp layout=serial phase=warmup iteration=4 lut_exp=1 scna_layout=0 scna_width=0 qo_len=4 kv_len=4096 n_heads=12 n_kv_heads=2 head_dim=128 kv_head=1 worker=4 profiled_total=208 q_load=1 k_load=66 v_load=72 qk_dot=2 safe_sm=61 scna_exp=0 state_update=2 param_prepare=0 core_acc=4 o_scale=1 o_store=1
FIG8_ATTENTION_EVENT_COUNT mode=lut-exp qo_len=16 phase=warmup iteration=4 events=0 max_events=0 overflow=0
FIG8_ATTENTION_CHECKSUM mode=lut-exp layout=serial scna_width=8 seed=figure8_fixed phase=warmup iteration=4 checksum=0x1ed657bc8f1652e1
FIG8_ATTENTION_HOST_TIMING mode=lut-exp layout=serial variant=pair_static_d8 workers=1 scna_width=8 seed=figure8_fixed mask_mode=full qo_len=16 kv_len=4096 n_heads=12 n_kv_heads=2 head_dim=128 phase=measure iteration=0 host_elapsed_us=2182 ret=0
FIG8_ATTENTION_PROFILE_COUNT mode=lut-exp qo_len=16 phase=measure iteration=0 records=8 max_records=16
FIG8_ATTENTION_WORKERS mode=lut-exp variant=pair_static_d8 qo_len=16 phase=measure iteration=0 requested_workers=1 active_workers=1 hvx_contexts=6 vtcm_worker_cap=8 tasks=8 q_task_rows=4
FIG8_ATTENTION_TIMERS mode=lut-exp layout=serial phase=measure iteration=0 lut_exp=1 scna_layout=0 scna_width=0 qo_len=4 kv_len=4096 n_heads=12 n_kv_heads=2 head_dim=128 kv_head=0 worker=5 profiled_total=208 q_load=1 k_load=68 v_load=72 qk_dot=1 safe_sm=60 scna_exp=0 state_update=2 param_prepare=0 core_acc=4 o_scale=1 o_store=1
FIG8_ATTENTION_TIMERS mode=lut-exp layout=serial phase=measure iteration=0 lut_exp=1 scna_layout=0 scna_width=0 qo_len=4 kv_len=4096 n_heads=12 n_kv_heads=2 head_dim=128 kv_head=1 worker=5 profiled_total=214 q_load=1 k_load=69 v_load=75 qk_dot=1 safe_sm=60 scna_exp=0 state_update=3 param_prepare=0 core_acc=5 o_scale=1 o_store=2
FIG8_ATTENTION_TIMERS mode=lut-exp layout=serial phase=measure iteration=0 lut_exp=1 scna_layout=0 scna_width=0 qo_len=4 kv_len=4096 n_heads=12 n_kv_heads=2 head_dim=128 kv_head=0 worker=5 profiled_total=209 q_load=1 k_load=67 v_load=72 qk_dot=1 safe_sm=61 scna_exp=0 state_update=3 param_prepare=0 core_acc=5 o_scale=1 o_store=1
FIG8_ATTENTION_TIMERS mode=lut-exp layout=serial phase=measure iteration=0 lut_exp=1 scna_layout=0 scna_width=0 qo_len=4 kv_len=4096 n_heads=12 n_kv_heads=2 head_dim=128 kv_head=1 worker=5 profiled_total=213 q_load=1 k_load=68 v_load=75 qk_dot=2 safe_sm=62 scna_exp=0 state_update=1 param_prepare=0 core_acc=3 o_scale=1 o_store=1
FIG8_ATTENTION_TIMERS mode=lut-exp layout=serial phase=measure iteration=0 lut_exp=1 scna_layout=0 scna_width=0 qo_len=4 kv_len=4096 n_heads=12 n_kv_heads=2 head_dim=128 kv_head=0 worker=5 profiled_total=203 q_load=1 k_load=65 v_load=69 qk_dot=1 safe_sm=60 scna_exp=0 state_update=3 param_prepare=0 core_acc=5 o_scale=1 o_store=1
FIG8_ATTENTION_TIMERS mode=lut-exp layout=serial phase=measure iteration=0 lut_exp=1 scna_layout=0 scna_width=0 qo_len=4 kv_len=4096 n_heads=12 n_kv_heads=2 head_dim=128 kv_head=1 worker=5 profiled_total=208 q_load=1 k_load=68 v_load=70 qk_dot=2 safe_sm=61 scna_exp=0 state_update=3 param_prepare=0 core_acc=4 o_scale=1 o_store=1
FIG8_ATTENTION_TIMERS mode=lut-exp layout=serial phase=measure iteration=0 lut_exp=1 scna_layout=0 scna_width=0 qo_len=4 kv_len=4096 n_heads=12 n_kv_heads=2 head_dim=128 kv_head=0 worker=5 profiled_total=205 q_load=1 k_load=66 v_load=69 qk_dot=1 safe_sm=62 scna_exp=0 state_update=3 param_prepare=0 core_acc=4 o_scale=1 o_store=1
FIG8_ATTENTION_TIMERS mode=lut-exp layout=serial phase=measure iteration=0 lut_exp=1 scna_layout=0 scna_width=0 qo_len=4 kv_len=4096 n_heads=12 n_kv_heads=2 head_dim=128 kv_head=1 worker=5 profiled_total=204 q_load=1 k_load=66 v_load=68 qk_dot=2 safe_sm=61 scna_exp=0 state_update=2 param_prepare=0 core_acc=4 o_scale=1 o_store=1
FIG8_ATTENTION_EVENT_COUNT mode=lut-exp qo_len=16 phase=measure iteration=0 events=0 max_events=0 overflow=0
FIG8_ATTENTION_CHECKSUM mode=lut-exp layout=serial scna_width=8 seed=figure8_fixed phase=measure iteration=0 checksum=0x1ed657bc8f1652e1
FIG8_ATTENTION_HOST_TIMING mode=lut-exp layout=serial variant=pair_static_d8 workers=1 scna_width=8 seed=figure8_fixed mask_mode=full qo_len=16 kv_len=4096 n_heads=12 n_kv_heads=2 head_dim=128 phase=measure iteration=1 host_elapsed_us=2411 ret=0
FIG8_ATTENTION_PROFILE_COUNT mode=lut-exp qo_len=16 phase=measure iteration=1 records=8 max_records=16
FIG8_ATTENTION_WORKERS mode=lut-exp variant=pair_static_d8 qo_len=16 phase=measure iteration=1 requested_workers=1 active_workers=1 hvx_contexts=6 vtcm_worker_cap=8 tasks=8 q_task_rows=4
FIG8_ATTENTION_TIMERS mode=lut-exp layout=serial phase=measure iteration=1 lut_exp=1 scna_layout=0 scna_width=0 qo_len=4 kv_len=4096 n_heads=12 n_kv_heads=2 head_dim=128 kv_head=0 worker=0 profiled_total=227 q_load=1 k_load=67 v_load=85 qk_dot=1 safe_sm=67 scna_exp=0 state_update=3 param_prepare=0 core_acc=4 o_scale=1 o_store=1
FIG8_ATTENTION_TIMERS mode=lut-exp layout=serial phase=measure iteration=1 lut_exp=1 scna_layout=0 scna_width=0 qo_len=4 kv_len=4096 n_heads=12 n_kv_heads=2 head_dim=128 kv_head=1 worker=0 profiled_total=231 q_load=1 k_load=66 v_load=91 qk_dot=1 safe_sm=66 scna_exp=0 state_update=1 param_prepare=0 core_acc=3 o_scale=1 o_store=2
FIG8_ATTENTION_TIMERS mode=lut-exp layout=serial phase=measure iteration=1 lut_exp=1 scna_layout=0 scna_width=0 qo_len=4 kv_len=4096 n_heads=12 n_kv_heads=2 head_dim=128 kv_head=0 worker=0 profiled_total=227 q_load=1 k_load=68 v_load=85 qk_dot=1 safe_sm=66 scna_exp=0 state_update=2 param_prepare=0 core_acc=4 o_scale=1 o_store=1
FIG8_ATTENTION_TIMERS mode=lut-exp layout=serial phase=measure iteration=1 lut_exp=1 scna_layout=0 scna_width=0 qo_len=4 kv_len=4096 n_heads=12 n_kv_heads=2 head_dim=128 kv_head=1 worker=0 profiled_total=231 q_load=1 k_load=67 v_load=90 qk_dot=2 safe_sm=66 scna_exp=0 state_update=2 param_prepare=0 core_acc=3 o_scale=1 o_store=1
FIG8_ATTENTION_TIMERS mode=lut-exp layout=serial phase=measure iteration=1 lut_exp=1 scna_layout=0 scna_width=0 qo_len=4 kv_len=4096 n_heads=12 n_kv_heads=2 head_dim=128 kv_head=0 worker=0 profiled_total=238 q_load=1 k_load=68 v_load=95 qk_dot=1 safe_sm=67 scna_exp=0 state_update=2 param_prepare=0 core_acc=4 o_scale=1 o_store=1
FIG8_ATTENTION_TIMERS mode=lut-exp layout=serial phase=measure iteration=1 lut_exp=1 scna_layout=0 scna_width=0 qo_len=4 kv_len=4096 n_heads=12 n_kv_heads=2 head_dim=128 kv_head=1 worker=0 profiled_total=231 q_load=1 k_load=69 v_load=85 qk_dot=2 safe_sm=67 scna_exp=0 state_update=2 param_prepare=0 core_acc=4 o_scale=1 o_store=2
FIG8_ATTENTION_TIMERS mode=lut-exp layout=serial phase=measure iteration=1 lut_exp=1 scna_layout=0 scna_width=0 qo_len=4 kv_len=4096 n_heads=12 n_kv_heads=2 head_dim=128 kv_head=0 worker=0 profiled_total=238 q_load=1 k_load=67 v_load=94 qk_dot=2 safe_sm=68 scna_exp=0 state_update=2 param_prepare=0 core_acc=4 o_scale=1 o_store=1
FIG8_ATTENTION_TIMERS mode=lut-exp layout=serial phase=measure iteration=1 lut_exp=1 scna_layout=0 scna_width=0 qo_len=4 kv_len=4096 n_heads=12 n_kv_heads=2 head_dim=128 kv_head=1 worker=0 profiled_total=233 q_load=1 k_load=67 v_load=90 qk_dot=2 safe_sm=67 scna_exp=0 state_update=2 param_prepare=0 core_acc=4 o_scale=1 o_store=1
FIG8_ATTENTION_EVENT_COUNT mode=lut-exp qo_len=16 phase=measure iteration=1 events=0 max_events=0 overflow=0
FIG8_ATTENTION_CHECKSUM mode=lut-exp layout=serial scna_width=8 seed=figure8_fixed phase=measure iteration=1 checksum=0x1ed657bc8f1652e1
FIG8_ATTENTION_HOST_TIMING mode=lut-exp layout=serial variant=pair_static_d8 workers=1 scna_width=8 seed=figure8_fixed mask_mode=full qo_len=16 kv_len=4096 n_heads=12 n_kv_heads=2 head_dim=128 phase=measure iteration=2 host_elapsed_us=2349 ret=0
FIG8_ATTENTION_PROFILE_COUNT mode=lut-exp qo_len=16 phase=measure iteration=2 records=8 max_records=16
FIG8_ATTENTION_WORKERS mode=lut-exp variant=pair_static_d8 qo_len=16 phase=measure iteration=2 requested_workers=1 active_workers=1 hvx_contexts=6 vtcm_worker_cap=8 tasks=8 q_task_rows=4
FIG8_ATTENTION_TIMERS mode=lut-exp layout=serial phase=measure iteration=2 lut_exp=1 scna_layout=0 scna_width=0 qo_len=4 kv_len=4096 n_heads=12 n_kv_heads=2 head_dim=128 kv_head=0 worker=1 profiled_total=229 q_load=1 k_load=67 v_load=87 qk_dot=1 safe_sm=67 scna_exp=0 state_update=2 param_prepare=0 core_acc=4 o_scale=1 o_store=1
FIG8_ATTENTION_TIMERS mode=lut-exp layout=serial phase=measure iteration=2 lut_exp=1 scna_layout=0 scna_width=0 qo_len=4 kv_len=4096 n_heads=12 n_kv_heads=2 head_dim=128 kv_head=1 worker=1 profiled_total=243 q_load=1 k_load=67 v_load=98 qk_dot=1 safe_sm=68 scna_exp=0 state_update=3 param_prepare=0 core_acc=6 o_scale=1 o_store=1
FIG8_ATTENTION_TIMERS mode=lut-exp layout=serial phase=measure iteration=2 lut_exp=1 scna_layout=0 scna_width=0 qo_len=4 kv_len=4096 n_heads=12 n_kv_heads=2 head_dim=128 kv_head=0 worker=1 profiled_total=224 q_load=1 k_load=69 v_load=83 qk_dot=1 safe_sm=65 scna_exp=0 state_update=2 param_prepare=0 core_acc=3 o_scale=1 o_store=1
FIG8_ATTENTION_TIMERS mode=lut-exp layout=serial phase=measure iteration=2 lut_exp=1 scna_layout=0 scna_width=0 qo_len=4 kv_len=4096 n_heads=12 n_kv_heads=2 head_dim=128 kv_head=1 worker=1 profiled_total=230 q_load=1 k_load=71 v_load=85 qk_dot=2 safe_sm=66 scna_exp=0 state_update=1 param_prepare=0 core_acc=3 o_scale=1 o_store=1
FIG8_ATTENTION_TIMERS mode=lut-exp layout=serial phase=measure iteration=2 lut_exp=1 scna_layout=0 scna_width=0 qo_len=4 kv_len=4096 n_heads=12 n_kv_heads=2 head_dim=128 kv_head=0 worker=1 profiled_total=238 q_load=1 k_load=69 v_load=93 qk_dot=2 safe_sm=67 scna_exp=0 state_update=2 param_prepare=0 core_acc=4 o_scale=1 o_store=1
FIG8_ATTENTION_TIMERS mode=lut-exp layout=serial phase=measure iteration=2 lut_exp=1 scna_layout=0 scna_width=0 qo_len=4 kv_len=4096 n_heads=12 n_kv_heads=2 head_dim=128 kv_head=1 worker=1 profiled_total=237 q_load=1 k_load=67 v_load=93 qk_dot=2 safe_sm=68 scna_exp=0 state_update=2 param_prepare=0 core_acc=4 o_scale=1 o_store=1
FIG8_ATTENTION_TIMERS mode=lut-exp layout=serial phase=measure iteration=2 lut_exp=1 scna_layout=0 scna_width=0 qo_len=4 kv_len=4096 n_heads=12 n_kv_heads=2 head_dim=128 kv_head=0 worker=1 profiled_total=231 q_load=1 k_load=67 v_load=87 qk_dot=1 safe_sm=69 scna_exp=0 state_update=2 param_prepare=0 core_acc=4 o_scale=1 o_store=1
FIG8_ATTENTION_TIMERS mode=lut-exp layout=serial phase=measure iteration=2 lut_exp=1 scna_layout=0 scna_width=0 qo_len=4 kv_len=4096 n_heads=12 n_kv_heads=2 head_dim=128 kv_head=1 worker=1 profiled_total=228 q_load=1 k_load=68 v_load=85 qk_dot=2 safe_sm=66 scna_exp=0 state_update=2 param_prepare=0 core_acc=4 o_scale=1 o_store=1
FIG8_ATTENTION_EVENT_COUNT mode=lut-exp qo_len=16 phase=measure iteration=2 events=0 max_events=0 overflow=0
FIG8_ATTENTION_CHECKSUM mode=lut-exp layout=serial scna_width=8 seed=figure8_fixed phase=measure iteration=2 checksum=0x1ed657bc8f1652e1
FIG8_ATTENTION_HOST_TIMING mode=lut-exp layout=serial variant=pair_static_d8 workers=1 scna_width=8 seed=figure8_fixed mask_mode=full qo_len=16 kv_len=4096 n_heads=12 n_kv_heads=2 head_dim=128 phase=measure iteration=3 host_elapsed_us=2386 ret=0
FIG8_ATTENTION_PROFILE_COUNT mode=lut-exp qo_len=16 phase=measure iteration=3 records=8 max_records=16
FIG8_ATTENTION_WORKERS mode=lut-exp variant=pair_static_d8 qo_len=16 phase=measure iteration=3 requested_workers=1 active_workers=1 hvx_contexts=6 vtcm_worker_cap=8 tasks=8 q_task_rows=4
FIG8_ATTENTION_TIMERS mode=lut-exp layout=serial phase=measure iteration=3 lut_exp=1 scna_layout=0 scna_width=0 qo_len=4 kv_len=4096 n_heads=12 n_kv_heads=2 head_dim=128 kv_head=0 worker=2 profiled_total=221 q_load=1 k_load=66 v_load=82 qk_dot=1 safe_sm=66 scna_exp=0 state_update=2 param_prepare=0 core_acc=3 o_scale=1 o_store=1
FIG8_ATTENTION_TIMERS mode=lut-exp layout=serial phase=measure iteration=3 lut_exp=1 scna_layout=0 scna_width=0 qo_len=4 kv_len=4096 n_heads=12 n_kv_heads=2 head_dim=128 kv_head=1 worker=2 profiled_total=237 q_load=1 k_load=67 v_load=97 qk_dot=1 safe_sm=66 scna_exp=0 state_update=2 param_prepare=0 core_acc=3 o_scale=1 o_store=1
FIG8_ATTENTION_TIMERS mode=lut-exp layout=serial phase=measure iteration=3 lut_exp=1 scna_layout=0 scna_width=0 qo_len=4 kv_len=4096 n_heads=12 n_kv_heads=2 head_dim=128 kv_head=0 worker=2 profiled_total=228 q_load=1 k_load=68 v_load=86 qk_dot=1 safe_sm=66 scna_exp=0 state_update=2 param_prepare=0 core_acc=4 o_scale=1 o_store=1
FIG8_ATTENTION_TIMERS mode=lut-exp layout=serial phase=measure iteration=3 lut_exp=1 scna_layout=0 scna_width=0 qo_len=4 kv_len=4096 n_heads=12 n_kv_heads=2 head_dim=128 kv_head=1 worker=2 profiled_total=236 q_load=1 k_load=69 v_load=92 qk_dot=2 safe_sm=67 scna_exp=0 state_update=1 param_prepare=0 core_acc=3 o_scale=1 o_store=1
FIG8_ATTENTION_TIMERS mode=lut-exp layout=serial phase=measure iteration=3 lut_exp=1 scna_layout=0 scna_width=0 qo_len=4 kv_len=4096 n_heads=12 n_kv_heads=2 head_dim=128 kv_head=0 worker=2 profiled_total=234 q_load=1 k_load=68 v_load=90 qk_dot=1 safe_sm=67 scna_exp=0 state_update=3 param_prepare=0 core_acc=5 o_scale=1 o_store=1
FIG8_ATTENTION_TIMERS mode=lut-exp layout=serial phase=measure iteration=3 lut_exp=1 scna_layout=0 scna_width=0 qo_len=4 kv_len=4096 n_heads=12 n_kv_heads=2 head_dim=128 kv_head=1 worker=2 profiled_total=234 q_load=1 k_load=68 v_load=93 qk_dot=2 safe_sm=66 scna_exp=0 state_update=1 param_prepare=0 core_acc=2 o_scale=1 o_store=1
FIG8_ATTENTION_TIMERS mode=lut-exp layout=serial phase=measure iteration=3 lut_exp=1 scna_layout=0 scna_width=0 qo_len=4 kv_len=4096 n_heads=12 n_kv_heads=2 head_dim=128 kv_head=0 worker=2 profiled_total=234 q_load=1 k_load=67 v_load=90 qk_dot=1 safe_sm=69 scna_exp=0 state_update=2 param_prepare=0 core_acc=4 o_scale=1 o_store=1
FIG8_ATTENTION_TIMERS mode=lut-exp layout=serial phase=measure iteration=3 lut_exp=1 scna_layout=0 scna_width=0 qo_len=4 kv_len=4096 n_heads=12 n_kv_heads=2 head_dim=128 kv_head=1 worker=2 profiled_total=233 q_load=1 k_load=68 v_load=90 qk_dot=2 safe_sm=67 scna_exp=0 state_update=1 param_prepare=0 core_acc=3 o_scale=1 o_store=1
FIG8_ATTENTION_EVENT_COUNT mode=lut-exp qo_len=16 phase=measure iteration=3 events=0 max_events=0 overflow=0
FIG8_ATTENTION_CHECKSUM mode=lut-exp layout=serial scna_width=8 seed=figure8_fixed phase=measure iteration=3 checksum=0x1ed657bc8f1652e1
FIG8_ATTENTION_HOST_TIMING mode=lut-exp layout=serial variant=pair_static_d8 workers=1 scna_width=8 seed=figure8_fixed mask_mode=full qo_len=16 kv_len=4096 n_heads=12 n_kv_heads=2 head_dim=128 phase=measure iteration=4 host_elapsed_us=2368 ret=0
FIG8_ATTENTION_PROFILE_COUNT mode=lut-exp qo_len=16 phase=measure iteration=4 records=8 max_records=16
FIG8_ATTENTION_WORKERS mode=lut-exp variant=pair_static_d8 qo_len=16 phase=measure iteration=4 requested_workers=1 active_workers=1 hvx_contexts=6 vtcm_worker_cap=8 tasks=8 q_task_rows=4
FIG8_ATTENTION_TIMERS mode=lut-exp layout=serial phase=measure iteration=4 lut_exp=1 scna_layout=0 scna_width=0 qo_len=4 kv_len=4096 n_heads=12 n_kv_heads=2 head_dim=128 kv_head=0 worker=3 profiled_total=229 q_load=1 k_load=68 v_load=83 qk_dot=2 safe_sm=68 scna_exp=0 state_update=2 param_prepare=0 core_acc=5 o_scale=1 o_store=1
FIG8_ATTENTION_TIMERS mode=lut-exp layout=serial phase=measure iteration=4 lut_exp=1 scna_layout=0 scna_width=0 qo_len=4 kv_len=4096 n_heads=12 n_kv_heads=2 head_dim=128 kv_head=1 worker=3 profiled_total=232 q_load=1 k_load=67 v_load=94 qk_dot=1 safe_sm=65 scna_exp=0 state_update=1 param_prepare=0 core_acc=2 o_scale=1 o_store=1
FIG8_ATTENTION_TIMERS mode=lut-exp layout=serial phase=measure iteration=4 lut_exp=1 scna_layout=0 scna_width=0 qo_len=4 kv_len=4096 n_heads=12 n_kv_heads=2 head_dim=128 kv_head=0 worker=3 profiled_total=229 q_load=1 k_load=70 v_load=85 qk_dot=1 safe_sm=66 scna_exp=0 state_update=2 param_prepare=0 core_acc=4 o_scale=1 o_store=1
FIG8_ATTENTION_TIMERS mode=lut-exp layout=serial phase=measure iteration=4 lut_exp=1 scna_layout=0 scna_width=0 qo_len=4 kv_len=4096 n_heads=12 n_kv_heads=2 head_dim=128 kv_head=1 worker=3 profiled_total=230 q_load=1 k_load=67 v_load=89 qk_dot=2 safe_sm=66 scna_exp=0 state_update=2 param_prepare=0 core_acc=3 o_scale=1 o_store=1
FIG8_ATTENTION_TIMERS mode=lut-exp layout=serial phase=measure iteration=4 lut_exp=1 scna_layout=0 scna_width=0 qo_len=4 kv_len=4096 n_heads=12 n_kv_heads=2 head_dim=128 kv_head=0 worker=3 profiled_total=239 q_load=1 k_load=70 v_load=89 qk_dot=2 safe_sm=69 scna_exp=0 state_update=3 param_prepare=0 core_acc=6 o_scale=1 o_store=1
FIG8_ATTENTION_TIMERS mode=lut-exp layout=serial phase=measure iteration=4 lut_exp=1 scna_layout=0 scna_width=0 qo_len=4 kv_len=4096 n_heads=12 n_kv_heads=2 head_dim=128 kv_head=1 worker=3 profiled_total=238 q_load=1 k_load=68 v_load=98 qk_dot=2 safe_sm=65 scna_exp=0 state_update=2 param_prepare=0 core_acc=2 o_scale=1 o_store=1
FIG8_ATTENTION_TIMERS mode=lut-exp layout=serial phase=measure iteration=4 lut_exp=1 scna_layout=0 scna_width=0 qo_len=4 kv_len=4096 n_heads=12 n_kv_heads=2 head_dim=128 kv_head=0 worker=3 profiled_total=236 q_load=1 k_load=69 v_load=90 qk_dot=2 safe_sm=67 scna_exp=0 state_update=2 param_prepare=0 core_acc=5 o_scale=1 o_store=1
FIG8_ATTENTION_TIMERS mode=lut-exp layout=serial phase=measure iteration=4 lut_exp=1 scna_layout=0 scna_width=0 qo_len=4 kv_len=4096 n_heads=12 n_kv_heads=2 head_dim=128 kv_head=1 worker=3 profiled_total=231 q_load=1 k_load=69 v_load=86 qk_dot=2 safe_sm=67 scna_exp=0 state_update=1 param_prepare=0 core_acc=4 o_scale=1 o_store=1
FIG8_ATTENTION_EVENT_COUNT mode=lut-exp qo_len=16 phase=measure iteration=4 events=0 max_events=0 overflow=0
FIG8_ATTENTION_CHECKSUM mode=lut-exp layout=serial scna_width=8 seed=figure8_fixed phase=measure iteration=4 checksum=0x1ed657bc8f1652e1
FIG8_ATTENTION_HOST_TIMING mode=lut-exp layout=serial variant=pair_static_d8 workers=1 scna_width=8 seed=figure8_fixed mask_mode=full qo_len=16 kv_len=4096 n_heads=12 n_kv_heads=2 head_dim=128 phase=measure iteration=5 host_elapsed_us=2413 ret=0
FIG8_ATTENTION_PROFILE_COUNT mode=lut-exp qo_len=16 phase=measure iteration=5 records=8 max_records=16
FIG8_ATTENTION_WORKERS mode=lut-exp variant=pair_static_d8 qo_len=16 phase=measure iteration=5 requested_workers=1 active_workers=1 hvx_contexts=6 vtcm_worker_cap=8 tasks=8 q_task_rows=4
FIG8_ATTENTION_TIMERS mode=lut-exp layout=serial phase=measure iteration=5 lut_exp=1 scna_layout=0 scna_width=0 qo_len=4 kv_len=4096 n_heads=12 n_kv_heads=2 head_dim=128 kv_head=0 worker=4 profiled_total=222 q_load=1 k_load=66 v_load=82 qk_dot=1 safe_sm=66 scna_exp=0 state_update=2 param_prepare=0 core_acc=4 o_scale=1 o_store=1
FIG8_ATTENTION_TIMERS mode=lut-exp layout=serial phase=measure iteration=5 lut_exp=1 scna_layout=0 scna_width=0 qo_len=4 kv_len=4096 n_heads=12 n_kv_heads=2 head_dim=128 kv_head=1 worker=4 profiled_total=219 q_load=1 k_load=64 v_load=82 qk_dot=1 safe_sm=66 scna_exp=0 state_update=1 param_prepare=0 core_acc=3 o_scale=1 o_store=1
FIG8_ATTENTION_TIMERS mode=lut-exp layout=serial phase=measure iteration=5 lut_exp=1 scna_layout=0 scna_width=0 qo_len=4 kv_len=4096 n_heads=12 n_kv_heads=2 head_dim=128 kv_head=0 worker=4 profiled_total=233 q_load=1 k_load=68 v_load=90 qk_dot=1 safe_sm=67 scna_exp=0 state_update=2 param_prepare=0 core_acc=4 o_scale=1 o_store=1
FIG8_ATTENTION_TIMERS mode=lut-exp layout=serial phase=measure iteration=5 lut_exp=1 scna_layout=0 scna_width=0 qo_len=4 kv_len=4096 n_heads=12 n_kv_heads=2 head_dim=128 kv_head=1 worker=4 profiled_total=236 q_load=1 k_load=69 v_load=91 qk_dot=2 safe_sm=66 scna_exp=0 state_update=3 param_prepare=0 core_acc=5 o_scale=1 o_store=1
FIG8_ATTENTION_TIMERS mode=lut-exp layout=serial phase=measure iteration=5 lut_exp=1 scna_layout=0 scna_width=0 qo_len=4 kv_len=4096 n_heads=12 n_kv_heads=2 head_dim=128 kv_head=0 worker=4 profiled_total=225 q_load=1 k_load=68 v_load=82 qk_dot=2 safe_sm=66 scna_exp=0 state_update=2 param_prepare=0 core_acc=4 o_scale=1 o_store=1
FIG8_ATTENTION_TIMERS mode=lut-exp layout=serial phase=measure iteration=5 lut_exp=1 scna_layout=0 scna_width=0 qo_len=4 kv_len=4096 n_heads=12 n_kv_heads=2 head_dim=128 kv_head=1 worker=4 profiled_total=239 q_load=1 k_load=71 v_load=93 qk_dot=2 safe_sm=66 scna_exp=0 state_update=2 param_prepare=0 core_acc=4 o_scale=1 o_store=1
FIG8_ATTENTION_TIMERS mode=lut-exp layout=serial phase=measure iteration=5 lut_exp=1 scna_layout=0 scna_width=0 qo_len=4 kv_len=4096 n_heads=12 n_kv_heads=2 head_dim=128 kv_head=0 worker=4 profiled_total=237 q_load=1 k_load=68 v_load=90 qk_dot=2 safe_sm=69 scna_exp=0 state_update=3 param_prepare=0 core_acc=5 o_scale=1 o_store=1
FIG8_ATTENTION_TIMERS mode=lut-exp layout=serial phase=measure iteration=5 lut_exp=1 scna_layout=0 scna_width=0 qo_len=4 kv_len=4096 n_heads=12 n_kv_heads=2 head_dim=128 kv_head=1 worker=4 profiled_total=239 q_load=1 k_load=68 v_load=96 qk_dot=2 safe_sm=67 scna_exp=0 state_update=2 param_prepare=0 core_acc=3 o_scale=1 o_store=1
FIG8_ATTENTION_EVENT_COUNT mode=lut-exp qo_len=16 phase=measure iteration=5 events=0 max_events=0 overflow=0
FIG8_ATTENTION_CHECKSUM mode=lut-exp layout=serial scna_width=8 seed=figure8_fixed phase=measure iteration=5 checksum=0x1ed657bc8f1652e1
FIG8_ATTENTION_HOST_TIMING mode=lut-exp layout=serial variant=pair_static_d8 workers=1 scna_width=8 seed=figure8_fixed mask_mode=full qo_len=16 kv_len=4096 n_heads=12 n_kv_heads=2 head_dim=128 phase=measure iteration=6 host_elapsed_us=2435 ret=0
FIG8_ATTENTION_PROFILE_COUNT mode=lut-exp qo_len=16 phase=measure iteration=6 records=8 max_records=16
FIG8_ATTENTION_WORKERS mode=lut-exp variant=pair_static_d8 qo_len=16 phase=measure iteration=6 requested_workers=1 active_workers=1 hvx_contexts=6 vtcm_worker_cap=8 tasks=8 q_task_rows=4
FIG8_ATTENTION_TIMERS mode=lut-exp layout=serial phase=measure iteration=6 lut_exp=1 scna_layout=0 scna_width=0 qo_len=4 kv_len=4096 n_heads=12 n_kv_heads=2 head_dim=128 kv_head=0 worker=5 profiled_total=241 q_load=1 k_load=68 v_load=96 qk_dot=1 safe_sm=68 scna_exp=0 state_update=4 param_prepare=0 core_acc=5 o_scale=1 o_store=1
FIG8_ATTENTION_TIMERS mode=lut-exp layout=serial phase=measure iteration=6 lut_exp=1 scna_layout=0 scna_width=0 qo_len=4 kv_len=4096 n_heads=12 n_kv_heads=2 head_dim=128 kv_head=1 worker=5 profiled_total=234 q_load=1 k_load=66 v_load=95 qk_dot=1 safe_sm=66 scna_exp=0 state_update=2 param_prepare=0 core_acc=3 o_scale=1 o_store=1
FIG8_ATTENTION_TIMERS mode=lut-exp layout=serial phase=measure iteration=6 lut_exp=1 scna_layout=0 scna_width=0 qo_len=4 kv_len=4096 n_heads=12 n_kv_heads=2 head_dim=128 kv_head=0 worker=5 profiled_total=228 q_load=1 k_load=68 v_load=84 qk_dot=1 safe_sm=67 scna_exp=0 state_update=3 param_prepare=0 core_acc=5 o_scale=1 o_store=1
FIG8_ATTENTION_TIMERS mode=lut-exp layout=serial phase=measure iteration=6 lut_exp=1 scna_layout=0 scna_width=0 qo_len=4 kv_len=4096 n_heads=12 n_kv_heads=2 head_dim=128 kv_head=1 worker=5 profiled_total=242 q_load=1 k_load=69 v_load=96 qk_dot=3 safe_sm=67 scna_exp=0 state_update=2 param_prepare=0 core_acc=4 o_scale=1 o_store=1
FIG8_ATTENTION_TIMERS mode=lut-exp layout=serial phase=measure iteration=6 lut_exp=1 scna_layout=0 scna_width=0 qo_len=4 kv_len=4096 n_heads=12 n_kv_heads=2 head_dim=128 kv_head=0 worker=5 profiled_total=226 q_load=1 k_load=68 v_load=84 qk_dot=1 safe_sm=66 scna_exp=0 state_update=3 param_prepare=0 core_acc=4 o_scale=1 o_store=1
FIG8_ATTENTION_TIMERS mode=lut-exp layout=serial phase=measure iteration=6 lut_exp=1 scna_layout=0 scna_width=0 qo_len=4 kv_len=4096 n_heads=12 n_kv_heads=2 head_dim=128 kv_head=1 worker=5 profiled_total=234 q_load=1 k_load=69 v_load=90 qk_dot=2 safe_sm=66 scna_exp=0 state_update=2 param_prepare=0 core_acc=4 o_scale=1 o_store=1
FIG8_ATTENTION_TIMERS mode=lut-exp layout=serial phase=measure iteration=6 lut_exp=1 scna_layout=0 scna_width=0 qo_len=4 kv_len=4096 n_heads=12 n_kv_heads=2 head_dim=128 kv_head=0 worker=5 profiled_total=217 q_load=1 k_load=67 v_load=75 qk_dot=1 safe_sm=67 scna_exp=0 state_update=2 param_prepare=0 core_acc=4 o_scale=1 o_store=1
FIG8_ATTENTION_TIMERS mode=lut-exp layout=serial phase=measure iteration=6 lut_exp=1 scna_layout=0 scna_width=0 qo_len=4 kv_len=4096 n_heads=12 n_kv_heads=2 head_dim=128 kv_head=1 worker=5 profiled_total=220 q_load=1 k_load=67 v_load=78 qk_dot=2 safe_sm=66 scna_exp=0 state_update=2 param_prepare=0 core_acc=4 o_scale=1 o_store=1
FIG8_ATTENTION_EVENT_COUNT mode=lut-exp qo_len=16 phase=measure iteration=6 events=0 max_events=0 overflow=0
FIG8_ATTENTION_CHECKSUM mode=lut-exp layout=serial scna_width=8 seed=figure8_fixed phase=measure iteration=6 checksum=0x1ed657bc8f1652e1
FIG8_ATTENTION_HOST_TIMING mode=lut-exp layout=serial variant=pair_static_d8 workers=1 scna_width=8 seed=figure8_fixed mask_mode=full qo_len=16 kv_len=4096 n_heads=12 n_kv_heads=2 head_dim=128 phase=measure iteration=7 host_elapsed_us=2517 ret=0
FIG8_ATTENTION_PROFILE_COUNT mode=lut-exp qo_len=16 phase=measure iteration=7 records=8 max_records=16
FIG8_ATTENTION_WORKERS mode=lut-exp variant=pair_static_d8 qo_len=16 phase=measure iteration=7 requested_workers=1 active_workers=1 hvx_contexts=6 vtcm_worker_cap=8 tasks=8 q_task_rows=4
FIG8_ATTENTION_TIMERS mode=lut-exp layout=serial phase=measure iteration=7 lut_exp=1 scna_layout=0 scna_width=0 qo_len=4 kv_len=4096 n_heads=12 n_kv_heads=2 head_dim=128 kv_head=0 worker=0 profiled_total=231 q_load=1 k_load=65 v_load=86 qk_dot=1 safe_sm=72 scna_exp=0 state_update=3 param_prepare=0 core_acc=4 o_scale=1 o_store=1
FIG8_ATTENTION_TIMERS mode=lut-exp layout=serial phase=measure iteration=7 lut_exp=1 scna_layout=0 scna_width=0 qo_len=4 kv_len=4096 n_heads=12 n_kv_heads=2 head_dim=128 kv_head=1 worker=0 profiled_total=239 q_load=1 k_load=66 v_load=94 qk_dot=1 safe_sm=72 scna_exp=0 state_update=1 param_prepare=0 core_acc=3 o_scale=1 o_store=1
FIG8_ATTENTION_TIMERS mode=lut-exp layout=serial phase=measure iteration=7 lut_exp=1 scna_layout=0 scna_width=0 qo_len=4 kv_len=4096 n_heads=12 n_kv_heads=2 head_dim=128 kv_head=0 worker=0 profiled_total=245 q_load=1 k_load=65 v_load=100 qk_dot=1 safe_sm=72 scna_exp=0 state_update=2 param_prepare=0 core_acc=4 o_scale=1 o_store=1
FIG8_ATTENTION_TIMERS mode=lut-exp layout=serial phase=measure iteration=7 lut_exp=1 scna_layout=0 scna_width=0 qo_len=4 kv_len=4096 n_heads=12 n_kv_heads=2 head_dim=128 kv_head=1 worker=0 profiled_total=237 q_load=1 k_load=66 v_load=92 qk_dot=2 safe_sm=71 scna_exp=0 state_update=1 param_prepare=0 core_acc=3 o_scale=1 o_store=1
FIG8_ATTENTION_TIMERS mode=lut-exp layout=serial phase=measure iteration=7 lut_exp=1 scna_layout=0 scna_width=0 qo_len=4 kv_len=4096 n_heads=12 n_kv_heads=2 head_dim=128 kv_head=0 worker=0 profiled_total=245 q_load=1 k_load=68 v_load=94 qk_dot=2 safe_sm=74 scna_exp=0 state_update=2 param_prepare=0 core_acc=4 o_scale=1 o_store=1
FIG8_ATTENTION_TIMERS mode=lut-exp layout=serial phase=measure iteration=7 lut_exp=1 scna_layout=0 scna_width=0 qo_len=4 kv_len=4096 n_heads=12 n_kv_heads=2 head_dim=128 kv_head=1 worker=0 profiled_total=239 q_load=1 k_load=66 v_load=94 qk_dot=2 safe_sm=71 scna_exp=0 state_update=2 param_prepare=0 core_acc=3 o_scale=1 o_store=1
FIG8_ATTENTION_TIMERS mode=lut-exp layout=serial phase=measure iteration=7 lut_exp=1 scna_layout=0 scna_width=0 qo_len=4 kv_len=4096 n_heads=12 n_kv_heads=2 head_dim=128 kv_head=0 worker=0 profiled_total=240 q_load=1 k_load=65 v_load=92 qk_dot=2 safe_sm=73 scna_exp=0 state_update=3 param_prepare=0 core_acc=5 o_scale=1 o_store=1
FIG8_ATTENTION_TIMERS mode=lut-exp layout=serial phase=measure iteration=7 lut_exp=1 scna_layout=0 scna_width=0 qo_len=4 kv_len=4096 n_heads=12 n_kv_heads=2 head_dim=128 kv_head=1 worker=0 profiled_total=251 q_load=1 k_load=68 v_load=102 qk_dot=2 safe_sm=71 scna_exp=0 state_update=3 param_prepare=0 core_acc=5 o_scale=1 o_store=1
FIG8_ATTENTION_EVENT_COUNT mode=lut-exp qo_len=16 phase=measure iteration=7 events=0 max_events=0 overflow=0
FIG8_ATTENTION_CHECKSUM mode=lut-exp layout=serial scna_width=8 seed=figure8_fixed phase=measure iteration=7 checksum=0x1ed657bc8f1652e1
FIG8_ATTENTION_HOST_TIMING mode=lut-exp layout=serial variant=pair_static_d8 workers=1 scna_width=8 seed=figure8_fixed mask_mode=full qo_len=16 kv_len=4096 n_heads=12 n_kv_heads=2 head_dim=128 phase=measure iteration=8 host_elapsed_us=2374 ret=0
FIG8_ATTENTION_PROFILE_COUNT mode=lut-exp qo_len=16 phase=measure iteration=8 records=8 max_records=16
FIG8_ATTENTION_WORKERS mode=lut-exp variant=pair_static_d8 qo_len=16 phase=measure iteration=8 requested_workers=1 active_workers=1 hvx_contexts=6 vtcm_worker_cap=8 tasks=8 q_task_rows=4
FIG8_ATTENTION_TIMERS mode=lut-exp layout=serial phase=measure iteration=8 lut_exp=1 scna_layout=0 scna_width=0 qo_len=4 kv_len=4096 n_heads=12 n_kv_heads=2 head_dim=128 kv_head=0 worker=1 profiled_total=228 q_load=1 k_load=67 v_load=90 qk_dot=1 safe_sm=63 scna_exp=0 state_update=3 param_prepare=0 core_acc=4 o_scale=1 o_store=1
FIG8_ATTENTION_TIMERS mode=lut-exp layout=serial phase=measure iteration=8 lut_exp=1 scna_layout=0 scna_width=0 qo_len=4 kv_len=4096 n_heads=12 n_kv_heads=2 head_dim=128 kv_head=1 worker=1 profiled_total=231 q_load=1 k_load=67 v_load=90 qk_dot=1 safe_sm=65 scna_exp=0 state_update=2 param_prepare=0 core_acc=5 o_scale=1 o_store=1
FIG8_ATTENTION_TIMERS mode=lut-exp layout=serial phase=measure iteration=8 lut_exp=1 scna_layout=0 scna_width=0 qo_len=4 kv_len=4096 n_heads=12 n_kv_heads=2 head_dim=128 kv_head=0 worker=1 profiled_total=223 q_load=1 k_load=67 v_load=84 qk_dot=1 safe_sm=64 scna_exp=0 state_update=3 param_prepare=0 core_acc=4 o_scale=1 o_store=1
FIG8_ATTENTION_TIMERS mode=lut-exp layout=serial phase=measure iteration=8 lut_exp=1 scna_layout=0 scna_width=0 qo_len=4 kv_len=4096 n_heads=12 n_kv_heads=2 head_dim=128 kv_head=1 worker=1 profiled_total=219 q_load=1 k_load=69 v_load=79 qk_dot=2 safe_sm=62 scna_exp=0 state_update=2 param_prepare=0 core_acc=4 o_scale=1 o_store=1
FIG8_ATTENTION_TIMERS mode=lut-exp layout=serial phase=measure iteration=8 lut_exp=1 scna_layout=0 scna_width=0 qo_len=4 kv_len=4096 n_heads=12 n_kv_heads=2 head_dim=128 kv_head=0 worker=1 profiled_total=221 q_load=1 k_load=67 v_load=81 qk_dot=1 safe_sm=65 scna_exp=0 state_update=2 param_prepare=0 core_acc=4 o_scale=1 o_store=1
FIG8_ATTENTION_TIMERS mode=lut-exp layout=serial phase=measure iteration=8 lut_exp=1 scna_layout=0 scna_width=0 qo_len=4 kv_len=4096 n_heads=12 n_kv_heads=2 head_dim=128 kv_head=1 worker=1 profiled_total=231 q_load=1 k_load=69 v_load=85 qk_dot=2 safe_sm=66 scna_exp=0 state_update=3 param_prepare=0 core_acc=6 o_scale=1 o_store=1
FIG8_ATTENTION_TIMERS mode=lut-exp layout=serial phase=measure iteration=8 lut_exp=1 scna_layout=0 scna_width=0 qo_len=4 kv_len=4096 n_heads=12 n_kv_heads=2 head_dim=128 kv_head=0 worker=1 profiled_total=217 q_load=1 k_load=67 v_load=79 qk_dot=1 safe_sm=64 scna_exp=0 state_update=2 param_prepare=0 core_acc=3 o_scale=1 o_store=1
FIG8_ATTENTION_TIMERS mode=lut-exp layout=serial phase=measure iteration=8 lut_exp=1 scna_layout=0 scna_width=0 qo_len=4 kv_len=4096 n_heads=12 n_kv_heads=2 head_dim=128 kv_head=1 worker=1 profiled_total=228 q_load=1 k_load=69 v_load=87 qk_dot=2 safe_sm=64 scna_exp=0 state_update=1 param_prepare=0 core_acc=3 o_scale=1 o_store=1
FIG8_ATTENTION_EVENT_COUNT mode=lut-exp qo_len=16 phase=measure iteration=8 events=0 max_events=0 overflow=0
FIG8_ATTENTION_CHECKSUM mode=lut-exp layout=serial scna_width=8 seed=figure8_fixed phase=measure iteration=8 checksum=0x1ed657bc8f1652e1
FIG8_ATTENTION_HOST_TIMING mode=lut-exp layout=serial variant=pair_static_d8 workers=1 scna_width=8 seed=figure8_fixed mask_mode=full qo_len=16 kv_len=4096 n_heads=12 n_kv_heads=2 head_dim=128 phase=measure iteration=9 host_elapsed_us=2371 ret=0
FIG8_ATTENTION_PROFILE_COUNT mode=lut-exp qo_len=16 phase=measure iteration=9 records=8 max_records=16
FIG8_ATTENTION_WORKERS mode=lut-exp variant=pair_static_d8 qo_len=16 phase=measure iteration=9 requested_workers=1 active_workers=1 hvx_contexts=6 vtcm_worker_cap=8 tasks=8 q_task_rows=4
FIG8_ATTENTION_TIMERS mode=lut-exp layout=serial phase=measure iteration=9 lut_exp=1 scna_layout=0 scna_width=0 qo_len=4 kv_len=4096 n_heads=12 n_kv_heads=2 head_dim=128 kv_head=0 worker=2 profiled_total=227 q_load=1 k_load=67 v_load=89 qk_dot=1 safe_sm=63 scna_exp=0 state_update=2 param_prepare=0 core_acc=4 o_scale=1 o_store=1
FIG8_ATTENTION_TIMERS mode=lut-exp layout=serial phase=measure iteration=9 lut_exp=1 scna_layout=0 scna_width=0 qo_len=4 kv_len=4096 n_heads=12 n_kv_heads=2 head_dim=128 kv_head=1 worker=2 profiled_total=220 q_load=1 k_load=67 v_load=85 qk_dot=1 safe_sm=62 scna_exp=0 state_update=1 param_prepare=0 core_acc=2 o_scale=1 o_store=1
FIG8_ATTENTION_TIMERS mode=lut-exp layout=serial phase=measure iteration=9 lut_exp=1 scna_layout=0 scna_width=0 qo_len=4 kv_len=4096 n_heads=12 n_kv_heads=2 head_dim=128 kv_head=0 worker=2 profiled_total=218 q_load=1 k_load=67 v_load=79 qk_dot=1 safe_sm=64 scna_exp=0 state_update=2 param_prepare=0 core_acc=4 o_scale=1 o_store=1
FIG8_ATTENTION_TIMERS mode=lut-exp layout=serial phase=measure iteration=9 lut_exp=1 scna_layout=0 scna_width=0 qo_len=4 kv_len=4096 n_heads=12 n_kv_heads=2 head_dim=128 kv_head=1 worker=2 profiled_total=231 q_load=1 k_load=69 v_load=91 qk_dot=2 safe_sm=63 scna_exp=0 state_update=2 param_prepare=0 core_acc=3 o_scale=1 o_store=1
FIG8_ATTENTION_TIMERS mode=lut-exp layout=serial phase=measure iteration=9 lut_exp=1 scna_layout=0 scna_width=0 qo_len=4 kv_len=4096 n_heads=12 n_kv_heads=2 head_dim=128 kv_head=0 worker=2 profiled_total=230 q_load=1 k_load=67 v_load=88 qk_dot=2 safe_sm=65 scna_exp=0 state_update=2 param_prepare=0 core_acc=5 o_scale=1 o_store=1
FIG8_ATTENTION_TIMERS mode=lut-exp layout=serial phase=measure iteration=9 lut_exp=1 scna_layout=0 scna_width=0 qo_len=4 kv_len=4096 n_heads=12 n_kv_heads=2 head_dim=128 kv_head=1 worker=2 profiled_total=226 q_load=1 k_load=68 v_load=86 qk_dot=2 safe_sm=64 scna_exp=0 state_update=1 param_prepare=0 core_acc=3 o_scale=1 o_store=1
FIG8_ATTENTION_TIMERS mode=lut-exp layout=serial phase=measure iteration=9 lut_exp=1 scna_layout=0 scna_width=0 qo_len=4 kv_len=4096 n_heads=12 n_kv_heads=2 head_dim=128 kv_head=0 worker=2 profiled_total=219 q_load=1 k_load=67 v_load=77 qk_dot=2 safe_sm=66 scna_exp=0 state_update=2 param_prepare=0 core_acc=4 o_scale=1 o_store=1
FIG8_ATTENTION_TIMERS mode=lut-exp layout=serial phase=measure iteration=9 lut_exp=1 scna_layout=0 scna_width=0 qo_len=4 kv_len=4096 n_heads=12 n_kv_heads=2 head_dim=128 kv_head=1 worker=2 profiled_total=236 q_load=1 k_load=68 v_load=95 qk_dot=2 safe_sm=64 scna_exp=0 state_update=2 param_prepare=0 core_acc=4 o_scale=1 o_store=1
FIG8_ATTENTION_EVENT_COUNT mode=lut-exp qo_len=16 phase=measure iteration=9 events=0 max_events=0 overflow=0
FIG8_ATTENTION_CHECKSUM mode=lut-exp layout=serial scna_width=8 seed=figure8_fixed phase=measure iteration=9 checksum=0x1ed657bc8f1652e1
FIG8_ATTENTION_HOST_TIMING mode=lut-exp layout=serial variant=pair_static_d8 workers=1 scna_width=8 seed=figure8_fixed mask_mode=full qo_len=16 kv_len=4096 n_heads=12 n_kv_heads=2 head_dim=128 phase=measure iteration=10 host_elapsed_us=2269 ret=0
FIG8_ATTENTION_PROFILE_COUNT mode=lut-exp qo_len=16 phase=measure iteration=10 records=8 max_records=16
FIG8_ATTENTION_WORKERS mode=lut-exp variant=pair_static_d8 qo_len=16 phase=measure iteration=10 requested_workers=1 active_workers=1 hvx_contexts=6 vtcm_worker_cap=8 tasks=8 q_task_rows=4
FIG8_ATTENTION_TIMERS mode=lut-exp layout=serial phase=measure iteration=10 lut_exp=1 scna_layout=0 scna_width=0 qo_len=4 kv_len=4096 n_heads=12 n_kv_heads=2 head_dim=128 kv_head=0 worker=3 profiled_total=229 q_load=1 k_load=66 v_load=90 qk_dot=1 safe_sm=64 scna_exp=0 state_update=3 param_prepare=0 core_acc=5 o_scale=1 o_store=1
FIG8_ATTENTION_TIMERS mode=lut-exp layout=serial phase=measure iteration=10 lut_exp=1 scna_layout=0 scna_width=0 qo_len=4 kv_len=4096 n_heads=12 n_kv_heads=2 head_dim=128 kv_head=1 worker=3 profiled_total=229 q_load=1 k_load=69 v_load=86 qk_dot=1 safe_sm=64 scna_exp=0 state_update=3 param_prepare=0 core_acc=6 o_scale=1 o_store=1
FIG8_ATTENTION_TIMERS mode=lut-exp layout=serial phase=measure iteration=10 lut_exp=1 scna_layout=0 scna_width=0 qo_len=4 kv_len=4096 n_heads=12 n_kv_heads=2 head_dim=128 kv_head=0 worker=3 profiled_total=221 q_load=1 k_load=68 v_load=81 qk_dot=1 safe_sm=64 scna_exp=0 state_update=2 param_prepare=0 core_acc=4 o_scale=1 o_store=1
FIG8_ATTENTION_TIMERS mode=lut-exp layout=serial phase=measure iteration=10 lut_exp=1 scna_layout=0 scna_width=0 qo_len=4 kv_len=4096 n_heads=12 n_kv_heads=2 head_dim=128 kv_head=1 worker=3 profiled_total=229 q_load=1 k_load=66 v_load=91 qk_dot=2 safe_sm=63 scna_exp=0 state_update=2 param_prepare=0 core_acc=4 o_scale=1 o_store=1
FIG8_ATTENTION_TIMERS mode=lut-exp layout=serial phase=measure iteration=10 lut_exp=1 scna_layout=0 scna_width=0 qo_len=4 kv_len=4096 n_heads=12 n_kv_heads=2 head_dim=128 kv_head=0 worker=3 profiled_total=212 q_load=1 k_load=65 v_load=76 qk_dot=2 safe_sm=62 scna_exp=0 state_update=2 param_prepare=0 core_acc=4 o_scale=1 o_store=1
FIG8_ATTENTION_TIMERS mode=lut-exp layout=serial phase=measure iteration=10 lut_exp=1 scna_layout=0 scna_width=0 qo_len=4 kv_len=4096 n_heads=12 n_kv_heads=2 head_dim=128 kv_head=1 worker=3 profiled_total=220 q_load=1 k_load=68 v_load=80 qk_dot=2 safe_sm=63 scna_exp=0 state_update=1 param_prepare=0 core_acc=4 o_scale=1 o_store=1
FIG8_ATTENTION_TIMERS mode=lut-exp layout=serial phase=measure iteration=10 lut_exp=1 scna_layout=0 scna_width=0 qo_len=4 kv_len=4096 n_heads=12 n_kv_heads=2 head_dim=128 kv_head=0 worker=3 profiled_total=216 q_load=1 k_load=67 v_load=77 qk_dot=1 safe_sm=64 scna_exp=0 state_update=2 param_prepare=0 core_acc=4 o_scale=1 o_store=1
FIG8_ATTENTION_TIMERS mode=lut-exp layout=serial phase=measure iteration=10 lut_exp=1 scna_layout=0 scna_width=0 qo_len=4 kv_len=4096 n_heads=12 n_kv_heads=2 head_dim=128 kv_head=1 worker=3 profiled_total=219 q_load=1 k_load=67 v_load=79 qk_dot=2 safe_sm=64 scna_exp=0 state_update=2 param_prepare=0 core_acc=4 o_scale=1 o_store=1
FIG8_ATTENTION_EVENT_COUNT mode=lut-exp qo_len=16 phase=measure iteration=10 events=0 max_events=0 overflow=0
FIG8_ATTENTION_CHECKSUM mode=lut-exp layout=serial scna_width=8 seed=figure8_fixed phase=measure iteration=10 checksum=0x1ed657bc8f1652e1
FIG8_ATTENTION_HOST_TIMING mode=lut-exp layout=serial variant=pair_static_d8 workers=1 scna_width=8 seed=figure8_fixed mask_mode=full qo_len=16 kv_len=4096 n_heads=12 n_kv_heads=2 head_dim=128 phase=measure iteration=11 host_elapsed_us=2294 ret=0
FIG8_ATTENTION_PROFILE_COUNT mode=lut-exp qo_len=16 phase=measure iteration=11 records=8 max_records=16
FIG8_ATTENTION_WORKERS mode=lut-exp variant=pair_static_d8 qo_len=16 phase=measure iteration=11 requested_workers=1 active_workers=1 hvx_contexts=6 vtcm_worker_cap=8 tasks=8 q_task_rows=4
FIG8_ATTENTION_TIMERS mode=lut-exp layout=serial phase=measure iteration=11 lut_exp=1 scna_layout=0 scna_width=0 qo_len=4 kv_len=4096 n_heads=12 n_kv_heads=2 head_dim=128 kv_head=0 worker=4 profiled_total=230 q_load=1 k_load=69 v_load=91 qk_dot=1 safe_sm=63 scna_exp=0 state_update=2 param_prepare=0 core_acc=3 o_scale=1 o_store=1
FIG8_ATTENTION_TIMERS mode=lut-exp layout=serial phase=measure iteration=11 lut_exp=1 scna_layout=0 scna_width=0 qo_len=4 kv_len=4096 n_heads=12 n_kv_heads=2 head_dim=128 kv_head=1 worker=4 profiled_total=221 q_load=1 k_load=69 v_load=83 qk_dot=1 safe_sm=62 scna_exp=0 state_update=2 param_prepare=0 core_acc=3 o_scale=1 o_store=1
FIG8_ATTENTION_TIMERS mode=lut-exp layout=serial phase=measure iteration=11 lut_exp=1 scna_layout=0 scna_width=0 qo_len=4 kv_len=4096 n_heads=12 n_kv_heads=2 head_dim=128 kv_head=0 worker=4 profiled_total=213 q_load=1 k_load=67 v_load=74 qk_dot=1 safe_sm=64 scna_exp=0 state_update=2 param_prepare=0 core_acc=4 o_scale=1 o_store=1
FIG8_ATTENTION_TIMERS mode=lut-exp layout=serial phase=measure iteration=11 lut_exp=1 scna_layout=0 scna_width=0 qo_len=4 kv_len=4096 n_heads=12 n_kv_heads=2 head_dim=128 kv_head=1 worker=4 profiled_total=220 q_load=1 k_load=67 v_load=82 qk_dot=2 safe_sm=62 scna_exp=0 state_update=2 param_prepare=0 core_acc=4 o_scale=1 o_store=1
FIG8_ATTENTION_TIMERS mode=lut-exp layout=serial phase=measure iteration=11 lut_exp=1 scna_layout=0 scna_width=0 qo_len=4 kv_len=4096 n_heads=12 n_kv_heads=2 head_dim=128 kv_head=0 worker=4 profiled_total=223 q_load=1 k_load=67 v_load=83 qk_dot=2 safe_sm=63 scna_exp=0 state_update=3 param_prepare=0 core_acc=5 o_scale=1 o_store=1
FIG8_ATTENTION_TIMERS mode=lut-exp layout=serial phase=measure iteration=11 lut_exp=1 scna_layout=0 scna_width=0 qo_len=4 kv_len=4096 n_heads=12 n_kv_heads=2 head_dim=128 kv_head=1 worker=4 profiled_total=217 q_load=1 k_load=68 v_load=80 qk_dot=2 safe_sm=62 scna_exp=0 state_update=1 param_prepare=0 core_acc=2 o_scale=1 o_store=1
FIG8_ATTENTION_TIMERS mode=lut-exp layout=serial phase=measure iteration=11 lut_exp=1 scna_layout=0 scna_width=0 qo_len=4 kv_len=4096 n_heads=12 n_kv_heads=2 head_dim=128 kv_head=0 worker=4 profiled_total=220 q_load=1 k_load=68 v_load=79 qk_dot=2 safe_sm=65 scna_exp=0 state_update=2 param_prepare=0 core_acc=3 o_scale=1 o_store=1
FIG8_ATTENTION_TIMERS mode=lut-exp layout=serial phase=measure iteration=11 lut_exp=1 scna_layout=0 scna_width=0 qo_len=4 kv_len=4096 n_heads=12 n_kv_heads=2 head_dim=128 kv_head=1 worker=4 profiled_total=225 q_load=1 k_load=68 v_load=85 qk_dot=2 safe_sm=63 scna_exp=0 state_update=1 param_prepare=0 core_acc=4 o_scale=1 o_store=1
FIG8_ATTENTION_EVENT_COUNT mode=lut-exp qo_len=16 phase=measure iteration=11 events=0 max_events=0 overflow=0
FIG8_ATTENTION_CHECKSUM mode=lut-exp layout=serial scna_width=8 seed=figure8_fixed phase=measure iteration=11 checksum=0x1ed657bc8f1652e1
FIG8_ATTENTION_HOST_TIMING mode=lut-exp layout=serial variant=pair_static_d8 workers=1 scna_width=8 seed=figure8_fixed mask_mode=full qo_len=16 kv_len=4096 n_heads=12 n_kv_heads=2 head_dim=128 phase=measure iteration=12 host_elapsed_us=2309 ret=0
FIG8_ATTENTION_PROFILE_COUNT mode=lut-exp qo_len=16 phase=measure iteration=12 records=8 max_records=16
FIG8_ATTENTION_WORKERS mode=lut-exp variant=pair_static_d8 qo_len=16 phase=measure iteration=12 requested_workers=1 active_workers=1 hvx_contexts=6 vtcm_worker_cap=8 tasks=8 q_task_rows=4
FIG8_ATTENTION_TIMERS mode=lut-exp layout=serial phase=measure iteration=12 lut_exp=1 scna_layout=0 scna_width=0 qo_len=4 kv_len=4096 n_heads=12 n_kv_heads=2 head_dim=128 kv_head=0 worker=5 profiled_total=215 q_load=1 k_load=66 v_load=78 qk_dot=1 safe_sm=63 scna_exp=0 state_update=3 param_prepare=0 core_acc=4 o_scale=1 o_store=1
FIG8_ATTENTION_TIMERS mode=lut-exp layout=serial phase=measure iteration=12 lut_exp=1 scna_layout=0 scna_width=0 qo_len=4 kv_len=4096 n_heads=12 n_kv_heads=2 head_dim=128 kv_head=1 worker=5 profiled_total=217 q_load=1 k_load=68 v_load=76 qk_dot=1 safe_sm=65 scna_exp=0 state_update=2 param_prepare=0 core_acc=4 o_scale=1 o_store=1
FIG8_ATTENTION_TIMERS mode=lut-exp layout=serial phase=measure iteration=12 lut_exp=1 scna_layout=0 scna_width=0 qo_len=4 kv_len=4096 n_heads=12 n_kv_heads=2 head_dim=128 kv_head=0 worker=5 profiled_total=211 q_load=1 k_load=65 v_load=77 qk_dot=1 safe_sm=62 scna_exp=0 state_update=3 param_prepare=0 core_acc=3 o_scale=1 o_store=1
FIG8_ATTENTION_TIMERS mode=lut-exp layout=serial phase=measure iteration=12 lut_exp=1 scna_layout=0 scna_width=0 qo_len=4 kv_len=4096 n_heads=12 n_kv_heads=2 head_dim=128 kv_head=1 worker=5 profiled_total=225 q_load=1 k_load=66 v_load=87 qk_dot=2 safe_sm=64 scna_exp=0 state_update=2 param_prepare=0 core_acc=3 o_scale=1 o_store=1
FIG8_ATTENTION_TIMERS mode=lut-exp layout=serial phase=measure iteration=12 lut_exp=1 scna_layout=0 scna_width=0 qo_len=4 kv_len=4096 n_heads=12 n_kv_heads=2 head_dim=128 kv_head=0 worker=5 profiled_total=228 q_load=1 k_load=68 v_load=87 qk_dot=1 safe_sm=63 scna_exp=0 state_update=4 param_prepare=0 core_acc=6 o_scale=1 o_store=1
FIG8_ATTENTION_TIMERS mode=lut-exp layout=serial phase=measure iteration=12 lut_exp=1 scna_layout=0 scna_width=0 qo_len=4 kv_len=4096 n_heads=12 n_kv_heads=2 head_dim=128 kv_head=1 worker=5 profiled_total=226 q_load=1 k_load=68 v_load=82 qk_dot=2 safe_sm=67 scna_exp=0 state_update=2 param_prepare=0 core_acc=4 o_scale=1 o_store=1
FIG8_ATTENTION_TIMERS mode=lut-exp layout=serial phase=measure iteration=12 lut_exp=1 scna_layout=0 scna_width=0 qo_len=4 kv_len=4096 n_heads=12 n_kv_heads=2 head_dim=128 kv_head=0 worker=5 profiled_total=227 q_load=1 k_load=67 v_load=88 qk_dot=1 safe_sm=63 scna_exp=0 state_update=3 param_prepare=0 core_acc=5 o_scale=1 o_store=1
FIG8_ATTENTION_TIMERS mode=lut-exp layout=serial phase=measure iteration=12 lut_exp=1 scna_layout=0 scna_width=0 qo_len=4 kv_len=4096 n_heads=12 n_kv_heads=2 head_dim=128 kv_head=1 worker=5 profiled_total=223 q_load=1 k_load=69 v_load=81 qk_dot=2 safe_sm=64 scna_exp=0 state_update=2 param_prepare=0 core_acc=4 o_scale=1 o_store=1
FIG8_ATTENTION_EVENT_COUNT mode=lut-exp qo_len=16 phase=measure iteration=12 events=0 max_events=0 overflow=0
FIG8_ATTENTION_CHECKSUM mode=lut-exp layout=serial scna_width=8 seed=figure8_fixed phase=measure iteration=12 checksum=0x1ed657bc8f1652e1
FIG8_ATTENTION_HOST_TIMING mode=lut-exp layout=serial variant=pair_static_d8 workers=1 scna_width=8 seed=figure8_fixed mask_mode=full qo_len=16 kv_len=4096 n_heads=12 n_kv_heads=2 head_dim=128 phase=measure iteration=13 host_elapsed_us=2332 ret=0
FIG8_ATTENTION_PROFILE_COUNT mode=lut-exp qo_len=16 phase=measure iteration=13 records=8 max_records=16
FIG8_ATTENTION_WORKERS mode=lut-exp variant=pair_static_d8 qo_len=16 phase=measure iteration=13 requested_workers=1 active_workers=1 hvx_contexts=6 vtcm_worker_cap=8 tasks=8 q_task_rows=4
FIG8_ATTENTION_TIMERS mode=lut-exp layout=serial phase=measure iteration=13 lut_exp=1 scna_layout=0 scna_width=0 qo_len=4 kv_len=4096 n_heads=12 n_kv_heads=2 head_dim=128 kv_head=0 worker=0 profiled_total=226 q_load=1 k_load=68 v_load=87 qk_dot=1 safe_sm=63 scna_exp=0 state_update=2 param_prepare=0 core_acc=4 o_scale=1 o_store=1
FIG8_ATTENTION_TIMERS mode=lut-exp layout=serial phase=measure iteration=13 lut_exp=1 scna_layout=0 scna_width=0 qo_len=4 kv_len=4096 n_heads=12 n_kv_heads=2 head_dim=128 kv_head=1 worker=0 profiled_total=234 q_load=1 k_load=71 v_load=92 qk_dot=1 safe_sm=63 scna_exp=0 state_update=2 param_prepare=0 core_acc=4 o_scale=1 o_store=1
FIG8_ATTENTION_TIMERS mode=lut-exp layout=serial phase=measure iteration=13 lut_exp=1 scna_layout=0 scna_width=0 qo_len=4 kv_len=4096 n_heads=12 n_kv_heads=2 head_dim=128 kv_head=0 worker=0 profiled_total=211 q_load=1 k_load=66 v_load=74 qk_dot=1 safe_sm=64 scna_exp=0 state_update=1 param_prepare=0 core_acc=3 o_scale=1 o_store=1
FIG8_ATTENTION_TIMERS mode=lut-exp layout=serial phase=measure iteration=13 lut_exp=1 scna_layout=0 scna_width=0 qo_len=4 kv_len=4096 n_heads=12 n_kv_heads=2 head_dim=128 kv_head=1 worker=0 profiled_total=228 q_load=1 k_load=69 v_load=84 qk_dot=2 safe_sm=65 scna_exp=0 state_update=2 param_prepare=0 core_acc=5 o_scale=1 o_store=1
FIG8_ATTENTION_TIMERS mode=lut-exp layout=serial phase=measure iteration=13 lut_exp=1 scna_layout=0 scna_width=0 qo_len=4 kv_len=4096 n_heads=12 n_kv_heads=2 head_dim=128 kv_head=0 worker=0 profiled_total=230 q_load=1 k_load=67 v_load=87 qk_dot=2 safe_sm=66 scna_exp=0 state_update=3 param_prepare=0 core_acc=5 o_scale=1 o_store=1
FIG8_ATTENTION_TIMERS mode=lut-exp layout=serial phase=measure iteration=13 lut_exp=1 scna_layout=0 scna_width=0 qo_len=4 kv_len=4096 n_heads=12 n_kv_heads=2 head_dim=128 kv_head=1 worker=0 profiled_total=234 q_load=1 k_load=68 v_load=92 qk_dot=2 safe_sm=66 scna_exp=0 state_update=1 param_prepare=0 core_acc=3 o_scale=1 o_store=1
FIG8_ATTENTION_TIMERS mode=lut-exp layout=serial phase=measure iteration=13 lut_exp=1 scna_layout=0 scna_width=0 qo_len=4 kv_len=4096 n_heads=12 n_kv_heads=2 head_dim=128 kv_head=0 worker=0 profiled_total=228 q_load=1 k_load=67 v_load=86 qk_dot=2 safe_sm=66 scna_exp=0 state_update=2 param_prepare=0 core_acc=4 o_scale=1 o_store=1
FIG8_ATTENTION_TIMERS mode=lut-exp layout=serial phase=measure iteration=13 lut_exp=1 scna_layout=0 scna_width=0 qo_len=4 kv_len=4096 n_heads=12 n_kv_heads=2 head_dim=128 kv_head=1 worker=0 profiled_total=231 q_load=1 k_load=67 v_load=89 qk_dot=2 safe_sm=66 scna_exp=0 state_update=1 param_prepare=0 core_acc=4 o_scale=1 o_store=1
FIG8_ATTENTION_EVENT_COUNT mode=lut-exp qo_len=16 phase=measure iteration=13 events=0 max_events=0 overflow=0
FIG8_ATTENTION_CHECKSUM mode=lut-exp layout=serial scna_width=8 seed=figure8_fixed phase=measure iteration=13 checksum=0x1ed657bc8f1652e1
FIG8_ATTENTION_HOST_TIMING mode=lut-exp layout=serial variant=pair_static_d8 workers=1 scna_width=8 seed=figure8_fixed mask_mode=full qo_len=16 kv_len=4096 n_heads=12 n_kv_heads=2 head_dim=128 phase=measure iteration=14 host_elapsed_us=2364 ret=0
FIG8_ATTENTION_PROFILE_COUNT mode=lut-exp qo_len=16 phase=measure iteration=14 records=8 max_records=16
FIG8_ATTENTION_WORKERS mode=lut-exp variant=pair_static_d8 qo_len=16 phase=measure iteration=14 requested_workers=1 active_workers=1 hvx_contexts=6 vtcm_worker_cap=8 tasks=8 q_task_rows=4
FIG8_ATTENTION_TIMERS mode=lut-exp layout=serial phase=measure iteration=14 lut_exp=1 scna_layout=0 scna_width=0 qo_len=4 kv_len=4096 n_heads=12 n_kv_heads=2 head_dim=128 kv_head=0 worker=1 profiled_total=222 q_load=1 k_load=66 v_load=83 qk_dot=1 safe_sm=65 scna_exp=0 state_update=2 param_prepare=0 core_acc=4 o_scale=1 o_store=1
FIG8_ATTENTION_TIMERS mode=lut-exp layout=serial phase=measure iteration=14 lut_exp=1 scna_layout=0 scna_width=0 qo_len=4 kv_len=4096 n_heads=12 n_kv_heads=2 head_dim=128 kv_head=1 worker=1 profiled_total=223 q_load=1 k_load=69 v_load=78 qk_dot=2 safe_sm=67 scna_exp=0 state_update=2 param_prepare=0 core_acc=4 o_scale=1 o_store=1
FIG8_ATTENTION_TIMERS mode=lut-exp layout=serial phase=measure iteration=14 lut_exp=1 scna_layout=0 scna_width=0 qo_len=4 kv_len=4096 n_heads=12 n_kv_heads=2 head_dim=128 kv_head=0 worker=1 profiled_total=216 q_load=1 k_load=68 v_load=76 qk_dot=1 safe_sm=64 scna_exp=0 state_update=2 param_prepare=0 core_acc=4 o_scale=1 o_store=1
FIG8_ATTENTION_TIMERS mode=lut-exp layout=serial phase=measure iteration=14 lut_exp=1 scna_layout=0 scna_width=0 qo_len=4 kv_len=4096 n_heads=12 n_kv_heads=2 head_dim=128 kv_head=1 worker=1 profiled_total=232 q_load=1 k_load=68 v_load=90 qk_dot=2 safe_sm=66 scna_exp=0 state_update=2 param_prepare=0 core_acc=3 o_scale=1 o_store=1
FIG8_ATTENTION_TIMERS mode=lut-exp layout=serial phase=measure iteration=14 lut_exp=1 scna_layout=0 scna_width=0 qo_len=4 kv_len=4096 n_heads=12 n_kv_heads=2 head_dim=128 kv_head=0 worker=1 profiled_total=229 q_load=1 k_load=67 v_load=88 qk_dot=1 safe_sm=65 scna_exp=0 state_update=3 param_prepare=0 core_acc=5 o_scale=1 o_store=1
FIG8_ATTENTION_TIMERS mode=lut-exp layout=serial phase=measure iteration=14 lut_exp=1 scna_layout=0 scna_width=0 qo_len=4 kv_len=4096 n_heads=12 n_kv_heads=2 head_dim=128 kv_head=1 worker=1 profiled_total=235 q_load=1 k_load=68 v_load=91 qk_dot=2 safe_sm=66 scna_exp=0 state_update=2 param_prepare=0 core_acc=4 o_scale=1 o_store=2
FIG8_ATTENTION_TIMERS mode=lut-exp layout=serial phase=measure iteration=14 lut_exp=1 scna_layout=0 scna_width=0 qo_len=4 kv_len=4096 n_heads=12 n_kv_heads=2 head_dim=128 kv_head=0 worker=1 profiled_total=237 q_load=1 k_load=68 v_load=94 qk_dot=1 safe_sm=67 scna_exp=0 state_update=2 param_prepare=0 core_acc=4 o_scale=1 o_store=1
FIG8_ATTENTION_TIMERS mode=lut-exp layout=serial phase=measure iteration=14 lut_exp=1 scna_layout=0 scna_width=0 qo_len=4 kv_len=4096 n_heads=12 n_kv_heads=2 head_dim=128 kv_head=1 worker=1 profiled_total=232 q_load=1 k_load=67 v_load=92 qk_dot=2 safe_sm=66 scna_exp=0 state_update=1 param_prepare=0 core_acc=2 o_scale=1 o_store=1
FIG8_ATTENTION_EVENT_COUNT mode=lut-exp qo_len=16 phase=measure iteration=14 events=0 max_events=0 overflow=0
FIG8_ATTENTION_CHECKSUM mode=lut-exp layout=serial scna_width=8 seed=figure8_fixed phase=measure iteration=14 checksum=0x1ed657bc8f1652e1
FIG8_ATTENTION_HOST_TIMING mode=lut-exp layout=serial variant=pair_static_d8 workers=1 scna_width=8 seed=figure8_fixed mask_mode=full qo_len=16 kv_len=4096 n_heads=12 n_kv_heads=2 head_dim=128 phase=measure iteration=15 host_elapsed_us=2362 ret=0
FIG8_ATTENTION_PROFILE_COUNT mode=lut-exp qo_len=16 phase=measure iteration=15 records=8 max_records=16
FIG8_ATTENTION_WORKERS mode=lut-exp variant=pair_static_d8 qo_len=16 phase=measure iteration=15 requested_workers=1 active_workers=1 hvx_contexts=6 vtcm_worker_cap=8 tasks=8 q_task_rows=4
FIG8_ATTENTION_TIMERS mode=lut-exp layout=serial phase=measure iteration=15 lut_exp=1 scna_layout=0 scna_width=0 qo_len=4 kv_len=4096 n_heads=12 n_kv_heads=2 head_dim=128 kv_head=0 worker=2 profiled_total=220 q_load=1 k_load=66 v_load=82 qk_dot=1 safe_sm=65 scna_exp=0 state_update=2 param_prepare=0 core_acc=3 o_scale=1 o_store=1
FIG8_ATTENTION_TIMERS mode=lut-exp layout=serial phase=measure iteration=15 lut_exp=1 scna_layout=0 scna_width=0 qo_len=4 kv_len=4096 n_heads=12 n_kv_heads=2 head_dim=128 kv_head=1 worker=2 profiled_total=215 q_load=1 k_load=65 v_load=78 qk_dot=2 safe_sm=65 scna_exp=0 state_update=1 param_prepare=0 core_acc=2 o_scale=1 o_store=1
FIG8_ATTENTION_TIMERS mode=lut-exp layout=serial phase=measure iteration=15 lut_exp=1 scna_layout=0 scna_width=0 qo_len=4 kv_len=4096 n_heads=12 n_kv_heads=2 head_dim=128 kv_head=0 worker=2 profiled_total=214 q_load=1 k_load=67 v_load=75 qk_dot=1 safe_sm=65 scna_exp=0 state_update=2 param_prepare=0 core_acc=3 o_scale=1 o_store=1
FIG8_ATTENTION_TIMERS mode=lut-exp layout=serial phase=measure iteration=15 lut_exp=1 scna_layout=0 scna_width=0 qo_len=4 kv_len=4096 n_heads=12 n_kv_heads=2 head_dim=128 kv_head=1 worker=2 profiled_total=232 q_load=1 k_load=68 v_load=91 qk_dot=2 safe_sm=65 scna_exp=0 state_update=1 param_prepare=0 core_acc=3 o_scale=1 o_store=1
FIG8_ATTENTION_TIMERS mode=lut-exp layout=serial phase=measure iteration=15 lut_exp=1 scna_layout=0 scna_width=0 qo_len=4 kv_len=4096 n_heads=12 n_kv_heads=2 head_dim=128 kv_head=0 worker=2 profiled_total=231 q_load=1 k_load=68 v_load=89 qk_dot=1 safe_sm=65 scna_exp=0 state_update=2 param_prepare=0 core_acc=5 o_scale=1 o_store=1
FIG8_ATTENTION_TIMERS mode=lut-exp layout=serial phase=measure iteration=15 lut_exp=1 scna_layout=0 scna_width=0 qo_len=4 kv_len=4096 n_heads=12 n_kv_heads=2 head_dim=128 kv_head=1 worker=2 profiled_total=230 q_load=1 k_load=68 v_load=90 qk_dot=2 safe_sm=65 scna_exp=0 state_update=1 param_prepare=0 core_acc=2 o_scale=1 o_store=1
FIG8_ATTENTION_TIMERS mode=lut-exp layout=serial phase=measure iteration=15 lut_exp=1 scna_layout=0 scna_width=0 qo_len=4 kv_len=4096 n_heads=12 n_kv_heads=2 head_dim=128 kv_head=0 worker=2 profiled_total=236 q_load=1 k_load=67 v_load=93 qk_dot=1 safe_sm=68 scna_exp=0 state_update=2 param_prepare=0 core_acc=4 o_scale=1 o_store=1
FIG8_ATTENTION_TIMERS mode=lut-exp layout=serial phase=measure iteration=15 lut_exp=1 scna_layout=0 scna_width=0 qo_len=4 kv_len=4096 n_heads=12 n_kv_heads=2 head_dim=128 kv_head=1 worker=2 profiled_total=236 q_load=1 k_load=68 v_load=93 qk_dot=2 safe_sm=66 scna_exp=0 state_update=1 param_prepare=0 core_acc=4 o_scale=1 o_store=1
FIG8_ATTENTION_EVENT_COUNT mode=lut-exp qo_len=16 phase=measure iteration=15 events=0 max_events=0 overflow=0
FIG8_ATTENTION_CHECKSUM mode=lut-exp layout=serial scna_width=8 seed=figure8_fixed phase=measure iteration=15 checksum=0x1ed657bc8f1652e1
FIG8_ATTENTION_HOST_TIMING mode=lut-exp layout=serial variant=pair_static_d8 workers=1 scna_width=8 seed=figure8_fixed mask_mode=full qo_len=16 kv_len=4096 n_heads=12 n_kv_heads=2 head_dim=128 phase=measure iteration=16 host_elapsed_us=2363 ret=0
FIG8_ATTENTION_PROFILE_COUNT mode=lut-exp qo_len=16 phase=measure iteration=16 records=8 max_records=16
FIG8_ATTENTION_WORKERS mode=lut-exp variant=pair_static_d8 qo_len=16 phase=measure iteration=16 requested_workers=1 active_workers=1 hvx_contexts=6 vtcm_worker_cap=8 tasks=8 q_task_rows=4
FIG8_ATTENTION_TIMERS mode=lut-exp layout=serial phase=measure iteration=16 lut_exp=1 scna_layout=0 scna_width=0 qo_len=4 kv_len=4096 n_heads=12 n_kv_heads=2 head_dim=128 kv_head=0 worker=3 profiled_total=230 q_load=1 k_load=68 v_load=84 qk_dot=2 safe_sm=67 scna_exp=0 state_update=3 param_prepare=0 core_acc=6 o_scale=1 o_store=1
FIG8_ATTENTION_TIMERS mode=lut-exp layout=serial phase=measure iteration=16 lut_exp=1 scna_layout=0 scna_width=0 qo_len=4 kv_len=4096 n_heads=12 n_kv_heads=2 head_dim=128 kv_head=1 worker=3 profiled_total=227 q_load=1 k_load=68 v_load=89 qk_dot=1 safe_sm=64 scna_exp=0 state_update=1 param_prepare=0 core_acc=2 o_scale=1 o_store=1
FIG8_ATTENTION_TIMERS mode=lut-exp layout=serial phase=measure iteration=16 lut_exp=1 scna_layout=0 scna_width=0 qo_len=4 kv_len=4096 n_heads=12 n_kv_heads=2 head_dim=128 kv_head=0 worker=3 profiled_total=220 q_load=1 k_load=70 v_load=77 qk_dot=1 safe_sm=65 scna_exp=0 state_update=2 param_prepare=0 core_acc=4 o_scale=1 o_store=1
FIG8_ATTENTION_TIMERS mode=lut-exp layout=serial phase=measure iteration=16 lut_exp=1 scna_layout=0 scna_width=0 qo_len=4 kv_len=4096 n_heads=12 n_kv_heads=2 head_dim=128 kv_head=1 worker=3 profiled_total=228 q_load=1 k_load=66 v_load=89 qk_dot=2 safe_sm=65 scna_exp=0 state_update=2 param_prepare=0 core_acc=3 o_scale=1 o_store=1
FIG8_ATTENTION_TIMERS mode=lut-exp layout=serial phase=measure iteration=16 lut_exp=1 scna_layout=0 scna_width=0 qo_len=4 kv_len=4096 n_heads=12 n_kv_heads=2 head_dim=128 kv_head=0 worker=3 profiled_total=234 q_load=1 k_load=69 v_load=87 qk_dot=2 safe_sm=68 scna_exp=0 state_update=3 param_prepare=0 core_acc=5 o_scale=1 o_store=1
FIG8_ATTENTION_TIMERS mode=lut-exp layout=serial phase=measure iteration=16 lut_exp=1 scna_layout=0 scna_width=0 qo_len=4 kv_len=4096 n_heads=12 n_kv_heads=2 head_dim=128 kv_head=1 worker=3 profiled_total=227 q_load=1 k_load=68 v_load=86 qk_dot=2 safe_sm=64 scna_exp=0 state_update=2 param_prepare=0 core_acc=4 o_scale=1 o_store=1
FIG8_ATTENTION_TIMERS mode=lut-exp layout=serial phase=measure iteration=16 lut_exp=1 scna_layout=0 scna_width=0 qo_len=4 kv_len=4096 n_heads=12 n_kv_heads=2 head_dim=128 kv_head=0 worker=3 profiled_total=236 q_load=1 k_load=70 v_load=89 qk_dot=2 safe_sm=67 scna_exp=0 state_update=3 param_prepare=0 core_acc=5 o_scale=1 o_store=1
FIG8_ATTENTION_TIMERS mode=lut-exp layout=serial phase=measure iteration=16 lut_exp=1 scna_layout=0 scna_width=0 qo_len=4 kv_len=4096 n_heads=12 n_kv_heads=2 head_dim=128 kv_head=1 worker=3 profiled_total=228 q_load=1 k_load=67 v_load=85 qk_dot=2 safe_sm=66 scna_exp=0 state_update=2 param_prepare=0 core_acc=5 o_scale=1 o_store=1
FIG8_ATTENTION_EVENT_COUNT mode=lut-exp qo_len=16 phase=measure iteration=16 events=0 max_events=0 overflow=0
FIG8_ATTENTION_CHECKSUM mode=lut-exp layout=serial scna_width=8 seed=figure8_fixed phase=measure iteration=16 checksum=0x1ed657bc8f1652e1
FIG8_ATTENTION_HOST_TIMING mode=lut-exp layout=serial variant=pair_static_d8 workers=1 scna_width=8 seed=figure8_fixed mask_mode=full qo_len=16 kv_len=4096 n_heads=12 n_kv_heads=2 head_dim=128 phase=measure iteration=17 host_elapsed_us=2355 ret=0
FIG8_ATTENTION_PROFILE_COUNT mode=lut-exp qo_len=16 phase=measure iteration=17 records=8 max_records=16
FIG8_ATTENTION_WORKERS mode=lut-exp variant=pair_static_d8 qo_len=16 phase=measure iteration=17 requested_workers=1 active_workers=1 hvx_contexts=6 vtcm_worker_cap=8 tasks=8 q_task_rows=4
FIG8_ATTENTION_TIMERS mode=lut-exp layout=serial phase=measure iteration=17 lut_exp=1 scna_layout=0 scna_width=0 qo_len=4 kv_len=4096 n_heads=12 n_kv_heads=2 head_dim=128 kv_head=0 worker=4 profiled_total=221 q_load=1 k_load=67 v_load=81 qk_dot=1 safe_sm=66 scna_exp=0 state_update=2 param_prepare=0 core_acc=3 o_scale=1 o_store=1
FIG8_ATTENTION_TIMERS mode=lut-exp layout=serial phase=measure iteration=17 lut_exp=1 scna_layout=0 scna_width=0 qo_len=4 kv_len=4096 n_heads=12 n_kv_heads=2 head_dim=128 kv_head=1 worker=4 profiled_total=218 q_load=1 k_load=68 v_load=79 qk_dot=1 safe_sm=64 scna_exp=0 state_update=2 param_prepare=0 core_acc=3 o_scale=1 o_store=1
FIG8_ATTENTION_TIMERS mode=lut-exp layout=serial phase=measure iteration=17 lut_exp=1 scna_layout=0 scna_width=0 qo_len=4 kv_len=4096 n_heads=12 n_kv_heads=2 head_dim=128 kv_head=0 worker=4 profiled_total=227 q_load=1 k_load=67 v_load=86 qk_dot=1 safe_sm=66 scna_exp=0 state_update=2 param_prepare=0 core_acc=4 o_scale=1 o_store=1
FIG8_ATTENTION_TIMERS mode=lut-exp layout=serial phase=measure iteration=17 lut_exp=1 scna_layout=0 scna_width=0 qo_len=4 kv_len=4096 n_heads=12 n_kv_heads=2 head_dim=128 kv_head=1 worker=4 profiled_total=228 q_load=1 k_load=69 v_load=86 qk_dot=2 safe_sm=65 scna_exp=0 state_update=2 param_prepare=0 core_acc=3 o_scale=1 o_store=1
FIG8_ATTENTION_TIMERS mode=lut-exp layout=serial phase=measure iteration=17 lut_exp=1 scna_layout=0 scna_width=0 qo_len=4 kv_len=4096 n_heads=12 n_kv_heads=2 head_dim=128 kv_head=0 worker=4 profiled_total=231 q_load=1 k_load=68 v_load=88 qk_dot=2 safe_sm=66 scna_exp=0 state_update=2 param_prepare=0 core_acc=4 o_scale=1 o_store=1
FIG8_ATTENTION_TIMERS mode=lut-exp layout=serial phase=measure iteration=17 lut_exp=1 scna_layout=0 scna_width=0 qo_len=4 kv_len=4096 n_heads=12 n_kv_heads=2 head_dim=128 kv_head=1 worker=4 profiled_total=233 q_load=1 k_load=69 v_load=91 qk_dot=2 safe_sm=65 scna_exp=0 state_update=2 param_prepare=0 core_acc=3 o_scale=1 o_store=1
FIG8_ATTENTION_TIMERS mode=lut-exp layout=serial phase=measure iteration=17 lut_exp=1 scna_layout=0 scna_width=0 qo_len=4 kv_len=4096 n_heads=12 n_kv_heads=2 head_dim=128 kv_head=0 worker=4 profiled_total=232 q_load=1 k_load=67 v_load=87 qk_dot=2 safe_sm=69 scna_exp=0 state_update=3 param_prepare=0 core_acc=4 o_scale=1 o_store=1
FIG8_ATTENTION_TIMERS mode=lut-exp layout=serial phase=measure iteration=17 lut_exp=1 scna_layout=0 scna_width=0 qo_len=4 kv_len=4096 n_heads=12 n_kv_heads=2 head_dim=128 kv_head=1 worker=4 profiled_total=232 q_load=1 k_load=68 v_load=88 qk_dot=2 safe_sm=66 scna_exp=0 state_update=3 param_prepare=0 core_acc=5 o_scale=1 o_store=1
FIG8_ATTENTION_EVENT_COUNT mode=lut-exp qo_len=16 phase=measure iteration=17 events=0 max_events=0 overflow=0
FIG8_ATTENTION_CHECKSUM mode=lut-exp layout=serial scna_width=8 seed=figure8_fixed phase=measure iteration=17 checksum=0x1ed657bc8f1652e1
FIG8_ATTENTION_HOST_TIMING mode=lut-exp layout=serial variant=pair_static_d8 workers=1 scna_width=8 seed=figure8_fixed mask_mode=full qo_len=16 kv_len=4096 n_heads=12 n_kv_heads=2 head_dim=128 phase=measure iteration=18 host_elapsed_us=2371 ret=0
FIG8_ATTENTION_PROFILE_COUNT mode=lut-exp qo_len=16 phase=measure iteration=18 records=8 max_records=16
FIG8_ATTENTION_WORKERS mode=lut-exp variant=pair_static_d8 qo_len=16 phase=measure iteration=18 requested_workers=1 active_workers=1 hvx_contexts=6 vtcm_worker_cap=8 tasks=8 q_task_rows=4
FIG8_ATTENTION_TIMERS mode=lut-exp layout=serial phase=measure iteration=18 lut_exp=1 scna_layout=0 scna_width=0 qo_len=4 kv_len=4096 n_heads=12 n_kv_heads=2 head_dim=128 kv_head=0 worker=5 profiled_total=222 q_load=1 k_load=67 v_load=81 qk_dot=1 safe_sm=65 scna_exp=0 state_update=3 param_prepare=0 core_acc=5 o_scale=1 o_store=1
FIG8_ATTENTION_TIMERS mode=lut-exp layout=serial phase=measure iteration=18 lut_exp=1 scna_layout=0 scna_width=0 qo_len=4 kv_len=4096 n_heads=12 n_kv_heads=2 head_dim=128 kv_head=1 worker=5 profiled_total=217 q_load=1 k_load=66 v_load=79 qk_dot=1 safe_sm=65 scna_exp=0 state_update=2 param_prepare=0 core_acc=3 o_scale=1 o_store=1
FIG8_ATTENTION_TIMERS mode=lut-exp layout=serial phase=measure iteration=18 lut_exp=1 scna_layout=0 scna_width=0 qo_len=4 kv_len=4096 n_heads=12 n_kv_heads=2 head_dim=128 kv_head=0 worker=5 profiled_total=224 q_load=1 k_load=68 v_load=82 qk_dot=1 safe_sm=65 scna_exp=0 state_update=3 param_prepare=0 core_acc=5 o_scale=1 o_store=1
FIG8_ATTENTION_TIMERS mode=lut-exp layout=serial phase=measure iteration=18 lut_exp=1 scna_layout=0 scna_width=0 qo_len=4 kv_len=4096 n_heads=12 n_kv_heads=2 head_dim=128 kv_head=1 worker=5 profiled_total=232 q_load=1 k_load=68 v_load=87 qk_dot=2 safe_sm=67 scna_exp=0 state_update=2 param_prepare=0 core_acc=5 o_scale=1 o_store=1
FIG8_ATTENTION_TIMERS mode=lut-exp layout=serial phase=measure iteration=18 lut_exp=1 scna_layout=0 scna_width=0 qo_len=4 kv_len=4096 n_heads=12 n_kv_heads=2 head_dim=128 kv_head=0 worker=5 profiled_total=234 q_load=1 k_load=67 v_load=95 qk_dot=1 safe_sm=64 scna_exp=0 state_update=3 param_prepare=0 core_acc=4 o_scale=1 o_store=1
FIG8_ATTENTION_TIMERS mode=lut-exp layout=serial phase=measure iteration=18 lut_exp=1 scna_layout=0 scna_width=0 qo_len=4 kv_len=4096 n_heads=12 n_kv_heads=2 head_dim=128 kv_head=1 worker=5 profiled_total=233 q_load=1 k_load=69 v_load=90 qk_dot=2 safe_sm=65 scna_exp=0 state_update=2 param_prepare=0 core_acc=4 o_scale=1 o_store=1
FIG8_ATTENTION_TIMERS mode=lut-exp layout=serial phase=measure iteration=18 lut_exp=1 scna_layout=0 scna_width=0 qo_len=4 kv_len=4096 n_heads=12 n_kv_heads=2 head_dim=128 kv_head=0 worker=5 profiled_total=234 q_load=1 k_load=68 v_load=90 qk_dot=1 safe_sm=67 scna_exp=0 state_update=3 param_prepare=0 core_acc=5 o_scale=1 o_store=1
FIG8_ATTENTION_TIMERS mode=lut-exp layout=serial phase=measure iteration=18 lut_exp=1 scna_layout=0 scna_width=0 qo_len=4 kv_len=4096 n_heads=12 n_kv_heads=2 head_dim=128 kv_head=1 worker=5 profiled_total=235 q_load=1 k_load=68 v_load=88 qk_dot=3 safe_sm=67 scna_exp=0 state_update=3 param_prepare=0 core_acc=6 o_scale=1 o_store=1
FIG8_ATTENTION_EVENT_COUNT mode=lut-exp qo_len=16 phase=measure iteration=18 events=0 max_events=0 overflow=0
FIG8_ATTENTION_CHECKSUM mode=lut-exp layout=serial scna_width=8 seed=figure8_fixed phase=measure iteration=18 checksum=0x1ed657bc8f1652e1
FIG8_ATTENTION_HOST_TIMING mode=lut-exp layout=serial variant=pair_static_d8 workers=1 scna_width=8 seed=figure8_fixed mask_mode=full qo_len=16 kv_len=4096 n_heads=12 n_kv_heads=2 head_dim=128 phase=measure iteration=19 host_elapsed_us=2301 ret=0
FIG8_ATTENTION_PROFILE_COUNT mode=lut-exp qo_len=16 phase=measure iteration=19 records=8 max_records=16
FIG8_ATTENTION_WORKERS mode=lut-exp variant=pair_static_d8 qo_len=16 phase=measure iteration=19 requested_workers=1 active_workers=1 hvx_contexts=6 vtcm_worker_cap=8 tasks=8 q_task_rows=4
FIG8_ATTENTION_TIMERS mode=lut-exp layout=serial phase=measure iteration=19 lut_exp=1 scna_layout=0 scna_width=0 qo_len=4 kv_len=4096 n_heads=12 n_kv_heads=2 head_dim=128 kv_head=0 worker=0 profiled_total=220 q_load=1 k_load=67 v_load=80 qk_dot=1 safe_sm=65 scna_exp=0 state_update=2 param_prepare=0 core_acc=4 o_scale=1 o_store=1
FIG8_ATTENTION_TIMERS mode=lut-exp layout=serial phase=measure iteration=19 lut_exp=1 scna_layout=0 scna_width=0 qo_len=4 kv_len=4096 n_heads=12 n_kv_heads=2 head_dim=128 kv_head=1 worker=0 profiled_total=222 q_load=1 k_load=65 v_load=85 qk_dot=1 safe_sm=65 scna_exp=0 state_update=1 param_prepare=0 core_acc=3 o_scale=1 o_store=1
FIG8_ATTENTION_TIMERS mode=lut-exp layout=serial phase=measure iteration=19 lut_exp=1 scna_layout=0 scna_width=0 qo_len=4 kv_len=4096 n_heads=12 n_kv_heads=2 head_dim=128 kv_head=0 worker=0 profiled_total=234 q_load=1 k_load=68 v_load=91 qk_dot=1 safe_sm=67 scna_exp=0 state_update=2 param_prepare=0 core_acc=4 o_scale=1 o_store=1
FIG8_ATTENTION_TIMERS mode=lut-exp layout=serial phase=measure iteration=19 lut_exp=1 scna_layout=0 scna_width=0 qo_len=4 kv_len=4096 n_heads=12 n_kv_heads=2 head_dim=128 kv_head=1 worker=0 profiled_total=221 q_load=1 k_load=69 v_load=79 qk_dot=2 safe_sm=65 scna_exp=0 state_update=1 param_prepare=0 core_acc=3 o_scale=1 o_store=1
FIG8_ATTENTION_TIMERS mode=lut-exp layout=serial phase=measure iteration=19 lut_exp=1 scna_layout=0 scna_width=0 qo_len=4 kv_len=4096 n_heads=12 n_kv_heads=2 head_dim=128 kv_head=0 worker=0 profiled_total=234 q_load=1 k_load=68 v_load=91 qk_dot=2 safe_sm=65 scna_exp=0 state_update=2 param_prepare=0 core_acc=5 o_scale=1 o_store=1
FIG8_ATTENTION_TIMERS mode=lut-exp layout=serial phase=measure iteration=19 lut_exp=1 scna_layout=0 scna_width=0 qo_len=4 kv_len=4096 n_heads=12 n_kv_heads=2 head_dim=128 kv_head=1 worker=0 profiled_total=232 q_load=1 k_load=68 v_load=92 qk_dot=2 safe_sm=65 scna_exp=0 state_update=1 param_prepare=0 core_acc=2 o_scale=1 o_store=1
FIG8_ATTENTION_TIMERS mode=lut-exp layout=serial phase=measure iteration=19 lut_exp=1 scna_layout=0 scna_width=0 qo_len=4 kv_len=4096 n_heads=12 n_kv_heads=2 head_dim=128 kv_head=0 worker=0 profiled_total=229 q_load=1 k_load=67 v_load=85 qk_dot=2 safe_sm=68 scna_exp=0 state_update=2 param_prepare=0 core_acc=4 o_scale=1 o_store=1
FIG8_ATTENTION_TIMERS mode=lut-exp layout=serial phase=measure iteration=19 lut_exp=1 scna_layout=0 scna_width=0 qo_len=4 kv_len=4096 n_heads=12 n_kv_heads=2 head_dim=128 kv_head=1 worker=0 profiled_total=223 q_load=1 k_load=67 v_load=82 qk_dot=2 safe_sm=65 scna_exp=0 state_update=2 param_prepare=0 core_acc=4 o_scale=1 o_store=1
FIG8_ATTENTION_EVENT_COUNT mode=lut-exp qo_len=16 phase=measure iteration=19 events=0 max_events=0 overflow=0
FIG8_ATTENTION_CHECKSUM mode=lut-exp layout=serial scna_width=8 seed=figure8_fixed phase=measure iteration=19 checksum=0x1ed657bc8f1652e1
