FIG8_ATTENTION_CONFIG mode=lut-exp layout=serial variant=pair_static_d8 scna_width=8 seed=20260810 mask_mode=full qo_len=4 kv_len=4096 kv_pad_len=4096 n_heads=12 n_kv_heads=2 head_dim=128 warmup=5 iters=20 q_size=24576 kv_size=2097152 mask_size=32768 profile_size=5248 profile_max_records=10 profile_max_events=0 mode_flags=65537 print_events=0 workers=1
FIG8_ATTENTION_HOST_TIMING mode=lut-exp layout=serial variant=pair_static_d8 workers=1 scna_width=8 seed=20260810 mask_mode=full qo_len=4 kv_len=4096 n_heads=12 n_kv_heads=2 head_dim=128 phase=warmup iteration=0 host_elapsed_us=814 ret=0
FIG8_ATTENTION_PROFILE_COUNT mode=lut-exp qo_len=4 phase=warmup iteration=0 records=2 max_records=10
FIG8_ATTENTION_WORKERS mode=lut-exp variant=pair_static_d8 qo_len=4 phase=warmup iteration=0 requested_workers=1 active_workers=1 hvx_contexts=6 vtcm_worker_cap=8 tasks=2 q_task_rows=4
FIG8_ATTENTION_TIMERS mode=lut-exp layout=serial phase=warmup iteration=0 lut_exp=1 scna_layout=0 scna_width=0 qo_len=4 kv_len=4096 n_heads=12 n_kv_heads=2 head_dim=128 kv_head=0 worker=0 profiled_total=274 q_load=2 k_load=80 v_load=86 qk_dot=3 safe_sm=87 scna_exp=0 state_update=5 param_prepare=0 core_acc=11 o_scale=2 o_store=3
FIG8_ATTENTION_TIMERS mode=lut-exp layout=serial phase=warmup iteration=0 lut_exp=1 scna_layout=0 scna_width=0 qo_len=4 kv_len=4096 n_heads=12 n_kv_heads=2 head_dim=128 kv_head=1 worker=0 profiled_total=268 q_load=1 k_load=77 v_load=88 qk_dot=2 safe_sm=80 scna_exp=0 state_update=9 param_prepare=0 core_acc=17 o_scale=1 o_store=2
FIG8_ATTENTION_EVENT_COUNT mode=lut-exp qo_len=4 phase=warmup iteration=0 events=0 max_events=0 overflow=0
FIG8_ATTENTION_CHECKSUM mode=lut-exp layout=serial scna_width=8 seed=20260810 phase=warmup iteration=0 checksum=0xab52a703954593ee
FIG8_ATTENTION_HOST_TIMING mode=lut-exp layout=serial variant=pair_static_d8 workers=1 scna_width=8 seed=20260810 mask_mode=full qo_len=4 kv_len=4096 n_heads=12 n_kv_heads=2 head_dim=128 phase=warmup iteration=1 host_elapsed_us=696 ret=0
FIG8_ATTENTION_PROFILE_COUNT mode=lut-exp qo_len=4 phase=warmup iteration=1 records=2 max_records=10
FIG8_ATTENTION_WORKERS mode=lut-exp variant=pair_static_d8 qo_len=4 phase=warmup iteration=1 requested_workers=1 active_workers=1 hvx_contexts=6 vtcm_worker_cap=8 tasks=2 q_task_rows=4
FIG8_ATTENTION_TIMERS mode=lut-exp layout=serial phase=warmup iteration=1 lut_exp=1 scna_layout=0 scna_width=0 qo_len=4 kv_len=4096 n_heads=12 n_kv_heads=2 head_dim=128 kv_head=0 worker=1 profiled_total=225 q_load=1 k_load=69 v_load=81 qk_dot=1 safe_sm=67 scna_exp=0 state_update=2 param_prepare=0 core_acc=4 o_scale=1 o_store=1
FIG8_ATTENTION_TIMERS mode=lut-exp layout=serial phase=warmup iteration=1 lut_exp=1 scna_layout=0 scna_width=0 qo_len=4 kv_len=4096 n_heads=12 n_kv_heads=2 head_dim=128 kv_head=1 worker=1 profiled_total=214 q_load=1 k_load=68 v_load=76 qk_dot=2 safe_sm=62 scna_exp=0 state_update=1 param_prepare=0 core_acc=2 o_scale=1 o_store=2
FIG8_ATTENTION_EVENT_COUNT mode=lut-exp qo_len=4 phase=warmup iteration=1 events=0 max_events=0 overflow=0
FIG8_ATTENTION_CHECKSUM mode=lut-exp layout=serial scna_width=8 seed=20260810 phase=warmup iteration=1 checksum=0xab52a703954593ee
FIG8_ATTENTION_HOST_TIMING mode=lut-exp layout=serial variant=pair_static_d8 workers=1 scna_width=8 seed=20260810 mask_mode=full qo_len=4 kv_len=4096 n_heads=12 n_kv_heads=2 head_dim=128 phase=warmup iteration=2 host_elapsed_us=681 ret=0
FIG8_ATTENTION_PROFILE_COUNT mode=lut-exp qo_len=4 phase=warmup iteration=2 records=2 max_records=10
FIG8_ATTENTION_WORKERS mode=lut-exp variant=pair_static_d8 qo_len=4 phase=warmup iteration=2 requested_workers=1 active_workers=1 hvx_contexts=6 vtcm_worker_cap=8 tasks=2 q_task_rows=4
FIG8_ATTENTION_TIMERS mode=lut-exp layout=serial phase=warmup iteration=2 lut_exp=1 scna_layout=0 scna_width=0 qo_len=4 kv_len=4096 n_heads=12 n_kv_heads=2 head_dim=128 kv_head=0 worker=2 profiled_total=221 q_load=1 k_load=68 v_load=83 qk_dot=1 safe_sm=62 scna_exp=0 state_update=2 param_prepare=0 core_acc=4 o_scale=1 o_store=1
FIG8_ATTENTION_TIMERS mode=lut-exp layout=serial phase=warmup iteration=2 lut_exp=1 scna_layout=0 scna_width=0 qo_len=4 kv_len=4096 n_heads=12 n_kv_heads=2 head_dim=128 kv_head=1 worker=2 profiled_total=214 q_load=2 k_load=69 v_load=73 qk_dot=1 safe_sm=61 scna_exp=0 state_update=4 param_prepare=0 core_acc=5 o_scale=1 o_store=2
FIG8_ATTENTION_EVENT_COUNT mode=lut-exp qo_len=4 phase=warmup iteration=2 events=0 max_events=0 overflow=0
FIG8_ATTENTION_CHECKSUM mode=lut-exp layout=serial scna_width=8 seed=20260810 phase=warmup iteration=2 checksum=0xab52a703954593ee
FIG8_ATTENTION_HOST_TIMING mode=lut-exp layout=serial variant=pair_static_d8 workers=1 scna_width=8 seed=20260810 mask_mode=full qo_len=4 kv_len=4096 n_heads=12 n_kv_heads=2 head_dim=128 phase=warmup iteration=3 host_elapsed_us=681 ret=0
FIG8_ATTENTION_PROFILE_COUNT mode=lut-exp qo_len=4 phase=warmup iteration=3 records=2 max_records=10
FIG8_ATTENTION_WORKERS mode=lut-exp variant=pair_static_d8 qo_len=4 phase=warmup iteration=3 requested_workers=1 active_workers=1 hvx_contexts=6 vtcm_worker_cap=8 tasks=2 q_task_rows=4
FIG8_ATTENTION_TIMERS mode=lut-exp layout=serial phase=warmup iteration=3 lut_exp=1 scna_layout=0 scna_width=0 qo_len=4 kv_len=4096 n_heads=12 n_kv_heads=2 head_dim=128 kv_head=0 worker=3 profiled_total=224 q_load=1 k_load=70 v_load=81 qk_dot=1 safe_sm=63 scna_exp=0 state_update=4 param_prepare=0 core_acc=6 o_scale=1 o_store=1
FIG8_ATTENTION_TIMERS mode=lut-exp layout=serial phase=warmup iteration=3 lut_exp=1 scna_layout=0 scna_width=0 qo_len=4 kv_len=4096 n_heads=12 n_kv_heads=2 head_dim=128 kv_head=1 worker=3 profiled_total=220 q_load=2 k_load=68 v_load=79 qk_dot=2 safe_sm=62 scna_exp=0 state_update=1 param_prepare=0 core_acc=4 o_scale=1 o_store=2
FIG8_ATTENTION_EVENT_COUNT mode=lut-exp qo_len=4 phase=warmup iteration=3 events=0 max_events=0 overflow=0
FIG8_ATTENTION_CHECKSUM mode=lut-exp layout=serial scna_width=8 seed=20260810 phase=warmup iteration=3 checksum=0xab52a703954593ee
FIG8_ATTENTION_HOST_TIMING mode=lut-exp layout=serial variant=pair_static_d8 workers=1 scna_width=8 seed=20260810 mask_mode=full qo_len=4 kv_len=4096 n_heads=12 n_kv_heads=2 head_dim=128 phase=warmup iteration=4 host_elapsed_us=730 ret=0
FIG8_ATTENTION_PROFILE_COUNT mode=lut-exp qo_len=4 phase=warmup iteration=4 records=2 max_records=10
FIG8_ATTENTION_WORKERS mode=lut-exp variant=pair_static_d8 qo_len=4 phase=warmup iteration=4 requested_workers=1 active_workers=1 hvx_contexts=6 vtcm_worker_cap=8 tasks=2 q_task_rows=4
FIG8_ATTENTION_TIMERS mode=lut-exp layout=serial phase=warmup iteration=4 lut_exp=1 scna_layout=0 scna_width=0 qo_len=4 kv_len=4096 n_heads=12 n_kv_heads=2 head_dim=128 kv_head=0 worker=4 profiled_total=228 q_load=1 k_load=69 v_load=88 qk_dot=1 safe_sm=63 scna_exp=0 state_update=3 param_prepare=0 core_acc=4 o_scale=1 o_store=1
FIG8_ATTENTION_TIMERS mode=lut-exp layout=serial phase=warmup iteration=4 lut_exp=1 scna_layout=0 scna_width=0 qo_len=4 kv_len=4096 n_heads=12 n_kv_heads=2 head_dim=128 kv_head=1 worker=4 profiled_total=213 q_load=1 k_load=69 v_load=74 qk_dot=2 safe_sm=61 scna_exp=0 state_update=1 param_prepare=0 core_acc=3 o_scale=1 o_store=2
FIG8_ATTENTION_EVENT_COUNT mode=lut-exp qo_len=4 phase=warmup iteration=4 events=0 max_events=0 overflow=0
FIG8_ATTENTION_CHECKSUM mode=lut-exp layout=serial scna_width=8 seed=20260810 phase=warmup iteration=4 checksum=0xab52a703954593ee
FIG8_ATTENTION_HOST_TIMING mode=lut-exp layout=serial variant=pair_static_d8 workers=1 scna_width=8 seed=20260810 mask_mode=full qo_len=4 kv_len=4096 n_heads=12 n_kv_heads=2 head_dim=128 phase=measure iteration=0 host_elapsed_us=843 ret=0
FIG8_ATTENTION_PROFILE_COUNT mode=lut-exp qo_len=4 phase=measure iteration=0 records=2 max_records=10
FIG8_ATTENTION_WORKERS mode=lut-exp variant=pair_static_d8 qo_len=4 phase=measure iteration=0 requested_workers=1 active_workers=1 hvx_contexts=6 vtcm_worker_cap=8 tasks=2 q_task_rows=4
FIG8_ATTENTION_TIMERS mode=lut-exp layout=serial phase=measure iteration=0 lut_exp=1 scna_layout=0 scna_width=0 qo_len=4 kv_len=4096 n_heads=12 n_kv_heads=2 head_dim=128 kv_head=0 worker=5 profiled_total=248 q_load=1 k_load=69 v_load=93 qk_dot=1 safe_sm=77 scna_exp=0 state_update=3 param_prepare=0 core_acc=5 o_scale=1 o_store=1
FIG8_ATTENTION_TIMERS mode=lut-exp layout=serial phase=measure iteration=0 lut_exp=1 scna_layout=0 scna_width=0 qo_len=4 kv_len=4096 n_heads=12 n_kv_heads=2 head_dim=128 kv_head=1 worker=5 profiled_total=243 q_load=2 k_load=67 v_load=91 qk_dot=2 safe_sm=75 scna_exp=0 state_update=1 param_prepare=0 core_acc=3 o_scale=1 o_store=2
FIG8_ATTENTION_EVENT_COUNT mode=lut-exp qo_len=4 phase=measure iteration=0 events=0 max_events=0 overflow=0
FIG8_ATTENTION_CHECKSUM mode=lut-exp layout=serial scna_width=8 seed=20260810 phase=measure iteration=0 checksum=0xab52a703954593ee
FIG8_ATTENTION_HOST_TIMING mode=lut-exp layout=serial variant=pair_static_d8 workers=1 scna_width=8 seed=20260810 mask_mode=full qo_len=4 kv_len=4096 n_heads=12 n_kv_heads=2 head_dim=128 phase=measure iteration=1 host_elapsed_us=818 ret=0
FIG8_ATTENTION_PROFILE_COUNT mode=lut-exp qo_len=4 phase=measure iteration=1 records=2 max_records=10
FIG8_ATTENTION_WORKERS mode=lut-exp variant=pair_static_d8 qo_len=4 phase=measure iteration=1 requested_workers=1 active_workers=1 hvx_contexts=6 vtcm_worker_cap=8 tasks=2 q_task_rows=4
FIG8_ATTENTION_TIMERS mode=lut-exp layout=serial phase=measure iteration=1 lut_exp=1 scna_layout=0 scna_width=0 qo_len=4 kv_len=4096 n_heads=12 n_kv_heads=2 head_dim=128 kv_head=0 worker=0 profiled_total=243 q_load=1 k_load=67 v_load=91 qk_dot=1 safe_sm=76 scna_exp=0 state_update=3 param_prepare=0 core_acc=5 o_scale=1 o_store=1
FIG8_ATTENTION_TIMERS mode=lut-exp layout=serial phase=measure iteration=1 lut_exp=1 scna_layout=0 scna_width=0 qo_len=4 kv_len=4096 n_heads=12 n_kv_heads=2 head_dim=128 kv_head=1 worker=0 profiled_total=238 q_load=1 k_load=66 v_load=89 qk_dot=1 safe_sm=75 scna_exp=0 state_update=2 param_prepare=0 core_acc=3 o_scale=1 o_store=2
FIG8_ATTENTION_EVENT_COUNT mode=lut-exp qo_len=4 phase=measure iteration=1 events=0 max_events=0 overflow=0
FIG8_ATTENTION_CHECKSUM mode=lut-exp layout=serial scna_width=8 seed=20260810 phase=measure iteration=1 checksum=0xab52a703954593ee
FIG8_ATTENTION_HOST_TIMING mode=lut-exp layout=serial variant=pair_static_d8 workers=1 scna_width=8 seed=20260810 mask_mode=full qo_len=4 kv_len=4096 n_heads=12 n_kv_heads=2 head_dim=128 phase=measure iteration=2 host_elapsed_us=815 ret=0
FIG8_ATTENTION_PROFILE_COUNT mode=lut-exp qo_len=4 phase=measure iteration=2 records=2 max_records=10
FIG8_ATTENTION_WORKERS mode=lut-exp variant=pair_static_d8 qo_len=4 phase=measure iteration=2 requested_workers=1 active_workers=1 hvx_contexts=6 vtcm_worker_cap=8 tasks=2 q_task_rows=4
FIG8_ATTENTION_TIMERS mode=lut-exp layout=serial phase=measure iteration=2 lut_exp=1 scna_layout=0 scna_width=0 qo_len=4 kv_len=4096 n_heads=12 n_kv_heads=2 head_dim=128 kv_head=0 worker=1 profiled_total=244 q_load=1 k_load=68 v_load=90 qk_dot=1 safe_sm=77 scna_exp=0 state_update=3 param_prepare=0 core_acc=5 o_scale=1 o_store=1
FIG8_ATTENTION_TIMERS mode=lut-exp layout=serial phase=measure iteration=2 lut_exp=1 scna_layout=0 scna_width=0 qo_len=4 kv_len=4096 n_heads=12 n_kv_heads=2 head_dim=128 kv_head=1 worker=1 profiled_total=239 q_load=2 k_load=67 v_load=89 qk_dot=1 safe_sm=75 scna_exp=0 state_update=1 param_prepare=0 core_acc=3 o_scale=1 o_store=1
FIG8_ATTENTION_EVENT_COUNT mode=lut-exp qo_len=4 phase=measure iteration=2 events=0 max_events=0 overflow=0
FIG8_ATTENTION_CHECKSUM mode=lut-exp layout=serial scna_width=8 seed=20260810 phase=measure iteration=2 checksum=0xab52a703954593ee
FIG8_ATTENTION_HOST_TIMING mode=lut-exp layout=serial variant=pair_static_d8 workers=1 scna_width=8 seed=20260810 mask_mode=full qo_len=4 kv_len=4096 n_heads=12 n_kv_heads=2 head_dim=128 phase=measure iteration=3 host_elapsed_us=804 ret=0
FIG8_ATTENTION_PROFILE_COUNT mode=lut-exp qo_len=4 phase=measure iteration=3 records=2 max_records=10
FIG8_ATTENTION_WORKERS mode=lut-exp variant=pair_static_d8 qo_len=4 phase=measure iteration=3 requested_workers=1 active_workers=1 hvx_contexts=6 vtcm_worker_cap=8 tasks=2 q_task_rows=4
FIG8_ATTENTION_TIMERS mode=lut-exp layout=serial phase=measure iteration=3 lut_exp=1 scna_layout=0 scna_width=0 qo_len=4 kv_len=4096 n_heads=12 n_kv_heads=2 head_dim=128 kv_head=0 worker=2 profiled_total=243 q_load=1 k_load=68 v_load=91 qk_dot=1 safe_sm=75 scna_exp=0 state_update=3 param_prepare=0 core_acc=5 o_scale=1 o_store=1
FIG8_ATTENTION_TIMERS mode=lut-exp layout=serial phase=measure iteration=3 lut_exp=1 scna_layout=0 scna_width=0 qo_len=4 kv_len=4096 n_heads=12 n_kv_heads=2 head_dim=128 kv_head=1 worker=2 profiled_total=244 q_load=1 k_load=67 v_load=90 qk_dot=2 safe_sm=77 scna_exp=0 state_update=2 param_prepare=0 core_acc=4 o_scale=1 o_store=2
FIG8_ATTENTION_EVENT_COUNT mode=lut-exp qo_len=4 phase=measure iteration=3 events=0 max_events=0 overflow=0
FIG8_ATTENTION_CHECKSUM mode=lut-exp layout=serial scna_width=8 seed=20260810 phase=measure iteration=3 checksum=0xab52a703954593ee
FIG8_ATTENTION_HOST_TIMING mode=lut-exp layout=serial variant=pair_static_d8 workers=1 scna_width=8 seed=20260810 mask_mode=full qo_len=4 kv_len=4096 n_heads=12 n_kv_heads=2 head_dim=128 phase=measure iteration=4 host_elapsed_us=813 ret=0
FIG8_ATTENTION_PROFILE_COUNT mode=lut-exp qo_len=4 phase=measure iteration=4 records=2 max_records=10
FIG8_ATTENTION_WORKERS mode=lut-exp variant=pair_static_d8 qo_len=4 phase=measure iteration=4 requested_workers=1 active_workers=1 hvx_contexts=6 vtcm_worker_cap=8 tasks=2 q_task_rows=4
FIG8_ATTENTION_TIMERS mode=lut-exp layout=serial phase=measure iteration=4 lut_exp=1 scna_layout=0 scna_width=0 qo_len=4 kv_len=4096 n_heads=12 n_kv_heads=2 head_dim=128 kv_head=0 worker=3 profiled_total=249 q_load=1 k_load=68 v_load=92 qk_dot=1 safe_sm=78 scna_exp=0 state_update=3 param_prepare=0 core_acc=7 o_scale=1 o_store=1
FIG8_ATTENTION_TIMERS mode=lut-exp layout=serial phase=measure iteration=4 lut_exp=1 scna_layout=0 scna_width=0 qo_len=4 kv_len=4096 n_heads=12 n_kv_heads=2 head_dim=128 kv_head=1 worker=3 profiled_total=240 q_load=1 k_load=67 v_load=93 qk_dot=1 safe_sm=74 scna_exp=0 state_update=1 param_prepare=0 core_acc=2 o_scale=1 o_store=1
FIG8_ATTENTION_EVENT_COUNT mode=lut-exp qo_len=4 phase=measure iteration=4 events=0 max_events=0 overflow=0
FIG8_ATTENTION_CHECKSUM mode=lut-exp layout=serial scna_width=8 seed=20260810 phase=measure iteration=4 checksum=0xab52a703954593ee
FIG8_ATTENTION_HOST_TIMING mode=lut-exp layout=serial variant=pair_static_d8 workers=1 scna_width=8 seed=20260810 mask_mode=full qo_len=4 kv_len=4096 n_heads=12 n_kv_heads=2 head_dim=128 phase=measure iteration=5 host_elapsed_us=805 ret=0
FIG8_ATTENTION_PROFILE_COUNT mode=lut-exp qo_len=4 phase=measure iteration=5 records=2 max_records=10
FIG8_ATTENTION_WORKERS mode=lut-exp variant=pair_static_d8 qo_len=4 phase=measure iteration=5 requested_workers=1 active_workers=1 hvx_contexts=6 vtcm_worker_cap=8 tasks=2 q_task_rows=4
FIG8_ATTENTION_TIMERS mode=lut-exp layout=serial phase=measure iteration=5 lut_exp=1 scna_layout=0 scna_width=0 qo_len=4 kv_len=4096 n_heads=12 n_kv_heads=2 head_dim=128 kv_head=0 worker=4 profiled_total=244 q_load=1 k_load=65 v_load=94 qk_dot=1 safe_sm=76 scna_exp=0 state_update=3 param_prepare=0 core_acc=5 o_scale=1 o_store=1
FIG8_ATTENTION_TIMERS mode=lut-exp layout=serial phase=measure iteration=5 lut_exp=1 scna_layout=0 scna_width=0 qo_len=4 kv_len=4096 n_heads=12 n_kv_heads=2 head_dim=128 kv_head=1 worker=4 profiled_total=240 q_load=1 k_load=67 v_load=90 qk_dot=2 safe_sm=75 scna_exp=0 state_update=1 param_prepare=0 core_acc=3 o_scale=1 o_store=1
FIG8_ATTENTION_EVENT_COUNT mode=lut-exp qo_len=4 phase=measure iteration=5 events=0 max_events=0 overflow=0
FIG8_ATTENTION_CHECKSUM mode=lut-exp layout=serial scna_width=8 seed=20260810 phase=measure iteration=5 checksum=0xab52a703954593ee
FIG8_ATTENTION_HOST_TIMING mode=lut-exp layout=serial variant=pair_static_d8 workers=1 scna_width=8 seed=20260810 mask_mode=full qo_len=4 kv_len=4096 n_heads=12 n_kv_heads=2 head_dim=128 phase=measure iteration=6 host_elapsed_us=715 ret=0
FIG8_ATTENTION_PROFILE_COUNT mode=lut-exp qo_len=4 phase=measure iteration=6 records=2 max_records=10
FIG8_ATTENTION_WORKERS mode=lut-exp variant=pair_static_d8 qo_len=4 phase=measure iteration=6 requested_workers=1 active_workers=1 hvx_contexts=6 vtcm_worker_cap=8 tasks=2 q_task_rows=4
FIG8_ATTENTION_TIMERS mode=lut-exp layout=serial phase=measure iteration=6 lut_exp=1 scna_layout=0 scna_width=0 qo_len=4 kv_len=4096 n_heads=12 n_kv_heads=2 head_dim=128 kv_head=0 worker=5 profiled_total=250 q_load=1 k_load=68 v_load=93 qk_dot=2 safe_sm=78 scna_exp=0 state_update=3 param_prepare=0 core_acc=6 o_scale=1 o_store=1
FIG8_ATTENTION_TIMERS mode=lut-exp layout=serial phase=measure iteration=6 lut_exp=1 scna_layout=0 scna_width=0 qo_len=4 kv_len=4096 n_heads=12 n_kv_heads=2 head_dim=128 kv_head=1 worker=5 profiled_total=236 q_load=1 k_load=67 v_load=91 qk_dot=1 safe_sm=72 scna_exp=0 state_update=1 param_prepare=0 core_acc=2 o_scale=1 o_store=1
FIG8_ATTENTION_EVENT_COUNT mode=lut-exp qo_len=4 phase=measure iteration=6 events=0 max_events=0 overflow=0
FIG8_ATTENTION_CHECKSUM mode=lut-exp layout=serial scna_width=8 seed=20260810 phase=measure iteration=6 checksum=0xab52a703954593ee
FIG8_ATTENTION_HOST_TIMING mode=lut-exp layout=serial variant=pair_static_d8 workers=1 scna_width=8 seed=20260810 mask_mode=full qo_len=4 kv_len=4096 n_heads=12 n_kv_heads=2 head_dim=128 phase=measure iteration=7 host_elapsed_us=807 ret=0
FIG8_ATTENTION_PROFILE_COUNT mode=lut-exp qo_len=4 phase=measure iteration=7 records=2 max_records=10
FIG8_ATTENTION_WORKERS mode=lut-exp variant=pair_static_d8 qo_len=4 phase=measure iteration=7 requested_workers=1 active_workers=1 hvx_contexts=6 vtcm_worker_cap=8 tasks=2 q_task_rows=4
FIG8_ATTENTION_TIMERS mode=lut-exp layout=serial phase=measure iteration=7 lut_exp=1 scna_layout=0 scna_width=0 qo_len=4 kv_len=4096 n_heads=12 n_kv_heads=2 head_dim=128 kv_head=0 worker=0 profiled_total=241 q_load=1 k_load=66 v_load=91 qk_dot=1 safe_sm=75 scna_exp=0 state_update=3 param_prepare=0 core_acc=5 o_scale=1 o_store=1
FIG8_ATTENTION_TIMERS mode=lut-exp layout=serial phase=measure iteration=7 lut_exp=1 scna_layout=0 scna_width=0 qo_len=4 kv_len=4096 n_heads=12 n_kv_heads=2 head_dim=128 kv_head=1 worker=0 profiled_total=246 q_load=1 k_load=70 v_load=92 qk_dot=2 safe_sm=74 scna_exp=0 state_update=2 param_prepare=0 core_acc=4 o_scale=1 o_store=2
FIG8_ATTENTION_EVENT_COUNT mode=lut-exp qo_len=4 phase=measure iteration=7 events=0 max_events=0 overflow=0
FIG8_ATTENTION_CHECKSUM mode=lut-exp layout=serial scna_width=8 seed=20260810 phase=measure iteration=7 checksum=0xab52a703954593ee
FIG8_ATTENTION_HOST_TIMING mode=lut-exp layout=serial variant=pair_static_d8 workers=1 scna_width=8 seed=20260810 mask_mode=full qo_len=4 kv_len=4096 n_heads=12 n_kv_heads=2 head_dim=128 phase=measure iteration=8 host_elapsed_us=826 ret=0
FIG8_ATTENTION_PROFILE_COUNT mode=lut-exp qo_len=4 phase=measure iteration=8 records=2 max_records=10
FIG8_ATTENTION_WORKERS mode=lut-exp variant=pair_static_d8 qo_len=4 phase=measure iteration=8 requested_workers=1 active_workers=1 hvx_contexts=6 vtcm_worker_cap=8 tasks=2 q_task_rows=4
FIG8_ATTENTION_TIMERS mode=lut-exp layout=serial phase=measure iteration=8 lut_exp=1 scna_layout=0 scna_width=0 qo_len=4 kv_len=4096 n_heads=12 n_kv_heads=2 head_dim=128 kv_head=0 worker=1 profiled_total=242 q_load=1 k_load=66 v_load=91 qk_dot=1 safe_sm=76 scna_exp=0 state_update=4 param_prepare=0 core_acc=5 o_scale=1 o_store=1
FIG8_ATTENTION_TIMERS mode=lut-exp layout=serial phase=measure iteration=8 lut_exp=1 scna_layout=0 scna_width=0 qo_len=4 kv_len=4096 n_heads=12 n_kv_heads=2 head_dim=128 kv_head=1 worker=1 profiled_total=246 q_load=1 k_load=67 v_load=89 qk_dot=2 safe_sm=77 scna_exp=0 state_update=3 param_prepare=0 core_acc=7 o_scale=1 o_store=2
FIG8_ATTENTION_EVENT_COUNT mode=lut-exp qo_len=4 phase=measure iteration=8 events=0 max_events=0 overflow=0
FIG8_ATTENTION_CHECKSUM mode=lut-exp layout=serial scna_width=8 seed=20260810 phase=measure iteration=8 checksum=0xab52a703954593ee
FIG8_ATTENTION_HOST_TIMING mode=lut-exp layout=serial variant=pair_static_d8 workers=1 scna_width=8 seed=20260810 mask_mode=full qo_len=4 kv_len=4096 n_heads=12 n_kv_heads=2 head_dim=128 phase=measure iteration=9 host_elapsed_us=775 ret=0
FIG8_ATTENTION_PROFILE_COUNT mode=lut-exp qo_len=4 phase=measure iteration=9 records=2 max_records=10
FIG8_ATTENTION_WORKERS mode=lut-exp variant=pair_static_d8 qo_len=4 phase=measure iteration=9 requested_workers=1 active_workers=1 hvx_contexts=6 vtcm_worker_cap=8 tasks=2 q_task_rows=4
FIG8_ATTENTION_TIMERS mode=lut-exp layout=serial phase=measure iteration=9 lut_exp=1 scna_layout=0 scna_width=0 qo_len=4 kv_len=4096 n_heads=12 n_kv_heads=2 head_dim=128 kv_head=0 worker=2 profiled_total=240 q_load=1 k_load=67 v_load=91 qk_dot=1 safe_sm=74 scna_exp=0 state_update=3 param_prepare=0 core_acc=4 o_scale=1 o_store=1
FIG8_ATTENTION_TIMERS mode=lut-exp layout=serial phase=measure iteration=9 lut_exp=1 scna_layout=0 scna_width=0 qo_len=4 kv_len=4096 n_heads=12 n_kv_heads=2 head_dim=128 kv_head=1 worker=2 profiled_total=239 q_load=1 k_load=67 v_load=89 qk_dot=2 safe_sm=74 scna_exp=0 state_update=2 param_prepare=0 core_acc=3 o_scale=1 o_store=2
FIG8_ATTENTION_EVENT_COUNT mode=lut-exp qo_len=4 phase=measure iteration=9 events=0 max_events=0 overflow=0
FIG8_ATTENTION_CHECKSUM mode=lut-exp layout=serial scna_width=8 seed=20260810 phase=measure iteration=9 checksum=0xab52a703954593ee
FIG8_ATTENTION_HOST_TIMING mode=lut-exp layout=serial variant=pair_static_d8 workers=1 scna_width=8 seed=20260810 mask_mode=full qo_len=4 kv_len=4096 n_heads=12 n_kv_heads=2 head_dim=128 phase=measure iteration=10 host_elapsed_us=714 ret=0
FIG8_ATTENTION_PROFILE_COUNT mode=lut-exp qo_len=4 phase=measure iteration=10 records=2 max_records=10
FIG8_ATTENTION_WORKERS mode=lut-exp variant=pair_static_d8 qo_len=4 phase=measure iteration=10 requested_workers=1 active_workers=1 hvx_contexts=6 vtcm_worker_cap=8 tasks=2 q_task_rows=4
FIG8_ATTENTION_TIMERS mode=lut-exp layout=serial phase=measure iteration=10 lut_exp=1 scna_layout=0 scna_width=0 qo_len=4 kv_len=4096 n_heads=12 n_kv_heads=2 head_dim=128 kv_head=0 worker=3 profiled_total=243 q_load=1 k_load=68 v_load=90 qk_dot=1 safe_sm=76 scna_exp=0 state_update=3 param_prepare=0 core_acc=5 o_scale=1 o_store=1
FIG8_ATTENTION_TIMERS mode=lut-exp layout=serial phase=measure iteration=10 lut_exp=1 scna_layout=0 scna_width=0 qo_len=4 kv_len=4096 n_heads=12 n_kv_heads=2 head_dim=128 kv_head=1 worker=3 profiled_total=238 q_load=1 k_load=69 v_load=87 qk_dot=2 safe_sm=74 scna_exp=0 state_update=2 param_prepare=0 core_acc=3 o_scale=1 o_store=1
FIG8_ATTENTION_EVENT_COUNT mode=lut-exp qo_len=4 phase=measure iteration=10 events=0 max_events=0 overflow=0
FIG8_ATTENTION_CHECKSUM mode=lut-exp layout=serial scna_width=8 seed=20260810 phase=measure iteration=10 checksum=0xab52a703954593ee
FIG8_ATTENTION_HOST_TIMING mode=lut-exp layout=serial variant=pair_static_d8 workers=1 scna_width=8 seed=20260810 mask_mode=full qo_len=4 kv_len=4096 n_heads=12 n_kv_heads=2 head_dim=128 phase=measure iteration=11 host_elapsed_us=829 ret=0
FIG8_ATTENTION_PROFILE_COUNT mode=lut-exp qo_len=4 phase=measure iteration=11 records=2 max_records=10
FIG8_ATTENTION_WORKERS mode=lut-exp variant=pair_static_d8 qo_len=4 phase=measure iteration=11 requested_workers=1 active_workers=1 hvx_contexts=6 vtcm_worker_cap=8 tasks=2 q_task_rows=4
FIG8_ATTENTION_TIMERS mode=lut-exp layout=serial phase=measure iteration=11 lut_exp=1 scna_layout=0 scna_width=0 qo_len=4 kv_len=4096 n_heads=12 n_kv_heads=2 head_dim=128 kv_head=0 worker=4 profiled_total=240 q_load=1 k_load=66 v_load=91 qk_dot=1 safe_sm=74 scna_exp=0 state_update=3 param_prepare=0 core_acc=5 o_scale=1 o_store=1
FIG8_ATTENTION_TIMERS mode=lut-exp layout=serial phase=measure iteration=11 lut_exp=1 scna_layout=0 scna_width=0 qo_len=4 kv_len=4096 n_heads=12 n_kv_heads=2 head_dim=128 kv_head=1 worker=4 profiled_total=241 q_load=1 k_load=67 v_load=92 qk_dot=2 safe_sm=74 scna_exp=0 state_update=1 param_prepare=0 core_acc=3 o_scale=1 o_store=1
FIG8_ATTENTION_EVENT_COUNT mode=lut-exp qo_len=4 phase=measure iteration=11 events=0 max_events=0 overflow=0
FIG8_ATTENTION_CHECKSUM mode=lut-exp layout=serial scna_width=8 seed=20260810 phase=measure iteration=11 checksum=0xab52a703954593ee
FIG8_ATTENTION_HOST_TIMING mode=lut-exp layout=serial variant=pair_static_d8 workers=1 scna_width=8 seed=20260810 mask_mode=full qo_len=4 kv_len=4096 n_heads=12 n_kv_heads=2 head_dim=128 phase=measure iteration=12 host_elapsed_us=827 ret=0
FIG8_ATTENTION_PROFILE_COUNT mode=lut-exp qo_len=4 phase=measure iteration=12 records=2 max_records=10
FIG8_ATTENTION_WORKERS mode=lut-exp variant=pair_static_d8 qo_len=4 phase=measure iteration=12 requested_workers=1 active_workers=1 hvx_contexts=6 vtcm_worker_cap=8 tasks=2 q_task_rows=4
FIG8_ATTENTION_TIMERS mode=lut-exp layout=serial phase=measure iteration=12 lut_exp=1 scna_layout=0 scna_width=0 qo_len=4 kv_len=4096 n_heads=12 n_kv_heads=2 head_dim=128 kv_head=0 worker=5 profiled_total=242 q_load=1 k_load=66 v_load=91 qk_dot=1 safe_sm=75 scna_exp=0 state_update=3 param_prepare=0 core_acc=5 o_scale=1 o_store=2
FIG8_ATTENTION_TIMERS mode=lut-exp layout=serial phase=measure iteration=12 lut_exp=1 scna_layout=0 scna_width=0 qo_len=4 kv_len=4096 n_heads=12 n_kv_heads=2 head_dim=128 kv_head=1 worker=5 profiled_total=241 q_load=1 k_load=69 v_load=91 qk_dot=1 safe_sm=74 scna_exp=0 state_update=1 param_prepare=0 core_acc=3 o_scale=1 o_store=1
FIG8_ATTENTION_EVENT_COUNT mode=lut-exp qo_len=4 phase=measure iteration=12 events=0 max_events=0 overflow=0
FIG8_ATTENTION_CHECKSUM mode=lut-exp layout=serial scna_width=8 seed=20260810 phase=measure iteration=12 checksum=0xab52a703954593ee
FIG8_ATTENTION_HOST_TIMING mode=lut-exp layout=serial variant=pair_static_d8 workers=1 scna_width=8 seed=20260810 mask_mode=full qo_len=4 kv_len=4096 n_heads=12 n_kv_heads=2 head_dim=128 phase=measure iteration=13 host_elapsed_us=703 ret=0
FIG8_ATTENTION_PROFILE_COUNT mode=lut-exp qo_len=4 phase=measure iteration=13 records=2 max_records=10
FIG8_ATTENTION_WORKERS mode=lut-exp variant=pair_static_d8 qo_len=4 phase=measure iteration=13 requested_workers=1 active_workers=1 hvx_contexts=6 vtcm_worker_cap=8 tasks=2 q_task_rows=4
FIG8_ATTENTION_TIMERS mode=lut-exp layout=serial phase=measure iteration=13 lut_exp=1 scna_layout=0 scna_width=0 qo_len=4 kv_len=4096 n_heads=12 n_kv_heads=2 head_dim=128 kv_head=0 worker=0 profiled_total=239 q_load=1 k_load=66 v_load=90 qk_dot=1 safe_sm=74 scna_exp=0 state_update=3 param_prepare=0 core_acc=5 o_scale=1 o_store=1
FIG8_ATTENTION_TIMERS mode=lut-exp layout=serial phase=measure iteration=13 lut_exp=1 scna_layout=0 scna_width=0 qo_len=4 kv_len=4096 n_heads=12 n_kv_heads=2 head_dim=128 kv_head=1 worker=0 profiled_total=238 q_load=2 k_load=66 v_load=86 qk_dot=2 safe_sm=75 scna_exp=0 state_update=2 param_prepare=0 core_acc=4 o_scale=1 o_store=2
FIG8_ATTENTION_EVENT_COUNT mode=lut-exp qo_len=4 phase=measure iteration=13 events=0 max_events=0 overflow=0
FIG8_ATTENTION_CHECKSUM mode=lut-exp layout=serial scna_width=8 seed=20260810 phase=measure iteration=13 checksum=0xab52a703954593ee
FIG8_ATTENTION_HOST_TIMING mode=lut-exp layout=serial variant=pair_static_d8 workers=1 scna_width=8 seed=20260810 mask_mode=full qo_len=4 kv_len=4096 n_heads=12 n_kv_heads=2 head_dim=128 phase=measure iteration=14 host_elapsed_us=709 ret=0
FIG8_ATTENTION_PROFILE_COUNT mode=lut-exp qo_len=4 phase=measure iteration=14 records=2 max_records=10
FIG8_ATTENTION_WORKERS mode=lut-exp variant=pair_static_d8 qo_len=4 phase=measure iteration=14 requested_workers=1 active_workers=1 hvx_contexts=6 vtcm_worker_cap=8 tasks=2 q_task_rows=4
FIG8_ATTENTION_TIMERS mode=lut-exp layout=serial phase=measure iteration=14 lut_exp=1 scna_layout=0 scna_width=0 qo_len=4 kv_len=4096 n_heads=12 n_kv_heads=2 head_dim=128 kv_head=0 worker=1 profiled_total=240 q_load=1 k_load=67 v_load=90 qk_dot=1 safe_sm=75 scna_exp=0 state_update=2 param_prepare=0 core_acc=4 o_scale=1 o_store=1
FIG8_ATTENTION_TIMERS mode=lut-exp layout=serial phase=measure iteration=14 lut_exp=1 scna_layout=0 scna_width=0 qo_len=4 kv_len=4096 n_heads=12 n_kv_heads=2 head_dim=128 kv_head=1 worker=1 profiled_total=240 q_load=1 k_load=71 v_load=87 qk_dot=1 safe_sm=74 scna_exp=0 state_update=1 param_prepare=0 core_acc=4 o_scale=1 o_store=1
FIG8_ATTENTION_EVENT_COUNT mode=lut-exp qo_len=4 phase=measure iteration=14 events=0 max_events=0 overflow=0
FIG8_ATTENTION_CHECKSUM mode=lut-exp layout=serial scna_width=8 seed=20260810 phase=measure iteration=14 checksum=0xab52a703954593ee
FIG8_ATTENTION_HOST_TIMING mode=lut-exp layout=serial variant=pair_static_d8 workers=1 scna_width=8 seed=20260810 mask_mode=full qo_len=4 kv_len=4096 n_heads=12 n_kv_heads=2 head_dim=128 phase=measure iteration=15 host_elapsed_us=823 ret=0
FIG8_ATTENTION_PROFILE_COUNT mode=lut-exp qo_len=4 phase=measure iteration=15 records=2 max_records=10
FIG8_ATTENTION_WORKERS mode=lut-exp variant=pair_static_d8 qo_len=4 phase=measure iteration=15 requested_workers=1 active_workers=1 hvx_contexts=6 vtcm_worker_cap=8 tasks=2 q_task_rows=4
FIG8_ATTENTION_TIMERS mode=lut-exp layout=serial phase=measure iteration=15 lut_exp=1 scna_layout=0 scna_width=0 qo_len=4 kv_len=4096 n_heads=12 n_kv_heads=2 head_dim=128 kv_head=0 worker=2 profiled_total=242 q_load=1 k_load=66 v_load=93 qk_dot=1 safe_sm=75 scna_exp=0 state_update=3 param_prepare=0 core_acc=4 o_scale=1 o_store=1
FIG8_ATTENTION_TIMERS mode=lut-exp layout=serial phase=measure iteration=15 lut_exp=1 scna_layout=0 scna_width=0 qo_len=4 kv_len=4096 n_heads=12 n_kv_heads=2 head_dim=128 kv_head=1 worker=2 profiled_total=239 q_load=1 k_load=69 v_load=88 qk_dot=1 safe_sm=73 scna_exp=0 state_update=2 param_prepare=0 core_acc=4 o_scale=1 o_store=2
FIG8_ATTENTION_EVENT_COUNT mode=lut-exp qo_len=4 phase=measure iteration=15 events=0 max_events=0 overflow=0
FIG8_ATTENTION_CHECKSUM mode=lut-exp layout=serial scna_width=8 seed=20260810 phase=measure iteration=15 checksum=0xab52a703954593ee
FIG8_ATTENTION_HOST_TIMING mode=lut-exp layout=serial variant=pair_static_d8 workers=1 scna_width=8 seed=20260810 mask_mode=full qo_len=4 kv_len=4096 n_heads=12 n_kv_heads=2 head_dim=128 phase=measure iteration=16 host_elapsed_us=808 ret=0
FIG8_ATTENTION_PROFILE_COUNT mode=lut-exp qo_len=4 phase=measure iteration=16 records=2 max_records=10
FIG8_ATTENTION_WORKERS mode=lut-exp variant=pair_static_d8 qo_len=4 phase=measure iteration=16 requested_workers=1 active_workers=1 hvx_contexts=6 vtcm_worker_cap=8 tasks=2 q_task_rows=4
FIG8_ATTENTION_TIMERS mode=lut-exp layout=serial phase=measure iteration=16 lut_exp=1 scna_layout=0 scna_width=0 qo_len=4 kv_len=4096 n_heads=12 n_kv_heads=2 head_dim=128 kv_head=0 worker=3 profiled_total=249 q_load=1 k_load=68 v_load=94 qk_dot=2 safe_sm=76 scna_exp=0 state_update=2 param_prepare=0 core_acc=6 o_scale=1 o_store=1
FIG8_ATTENTION_TIMERS mode=lut-exp layout=serial phase=measure iteration=16 lut_exp=1 scna_layout=0 scna_width=0 qo_len=4 kv_len=4096 n_heads=12 n_kv_heads=2 head_dim=128 kv_head=1 worker=3 profiled_total=237 q_load=2 k_load=67 v_load=89 qk_dot=1 safe_sm=73 scna_exp=0 state_update=1 param_prepare=0 core_acc=2 o_scale=1 o_store=2
FIG8_ATTENTION_EVENT_COUNT mode=lut-exp qo_len=4 phase=measure iteration=16 events=0 max_events=0 overflow=0
FIG8_ATTENTION_CHECKSUM mode=lut-exp layout=serial scna_width=8 seed=20260810 phase=measure iteration=16 checksum=0xab52a703954593ee
FIG8_ATTENTION_HOST_TIMING mode=lut-exp layout=serial variant=pair_static_d8 workers=1 scna_width=8 seed=20260810 mask_mode=full qo_len=4 kv_len=4096 n_heads=12 n_kv_heads=2 head_dim=128 phase=measure iteration=17 host_elapsed_us=697 ret=0
FIG8_ATTENTION_PROFILE_COUNT mode=lut-exp qo_len=4 phase=measure iteration=17 records=2 max_records=10
FIG8_ATTENTION_WORKERS mode=lut-exp variant=pair_static_d8 qo_len=4 phase=measure iteration=17 requested_workers=1 active_workers=1 hvx_contexts=6 vtcm_worker_cap=8 tasks=2 q_task_rows=4
FIG8_ATTENTION_TIMERS mode=lut-exp layout=serial phase=measure iteration=17 lut_exp=1 scna_layout=0 scna_width=0 qo_len=4 kv_len=4096 n_heads=12 n_kv_heads=2 head_dim=128 kv_head=0 worker=4 profiled_total=242 q_load=1 k_load=66 v_load=93 qk_dot=1 safe_sm=74 scna_exp=0 state_update=3 param_prepare=0 core_acc=5 o_scale=1 o_store=1
FIG8_ATTENTION_TIMERS mode=lut-exp layout=serial phase=measure iteration=17 lut_exp=1 scna_layout=0 scna_width=0 qo_len=4 kv_len=4096 n_heads=12 n_kv_heads=2 head_dim=128 kv_head=1 worker=4 profiled_total=239 q_load=1 k_load=70 v_load=86 qk_dot=2 safe_sm=74 scna_exp=0 state_update=2 param_prepare=0 core_acc=4 o_scale=1 o_store=1
FIG8_ATTENTION_EVENT_COUNT mode=lut-exp qo_len=4 phase=measure iteration=17 events=0 max_events=0 overflow=0
FIG8_ATTENTION_CHECKSUM mode=lut-exp layout=serial scna_width=8 seed=20260810 phase=measure iteration=17 checksum=0xab52a703954593ee
FIG8_ATTENTION_HOST_TIMING mode=lut-exp layout=serial variant=pair_static_d8 workers=1 scna_width=8 seed=20260810 mask_mode=full qo_len=4 kv_len=4096 n_heads=12 n_kv_heads=2 head_dim=128 phase=measure iteration=18 host_elapsed_us=736 ret=0
FIG8_ATTENTION_PROFILE_COUNT mode=lut-exp qo_len=4 phase=measure iteration=18 records=2 max_records=10
FIG8_ATTENTION_WORKERS mode=lut-exp variant=pair_static_d8 qo_len=4 phase=measure iteration=18 requested_workers=1 active_workers=1 hvx_contexts=6 vtcm_worker_cap=8 tasks=2 q_task_rows=4
FIG8_ATTENTION_TIMERS mode=lut-exp layout=serial phase=measure iteration=18 lut_exp=1 scna_layout=0 scna_width=0 qo_len=4 kv_len=4096 n_heads=12 n_kv_heads=2 head_dim=128 kv_head=0 worker=5 profiled_total=239 q_load=1 k_load=66 v_load=89 qk_dot=1 safe_sm=75 scna_exp=0 state_update=3 param_prepare=0 core_acc=5 o_scale=1 o_store=1
FIG8_ATTENTION_TIMERS mode=lut-exp layout=serial phase=measure iteration=18 lut_exp=1 scna_layout=0 scna_width=0 qo_len=4 kv_len=4096 n_heads=12 n_kv_heads=2 head_dim=128 kv_head=1 worker=5 profiled_total=248 q_load=1 k_load=70 v_load=90 qk_dot=2 safe_sm=76 scna_exp=0 state_update=3 param_prepare=0 core_acc=6 o_scale=1 o_store=2
FIG8_ATTENTION_EVENT_COUNT mode=lut-exp qo_len=4 phase=measure iteration=18 events=0 max_events=0 overflow=0
FIG8_ATTENTION_CHECKSUM mode=lut-exp layout=serial scna_width=8 seed=20260810 phase=measure iteration=18 checksum=0xab52a703954593ee
FIG8_ATTENTION_HOST_TIMING mode=lut-exp layout=serial variant=pair_static_d8 workers=1 scna_width=8 seed=20260810 mask_mode=full qo_len=4 kv_len=4096 n_heads=12 n_kv_heads=2 head_dim=128 phase=measure iteration=19 host_elapsed_us=781 ret=0
FIG8_ATTENTION_PROFILE_COUNT mode=lut-exp qo_len=4 phase=measure iteration=19 records=2 max_records=10
FIG8_ATTENTION_WORKERS mode=lut-exp variant=pair_static_d8 qo_len=4 phase=measure iteration=19 requested_workers=1 active_workers=1 hvx_contexts=6 vtcm_worker_cap=8 tasks=2 q_task_rows=4
FIG8_ATTENTION_TIMERS mode=lut-exp layout=serial phase=measure iteration=19 lut_exp=1 scna_layout=0 scna_width=0 qo_len=4 kv_len=4096 n_heads=12 n_kv_heads=2 head_dim=128 kv_head=0 worker=0 profiled_total=234 q_load=1 k_load=65 v_load=88 qk_dot=1 safe_sm=73 scna_exp=0 state_update=3 param_prepare=0 core_acc=4 o_scale=1 o_store=1
FIG8_ATTENTION_TIMERS mode=lut-exp layout=serial phase=measure iteration=19 lut_exp=1 scna_layout=0 scna_width=0 qo_len=4 kv_len=4096 n_heads=12 n_kv_heads=2 head_dim=128 kv_head=1 worker=0 profiled_total=239 q_load=1 k_load=69 v_load=87 qk_dot=2 safe_sm=73 scna_exp=0 state_update=2 param_prepare=0 core_acc=4 o_scale=1 o_store=2
FIG8_ATTENTION_EVENT_COUNT mode=lut-exp qo_len=4 phase=measure iteration=19 events=0 max_events=0 overflow=0
FIG8_ATTENTION_CHECKSUM mode=lut-exp layout=serial scna_width=8 seed=20260810 phase=measure iteration=19 checksum=0xab52a703954593ee
