FIG8_ATTENTION_CONFIG mode=scna-fp16 layout=serial variant=pair_static_d8 scna_width=8 seed=figure8_fixed mask_mode=full qo_len=1 kv_len=4093 kv_pad_len=4096 n_heads=12 n_kv_heads=2 head_dim=64 warmup=1 iters=1 q_size=3072 kv_size=1047808 mask_size=8192 profile_size=5760 profile_max_records=10 profile_max_events=0 mode_flags=68692 print_events=0 workers=1 fixture=/data/local/tmp/stage25_softmax_v79/fixture.bin full_mask_fastpath=0
FIG8_ATTENTION_HOST_TIMING mode=scna-fp16 layout=serial variant=pair_static_d8 workers=1 scna_width=8 seed=figure8_fixed mask_mode=full qo_len=1 kv_len=4093 n_heads=12 n_kv_heads=2 head_dim=64 phase=warmup iteration=0 host_elapsed_us=852 ret=0
FIG8_ATTENTION_PROFILE_COUNT mode=scna-fp16 qo_len=1 phase=warmup iteration=0 records=2 max_records=10
FIG8_ATTENTION_WORKERS mode=scna-fp16 variant=pair_static_d8 qo_len=1 phase=warmup iteration=0 requested_workers=1 active_workers=1 hvx_contexts=6 vtcm_worker_cap=8 tasks=2 q_task_rows=4
FIG8_ATTENTION_TIMERS mode=scna-fp16 layout=serial phase=warmup iteration=0 lut_exp=0 scna_layout=0 scna_width=8 qo_len=1 kv_len=4093 n_heads=12 n_kv_heads=2 head_dim=64 kv_head=0 worker=0 profiled_total=513 q_load=1 k_load=38 v_load=43 qk_dot=2 safe_sm=423 scna_exp=410 state_update=0 rowmax_mem=0 rowsum_reduce=0 rowmax_mem_ticks=0 rowsum_reduce_ticks=0 state_update_ticks=0 param_prepare=0 core_acc=2 o_scale=2 o_store=2
FIG8_NUMERIC seed=figure8_fixed mode=scna-fp16 layout=serial kv_head=0 worker=0 qk0_bits=0xaccb rowmax0_bits=0x3533 rowsum0_bits=0x66a6 l0_bits=0x66a6 core_o0_bits=0x3a88 inv_l0_bits=0xc7b scaled_o0_bits=0xd41 p0_first_bits=0x3a8e p0_last_bits=0x0 sum0_first_bits=0x4454dde1 sum0_last_bits=0x4454ce01 masked_p_nonzero=0 tail_p_nonzero=0 scna_clamp_count=0 score_count=4093 centered_score_min=-0.603027344 centered_score_max=0 final_m0_bits=0x3533 final_l0_bits=0x6b16 final_core_o0_bits=0x3cb1 p_expected_sum_bits=0x454d521e p_max_abs_error_bits=0x3e075400
FIG8_NUMERIC_BLOCK seed=figure8_fixed mode=scna-fp16 layout=serial kv_head=0 block=0 m0_bits=0x3533 rowsum0_bits=0x66a6 l0_bits=0x66a6 p_scalar_sum_bits=0x44d4e404 reduction_min_bits=0x44547e21 reduction_max_bits=0x44553631
FIG8_NUMERIC_BLOCK seed=figure8_fixed mode=scna-fp16 layout=serial kv_head=0 block=1 m0_bits=0x3533 rowsum0_bits=0x66a5 l0_bits=0x6aa6 p_scalar_sum_bits=0x44d4df3c reduction_min_bits=0x44547131 reduction_max_bits=0x445539c1
FIG8_NUMERIC_BLOCK seed=figure8_fixed mode=scna-fp16 layout=serial kv_head=0 block=2 m0_bits=0x3533 rowsum0_bits=0x5afb l0_bits=0x6b16 p_scalar_sum_bits=0x436074c0 reduction_min_bits=0x42dd5681 reduction_max_bits=0x42e37e81
FIG8_NUMERIC_QK8 seed=figure8_fixed mode=scna-fp16 layout=serial kv_head=0 bits=0xaccb,0x346f,0xb1fb,0x30ec,0xb2a0,0x2ea7,0xb053,0x3016
FIG8_NUMERIC_P8 seed=figure8_fixed mode=scna-fp16 layout=serial kv_head=0 centered_bits=0xb666,0xaa20,0xb818,0xb17a,0xb842,0xb312,0xb75c,0xb250 p_bits=0x3ae4,0x3bde,0x3a93,0x3b86,0x3a86,0x3b63,0x3ab9,0x3b73
FIG8_ATTENTION_TIMERS mode=scna-fp16 layout=serial phase=warmup iteration=0 lut_exp=0 scna_layout=0 scna_width=8 qo_len=1 kv_len=4093 n_heads=12 n_kv_heads=2 head_dim=64 kv_head=1 worker=0 profiled_total=102 q_load=0 k_load=38 v_load=39 qk_dot=1 safe_sm=23 scna_exp=16 state_update=0 rowmax_mem=0 rowsum_reduce=0 rowmax_mem_ticks=0 rowsum_reduce_ticks=0 state_update_ticks=0 param_prepare=0 core_acc=0 o_scale=1 o_store=0
FIG8_NUMERIC seed=figure8_fixed mode=scna-fp16 layout=serial kv_head=1 worker=0 qk0_bits=0x0 rowmax0_bits=0x0 rowsum0_bits=0x0 l0_bits=0x0 core_o0_bits=0x0 inv_l0_bits=0x0 scaled_o0_bits=0x0 p0_first_bits=0x0 p0_last_bits=0x0 sum0_first_bits=0x0 sum0_last_bits=0x0 masked_p_nonzero=0 tail_p_nonzero=0 scna_clamp_count=0 score_count=0 centered_score_min=0 centered_score_max=0 final_m0_bits=0x0 final_l0_bits=0x0 final_core_o0_bits=0x0 p_expected_sum_bits=0x0 p_max_abs_error_bits=0x0
FIG8_NUMERIC_QK8 seed=figure8_fixed mode=scna-fp16 layout=serial kv_head=1 bits=0x0,0x0,0x0,0x0,0x0,0x0,0x0,0x0
FIG8_NUMERIC_P8 seed=figure8_fixed mode=scna-fp16 layout=serial kv_head=1 centered_bits=0x0,0x0,0x0,0x0,0x0,0x0,0x0,0x0 p_bits=0x0,0x0,0x0,0x0,0x0,0x0,0x0,0x0
FIG8_ATTENTION_EVENT_COUNT mode=scna-fp16 qo_len=1 phase=warmup iteration=0 events=0 max_events=0 overflow=0
FIG8_ATTENTION_CHECKSUM mode=scna-fp16 layout=serial scna_width=8 seed=figure8_fixed phase=warmup iteration=0 checksum=0x7ff9093dd1772025
FIG8_ATTENTION_HOST_TIMING mode=scna-fp16 layout=serial variant=pair_static_d8 workers=1 scna_width=8 seed=figure8_fixed mask_mode=full qo_len=1 kv_len=4093 n_heads=12 n_kv_heads=2 head_dim=64 phase=measure iteration=0 host_elapsed_us=938 ret=0
FIG8_ATTENTION_PROFILE_COUNT mode=scna-fp16 qo_len=1 phase=measure iteration=0 records=2 max_records=10
FIG8_ATTENTION_WORKERS mode=scna-fp16 variant=pair_static_d8 qo_len=1 phase=measure iteration=0 requested_workers=1 active_workers=1 hvx_contexts=6 vtcm_worker_cap=8 tasks=2 q_task_rows=4
FIG8_ATTENTION_TIMERS mode=scna-fp16 layout=serial phase=measure iteration=0 lut_exp=0 scna_layout=0 scna_width=8 qo_len=1 kv_len=4093 n_heads=12 n_kv_heads=2 head_dim=64 kv_head=0 worker=1 profiled_total=523 q_load=0 k_load=37 v_load=58 qk_dot=1 safe_sm=424 scna_exp=411 state_update=0 rowmax_mem=0 rowsum_reduce=0 rowmax_mem_ticks=0 rowsum_reduce_ticks=0 state_update_ticks=0 param_prepare=0 core_acc=1 o_scale=1 o_store=1
FIG8_NUMERIC seed=figure8_fixed mode=scna-fp16 layout=serial kv_head=0 worker=1 qk0_bits=0xaccb rowmax0_bits=0x3533 rowsum0_bits=0x66a6 l0_bits=0x66a6 core_o0_bits=0x3a88 inv_l0_bits=0xc7b scaled_o0_bits=0xd41 p0_first_bits=0x3a8e p0_last_bits=0x0 sum0_first_bits=0x4454dde1 sum0_last_bits=0x4454ce01 masked_p_nonzero=0 tail_p_nonzero=0 scna_clamp_count=0 score_count=4093 centered_score_min=-0.603027344 centered_score_max=0 final_m0_bits=0x3533 final_l0_bits=0x6b16 final_core_o0_bits=0x3cb1 p_expected_sum_bits=0x454d521e p_max_abs_error_bits=0x3e075400
FIG8_NUMERIC_BLOCK seed=figure8_fixed mode=scna-fp16 layout=serial kv_head=0 block=0 m0_bits=0x3533 rowsum0_bits=0x66a6 l0_bits=0x66a6 p_scalar_sum_bits=0x44d4e404 reduction_min_bits=0x44547e21 reduction_max_bits=0x44553631
FIG8_NUMERIC_BLOCK seed=figure8_fixed mode=scna-fp16 layout=serial kv_head=0 block=1 m0_bits=0x3533 rowsum0_bits=0x66a5 l0_bits=0x6aa6 p_scalar_sum_bits=0x44d4df3c reduction_min_bits=0x44547131 reduction_max_bits=0x445539c1
FIG8_NUMERIC_BLOCK seed=figure8_fixed mode=scna-fp16 layout=serial kv_head=0 block=2 m0_bits=0x3533 rowsum0_bits=0x5afb l0_bits=0x6b16 p_scalar_sum_bits=0x436074c0 reduction_min_bits=0x42dd5681 reduction_max_bits=0x42e37e81
FIG8_NUMERIC_QK8 seed=figure8_fixed mode=scna-fp16 layout=serial kv_head=0 bits=0xaccb,0x346f,0xb1fb,0x30ec,0xb2a0,0x2ea7,0xb053,0x3016
FIG8_NUMERIC_P8 seed=figure8_fixed mode=scna-fp16 layout=serial kv_head=0 centered_bits=0xb666,0xaa20,0xb818,0xb17a,0xb842,0xb312,0xb75c,0xb250 p_bits=0x3ae4,0x3bde,0x3a93,0x3b86,0x3a86,0x3b63,0x3ab9,0x3b73
FIG8_ATTENTION_TIMERS mode=scna-fp16 layout=serial phase=measure iteration=0 lut_exp=0 scna_layout=0 scna_width=8 qo_len=1 kv_len=4093 n_heads=12 n_kv_heads=2 head_dim=64 kv_head=1 worker=1 profiled_total=115 q_load=1 k_load=37 v_load=53 qk_dot=0 safe_sm=23 scna_exp=16 state_update=0 rowmax_mem=0 rowsum_reduce=0 rowmax_mem_ticks=0 rowsum_reduce_ticks=0 state_update_ticks=0 param_prepare=0 core_acc=0 o_scale=1 o_store=0
FIG8_NUMERIC seed=figure8_fixed mode=scna-fp16 layout=serial kv_head=1 worker=1 qk0_bits=0x0 rowmax0_bits=0x0 rowsum0_bits=0x0 l0_bits=0x0 core_o0_bits=0x0 inv_l0_bits=0x0 scaled_o0_bits=0x0 p0_first_bits=0x0 p0_last_bits=0x0 sum0_first_bits=0x0 sum0_last_bits=0x0 masked_p_nonzero=0 tail_p_nonzero=0 scna_clamp_count=0 score_count=0 centered_score_min=0 centered_score_max=0 final_m0_bits=0x0 final_l0_bits=0x0 final_core_o0_bits=0x0 p_expected_sum_bits=0x0 p_max_abs_error_bits=0x0
FIG8_NUMERIC_QK8 seed=figure8_fixed mode=scna-fp16 layout=serial kv_head=1 bits=0x0,0x0,0x0,0x0,0x0,0x0,0x0,0x0
FIG8_NUMERIC_P8 seed=figure8_fixed mode=scna-fp16 layout=serial kv_head=1 centered_bits=0x0,0x0,0x0,0x0,0x0,0x0,0x0,0x0 p_bits=0x0,0x0,0x0,0x0,0x0,0x0,0x0,0x0
FIG8_ATTENTION_EVENT_COUNT mode=scna-fp16 qo_len=1 phase=measure iteration=0 events=0 max_events=0 overflow=0
FIG8_ATTENTION_CHECKSUM mode=scna-fp16 layout=serial scna_width=8 seed=figure8_fixed phase=measure iteration=0 checksum=0x7ff9093dd1772025
FIG8_ATTENTION_REFERENCE_TIMING reference_mode=host-fp32 qo_len=1 kv_len=4093 n_heads=12 n_kv_heads=2 head_dim=64 elapsed_us=22854 ret=0
FIG8_ATTENTION_COMPARE candidate_mode=scna-fp16 layout=serial scna_width=8 reference_mode=host-fp32 seed=figure8_fixed mask_mode=full qo_len=1 kv_len=4093 n_heads=12 n_kv_heads=2 head_dim=64 elements=768 rmse=3.57461904e-05 relative_l2=0.0972068831 max_abs_error=0.000108433771 candidate_nonfinite=0 reference_nonfinite=0 rmse_limit=0.002 max_abs_limit=0.01 pass=1
FIG8_ATTENTION_COMPARE_HEAD seed=figure8_fixed mode=scna-fp16 layout=serial head=0 rmse=3.51071722e-05 max_abs_error=8.16592365e-05 candidate_first=0.000320434599 reference_first=0.000286904396
FIG8_ATTENTION_COMPARE_HEAD seed=figure8_fixed mode=scna-fp16 layout=serial head=1 rmse=3.59471778e-05 max_abs_error=9.39265665e-05 candidate_first=0.000390529662 reference_first=0.000382821134
FIG8_ATTENTION_COMPARE_HEAD seed=figure8_fixed mode=scna-fp16 layout=serial head=2 rmse=3.30952498e-05 max_abs_error=7.85544398e-05 candidate_first=0.00046968463 reference_first=0.000520120433
FIG8_ATTENTION_COMPARE_HEAD seed=figure8_fixed mode=scna-fp16 layout=serial head=3 rmse=3.82459148e-05 max_abs_error=9.27178771e-05 candidate_first=0.000404834776 reference_first=0.000432590488
FIG8_ATTENTION_COMPARE_HEAD seed=figure8_fixed mode=scna-fp16 layout=serial head=4 rmse=3.78028853e-05 max_abs_error=8.27890181e-05 candidate_first=0.000352382689 reference_first=0.000329072907
FIG8_ATTENTION_COMPARE_HEAD seed=figure8_fixed mode=scna-fp16 layout=serial head=5 rmse=3.09189309e-05 max_abs_error=7.21616379e-05 candidate_first=0.000471115141 reference_first=0.000525533687
FIG8_ATTENTION_COMPARE_HEAD seed=figure8_fixed mode=scna-fp16 layout=serial head=6 rmse=3.90251735e-05 max_abs_error=8.94009718e-05 candidate_first=-0.000252246828 reference_first=-0.000231994534
FIG8_ATTENTION_COMPARE_HEAD seed=figure8_fixed mode=scna-fp16 layout=serial head=7 rmse=3.36716075e-05 max_abs_error=7.17114599e-05 candidate_first=-0.000261783571 reference_first=-0.00025415697
FIG8_ATTENTION_COMPARE_HEAD seed=figure8_fixed mode=scna-fp16 layout=serial head=8 rmse=3.40436454e-05 max_abs_error=9.13963886e-05 candidate_first=-0.00031900403 reference_first=-0.000355065335
FIG8_ATTENTION_COMPARE_HEAD seed=figure8_fixed mode=scna-fp16 layout=serial head=9 rmse=3.86799838e-05 max_abs_error=9.42642582e-05 candidate_first=-0.000305652589 reference_first=-0.00032500262
FIG8_ATTENTION_COMPARE_HEAD seed=figure8_fixed mode=scna-fp16 layout=serial head=10 rmse=3.64857187e-05 max_abs_error=8.44135648e-05 candidate_first=-0.000260353059 reference_first=-0.000244116498
FIG8_ATTENTION_COMPARE_HEAD seed=figure8_fixed mode=scna-fp16 layout=serial head=11 rmse=3.49660586e-05 max_abs_error=0.000108433771 candidate_first=-0.000303268404 reference_first=-0.000322631007
