SCNA_PROVENANCE binary_sha256=e7e92f0844244257f736e4af9df5fa85e069cc531b7722b1c27dcebb1d2f310f host_sha256=cb266c4a825450b84f9b1cc6a93722a4bf5984ddec807af955c13c773bca6288 header_sha256=41b4153195ee11b7c19f8ab4f41bc40bfc493dc5be1a8b0b4403c7272cd6db14 isa=v79 sdk=6.6 tools=19.0.07
FIG8_ATTENTION_CONFIG mode=baseline layout=serial variant=current scna_width=8 seed=20260811 mask_mode=padding qo_len=1 kv_len=4096 kv_pad_len=4096 n_heads=12 n_kv_heads=2 head_dim=128 warmup=1 iters=1 q_size=6144 kv_size=2097152 mask_size=8192 profile_size=97920 profile_max_records=10 profile_max_events=1160 mode_flags=64 print_events=0
FIG8_ATTENTION_HOST_TIMING mode=baseline layout=serial scna_width=8 seed=20260811 mask_mode=padding qo_len=1 kv_len=4096 n_heads=12 n_kv_heads=2 head_dim=128 phase=warmup iteration=0 host_elapsed_us=997 ret=0
FIG8_ATTENTION_PROFILE_COUNT mode=baseline qo_len=1 phase=warmup iteration=0 records=2 max_records=10
FIG8_ATTENTION_TIMERS mode=baseline layout=serial phase=warmup iteration=0 lut_exp=0 scna_layout=0 scna_width=0 qo_len=1 kv_len=4096 n_heads=12 n_kv_heads=2 head_dim=128 kv_head=1 worker=2 profiled_total=255 q_load=1 k_load=106 v_load=93 qk_dot=1 safe_sm=38 scna_exp=0 core_acc=7 o_scale=3 o_store=6
FIG8_NUMERIC seed=20260811 mode=baseline layout=serial kv_head=1 worker=2 qk0_bits=0x0 rowmax0_bits=0x0 rowsum0_bits=0x0 l0_bits=0x0 core_o0_bits=0x0 inv_l0_bits=0x0 scaled_o0_bits=0x0 p0_first_bits=0x0 p0_last_bits=0x0 sum0_first_bits=0x0 sum0_last_bits=0x0 masked_p_nonzero=0 tail_p_nonzero=0 scna_clamp_count=0 score_count=0 centered_score_min=0 centered_score_max=0 final_m0_bits=0x0 final_l0_bits=0x0 final_core_o0_bits=0x0 p_expected_sum_bits=0x0 p_max_abs_error_bits=0x0
FIG8_NUMERIC_QK8 seed=20260811 mode=baseline layout=serial kv_head=1 bits=0x0,0x0,0x0,0x0,0x0,0x0,0x0,0x0
FIG8_NUMERIC_P8 seed=20260811 mode=baseline layout=serial kv_head=1 centered_bits=0x0,0x0,0x0,0x0,0x0,0x0,0x0,0x0 p_bits=0x0,0x0,0x0,0x0,0x0,0x0,0x0,0x0
FIG8_ATTENTION_TIMERS mode=baseline layout=serial phase=warmup iteration=0 lut_exp=0 scna_layout=0 scna_width=0 qo_len=1 kv_len=4096 n_heads=12 n_kv_heads=2 head_dim=128 kv_head=0 worker=0 profiled_total=657 q_load=1 k_load=80 v_load=106 qk_dot=3 safe_sm=464 scna_exp=0 core_acc=3 o_scale=0 o_store=0
FIG8_NUMERIC seed=20260811 mode=baseline layout=serial kv_head=0 worker=0 qk0_bits=0xb8af rowmax0_bits=0x3a38 rowsum0_bits=0x61e9 l0_bits=0x61e9 core_o0_bits=0x4544 inv_l0_bits=0xefc scaled_o0_bits=0x136c p0_first_bits=0x3892 p0_last_bits=0x0 sum0_first_bits=0x43bd4b51 sum0_last_bits=0x43bd11c1 masked_p_nonzero=0 tail_p_nonzero=0 scna_clamp_count=0 score_count=4093 centered_score_min=-1.56787109 centered_score_max=0 final_m0_bits=0x3a9e final_l0_bits=0x688e final_core_o0_bits=0x4040 p_expected_sum_bits=0x4514be04 p_max_abs_error_bits=0x3a54f800
FIG8_NUMERIC_BLOCK seed=20260811 mode=baseline layout=serial kv_head=0 block=0 m0_bits=0x3a38 rowsum0_bits=0x61e9 l0_bits=0x61e9 p_scalar_sum_bits=0x443d4350 reduction_min_bits=0x43bc4f21 reduction_max_bits=0x43be2351
FIG8_NUMERIC_BLOCK seed=20260811 mode=baseline layout=serial kv_head=0 block=1 m0_bits=0x3a4d rowsum0_bits=0x61d6 l0_bits=0x65da p_scalar_sum_bits=0x443ad354 reduction_min_bits=0x43b8d611 reduction_max_bits=0x43bcbc31
FIG8_NUMERIC_BLOCK seed=20260811 mode=baseline layout=serial kv_head=0 block=2 m0_bits=0x3a9e rowsum0_bits=0x61b5 l0_bits=0x6846 p_scalar_sum_bits=0x44369448 reduction_min_bits=0x43b42bc1 reduction_max_bits=0x43b8e9d1
FIG8_NUMERIC_BLOCK seed=20260811 mode=baseline layout=serial kv_head=0 block=3 m0_bits=0x3a9e rowsum0_bits=0x5881 l0_bits=0x688e p_scalar_sum_bits=0x4310a7d0 reduction_min_bits=0x428de641 reduction_max_bits=0x42935601
FIG8_NUMERIC_QK8 seed=20260811 mode=baseline layout=serial kv_head=0 bits=0xb8af,0xad4e,0x2df0,0xaa9f,0xac0b,0xb47d,0xb4fe,0xb267
FIG8_NUMERIC_P8 seed=20260811 mode=baseline layout=serial kv_head=0 centered_bits=0xbd74,0xbae2,0xb97a,0xbaa2,0xbab9,0xbc3b,0xbc5c,0xbbd2 p_bits=0x3638,0x3868,0x38fa,0x3880,0x3878,0x37b0,0x3784,0x380f
FIG8_ATTENTION_EVENT_COUNT mode=baseline qo_len=1 phase=warmup iteration=0 events=46 max_events=1160 overflow=0
FIG8_ATTENTION_CHECKSUM mode=baseline layout=serial scna_width=8 seed=20260811 phase=warmup iteration=0 checksum=0xd08b0432c9427608
FIG8_ATTENTION_HOST_TIMING mode=baseline layout=serial scna_width=8 seed=20260811 mask_mode=padding qo_len=1 kv_len=4096 n_heads=12 n_kv_heads=2 head_dim=128 phase=measure iteration=0 host_elapsed_us=858 ret=0
FIG8_ATTENTION_PROFILE_COUNT mode=baseline qo_len=1 phase=measure iteration=0 records=2 max_records=10
FIG8_ATTENTION_TIMERS mode=baseline layout=serial phase=measure iteration=0 lut_exp=0 scna_layout=0 scna_width=0 qo_len=1 kv_len=4096 n_heads=12 n_kv_heads=2 head_dim=128 kv_head=1 worker=1 profiled_total=230 q_load=1 k_load=88 v_load=89 qk_dot=2 safe_sm=40 scna_exp=0 core_acc=4 o_scale=3 o_store=3
FIG8_NUMERIC seed=20260811 mode=baseline layout=serial kv_head=1 worker=1 qk0_bits=0x0 rowmax0_bits=0x0 rowsum0_bits=0x0 l0_bits=0x0 core_o0_bits=0x0 inv_l0_bits=0x0 scaled_o0_bits=0x0 p0_first_bits=0x0 p0_last_bits=0x0 sum0_first_bits=0x0 sum0_last_bits=0x0 masked_p_nonzero=0 tail_p_nonzero=0 scna_clamp_count=0 score_count=0 centered_score_min=0 centered_score_max=0 final_m0_bits=0x0 final_l0_bits=0x0 final_core_o0_bits=0x0 p_expected_sum_bits=0x0 p_max_abs_error_bits=0x0
FIG8_NUMERIC_QK8 seed=20260811 mode=baseline layout=serial kv_head=1 bits=0x0,0x0,0x0,0x0,0x0,0x0,0x0,0x0
FIG8_NUMERIC_P8 seed=20260811 mode=baseline layout=serial kv_head=1 centered_bits=0x0,0x0,0x0,0x0,0x0,0x0,0x0,0x0 p_bits=0x0,0x0,0x0,0x0,0x0,0x0,0x0,0x0
FIG8_ATTENTION_TIMERS mode=baseline layout=serial phase=measure iteration=0 lut_exp=0 scna_layout=0 scna_width=0 qo_len=1 kv_len=4096 n_heads=12 n_kv_heads=2 head_dim=128 kv_head=0 worker=3 profiled_total=634 q_load=1 k_load=79 v_load=98 qk_dot=1 safe_sm=451 scna_exp=0 core_acc=3 o_scale=1 o_store=0
FIG8_NUMERIC seed=20260811 mode=baseline layout=serial kv_head=0 worker=3 qk0_bits=0xb8af rowmax0_bits=0x3a38 rowsum0_bits=0x61e9 l0_bits=0x61e9 core_o0_bits=0x4544 inv_l0_bits=0xefc scaled_o0_bits=0x136c p0_first_bits=0x3892 p0_last_bits=0x0 sum0_first_bits=0x43bd4b51 sum0_last_bits=0x43bd11c1 masked_p_nonzero=0 tail_p_nonzero=0 scna_clamp_count=0 score_count=4093 centered_score_min=-1.56787109 centered_score_max=0 final_m0_bits=0x3a9e final_l0_bits=0x688e final_core_o0_bits=0x4040 p_expected_sum_bits=0x4514be04 p_max_abs_error_bits=0x3a54f800
FIG8_NUMERIC_BLOCK seed=20260811 mode=baseline layout=serial kv_head=0 block=0 m0_bits=0x3a38 rowsum0_bits=0x61e9 l0_bits=0x61e9 p_scalar_sum_bits=0x443d4350 reduction_min_bits=0x43bc4f21 reduction_max_bits=0x43be2351
FIG8_NUMERIC_BLOCK seed=20260811 mode=baseline layout=serial kv_head=0 block=1 m0_bits=0x3a4d rowsum0_bits=0x61d6 l0_bits=0x65da p_scalar_sum_bits=0x443ad354 reduction_min_bits=0x43b8d611 reduction_max_bits=0x43bcbc31
FIG8_NUMERIC_BLOCK seed=20260811 mode=baseline layout=serial kv_head=0 block=2 m0_bits=0x3a9e rowsum0_bits=0x61b5 l0_bits=0x6846 p_scalar_sum_bits=0x44369448 reduction_min_bits=0x43b42bc1 reduction_max_bits=0x43b8e9d1
FIG8_NUMERIC_BLOCK seed=20260811 mode=baseline layout=serial kv_head=0 block=3 m0_bits=0x3a9e rowsum0_bits=0x5881 l0_bits=0x688e p_scalar_sum_bits=0x4310a7d0 reduction_min_bits=0x428de641 reduction_max_bits=0x42935601
FIG8_NUMERIC_QK8 seed=20260811 mode=baseline layout=serial kv_head=0 bits=0xb8af,0xad4e,0x2df0,0xaa9f,0xac0b,0xb47d,0xb4fe,0xb267
FIG8_NUMERIC_P8 seed=20260811 mode=baseline layout=serial kv_head=0 centered_bits=0xbd74,0xbae2,0xb97a,0xbaa2,0xbab9,0xbc3b,0xbc5c,0xbbd2 p_bits=0x3638,0x3868,0x38fa,0x3880,0x3878,0x37b0,0x3784,0x380f
FIG8_ATTENTION_EVENT_COUNT mode=baseline qo_len=1 phase=measure iteration=0 events=46 max_events=1160 overflow=0
FIG8_ATTENTION_CHECKSUM mode=baseline layout=serial scna_width=8 seed=20260811 phase=measure iteration=0 checksum=0xd08b0432c9427608
FIG8_ATTENTION_REFERENCE_TIMING reference_mode=host-fp32 qo_len=1 kv_len=4096 n_heads=12 n_kv_heads=2 head_dim=128 elapsed_us=31238 ret=0
FIG8_ATTENTION_COMPARE candidate_mode=baseline layout=serial scna_width=8 reference_mode=host-fp32 seed=20260811 mask_mode=padding qo_len=1 kv_len=4096 n_heads=12 n_kv_heads=2 head_dim=128 elements=1536 rmse=2.90170465e-05 relative_l2=0.00645330874 max_abs_error=0.00012753997 candidate_nonfinite=0 reference_nonfinite=0 rmse_limit=0.002 max_abs_limit=0.01 pass=1
FIG8_ATTENTION_COMPARE_HEAD seed=20260811 mode=baseline layout=serial head=0 rmse=2.23653897e-05 max_abs_error=6.71287999e-05 candidate_first=0.000905990659 reference_first=0.000911117357
FIG8_ATTENTION_COMPARE_HEAD seed=20260811 mode=baseline layout=serial head=1 rmse=2.6081625e-05 max_abs_error=7.20797107e-05 candidate_first=-2.55107807e-05 reference_first=-2.70206401e-05
FIG8_ATTENTION_COMPARE_HEAD seed=20260811 mode=baseline layout=serial head=2 rmse=2.73501155e-05 max_abs_error=8.43694434e-05 candidate_first=0.000965118466 reference_first=0.000972026319
FIG8_ATTENTION_COMPARE_HEAD seed=20260811 mode=baseline layout=serial head=3 rmse=3.85527565e-05 max_abs_error=0.000126156956 candidate_first=0.000290870696 reference_first=0.00029234431
FIG8_ATTENTION_COMPARE_HEAD seed=20260811 mode=baseline layout=serial head=4 rmse=1.54909594e-05 max_abs_error=5.03156334e-05 candidate_first=-0.000786781253 reference_first=-0.000791901955
FIG8_ATTENTION_COMPARE_HEAD seed=20260811 mode=baseline layout=serial head=5 rmse=3.30153889e-05 max_abs_error=8.86367634e-05 candidate_first=-0.000572204532 reference_first=-0.000576179184
FIG8_ATTENTION_COMPARE_HEAD seed=20260811 mode=baseline layout=serial head=6 rmse=2.01301045e-05 max_abs_error=7.04508275e-05 candidate_first=0.00485992478 reference_first=0.00488774525
FIG8_ATTENTION_COMPARE_HEAD seed=20260811 mode=baseline layout=serial head=7 rmse=9.65409072e-06 max_abs_error=3.06880102e-05 candidate_first=0.00576019334 reference_first=0.00577411056
FIG8_ATTENTION_COMPARE_HEAD seed=20260811 mode=baseline layout=serial head=8 rmse=1.6149188e-05 max_abs_error=4.51626256e-05 candidate_first=0.0051116948 reference_first=0.005135905
FIG8_ATTENTION_COMPARE_HEAD seed=20260811 mode=baseline layout=serial head=9 rmse=3.11531039e-05 max_abs_error=9.51709226e-05 candidate_first=0.00544738816 reference_first=0.00548317516
FIG8_ATTENTION_COMPARE_HEAD seed=20260811 mode=baseline layout=serial head=10 rmse=4.6433277e-05 max_abs_error=0.00012753997 candidate_first=0.00561523484 reference_first=0.00567661924
FIG8_ATTENTION_COMPARE_HEAD seed=20260811 mode=baseline layout=serial head=11 rmse=3.83834886e-05 max_abs_error=0.000106127933 candidate_first=0.00527191209 reference_first=0.0053197844
