SCNA_PROVENANCE binary_sha256=e7e92f0844244257f736e4af9df5fa85e069cc531b7722b1c27dcebb1d2f310f host_sha256=cb266c4a825450b84f9b1cc6a93722a4bf5984ddec807af955c13c773bca6288 header_sha256=41b4153195ee11b7c19f8ab4f41bc40bfc493dc5be1a8b0b4403c7272cd6db14 isa=v79 sdk=6.6 tools=19.0.07
FIG8_ATTENTION_CONFIG mode=scna-fp16 layout=lane8 variant=current scna_width=8 seed=20260810 mask_mode=full qo_len=4 kv_len=4093 kv_pad_len=4096 n_heads=12 n_kv_heads=2 head_dim=128 warmup=1 iters=10 q_size=24576 kv_size=2095616 mask_size=32768 profile_size=345600 profile_max_records=10 profile_max_events=4256 mode_flags=92 print_events=0
FIG8_ATTENTION_HOST_TIMING mode=scna-fp16 layout=lane8 scna_width=8 seed=20260810 mask_mode=full qo_len=4 kv_len=4093 n_heads=12 n_kv_heads=2 head_dim=128 phase=warmup iteration=0 host_elapsed_us=1259 ret=0
FIG8_ATTENTION_PROFILE_COUNT mode=scna-fp16 qo_len=4 phase=warmup iteration=0 records=2 max_records=10
FIG8_ATTENTION_TIMERS mode=scna-fp16 layout=lane8 phase=warmup iteration=0 lut_exp=0 scna_layout=1 scna_width=8 qo_len=4 kv_len=4093 n_heads=12 n_kv_heads=2 head_dim=128 kv_head=1 worker=4 profiled_total=588 q_load=2 k_load=113 v_load=116 qk_dot=1 safe_sm=340 scna_exp=291 core_acc=10 o_scale=3 o_store=3
FIG8_NUMERIC seed=20260810 mode=scna-fp16 layout=lane8 kv_head=1 worker=4 qk0_bits=0x0 rowmax0_bits=0x0 rowsum0_bits=0x0 l0_bits=0x0 core_o0_bits=0x0 inv_l0_bits=0x0 scaled_o0_bits=0x0 p0_first_bits=0x0 p0_last_bits=0x0 sum0_first_bits=0x0 sum0_last_bits=0x0 masked_p_nonzero=0 tail_p_nonzero=0 scna_clamp_count=0 score_count=0 centered_score_min=0 centered_score_max=0 final_m0_bits=0x0 final_l0_bits=0x0 final_core_o0_bits=0x0 p_expected_sum_bits=0x0 p_max_abs_error_bits=0x0
FIG8_NUMERIC_QK8 seed=20260810 mode=scna-fp16 layout=lane8 kv_head=1 bits=0x0,0x0,0x0,0x0,0x0,0x0,0x0,0x0
FIG8_NUMERIC_P8 seed=20260810 mode=scna-fp16 layout=lane8 kv_head=1 centered_bits=0x0,0x0,0x0,0x0,0x0,0x0,0x0,0x0 p_bits=0x0,0x0,0x0,0x0,0x0,0x0,0x0,0x0
FIG8_ATTENTION_TIMERS mode=scna-fp16 layout=lane8 phase=warmup iteration=0 lut_exp=0 scna_layout=1 scna_width=8 qo_len=4 kv_len=4093 n_heads=12 n_kv_heads=2 head_dim=128 kv_head=0 worker=1 profiled_total=980 q_load=2 k_load=101 v_load=122 qk_dot=2 safe_sm=747 scna_exp=707 core_acc=4 o_scale=1 o_store=1
FIG8_NUMERIC seed=20260810 mode=scna-fp16 layout=lane8 kv_head=0 worker=1 qk0_bits=0xb8af rowmax0_bits=0x3a38 rowsum0_bits=0x634c l0_bits=0x634c core_o0_bits=0xc95f inv_l0_bits=0xd90 scaled_o0_bits=0x9bdb p0_first_bits=0x39c1 p0_last_bits=0x0 sum0_first_bits=0x43e9bc11 sum0_last_bits=0x43e98e91 masked_p_nonzero=0 tail_p_nonzero=0 scna_clamp_count=0 score_count=4093 centered_score_min=-1.56787109 centered_score_max=0 final_m0_bits=0x3a9e final_l0_bits=0x69b6 final_core_o0_bits=0xc9a6 p_expected_sum_bits=0x4514be04 p_max_abs_error_bits=0x3e1c9c9c
FIG8_NUMERIC_BLOCK seed=20260810 mode=scna-fp16 layout=lane8 kv_head=0 block=0 m0_bits=0x3a38 rowsum0_bits=0x634c l0_bits=0x634c p_scalar_sum_bits=0x4469b27c reduction_min_bits=0x43e8d231 reduction_max_bits=0x43ea6df1
FIG8_NUMERIC_BLOCK seed=20260810 mode=scna-fp16 layout=lane8 kv_head=0 block=1 m0_bits=0x3a4d rowsum0_bits=0x633c l0_bits=0x6741 p_scalar_sum_bits=0x44679428 reduction_min_bits=0x43e5dff1 reduction_max_bits=0x43e922a1
FIG8_NUMERIC_BLOCK seed=20260810 mode=scna-fp16 layout=lane8 kv_head=0 block=2 m0_bits=0x3a9e rowsum0_bits=0x631e l0_bits=0x695c p_scalar_sum_bits=0x4463d8dc reduction_min_bits=0x43e1b731 reduction_max_bits=0x43e5d481
FIG8_NUMERIC_BLOCK seed=20260810 mode=scna-fp16 layout=lane8 kv_head=0 block=3 m0_bits=0x3a9e rowsum0_bits=0x599e l0_bits=0x69b6 p_scalar_sum_bits=0x43347a40 reduction_min_bits=0x42b168c1 reduction_max_bits=0x42b77141
FIG8_NUMERIC_QK8 seed=20260810 mode=scna-fp16 layout=lane8 kv_head=0 bits=0xb8af,0xad4e,0x2df0,0xaa9f,0xac0b,0xb47d,0xb4fe,0xb267
FIG8_NUMERIC_P8 seed=20260810 mode=scna-fp16 layout=lane8 kv_head=0 centered_bits=0xbd74,0xbae2,0xb97a,0xbaa2,0xbab9,0xbc3b,0xbc5c,0xbbd2 p_bits=0x3835,0x399c,0x3a19,0x39b1,0x39ab,0x390f,0x38f8,0x3948
FIG8_ATTENTION_EVENT_COUNT mode=scna-fp16 qo_len=4 phase=warmup iteration=0 events=150 max_events=4256 overflow=0
FIG8_ATTENTION_CHECKSUM mode=scna-fp16 layout=lane8 scna_width=8 seed=20260810 phase=warmup iteration=0 checksum=0xcafd0a6c2472b281
FIG8_ATTENTION_HOST_TIMING mode=scna-fp16 layout=lane8 scna_width=8 seed=20260810 mask_mode=full qo_len=4 kv_len=4093 n_heads=12 n_kv_heads=2 head_dim=128 phase=measure iteration=0 host_elapsed_us=1225 ret=0
FIG8_ATTENTION_PROFILE_COUNT mode=scna-fp16 qo_len=4 phase=measure iteration=0 records=2 max_records=10
FIG8_ATTENTION_TIMERS mode=scna-fp16 layout=lane8 phase=measure iteration=0 lut_exp=0 scna_layout=1 scna_width=8 qo_len=4 kv_len=4093 n_heads=12 n_kv_heads=2 head_dim=128 kv_head=1 worker=3 profiled_total=562 q_load=2 k_load=104 v_load=101 qk_dot=1 safe_sm=342 scna_exp=289 core_acc=8 o_scale=2 o_store=2
FIG8_NUMERIC seed=20260810 mode=scna-fp16 layout=lane8 kv_head=1 worker=3 qk0_bits=0x0 rowmax0_bits=0x0 rowsum0_bits=0x0 l0_bits=0x0 core_o0_bits=0x0 inv_l0_bits=0x0 scaled_o0_bits=0x0 p0_first_bits=0x0 p0_last_bits=0x0 sum0_first_bits=0x0 sum0_last_bits=0x0 masked_p_nonzero=0 tail_p_nonzero=0 scna_clamp_count=0 score_count=0 centered_score_min=0 centered_score_max=0 final_m0_bits=0x0 final_l0_bits=0x0 final_core_o0_bits=0x0 p_expected_sum_bits=0x0 p_max_abs_error_bits=0x0
FIG8_NUMERIC_QK8 seed=20260810 mode=scna-fp16 layout=lane8 kv_head=1 bits=0x0,0x0,0x0,0x0,0x0,0x0,0x0,0x0
FIG8_NUMERIC_P8 seed=20260810 mode=scna-fp16 layout=lane8 kv_head=1 centered_bits=0x0,0x0,0x0,0x0,0x0,0x0,0x0,0x0 p_bits=0x0,0x0,0x0,0x0,0x0,0x0,0x0,0x0
FIG8_ATTENTION_TIMERS mode=scna-fp16 layout=lane8 phase=measure iteration=0 lut_exp=0 scna_layout=1 scna_width=8 qo_len=4 kv_len=4093 n_heads=12 n_kv_heads=2 head_dim=128 kv_head=0 worker=0 profiled_total=960 q_load=2 k_load=103 v_load=107 qk_dot=2 safe_sm=741 scna_exp=699 core_acc=4 o_scale=0 o_store=1
FIG8_NUMERIC seed=20260810 mode=scna-fp16 layout=lane8 kv_head=0 worker=0 qk0_bits=0xb8af rowmax0_bits=0x3a38 rowsum0_bits=0x634c l0_bits=0x634c core_o0_bits=0xc95f inv_l0_bits=0xd90 scaled_o0_bits=0x9bdb p0_first_bits=0x39c1 p0_last_bits=0x0 sum0_first_bits=0x43e9bc11 sum0_last_bits=0x43e98e91 masked_p_nonzero=0 tail_p_nonzero=0 scna_clamp_count=0 score_count=4093 centered_score_min=-1.56787109 centered_score_max=0 final_m0_bits=0x3a9e final_l0_bits=0x69b6 final_core_o0_bits=0xc9a6 p_expected_sum_bits=0x4514be04 p_max_abs_error_bits=0x3e1c9c9c
FIG8_NUMERIC_BLOCK seed=20260810 mode=scna-fp16 layout=lane8 kv_head=0 block=0 m0_bits=0x3a38 rowsum0_bits=0x634c l0_bits=0x634c p_scalar_sum_bits=0x4469b27c reduction_min_bits=0x43e8d231 reduction_max_bits=0x43ea6df1
FIG8_NUMERIC_BLOCK seed=20260810 mode=scna-fp16 layout=lane8 kv_head=0 block=1 m0_bits=0x3a4d rowsum0_bits=0x633c l0_bits=0x6741 p_scalar_sum_bits=0x44679428 reduction_min_bits=0x43e5dff1 reduction_max_bits=0x43e922a1
FIG8_NUMERIC_BLOCK seed=20260810 mode=scna-fp16 layout=lane8 kv_head=0 block=2 m0_bits=0x3a9e rowsum0_bits=0x631e l0_bits=0x695c p_scalar_sum_bits=0x4463d8dc reduction_min_bits=0x43e1b731 reduction_max_bits=0x43e5d481
FIG8_NUMERIC_BLOCK seed=20260810 mode=scna-fp16 layout=lane8 kv_head=0 block=3 m0_bits=0x3a9e rowsum0_bits=0x599e l0_bits=0x69b6 p_scalar_sum_bits=0x43347a40 reduction_min_bits=0x42b168c1 reduction_max_bits=0x42b77141
FIG8_NUMERIC_QK8 seed=20260810 mode=scna-fp16 layout=lane8 kv_head=0 bits=0xb8af,0xad4e,0x2df0,0xaa9f,0xac0b,0xb47d,0xb4fe,0xb267
FIG8_NUMERIC_P8 seed=20260810 mode=scna-fp16 layout=lane8 kv_head=0 centered_bits=0xbd74,0xbae2,0xb97a,0xbaa2,0xbab9,0xbc3b,0xbc5c,0xbbd2 p_bits=0x3835,0x399c,0x3a19,0x39b1,0x39ab,0x390f,0x38f8,0x3948
FIG8_ATTENTION_EVENT_COUNT mode=scna-fp16 qo_len=4 phase=measure iteration=0 events=150 max_events=4256 overflow=0
FIG8_ATTENTION_CHECKSUM mode=scna-fp16 layout=lane8 scna_width=8 seed=20260810 phase=measure iteration=0 checksum=0xcafd0a6c2472b281
FIG8_ATTENTION_HOST_TIMING mode=scna-fp16 layout=lane8 scna_width=8 seed=20260810 mask_mode=full qo_len=4 kv_len=4093 n_heads=12 n_kv_heads=2 head_dim=128 phase=measure iteration=1 host_elapsed_us=1305 ret=0
FIG8_ATTENTION_PROFILE_COUNT mode=scna-fp16 qo_len=4 phase=measure iteration=1 records=2 max_records=10
FIG8_ATTENTION_TIMERS mode=scna-fp16 layout=lane8 phase=measure iteration=1 lut_exp=0 scna_layout=1 scna_width=8 qo_len=4 kv_len=4093 n_heads=12 n_kv_heads=2 head_dim=128 kv_head=1 worker=5 profiled_total=557 q_load=2 k_load=98 v_load=100 qk_dot=1 safe_sm=342 scna_exp=292 core_acc=10 o_scale=2 o_store=2
FIG8_NUMERIC seed=20260810 mode=scna-fp16 layout=lane8 kv_head=1 worker=5 qk0_bits=0x0 rowmax0_bits=0x0 rowsum0_bits=0x0 l0_bits=0x0 core_o0_bits=0x0 inv_l0_bits=0x0 scaled_o0_bits=0x0 p0_first_bits=0x0 p0_last_bits=0x0 sum0_first_bits=0x0 sum0_last_bits=0x0 masked_p_nonzero=0 tail_p_nonzero=0 scna_clamp_count=0 score_count=0 centered_score_min=0 centered_score_max=0 final_m0_bits=0x0 final_l0_bits=0x0 final_core_o0_bits=0x0 p_expected_sum_bits=0x0 p_max_abs_error_bits=0x0
FIG8_NUMERIC_QK8 seed=20260810 mode=scna-fp16 layout=lane8 kv_head=1 bits=0x0,0x0,0x0,0x0,0x0,0x0,0x0,0x0
FIG8_NUMERIC_P8 seed=20260810 mode=scna-fp16 layout=lane8 kv_head=1 centered_bits=0x0,0x0,0x0,0x0,0x0,0x0,0x0,0x0 p_bits=0x0,0x0,0x0,0x0,0x0,0x0,0x0,0x0
FIG8_ATTENTION_TIMERS mode=scna-fp16 layout=lane8 phase=measure iteration=1 lut_exp=0 scna_layout=1 scna_width=8 qo_len=4 kv_len=4093 n_heads=12 n_kv_heads=2 head_dim=128 kv_head=0 worker=1 profiled_total=949 q_load=2 k_load=99 v_load=107 qk_dot=2 safe_sm=733 scna_exp=697 core_acc=4 o_scale=1 o_store=1
FIG8_NUMERIC seed=20260810 mode=scna-fp16 layout=lane8 kv_head=0 worker=1 qk0_bits=0xb8af rowmax0_bits=0x3a38 rowsum0_bits=0x634c l0_bits=0x634c core_o0_bits=0xc95f inv_l0_bits=0xd90 scaled_o0_bits=0x9bdb p0_first_bits=0x39c1 p0_last_bits=0x0 sum0_first_bits=0x43e9bc11 sum0_last_bits=0x43e98e91 masked_p_nonzero=0 tail_p_nonzero=0 scna_clamp_count=0 score_count=4093 centered_score_min=-1.56787109 centered_score_max=0 final_m0_bits=0x3a9e final_l0_bits=0x69b6 final_core_o0_bits=0xc9a6 p_expected_sum_bits=0x4514be04 p_max_abs_error_bits=0x3e1c9c9c
FIG8_NUMERIC_BLOCK seed=20260810 mode=scna-fp16 layout=lane8 kv_head=0 block=0 m0_bits=0x3a38 rowsum0_bits=0x634c l0_bits=0x634c p_scalar_sum_bits=0x4469b27c reduction_min_bits=0x43e8d231 reduction_max_bits=0x43ea6df1
FIG8_NUMERIC_BLOCK seed=20260810 mode=scna-fp16 layout=lane8 kv_head=0 block=1 m0_bits=0x3a4d rowsum0_bits=0x633c l0_bits=0x6741 p_scalar_sum_bits=0x44679428 reduction_min_bits=0x43e5dff1 reduction_max_bits=0x43e922a1
FIG8_NUMERIC_BLOCK seed=20260810 mode=scna-fp16 layout=lane8 kv_head=0 block=2 m0_bits=0x3a9e rowsum0_bits=0x631e l0_bits=0x695c p_scalar_sum_bits=0x4463d8dc reduction_min_bits=0x43e1b731 reduction_max_bits=0x43e5d481
FIG8_NUMERIC_BLOCK seed=20260810 mode=scna-fp16 layout=lane8 kv_head=0 block=3 m0_bits=0x3a9e rowsum0_bits=0x599e l0_bits=0x69b6 p_scalar_sum_bits=0x43347a40 reduction_min_bits=0x42b168c1 reduction_max_bits=0x42b77141
FIG8_NUMERIC_QK8 seed=20260810 mode=scna-fp16 layout=lane8 kv_head=0 bits=0xb8af,0xad4e,0x2df0,0xaa9f,0xac0b,0xb47d,0xb4fe,0xb267
FIG8_NUMERIC_P8 seed=20260810 mode=scna-fp16 layout=lane8 kv_head=0 centered_bits=0xbd74,0xbae2,0xb97a,0xbaa2,0xbab9,0xbc3b,0xbc5c,0xbbd2 p_bits=0x3835,0x399c,0x3a19,0x39b1,0x39ab,0x390f,0x38f8,0x3948
FIG8_ATTENTION_EVENT_COUNT mode=scna-fp16 qo_len=4 phase=measure iteration=1 events=150 max_events=4256 overflow=0
FIG8_ATTENTION_CHECKSUM mode=scna-fp16 layout=lane8 scna_width=8 seed=20260810 phase=measure iteration=1 checksum=0xcafd0a6c2472b281
FIG8_ATTENTION_HOST_TIMING mode=scna-fp16 layout=lane8 scna_width=8 seed=20260810 mask_mode=full qo_len=4 kv_len=4093 n_heads=12 n_kv_heads=2 head_dim=128 phase=measure iteration=2 host_elapsed_us=1285 ret=0
FIG8_ATTENTION_PROFILE_COUNT mode=scna-fp16 qo_len=4 phase=measure iteration=2 records=2 max_records=10
FIG8_ATTENTION_TIMERS mode=scna-fp16 layout=lane8 phase=measure iteration=2 lut_exp=0 scna_layout=1 scna_width=8 qo_len=4 kv_len=4093 n_heads=12 n_kv_heads=2 head_dim=128 kv_head=1 worker=4 profiled_total=541 q_load=2 k_load=91 v_load=101 qk_dot=1 safe_sm=334 scna_exp=289 core_acc=8 o_scale=2 o_store=2
FIG8_NUMERIC seed=20260810 mode=scna-fp16 layout=lane8 kv_head=1 worker=4 qk0_bits=0x0 rowmax0_bits=0x0 rowsum0_bits=0x0 l0_bits=0x0 core_o0_bits=0x0 inv_l0_bits=0x0 scaled_o0_bits=0x0 p0_first_bits=0x0 p0_last_bits=0x0 sum0_first_bits=0x0 sum0_last_bits=0x0 masked_p_nonzero=0 tail_p_nonzero=0 scna_clamp_count=0 score_count=0 centered_score_min=0 centered_score_max=0 final_m0_bits=0x0 final_l0_bits=0x0 final_core_o0_bits=0x0 p_expected_sum_bits=0x0 p_max_abs_error_bits=0x0
FIG8_NUMERIC_QK8 seed=20260810 mode=scna-fp16 layout=lane8 kv_head=1 bits=0x0,0x0,0x0,0x0,0x0,0x0,0x0,0x0
FIG8_NUMERIC_P8 seed=20260810 mode=scna-fp16 layout=lane8 kv_head=1 centered_bits=0x0,0x0,0x0,0x0,0x0,0x0,0x0,0x0 p_bits=0x0,0x0,0x0,0x0,0x0,0x0,0x0,0x0
FIG8_ATTENTION_TIMERS mode=scna-fp16 layout=lane8 phase=measure iteration=2 lut_exp=0 scna_layout=1 scna_width=8 qo_len=4 kv_len=4093 n_heads=12 n_kv_heads=2 head_dim=128 kv_head=0 worker=0 profiled_total=958 q_load=2 k_load=96 v_load=109 qk_dot=1 safe_sm=743 scna_exp=704 core_acc=6 o_scale=0 o_store=1
FIG8_NUMERIC seed=20260810 mode=scna-fp16 layout=lane8 kv_head=0 worker=0 qk0_bits=0xb8af rowmax0_bits=0x3a38 rowsum0_bits=0x634c l0_bits=0x634c core_o0_bits=0xc95f inv_l0_bits=0xd90 scaled_o0_bits=0x9bdb p0_first_bits=0x39c1 p0_last_bits=0x0 sum0_first_bits=0x43e9bc11 sum0_last_bits=0x43e98e91 masked_p_nonzero=0 tail_p_nonzero=0 scna_clamp_count=0 score_count=4093 centered_score_min=-1.56787109 centered_score_max=0 final_m0_bits=0x3a9e final_l0_bits=0x69b6 final_core_o0_bits=0xc9a6 p_expected_sum_bits=0x4514be04 p_max_abs_error_bits=0x3e1c9c9c
FIG8_NUMERIC_BLOCK seed=20260810 mode=scna-fp16 layout=lane8 kv_head=0 block=0 m0_bits=0x3a38 rowsum0_bits=0x634c l0_bits=0x634c p_scalar_sum_bits=0x4469b27c reduction_min_bits=0x43e8d231 reduction_max_bits=0x43ea6df1
FIG8_NUMERIC_BLOCK seed=20260810 mode=scna-fp16 layout=lane8 kv_head=0 block=1 m0_bits=0x3a4d rowsum0_bits=0x633c l0_bits=0x6741 p_scalar_sum_bits=0x44679428 reduction_min_bits=0x43e5dff1 reduction_max_bits=0x43e922a1
FIG8_NUMERIC_BLOCK seed=20260810 mode=scna-fp16 layout=lane8 kv_head=0 block=2 m0_bits=0x3a9e rowsum0_bits=0x631e l0_bits=0x695c p_scalar_sum_bits=0x4463d8dc reduction_min_bits=0x43e1b731 reduction_max_bits=0x43e5d481
FIG8_NUMERIC_BLOCK seed=20260810 mode=scna-fp16 layout=lane8 kv_head=0 block=3 m0_bits=0x3a9e rowsum0_bits=0x599e l0_bits=0x69b6 p_scalar_sum_bits=0x43347a40 reduction_min_bits=0x42b168c1 reduction_max_bits=0x42b77141
FIG8_NUMERIC_QK8 seed=20260810 mode=scna-fp16 layout=lane8 kv_head=0 bits=0xb8af,0xad4e,0x2df0,0xaa9f,0xac0b,0xb47d,0xb4fe,0xb267
FIG8_NUMERIC_P8 seed=20260810 mode=scna-fp16 layout=lane8 kv_head=0 centered_bits=0xbd74,0xbae2,0xb97a,0xbaa2,0xbab9,0xbc3b,0xbc5c,0xbbd2 p_bits=0x3835,0x399c,0x3a19,0x39b1,0x39ab,0x390f,0x38f8,0x3948
FIG8_ATTENTION_EVENT_COUNT mode=scna-fp16 qo_len=4 phase=measure iteration=2 events=150 max_events=4256 overflow=0
FIG8_ATTENTION_CHECKSUM mode=scna-fp16 layout=lane8 scna_width=8 seed=20260810 phase=measure iteration=2 checksum=0xcafd0a6c2472b281
FIG8_ATTENTION_HOST_TIMING mode=scna-fp16 layout=lane8 scna_width=8 seed=20260810 mask_mode=full qo_len=4 kv_len=4093 n_heads=12 n_kv_heads=2 head_dim=128 phase=measure iteration=3 host_elapsed_us=1281 ret=0
FIG8_ATTENTION_PROFILE_COUNT mode=scna-fp16 qo_len=4 phase=measure iteration=3 records=2 max_records=10
FIG8_ATTENTION_TIMERS mode=scna-fp16 layout=lane8 phase=measure iteration=3 lut_exp=0 scna_layout=1 scna_width=8 qo_len=4 kv_len=4093 n_heads=12 n_kv_heads=2 head_dim=128 kv_head=1 worker=3 profiled_total=558 q_load=2 k_load=105 v_load=101 qk_dot=2 safe_sm=335 scna_exp=288 core_acc=9 o_scale=2 o_store=2
FIG8_NUMERIC seed=20260810 mode=scna-fp16 layout=lane8 kv_head=1 worker=3 qk0_bits=0x0 rowmax0_bits=0x0 rowsum0_bits=0x0 l0_bits=0x0 core_o0_bits=0x0 inv_l0_bits=0x0 scaled_o0_bits=0x0 p0_first_bits=0x0 p0_last_bits=0x0 sum0_first_bits=0x0 sum0_last_bits=0x0 masked_p_nonzero=0 tail_p_nonzero=0 scna_clamp_count=0 score_count=0 centered_score_min=0 centered_score_max=0 final_m0_bits=0x0 final_l0_bits=0x0 final_core_o0_bits=0x0 p_expected_sum_bits=0x0 p_max_abs_error_bits=0x0
FIG8_NUMERIC_QK8 seed=20260810 mode=scna-fp16 layout=lane8 kv_head=1 bits=0x0,0x0,0x0,0x0,0x0,0x0,0x0,0x0
FIG8_NUMERIC_P8 seed=20260810 mode=scna-fp16 layout=lane8 kv_head=1 centered_bits=0x0,0x0,0x0,0x0,0x0,0x0,0x0,0x0 p_bits=0x0,0x0,0x0,0x0,0x0,0x0,0x0,0x0
FIG8_ATTENTION_TIMERS mode=scna-fp16 layout=lane8 phase=measure iteration=3 lut_exp=0 scna_layout=1 scna_width=8 qo_len=4 kv_len=4093 n_heads=12 n_kv_heads=2 head_dim=128 kv_head=0 worker=1 profiled_total=947 q_load=2 k_load=99 v_load=109 qk_dot=1 safe_sm=730 scna_exp=697 core_acc=4 o_scale=1 o_store=1
FIG8_NUMERIC seed=20260810 mode=scna-fp16 layout=lane8 kv_head=0 worker=1 qk0_bits=0xb8af rowmax0_bits=0x3a38 rowsum0_bits=0x634c l0_bits=0x634c core_o0_bits=0xc95f inv_l0_bits=0xd90 scaled_o0_bits=0x9bdb p0_first_bits=0x39c1 p0_last_bits=0x0 sum0_first_bits=0x43e9bc11 sum0_last_bits=0x43e98e91 masked_p_nonzero=0 tail_p_nonzero=0 scna_clamp_count=0 score_count=4093 centered_score_min=-1.56787109 centered_score_max=0 final_m0_bits=0x3a9e final_l0_bits=0x69b6 final_core_o0_bits=0xc9a6 p_expected_sum_bits=0x4514be04 p_max_abs_error_bits=0x3e1c9c9c
FIG8_NUMERIC_BLOCK seed=20260810 mode=scna-fp16 layout=lane8 kv_head=0 block=0 m0_bits=0x3a38 rowsum0_bits=0x634c l0_bits=0x634c p_scalar_sum_bits=0x4469b27c reduction_min_bits=0x43e8d231 reduction_max_bits=0x43ea6df1
FIG8_NUMERIC_BLOCK seed=20260810 mode=scna-fp16 layout=lane8 kv_head=0 block=1 m0_bits=0x3a4d rowsum0_bits=0x633c l0_bits=0x6741 p_scalar_sum_bits=0x44679428 reduction_min_bits=0x43e5dff1 reduction_max_bits=0x43e922a1
FIG8_NUMERIC_BLOCK seed=20260810 mode=scna-fp16 layout=lane8 kv_head=0 block=2 m0_bits=0x3a9e rowsum0_bits=0x631e l0_bits=0x695c p_scalar_sum_bits=0x4463d8dc reduction_min_bits=0x43e1b731 reduction_max_bits=0x43e5d481
FIG8_NUMERIC_BLOCK seed=20260810 mode=scna-fp16 layout=lane8 kv_head=0 block=3 m0_bits=0x3a9e rowsum0_bits=0x599e l0_bits=0x69b6 p_scalar_sum_bits=0x43347a40 reduction_min_bits=0x42b168c1 reduction_max_bits=0x42b77141
FIG8_NUMERIC_QK8 seed=20260810 mode=scna-fp16 layout=lane8 kv_head=0 bits=0xb8af,0xad4e,0x2df0,0xaa9f,0xac0b,0xb47d,0xb4fe,0xb267
FIG8_NUMERIC_P8 seed=20260810 mode=scna-fp16 layout=lane8 kv_head=0 centered_bits=0xbd74,0xbae2,0xb97a,0xbaa2,0xbab9,0xbc3b,0xbc5c,0xbbd2 p_bits=0x3835,0x399c,0x3a19,0x39b1,0x39ab,0x390f,0x38f8,0x3948
FIG8_ATTENTION_EVENT_COUNT mode=scna-fp16 qo_len=4 phase=measure iteration=3 events=150 max_events=4256 overflow=0
FIG8_ATTENTION_CHECKSUM mode=scna-fp16 layout=lane8 scna_width=8 seed=20260810 phase=measure iteration=3 checksum=0xcafd0a6c2472b281
FIG8_ATTENTION_HOST_TIMING mode=scna-fp16 layout=lane8 scna_width=8 seed=20260810 mask_mode=full qo_len=4 kv_len=4093 n_heads=12 n_kv_heads=2 head_dim=128 phase=measure iteration=4 host_elapsed_us=1159 ret=0
FIG8_ATTENTION_PROFILE_COUNT mode=scna-fp16 qo_len=4 phase=measure iteration=4 records=2 max_records=10
FIG8_ATTENTION_TIMERS mode=scna-fp16 layout=lane8 phase=measure iteration=4 lut_exp=0 scna_layout=1 scna_width=8 qo_len=4 kv_len=4093 n_heads=12 n_kv_heads=2 head_dim=128 kv_head=1 worker=5 profiled_total=551 q_load=2 k_load=101 v_load=103 qk_dot=2 safe_sm=330 scna_exp=287 core_acc=9 o_scale=2 o_store=2
FIG8_NUMERIC seed=20260810 mode=scna-fp16 layout=lane8 kv_head=1 worker=5 qk0_bits=0x0 rowmax0_bits=0x0 rowsum0_bits=0x0 l0_bits=0x0 core_o0_bits=0x0 inv_l0_bits=0x0 scaled_o0_bits=0x0 p0_first_bits=0x0 p0_last_bits=0x0 sum0_first_bits=0x0 sum0_last_bits=0x0 masked_p_nonzero=0 tail_p_nonzero=0 scna_clamp_count=0 score_count=0 centered_score_min=0 centered_score_max=0 final_m0_bits=0x0 final_l0_bits=0x0 final_core_o0_bits=0x0 p_expected_sum_bits=0x0 p_max_abs_error_bits=0x0
FIG8_NUMERIC_QK8 seed=20260810 mode=scna-fp16 layout=lane8 kv_head=1 bits=0x0,0x0,0x0,0x0,0x0,0x0,0x0,0x0
FIG8_NUMERIC_P8 seed=20260810 mode=scna-fp16 layout=lane8 kv_head=1 centered_bits=0x0,0x0,0x0,0x0,0x0,0x0,0x0,0x0 p_bits=0x0,0x0,0x0,0x0,0x0,0x0,0x0,0x0
FIG8_ATTENTION_TIMERS mode=scna-fp16 layout=lane8 phase=measure iteration=4 lut_exp=0 scna_layout=1 scna_width=8 qo_len=4 kv_len=4093 n_heads=12 n_kv_heads=2 head_dim=128 kv_head=0 worker=0 profiled_total=941 q_load=2 k_load=92 v_load=106 qk_dot=1 safe_sm=735 scna_exp=701 core_acc=4 o_scale=0 o_store=1
FIG8_NUMERIC seed=20260810 mode=scna-fp16 layout=lane8 kv_head=0 worker=0 qk0_bits=0xb8af rowmax0_bits=0x3a38 rowsum0_bits=0x634c l0_bits=0x634c core_o0_bits=0xc95f inv_l0_bits=0xd90 scaled_o0_bits=0x9bdb p0_first_bits=0x39c1 p0_last_bits=0x0 sum0_first_bits=0x43e9bc11 sum0_last_bits=0x43e98e91 masked_p_nonzero=0 tail_p_nonzero=0 scna_clamp_count=0 score_count=4093 centered_score_min=-1.56787109 centered_score_max=0 final_m0_bits=0x3a9e final_l0_bits=0x69b6 final_core_o0_bits=0xc9a6 p_expected_sum_bits=0x4514be04 p_max_abs_error_bits=0x3e1c9c9c
FIG8_NUMERIC_BLOCK seed=20260810 mode=scna-fp16 layout=lane8 kv_head=0 block=0 m0_bits=0x3a38 rowsum0_bits=0x634c l0_bits=0x634c p_scalar_sum_bits=0x4469b27c reduction_min_bits=0x43e8d231 reduction_max_bits=0x43ea6df1
FIG8_NUMERIC_BLOCK seed=20260810 mode=scna-fp16 layout=lane8 kv_head=0 block=1 m0_bits=0x3a4d rowsum0_bits=0x633c l0_bits=0x6741 p_scalar_sum_bits=0x44679428 reduction_min_bits=0x43e5dff1 reduction_max_bits=0x43e922a1
FIG8_NUMERIC_BLOCK seed=20260810 mode=scna-fp16 layout=lane8 kv_head=0 block=2 m0_bits=0x3a9e rowsum0_bits=0x631e l0_bits=0x695c p_scalar_sum_bits=0x4463d8dc reduction_min_bits=0x43e1b731 reduction_max_bits=0x43e5d481
FIG8_NUMERIC_BLOCK seed=20260810 mode=scna-fp16 layout=lane8 kv_head=0 block=3 m0_bits=0x3a9e rowsum0_bits=0x599e l0_bits=0x69b6 p_scalar_sum_bits=0x43347a40 reduction_min_bits=0x42b168c1 reduction_max_bits=0x42b77141
FIG8_NUMERIC_QK8 seed=20260810 mode=scna-fp16 layout=lane8 kv_head=0 bits=0xb8af,0xad4e,0x2df0,0xaa9f,0xac0b,0xb47d,0xb4fe,0xb267
FIG8_NUMERIC_P8 seed=20260810 mode=scna-fp16 layout=lane8 kv_head=0 centered_bits=0xbd74,0xbae2,0xb97a,0xbaa2,0xbab9,0xbc3b,0xbc5c,0xbbd2 p_bits=0x3835,0x399c,0x3a19,0x39b1,0x39ab,0x390f,0x38f8,0x3948
FIG8_ATTENTION_EVENT_COUNT mode=scna-fp16 qo_len=4 phase=measure iteration=4 events=150 max_events=4256 overflow=0
FIG8_ATTENTION_CHECKSUM mode=scna-fp16 layout=lane8 scna_width=8 seed=20260810 phase=measure iteration=4 checksum=0xcafd0a6c2472b281
FIG8_ATTENTION_HOST_TIMING mode=scna-fp16 layout=lane8 scna_width=8 seed=20260810 mask_mode=full qo_len=4 kv_len=4093 n_heads=12 n_kv_heads=2 head_dim=128 phase=measure iteration=5 host_elapsed_us=1184 ret=0
FIG8_ATTENTION_PROFILE_COUNT mode=scna-fp16 qo_len=4 phase=measure iteration=5 records=2 max_records=10
FIG8_ATTENTION_TIMERS mode=scna-fp16 layout=lane8 phase=measure iteration=5 lut_exp=0 scna_layout=1 scna_width=8 qo_len=4 kv_len=4093 n_heads=12 n_kv_heads=2 head_dim=128 kv_head=1 worker=1 profiled_total=558 q_load=2 k_load=97 v_load=101 qk_dot=2 safe_sm=340 scna_exp=290 core_acc=12 o_scale=2 o_store=2
FIG8_NUMERIC seed=20260810 mode=scna-fp16 layout=lane8 kv_head=1 worker=1 qk0_bits=0x0 rowmax0_bits=0x0 rowsum0_bits=0x0 l0_bits=0x0 core_o0_bits=0x0 inv_l0_bits=0x0 scaled_o0_bits=0x0 p0_first_bits=0x0 p0_last_bits=0x0 sum0_first_bits=0x0 sum0_last_bits=0x0 masked_p_nonzero=0 tail_p_nonzero=0 scna_clamp_count=0 score_count=0 centered_score_min=0 centered_score_max=0 final_m0_bits=0x0 final_l0_bits=0x0 final_core_o0_bits=0x0 p_expected_sum_bits=0x0 p_max_abs_error_bits=0x0
FIG8_NUMERIC_QK8 seed=20260810 mode=scna-fp16 layout=lane8 kv_head=1 bits=0x0,0x0,0x0,0x0,0x0,0x0,0x0,0x0
FIG8_NUMERIC_P8 seed=20260810 mode=scna-fp16 layout=lane8 kv_head=1 centered_bits=0x0,0x0,0x0,0x0,0x0,0x0,0x0,0x0 p_bits=0x0,0x0,0x0,0x0,0x0,0x0,0x0,0x0
FIG8_ATTENTION_TIMERS mode=scna-fp16 layout=lane8 phase=measure iteration=5 lut_exp=0 scna_layout=1 scna_width=8 qo_len=4 kv_len=4093 n_heads=12 n_kv_heads=2 head_dim=128 kv_head=0 worker=4 profiled_total=920 q_load=2 k_load=92 v_load=106 qk_dot=1 safe_sm=711 scna_exp=680 core_acc=6 o_scale=1 o_store=1
FIG8_NUMERIC seed=20260810 mode=scna-fp16 layout=lane8 kv_head=0 worker=4 qk0_bits=0xb8af rowmax0_bits=0x3a38 rowsum0_bits=0x634c l0_bits=0x634c core_o0_bits=0xc95f inv_l0_bits=0xd90 scaled_o0_bits=0x9bdb p0_first_bits=0x39c1 p0_last_bits=0x0 sum0_first_bits=0x43e9bc11 sum0_last_bits=0x43e98e91 masked_p_nonzero=0 tail_p_nonzero=0 scna_clamp_count=0 score_count=4093 centered_score_min=-1.56787109 centered_score_max=0 final_m0_bits=0x3a9e final_l0_bits=0x69b6 final_core_o0_bits=0xc9a6 p_expected_sum_bits=0x4514be04 p_max_abs_error_bits=0x3e1c9c9c
FIG8_NUMERIC_BLOCK seed=20260810 mode=scna-fp16 layout=lane8 kv_head=0 block=0 m0_bits=0x3a38 rowsum0_bits=0x634c l0_bits=0x634c p_scalar_sum_bits=0x4469b27c reduction_min_bits=0x43e8d231 reduction_max_bits=0x43ea6df1
FIG8_NUMERIC_BLOCK seed=20260810 mode=scna-fp16 layout=lane8 kv_head=0 block=1 m0_bits=0x3a4d rowsum0_bits=0x633c l0_bits=0x6741 p_scalar_sum_bits=0x44679428 reduction_min_bits=0x43e5dff1 reduction_max_bits=0x43e922a1
FIG8_NUMERIC_BLOCK seed=20260810 mode=scna-fp16 layout=lane8 kv_head=0 block=2 m0_bits=0x3a9e rowsum0_bits=0x631e l0_bits=0x695c p_scalar_sum_bits=0x4463d8dc reduction_min_bits=0x43e1b731 reduction_max_bits=0x43e5d481
FIG8_NUMERIC_BLOCK seed=20260810 mode=scna-fp16 layout=lane8 kv_head=0 block=3 m0_bits=0x3a9e rowsum0_bits=0x599e l0_bits=0x69b6 p_scalar_sum_bits=0x43347a40 reduction_min_bits=0x42b168c1 reduction_max_bits=0x42b77141
FIG8_NUMERIC_QK8 seed=20260810 mode=scna-fp16 layout=lane8 kv_head=0 bits=0xb8af,0xad4e,0x2df0,0xaa9f,0xac0b,0xb47d,0xb4fe,0xb267
FIG8_NUMERIC_P8 seed=20260810 mode=scna-fp16 layout=lane8 kv_head=0 centered_bits=0xbd74,0xbae2,0xb97a,0xbaa2,0xbab9,0xbc3b,0xbc5c,0xbbd2 p_bits=0x3835,0x399c,0x3a19,0x39b1,0x39ab,0x390f,0x38f8,0x3948
FIG8_ATTENTION_EVENT_COUNT mode=scna-fp16 qo_len=4 phase=measure iteration=5 events=150 max_events=4256 overflow=0
FIG8_ATTENTION_CHECKSUM mode=scna-fp16 layout=lane8 scna_width=8 seed=20260810 phase=measure iteration=5 checksum=0xcafd0a6c2472b281
FIG8_ATTENTION_HOST_TIMING mode=scna-fp16 layout=lane8 scna_width=8 seed=20260810 mask_mode=full qo_len=4 kv_len=4093 n_heads=12 n_kv_heads=2 head_dim=128 phase=measure iteration=6 host_elapsed_us=1145 ret=0
FIG8_ATTENTION_PROFILE_COUNT mode=scna-fp16 qo_len=4 phase=measure iteration=6 records=2 max_records=10
FIG8_ATTENTION_TIMERS mode=scna-fp16 layout=lane8 phase=measure iteration=6 lut_exp=0 scna_layout=1 scna_width=8 qo_len=4 kv_len=4093 n_heads=12 n_kv_heads=2 head_dim=128 kv_head=1 worker=0 profiled_total=546 q_load=2 k_load=93 v_load=105 qk_dot=2 safe_sm=331 scna_exp=285 core_acc=9 o_scale=2 o_store=2
FIG8_NUMERIC seed=20260810 mode=scna-fp16 layout=lane8 kv_head=1 worker=0 qk0_bits=0x0 rowmax0_bits=0x0 rowsum0_bits=0x0 l0_bits=0x0 core_o0_bits=0x0 inv_l0_bits=0x0 scaled_o0_bits=0x0 p0_first_bits=0x0 p0_last_bits=0x0 sum0_first_bits=0x0 sum0_last_bits=0x0 masked_p_nonzero=0 tail_p_nonzero=0 scna_clamp_count=0 score_count=0 centered_score_min=0 centered_score_max=0 final_m0_bits=0x0 final_l0_bits=0x0 final_core_o0_bits=0x0 p_expected_sum_bits=0x0 p_max_abs_error_bits=0x0
FIG8_NUMERIC_QK8 seed=20260810 mode=scna-fp16 layout=lane8 kv_head=1 bits=0x0,0x0,0x0,0x0,0x0,0x0,0x0,0x0
FIG8_NUMERIC_P8 seed=20260810 mode=scna-fp16 layout=lane8 kv_head=1 centered_bits=0x0,0x0,0x0,0x0,0x0,0x0,0x0,0x0 p_bits=0x0,0x0,0x0,0x0,0x0,0x0,0x0,0x0
FIG8_ATTENTION_TIMERS mode=scna-fp16 layout=lane8 phase=measure iteration=6 lut_exp=0 scna_layout=1 scna_width=8 qo_len=4 kv_len=4093 n_heads=12 n_kv_heads=2 head_dim=128 kv_head=0 worker=2 profiled_total=922 q_load=2 k_load=93 v_load=106 qk_dot=1 safe_sm=712 scna_exp=675 core_acc=5 o_scale=2 o_store=1
FIG8_NUMERIC seed=20260810 mode=scna-fp16 layout=lane8 kv_head=0 worker=2 qk0_bits=0xb8af rowmax0_bits=0x3a38 rowsum0_bits=0x634c l0_bits=0x634c core_o0_bits=0xc95f inv_l0_bits=0xd90 scaled_o0_bits=0x9bdb p0_first_bits=0x39c1 p0_last_bits=0x0 sum0_first_bits=0x43e9bc11 sum0_last_bits=0x43e98e91 masked_p_nonzero=0 tail_p_nonzero=0 scna_clamp_count=0 score_count=4093 centered_score_min=-1.56787109 centered_score_max=0 final_m0_bits=0x3a9e final_l0_bits=0x69b6 final_core_o0_bits=0xc9a6 p_expected_sum_bits=0x4514be04 p_max_abs_error_bits=0x3e1c9c9c
FIG8_NUMERIC_BLOCK seed=20260810 mode=scna-fp16 layout=lane8 kv_head=0 block=0 m0_bits=0x3a38 rowsum0_bits=0x634c l0_bits=0x634c p_scalar_sum_bits=0x4469b27c reduction_min_bits=0x43e8d231 reduction_max_bits=0x43ea6df1
FIG8_NUMERIC_BLOCK seed=20260810 mode=scna-fp16 layout=lane8 kv_head=0 block=1 m0_bits=0x3a4d rowsum0_bits=0x633c l0_bits=0x6741 p_scalar_sum_bits=0x44679428 reduction_min_bits=0x43e5dff1 reduction_max_bits=0x43e922a1
FIG8_NUMERIC_BLOCK seed=20260810 mode=scna-fp16 layout=lane8 kv_head=0 block=2 m0_bits=0x3a9e rowsum0_bits=0x631e l0_bits=0x695c p_scalar_sum_bits=0x4463d8dc reduction_min_bits=0x43e1b731 reduction_max_bits=0x43e5d481
FIG8_NUMERIC_BLOCK seed=20260810 mode=scna-fp16 layout=lane8 kv_head=0 block=3 m0_bits=0x3a9e rowsum0_bits=0x599e l0_bits=0x69b6 p_scalar_sum_bits=0x43347a40 reduction_min_bits=0x42b168c1 reduction_max_bits=0x42b77141
FIG8_NUMERIC_QK8 seed=20260810 mode=scna-fp16 layout=lane8 kv_head=0 bits=0xb8af,0xad4e,0x2df0,0xaa9f,0xac0b,0xb47d,0xb4fe,0xb267
FIG8_NUMERIC_P8 seed=20260810 mode=scna-fp16 layout=lane8 kv_head=0 centered_bits=0xbd74,0xbae2,0xb97a,0xbaa2,0xbab9,0xbc3b,0xbc5c,0xbbd2 p_bits=0x3835,0x399c,0x3a19,0x39b1,0x39ab,0x390f,0x38f8,0x3948
FIG8_ATTENTION_EVENT_COUNT mode=scna-fp16 qo_len=4 phase=measure iteration=6 events=150 max_events=4256 overflow=0
FIG8_ATTENTION_CHECKSUM mode=scna-fp16 layout=lane8 scna_width=8 seed=20260810 phase=measure iteration=6 checksum=0xcafd0a6c2472b281
FIG8_ATTENTION_HOST_TIMING mode=scna-fp16 layout=lane8 scna_width=8 seed=20260810 mask_mode=full qo_len=4 kv_len=4093 n_heads=12 n_kv_heads=2 head_dim=128 phase=measure iteration=7 host_elapsed_us=1215 ret=0
FIG8_ATTENTION_PROFILE_COUNT mode=scna-fp16 qo_len=4 phase=measure iteration=7 records=2 max_records=10
FIG8_ATTENTION_TIMERS mode=scna-fp16 layout=lane8 phase=measure iteration=7 lut_exp=0 scna_layout=1 scna_width=8 qo_len=4 kv_len=4093 n_heads=12 n_kv_heads=2 head_dim=128 kv_head=1 worker=5 profiled_total=540 q_load=2 k_load=91 v_load=102 qk_dot=2 safe_sm=332 scna_exp=283 core_acc=7 o_scale=2 o_store=2
FIG8_NUMERIC seed=20260810 mode=scna-fp16 layout=lane8 kv_head=1 worker=5 qk0_bits=0x0 rowmax0_bits=0x0 rowsum0_bits=0x0 l0_bits=0x0 core_o0_bits=0x0 inv_l0_bits=0x0 scaled_o0_bits=0x0 p0_first_bits=0x0 p0_last_bits=0x0 sum0_first_bits=0x0 sum0_last_bits=0x0 masked_p_nonzero=0 tail_p_nonzero=0 scna_clamp_count=0 score_count=0 centered_score_min=0 centered_score_max=0 final_m0_bits=0x0 final_l0_bits=0x0 final_core_o0_bits=0x0 p_expected_sum_bits=0x0 p_max_abs_error_bits=0x0
FIG8_NUMERIC_QK8 seed=20260810 mode=scna-fp16 layout=lane8 kv_head=1 bits=0x0,0x0,0x0,0x0,0x0,0x0,0x0,0x0
FIG8_NUMERIC_P8 seed=20260810 mode=scna-fp16 layout=lane8 kv_head=1 centered_bits=0x0,0x0,0x0,0x0,0x0,0x0,0x0,0x0 p_bits=0x0,0x0,0x0,0x0,0x0,0x0,0x0,0x0
FIG8_ATTENTION_TIMERS mode=scna-fp16 layout=lane8 phase=measure iteration=7 lut_exp=0 scna_layout=1 scna_width=8 qo_len=4 kv_len=4093 n_heads=12 n_kv_heads=2 head_dim=128 kv_head=0 worker=4 profiled_total=953 q_load=2 k_load=84 v_load=108 qk_dot=1 safe_sm=746 scna_exp=706 core_acc=10 o_scale=1 o_store=1
FIG8_NUMERIC seed=20260810 mode=scna-fp16 layout=lane8 kv_head=0 worker=4 qk0_bits=0xb8af rowmax0_bits=0x3a38 rowsum0_bits=0x634c l0_bits=0x634c core_o0_bits=0xc95f inv_l0_bits=0xd90 scaled_o0_bits=0x9bdb p0_first_bits=0x39c1 p0_last_bits=0x0 sum0_first_bits=0x43e9bc11 sum0_last_bits=0x43e98e91 masked_p_nonzero=0 tail_p_nonzero=0 scna_clamp_count=0 score_count=4093 centered_score_min=-1.56787109 centered_score_max=0 final_m0_bits=0x3a9e final_l0_bits=0x69b6 final_core_o0_bits=0xc9a6 p_expected_sum_bits=0x4514be04 p_max_abs_error_bits=0x3e1c9c9c
FIG8_NUMERIC_BLOCK seed=20260810 mode=scna-fp16 layout=lane8 kv_head=0 block=0 m0_bits=0x3a38 rowsum0_bits=0x634c l0_bits=0x634c p_scalar_sum_bits=0x4469b27c reduction_min_bits=0x43e8d231 reduction_max_bits=0x43ea6df1
FIG8_NUMERIC_BLOCK seed=20260810 mode=scna-fp16 layout=lane8 kv_head=0 block=1 m0_bits=0x3a4d rowsum0_bits=0x633c l0_bits=0x6741 p_scalar_sum_bits=0x44679428 reduction_min_bits=0x43e5dff1 reduction_max_bits=0x43e922a1
FIG8_NUMERIC_BLOCK seed=20260810 mode=scna-fp16 layout=lane8 kv_head=0 block=2 m0_bits=0x3a9e rowsum0_bits=0x631e l0_bits=0x695c p_scalar_sum_bits=0x4463d8dc reduction_min_bits=0x43e1b731 reduction_max_bits=0x43e5d481
FIG8_NUMERIC_BLOCK seed=20260810 mode=scna-fp16 layout=lane8 kv_head=0 block=3 m0_bits=0x3a9e rowsum0_bits=0x599e l0_bits=0x69b6 p_scalar_sum_bits=0x43347a40 reduction_min_bits=0x42b168c1 reduction_max_bits=0x42b77141
FIG8_NUMERIC_QK8 seed=20260810 mode=scna-fp16 layout=lane8 kv_head=0 bits=0xb8af,0xad4e,0x2df0,0xaa9f,0xac0b,0xb47d,0xb4fe,0xb267
FIG8_NUMERIC_P8 seed=20260810 mode=scna-fp16 layout=lane8 kv_head=0 centered_bits=0xbd74,0xbae2,0xb97a,0xbaa2,0xbab9,0xbc3b,0xbc5c,0xbbd2 p_bits=0x3835,0x399c,0x3a19,0x39b1,0x39ab,0x390f,0x38f8,0x3948
FIG8_ATTENTION_EVENT_COUNT mode=scna-fp16 qo_len=4 phase=measure iteration=7 events=150 max_events=4256 overflow=0
FIG8_ATTENTION_CHECKSUM mode=scna-fp16 layout=lane8 scna_width=8 seed=20260810 phase=measure iteration=7 checksum=0xcafd0a6c2472b281
FIG8_ATTENTION_HOST_TIMING mode=scna-fp16 layout=lane8 scna_width=8 seed=20260810 mask_mode=full qo_len=4 kv_len=4093 n_heads=12 n_kv_heads=2 head_dim=128 phase=measure iteration=8 host_elapsed_us=1252 ret=0
FIG8_ATTENTION_PROFILE_COUNT mode=scna-fp16 qo_len=4 phase=measure iteration=8 records=2 max_records=10
FIG8_ATTENTION_TIMERS mode=scna-fp16 layout=lane8 phase=measure iteration=8 lut_exp=0 scna_layout=1 scna_width=8 qo_len=4 kv_len=4093 n_heads=12 n_kv_heads=2 head_dim=128 kv_head=1 worker=1 profiled_total=523 q_load=2 k_load=94 v_load=99 qk_dot=1 safe_sm=321 scna_exp=280 core_acc=3 o_scale=1 o_store=2
FIG8_NUMERIC seed=20260810 mode=scna-fp16 layout=lane8 kv_head=1 worker=1 qk0_bits=0x0 rowmax0_bits=0x0 rowsum0_bits=0x0 l0_bits=0x0 core_o0_bits=0x0 inv_l0_bits=0x0 scaled_o0_bits=0x0 p0_first_bits=0x0 p0_last_bits=0x0 sum0_first_bits=0x0 sum0_last_bits=0x0 masked_p_nonzero=0 tail_p_nonzero=0 scna_clamp_count=0 score_count=0 centered_score_min=0 centered_score_max=0 final_m0_bits=0x0 final_l0_bits=0x0 final_core_o0_bits=0x0 p_expected_sum_bits=0x0 p_max_abs_error_bits=0x0
FIG8_NUMERIC_QK8 seed=20260810 mode=scna-fp16 layout=lane8 kv_head=1 bits=0x0,0x0,0x0,0x0,0x0,0x0,0x0,0x0
FIG8_NUMERIC_P8 seed=20260810 mode=scna-fp16 layout=lane8 kv_head=1 centered_bits=0x0,0x0,0x0,0x0,0x0,0x0,0x0,0x0 p_bits=0x0,0x0,0x0,0x0,0x0,0x0,0x0,0x0
FIG8_ATTENTION_TIMERS mode=scna-fp16 layout=lane8 phase=measure iteration=8 lut_exp=0 scna_layout=1 scna_width=8 qo_len=4 kv_len=4093 n_heads=12 n_kv_heads=2 head_dim=128 kv_head=0 worker=2 profiled_total=941 q_load=2 k_load=87 v_load=102 qk_dot=1 safe_sm=734 scna_exp=694 core_acc=12 o_scale=2 o_store=1
FIG8_NUMERIC seed=20260810 mode=scna-fp16 layout=lane8 kv_head=0 worker=2 qk0_bits=0xb8af rowmax0_bits=0x3a38 rowsum0_bits=0x634c l0_bits=0x634c core_o0_bits=0xc95f inv_l0_bits=0xd90 scaled_o0_bits=0x9bdb p0_first_bits=0x39c1 p0_last_bits=0x0 sum0_first_bits=0x43e9bc11 sum0_last_bits=0x43e98e91 masked_p_nonzero=0 tail_p_nonzero=0 scna_clamp_count=0 score_count=4093 centered_score_min=-1.56787109 centered_score_max=0 final_m0_bits=0x3a9e final_l0_bits=0x69b6 final_core_o0_bits=0xc9a6 p_expected_sum_bits=0x4514be04 p_max_abs_error_bits=0x3e1c9c9c
FIG8_NUMERIC_BLOCK seed=20260810 mode=scna-fp16 layout=lane8 kv_head=0 block=0 m0_bits=0x3a38 rowsum0_bits=0x634c l0_bits=0x634c p_scalar_sum_bits=0x4469b27c reduction_min_bits=0x43e8d231 reduction_max_bits=0x43ea6df1
FIG8_NUMERIC_BLOCK seed=20260810 mode=scna-fp16 layout=lane8 kv_head=0 block=1 m0_bits=0x3a4d rowsum0_bits=0x633c l0_bits=0x6741 p_scalar_sum_bits=0x44679428 reduction_min_bits=0x43e5dff1 reduction_max_bits=0x43e922a1
FIG8_NUMERIC_BLOCK seed=20260810 mode=scna-fp16 layout=lane8 kv_head=0 block=2 m0_bits=0x3a9e rowsum0_bits=0x631e l0_bits=0x695c p_scalar_sum_bits=0x4463d8dc reduction_min_bits=0x43e1b731 reduction_max_bits=0x43e5d481
FIG8_NUMERIC_BLOCK seed=20260810 mode=scna-fp16 layout=lane8 kv_head=0 block=3 m0_bits=0x3a9e rowsum0_bits=0x599e l0_bits=0x69b6 p_scalar_sum_bits=0x43347a40 reduction_min_bits=0x42b168c1 reduction_max_bits=0x42b77141
FIG8_NUMERIC_QK8 seed=20260810 mode=scna-fp16 layout=lane8 kv_head=0 bits=0xb8af,0xad4e,0x2df0,0xaa9f,0xac0b,0xb47d,0xb4fe,0xb267
FIG8_NUMERIC_P8 seed=20260810 mode=scna-fp16 layout=lane8 kv_head=0 centered_bits=0xbd74,0xbae2,0xb97a,0xbaa2,0xbab9,0xbc3b,0xbc5c,0xbbd2 p_bits=0x3835,0x399c,0x3a19,0x39b1,0x39ab,0x390f,0x38f8,0x3948
FIG8_ATTENTION_EVENT_COUNT mode=scna-fp16 qo_len=4 phase=measure iteration=8 events=150 max_events=4256 overflow=0
FIG8_ATTENTION_CHECKSUM mode=scna-fp16 layout=lane8 scna_width=8 seed=20260810 phase=measure iteration=8 checksum=0xcafd0a6c2472b281
FIG8_ATTENTION_HOST_TIMING mode=scna-fp16 layout=lane8 scna_width=8 seed=20260810 mask_mode=full qo_len=4 kv_len=4093 n_heads=12 n_kv_heads=2 head_dim=128 phase=measure iteration=9 host_elapsed_us=1241 ret=0
FIG8_ATTENTION_PROFILE_COUNT mode=scna-fp16 qo_len=4 phase=measure iteration=9 records=2 max_records=10
FIG8_ATTENTION_TIMERS mode=scna-fp16 layout=lane8 phase=measure iteration=9 lut_exp=0 scna_layout=1 scna_width=8 qo_len=4 kv_len=4093 n_heads=12 n_kv_heads=2 head_dim=128 kv_head=1 worker=4 profiled_total=531 q_load=2 k_load=90 v_load=99 qk_dot=1 safe_sm=329 scna_exp=282 core_acc=6 o_scale=2 o_store=2
FIG8_NUMERIC seed=20260810 mode=scna-fp16 layout=lane8 kv_head=1 worker=4 qk0_bits=0x0 rowmax0_bits=0x0 rowsum0_bits=0x0 l0_bits=0x0 core_o0_bits=0x0 inv_l0_bits=0x0 scaled_o0_bits=0x0 p0_first_bits=0x0 p0_last_bits=0x0 sum0_first_bits=0x0 sum0_last_bits=0x0 masked_p_nonzero=0 tail_p_nonzero=0 scna_clamp_count=0 score_count=0 centered_score_min=0 centered_score_max=0 final_m0_bits=0x0 final_l0_bits=0x0 final_core_o0_bits=0x0 p_expected_sum_bits=0x0 p_max_abs_error_bits=0x0
FIG8_NUMERIC_QK8 seed=20260810 mode=scna-fp16 layout=lane8 kv_head=1 bits=0x0,0x0,0x0,0x0,0x0,0x0,0x0,0x0
FIG8_NUMERIC_P8 seed=20260810 mode=scna-fp16 layout=lane8 kv_head=1 centered_bits=0x0,0x0,0x0,0x0,0x0,0x0,0x0,0x0 p_bits=0x0,0x0,0x0,0x0,0x0,0x0,0x0,0x0
FIG8_ATTENTION_TIMERS mode=scna-fp16 layout=lane8 phase=measure iteration=9 lut_exp=0 scna_layout=1 scna_width=8 qo_len=4 kv_len=4093 n_heads=12 n_kv_heads=2 head_dim=128 kv_head=0 worker=3 profiled_total=912 q_load=2 k_load=89 v_load=105 qk_dot=1 safe_sm=709 scna_exp=670 core_acc=4 o_scale=1 o_store=1
FIG8_NUMERIC seed=20260810 mode=scna-fp16 layout=lane8 kv_head=0 worker=3 qk0_bits=0xb8af rowmax0_bits=0x3a38 rowsum0_bits=0x634c l0_bits=0x634c core_o0_bits=0xc95f inv_l0_bits=0xd90 scaled_o0_bits=0x9bdb p0_first_bits=0x39c1 p0_last_bits=0x0 sum0_first_bits=0x43e9bc11 sum0_last_bits=0x43e98e91 masked_p_nonzero=0 tail_p_nonzero=0 scna_clamp_count=0 score_count=4093 centered_score_min=-1.56787109 centered_score_max=0 final_m0_bits=0x3a9e final_l0_bits=0x69b6 final_core_o0_bits=0xc9a6 p_expected_sum_bits=0x4514be04 p_max_abs_error_bits=0x3e1c9c9c
FIG8_NUMERIC_BLOCK seed=20260810 mode=scna-fp16 layout=lane8 kv_head=0 block=0 m0_bits=0x3a38 rowsum0_bits=0x634c l0_bits=0x634c p_scalar_sum_bits=0x4469b27c reduction_min_bits=0x43e8d231 reduction_max_bits=0x43ea6df1
FIG8_NUMERIC_BLOCK seed=20260810 mode=scna-fp16 layout=lane8 kv_head=0 block=1 m0_bits=0x3a4d rowsum0_bits=0x633c l0_bits=0x6741 p_scalar_sum_bits=0x44679428 reduction_min_bits=0x43e5dff1 reduction_max_bits=0x43e922a1
FIG8_NUMERIC_BLOCK seed=20260810 mode=scna-fp16 layout=lane8 kv_head=0 block=2 m0_bits=0x3a9e rowsum0_bits=0x631e l0_bits=0x695c p_scalar_sum_bits=0x4463d8dc reduction_min_bits=0x43e1b731 reduction_max_bits=0x43e5d481
FIG8_NUMERIC_BLOCK seed=20260810 mode=scna-fp16 layout=lane8 kv_head=0 block=3 m0_bits=0x3a9e rowsum0_bits=0x599e l0_bits=0x69b6 p_scalar_sum_bits=0x43347a40 reduction_min_bits=0x42b168c1 reduction_max_bits=0x42b77141
FIG8_NUMERIC_QK8 seed=20260810 mode=scna-fp16 layout=lane8 kv_head=0 bits=0xb8af,0xad4e,0x2df0,0xaa9f,0xac0b,0xb47d,0xb4fe,0xb267
FIG8_NUMERIC_P8 seed=20260810 mode=scna-fp16 layout=lane8 kv_head=0 centered_bits=0xbd74,0xbae2,0xb97a,0xbaa2,0xbab9,0xbc3b,0xbc5c,0xbbd2 p_bits=0x3835,0x399c,0x3a19,0x39b1,0x39ab,0x390f,0x38f8,0x3948
FIG8_ATTENTION_EVENT_COUNT mode=scna-fp16 qo_len=4 phase=measure iteration=9 events=150 max_events=4256 overflow=0
FIG8_ATTENTION_CHECKSUM mode=scna-fp16 layout=lane8 scna_width=8 seed=20260810 phase=measure iteration=9 checksum=0xcafd0a6c2472b281
FIG8_ATTENTION_LAYOUT_REPLAY seed=20260810 primary_layout=lane8 alternate_layout=serial ret=0
FIG8_ATTENTION_LAYOUT_COMPARE seed=20260810 width=8 mask_mode=full qo_len=4 kv_len=4093 n_heads=12 n_kv_heads=2 head_dim=128 elements=6144 serial_checksum=0xc48247159d377909 lane8_checksum=0xcafd0a6c2472b281 rmse=3.35671939e-06 max_abs_error=1.52587891e-05 serial_nonfinite=0 lane8_nonfinite=0 rmse_limit=0.0001 max_abs_limit=0.001 pass=1
FIG8_ATTENTION_REFERENCE_TIMING reference_mode=host-fp32 qo_len=4 kv_len=4093 n_heads=12 n_kv_heads=2 head_dim=128 elapsed_us=72233 ret=0
FIG8_ATTENTION_COMPARE candidate_mode=scna-fp16 layout=lane8 scna_width=8 reference_mode=host-fp32 seed=20260810 mask_mode=full qo_len=4 kv_len=4093 n_heads=12 n_kv_heads=2 head_dim=128 elements=6144 rmse=0.000241895978 relative_l2=0.0539010502 max_abs_error=0.000976083335 candidate_nonfinite=0 reference_nonfinite=0 rmse_limit=0.002 max_abs_limit=0.01 pass=1
FIG8_ATTENTION_COMPARE_HEAD seed=20260810 mode=scna-fp16 layout=lane8 head=0 rmse=0.000220114685 max_abs_error=0.000719519332 candidate_first=-0.00383758522 reference_first=-0.00391907012
FIG8_ATTENTION_COMPARE_HEAD seed=20260810 mode=scna-fp16 layout=lane8 head=1 rmse=0.000242317416 max_abs_error=0.000711344182 candidate_first=-0.00345993019 reference_first=-0.00322543201
FIG8_ATTENTION_COMPARE_HEAD seed=20260810 mode=scna-fp16 layout=lane8 head=2 rmse=0.000243489325 max_abs_error=0.000731919426 candidate_first=-0.00413513137 reference_first=-0.00434182212
FIG8_ATTENTION_COMPARE_HEAD seed=20260810 mode=scna-fp16 layout=lane8 head=3 rmse=0.000243429706 max_abs_error=0.000906701665 candidate_first=-0.00444793655 reference_first=-0.00486571994
FIG8_ATTENTION_COMPARE_HEAD seed=20260810 mode=scna-fp16 layout=lane8 head=4 rmse=0.000246069481 max_abs_error=0.000905675581 candidate_first=-0.00420379592 reference_first=-0.00446884474
FIG8_ATTENTION_COMPARE_HEAD seed=20260810 mode=scna-fp16 layout=lane8 head=5 rmse=0.000240451875 max_abs_error=0.000813530292 candidate_first=-0.00375366188 reference_first=-0.00378684793
FIG8_ATTENTION_COMPARE_HEAD seed=20260810 mode=scna-fp16 layout=lane8 head=6 rmse=0.000233430736 max_abs_error=0.000674578594 candidate_first=-2.25305484e-05 reference_first=-0.000156470967
FIG8_ATTENTION_COMPARE_HEAD seed=20260810 mode=scna-fp16 layout=lane8 head=7 rmse=0.00023029343 max_abs_error=0.000810443424 candidate_first=0.00125503552 reference_first=0.00171734986
FIG8_ATTENTION_COMPARE_HEAD seed=20260810 mode=scna-fp16 layout=lane8 head=8 rmse=0.000243337141 max_abs_error=0.000759867951 candidate_first=0.000144958511 reference_first=0.000318531878
FIG8_ATTENTION_COMPARE_HEAD seed=20260810 mode=scna-fp16 layout=lane8 head=9 rmse=0.000242893861 max_abs_error=0.000869043171 candidate_first=0.000642776547 reference_first=0.000860780827
FIG8_ATTENTION_COMPARE_HEAD seed=20260810 mode=scna-fp16 layout=lane8 head=10 rmse=0.000266497431 max_abs_error=0.000976083335 candidate_first=0.000578880368 reference_first=0.000563619658
FIG8_ATTENTION_COMPARE_HEAD seed=20260810 mode=scna-fp16 layout=lane8 head=11 rmse=0.000247643184 max_abs_error=0.000739670242 candidate_first=0.001066208 reference_first=0.00136700075
