SCNA_PROVENANCE binary_sha256=e7e92f0844244257f736e4af9df5fa85e069cc531b7722b1c27dcebb1d2f310f host_sha256=cb266c4a825450b84f9b1cc6a93722a4bf5984ddec807af955c13c773bca6288 header_sha256=41b4153195ee11b7c19f8ab4f41bc40bfc493dc5be1a8b0b4403c7272cd6db14 isa=v79 sdk=6.6 tools=19.0.07
FIG8_ATTENTION_CONFIG mode=scna-fp16 layout=lane8 variant=current scna_width=8 seed=figure8_fixed mask_mode=causal qo_len=4 kv_len=4096 kv_pad_len=4096 n_heads=12 n_kv_heads=2 head_dim=64 warmup=1 iters=10 q_size=12288 kv_size=1048576 mask_size=32768 profile_size=345600 profile_max_records=10 profile_max_events=4256 mode_flags=92 print_events=0
FIG8_ATTENTION_HOST_TIMING mode=scna-fp16 layout=lane8 scna_width=8 seed=figure8_fixed mask_mode=causal qo_len=4 kv_len=4096 n_heads=12 n_kv_heads=2 head_dim=64 phase=warmup iteration=0 host_elapsed_us=1035 ret=0
FIG8_ATTENTION_PROFILE_COUNT mode=scna-fp16 qo_len=4 phase=warmup iteration=0 records=2 max_records=10
FIG8_ATTENTION_TIMERS mode=scna-fp16 layout=lane8 phase=warmup iteration=0 lut_exp=0 scna_layout=1 scna_width=8 qo_len=4 kv_len=4096 n_heads=12 n_kv_heads=2 head_dim=64 kv_head=1 worker=2 profiled_total=400 q_load=1 k_load=48 v_load=40 qk_dot=0 safe_sm=298 scna_exp=272 core_acc=7 o_scale=2 o_store=4
FIG8_NUMERIC seed=figure8_fixed mode=scna-fp16 layout=lane8 kv_head=1 worker=2 qk0_bits=0x0 rowmax0_bits=0x0 rowsum0_bits=0x0 l0_bits=0x0 core_o0_bits=0x0 inv_l0_bits=0x0 scaled_o0_bits=0x0 p0_first_bits=0x0 p0_last_bits=0x0 sum0_first_bits=0x0 sum0_last_bits=0x0 masked_p_nonzero=0 tail_p_nonzero=0 scna_clamp_count=0 score_count=0 centered_score_min=0 centered_score_max=0 final_m0_bits=0x0 final_l0_bits=0x0 final_core_o0_bits=0x0 p_expected_sum_bits=0x0 p_max_abs_error_bits=0x0
FIG8_NUMERIC_QK8 seed=figure8_fixed mode=scna-fp16 layout=lane8 kv_head=1 bits=0x0,0x0,0x0,0x0,0x0,0x0,0x0,0x0
FIG8_NUMERIC_P8 seed=figure8_fixed mode=scna-fp16 layout=lane8 kv_head=1 centered_bits=0x0,0x0,0x0,0x0,0x0,0x0,0x0,0x0 p_bits=0x0,0x0,0x0,0x0,0x0,0x0,0x0,0x0
FIG8_ATTENTION_TIMERS mode=scna-fp16 layout=lane8 phase=warmup iteration=0 lut_exp=0 scna_layout=1 scna_width=8 qo_len=4 kv_len=4096 n_heads=12 n_kv_heads=2 head_dim=64 kv_head=0 worker=1 profiled_total=781 q_load=2 k_load=44 v_load=42 qk_dot=1 safe_sm=691 scna_exp=668 core_acc=1 o_scale=0 o_store=0
FIG8_NUMERIC seed=figure8_fixed mode=scna-fp16 layout=lane8 kv_head=0 worker=1 qk0_bits=0xaccb rowmax0_bits=0x3533 rowsum0_bits=0x66a6 l0_bits=0x66a6 core_o0_bits=0x3a7b inv_l0_bits=0xc7b scaled_o0_bits=0xd36 p0_first_bits=0x3a8f p0_last_bits=0x0 sum0_first_bits=0x4454d3d1 sum0_last_bits=0x4454c481 masked_p_nonzero=0 tail_p_nonzero=0 scna_clamp_count=0 score_count=4093 centered_score_min=-0.603027344 centered_score_max=0 final_m0_bits=0x3533 final_l0_bits=0x6b16 final_core_o0_bits=0x3ca7 p_expected_sum_bits=0x454d521e p_max_abs_error_bits=0x3e06d400
FIG8_NUMERIC_BLOCK seed=figure8_fixed mode=scna-fp16 layout=lane8 kv_head=0 block=0 m0_bits=0x3533 rowsum0_bits=0x66a6 l0_bits=0x66a6 p_scalar_sum_bits=0x44d4e380 reduction_min_bits=0x44547911 reduction_max_bits=0x44552da1
FIG8_NUMERIC_BLOCK seed=figure8_fixed mode=scna-fp16 layout=lane8 kv_head=0 block=1 m0_bits=0x3533 rowsum0_bits=0x66a5 l0_bits=0x6aa6 p_scalar_sum_bits=0x44d4de90 reduction_min_bits=0x44546c41 reduction_max_bits=0x44553031
FIG8_NUMERIC_BLOCK seed=figure8_fixed mode=scna-fp16 layout=lane8 kv_head=0 block=2 m0_bits=0x3533 rowsum0_bits=0x5afb l0_bits=0x6b16 p_scalar_sum_bits=0x43607420 reduction_min_bits=0x42dd5181 reduction_max_bits=0x42e37401
FIG8_NUMERIC_QK8 seed=figure8_fixed mode=scna-fp16 layout=lane8 kv_head=0 bits=0xaccb,0x346f,0xb1fb,0x30ec,0xb2a0,0x2ea7,0xb053,0x3016
FIG8_NUMERIC_P8 seed=figure8_fixed mode=scna-fp16 layout=lane8 kv_head=0 centered_bits=0xb666,0xaa20,0xb818,0xb17a,0xb842,0xb312,0xb75c,0xb250 p_bits=0x3ae3,0x3bde,0x3a94,0x3b87,0x3a86,0x3b62,0x3ab9,0x3b73
FIG8_ATTENTION_EVENT_COUNT mode=scna-fp16 qo_len=4 phase=warmup iteration=0 events=114 max_events=4256 overflow=0
FIG8_ATTENTION_CHECKSUM mode=scna-fp16 layout=lane8 scna_width=8 seed=figure8_fixed phase=warmup iteration=0 checksum=0x5b162af772c8445e
FIG8_ATTENTION_HOST_TIMING mode=scna-fp16 layout=lane8 scna_width=8 seed=figure8_fixed mask_mode=causal qo_len=4 kv_len=4096 n_heads=12 n_kv_heads=2 head_dim=64 phase=measure iteration=0 host_elapsed_us=976 ret=0
FIG8_ATTENTION_PROFILE_COUNT mode=scna-fp16 qo_len=4 phase=measure iteration=0 records=2 max_records=10
FIG8_ATTENTION_TIMERS mode=scna-fp16 layout=lane8 phase=measure iteration=0 lut_exp=0 scna_layout=1 scna_width=8 qo_len=4 kv_len=4096 n_heads=12 n_kv_heads=2 head_dim=64 kv_head=1 worker=4 profiled_total=394 q_load=1 k_load=40 v_load=55 qk_dot=1 safe_sm=293 scna_exp=263 core_acc=2 o_scale=1 o_store=1
FIG8_NUMERIC seed=figure8_fixed mode=scna-fp16 layout=lane8 kv_head=1 worker=4 qk0_bits=0x0 rowmax0_bits=0x0 rowsum0_bits=0x0 l0_bits=0x0 core_o0_bits=0x0 inv_l0_bits=0x0 scaled_o0_bits=0x0 p0_first_bits=0x0 p0_last_bits=0x0 sum0_first_bits=0x0 sum0_last_bits=0x0 masked_p_nonzero=0 tail_p_nonzero=0 scna_clamp_count=0 score_count=0 centered_score_min=0 centered_score_max=0 final_m0_bits=0x0 final_l0_bits=0x0 final_core_o0_bits=0x0 p_expected_sum_bits=0x0 p_max_abs_error_bits=0x0
FIG8_NUMERIC_QK8 seed=figure8_fixed mode=scna-fp16 layout=lane8 kv_head=1 bits=0x0,0x0,0x0,0x0,0x0,0x0,0x0,0x0
FIG8_NUMERIC_P8 seed=figure8_fixed mode=scna-fp16 layout=lane8 kv_head=1 centered_bits=0x0,0x0,0x0,0x0,0x0,0x0,0x0,0x0 p_bits=0x0,0x0,0x0,0x0,0x0,0x0,0x0,0x0
FIG8_ATTENTION_TIMERS mode=scna-fp16 layout=lane8 phase=measure iteration=0 lut_exp=0 scna_layout=1 scna_width=8 qo_len=4 kv_len=4096 n_heads=12 n_kv_heads=2 head_dim=64 kv_head=0 worker=5 profiled_total=807 q_load=1 k_load=40 v_load=60 qk_dot=1 safe_sm=703 scna_exp=680 core_acc=2 o_scale=0 o_store=0
FIG8_NUMERIC seed=figure8_fixed mode=scna-fp16 layout=lane8 kv_head=0 worker=5 qk0_bits=0xaccb rowmax0_bits=0x3533 rowsum0_bits=0x66a6 l0_bits=0x66a6 core_o0_bits=0x3a7b inv_l0_bits=0xc7b scaled_o0_bits=0xd36 p0_first_bits=0x3a8f p0_last_bits=0x0 sum0_first_bits=0x4454d3d1 sum0_last_bits=0x4454c481 masked_p_nonzero=0 tail_p_nonzero=0 scna_clamp_count=0 score_count=4093 centered_score_min=-0.603027344 centered_score_max=0 final_m0_bits=0x3533 final_l0_bits=0x6b16 final_core_o0_bits=0x3ca7 p_expected_sum_bits=0x454d521e p_max_abs_error_bits=0x3e06d400
FIG8_NUMERIC_BLOCK seed=figure8_fixed mode=scna-fp16 layout=lane8 kv_head=0 block=0 m0_bits=0x3533 rowsum0_bits=0x66a6 l0_bits=0x66a6 p_scalar_sum_bits=0x44d4e380 reduction_min_bits=0x44547911 reduction_max_bits=0x44552da1
FIG8_NUMERIC_BLOCK seed=figure8_fixed mode=scna-fp16 layout=lane8 kv_head=0 block=1 m0_bits=0x3533 rowsum0_bits=0x66a5 l0_bits=0x6aa6 p_scalar_sum_bits=0x44d4de90 reduction_min_bits=0x44546c41 reduction_max_bits=0x44553031
FIG8_NUMERIC_BLOCK seed=figure8_fixed mode=scna-fp16 layout=lane8 kv_head=0 block=2 m0_bits=0x3533 rowsum0_bits=0x5afb l0_bits=0x6b16 p_scalar_sum_bits=0x43607420 reduction_min_bits=0x42dd5181 reduction_max_bits=0x42e37401
FIG8_NUMERIC_QK8 seed=figure8_fixed mode=scna-fp16 layout=lane8 kv_head=0 bits=0xaccb,0x346f,0xb1fb,0x30ec,0xb2a0,0x2ea7,0xb053,0x3016
FIG8_NUMERIC_P8 seed=figure8_fixed mode=scna-fp16 layout=lane8 kv_head=0 centered_bits=0xb666,0xaa20,0xb818,0xb17a,0xb842,0xb312,0xb75c,0xb250 p_bits=0x3ae3,0x3bde,0x3a94,0x3b87,0x3a86,0x3b62,0x3ab9,0x3b73
FIG8_ATTENTION_EVENT_COUNT mode=scna-fp16 qo_len=4 phase=measure iteration=0 events=114 max_events=4256 overflow=0
FIG8_ATTENTION_CHECKSUM mode=scna-fp16 layout=lane8 scna_width=8 seed=figure8_fixed phase=measure iteration=0 checksum=0x5b162af772c8445e
FIG8_ATTENTION_HOST_TIMING mode=scna-fp16 layout=lane8 scna_width=8 seed=figure8_fixed mask_mode=causal qo_len=4 kv_len=4096 n_heads=12 n_kv_heads=2 head_dim=64 phase=measure iteration=1 host_elapsed_us=944 ret=0
FIG8_ATTENTION_PROFILE_COUNT mode=scna-fp16 qo_len=4 phase=measure iteration=1 records=2 max_records=10
FIG8_ATTENTION_TIMERS mode=scna-fp16 layout=lane8 phase=measure iteration=1 lut_exp=0 scna_layout=1 scna_width=8 qo_len=4 kv_len=4096 n_heads=12 n_kv_heads=2 head_dim=64 kv_head=1 worker=3 profiled_total=385 q_load=1 k_load=38 v_load=51 qk_dot=0 safe_sm=292 scna_exp=262 core_acc=1 o_scale=1 o_store=1
FIG8_NUMERIC seed=figure8_fixed mode=scna-fp16 layout=lane8 kv_head=1 worker=3 qk0_bits=0x0 rowmax0_bits=0x0 rowsum0_bits=0x0 l0_bits=0x0 core_o0_bits=0x0 inv_l0_bits=0x0 scaled_o0_bits=0x0 p0_first_bits=0x0 p0_last_bits=0x0 sum0_first_bits=0x0 sum0_last_bits=0x0 masked_p_nonzero=0 tail_p_nonzero=0 scna_clamp_count=0 score_count=0 centered_score_min=0 centered_score_max=0 final_m0_bits=0x0 final_l0_bits=0x0 final_core_o0_bits=0x0 p_expected_sum_bits=0x0 p_max_abs_error_bits=0x0
FIG8_NUMERIC_QK8 seed=figure8_fixed mode=scna-fp16 layout=lane8 kv_head=1 bits=0x0,0x0,0x0,0x0,0x0,0x0,0x0,0x0
FIG8_NUMERIC_P8 seed=figure8_fixed mode=scna-fp16 layout=lane8 kv_head=1 centered_bits=0x0,0x0,0x0,0x0,0x0,0x0,0x0,0x0 p_bits=0x0,0x0,0x0,0x0,0x0,0x0,0x0,0x0
FIG8_ATTENTION_TIMERS mode=scna-fp16 layout=lane8 phase=measure iteration=1 lut_exp=0 scna_layout=1 scna_width=8 qo_len=4 kv_len=4096 n_heads=12 n_kv_heads=2 head_dim=64 kv_head=0 worker=1 profiled_total=764 q_load=1 k_load=38 v_load=52 qk_dot=1 safe_sm=670 scna_exp=650 core_acc=2 o_scale=0 o_store=0
FIG8_NUMERIC seed=figure8_fixed mode=scna-fp16 layout=lane8 kv_head=0 worker=1 qk0_bits=0xaccb rowmax0_bits=0x3533 rowsum0_bits=0x66a6 l0_bits=0x66a6 core_o0_bits=0x3a7b inv_l0_bits=0xc7b scaled_o0_bits=0xd36 p0_first_bits=0x3a8f p0_last_bits=0x0 sum0_first_bits=0x4454d3d1 sum0_last_bits=0x4454c481 masked_p_nonzero=0 tail_p_nonzero=0 scna_clamp_count=0 score_count=4093 centered_score_min=-0.603027344 centered_score_max=0 final_m0_bits=0x3533 final_l0_bits=0x6b16 final_core_o0_bits=0x3ca7 p_expected_sum_bits=0x454d521e p_max_abs_error_bits=0x3e06d400
FIG8_NUMERIC_BLOCK seed=figure8_fixed mode=scna-fp16 layout=lane8 kv_head=0 block=0 m0_bits=0x3533 rowsum0_bits=0x66a6 l0_bits=0x66a6 p_scalar_sum_bits=0x44d4e380 reduction_min_bits=0x44547911 reduction_max_bits=0x44552da1
FIG8_NUMERIC_BLOCK seed=figure8_fixed mode=scna-fp16 layout=lane8 kv_head=0 block=1 m0_bits=0x3533 rowsum0_bits=0x66a5 l0_bits=0x6aa6 p_scalar_sum_bits=0x44d4de90 reduction_min_bits=0x44546c41 reduction_max_bits=0x44553031
FIG8_NUMERIC_BLOCK seed=figure8_fixed mode=scna-fp16 layout=lane8 kv_head=0 block=2 m0_bits=0x3533 rowsum0_bits=0x5afb l0_bits=0x6b16 p_scalar_sum_bits=0x43607420 reduction_min_bits=0x42dd5181 reduction_max_bits=0x42e37401
FIG8_NUMERIC_QK8 seed=figure8_fixed mode=scna-fp16 layout=lane8 kv_head=0 bits=0xaccb,0x346f,0xb1fb,0x30ec,0xb2a0,0x2ea7,0xb053,0x3016
FIG8_NUMERIC_P8 seed=figure8_fixed mode=scna-fp16 layout=lane8 kv_head=0 centered_bits=0xb666,0xaa20,0xb818,0xb17a,0xb842,0xb312,0xb75c,0xb250 p_bits=0x3ae3,0x3bde,0x3a94,0x3b87,0x3a86,0x3b62,0x3ab9,0x3b73
FIG8_ATTENTION_EVENT_COUNT mode=scna-fp16 qo_len=4 phase=measure iteration=1 events=114 max_events=4256 overflow=0
FIG8_ATTENTION_CHECKSUM mode=scna-fp16 layout=lane8 scna_width=8 seed=figure8_fixed phase=measure iteration=1 checksum=0x5b162af772c8445e
FIG8_ATTENTION_HOST_TIMING mode=scna-fp16 layout=lane8 scna_width=8 seed=figure8_fixed mask_mode=causal qo_len=4 kv_len=4096 n_heads=12 n_kv_heads=2 head_dim=64 phase=measure iteration=2 host_elapsed_us=976 ret=0
FIG8_ATTENTION_PROFILE_COUNT mode=scna-fp16 qo_len=4 phase=measure iteration=2 records=2 max_records=10
FIG8_ATTENTION_TIMERS mode=scna-fp16 layout=lane8 phase=measure iteration=2 lut_exp=0 scna_layout=1 scna_width=8 qo_len=4 kv_len=4096 n_heads=12 n_kv_heads=2 head_dim=64 kv_head=1 worker=2 profiled_total=385 q_load=1 k_load=38 v_load=50 qk_dot=1 safe_sm=292 scna_exp=261 core_acc=1 o_scale=1 o_store=1
FIG8_NUMERIC seed=figure8_fixed mode=scna-fp16 layout=lane8 kv_head=1 worker=2 qk0_bits=0x0 rowmax0_bits=0x0 rowsum0_bits=0x0 l0_bits=0x0 core_o0_bits=0x0 inv_l0_bits=0x0 scaled_o0_bits=0x0 p0_first_bits=0x0 p0_last_bits=0x0 sum0_first_bits=0x0 sum0_last_bits=0x0 masked_p_nonzero=0 tail_p_nonzero=0 scna_clamp_count=0 score_count=0 centered_score_min=0 centered_score_max=0 final_m0_bits=0x0 final_l0_bits=0x0 final_core_o0_bits=0x0 p_expected_sum_bits=0x0 p_max_abs_error_bits=0x0
FIG8_NUMERIC_QK8 seed=figure8_fixed mode=scna-fp16 layout=lane8 kv_head=1 bits=0x0,0x0,0x0,0x0,0x0,0x0,0x0,0x0
FIG8_NUMERIC_P8 seed=figure8_fixed mode=scna-fp16 layout=lane8 kv_head=1 centered_bits=0x0,0x0,0x0,0x0,0x0,0x0,0x0,0x0 p_bits=0x0,0x0,0x0,0x0,0x0,0x0,0x0,0x0
FIG8_ATTENTION_TIMERS mode=scna-fp16 layout=lane8 phase=measure iteration=2 lut_exp=0 scna_layout=1 scna_width=8 qo_len=4 kv_len=4096 n_heads=12 n_kv_heads=2 head_dim=64 kv_head=0 worker=5 profiled_total=799 q_load=1 k_load=38 v_load=62 qk_dot=0 safe_sm=696 scna_exp=675 core_acc=1 o_scale=1 o_store=0
FIG8_NUMERIC seed=figure8_fixed mode=scna-fp16 layout=lane8 kv_head=0 worker=5 qk0_bits=0xaccb rowmax0_bits=0x3533 rowsum0_bits=0x66a6 l0_bits=0x66a6 core_o0_bits=0x3a7b inv_l0_bits=0xc7b scaled_o0_bits=0xd36 p0_first_bits=0x3a8f p0_last_bits=0x0 sum0_first_bits=0x4454d3d1 sum0_last_bits=0x4454c481 masked_p_nonzero=0 tail_p_nonzero=0 scna_clamp_count=0 score_count=4093 centered_score_min=-0.603027344 centered_score_max=0 final_m0_bits=0x3533 final_l0_bits=0x6b16 final_core_o0_bits=0x3ca7 p_expected_sum_bits=0x454d521e p_max_abs_error_bits=0x3e06d400
FIG8_NUMERIC_BLOCK seed=figure8_fixed mode=scna-fp16 layout=lane8 kv_head=0 block=0 m0_bits=0x3533 rowsum0_bits=0x66a6 l0_bits=0x66a6 p_scalar_sum_bits=0x44d4e380 reduction_min_bits=0x44547911 reduction_max_bits=0x44552da1
FIG8_NUMERIC_BLOCK seed=figure8_fixed mode=scna-fp16 layout=lane8 kv_head=0 block=1 m0_bits=0x3533 rowsum0_bits=0x66a5 l0_bits=0x6aa6 p_scalar_sum_bits=0x44d4de90 reduction_min_bits=0x44546c41 reduction_max_bits=0x44553031
FIG8_NUMERIC_BLOCK seed=figure8_fixed mode=scna-fp16 layout=lane8 kv_head=0 block=2 m0_bits=0x3533 rowsum0_bits=0x5afb l0_bits=0x6b16 p_scalar_sum_bits=0x43607420 reduction_min_bits=0x42dd5181 reduction_max_bits=0x42e37401
FIG8_NUMERIC_QK8 seed=figure8_fixed mode=scna-fp16 layout=lane8 kv_head=0 bits=0xaccb,0x346f,0xb1fb,0x30ec,0xb2a0,0x2ea7,0xb053,0x3016
FIG8_NUMERIC_P8 seed=figure8_fixed mode=scna-fp16 layout=lane8 kv_head=0 centered_bits=0xb666,0xaa20,0xb818,0xb17a,0xb842,0xb312,0xb75c,0xb250 p_bits=0x3ae3,0x3bde,0x3a94,0x3b87,0x3a86,0x3b62,0x3ab9,0x3b73
FIG8_ATTENTION_EVENT_COUNT mode=scna-fp16 qo_len=4 phase=measure iteration=2 events=114 max_events=4256 overflow=0
FIG8_ATTENTION_CHECKSUM mode=scna-fp16 layout=lane8 scna_width=8 seed=figure8_fixed phase=measure iteration=2 checksum=0x5b162af772c8445e
FIG8_ATTENTION_HOST_TIMING mode=scna-fp16 layout=lane8 scna_width=8 seed=figure8_fixed mask_mode=causal qo_len=4 kv_len=4096 n_heads=12 n_kv_heads=2 head_dim=64 phase=measure iteration=3 host_elapsed_us=978 ret=0
FIG8_ATTENTION_PROFILE_COUNT mode=scna-fp16 qo_len=4 phase=measure iteration=3 records=2 max_records=10
FIG8_ATTENTION_TIMERS mode=scna-fp16 layout=lane8 phase=measure iteration=3 lut_exp=0 scna_layout=1 scna_width=8 qo_len=4 kv_len=4096 n_heads=12 n_kv_heads=2 head_dim=64 kv_head=1 worker=0 profiled_total=392 q_load=1 k_load=38 v_load=53 qk_dot=1 safe_sm=295 scna_exp=261 core_acc=2 o_scale=1 o_store=1
FIG8_NUMERIC seed=figure8_fixed mode=scna-fp16 layout=lane8 kv_head=1 worker=0 qk0_bits=0x0 rowmax0_bits=0x0 rowsum0_bits=0x0 l0_bits=0x0 core_o0_bits=0x0 inv_l0_bits=0x0 scaled_o0_bits=0x0 p0_first_bits=0x0 p0_last_bits=0x0 sum0_first_bits=0x0 sum0_last_bits=0x0 masked_p_nonzero=0 tail_p_nonzero=0 scna_clamp_count=0 score_count=0 centered_score_min=0 centered_score_max=0 final_m0_bits=0x0 final_l0_bits=0x0 final_core_o0_bits=0x0 p_expected_sum_bits=0x0 p_max_abs_error_bits=0x0
FIG8_NUMERIC_QK8 seed=figure8_fixed mode=scna-fp16 layout=lane8 kv_head=1 bits=0x0,0x0,0x0,0x0,0x0,0x0,0x0,0x0
FIG8_NUMERIC_P8 seed=figure8_fixed mode=scna-fp16 layout=lane8 kv_head=1 centered_bits=0x0,0x0,0x0,0x0,0x0,0x0,0x0,0x0 p_bits=0x0,0x0,0x0,0x0,0x0,0x0,0x0,0x0
FIG8_ATTENTION_TIMERS mode=scna-fp16 layout=lane8 phase=measure iteration=3 lut_exp=0 scna_layout=1 scna_width=8 qo_len=4 kv_len=4096 n_heads=12 n_kv_heads=2 head_dim=64 kv_head=0 worker=1 profiled_total=804 q_load=1 k_load=38 v_load=64 qk_dot=0 safe_sm=698 scna_exp=676 core_acc=2 o_scale=1 o_store=0
FIG8_NUMERIC seed=figure8_fixed mode=scna-fp16 layout=lane8 kv_head=0 worker=1 qk0_bits=0xaccb rowmax0_bits=0x3533 rowsum0_bits=0x66a6 l0_bits=0x66a6 core_o0_bits=0x3a7b inv_l0_bits=0xc7b scaled_o0_bits=0xd36 p0_first_bits=0x3a8f p0_last_bits=0x0 sum0_first_bits=0x4454d3d1 sum0_last_bits=0x4454c481 masked_p_nonzero=0 tail_p_nonzero=0 scna_clamp_count=0 score_count=4093 centered_score_min=-0.603027344 centered_score_max=0 final_m0_bits=0x3533 final_l0_bits=0x6b16 final_core_o0_bits=0x3ca7 p_expected_sum_bits=0x454d521e p_max_abs_error_bits=0x3e06d400
FIG8_NUMERIC_BLOCK seed=figure8_fixed mode=scna-fp16 layout=lane8 kv_head=0 block=0 m0_bits=0x3533 rowsum0_bits=0x66a6 l0_bits=0x66a6 p_scalar_sum_bits=0x44d4e380 reduction_min_bits=0x44547911 reduction_max_bits=0x44552da1
FIG8_NUMERIC_BLOCK seed=figure8_fixed mode=scna-fp16 layout=lane8 kv_head=0 block=1 m0_bits=0x3533 rowsum0_bits=0x66a5 l0_bits=0x6aa6 p_scalar_sum_bits=0x44d4de90 reduction_min_bits=0x44546c41 reduction_max_bits=0x44553031
FIG8_NUMERIC_BLOCK seed=figure8_fixed mode=scna-fp16 layout=lane8 kv_head=0 block=2 m0_bits=0x3533 rowsum0_bits=0x5afb l0_bits=0x6b16 p_scalar_sum_bits=0x43607420 reduction_min_bits=0x42dd5181 reduction_max_bits=0x42e37401
FIG8_NUMERIC_QK8 seed=figure8_fixed mode=scna-fp16 layout=lane8 kv_head=0 bits=0xaccb,0x346f,0xb1fb,0x30ec,0xb2a0,0x2ea7,0xb053,0x3016
FIG8_NUMERIC_P8 seed=figure8_fixed mode=scna-fp16 layout=lane8 kv_head=0 centered_bits=0xb666,0xaa20,0xb818,0xb17a,0xb842,0xb312,0xb75c,0xb250 p_bits=0x3ae3,0x3bde,0x3a94,0x3b87,0x3a86,0x3b62,0x3ab9,0x3b73
FIG8_ATTENTION_EVENT_COUNT mode=scna-fp16 qo_len=4 phase=measure iteration=3 events=114 max_events=4256 overflow=0
FIG8_ATTENTION_CHECKSUM mode=scna-fp16 layout=lane8 scna_width=8 seed=figure8_fixed phase=measure iteration=3 checksum=0x5b162af772c8445e
FIG8_ATTENTION_HOST_TIMING mode=scna-fp16 layout=lane8 scna_width=8 seed=figure8_fixed mask_mode=causal qo_len=4 kv_len=4096 n_heads=12 n_kv_heads=2 head_dim=64 phase=measure iteration=4 host_elapsed_us=952 ret=0
FIG8_ATTENTION_PROFILE_COUNT mode=scna-fp16 qo_len=4 phase=measure iteration=4 records=2 max_records=10
FIG8_ATTENTION_TIMERS mode=scna-fp16 layout=lane8 phase=measure iteration=4 lut_exp=0 scna_layout=1 scna_width=8 qo_len=4 kv_len=4096 n_heads=12 n_kv_heads=2 head_dim=64 kv_head=1 worker=3 profiled_total=387 q_load=1 k_load=38 v_load=49 qk_dot=1 safe_sm=294 scna_exp=262 core_acc=2 o_scale=1 o_store=1
FIG8_NUMERIC seed=figure8_fixed mode=scna-fp16 layout=lane8 kv_head=1 worker=3 qk0_bits=0x0 rowmax0_bits=0x0 rowsum0_bits=0x0 l0_bits=0x0 core_o0_bits=0x0 inv_l0_bits=0x0 scaled_o0_bits=0x0 p0_first_bits=0x0 p0_last_bits=0x0 sum0_first_bits=0x0 sum0_last_bits=0x0 masked_p_nonzero=0 tail_p_nonzero=0 scna_clamp_count=0 score_count=0 centered_score_min=0 centered_score_max=0 final_m0_bits=0x0 final_l0_bits=0x0 final_core_o0_bits=0x0 p_expected_sum_bits=0x0 p_max_abs_error_bits=0x0
FIG8_NUMERIC_QK8 seed=figure8_fixed mode=scna-fp16 layout=lane8 kv_head=1 bits=0x0,0x0,0x0,0x0,0x0,0x0,0x0,0x0
FIG8_NUMERIC_P8 seed=figure8_fixed mode=scna-fp16 layout=lane8 kv_head=1 centered_bits=0x0,0x0,0x0,0x0,0x0,0x0,0x0,0x0 p_bits=0x0,0x0,0x0,0x0,0x0,0x0,0x0,0x0
FIG8_ATTENTION_TIMERS mode=scna-fp16 layout=lane8 phase=measure iteration=4 lut_exp=0 scna_layout=1 scna_width=8 qo_len=4 kv_len=4096 n_heads=12 n_kv_heads=2 head_dim=64 kv_head=0 worker=5 profiled_total=796 q_load=1 k_load=38 v_load=53 qk_dot=1 safe_sm=701 scna_exp=678 core_acc=2 o_scale=0 o_store=0
FIG8_NUMERIC seed=figure8_fixed mode=scna-fp16 layout=lane8 kv_head=0 worker=5 qk0_bits=0xaccb rowmax0_bits=0x3533 rowsum0_bits=0x66a6 l0_bits=0x66a6 core_o0_bits=0x3a7b inv_l0_bits=0xc7b scaled_o0_bits=0xd36 p0_first_bits=0x3a8f p0_last_bits=0x0 sum0_first_bits=0x4454d3d1 sum0_last_bits=0x4454c481 masked_p_nonzero=0 tail_p_nonzero=0 scna_clamp_count=0 score_count=4093 centered_score_min=-0.603027344 centered_score_max=0 final_m0_bits=0x3533 final_l0_bits=0x6b16 final_core_o0_bits=0x3ca7 p_expected_sum_bits=0x454d521e p_max_abs_error_bits=0x3e06d400
FIG8_NUMERIC_BLOCK seed=figure8_fixed mode=scna-fp16 layout=lane8 kv_head=0 block=0 m0_bits=0x3533 rowsum0_bits=0x66a6 l0_bits=0x66a6 p_scalar_sum_bits=0x44d4e380 reduction_min_bits=0x44547911 reduction_max_bits=0x44552da1
FIG8_NUMERIC_BLOCK seed=figure8_fixed mode=scna-fp16 layout=lane8 kv_head=0 block=1 m0_bits=0x3533 rowsum0_bits=0x66a5 l0_bits=0x6aa6 p_scalar_sum_bits=0x44d4de90 reduction_min_bits=0x44546c41 reduction_max_bits=0x44553031
FIG8_NUMERIC_BLOCK seed=figure8_fixed mode=scna-fp16 layout=lane8 kv_head=0 block=2 m0_bits=0x3533 rowsum0_bits=0x5afb l0_bits=0x6b16 p_scalar_sum_bits=0x43607420 reduction_min_bits=0x42dd5181 reduction_max_bits=0x42e37401
FIG8_NUMERIC_QK8 seed=figure8_fixed mode=scna-fp16 layout=lane8 kv_head=0 bits=0xaccb,0x346f,0xb1fb,0x30ec,0xb2a0,0x2ea7,0xb053,0x3016
FIG8_NUMERIC_P8 seed=figure8_fixed mode=scna-fp16 layout=lane8 kv_head=0 centered_bits=0xb666,0xaa20,0xb818,0xb17a,0xb842,0xb312,0xb75c,0xb250 p_bits=0x3ae3,0x3bde,0x3a94,0x3b87,0x3a86,0x3b62,0x3ab9,0x3b73
FIG8_ATTENTION_EVENT_COUNT mode=scna-fp16 qo_len=4 phase=measure iteration=4 events=114 max_events=4256 overflow=0
FIG8_ATTENTION_CHECKSUM mode=scna-fp16 layout=lane8 scna_width=8 seed=figure8_fixed phase=measure iteration=4 checksum=0x5b162af772c8445e
FIG8_ATTENTION_HOST_TIMING mode=scna-fp16 layout=lane8 scna_width=8 seed=figure8_fixed mask_mode=causal qo_len=4 kv_len=4096 n_heads=12 n_kv_heads=2 head_dim=64 phase=measure iteration=5 host_elapsed_us=992 ret=0
FIG8_ATTENTION_PROFILE_COUNT mode=scna-fp16 qo_len=4 phase=measure iteration=5 records=2 max_records=10
FIG8_ATTENTION_TIMERS mode=scna-fp16 layout=lane8 phase=measure iteration=5 lut_exp=0 scna_layout=1 scna_width=8 qo_len=4 kv_len=4096 n_heads=12 n_kv_heads=2 head_dim=64 kv_head=1 worker=2 profiled_total=385 q_load=1 k_load=38 v_load=51 qk_dot=1 safe_sm=291 scna_exp=260 core_acc=1 o_scale=1 o_store=1
FIG8_NUMERIC seed=figure8_fixed mode=scna-fp16 layout=lane8 kv_head=1 worker=2 qk0_bits=0x0 rowmax0_bits=0x0 rowsum0_bits=0x0 l0_bits=0x0 core_o0_bits=0x0 inv_l0_bits=0x0 scaled_o0_bits=0x0 p0_first_bits=0x0 p0_last_bits=0x0 sum0_first_bits=0x0 sum0_last_bits=0x0 masked_p_nonzero=0 tail_p_nonzero=0 scna_clamp_count=0 score_count=0 centered_score_min=0 centered_score_max=0 final_m0_bits=0x0 final_l0_bits=0x0 final_core_o0_bits=0x0 p_expected_sum_bits=0x0 p_max_abs_error_bits=0x0
FIG8_NUMERIC_QK8 seed=figure8_fixed mode=scna-fp16 layout=lane8 kv_head=1 bits=0x0,0x0,0x0,0x0,0x0,0x0,0x0,0x0
FIG8_NUMERIC_P8 seed=figure8_fixed mode=scna-fp16 layout=lane8 kv_head=1 centered_bits=0x0,0x0,0x0,0x0,0x0,0x0,0x0,0x0 p_bits=0x0,0x0,0x0,0x0,0x0,0x0,0x0,0x0
FIG8_ATTENTION_TIMERS mode=scna-fp16 layout=lane8 phase=measure iteration=5 lut_exp=0 scna_layout=1 scna_width=8 qo_len=4 kv_len=4096 n_heads=12 n_kv_heads=2 head_dim=64 kv_head=0 worker=1 profiled_total=792 q_load=1 k_load=38 v_load=62 qk_dot=0 safe_sm=689 scna_exp=668 core_acc=1 o_scale=1 o_store=0
FIG8_NUMERIC seed=figure8_fixed mode=scna-fp16 layout=lane8 kv_head=0 worker=1 qk0_bits=0xaccb rowmax0_bits=0x3533 rowsum0_bits=0x66a6 l0_bits=0x66a6 core_o0_bits=0x3a7b inv_l0_bits=0xc7b scaled_o0_bits=0xd36 p0_first_bits=0x3a8f p0_last_bits=0x0 sum0_first_bits=0x4454d3d1 sum0_last_bits=0x4454c481 masked_p_nonzero=0 tail_p_nonzero=0 scna_clamp_count=0 score_count=4093 centered_score_min=-0.603027344 centered_score_max=0 final_m0_bits=0x3533 final_l0_bits=0x6b16 final_core_o0_bits=0x3ca7 p_expected_sum_bits=0x454d521e p_max_abs_error_bits=0x3e06d400
FIG8_NUMERIC_BLOCK seed=figure8_fixed mode=scna-fp16 layout=lane8 kv_head=0 block=0 m0_bits=0x3533 rowsum0_bits=0x66a6 l0_bits=0x66a6 p_scalar_sum_bits=0x44d4e380 reduction_min_bits=0x44547911 reduction_max_bits=0x44552da1
FIG8_NUMERIC_BLOCK seed=figure8_fixed mode=scna-fp16 layout=lane8 kv_head=0 block=1 m0_bits=0x3533 rowsum0_bits=0x66a5 l0_bits=0x6aa6 p_scalar_sum_bits=0x44d4de90 reduction_min_bits=0x44546c41 reduction_max_bits=0x44553031
FIG8_NUMERIC_BLOCK seed=figure8_fixed mode=scna-fp16 layout=lane8 kv_head=0 block=2 m0_bits=0x3533 rowsum0_bits=0x5afb l0_bits=0x6b16 p_scalar_sum_bits=0x43607420 reduction_min_bits=0x42dd5181 reduction_max_bits=0x42e37401
FIG8_NUMERIC_QK8 seed=figure8_fixed mode=scna-fp16 layout=lane8 kv_head=0 bits=0xaccb,0x346f,0xb1fb,0x30ec,0xb2a0,0x2ea7,0xb053,0x3016
FIG8_NUMERIC_P8 seed=figure8_fixed mode=scna-fp16 layout=lane8 kv_head=0 centered_bits=0xb666,0xaa20,0xb818,0xb17a,0xb842,0xb312,0xb75c,0xb250 p_bits=0x3ae3,0x3bde,0x3a94,0x3b87,0x3a86,0x3b62,0x3ab9,0x3b73
FIG8_ATTENTION_EVENT_COUNT mode=scna-fp16 qo_len=4 phase=measure iteration=5 events=114 max_events=4256 overflow=0
FIG8_ATTENTION_CHECKSUM mode=scna-fp16 layout=lane8 scna_width=8 seed=figure8_fixed phase=measure iteration=5 checksum=0x5b162af772c8445e
FIG8_ATTENTION_HOST_TIMING mode=scna-fp16 layout=lane8 scna_width=8 seed=figure8_fixed mask_mode=causal qo_len=4 kv_len=4096 n_heads=12 n_kv_heads=2 head_dim=64 phase=measure iteration=6 host_elapsed_us=961 ret=0
FIG8_ATTENTION_PROFILE_COUNT mode=scna-fp16 qo_len=4 phase=measure iteration=6 records=2 max_records=10
FIG8_ATTENTION_TIMERS mode=scna-fp16 layout=lane8 phase=measure iteration=6 lut_exp=0 scna_layout=1 scna_width=8 qo_len=4 kv_len=4096 n_heads=12 n_kv_heads=2 head_dim=64 kv_head=1 worker=0 profiled_total=387 q_load=1 k_load=39 v_load=51 qk_dot=1 safe_sm=291 scna_exp=261 core_acc=2 o_scale=1 o_store=1
FIG8_NUMERIC seed=figure8_fixed mode=scna-fp16 layout=lane8 kv_head=1 worker=0 qk0_bits=0x0 rowmax0_bits=0x0 rowsum0_bits=0x0 l0_bits=0x0 core_o0_bits=0x0 inv_l0_bits=0x0 scaled_o0_bits=0x0 p0_first_bits=0x0 p0_last_bits=0x0 sum0_first_bits=0x0 sum0_last_bits=0x0 masked_p_nonzero=0 tail_p_nonzero=0 scna_clamp_count=0 score_count=0 centered_score_min=0 centered_score_max=0 final_m0_bits=0x0 final_l0_bits=0x0 final_core_o0_bits=0x0 p_expected_sum_bits=0x0 p_max_abs_error_bits=0x0
FIG8_NUMERIC_QK8 seed=figure8_fixed mode=scna-fp16 layout=lane8 kv_head=1 bits=0x0,0x0,0x0,0x0,0x0,0x0,0x0,0x0
FIG8_NUMERIC_P8 seed=figure8_fixed mode=scna-fp16 layout=lane8 kv_head=1 centered_bits=0x0,0x0,0x0,0x0,0x0,0x0,0x0,0x0 p_bits=0x0,0x0,0x0,0x0,0x0,0x0,0x0,0x0
FIG8_ATTENTION_TIMERS mode=scna-fp16 layout=lane8 phase=measure iteration=6 lut_exp=0 scna_layout=1 scna_width=8 qo_len=4 kv_len=4096 n_heads=12 n_kv_heads=2 head_dim=64 kv_head=0 worker=5 profiled_total=779 q_load=1 k_load=39 v_load=62 qk_dot=0 safe_sm=675 scna_exp=656 core_acc=2 o_scale=0 o_store=0
FIG8_NUMERIC seed=figure8_fixed mode=scna-fp16 layout=lane8 kv_head=0 worker=5 qk0_bits=0xaccb rowmax0_bits=0x3533 rowsum0_bits=0x66a6 l0_bits=0x66a6 core_o0_bits=0x3a7b inv_l0_bits=0xc7b scaled_o0_bits=0xd36 p0_first_bits=0x3a8f p0_last_bits=0x0 sum0_first_bits=0x4454d3d1 sum0_last_bits=0x4454c481 masked_p_nonzero=0 tail_p_nonzero=0 scna_clamp_count=0 score_count=4093 centered_score_min=-0.603027344 centered_score_max=0 final_m0_bits=0x3533 final_l0_bits=0x6b16 final_core_o0_bits=0x3ca7 p_expected_sum_bits=0x454d521e p_max_abs_error_bits=0x3e06d400
FIG8_NUMERIC_BLOCK seed=figure8_fixed mode=scna-fp16 layout=lane8 kv_head=0 block=0 m0_bits=0x3533 rowsum0_bits=0x66a6 l0_bits=0x66a6 p_scalar_sum_bits=0x44d4e380 reduction_min_bits=0x44547911 reduction_max_bits=0x44552da1
FIG8_NUMERIC_BLOCK seed=figure8_fixed mode=scna-fp16 layout=lane8 kv_head=0 block=1 m0_bits=0x3533 rowsum0_bits=0x66a5 l0_bits=0x6aa6 p_scalar_sum_bits=0x44d4de90 reduction_min_bits=0x44546c41 reduction_max_bits=0x44553031
FIG8_NUMERIC_BLOCK seed=figure8_fixed mode=scna-fp16 layout=lane8 kv_head=0 block=2 m0_bits=0x3533 rowsum0_bits=0x5afb l0_bits=0x6b16 p_scalar_sum_bits=0x43607420 reduction_min_bits=0x42dd5181 reduction_max_bits=0x42e37401
FIG8_NUMERIC_QK8 seed=figure8_fixed mode=scna-fp16 layout=lane8 kv_head=0 bits=0xaccb,0x346f,0xb1fb,0x30ec,0xb2a0,0x2ea7,0xb053,0x3016
FIG8_NUMERIC_P8 seed=figure8_fixed mode=scna-fp16 layout=lane8 kv_head=0 centered_bits=0xb666,0xaa20,0xb818,0xb17a,0xb842,0xb312,0xb75c,0xb250 p_bits=0x3ae3,0x3bde,0x3a94,0x3b87,0x3a86,0x3b62,0x3ab9,0x3b73
FIG8_ATTENTION_EVENT_COUNT mode=scna-fp16 qo_len=4 phase=measure iteration=6 events=114 max_events=4256 overflow=0
FIG8_ATTENTION_CHECKSUM mode=scna-fp16 layout=lane8 scna_width=8 seed=figure8_fixed phase=measure iteration=6 checksum=0x5b162af772c8445e
FIG8_ATTENTION_HOST_TIMING mode=scna-fp16 layout=lane8 scna_width=8 seed=figure8_fixed mask_mode=causal qo_len=4 kv_len=4096 n_heads=12 n_kv_heads=2 head_dim=64 phase=measure iteration=7 host_elapsed_us=954 ret=0
FIG8_ATTENTION_PROFILE_COUNT mode=scna-fp16 qo_len=4 phase=measure iteration=7 records=2 max_records=10
FIG8_ATTENTION_TIMERS mode=scna-fp16 layout=lane8 phase=measure iteration=7 lut_exp=0 scna_layout=1 scna_width=8 qo_len=4 kv_len=4096 n_heads=12 n_kv_heads=2 head_dim=64 kv_head=1 worker=2 profiled_total=385 q_load=1 k_load=38 v_load=48 qk_dot=0 safe_sm=294 scna_exp=262 core_acc=2 o_scale=1 o_store=1
FIG8_NUMERIC seed=figure8_fixed mode=scna-fp16 layout=lane8 kv_head=1 worker=2 qk0_bits=0x0 rowmax0_bits=0x0 rowsum0_bits=0x0 l0_bits=0x0 core_o0_bits=0x0 inv_l0_bits=0x0 scaled_o0_bits=0x0 p0_first_bits=0x0 p0_last_bits=0x0 sum0_first_bits=0x0 sum0_last_bits=0x0 masked_p_nonzero=0 tail_p_nonzero=0 scna_clamp_count=0 score_count=0 centered_score_min=0 centered_score_max=0 final_m0_bits=0x0 final_l0_bits=0x0 final_core_o0_bits=0x0 p_expected_sum_bits=0x0 p_max_abs_error_bits=0x0
FIG8_NUMERIC_QK8 seed=figure8_fixed mode=scna-fp16 layout=lane8 kv_head=1 bits=0x0,0x0,0x0,0x0,0x0,0x0,0x0,0x0
FIG8_NUMERIC_P8 seed=figure8_fixed mode=scna-fp16 layout=lane8 kv_head=1 centered_bits=0x0,0x0,0x0,0x0,0x0,0x0,0x0,0x0 p_bits=0x0,0x0,0x0,0x0,0x0,0x0,0x0,0x0
FIG8_ATTENTION_TIMERS mode=scna-fp16 layout=lane8 phase=measure iteration=7 lut_exp=0 scna_layout=1 scna_width=8 qo_len=4 kv_len=4096 n_heads=12 n_kv_heads=2 head_dim=64 kv_head=0 worker=4 profiled_total=783 q_load=1 k_load=38 v_load=63 qk_dot=1 safe_sm=678 scna_exp=657 core_acc=2 o_scale=0 o_store=0
FIG8_NUMERIC seed=figure8_fixed mode=scna-fp16 layout=lane8 kv_head=0 worker=4 qk0_bits=0xaccb rowmax0_bits=0x3533 rowsum0_bits=0x66a6 l0_bits=0x66a6 core_o0_bits=0x3a7b inv_l0_bits=0xc7b scaled_o0_bits=0xd36 p0_first_bits=0x3a8f p0_last_bits=0x0 sum0_first_bits=0x4454d3d1 sum0_last_bits=0x4454c481 masked_p_nonzero=0 tail_p_nonzero=0 scna_clamp_count=0 score_count=4093 centered_score_min=-0.603027344 centered_score_max=0 final_m0_bits=0x3533 final_l0_bits=0x6b16 final_core_o0_bits=0x3ca7 p_expected_sum_bits=0x454d521e p_max_abs_error_bits=0x3e06d400
FIG8_NUMERIC_BLOCK seed=figure8_fixed mode=scna-fp16 layout=lane8 kv_head=0 block=0 m0_bits=0x3533 rowsum0_bits=0x66a6 l0_bits=0x66a6 p_scalar_sum_bits=0x44d4e380 reduction_min_bits=0x44547911 reduction_max_bits=0x44552da1
FIG8_NUMERIC_BLOCK seed=figure8_fixed mode=scna-fp16 layout=lane8 kv_head=0 block=1 m0_bits=0x3533 rowsum0_bits=0x66a5 l0_bits=0x6aa6 p_scalar_sum_bits=0x44d4de90 reduction_min_bits=0x44546c41 reduction_max_bits=0x44553031
FIG8_NUMERIC_BLOCK seed=figure8_fixed mode=scna-fp16 layout=lane8 kv_head=0 block=2 m0_bits=0x3533 rowsum0_bits=0x5afb l0_bits=0x6b16 p_scalar_sum_bits=0x43607420 reduction_min_bits=0x42dd5181 reduction_max_bits=0x42e37401
FIG8_NUMERIC_QK8 seed=figure8_fixed mode=scna-fp16 layout=lane8 kv_head=0 bits=0xaccb,0x346f,0xb1fb,0x30ec,0xb2a0,0x2ea7,0xb053,0x3016
FIG8_NUMERIC_P8 seed=figure8_fixed mode=scna-fp16 layout=lane8 kv_head=0 centered_bits=0xb666,0xaa20,0xb818,0xb17a,0xb842,0xb312,0xb75c,0xb250 p_bits=0x3ae3,0x3bde,0x3a94,0x3b87,0x3a86,0x3b62,0x3ab9,0x3b73
FIG8_ATTENTION_EVENT_COUNT mode=scna-fp16 qo_len=4 phase=measure iteration=7 events=114 max_events=4256 overflow=0
FIG8_ATTENTION_CHECKSUM mode=scna-fp16 layout=lane8 scna_width=8 seed=figure8_fixed phase=measure iteration=7 checksum=0x5b162af772c8445e
FIG8_ATTENTION_HOST_TIMING mode=scna-fp16 layout=lane8 scna_width=8 seed=figure8_fixed mask_mode=causal qo_len=4 kv_len=4096 n_heads=12 n_kv_heads=2 head_dim=64 phase=measure iteration=8 host_elapsed_us=983 ret=0
FIG8_ATTENTION_PROFILE_COUNT mode=scna-fp16 qo_len=4 phase=measure iteration=8 records=2 max_records=10
FIG8_ATTENTION_TIMERS mode=scna-fp16 layout=lane8 phase=measure iteration=8 lut_exp=0 scna_layout=1 scna_width=8 qo_len=4 kv_len=4096 n_heads=12 n_kv_heads=2 head_dim=64 kv_head=1 worker=5 profiled_total=385 q_load=1 k_load=39 v_load=48 qk_dot=0 safe_sm=293 scna_exp=261 core_acc=2 o_scale=1 o_store=1
FIG8_NUMERIC seed=figure8_fixed mode=scna-fp16 layout=lane8 kv_head=1 worker=5 qk0_bits=0x0 rowmax0_bits=0x0 rowsum0_bits=0x0 l0_bits=0x0 core_o0_bits=0x0 inv_l0_bits=0x0 scaled_o0_bits=0x0 p0_first_bits=0x0 p0_last_bits=0x0 sum0_first_bits=0x0 sum0_last_bits=0x0 masked_p_nonzero=0 tail_p_nonzero=0 scna_clamp_count=0 score_count=0 centered_score_min=0 centered_score_max=0 final_m0_bits=0x0 final_l0_bits=0x0 final_core_o0_bits=0x0 p_expected_sum_bits=0x0 p_max_abs_error_bits=0x0
FIG8_NUMERIC_QK8 seed=figure8_fixed mode=scna-fp16 layout=lane8 kv_head=1 bits=0x0,0x0,0x0,0x0,0x0,0x0,0x0,0x0
FIG8_NUMERIC_P8 seed=figure8_fixed mode=scna-fp16 layout=lane8 kv_head=1 centered_bits=0x0,0x0,0x0,0x0,0x0,0x0,0x0,0x0 p_bits=0x0,0x0,0x0,0x0,0x0,0x0,0x0,0x0
FIG8_ATTENTION_TIMERS mode=scna-fp16 layout=lane8 phase=measure iteration=8 lut_exp=0 scna_layout=1 scna_width=8 qo_len=4 kv_len=4096 n_heads=12 n_kv_heads=2 head_dim=64 kv_head=0 worker=1 profiled_total=805 q_load=1 k_load=40 v_load=63 qk_dot=1 safe_sm=697 scna_exp=676 core_acc=2 o_scale=1 o_store=0
FIG8_NUMERIC seed=figure8_fixed mode=scna-fp16 layout=lane8 kv_head=0 worker=1 qk0_bits=0xaccb rowmax0_bits=0x3533 rowsum0_bits=0x66a6 l0_bits=0x66a6 core_o0_bits=0x3a7b inv_l0_bits=0xc7b scaled_o0_bits=0xd36 p0_first_bits=0x3a8f p0_last_bits=0x0 sum0_first_bits=0x4454d3d1 sum0_last_bits=0x4454c481 masked_p_nonzero=0 tail_p_nonzero=0 scna_clamp_count=0 score_count=4093 centered_score_min=-0.603027344 centered_score_max=0 final_m0_bits=0x3533 final_l0_bits=0x6b16 final_core_o0_bits=0x3ca7 p_expected_sum_bits=0x454d521e p_max_abs_error_bits=0x3e06d400
FIG8_NUMERIC_BLOCK seed=figure8_fixed mode=scna-fp16 layout=lane8 kv_head=0 block=0 m0_bits=0x3533 rowsum0_bits=0x66a6 l0_bits=0x66a6 p_scalar_sum_bits=0x44d4e380 reduction_min_bits=0x44547911 reduction_max_bits=0x44552da1
FIG8_NUMERIC_BLOCK seed=figure8_fixed mode=scna-fp16 layout=lane8 kv_head=0 block=1 m0_bits=0x3533 rowsum0_bits=0x66a5 l0_bits=0x6aa6 p_scalar_sum_bits=0x44d4de90 reduction_min_bits=0x44546c41 reduction_max_bits=0x44553031
FIG8_NUMERIC_BLOCK seed=figure8_fixed mode=scna-fp16 layout=lane8 kv_head=0 block=2 m0_bits=0x3533 rowsum0_bits=0x5afb l0_bits=0x6b16 p_scalar_sum_bits=0x43607420 reduction_min_bits=0x42dd5181 reduction_max_bits=0x42e37401
FIG8_NUMERIC_QK8 seed=figure8_fixed mode=scna-fp16 layout=lane8 kv_head=0 bits=0xaccb,0x346f,0xb1fb,0x30ec,0xb2a0,0x2ea7,0xb053,0x3016
FIG8_NUMERIC_P8 seed=figure8_fixed mode=scna-fp16 layout=lane8 kv_head=0 centered_bits=0xb666,0xaa20,0xb818,0xb17a,0xb842,0xb312,0xb75c,0xb250 p_bits=0x3ae3,0x3bde,0x3a94,0x3b87,0x3a86,0x3b62,0x3ab9,0x3b73
FIG8_ATTENTION_EVENT_COUNT mode=scna-fp16 qo_len=4 phase=measure iteration=8 events=114 max_events=4256 overflow=0
FIG8_ATTENTION_CHECKSUM mode=scna-fp16 layout=lane8 scna_width=8 seed=figure8_fixed phase=measure iteration=8 checksum=0x5b162af772c8445e
FIG8_ATTENTION_HOST_TIMING mode=scna-fp16 layout=lane8 scna_width=8 seed=figure8_fixed mask_mode=causal qo_len=4 kv_len=4096 n_heads=12 n_kv_heads=2 head_dim=64 phase=measure iteration=9 host_elapsed_us=972 ret=0
FIG8_ATTENTION_PROFILE_COUNT mode=scna-fp16 qo_len=4 phase=measure iteration=9 records=2 max_records=10
FIG8_ATTENTION_TIMERS mode=scna-fp16 layout=lane8 phase=measure iteration=9 lut_exp=0 scna_layout=1 scna_width=8 qo_len=4 kv_len=4096 n_heads=12 n_kv_heads=2 head_dim=64 kv_head=1 worker=0 profiled_total=391 q_load=1 k_load=40 v_load=50 qk_dot=1 safe_sm=295 scna_exp=262 core_acc=2 o_scale=1 o_store=1
FIG8_NUMERIC seed=figure8_fixed mode=scna-fp16 layout=lane8 kv_head=1 worker=0 qk0_bits=0x0 rowmax0_bits=0x0 rowsum0_bits=0x0 l0_bits=0x0 core_o0_bits=0x0 inv_l0_bits=0x0 scaled_o0_bits=0x0 p0_first_bits=0x0 p0_last_bits=0x0 sum0_first_bits=0x0 sum0_last_bits=0x0 masked_p_nonzero=0 tail_p_nonzero=0 scna_clamp_count=0 score_count=0 centered_score_min=0 centered_score_max=0 final_m0_bits=0x0 final_l0_bits=0x0 final_core_o0_bits=0x0 p_expected_sum_bits=0x0 p_max_abs_error_bits=0x0
FIG8_NUMERIC_QK8 seed=figure8_fixed mode=scna-fp16 layout=lane8 kv_head=1 bits=0x0,0x0,0x0,0x0,0x0,0x0,0x0,0x0
FIG8_NUMERIC_P8 seed=figure8_fixed mode=scna-fp16 layout=lane8 kv_head=1 centered_bits=0x0,0x0,0x0,0x0,0x0,0x0,0x0,0x0 p_bits=0x0,0x0,0x0,0x0,0x0,0x0,0x0,0x0
FIG8_ATTENTION_TIMERS mode=scna-fp16 layout=lane8 phase=measure iteration=9 lut_exp=0 scna_layout=1 scna_width=8 qo_len=4 kv_len=4096 n_heads=12 n_kv_heads=2 head_dim=64 kv_head=0 worker=3 profiled_total=782 q_load=1 k_load=40 v_load=60 qk_dot=1 safe_sm=678 scna_exp=658 core_acc=1 o_scale=1 o_store=0
FIG8_NUMERIC seed=figure8_fixed mode=scna-fp16 layout=lane8 kv_head=0 worker=3 qk0_bits=0xaccb rowmax0_bits=0x3533 rowsum0_bits=0x66a6 l0_bits=0x66a6 core_o0_bits=0x3a7b inv_l0_bits=0xc7b scaled_o0_bits=0xd36 p0_first_bits=0x3a8f p0_last_bits=0x0 sum0_first_bits=0x4454d3d1 sum0_last_bits=0x4454c481 masked_p_nonzero=0 tail_p_nonzero=0 scna_clamp_count=0 score_count=4093 centered_score_min=-0.603027344 centered_score_max=0 final_m0_bits=0x3533 final_l0_bits=0x6b16 final_core_o0_bits=0x3ca7 p_expected_sum_bits=0x454d521e p_max_abs_error_bits=0x3e06d400
FIG8_NUMERIC_BLOCK seed=figure8_fixed mode=scna-fp16 layout=lane8 kv_head=0 block=0 m0_bits=0x3533 rowsum0_bits=0x66a6 l0_bits=0x66a6 p_scalar_sum_bits=0x44d4e380 reduction_min_bits=0x44547911 reduction_max_bits=0x44552da1
FIG8_NUMERIC_BLOCK seed=figure8_fixed mode=scna-fp16 layout=lane8 kv_head=0 block=1 m0_bits=0x3533 rowsum0_bits=0x66a5 l0_bits=0x6aa6 p_scalar_sum_bits=0x44d4de90 reduction_min_bits=0x44546c41 reduction_max_bits=0x44553031
FIG8_NUMERIC_BLOCK seed=figure8_fixed mode=scna-fp16 layout=lane8 kv_head=0 block=2 m0_bits=0x3533 rowsum0_bits=0x5afb l0_bits=0x6b16 p_scalar_sum_bits=0x43607420 reduction_min_bits=0x42dd5181 reduction_max_bits=0x42e37401
FIG8_NUMERIC_QK8 seed=figure8_fixed mode=scna-fp16 layout=lane8 kv_head=0 bits=0xaccb,0x346f,0xb1fb,0x30ec,0xb2a0,0x2ea7,0xb053,0x3016
FIG8_NUMERIC_P8 seed=figure8_fixed mode=scna-fp16 layout=lane8 kv_head=0 centered_bits=0xb666,0xaa20,0xb818,0xb17a,0xb842,0xb312,0xb75c,0xb250 p_bits=0x3ae3,0x3bde,0x3a94,0x3b87,0x3a86,0x3b62,0x3ab9,0x3b73
FIG8_ATTENTION_EVENT_COUNT mode=scna-fp16 qo_len=4 phase=measure iteration=9 events=114 max_events=4256 overflow=0
FIG8_ATTENTION_CHECKSUM mode=scna-fp16 layout=lane8 scna_width=8 seed=figure8_fixed phase=measure iteration=9 checksum=0x5b162af772c8445e
FIG8_ATTENTION_LAYOUT_REPLAY seed=figure8_fixed primary_layout=lane8 alternate_layout=serial ret=0
FIG8_ATTENTION_LAYOUT_COMPARE seed=figure8_fixed width=8 mask_mode=causal qo_len=4 kv_len=4096 n_heads=12 n_kv_heads=2 head_dim=64 elements=3072 serial_checksum=0x34f181fd016af518 lane8_checksum=0x5b162af772c8445e rmse=1.20147592e-06 max_abs_error=3.81469727e-06 serial_nonfinite=0 lane8_nonfinite=0 rmse_limit=0.0001 max_abs_limit=0.001 pass=1
FIG8_ATTENTION_REFERENCE_TIMING reference_mode=host-fp32 qo_len=4 kv_len=4096 n_heads=12 n_kv_heads=2 head_dim=64 elapsed_us=44486 ret=0
FIG8_ATTENTION_COMPARE candidate_mode=scna-fp16 layout=lane8 scna_width=8 reference_mode=host-fp32 seed=figure8_fixed mask_mode=causal qo_len=4 kv_len=4096 n_heads=12 n_kv_heads=2 head_dim=64 elements=3072 rmse=3.5279536e-05 relative_l2=0.10041929 max_abs_error=0.000119733158 candidate_nonfinite=0 reference_nonfinite=0 rmse_limit=0.002 max_abs_limit=0.01 pass=1
FIG8_ATTENTION_COMPARE_HEAD seed=figure8_fixed mode=scna-fp16 layout=lane8 head=0 rmse=3.49619622e-05 max_abs_error=0.000105033505 candidate_first=0.000318050414 reference_first=0.000286904396
FIG8_ATTENTION_COMPARE_HEAD seed=figure8_fixed mode=scna-fp16 layout=lane8 head=1 rmse=3.44900909e-05 max_abs_error=9.32113107e-05 candidate_first=0.000390529662 reference_first=0.000382821134
FIG8_ATTENTION_COMPARE_HEAD seed=figure8_fixed mode=scna-fp16 layout=lane8 head=2 rmse=3.74862284e-05 max_abs_error=0.000111731613 candidate_first=0.000468254118 reference_first=0.000520120433
FIG8_ATTENTION_COMPARE_HEAD seed=figure8_fixed mode=scna-fp16 layout=lane8 head=3 rmse=3.64591142e-05 max_abs_error=0.000119733158 candidate_first=0.000402450591 reference_first=0.000432590488
FIG8_ATTENTION_COMPARE_HEAD seed=figure8_fixed mode=scna-fp16 layout=lane8 head=4 rmse=3.53276373e-05 max_abs_error=0.000108277309 candidate_first=0.000351905852 reference_first=0.000329072907
FIG8_ATTENTION_COMPARE_HEAD seed=figure8_fixed mode=scna-fp16 layout=lane8 head=5 rmse=3.55449884e-05 max_abs_error=0.000112962822 candidate_first=0.000470161467 reference_first=0.000525533687
FIG8_ATTENTION_COMPARE_HEAD seed=figure8_fixed mode=scna-fp16 layout=lane8 head=6 rmse=3.29090617e-05 max_abs_error=8.74936231e-05 candidate_first=-0.000250339479 reference_first=-0.000231994534
FIG8_ATTENTION_COMPARE_HEAD seed=figure8_fixed mode=scna-fp16 layout=lane8 head=7 rmse=3.61213824e-05 max_abs_error=9.97004099e-05 candidate_first=-0.000261306734 reference_first=-0.00025415697
FIG8_ATTENTION_COMPARE_HEAD seed=figure8_fixed mode=scna-fp16 layout=lane8 head=8 rmse=3.26059999e-05 max_abs_error=0.000103646424 candidate_first=-0.000319480867 reference_first=-0.000355065335
FIG8_ATTENTION_COMPARE_HEAD seed=figure8_fixed mode=scna-fp16 layout=lane8 head=9 rmse=3.32451928e-05 max_abs_error=9.40258396e-05 candidate_first=-0.000307083101 reference_first=-0.00032500262
FIG8_ATTENTION_COMPARE_HEAD seed=figure8_fixed mode=scna-fp16 layout=lane8 head=10 rmse=3.75173768e-05 max_abs_error=9.91611159e-05 candidate_first=-0.000260829896 reference_first=-0.000244116498
FIG8_ATTENTION_COMPARE_HEAD seed=figure8_fixed mode=scna-fp16 layout=lane8 head=11 rmse=3.62513601e-05 max_abs_error=0.000109864282 candidate_first=-0.000303745241 reference_first=-0.000322631007
