SCNA_PROVENANCE binary_sha256=e7e92f0844244257f736e4af9df5fa85e069cc531b7722b1c27dcebb1d2f310f host_sha256=cb266c4a825450b84f9b1cc6a93722a4bf5984ddec807af955c13c773bca6288 header_sha256=41b4153195ee11b7c19f8ab4f41bc40bfc493dc5be1a8b0b4403c7272cd6db14 isa=v79 sdk=6.6 tools=19.0.07
FIG8_ATTENTION_CONFIG mode=scna-fp16 layout=lane8 variant=current scna_width=8 seed=20260811 mask_mode=causal qo_len=4 kv_len=4096 kv_pad_len=4096 n_heads=12 n_kv_heads=2 head_dim=128 warmup=1 iters=10 q_size=24576 kv_size=2097152 mask_size=32768 profile_size=345600 profile_max_records=10 profile_max_events=4256 mode_flags=92 print_events=0
FIG8_ATTENTION_HOST_TIMING mode=scna-fp16 layout=lane8 scna_width=8 seed=20260811 mask_mode=causal qo_len=4 kv_len=4096 n_heads=12 n_kv_heads=2 head_dim=128 phase=warmup iteration=0 host_elapsed_us=1171 ret=0
FIG8_ATTENTION_PROFILE_COUNT mode=scna-fp16 qo_len=4 phase=warmup iteration=0 records=2 max_records=10
FIG8_ATTENTION_TIMERS mode=scna-fp16 layout=lane8 phase=warmup iteration=0 lut_exp=0 scna_layout=1 scna_width=8 qo_len=4 kv_len=4096 n_heads=12 n_kv_heads=2 head_dim=128 kv_head=1 worker=0 profiled_total=519 q_load=2 k_load=93 v_load=79 qk_dot=2 safe_sm=325 scna_exp=285 core_acc=11 o_scale=3 o_store=4
FIG8_NUMERIC seed=20260811 mode=scna-fp16 layout=lane8 kv_head=1 worker=0 qk0_bits=0x0 rowmax0_bits=0x0 rowsum0_bits=0x0 l0_bits=0x0 core_o0_bits=0x0 inv_l0_bits=0x0 scaled_o0_bits=0x0 p0_first_bits=0x0 p0_last_bits=0x0 sum0_first_bits=0x0 sum0_last_bits=0x0 masked_p_nonzero=0 tail_p_nonzero=0 scna_clamp_count=0 score_count=0 centered_score_min=0 centered_score_max=0 final_m0_bits=0x0 final_l0_bits=0x0 final_core_o0_bits=0x0 p_expected_sum_bits=0x0 p_max_abs_error_bits=0x0
FIG8_NUMERIC_QK8 seed=20260811 mode=scna-fp16 layout=lane8 kv_head=1 bits=0x0,0x0,0x0,0x0,0x0,0x0,0x0,0x0
FIG8_NUMERIC_P8 seed=20260811 mode=scna-fp16 layout=lane8 kv_head=1 centered_bits=0x0,0x0,0x0,0x0,0x0,0x0,0x0,0x0 p_bits=0x0,0x0,0x0,0x0,0x0,0x0,0x0,0x0
FIG8_ATTENTION_TIMERS mode=scna-fp16 layout=lane8 phase=warmup iteration=0 lut_exp=0 scna_layout=1 scna_width=8 qo_len=4 kv_len=4096 n_heads=12 n_kv_heads=2 head_dim=128 kv_head=0 worker=1 profiled_total=904 q_load=2 k_load=81 v_load=81 qk_dot=1 safe_sm=730 scna_exp=698 core_acc=5 o_scale=2 o_store=2
FIG8_NUMERIC seed=20260811 mode=scna-fp16 layout=lane8 kv_head=0 worker=1 qk0_bits=0xb8af rowmax0_bits=0x3a38 rowsum0_bits=0x634c l0_bits=0x634c core_o0_bits=0x46ad inv_l0_bits=0xd90 scaled_o0_bits=0x1108 p0_first_bits=0x39c1 p0_last_bits=0x0 sum0_first_bits=0x43e9bc11 sum0_last_bits=0x43e98e91 masked_p_nonzero=0 tail_p_nonzero=0 scna_clamp_count=0 score_count=4093 centered_score_min=-1.56787109 centered_score_max=0 final_m0_bits=0x3a9e final_l0_bits=0x69b6 final_core_o0_bits=0x3f3d p_expected_sum_bits=0x4514be04 p_max_abs_error_bits=0x3e1c9c9c
FIG8_NUMERIC_BLOCK seed=20260811 mode=scna-fp16 layout=lane8 kv_head=0 block=0 m0_bits=0x3a38 rowsum0_bits=0x634c l0_bits=0x634c p_scalar_sum_bits=0x4469b27c reduction_min_bits=0x43e8d231 reduction_max_bits=0x43ea6df1
FIG8_NUMERIC_BLOCK seed=20260811 mode=scna-fp16 layout=lane8 kv_head=0 block=1 m0_bits=0x3a4d rowsum0_bits=0x633c l0_bits=0x6741 p_scalar_sum_bits=0x44679428 reduction_min_bits=0x43e5dff1 reduction_max_bits=0x43e922a1
FIG8_NUMERIC_BLOCK seed=20260811 mode=scna-fp16 layout=lane8 kv_head=0 block=2 m0_bits=0x3a9e rowsum0_bits=0x631e l0_bits=0x695c p_scalar_sum_bits=0x4463d8dc reduction_min_bits=0x43e1b731 reduction_max_bits=0x43e5d481
FIG8_NUMERIC_BLOCK seed=20260811 mode=scna-fp16 layout=lane8 kv_head=0 block=3 m0_bits=0x3a9e rowsum0_bits=0x599e l0_bits=0x69b6 p_scalar_sum_bits=0x43347a40 reduction_min_bits=0x42b168c1 reduction_max_bits=0x42b77141
FIG8_NUMERIC_QK8 seed=20260811 mode=scna-fp16 layout=lane8 kv_head=0 bits=0xb8af,0xad4e,0x2df0,0xaa9f,0xac0b,0xb47d,0xb4fe,0xb267
FIG8_NUMERIC_P8 seed=20260811 mode=scna-fp16 layout=lane8 kv_head=0 centered_bits=0xbd74,0xbae2,0xb97a,0xbaa2,0xbab9,0xbc3b,0xbc5c,0xbbd2 p_bits=0x3835,0x399c,0x3a19,0x39b1,0x39ab,0x390f,0x38f8,0x3948
FIG8_ATTENTION_EVENT_COUNT mode=scna-fp16 qo_len=4 phase=warmup iteration=0 events=150 max_events=4256 overflow=0
FIG8_ATTENTION_CHECKSUM mode=scna-fp16 layout=lane8 scna_width=8 seed=20260811 phase=warmup iteration=0 checksum=0x3ad07ba1642e8dba
FIG8_ATTENTION_HOST_TIMING mode=scna-fp16 layout=lane8 scna_width=8 seed=20260811 mask_mode=causal qo_len=4 kv_len=4096 n_heads=12 n_kv_heads=2 head_dim=128 phase=measure iteration=0 host_elapsed_us=1114 ret=0
FIG8_ATTENTION_PROFILE_COUNT mode=scna-fp16 qo_len=4 phase=measure iteration=0 records=2 max_records=10
FIG8_ATTENTION_TIMERS mode=scna-fp16 layout=lane8 phase=measure iteration=0 lut_exp=0 scna_layout=1 scna_width=8 qo_len=4 kv_len=4096 n_heads=12 n_kv_heads=2 head_dim=128 kv_head=1 worker=2 profiled_total=460 q_load=2 k_load=77 v_load=71 qk_dot=1 safe_sm=301 scna_exp=262 core_acc=3 o_scale=2 o_store=3
FIG8_NUMERIC seed=20260811 mode=scna-fp16 layout=lane8 kv_head=1 worker=2 qk0_bits=0x0 rowmax0_bits=0x0 rowsum0_bits=0x0 l0_bits=0x0 core_o0_bits=0x0 inv_l0_bits=0x0 scaled_o0_bits=0x0 p0_first_bits=0x0 p0_last_bits=0x0 sum0_first_bits=0x0 sum0_last_bits=0x0 masked_p_nonzero=0 tail_p_nonzero=0 scna_clamp_count=0 score_count=0 centered_score_min=0 centered_score_max=0 final_m0_bits=0x0 final_l0_bits=0x0 final_core_o0_bits=0x0 p_expected_sum_bits=0x0 p_max_abs_error_bits=0x0
FIG8_NUMERIC_QK8 seed=20260811 mode=scna-fp16 layout=lane8 kv_head=1 bits=0x0,0x0,0x0,0x0,0x0,0x0,0x0,0x0
FIG8_NUMERIC_P8 seed=20260811 mode=scna-fp16 layout=lane8 kv_head=1 centered_bits=0x0,0x0,0x0,0x0,0x0,0x0,0x0,0x0 p_bits=0x0,0x0,0x0,0x0,0x0,0x0,0x0,0x0
FIG8_ATTENTION_TIMERS mode=scna-fp16 layout=lane8 phase=measure iteration=0 lut_exp=0 scna_layout=1 scna_width=8 qo_len=4 kv_len=4096 n_heads=12 n_kv_heads=2 head_dim=128 kv_head=0 worker=3 profiled_total=859 q_load=2 k_load=78 v_load=74 qk_dot=1 safe_sm=695 scna_exp=666 core_acc=7 o_scale=1 o_store=1
FIG8_NUMERIC seed=20260811 mode=scna-fp16 layout=lane8 kv_head=0 worker=3 qk0_bits=0xb8af rowmax0_bits=0x3a38 rowsum0_bits=0x634c l0_bits=0x634c core_o0_bits=0x46ad inv_l0_bits=0xd90 scaled_o0_bits=0x1108 p0_first_bits=0x39c1 p0_last_bits=0x0 sum0_first_bits=0x43e9bc11 sum0_last_bits=0x43e98e91 masked_p_nonzero=0 tail_p_nonzero=0 scna_clamp_count=0 score_count=4093 centered_score_min=-1.56787109 centered_score_max=0 final_m0_bits=0x3a9e final_l0_bits=0x69b6 final_core_o0_bits=0x3f3d p_expected_sum_bits=0x4514be04 p_max_abs_error_bits=0x3e1c9c9c
FIG8_NUMERIC_BLOCK seed=20260811 mode=scna-fp16 layout=lane8 kv_head=0 block=0 m0_bits=0x3a38 rowsum0_bits=0x634c l0_bits=0x634c p_scalar_sum_bits=0x4469b27c reduction_min_bits=0x43e8d231 reduction_max_bits=0x43ea6df1
FIG8_NUMERIC_BLOCK seed=20260811 mode=scna-fp16 layout=lane8 kv_head=0 block=1 m0_bits=0x3a4d rowsum0_bits=0x633c l0_bits=0x6741 p_scalar_sum_bits=0x44679428 reduction_min_bits=0x43e5dff1 reduction_max_bits=0x43e922a1
FIG8_NUMERIC_BLOCK seed=20260811 mode=scna-fp16 layout=lane8 kv_head=0 block=2 m0_bits=0x3a9e rowsum0_bits=0x631e l0_bits=0x695c p_scalar_sum_bits=0x4463d8dc reduction_min_bits=0x43e1b731 reduction_max_bits=0x43e5d481
FIG8_NUMERIC_BLOCK seed=20260811 mode=scna-fp16 layout=lane8 kv_head=0 block=3 m0_bits=0x3a9e rowsum0_bits=0x599e l0_bits=0x69b6 p_scalar_sum_bits=0x43347a40 reduction_min_bits=0x42b168c1 reduction_max_bits=0x42b77141
FIG8_NUMERIC_QK8 seed=20260811 mode=scna-fp16 layout=lane8 kv_head=0 bits=0xb8af,0xad4e,0x2df0,0xaa9f,0xac0b,0xb47d,0xb4fe,0xb267
FIG8_NUMERIC_P8 seed=20260811 mode=scna-fp16 layout=lane8 kv_head=0 centered_bits=0xbd74,0xbae2,0xb97a,0xbaa2,0xbab9,0xbc3b,0xbc5c,0xbbd2 p_bits=0x3835,0x399c,0x3a19,0x39b1,0x39ab,0x390f,0x38f8,0x3948
FIG8_ATTENTION_EVENT_COUNT mode=scna-fp16 qo_len=4 phase=measure iteration=0 events=150 max_events=4256 overflow=0
FIG8_ATTENTION_CHECKSUM mode=scna-fp16 layout=lane8 scna_width=8 seed=20260811 phase=measure iteration=0 checksum=0x3ad07ba1642e8dba
FIG8_ATTENTION_HOST_TIMING mode=scna-fp16 layout=lane8 scna_width=8 seed=20260811 mask_mode=causal qo_len=4 kv_len=4096 n_heads=12 n_kv_heads=2 head_dim=128 phase=measure iteration=1 host_elapsed_us=1123 ret=0
FIG8_ATTENTION_PROFILE_COUNT mode=scna-fp16 qo_len=4 phase=measure iteration=1 records=2 max_records=10
FIG8_ATTENTION_TIMERS mode=scna-fp16 layout=lane8 phase=measure iteration=1 lut_exp=0 scna_layout=1 scna_width=8 qo_len=4 kv_len=4096 n_heads=12 n_kv_heads=2 head_dim=128 kv_head=1 worker=4 profiled_total=459 q_load=1 k_load=80 v_load=68 qk_dot=1 safe_sm=302 scna_exp=263 core_acc=3 o_scale=2 o_store=2
FIG8_NUMERIC seed=20260811 mode=scna-fp16 layout=lane8 kv_head=1 worker=4 qk0_bits=0x0 rowmax0_bits=0x0 rowsum0_bits=0x0 l0_bits=0x0 core_o0_bits=0x0 inv_l0_bits=0x0 scaled_o0_bits=0x0 p0_first_bits=0x0 p0_last_bits=0x0 sum0_first_bits=0x0 sum0_last_bits=0x0 masked_p_nonzero=0 tail_p_nonzero=0 scna_clamp_count=0 score_count=0 centered_score_min=0 centered_score_max=0 final_m0_bits=0x0 final_l0_bits=0x0 final_core_o0_bits=0x0 p_expected_sum_bits=0x0 p_max_abs_error_bits=0x0
FIG8_NUMERIC_QK8 seed=20260811 mode=scna-fp16 layout=lane8 kv_head=1 bits=0x0,0x0,0x0,0x0,0x0,0x0,0x0,0x0
FIG8_NUMERIC_P8 seed=20260811 mode=scna-fp16 layout=lane8 kv_head=1 centered_bits=0x0,0x0,0x0,0x0,0x0,0x0,0x0,0x0 p_bits=0x0,0x0,0x0,0x0,0x0,0x0,0x0,0x0
FIG8_ATTENTION_TIMERS mode=scna-fp16 layout=lane8 phase=measure iteration=1 lut_exp=0 scna_layout=1 scna_width=8 qo_len=4 kv_len=4096 n_heads=12 n_kv_heads=2 head_dim=128 kv_head=0 worker=1 profiled_total=857 q_load=1 k_load=82 v_load=72 qk_dot=2 safe_sm=693 scna_exp=662 core_acc=5 o_scale=1 o_store=1
FIG8_NUMERIC seed=20260811 mode=scna-fp16 layout=lane8 kv_head=0 worker=1 qk0_bits=0xb8af rowmax0_bits=0x3a38 rowsum0_bits=0x634c l0_bits=0x634c core_o0_bits=0x46ad inv_l0_bits=0xd90 scaled_o0_bits=0x1108 p0_first_bits=0x39c1 p0_last_bits=0x0 sum0_first_bits=0x43e9bc11 sum0_last_bits=0x43e98e91 masked_p_nonzero=0 tail_p_nonzero=0 scna_clamp_count=0 score_count=4093 centered_score_min=-1.56787109 centered_score_max=0 final_m0_bits=0x3a9e final_l0_bits=0x69b6 final_core_o0_bits=0x3f3d p_expected_sum_bits=0x4514be04 p_max_abs_error_bits=0x3e1c9c9c
FIG8_NUMERIC_BLOCK seed=20260811 mode=scna-fp16 layout=lane8 kv_head=0 block=0 m0_bits=0x3a38 rowsum0_bits=0x634c l0_bits=0x634c p_scalar_sum_bits=0x4469b27c reduction_min_bits=0x43e8d231 reduction_max_bits=0x43ea6df1
FIG8_NUMERIC_BLOCK seed=20260811 mode=scna-fp16 layout=lane8 kv_head=0 block=1 m0_bits=0x3a4d rowsum0_bits=0x633c l0_bits=0x6741 p_scalar_sum_bits=0x44679428 reduction_min_bits=0x43e5dff1 reduction_max_bits=0x43e922a1
FIG8_NUMERIC_BLOCK seed=20260811 mode=scna-fp16 layout=lane8 kv_head=0 block=2 m0_bits=0x3a9e rowsum0_bits=0x631e l0_bits=0x695c p_scalar_sum_bits=0x4463d8dc reduction_min_bits=0x43e1b731 reduction_max_bits=0x43e5d481
FIG8_NUMERIC_BLOCK seed=20260811 mode=scna-fp16 layout=lane8 kv_head=0 block=3 m0_bits=0x3a9e rowsum0_bits=0x599e l0_bits=0x69b6 p_scalar_sum_bits=0x43347a40 reduction_min_bits=0x42b168c1 reduction_max_bits=0x42b77141
FIG8_NUMERIC_QK8 seed=20260811 mode=scna-fp16 layout=lane8 kv_head=0 bits=0xb8af,0xad4e,0x2df0,0xaa9f,0xac0b,0xb47d,0xb4fe,0xb267
FIG8_NUMERIC_P8 seed=20260811 mode=scna-fp16 layout=lane8 kv_head=0 centered_bits=0xbd74,0xbae2,0xb97a,0xbaa2,0xbab9,0xbc3b,0xbc5c,0xbbd2 p_bits=0x3835,0x399c,0x3a19,0x39b1,0x39ab,0x390f,0x38f8,0x3948
FIG8_ATTENTION_EVENT_COUNT mode=scna-fp16 qo_len=4 phase=measure iteration=1 events=150 max_events=4256 overflow=0
FIG8_ATTENTION_CHECKSUM mode=scna-fp16 layout=lane8 scna_width=8 seed=20260811 phase=measure iteration=1 checksum=0x3ad07ba1642e8dba
FIG8_ATTENTION_HOST_TIMING mode=scna-fp16 layout=lane8 scna_width=8 seed=20260811 mask_mode=causal qo_len=4 kv_len=4096 n_heads=12 n_kv_heads=2 head_dim=128 phase=measure iteration=2 host_elapsed_us=1114 ret=0
FIG8_ATTENTION_PROFILE_COUNT mode=scna-fp16 qo_len=4 phase=measure iteration=2 records=2 max_records=10
FIG8_ATTENTION_TIMERS mode=scna-fp16 layout=lane8 phase=measure iteration=2 lut_exp=0 scna_layout=1 scna_width=8 qo_len=4 kv_len=4096 n_heads=12 n_kv_heads=2 head_dim=128 kv_head=1 worker=3 profiled_total=472 q_load=1 k_load=79 v_load=74 qk_dot=1 safe_sm=306 scna_exp=265 core_acc=6 o_scale=2 o_store=3
FIG8_NUMERIC seed=20260811 mode=scna-fp16 layout=lane8 kv_head=1 worker=3 qk0_bits=0x0 rowmax0_bits=0x0 rowsum0_bits=0x0 l0_bits=0x0 core_o0_bits=0x0 inv_l0_bits=0x0 scaled_o0_bits=0x0 p0_first_bits=0x0 p0_last_bits=0x0 sum0_first_bits=0x0 sum0_last_bits=0x0 masked_p_nonzero=0 tail_p_nonzero=0 scna_clamp_count=0 score_count=0 centered_score_min=0 centered_score_max=0 final_m0_bits=0x0 final_l0_bits=0x0 final_core_o0_bits=0x0 p_expected_sum_bits=0x0 p_max_abs_error_bits=0x0
FIG8_NUMERIC_QK8 seed=20260811 mode=scna-fp16 layout=lane8 kv_head=1 bits=0x0,0x0,0x0,0x0,0x0,0x0,0x0,0x0
FIG8_NUMERIC_P8 seed=20260811 mode=scna-fp16 layout=lane8 kv_head=1 centered_bits=0x0,0x0,0x0,0x0,0x0,0x0,0x0,0x0 p_bits=0x0,0x0,0x0,0x0,0x0,0x0,0x0,0x0
FIG8_ATTENTION_TIMERS mode=scna-fp16 layout=lane8 phase=measure iteration=2 lut_exp=0 scna_layout=1 scna_width=8 qo_len=4 kv_len=4096 n_heads=12 n_kv_heads=2 head_dim=128 kv_head=0 worker=5 profiled_total=860 q_load=1 k_load=83 v_load=71 qk_dot=3 safe_sm=693 scna_exp=660 core_acc=7 o_scale=1 o_store=1
FIG8_NUMERIC seed=20260811 mode=scna-fp16 layout=lane8 kv_head=0 worker=5 qk0_bits=0xb8af rowmax0_bits=0x3a38 rowsum0_bits=0x634c l0_bits=0x634c core_o0_bits=0x46ad inv_l0_bits=0xd90 scaled_o0_bits=0x1108 p0_first_bits=0x39c1 p0_last_bits=0x0 sum0_first_bits=0x43e9bc11 sum0_last_bits=0x43e98e91 masked_p_nonzero=0 tail_p_nonzero=0 scna_clamp_count=0 score_count=4093 centered_score_min=-1.56787109 centered_score_max=0 final_m0_bits=0x3a9e final_l0_bits=0x69b6 final_core_o0_bits=0x3f3d p_expected_sum_bits=0x4514be04 p_max_abs_error_bits=0x3e1c9c9c
FIG8_NUMERIC_BLOCK seed=20260811 mode=scna-fp16 layout=lane8 kv_head=0 block=0 m0_bits=0x3a38 rowsum0_bits=0x634c l0_bits=0x634c p_scalar_sum_bits=0x4469b27c reduction_min_bits=0x43e8d231 reduction_max_bits=0x43ea6df1
FIG8_NUMERIC_BLOCK seed=20260811 mode=scna-fp16 layout=lane8 kv_head=0 block=1 m0_bits=0x3a4d rowsum0_bits=0x633c l0_bits=0x6741 p_scalar_sum_bits=0x44679428 reduction_min_bits=0x43e5dff1 reduction_max_bits=0x43e922a1
FIG8_NUMERIC_BLOCK seed=20260811 mode=scna-fp16 layout=lane8 kv_head=0 block=2 m0_bits=0x3a9e rowsum0_bits=0x631e l0_bits=0x695c p_scalar_sum_bits=0x4463d8dc reduction_min_bits=0x43e1b731 reduction_max_bits=0x43e5d481
FIG8_NUMERIC_BLOCK seed=20260811 mode=scna-fp16 layout=lane8 kv_head=0 block=3 m0_bits=0x3a9e rowsum0_bits=0x599e l0_bits=0x69b6 p_scalar_sum_bits=0x43347a40 reduction_min_bits=0x42b168c1 reduction_max_bits=0x42b77141
FIG8_NUMERIC_QK8 seed=20260811 mode=scna-fp16 layout=lane8 kv_head=0 bits=0xb8af,0xad4e,0x2df0,0xaa9f,0xac0b,0xb47d,0xb4fe,0xb267
FIG8_NUMERIC_P8 seed=20260811 mode=scna-fp16 layout=lane8 kv_head=0 centered_bits=0xbd74,0xbae2,0xb97a,0xbaa2,0xbab9,0xbc3b,0xbc5c,0xbbd2 p_bits=0x3835,0x399c,0x3a19,0x39b1,0x39ab,0x390f,0x38f8,0x3948
FIG8_ATTENTION_EVENT_COUNT mode=scna-fp16 qo_len=4 phase=measure iteration=2 events=150 max_events=4256 overflow=0
FIG8_ATTENTION_CHECKSUM mode=scna-fp16 layout=lane8 scna_width=8 seed=20260811 phase=measure iteration=2 checksum=0x3ad07ba1642e8dba
FIG8_ATTENTION_HOST_TIMING mode=scna-fp16 layout=lane8 scna_width=8 seed=20260811 mask_mode=causal qo_len=4 kv_len=4096 n_heads=12 n_kv_heads=2 head_dim=128 phase=measure iteration=3 host_elapsed_us=1115 ret=0
FIG8_ATTENTION_PROFILE_COUNT mode=scna-fp16 qo_len=4 phase=measure iteration=3 records=2 max_records=10
FIG8_ATTENTION_TIMERS mode=scna-fp16 layout=lane8 phase=measure iteration=3 lut_exp=0 scna_layout=1 scna_width=8 qo_len=4 kv_len=4096 n_heads=12 n_kv_heads=2 head_dim=128 kv_head=1 worker=2 profiled_total=455 q_load=1 k_load=75 v_load=69 qk_dot=1 safe_sm=300 scna_exp=263 core_acc=4 o_scale=2 o_store=3
FIG8_NUMERIC seed=20260811 mode=scna-fp16 layout=lane8 kv_head=1 worker=2 qk0_bits=0x0 rowmax0_bits=0x0 rowsum0_bits=0x0 l0_bits=0x0 core_o0_bits=0x0 inv_l0_bits=0x0 scaled_o0_bits=0x0 p0_first_bits=0x0 p0_last_bits=0x0 sum0_first_bits=0x0 sum0_last_bits=0x0 masked_p_nonzero=0 tail_p_nonzero=0 scna_clamp_count=0 score_count=0 centered_score_min=0 centered_score_max=0 final_m0_bits=0x0 final_l0_bits=0x0 final_core_o0_bits=0x0 p_expected_sum_bits=0x0 p_max_abs_error_bits=0x0
FIG8_NUMERIC_QK8 seed=20260811 mode=scna-fp16 layout=lane8 kv_head=1 bits=0x0,0x0,0x0,0x0,0x0,0x0,0x0,0x0
FIG8_NUMERIC_P8 seed=20260811 mode=scna-fp16 layout=lane8 kv_head=1 centered_bits=0x0,0x0,0x0,0x0,0x0,0x0,0x0,0x0 p_bits=0x0,0x0,0x0,0x0,0x0,0x0,0x0,0x0
FIG8_ATTENTION_TIMERS mode=scna-fp16 layout=lane8 phase=measure iteration=3 lut_exp=0 scna_layout=1 scna_width=8 qo_len=4 kv_len=4096 n_heads=12 n_kv_heads=2 head_dim=128 kv_head=0 worker=1 profiled_total=839 q_load=1 k_load=72 v_load=70 qk_dot=1 safe_sm=689 scna_exp=660 core_acc=4 o_scale=1 o_store=1
FIG8_NUMERIC seed=20260811 mode=scna-fp16 layout=lane8 kv_head=0 worker=1 qk0_bits=0xb8af rowmax0_bits=0x3a38 rowsum0_bits=0x634c l0_bits=0x634c core_o0_bits=0x46ad inv_l0_bits=0xd90 scaled_o0_bits=0x1108 p0_first_bits=0x39c1 p0_last_bits=0x0 sum0_first_bits=0x43e9bc11 sum0_last_bits=0x43e98e91 masked_p_nonzero=0 tail_p_nonzero=0 scna_clamp_count=0 score_count=4093 centered_score_min=-1.56787109 centered_score_max=0 final_m0_bits=0x3a9e final_l0_bits=0x69b6 final_core_o0_bits=0x3f3d p_expected_sum_bits=0x4514be04 p_max_abs_error_bits=0x3e1c9c9c
FIG8_NUMERIC_BLOCK seed=20260811 mode=scna-fp16 layout=lane8 kv_head=0 block=0 m0_bits=0x3a38 rowsum0_bits=0x634c l0_bits=0x634c p_scalar_sum_bits=0x4469b27c reduction_min_bits=0x43e8d231 reduction_max_bits=0x43ea6df1
FIG8_NUMERIC_BLOCK seed=20260811 mode=scna-fp16 layout=lane8 kv_head=0 block=1 m0_bits=0x3a4d rowsum0_bits=0x633c l0_bits=0x6741 p_scalar_sum_bits=0x44679428 reduction_min_bits=0x43e5dff1 reduction_max_bits=0x43e922a1
FIG8_NUMERIC_BLOCK seed=20260811 mode=scna-fp16 layout=lane8 kv_head=0 block=2 m0_bits=0x3a9e rowsum0_bits=0x631e l0_bits=0x695c p_scalar_sum_bits=0x4463d8dc reduction_min_bits=0x43e1b731 reduction_max_bits=0x43e5d481
FIG8_NUMERIC_BLOCK seed=20260811 mode=scna-fp16 layout=lane8 kv_head=0 block=3 m0_bits=0x3a9e rowsum0_bits=0x599e l0_bits=0x69b6 p_scalar_sum_bits=0x43347a40 reduction_min_bits=0x42b168c1 reduction_max_bits=0x42b77141
FIG8_NUMERIC_QK8 seed=20260811 mode=scna-fp16 layout=lane8 kv_head=0 bits=0xb8af,0xad4e,0x2df0,0xaa9f,0xac0b,0xb47d,0xb4fe,0xb267
FIG8_NUMERIC_P8 seed=20260811 mode=scna-fp16 layout=lane8 kv_head=0 centered_bits=0xbd74,0xbae2,0xb97a,0xbaa2,0xbab9,0xbc3b,0xbc5c,0xbbd2 p_bits=0x3835,0x399c,0x3a19,0x39b1,0x39ab,0x390f,0x38f8,0x3948
FIG8_ATTENTION_EVENT_COUNT mode=scna-fp16 qo_len=4 phase=measure iteration=3 events=150 max_events=4256 overflow=0
FIG8_ATTENTION_CHECKSUM mode=scna-fp16 layout=lane8 scna_width=8 seed=20260811 phase=measure iteration=3 checksum=0x3ad07ba1642e8dba
FIG8_ATTENTION_HOST_TIMING mode=scna-fp16 layout=lane8 scna_width=8 seed=20260811 mask_mode=causal qo_len=4 kv_len=4096 n_heads=12 n_kv_heads=2 head_dim=128 phase=measure iteration=4 host_elapsed_us=1106 ret=0
FIG8_ATTENTION_PROFILE_COUNT mode=scna-fp16 qo_len=4 phase=measure iteration=4 records=2 max_records=10
FIG8_ATTENTION_TIMERS mode=scna-fp16 layout=lane8 phase=measure iteration=4 lut_exp=0 scna_layout=1 scna_width=8 qo_len=4 kv_len=4096 n_heads=12 n_kv_heads=2 head_dim=128 kv_head=1 worker=4 profiled_total=465 q_load=1 k_load=82 v_load=69 qk_dot=2 safe_sm=301 scna_exp=264 core_acc=6 o_scale=2 o_store=2
FIG8_NUMERIC seed=20260811 mode=scna-fp16 layout=lane8 kv_head=1 worker=4 qk0_bits=0x0 rowmax0_bits=0x0 rowsum0_bits=0x0 l0_bits=0x0 core_o0_bits=0x0 inv_l0_bits=0x0 scaled_o0_bits=0x0 p0_first_bits=0x0 p0_last_bits=0x0 sum0_first_bits=0x0 sum0_last_bits=0x0 masked_p_nonzero=0 tail_p_nonzero=0 scna_clamp_count=0 score_count=0 centered_score_min=0 centered_score_max=0 final_m0_bits=0x0 final_l0_bits=0x0 final_core_o0_bits=0x0 p_expected_sum_bits=0x0 p_max_abs_error_bits=0x0
FIG8_NUMERIC_QK8 seed=20260811 mode=scna-fp16 layout=lane8 kv_head=1 bits=0x0,0x0,0x0,0x0,0x0,0x0,0x0,0x0
FIG8_NUMERIC_P8 seed=20260811 mode=scna-fp16 layout=lane8 kv_head=1 centered_bits=0x0,0x0,0x0,0x0,0x0,0x0,0x0,0x0 p_bits=0x0,0x0,0x0,0x0,0x0,0x0,0x0,0x0
FIG8_ATTENTION_TIMERS mode=scna-fp16 layout=lane8 phase=measure iteration=4 lut_exp=0 scna_layout=1 scna_width=8 qo_len=4 kv_len=4096 n_heads=12 n_kv_heads=2 head_dim=128 kv_head=0 worker=5 profiled_total=871 q_load=1 k_load=81 v_load=75 qk_dot=1 safe_sm=703 scna_exp=676 core_acc=8 o_scale=1 o_store=1
FIG8_NUMERIC seed=20260811 mode=scna-fp16 layout=lane8 kv_head=0 worker=5 qk0_bits=0xb8af rowmax0_bits=0x3a38 rowsum0_bits=0x634c l0_bits=0x634c core_o0_bits=0x46ad inv_l0_bits=0xd90 scaled_o0_bits=0x1108 p0_first_bits=0x39c1 p0_last_bits=0x0 sum0_first_bits=0x43e9bc11 sum0_last_bits=0x43e98e91 masked_p_nonzero=0 tail_p_nonzero=0 scna_clamp_count=0 score_count=4093 centered_score_min=-1.56787109 centered_score_max=0 final_m0_bits=0x3a9e final_l0_bits=0x69b6 final_core_o0_bits=0x3f3d p_expected_sum_bits=0x4514be04 p_max_abs_error_bits=0x3e1c9c9c
FIG8_NUMERIC_BLOCK seed=20260811 mode=scna-fp16 layout=lane8 kv_head=0 block=0 m0_bits=0x3a38 rowsum0_bits=0x634c l0_bits=0x634c p_scalar_sum_bits=0x4469b27c reduction_min_bits=0x43e8d231 reduction_max_bits=0x43ea6df1
FIG8_NUMERIC_BLOCK seed=20260811 mode=scna-fp16 layout=lane8 kv_head=0 block=1 m0_bits=0x3a4d rowsum0_bits=0x633c l0_bits=0x6741 p_scalar_sum_bits=0x44679428 reduction_min_bits=0x43e5dff1 reduction_max_bits=0x43e922a1
FIG8_NUMERIC_BLOCK seed=20260811 mode=scna-fp16 layout=lane8 kv_head=0 block=2 m0_bits=0x3a9e rowsum0_bits=0x631e l0_bits=0x695c p_scalar_sum_bits=0x4463d8dc reduction_min_bits=0x43e1b731 reduction_max_bits=0x43e5d481
FIG8_NUMERIC_BLOCK seed=20260811 mode=scna-fp16 layout=lane8 kv_head=0 block=3 m0_bits=0x3a9e rowsum0_bits=0x599e l0_bits=0x69b6 p_scalar_sum_bits=0x43347a40 reduction_min_bits=0x42b168c1 reduction_max_bits=0x42b77141
FIG8_NUMERIC_QK8 seed=20260811 mode=scna-fp16 layout=lane8 kv_head=0 bits=0xb8af,0xad4e,0x2df0,0xaa9f,0xac0b,0xb47d,0xb4fe,0xb267
FIG8_NUMERIC_P8 seed=20260811 mode=scna-fp16 layout=lane8 kv_head=0 centered_bits=0xbd74,0xbae2,0xb97a,0xbaa2,0xbab9,0xbc3b,0xbc5c,0xbbd2 p_bits=0x3835,0x399c,0x3a19,0x39b1,0x39ab,0x390f,0x38f8,0x3948
FIG8_ATTENTION_EVENT_COUNT mode=scna-fp16 qo_len=4 phase=measure iteration=4 events=150 max_events=4256 overflow=0
FIG8_ATTENTION_CHECKSUM mode=scna-fp16 layout=lane8 scna_width=8 seed=20260811 phase=measure iteration=4 checksum=0x3ad07ba1642e8dba
FIG8_ATTENTION_HOST_TIMING mode=scna-fp16 layout=lane8 scna_width=8 seed=20260811 mask_mode=causal qo_len=4 kv_len=4096 n_heads=12 n_kv_heads=2 head_dim=128 phase=measure iteration=5 host_elapsed_us=1121 ret=0
FIG8_ATTENTION_PROFILE_COUNT mode=scna-fp16 qo_len=4 phase=measure iteration=5 records=2 max_records=10
FIG8_ATTENTION_TIMERS mode=scna-fp16 layout=lane8 phase=measure iteration=5 lut_exp=0 scna_layout=1 scna_width=8 qo_len=4 kv_len=4096 n_heads=12 n_kv_heads=2 head_dim=128 kv_head=1 worker=0 profiled_total=459 q_load=2 k_load=82 v_load=66 qk_dot=1 safe_sm=301 scna_exp=264 core_acc=3 o_scale=2 o_store=2
FIG8_NUMERIC seed=20260811 mode=scna-fp16 layout=lane8 kv_head=1 worker=0 qk0_bits=0x0 rowmax0_bits=0x0 rowsum0_bits=0x0 l0_bits=0x0 core_o0_bits=0x0 inv_l0_bits=0x0 scaled_o0_bits=0x0 p0_first_bits=0x0 p0_last_bits=0x0 sum0_first_bits=0x0 sum0_last_bits=0x0 masked_p_nonzero=0 tail_p_nonzero=0 scna_clamp_count=0 score_count=0 centered_score_min=0 centered_score_max=0 final_m0_bits=0x0 final_l0_bits=0x0 final_core_o0_bits=0x0 p_expected_sum_bits=0x0 p_max_abs_error_bits=0x0
FIG8_NUMERIC_QK8 seed=20260811 mode=scna-fp16 layout=lane8 kv_head=1 bits=0x0,0x0,0x0,0x0,0x0,0x0,0x0,0x0
FIG8_NUMERIC_P8 seed=20260811 mode=scna-fp16 layout=lane8 kv_head=1 centered_bits=0x0,0x0,0x0,0x0,0x0,0x0,0x0,0x0 p_bits=0x0,0x0,0x0,0x0,0x0,0x0,0x0,0x0
FIG8_ATTENTION_TIMERS mode=scna-fp16 layout=lane8 phase=measure iteration=5 lut_exp=0 scna_layout=1 scna_width=8 qo_len=4 kv_len=4096 n_heads=12 n_kv_heads=2 head_dim=128 kv_head=0 worker=1 profiled_total=869 q_load=2 k_load=82 v_load=71 qk_dot=2 safe_sm=704 scna_exp=674 core_acc=5 o_scale=1 o_store=2
FIG8_NUMERIC seed=20260811 mode=scna-fp16 layout=lane8 kv_head=0 worker=1 qk0_bits=0xb8af rowmax0_bits=0x3a38 rowsum0_bits=0x634c l0_bits=0x634c core_o0_bits=0x46ad inv_l0_bits=0xd90 scaled_o0_bits=0x1108 p0_first_bits=0x39c1 p0_last_bits=0x0 sum0_first_bits=0x43e9bc11 sum0_last_bits=0x43e98e91 masked_p_nonzero=0 tail_p_nonzero=0 scna_clamp_count=0 score_count=4093 centered_score_min=-1.56787109 centered_score_max=0 final_m0_bits=0x3a9e final_l0_bits=0x69b6 final_core_o0_bits=0x3f3d p_expected_sum_bits=0x4514be04 p_max_abs_error_bits=0x3e1c9c9c
FIG8_NUMERIC_BLOCK seed=20260811 mode=scna-fp16 layout=lane8 kv_head=0 block=0 m0_bits=0x3a38 rowsum0_bits=0x634c l0_bits=0x634c p_scalar_sum_bits=0x4469b27c reduction_min_bits=0x43e8d231 reduction_max_bits=0x43ea6df1
FIG8_NUMERIC_BLOCK seed=20260811 mode=scna-fp16 layout=lane8 kv_head=0 block=1 m0_bits=0x3a4d rowsum0_bits=0x633c l0_bits=0x6741 p_scalar_sum_bits=0x44679428 reduction_min_bits=0x43e5dff1 reduction_max_bits=0x43e922a1
FIG8_NUMERIC_BLOCK seed=20260811 mode=scna-fp16 layout=lane8 kv_head=0 block=2 m0_bits=0x3a9e rowsum0_bits=0x631e l0_bits=0x695c p_scalar_sum_bits=0x4463d8dc reduction_min_bits=0x43e1b731 reduction_max_bits=0x43e5d481
FIG8_NUMERIC_BLOCK seed=20260811 mode=scna-fp16 layout=lane8 kv_head=0 block=3 m0_bits=0x3a9e rowsum0_bits=0x599e l0_bits=0x69b6 p_scalar_sum_bits=0x43347a40 reduction_min_bits=0x42b168c1 reduction_max_bits=0x42b77141
FIG8_NUMERIC_QK8 seed=20260811 mode=scna-fp16 layout=lane8 kv_head=0 bits=0xb8af,0xad4e,0x2df0,0xaa9f,0xac0b,0xb47d,0xb4fe,0xb267
FIG8_NUMERIC_P8 seed=20260811 mode=scna-fp16 layout=lane8 kv_head=0 centered_bits=0xbd74,0xbae2,0xb97a,0xbaa2,0xbab9,0xbc3b,0xbc5c,0xbbd2 p_bits=0x3835,0x399c,0x3a19,0x39b1,0x39ab,0x390f,0x38f8,0x3948
FIG8_ATTENTION_EVENT_COUNT mode=scna-fp16 qo_len=4 phase=measure iteration=5 events=150 max_events=4256 overflow=0
FIG8_ATTENTION_CHECKSUM mode=scna-fp16 layout=lane8 scna_width=8 seed=20260811 phase=measure iteration=5 checksum=0x3ad07ba1642e8dba
FIG8_ATTENTION_HOST_TIMING mode=scna-fp16 layout=lane8 scna_width=8 seed=20260811 mask_mode=causal qo_len=4 kv_len=4096 n_heads=12 n_kv_heads=2 head_dim=128 phase=measure iteration=6 host_elapsed_us=1113 ret=0
FIG8_ATTENTION_PROFILE_COUNT mode=scna-fp16 qo_len=4 phase=measure iteration=6 records=2 max_records=10
FIG8_ATTENTION_TIMERS mode=scna-fp16 layout=lane8 phase=measure iteration=6 lut_exp=0 scna_layout=1 scna_width=8 qo_len=4 kv_len=4096 n_heads=12 n_kv_heads=2 head_dim=128 kv_head=1 worker=3 profiled_total=467 q_load=1 k_load=84 v_load=68 qk_dot=2 safe_sm=302 scna_exp=264 core_acc=6 o_scale=2 o_store=2
FIG8_NUMERIC seed=20260811 mode=scna-fp16 layout=lane8 kv_head=1 worker=3 qk0_bits=0x0 rowmax0_bits=0x0 rowsum0_bits=0x0 l0_bits=0x0 core_o0_bits=0x0 inv_l0_bits=0x0 scaled_o0_bits=0x0 p0_first_bits=0x0 p0_last_bits=0x0 sum0_first_bits=0x0 sum0_last_bits=0x0 masked_p_nonzero=0 tail_p_nonzero=0 scna_clamp_count=0 score_count=0 centered_score_min=0 centered_score_max=0 final_m0_bits=0x0 final_l0_bits=0x0 final_core_o0_bits=0x0 p_expected_sum_bits=0x0 p_max_abs_error_bits=0x0
FIG8_NUMERIC_QK8 seed=20260811 mode=scna-fp16 layout=lane8 kv_head=1 bits=0x0,0x0,0x0,0x0,0x0,0x0,0x0,0x0
FIG8_NUMERIC_P8 seed=20260811 mode=scna-fp16 layout=lane8 kv_head=1 centered_bits=0x0,0x0,0x0,0x0,0x0,0x0,0x0,0x0 p_bits=0x0,0x0,0x0,0x0,0x0,0x0,0x0,0x0
FIG8_ATTENTION_TIMERS mode=scna-fp16 layout=lane8 phase=measure iteration=6 lut_exp=0 scna_layout=1 scna_width=8 qo_len=4 kv_len=4096 n_heads=12 n_kv_heads=2 head_dim=128 kv_head=0 worker=5 profiled_total=883 q_load=1 k_load=85 v_load=75 qk_dot=1 safe_sm=713 scna_exp=682 core_acc=6 o_scale=1 o_store=1
FIG8_NUMERIC seed=20260811 mode=scna-fp16 layout=lane8 kv_head=0 worker=5 qk0_bits=0xb8af rowmax0_bits=0x3a38 rowsum0_bits=0x634c l0_bits=0x634c core_o0_bits=0x46ad inv_l0_bits=0xd90 scaled_o0_bits=0x1108 p0_first_bits=0x39c1 p0_last_bits=0x0 sum0_first_bits=0x43e9bc11 sum0_last_bits=0x43e98e91 masked_p_nonzero=0 tail_p_nonzero=0 scna_clamp_count=0 score_count=4093 centered_score_min=-1.56787109 centered_score_max=0 final_m0_bits=0x3a9e final_l0_bits=0x69b6 final_core_o0_bits=0x3f3d p_expected_sum_bits=0x4514be04 p_max_abs_error_bits=0x3e1c9c9c
FIG8_NUMERIC_BLOCK seed=20260811 mode=scna-fp16 layout=lane8 kv_head=0 block=0 m0_bits=0x3a38 rowsum0_bits=0x634c l0_bits=0x634c p_scalar_sum_bits=0x4469b27c reduction_min_bits=0x43e8d231 reduction_max_bits=0x43ea6df1
FIG8_NUMERIC_BLOCK seed=20260811 mode=scna-fp16 layout=lane8 kv_head=0 block=1 m0_bits=0x3a4d rowsum0_bits=0x633c l0_bits=0x6741 p_scalar_sum_bits=0x44679428 reduction_min_bits=0x43e5dff1 reduction_max_bits=0x43e922a1
FIG8_NUMERIC_BLOCK seed=20260811 mode=scna-fp16 layout=lane8 kv_head=0 block=2 m0_bits=0x3a9e rowsum0_bits=0x631e l0_bits=0x695c p_scalar_sum_bits=0x4463d8dc reduction_min_bits=0x43e1b731 reduction_max_bits=0x43e5d481
FIG8_NUMERIC_BLOCK seed=20260811 mode=scna-fp16 layout=lane8 kv_head=0 block=3 m0_bits=0x3a9e rowsum0_bits=0x599e l0_bits=0x69b6 p_scalar_sum_bits=0x43347a40 reduction_min_bits=0x42b168c1 reduction_max_bits=0x42b77141
FIG8_NUMERIC_QK8 seed=20260811 mode=scna-fp16 layout=lane8 kv_head=0 bits=0xb8af,0xad4e,0x2df0,0xaa9f,0xac0b,0xb47d,0xb4fe,0xb267
FIG8_NUMERIC_P8 seed=20260811 mode=scna-fp16 layout=lane8 kv_head=0 centered_bits=0xbd74,0xbae2,0xb97a,0xbaa2,0xbab9,0xbc3b,0xbc5c,0xbbd2 p_bits=0x3835,0x399c,0x3a19,0x39b1,0x39ab,0x390f,0x38f8,0x3948
FIG8_ATTENTION_EVENT_COUNT mode=scna-fp16 qo_len=4 phase=measure iteration=6 events=150 max_events=4256 overflow=0
FIG8_ATTENTION_CHECKSUM mode=scna-fp16 layout=lane8 scna_width=8 seed=20260811 phase=measure iteration=6 checksum=0x3ad07ba1642e8dba
FIG8_ATTENTION_HOST_TIMING mode=scna-fp16 layout=lane8 scna_width=8 seed=20260811 mask_mode=causal qo_len=4 kv_len=4096 n_heads=12 n_kv_heads=2 head_dim=128 phase=measure iteration=7 host_elapsed_us=1111 ret=0
FIG8_ATTENTION_PROFILE_COUNT mode=scna-fp16 qo_len=4 phase=measure iteration=7 records=2 max_records=10
FIG8_ATTENTION_TIMERS mode=scna-fp16 layout=lane8 phase=measure iteration=7 lut_exp=0 scna_layout=1 scna_width=8 qo_len=4 kv_len=4096 n_heads=12 n_kv_heads=2 head_dim=128 kv_head=1 worker=0 profiled_total=457 q_load=1 k_load=82 v_load=68 qk_dot=1 safe_sm=298 scna_exp=262 core_acc=3 o_scale=2 o_store=2
FIG8_NUMERIC seed=20260811 mode=scna-fp16 layout=lane8 kv_head=1 worker=0 qk0_bits=0x0 rowmax0_bits=0x0 rowsum0_bits=0x0 l0_bits=0x0 core_o0_bits=0x0 inv_l0_bits=0x0 scaled_o0_bits=0x0 p0_first_bits=0x0 p0_last_bits=0x0 sum0_first_bits=0x0 sum0_last_bits=0x0 masked_p_nonzero=0 tail_p_nonzero=0 scna_clamp_count=0 score_count=0 centered_score_min=0 centered_score_max=0 final_m0_bits=0x0 final_l0_bits=0x0 final_core_o0_bits=0x0 p_expected_sum_bits=0x0 p_max_abs_error_bits=0x0
FIG8_NUMERIC_QK8 seed=20260811 mode=scna-fp16 layout=lane8 kv_head=1 bits=0x0,0x0,0x0,0x0,0x0,0x0,0x0,0x0
FIG8_NUMERIC_P8 seed=20260811 mode=scna-fp16 layout=lane8 kv_head=1 centered_bits=0x0,0x0,0x0,0x0,0x0,0x0,0x0,0x0 p_bits=0x0,0x0,0x0,0x0,0x0,0x0,0x0,0x0
FIG8_ATTENTION_TIMERS mode=scna-fp16 layout=lane8 phase=measure iteration=7 lut_exp=0 scna_layout=1 scna_width=8 qo_len=4 kv_len=4096 n_heads=12 n_kv_heads=2 head_dim=128 kv_head=0 worker=1 profiled_total=878 q_load=1 k_load=82 v_load=71 qk_dot=1 safe_sm=715 scna_exp=684 core_acc=6 o_scale=1 o_store=1
FIG8_NUMERIC seed=20260811 mode=scna-fp16 layout=lane8 kv_head=0 worker=1 qk0_bits=0xb8af rowmax0_bits=0x3a38 rowsum0_bits=0x634c l0_bits=0x634c core_o0_bits=0x46ad inv_l0_bits=0xd90 scaled_o0_bits=0x1108 p0_first_bits=0x39c1 p0_last_bits=0x0 sum0_first_bits=0x43e9bc11 sum0_last_bits=0x43e98e91 masked_p_nonzero=0 tail_p_nonzero=0 scna_clamp_count=0 score_count=4093 centered_score_min=-1.56787109 centered_score_max=0 final_m0_bits=0x3a9e final_l0_bits=0x69b6 final_core_o0_bits=0x3f3d p_expected_sum_bits=0x4514be04 p_max_abs_error_bits=0x3e1c9c9c
FIG8_NUMERIC_BLOCK seed=20260811 mode=scna-fp16 layout=lane8 kv_head=0 block=0 m0_bits=0x3a38 rowsum0_bits=0x634c l0_bits=0x634c p_scalar_sum_bits=0x4469b27c reduction_min_bits=0x43e8d231 reduction_max_bits=0x43ea6df1
FIG8_NUMERIC_BLOCK seed=20260811 mode=scna-fp16 layout=lane8 kv_head=0 block=1 m0_bits=0x3a4d rowsum0_bits=0x633c l0_bits=0x6741 p_scalar_sum_bits=0x44679428 reduction_min_bits=0x43e5dff1 reduction_max_bits=0x43e922a1
FIG8_NUMERIC_BLOCK seed=20260811 mode=scna-fp16 layout=lane8 kv_head=0 block=2 m0_bits=0x3a9e rowsum0_bits=0x631e l0_bits=0x695c p_scalar_sum_bits=0x4463d8dc reduction_min_bits=0x43e1b731 reduction_max_bits=0x43e5d481
FIG8_NUMERIC_BLOCK seed=20260811 mode=scna-fp16 layout=lane8 kv_head=0 block=3 m0_bits=0x3a9e rowsum0_bits=0x599e l0_bits=0x69b6 p_scalar_sum_bits=0x43347a40 reduction_min_bits=0x42b168c1 reduction_max_bits=0x42b77141
FIG8_NUMERIC_QK8 seed=20260811 mode=scna-fp16 layout=lane8 kv_head=0 bits=0xb8af,0xad4e,0x2df0,0xaa9f,0xac0b,0xb47d,0xb4fe,0xb267
FIG8_NUMERIC_P8 seed=20260811 mode=scna-fp16 layout=lane8 kv_head=0 centered_bits=0xbd74,0xbae2,0xb97a,0xbaa2,0xbab9,0xbc3b,0xbc5c,0xbbd2 p_bits=0x3835,0x399c,0x3a19,0x39b1,0x39ab,0x390f,0x38f8,0x3948
FIG8_ATTENTION_EVENT_COUNT mode=scna-fp16 qo_len=4 phase=measure iteration=7 events=150 max_events=4256 overflow=0
FIG8_ATTENTION_CHECKSUM mode=scna-fp16 layout=lane8 scna_width=8 seed=20260811 phase=measure iteration=7 checksum=0x3ad07ba1642e8dba
FIG8_ATTENTION_HOST_TIMING mode=scna-fp16 layout=lane8 scna_width=8 seed=20260811 mask_mode=causal qo_len=4 kv_len=4096 n_heads=12 n_kv_heads=2 head_dim=128 phase=measure iteration=8 host_elapsed_us=1150 ret=0
FIG8_ATTENTION_PROFILE_COUNT mode=scna-fp16 qo_len=4 phase=measure iteration=8 records=2 max_records=10
FIG8_ATTENTION_TIMERS mode=scna-fp16 layout=lane8 phase=measure iteration=8 lut_exp=0 scna_layout=1 scna_width=8 qo_len=4 kv_len=4096 n_heads=12 n_kv_heads=2 head_dim=128 kv_head=1 worker=4 profiled_total=458 q_load=1 k_load=78 v_load=69 qk_dot=2 safe_sm=299 scna_exp=264 core_acc=5 o_scale=2 o_store=2
FIG8_NUMERIC seed=20260811 mode=scna-fp16 layout=lane8 kv_head=1 worker=4 qk0_bits=0x0 rowmax0_bits=0x0 rowsum0_bits=0x0 l0_bits=0x0 core_o0_bits=0x0 inv_l0_bits=0x0 scaled_o0_bits=0x0 p0_first_bits=0x0 p0_last_bits=0x0 sum0_first_bits=0x0 sum0_last_bits=0x0 masked_p_nonzero=0 tail_p_nonzero=0 scna_clamp_count=0 score_count=0 centered_score_min=0 centered_score_max=0 final_m0_bits=0x0 final_l0_bits=0x0 final_core_o0_bits=0x0 p_expected_sum_bits=0x0 p_max_abs_error_bits=0x0
FIG8_NUMERIC_QK8 seed=20260811 mode=scna-fp16 layout=lane8 kv_head=1 bits=0x0,0x0,0x0,0x0,0x0,0x0,0x0,0x0
FIG8_NUMERIC_P8 seed=20260811 mode=scna-fp16 layout=lane8 kv_head=1 centered_bits=0x0,0x0,0x0,0x0,0x0,0x0,0x0,0x0 p_bits=0x0,0x0,0x0,0x0,0x0,0x0,0x0,0x0
FIG8_ATTENTION_TIMERS mode=scna-fp16 layout=lane8 phase=measure iteration=8 lut_exp=0 scna_layout=1 scna_width=8 qo_len=4 kv_len=4096 n_heads=12 n_kv_heads=2 head_dim=128 kv_head=0 worker=5 profiled_total=846 q_load=1 k_load=79 v_load=69 qk_dot=1 safe_sm=690 scna_exp=662 core_acc=4 o_scale=1 o_store=1
FIG8_NUMERIC seed=20260811 mode=scna-fp16 layout=lane8 kv_head=0 worker=5 qk0_bits=0xb8af rowmax0_bits=0x3a38 rowsum0_bits=0x634c l0_bits=0x634c core_o0_bits=0x46ad inv_l0_bits=0xd90 scaled_o0_bits=0x1108 p0_first_bits=0x39c1 p0_last_bits=0x0 sum0_first_bits=0x43e9bc11 sum0_last_bits=0x43e98e91 masked_p_nonzero=0 tail_p_nonzero=0 scna_clamp_count=0 score_count=4093 centered_score_min=-1.56787109 centered_score_max=0 final_m0_bits=0x3a9e final_l0_bits=0x69b6 final_core_o0_bits=0x3f3d p_expected_sum_bits=0x4514be04 p_max_abs_error_bits=0x3e1c9c9c
FIG8_NUMERIC_BLOCK seed=20260811 mode=scna-fp16 layout=lane8 kv_head=0 block=0 m0_bits=0x3a38 rowsum0_bits=0x634c l0_bits=0x634c p_scalar_sum_bits=0x4469b27c reduction_min_bits=0x43e8d231 reduction_max_bits=0x43ea6df1
FIG8_NUMERIC_BLOCK seed=20260811 mode=scna-fp16 layout=lane8 kv_head=0 block=1 m0_bits=0x3a4d rowsum0_bits=0x633c l0_bits=0x6741 p_scalar_sum_bits=0x44679428 reduction_min_bits=0x43e5dff1 reduction_max_bits=0x43e922a1
FIG8_NUMERIC_BLOCK seed=20260811 mode=scna-fp16 layout=lane8 kv_head=0 block=2 m0_bits=0x3a9e rowsum0_bits=0x631e l0_bits=0x695c p_scalar_sum_bits=0x4463d8dc reduction_min_bits=0x43e1b731 reduction_max_bits=0x43e5d481
FIG8_NUMERIC_BLOCK seed=20260811 mode=scna-fp16 layout=lane8 kv_head=0 block=3 m0_bits=0x3a9e rowsum0_bits=0x599e l0_bits=0x69b6 p_scalar_sum_bits=0x43347a40 reduction_min_bits=0x42b168c1 reduction_max_bits=0x42b77141
FIG8_NUMERIC_QK8 seed=20260811 mode=scna-fp16 layout=lane8 kv_head=0 bits=0xb8af,0xad4e,0x2df0,0xaa9f,0xac0b,0xb47d,0xb4fe,0xb267
FIG8_NUMERIC_P8 seed=20260811 mode=scna-fp16 layout=lane8 kv_head=0 centered_bits=0xbd74,0xbae2,0xb97a,0xbaa2,0xbab9,0xbc3b,0xbc5c,0xbbd2 p_bits=0x3835,0x399c,0x3a19,0x39b1,0x39ab,0x390f,0x38f8,0x3948
FIG8_ATTENTION_EVENT_COUNT mode=scna-fp16 qo_len=4 phase=measure iteration=8 events=150 max_events=4256 overflow=0
FIG8_ATTENTION_CHECKSUM mode=scna-fp16 layout=lane8 scna_width=8 seed=20260811 phase=measure iteration=8 checksum=0x3ad07ba1642e8dba
FIG8_ATTENTION_HOST_TIMING mode=scna-fp16 layout=lane8 scna_width=8 seed=20260811 mask_mode=causal qo_len=4 kv_len=4096 n_heads=12 n_kv_heads=2 head_dim=128 phase=measure iteration=9 host_elapsed_us=1110 ret=0
FIG8_ATTENTION_PROFILE_COUNT mode=scna-fp16 qo_len=4 phase=measure iteration=9 records=2 max_records=10
FIG8_ATTENTION_TIMERS mode=scna-fp16 layout=lane8 phase=measure iteration=9 lut_exp=0 scna_layout=1 scna_width=8 qo_len=4 kv_len=4096 n_heads=12 n_kv_heads=2 head_dim=128 kv_head=1 worker=3 profiled_total=462 q_load=1 k_load=79 v_load=70 qk_dot=1 safe_sm=301 scna_exp=264 core_acc=6 o_scale=2 o_store=2
FIG8_NUMERIC seed=20260811 mode=scna-fp16 layout=lane8 kv_head=1 worker=3 qk0_bits=0x0 rowmax0_bits=0x0 rowsum0_bits=0x0 l0_bits=0x0 core_o0_bits=0x0 inv_l0_bits=0x0 scaled_o0_bits=0x0 p0_first_bits=0x0 p0_last_bits=0x0 sum0_first_bits=0x0 sum0_last_bits=0x0 masked_p_nonzero=0 tail_p_nonzero=0 scna_clamp_count=0 score_count=0 centered_score_min=0 centered_score_max=0 final_m0_bits=0x0 final_l0_bits=0x0 final_core_o0_bits=0x0 p_expected_sum_bits=0x0 p_max_abs_error_bits=0x0
FIG8_NUMERIC_QK8 seed=20260811 mode=scna-fp16 layout=lane8 kv_head=1 bits=0x0,0x0,0x0,0x0,0x0,0x0,0x0,0x0
FIG8_NUMERIC_P8 seed=20260811 mode=scna-fp16 layout=lane8 kv_head=1 centered_bits=0x0,0x0,0x0,0x0,0x0,0x0,0x0,0x0 p_bits=0x0,0x0,0x0,0x0,0x0,0x0,0x0,0x0
FIG8_ATTENTION_TIMERS mode=scna-fp16 layout=lane8 phase=measure iteration=9 lut_exp=0 scna_layout=1 scna_width=8 qo_len=4 kv_len=4096 n_heads=12 n_kv_heads=2 head_dim=128 kv_head=0 worker=1 profiled_total=862 q_load=1 k_load=76 v_load=73 qk_dot=2 safe_sm=704 scna_exp=673 core_acc=4 o_scale=1 o_store=1
FIG8_NUMERIC seed=20260811 mode=scna-fp16 layout=lane8 kv_head=0 worker=1 qk0_bits=0xb8af rowmax0_bits=0x3a38 rowsum0_bits=0x634c l0_bits=0x634c core_o0_bits=0x46ad inv_l0_bits=0xd90 scaled_o0_bits=0x1108 p0_first_bits=0x39c1 p0_last_bits=0x0 sum0_first_bits=0x43e9bc11 sum0_last_bits=0x43e98e91 masked_p_nonzero=0 tail_p_nonzero=0 scna_clamp_count=0 score_count=4093 centered_score_min=-1.56787109 centered_score_max=0 final_m0_bits=0x3a9e final_l0_bits=0x69b6 final_core_o0_bits=0x3f3d p_expected_sum_bits=0x4514be04 p_max_abs_error_bits=0x3e1c9c9c
FIG8_NUMERIC_BLOCK seed=20260811 mode=scna-fp16 layout=lane8 kv_head=0 block=0 m0_bits=0x3a38 rowsum0_bits=0x634c l0_bits=0x634c p_scalar_sum_bits=0x4469b27c reduction_min_bits=0x43e8d231 reduction_max_bits=0x43ea6df1
FIG8_NUMERIC_BLOCK seed=20260811 mode=scna-fp16 layout=lane8 kv_head=0 block=1 m0_bits=0x3a4d rowsum0_bits=0x633c l0_bits=0x6741 p_scalar_sum_bits=0x44679428 reduction_min_bits=0x43e5dff1 reduction_max_bits=0x43e922a1
FIG8_NUMERIC_BLOCK seed=20260811 mode=scna-fp16 layout=lane8 kv_head=0 block=2 m0_bits=0x3a9e rowsum0_bits=0x631e l0_bits=0x695c p_scalar_sum_bits=0x4463d8dc reduction_min_bits=0x43e1b731 reduction_max_bits=0x43e5d481
FIG8_NUMERIC_BLOCK seed=20260811 mode=scna-fp16 layout=lane8 kv_head=0 block=3 m0_bits=0x3a9e rowsum0_bits=0x599e l0_bits=0x69b6 p_scalar_sum_bits=0x43347a40 reduction_min_bits=0x42b168c1 reduction_max_bits=0x42b77141
FIG8_NUMERIC_QK8 seed=20260811 mode=scna-fp16 layout=lane8 kv_head=0 bits=0xb8af,0xad4e,0x2df0,0xaa9f,0xac0b,0xb47d,0xb4fe,0xb267
FIG8_NUMERIC_P8 seed=20260811 mode=scna-fp16 layout=lane8 kv_head=0 centered_bits=0xbd74,0xbae2,0xb97a,0xbaa2,0xbab9,0xbc3b,0xbc5c,0xbbd2 p_bits=0x3835,0x399c,0x3a19,0x39b1,0x39ab,0x390f,0x38f8,0x3948
FIG8_ATTENTION_EVENT_COUNT mode=scna-fp16 qo_len=4 phase=measure iteration=9 events=150 max_events=4256 overflow=0
FIG8_ATTENTION_CHECKSUM mode=scna-fp16 layout=lane8 scna_width=8 seed=20260811 phase=measure iteration=9 checksum=0x3ad07ba1642e8dba
FIG8_ATTENTION_LAYOUT_REPLAY seed=20260811 primary_layout=lane8 alternate_layout=serial ret=0
FIG8_ATTENTION_LAYOUT_COMPARE seed=20260811 width=8 mask_mode=causal qo_len=4 kv_len=4096 n_heads=12 n_kv_heads=2 head_dim=128 elements=6144 serial_checksum=0x8a5e30f2552cf2ba lane8_checksum=0x3ad07ba1642e8dba rmse=4.90102821e-06 max_abs_error=7.62939453e-05 serial_nonfinite=0 lane8_nonfinite=0 rmse_limit=0.0001 max_abs_limit=0.001 pass=1
FIG8_ATTENTION_REFERENCE_TIMING reference_mode=host-fp32 qo_len=4 kv_len=4096 n_heads=12 n_kv_heads=2 head_dim=128 elapsed_us=61093 ret=0
FIG8_ATTENTION_COMPARE candidate_mode=scna-fp16 layout=lane8 scna_width=8 reference_mode=host-fp32 seed=20260811 mask_mode=causal qo_len=4 kv_len=4096 n_heads=12 n_kv_heads=2 head_dim=128 elements=6144 rmse=0.00024148832 relative_l2=0.0538847297 max_abs_error=0.000959586818 candidate_nonfinite=0 reference_nonfinite=0 rmse_limit=0.002 max_abs_limit=0.01 pass=1
FIG8_ATTENTION_COMPARE_HEAD seed=20260811 mode=scna-fp16 layout=lane8 head=0 rmse=0.000219710244 max_abs_error=0.000719404779 candidate_first=0.000614166318 reference_first=0.000911117357
FIG8_ATTENTION_COMPARE_HEAD seed=20260811 mode=scna-fp16 layout=lane8 head=1 rmse=0.000241810791 max_abs_error=0.000711346045 candidate_first=2.94447018e-05 reference_first=-2.70206401e-05
FIG8_ATTENTION_COMPARE_HEAD seed=20260811 mode=scna-fp16 layout=lane8 head=2 rmse=0.000243013288 max_abs_error=0.000730786007 candidate_first=0.000688552915 reference_first=0.000972026319
FIG8_ATTENTION_COMPARE_HEAD seed=20260811 mode=scna-fp16 layout=lane8 head=3 rmse=0.000243020098 max_abs_error=0.000899182167 candidate_first=0.000133514419 reference_first=0.00029234431
FIG8_ATTENTION_COMPARE_HEAD seed=20260811 mode=scna-fp16 layout=lane8 head=4 rmse=0.000245906151 max_abs_error=0.000909662573 candidate_first=-0.000597000064 reference_first=-0.000791901955
FIG8_ATTENTION_COMPARE_HEAD seed=20260811 mode=scna-fp16 layout=lane8 head=5 rmse=0.000240057023 max_abs_error=0.000813528895 candidate_first=-0.000415801973 reference_first=-0.000576179184
FIG8_ATTENTION_COMPARE_HEAD seed=20260811 mode=scna-fp16 layout=lane8 head=6 rmse=0.000233264887 max_abs_error=0.000674395356 candidate_first=0.00504303025 reference_first=0.00488774525
FIG8_ATTENTION_COMPARE_HEAD seed=20260811 mode=scna-fp16 layout=lane8 head=7 rmse=0.000229922342 max_abs_error=0.000806632452 candidate_first=0.00576782273 reference_first=0.00577411056
FIG8_ATTENTION_COMPARE_HEAD seed=20260811 mode=scna-fp16 layout=lane8 head=8 rmse=0.000242636816 max_abs_error=0.000759866787 candidate_first=0.00547027634 reference_first=0.005135905
FIG8_ATTENTION_COMPARE_HEAD seed=20260811 mode=scna-fp16 layout=lane8 head=9 rmse=0.000242620416 max_abs_error=0.000868109986 candidate_first=0.00547790574 reference_first=0.00548317516
FIG8_ATTENTION_COMPARE_HEAD seed=20260811 mode=scna-fp16 layout=lane8 head=10 rmse=0.000265740586 max_abs_error=0.000959586818 candidate_first=0.00572204636 reference_first=0.00567661924
FIG8_ATTENTION_COMPARE_HEAD seed=20260811 mode=scna-fp16 layout=lane8 head=11 rmse=0.000247407821 max_abs_error=0.000735555193 candidate_first=0.00552368211 reference_first=0.0053197844
