FIG8_CPU_TOPOLOGY cpu=0 allowed=1 max_freq_khz=3532800 capacity=792 role=low-capacity
FIG8_CPU_TOPOLOGY cpu=1 allowed=1 max_freq_khz=3532800 capacity=792 role=low-capacity
FIG8_CPU_TOPOLOGY cpu=2 allowed=1 max_freq_khz=3532800 capacity=792 role=low-capacity
FIG8_CPU_TOPOLOGY cpu=3 allowed=1 max_freq_khz=3532800 capacity=792 role=low-capacity
FIG8_CPU_TOPOLOGY cpu=4 allowed=1 max_freq_khz=3532800 capacity=792 role=low-capacity
FIG8_CPU_TOPOLOGY cpu=5 allowed=1 max_freq_khz=3532800 capacity=792 role=low-capacity
FIG8_CPU_TOPOLOGY cpu=6 allowed=1 max_freq_khz=4320000 capacity=1024 role=high-capacity
FIG8_CPU_TOPOLOGY cpu=7 allowed=1 max_freq_khz=4320000 capacity=1024 role=high-capacity
FIG8_ATTENTION_CONFIG mode=baseline mask_mode=full qo_len=16 kv_len=4096 n_heads=12 n_kv_heads=2 head_dim=128 warmup=5 iters=20 q_size=98304 kv_size=2097152 mask_size=131072 profile_size=902016 profile_max_records=10 profile_max_events=12512 mode_flags=0 print_events=0 wait_policy=legacy host_cpu=6 cpu_role=high-capacity host_sync_calibration=20 descriptor_prepare_us=0 persistent_rpcmem=1 persistent_channel=1 persistent_dsp_maps=1
FIG8_SYNC_CALIBRATION requested_policy=legacy iteration=0 effective_strategy=calibration-legacy wait_wall_us=1496 thread_cpu_us=47 sleep_us=1491 spin_us=5 poll_count=14 dsp_dispatch_total_us=1472
FIG8_SYNC_CALIBRATION requested_policy=legacy iteration=1 effective_strategy=calibration-legacy wait_wall_us=1621 thread_cpu_us=69 sleep_us=1617 spin_us=4 poll_count=15 dsp_dispatch_total_us=1597
FIG8_SYNC_CALIBRATION requested_policy=legacy iteration=2 effective_strategy=calibration-legacy wait_wall_us=1611 thread_cpu_us=60 sleep_us=1608 spin_us=3 poll_count=15 dsp_dispatch_total_us=1593
FIG8_SYNC_CALIBRATION requested_policy=legacy iteration=3 effective_strategy=calibration-legacy wait_wall_us=1712 thread_cpu_us=49 sleep_us=1710 spin_us=2 poll_count=16 dsp_dispatch_total_us=1593
FIG8_SYNC_CALIBRATION requested_policy=legacy iteration=4 effective_strategy=calibration-legacy wait_wall_us=1607 thread_cpu_us=63 sleep_us=1605 spin_us=2 poll_count=15 dsp_dispatch_total_us=1597
FIG8_SYNC_CALIBRATION requested_policy=legacy iteration=5 effective_strategy=calibration-legacy wait_wall_us=1716 thread_cpu_us=46 sleep_us=1710 spin_us=6 poll_count=16 dsp_dispatch_total_us=1598
FIG8_SYNC_CALIBRATION requested_policy=legacy iteration=6 effective_strategy=calibration-legacy wait_wall_us=1606 thread_cpu_us=47 sleep_us=1605 spin_us=1 poll_count=15 dsp_dispatch_total_us=1583
FIG8_SYNC_CALIBRATION requested_policy=legacy iteration=7 effective_strategy=calibration-legacy wait_wall_us=1599 thread_cpu_us=37 sleep_us=1598 spin_us=1 poll_count=15 dsp_dispatch_total_us=1586
FIG8_SYNC_CALIBRATION requested_policy=legacy iteration=8 effective_strategy=calibration-legacy wait_wall_us=1635 thread_cpu_us=45 sleep_us=1629 spin_us=6 poll_count=15 dsp_dispatch_total_us=1570
FIG8_SYNC_CALIBRATION requested_policy=legacy iteration=9 effective_strategy=calibration-legacy wait_wall_us=1616 thread_cpu_us=56 sleep_us=1612 spin_us=4 poll_count=15 dsp_dispatch_total_us=1588
FIG8_SYNC_CALIBRATION requested_policy=legacy iteration=10 effective_strategy=calibration-legacy wait_wall_us=1708 thread_cpu_us=40 sleep_us=1703 spin_us=5 poll_count=16 dsp_dispatch_total_us=1596
FIG8_SYNC_CALIBRATION requested_policy=legacy iteration=11 effective_strategy=calibration-legacy wait_wall_us=1626 thread_cpu_us=65 sleep_us=1624 spin_us=2 poll_count=15 dsp_dispatch_total_us=1605
FIG8_SYNC_CALIBRATION requested_policy=legacy iteration=12 effective_strategy=calibration-legacy wait_wall_us=1710 thread_cpu_us=42 sleep_us=1707 spin_us=3 poll_count=16 dsp_dispatch_total_us=1597
FIG8_SYNC_CALIBRATION requested_policy=legacy iteration=13 effective_strategy=calibration-legacy wait_wall_us=1714 thread_cpu_us=44 sleep_us=1711 spin_us=3 poll_count=16 dsp_dispatch_total_us=1596
FIG8_SYNC_CALIBRATION requested_policy=legacy iteration=14 effective_strategy=calibration-legacy wait_wall_us=1707 thread_cpu_us=40 sleep_us=1704 spin_us=3 poll_count=16 dsp_dispatch_total_us=1597
FIG8_SYNC_CALIBRATION requested_policy=legacy iteration=15 effective_strategy=calibration-legacy wait_wall_us=1710 thread_cpu_us=41 sleep_us=1705 spin_us=5 poll_count=16 dsp_dispatch_total_us=1595
FIG8_SYNC_CALIBRATION requested_policy=legacy iteration=16 effective_strategy=calibration-legacy wait_wall_us=1697 thread_cpu_us=76 sleep_us=1696 spin_us=1 poll_count=16 dsp_dispatch_total_us=1592
FIG8_SYNC_CALIBRATION requested_policy=legacy iteration=17 effective_strategy=calibration-legacy wait_wall_us=1626 thread_cpu_us=37 sleep_us=1623 spin_us=3 poll_count=15 dsp_dispatch_total_us=1606
FIG8_SYNC_CALIBRATION requested_policy=legacy iteration=18 effective_strategy=calibration-legacy wait_wall_us=1711 thread_cpu_us=42 sleep_us=1707 spin_us=4 poll_count=16 dsp_dispatch_total_us=1598
FIG8_SYNC_CALIBRATION requested_policy=legacy iteration=19 effective_strategy=calibration-legacy wait_wall_us=1713 thread_cpu_us=43 sleep_us=1708 spin_us=5 poll_count=16 dsp_dispatch_total_us=1595
FIG8_ATTENTION_HOST_TIMING mode=baseline qo_len=16 kv_len=4096 n_heads=12 n_kv_heads=2 head_dim=128 phase=warmup iteration=0 wait_policy=legacy wait_strategy=legacy-usleep50 host_cpu_requested=6 host_cpu_actual=6 cpu_role=high-capacity host_wall_us=1713 host_thread_cpu_us=45 wait_wall_us=1710 wait_thread_cpu_us=43 sleep_us=1708 spin_us=2 poll_count=16 predicted_us=0 prediction_error_us=0 output_hash=f9e012e63c1c7864 ret=0
FIG8_ATTENTION_DISPATCH mode=baseline phase=warmup iteration=0 mapping_us=6 validate_in_us=71 compute_us=1500 validate_out_us=17 total_us=1595
FIG8_ATTENTION_PROFILE_COUNT mode=baseline qo_len=16 phase=warmup iteration=0 records=2 max_records=10
FIG8_ATTENTION_TIMERS mode=baseline phase=warmup iteration=0 lut_exp=0 qo_len=16 kv_len=4096 n_heads=12 n_kv_heads=2 head_dim=128 kv_head=0 worker=0 profiled_total=669 q_load=4 k_load=179 v_load=175 qk_dot=6 safe_sm=294 core_acc=6 o_scale=0 o_store=5
FIG8_ATTENTION_TIMERS mode=baseline phase=warmup iteration=0 lut_exp=0 qo_len=16 kv_len=4096 n_heads=12 n_kv_heads=2 head_dim=128 kv_head=1 worker=0 profiled_total=661 q_load=4 k_load=181 v_load=170 qk_dot=6 safe_sm=289 core_acc=4 o_scale=2 o_store=5
FIG8_ATTENTION_EVENT_COUNT mode=baseline qo_len=16 phase=warmup iteration=0 events=16 max_events=12512 overflow=0
FIG8_ATTENTION_HOST_TIMING mode=baseline qo_len=16 kv_len=4096 n_heads=12 n_kv_heads=2 head_dim=128 phase=warmup iteration=1 wait_policy=legacy wait_strategy=legacy-usleep50 host_cpu_requested=6 host_cpu_actual=6 cpu_role=high-capacity host_wall_us=1712 host_thread_cpu_us=42 wait_wall_us=1710 wait_thread_cpu_us=40 sleep_us=1708 spin_us=2 poll_count=16 predicted_us=0 prediction_error_us=0 output_hash=f9e012e63c1c7864 ret=0
FIG8_ATTENTION_DISPATCH mode=baseline phase=warmup iteration=1 mapping_us=7 validate_in_us=72 compute_us=1498 validate_out_us=17 total_us=1594
FIG8_ATTENTION_PROFILE_COUNT mode=baseline qo_len=16 phase=warmup iteration=1 records=2 max_records=10
FIG8_ATTENTION_TIMERS mode=baseline phase=warmup iteration=1 lut_exp=0 qo_len=16 kv_len=4096 n_heads=12 n_kv_heads=2 head_dim=128 kv_head=0 worker=0 profiled_total=665 q_load=4 k_load=177 v_load=172 qk_dot=7 safe_sm=294 core_acc=5 o_scale=1 o_store=5
FIG8_ATTENTION_TIMERS mode=baseline phase=warmup iteration=1 lut_exp=0 qo_len=16 kv_len=4096 n_heads=12 n_kv_heads=2 head_dim=128 kv_head=1 worker=0 profiled_total=664 q_load=4 k_load=184 v_load=172 qk_dot=6 safe_sm=288 core_acc=4 o_scale=1 o_store=5
FIG8_ATTENTION_EVENT_COUNT mode=baseline qo_len=16 phase=warmup iteration=1 events=16 max_events=12512 overflow=0
FIG8_ATTENTION_HOST_TIMING mode=baseline qo_len=16 kv_len=4096 n_heads=12 n_kv_heads=2 head_dim=128 phase=warmup iteration=2 wait_policy=legacy wait_strategy=legacy-usleep50 host_cpu_requested=6 host_cpu_actual=6 cpu_role=high-capacity host_wall_us=1623 host_thread_cpu_us=62 wait_wall_us=1620 wait_thread_cpu_us=60 sleep_us=1617 spin_us=3 poll_count=15 predicted_us=0 prediction_error_us=0 output_hash=f9e012e63c1c7864 ret=0
FIG8_ATTENTION_DISPATCH mode=baseline phase=warmup iteration=2 mapping_us=7 validate_in_us=71 compute_us=1509 validate_out_us=17 total_us=1605
FIG8_ATTENTION_PROFILE_COUNT mode=baseline qo_len=16 phase=warmup iteration=2 records=2 max_records=10
FIG8_ATTENTION_TIMERS mode=baseline phase=warmup iteration=2 lut_exp=0 qo_len=16 kv_len=4096 n_heads=12 n_kv_heads=2 head_dim=128 kv_head=0 worker=0 profiled_total=668 q_load=4 k_load=179 v_load=174 qk_dot=7 safe_sm=294 core_acc=5 o_scale=0 o_store=5
FIG8_ATTENTION_TIMERS mode=baseline phase=warmup iteration=2 lut_exp=0 qo_len=16 kv_len=4096 n_heads=12 n_kv_heads=2 head_dim=128 kv_head=1 worker=0 profiled_total=668 q_load=4 k_load=183 v_load=177 qk_dot=6 safe_sm=288 core_acc=4 o_scale=1 o_store=5
FIG8_ATTENTION_EVENT_COUNT mode=baseline qo_len=16 phase=warmup iteration=2 events=16 max_events=12512 overflow=0
FIG8_ATTENTION_HOST_TIMING mode=baseline qo_len=16 kv_len=4096 n_heads=12 n_kv_heads=2 head_dim=128 phase=warmup iteration=3 wait_policy=legacy wait_strategy=legacy-usleep50 host_cpu_requested=6 host_cpu_actual=6 cpu_role=high-capacity host_wall_us=1712 host_thread_cpu_us=43 wait_wall_us=1710 wait_thread_cpu_us=42 sleep_us=1705 spin_us=5 poll_count=16 predicted_us=0 prediction_error_us=0 output_hash=f9e012e63c1c7864 ret=0
FIG8_ATTENTION_DISPATCH mode=baseline phase=warmup iteration=3 mapping_us=7 validate_in_us=71 compute_us=1499 validate_out_us=17 total_us=1594
FIG8_ATTENTION_PROFILE_COUNT mode=baseline qo_len=16 phase=warmup iteration=3 records=2 max_records=10
FIG8_ATTENTION_TIMERS mode=baseline phase=warmup iteration=3 lut_exp=0 qo_len=16 kv_len=4096 n_heads=12 n_kv_heads=2 head_dim=128 kv_head=0 worker=0 profiled_total=663 q_load=4 k_load=177 v_load=172 qk_dot=6 safe_sm=293 core_acc=6 o_scale=0 o_store=5
FIG8_ATTENTION_TIMERS mode=baseline phase=warmup iteration=3 lut_exp=0 qo_len=16 kv_len=4096 n_heads=12 n_kv_heads=2 head_dim=128 kv_head=1 worker=0 profiled_total=662 q_load=4 k_load=184 v_load=170 qk_dot=6 safe_sm=288 core_acc=4 o_scale=1 o_store=5
FIG8_ATTENTION_EVENT_COUNT mode=baseline qo_len=16 phase=warmup iteration=3 events=16 max_events=12512 overflow=0
FIG8_ATTENTION_HOST_TIMING mode=baseline qo_len=16 kv_len=4096 n_heads=12 n_kv_heads=2 head_dim=128 phase=warmup iteration=4 wait_policy=legacy wait_strategy=legacy-usleep50 host_cpu_requested=6 host_cpu_actual=6 cpu_role=high-capacity host_wall_us=1720 host_thread_cpu_us=47 wait_wall_us=1717 wait_thread_cpu_us=45 sleep_us=1712 spin_us=5 poll_count=16 predicted_us=0 prediction_error_us=0 output_hash=f9e012e63c1c7864 ret=0
FIG8_ATTENTION_DISPATCH mode=baseline phase=warmup iteration=4 mapping_us=8 validate_in_us=71 compute_us=1504 validate_out_us=17 total_us=1600
FIG8_ATTENTION_PROFILE_COUNT mode=baseline qo_len=16 phase=warmup iteration=4 records=2 max_records=10
FIG8_ATTENTION_TIMERS mode=baseline phase=warmup iteration=4 lut_exp=0 qo_len=16 kv_len=4096 n_heads=12 n_kv_heads=2 head_dim=128 kv_head=0 worker=0 profiled_total=664 q_load=4 k_load=177 v_load=172 qk_dot=7 safe_sm=294 core_acc=5 o_scale=0 o_store=5
FIG8_ATTENTION_TIMERS mode=baseline phase=warmup iteration=4 lut_exp=0 qo_len=16 kv_len=4096 n_heads=12 n_kv_heads=2 head_dim=128 kv_head=1 worker=0 profiled_total=666 q_load=4 k_load=183 v_load=173 qk_dot=6 safe_sm=290 core_acc=4 o_scale=1 o_store=5
FIG8_ATTENTION_EVENT_COUNT mode=baseline qo_len=16 phase=warmup iteration=4 events=16 max_events=12512 overflow=0
FIG8_ATTENTION_HOST_TIMING mode=baseline qo_len=16 kv_len=4096 n_heads=12 n_kv_heads=2 head_dim=128 phase=measure iteration=0 wait_policy=legacy wait_strategy=legacy-usleep50 host_cpu_requested=6 host_cpu_actual=6 cpu_role=high-capacity host_wall_us=1632 host_thread_cpu_us=44 wait_wall_us=1628 wait_thread_cpu_us=42 sleep_us=1623 spin_us=5 poll_count=15 predicted_us=0 prediction_error_us=0 output_hash=f9e012e63c1c7864 ret=0
FIG8_ATTENTION_DISPATCH mode=baseline phase=measure iteration=0 mapping_us=8 validate_in_us=71 compute_us=1508 validate_out_us=17 total_us=1604
FIG8_ATTENTION_PROFILE_COUNT mode=baseline qo_len=16 phase=measure iteration=0 records=2 max_records=10
FIG8_ATTENTION_TIMERS mode=baseline phase=measure iteration=0 lut_exp=0 qo_len=16 kv_len=4096 n_heads=12 n_kv_heads=2 head_dim=128 kv_head=0 worker=0 profiled_total=668 q_load=4 k_load=179 v_load=175 qk_dot=6 safe_sm=294 core_acc=5 o_scale=0 o_store=5
FIG8_ATTENTION_TIMERS mode=baseline phase=measure iteration=0 lut_exp=0 qo_len=16 kv_len=4096 n_heads=12 n_kv_heads=2 head_dim=128 kv_head=1 worker=0 profiled_total=665 q_load=4 k_load=180 v_load=179 qk_dot=6 safe_sm=286 core_acc=4 o_scale=1 o_store=5
FIG8_ATTENTION_EVENT_COUNT mode=baseline qo_len=16 phase=measure iteration=0 events=16 max_events=12512 overflow=0
FIG8_ATTENTION_HOST_TIMING mode=baseline qo_len=16 kv_len=4096 n_heads=12 n_kv_heads=2 head_dim=128 phase=measure iteration=1 wait_policy=legacy wait_strategy=legacy-usleep50 host_cpu_requested=6 host_cpu_actual=6 cpu_role=high-capacity host_wall_us=1715 host_thread_cpu_us=45 wait_wall_us=1712 wait_thread_cpu_us=42 sleep_us=1710 spin_us=2 poll_count=16 predicted_us=0 prediction_error_us=0 output_hash=f9e012e63c1c7864 ret=0
FIG8_ATTENTION_DISPATCH mode=baseline phase=measure iteration=1 mapping_us=8 validate_in_us=71 compute_us=1502 validate_out_us=18 total_us=1599
FIG8_ATTENTION_PROFILE_COUNT mode=baseline qo_len=16 phase=measure iteration=1 records=2 max_records=10
FIG8_ATTENTION_TIMERS mode=baseline phase=measure iteration=1 lut_exp=0 qo_len=16 kv_len=4096 n_heads=12 n_kv_heads=2 head_dim=128 kv_head=0 worker=0 profiled_total=662 q_load=4 k_load=177 v_load=171 qk_dot=6 safe_sm=294 core_acc=5 o_scale=0 o_store=5
FIG8_ATTENTION_TIMERS mode=baseline phase=measure iteration=1 lut_exp=0 qo_len=16 kv_len=4096 n_heads=12 n_kv_heads=2 head_dim=128 kv_head=1 worker=0 profiled_total=667 q_load=4 k_load=187 v_load=172 qk_dot=6 safe_sm=288 core_acc=4 o_scale=1 o_store=5
FIG8_ATTENTION_EVENT_COUNT mode=baseline qo_len=16 phase=measure iteration=1 events=16 max_events=12512 overflow=0
FIG8_ATTENTION_HOST_TIMING mode=baseline qo_len=16 kv_len=4096 n_heads=12 n_kv_heads=2 head_dim=128 phase=measure iteration=2 wait_policy=legacy wait_strategy=legacy-usleep50 host_cpu_requested=6 host_cpu_actual=6 cpu_role=high-capacity host_wall_us=1714 host_thread_cpu_us=46 wait_wall_us=1711 wait_thread_cpu_us=45 sleep_us=1709 spin_us=2 poll_count=16 predicted_us=0 prediction_error_us=0 output_hash=f9e012e63c1c7864 ret=0
FIG8_ATTENTION_DISPATCH mode=baseline phase=measure iteration=2 mapping_us=7 validate_in_us=72 compute_us=1503 validate_out_us=17 total_us=1600
FIG8_ATTENTION_PROFILE_COUNT mode=baseline qo_len=16 phase=measure iteration=2 records=2 max_records=10
FIG8_ATTENTION_TIMERS mode=baseline phase=measure iteration=2 lut_exp=0 qo_len=16 kv_len=4096 n_heads=12 n_kv_heads=2 head_dim=128 kv_head=0 worker=0 profiled_total=667 q_load=4 k_load=178 v_load=173 qk_dot=6 safe_sm=294 core_acc=6 o_scale=1 o_store=5
FIG8_ATTENTION_TIMERS mode=baseline phase=measure iteration=2 lut_exp=0 qo_len=16 kv_len=4096 n_heads=12 n_kv_heads=2 head_dim=128 kv_head=1 worker=0 profiled_total=663 q_load=4 k_load=183 v_load=171 qk_dot=6 safe_sm=289 core_acc=4 o_scale=1 o_store=5
FIG8_ATTENTION_EVENT_COUNT mode=baseline qo_len=16 phase=measure iteration=2 events=16 max_events=12512 overflow=0
FIG8_ATTENTION_HOST_TIMING mode=baseline qo_len=16 kv_len=4096 n_heads=12 n_kv_heads=2 head_dim=128 phase=measure iteration=3 wait_policy=legacy wait_strategy=legacy-usleep50 host_cpu_requested=6 host_cpu_actual=6 cpu_role=high-capacity host_wall_us=1699 host_thread_cpu_us=83 wait_wall_us=1696 wait_thread_cpu_us=81 sleep_us=1694 spin_us=2 poll_count=16 predicted_us=0 prediction_error_us=0 output_hash=f9e012e63c1c7864 ret=0
FIG8_ATTENTION_DISPATCH mode=baseline phase=measure iteration=3 mapping_us=7 validate_in_us=71 compute_us=1491 validate_out_us=17 total_us=1587
FIG8_ATTENTION_PROFILE_COUNT mode=baseline qo_len=16 phase=measure iteration=3 records=2 max_records=10
FIG8_ATTENTION_TIMERS mode=baseline phase=measure iteration=3 lut_exp=0 qo_len=16 kv_len=4096 n_heads=12 n_kv_heads=2 head_dim=128 kv_head=0 worker=0 profiled_total=664 q_load=4 k_load=174 v_load=176 qk_dot=7 safe_sm=292 core_acc=6 o_scale=0 o_store=5
FIG8_ATTENTION_TIMERS mode=baseline phase=measure iteration=3 lut_exp=0 qo_len=16 kv_len=4096 n_heads=12 n_kv_heads=2 head_dim=128 kv_head=1 worker=0 profiled_total=657 q_load=4 k_load=179 v_load=169 qk_dot=6 safe_sm=289 core_acc=4 o_scale=1 o_store=5
FIG8_ATTENTION_EVENT_COUNT mode=baseline qo_len=16 phase=measure iteration=3 events=16 max_events=12512 overflow=0
FIG8_ATTENTION_HOST_TIMING mode=baseline qo_len=16 kv_len=4096 n_heads=12 n_kv_heads=2 head_dim=128 phase=measure iteration=4 wait_policy=legacy wait_strategy=legacy-usleep50 host_cpu_requested=6 host_cpu_actual=6 cpu_role=high-capacity host_wall_us=1716 host_thread_cpu_us=47 wait_wall_us=1713 wait_thread_cpu_us=45 sleep_us=1712 spin_us=1 poll_count=16 predicted_us=0 prediction_error_us=0 output_hash=f9e012e63c1c7864 ret=0
FIG8_ATTENTION_DISPATCH mode=baseline phase=measure iteration=4 mapping_us=6 validate_in_us=71 compute_us=1499 validate_out_us=17 total_us=1594
FIG8_ATTENTION_PROFILE_COUNT mode=baseline qo_len=16 phase=measure iteration=4 records=2 max_records=10
FIG8_ATTENTION_TIMERS mode=baseline phase=measure iteration=4 lut_exp=0 qo_len=16 kv_len=4096 n_heads=12 n_kv_heads=2 head_dim=128 kv_head=0 worker=0 profiled_total=666 q_load=4 k_load=176 v_load=172 qk_dot=7 safe_sm=296 core_acc=5 o_scale=1 o_store=5
FIG8_ATTENTION_TIMERS mode=baseline phase=measure iteration=4 lut_exp=0 qo_len=16 kv_len=4096 n_heads=12 n_kv_heads=2 head_dim=128 kv_head=1 worker=0 profiled_total=664 q_load=4 k_load=184 v_load=172 qk_dot=6 safe_sm=288 core_acc=4 o_scale=1 o_store=5
FIG8_ATTENTION_EVENT_COUNT mode=baseline qo_len=16 phase=measure iteration=4 events=16 max_events=12512 overflow=0
FIG8_ATTENTION_HOST_TIMING mode=baseline qo_len=16 kv_len=4096 n_heads=12 n_kv_heads=2 head_dim=128 phase=measure iteration=5 wait_policy=legacy wait_strategy=legacy-usleep50 host_cpu_requested=6 host_cpu_actual=6 cpu_role=high-capacity host_wall_us=1716 host_thread_cpu_us=45 wait_wall_us=1713 wait_thread_cpu_us=44 sleep_us=1707 spin_us=6 poll_count=16 predicted_us=0 prediction_error_us=0 output_hash=f9e012e63c1c7864 ret=0
FIG8_ATTENTION_DISPATCH mode=baseline phase=measure iteration=5 mapping_us=7 validate_in_us=71 compute_us=1498 validate_out_us=17 total_us=1594
FIG8_ATTENTION_PROFILE_COUNT mode=baseline qo_len=16 phase=measure iteration=5 records=2 max_records=10
FIG8_ATTENTION_TIMERS mode=baseline phase=measure iteration=5 lut_exp=0 qo_len=16 kv_len=4096 n_heads=12 n_kv_heads=2 head_dim=128 kv_head=0 worker=0 profiled_total=666 q_load=4 k_load=178 v_load=172 qk_dot=6 safe_sm=295 core_acc=5 o_scale=1 o_store=5
FIG8_ATTENTION_TIMERS mode=baseline phase=measure iteration=5 lut_exp=0 qo_len=16 kv_len=4096 n_heads=12 n_kv_heads=2 head_dim=128 kv_head=1 worker=0 profiled_total=662 q_load=4 k_load=182 v_load=172 qk_dot=6 safe_sm=288 core_acc=4 o_scale=1 o_store=5
FIG8_ATTENTION_EVENT_COUNT mode=baseline qo_len=16 phase=measure iteration=5 events=16 max_events=12512 overflow=0
FIG8_ATTENTION_HOST_TIMING mode=baseline qo_len=16 kv_len=4096 n_heads=12 n_kv_heads=2 head_dim=128 phase=measure iteration=6 wait_policy=legacy wait_strategy=legacy-usleep50 host_cpu_requested=6 host_cpu_actual=6 cpu_role=high-capacity host_wall_us=1735 host_thread_cpu_us=67 wait_wall_us=1732 wait_thread_cpu_us=65 sleep_us=1729 spin_us=3 poll_count=16 predicted_us=0 prediction_error_us=0 output_hash=f9e012e63c1c7864 ret=0
FIG8_ATTENTION_DISPATCH mode=baseline phase=measure iteration=6 mapping_us=7 validate_in_us=72 compute_us=1500 validate_out_us=18 total_us=1597
FIG8_ATTENTION_PROFILE_COUNT mode=baseline qo_len=16 phase=measure iteration=6 records=2 max_records=10
FIG8_ATTENTION_TIMERS mode=baseline phase=measure iteration=6 lut_exp=0 qo_len=16 kv_len=4096 n_heads=12 n_kv_heads=2 head_dim=128 kv_head=0 worker=0 profiled_total=663 q_load=4 k_load=178 v_load=172 qk_dot=6 safe_sm=293 core_acc=5 o_scale=0 o_store=5
FIG8_ATTENTION_TIMERS mode=baseline phase=measure iteration=6 lut_exp=0 qo_len=16 kv_len=4096 n_heads=12 n_kv_heads=2 head_dim=128 kv_head=1 worker=0 profiled_total=664 q_load=4 k_load=183 v_load=171 qk_dot=6 safe_sm=290 core_acc=4 o_scale=1 o_store=5
FIG8_ATTENTION_EVENT_COUNT mode=baseline qo_len=16 phase=measure iteration=6 events=16 max_events=12512 overflow=0
FIG8_ATTENTION_HOST_TIMING mode=baseline qo_len=16 kv_len=4096 n_heads=12 n_kv_heads=2 head_dim=128 phase=measure iteration=7 wait_policy=legacy wait_strategy=legacy-usleep50 host_cpu_requested=6 host_cpu_actual=6 cpu_role=high-capacity host_wall_us=1712 host_thread_cpu_us=44 wait_wall_us=1708 wait_thread_cpu_us=42 sleep_us=1705 spin_us=3 poll_count=16 predicted_us=0 prediction_error_us=0 output_hash=f9e012e63c1c7864 ret=0
FIG8_ATTENTION_DISPATCH mode=baseline phase=measure iteration=7 mapping_us=8 validate_in_us=71 compute_us=1505 validate_out_us=17 total_us=1601
FIG8_ATTENTION_PROFILE_COUNT mode=baseline qo_len=16 phase=measure iteration=7 records=2 max_records=10
FIG8_ATTENTION_TIMERS mode=baseline phase=measure iteration=7 lut_exp=0 qo_len=16 kv_len=4096 n_heads=12 n_kv_heads=2 head_dim=128 kv_head=0 worker=0 profiled_total=670 q_load=4 k_load=180 v_load=174 qk_dot=7 safe_sm=295 core_acc=5 o_scale=0 o_store=5
FIG8_ATTENTION_TIMERS mode=baseline phase=measure iteration=7 lut_exp=0 qo_len=16 kv_len=4096 n_heads=12 n_kv_heads=2 head_dim=128 kv_head=1 worker=0 profiled_total=662 q_load=4 k_load=183 v_load=169 qk_dot=6 safe_sm=290 core_acc=4 o_scale=1 o_store=5
FIG8_ATTENTION_EVENT_COUNT mode=baseline qo_len=16 phase=measure iteration=7 events=16 max_events=12512 overflow=0
FIG8_ATTENTION_HOST_TIMING mode=baseline qo_len=16 kv_len=4096 n_heads=12 n_kv_heads=2 head_dim=128 phase=measure iteration=8 wait_policy=legacy wait_strategy=legacy-usleep50 host_cpu_requested=6 host_cpu_actual=6 cpu_role=high-capacity host_wall_us=1612 host_thread_cpu_us=47 wait_wall_us=1609 wait_thread_cpu_us=45 sleep_us=1606 spin_us=3 poll_count=15 predicted_us=0 prediction_error_us=0 output_hash=f9e012e63c1c7864 ret=0
FIG8_ATTENTION_DISPATCH mode=baseline phase=measure iteration=8 mapping_us=7 validate_in_us=72 compute_us=1499 validate_out_us=18 total_us=1596
FIG8_ATTENTION_PROFILE_COUNT mode=baseline qo_len=16 phase=measure iteration=8 records=2 max_records=10
FIG8_ATTENTION_TIMERS mode=baseline phase=measure iteration=8 lut_exp=0 qo_len=16 kv_len=4096 n_heads=12 n_kv_heads=2 head_dim=128 kv_head=0 worker=0 profiled_total=664 q_load=4 k_load=176 v_load=170 qk_dot=7 safe_sm=295 core_acc=5 o_scale=1 o_store=6
FIG8_ATTENTION_TIMERS mode=baseline phase=measure iteration=8 lut_exp=0 qo_len=16 kv_len=4096 n_heads=12 n_kv_heads=2 head_dim=128 kv_head=1 worker=0 profiled_total=667 q_load=4 k_load=187 v_load=172 qk_dot=6 safe_sm=288 core_acc=4 o_scale=1 o_store=5
FIG8_ATTENTION_EVENT_COUNT mode=baseline qo_len=16 phase=measure iteration=8 events=16 max_events=12512 overflow=0
FIG8_ATTENTION_HOST_TIMING mode=baseline qo_len=16 kv_len=4096 n_heads=12 n_kv_heads=2 head_dim=128 phase=measure iteration=9 wait_policy=legacy wait_strategy=legacy-usleep50 host_cpu_requested=6 host_cpu_actual=6 cpu_role=high-capacity host_wall_us=1709 host_thread_cpu_us=39 wait_wall_us=1706 wait_thread_cpu_us=37 sleep_us=1701 spin_us=5 poll_count=16 predicted_us=0 prediction_error_us=0 output_hash=f9e012e63c1c7864 ret=0
FIG8_ATTENTION_DISPATCH mode=baseline phase=measure iteration=9 mapping_us=7 validate_in_us=72 compute_us=1503 validate_out_us=17 total_us=1599
FIG8_ATTENTION_PROFILE_COUNT mode=baseline qo_len=16 phase=measure iteration=9 records=2 max_records=10
FIG8_ATTENTION_TIMERS mode=baseline phase=measure iteration=9 lut_exp=0 qo_len=16 kv_len=4096 n_heads=12 n_kv_heads=2 head_dim=128 kv_head=0 worker=0 profiled_total=668 q_load=4 k_load=178 v_load=175 qk_dot=6 safe_sm=294 core_acc=6 o_scale=0 o_store=5
FIG8_ATTENTION_TIMERS mode=baseline phase=measure iteration=9 lut_exp=0 qo_len=16 kv_len=4096 n_heads=12 n_kv_heads=2 head_dim=128 kv_head=1 worker=0 profiled_total=662 q_load=4 k_load=183 v_load=169 qk_dot=6 safe_sm=289 core_acc=4 o_scale=2 o_store=5
FIG8_ATTENTION_EVENT_COUNT mode=baseline qo_len=16 phase=measure iteration=9 events=16 max_events=12512 overflow=0
FIG8_ATTENTION_HOST_TIMING mode=baseline qo_len=16 kv_len=4096 n_heads=12 n_kv_heads=2 head_dim=128 phase=measure iteration=10 wait_policy=legacy wait_strategy=legacy-usleep50 host_cpu_requested=6 host_cpu_actual=6 cpu_role=high-capacity host_wall_us=1712 host_thread_cpu_us=40 wait_wall_us=1708 wait_thread_cpu_us=38 sleep_us=1707 spin_us=1 poll_count=16 predicted_us=0 prediction_error_us=0 output_hash=f9e012e63c1c7864 ret=0
FIG8_ATTENTION_DISPATCH mode=baseline phase=measure iteration=10 mapping_us=7 validate_in_us=72 compute_us=1501 validate_out_us=17 total_us=1597
FIG8_ATTENTION_PROFILE_COUNT mode=baseline qo_len=16 phase=measure iteration=10 records=2 max_records=10
FIG8_ATTENTION_TIMERS mode=baseline phase=measure iteration=10 lut_exp=0 qo_len=16 kv_len=4096 n_heads=12 n_kv_heads=2 head_dim=128 kv_head=0 worker=0 profiled_total=670 q_load=4 k_load=178 v_load=175 qk_dot=6 safe_sm=295 core_acc=5 o_scale=1 o_store=6
FIG8_ATTENTION_TIMERS mode=baseline phase=measure iteration=10 lut_exp=0 qo_len=16 kv_len=4096 n_heads=12 n_kv_heads=2 head_dim=128 kv_head=1 worker=0 profiled_total=662 q_load=4 k_load=182 v_load=170 qk_dot=6 safe_sm=289 core_acc=4 o_scale=1 o_store=6
FIG8_ATTENTION_EVENT_COUNT mode=baseline qo_len=16 phase=measure iteration=10 events=16 max_events=12512 overflow=0
FIG8_ATTENTION_HOST_TIMING mode=baseline qo_len=16 kv_len=4096 n_heads=12 n_kv_heads=2 head_dim=128 phase=measure iteration=11 wait_policy=legacy wait_strategy=legacy-usleep50 host_cpu_requested=6 host_cpu_actual=6 cpu_role=high-capacity host_wall_us=1711 host_thread_cpu_us=36 wait_wall_us=1707 wait_thread_cpu_us=34 sleep_us=1704 spin_us=3 poll_count=16 predicted_us=0 prediction_error_us=0 output_hash=f9e012e63c1c7864 ret=0
FIG8_ATTENTION_DISPATCH mode=baseline phase=measure iteration=11 mapping_us=7 validate_in_us=71 compute_us=1505 validate_out_us=18 total_us=1602
FIG8_ATTENTION_PROFILE_COUNT mode=baseline qo_len=16 phase=measure iteration=11 records=2 max_records=10
FIG8_ATTENTION_TIMERS mode=baseline phase=measure iteration=11 lut_exp=0 qo_len=16 kv_len=4096 n_heads=12 n_kv_heads=2 head_dim=128 kv_head=0 worker=0 profiled_total=677 q_load=4 k_load=182 v_load=177 qk_dot=7 safe_sm=296 core_acc=5 o_scale=1 o_store=5
FIG8_ATTENTION_TIMERS mode=baseline phase=measure iteration=11 lut_exp=0 qo_len=16 kv_len=4096 n_heads=12 n_kv_heads=2 head_dim=128 kv_head=1 worker=0 profiled_total=657 q_load=4 k_load=180 v_load=168 qk_dot=6 safe_sm=289 core_acc=4 o_scale=1 o_store=5
FIG8_ATTENTION_EVENT_COUNT mode=baseline qo_len=16 phase=measure iteration=11 events=16 max_events=12512 overflow=0
FIG8_ATTENTION_HOST_TIMING mode=baseline qo_len=16 kv_len=4096 n_heads=12 n_kv_heads=2 head_dim=128 phase=measure iteration=12 wait_policy=legacy wait_strategy=legacy-usleep50 host_cpu_requested=6 host_cpu_actual=6 cpu_role=high-capacity host_wall_us=1639 host_thread_cpu_us=78 wait_wall_us=1635 wait_thread_cpu_us=76 sleep_us=1632 spin_us=3 poll_count=15 predicted_us=0 prediction_error_us=0 output_hash=f9e012e63c1c7864 ret=0
FIG8_ATTENTION_DISPATCH mode=baseline phase=measure iteration=12 mapping_us=7 validate_in_us=72 compute_us=1501 validate_out_us=17 total_us=1597
FIG8_ATTENTION_PROFILE_COUNT mode=baseline qo_len=16 phase=measure iteration=12 records=2 max_records=10
FIG8_ATTENTION_TIMERS mode=baseline phase=measure iteration=12 lut_exp=0 qo_len=16 kv_len=4096 n_heads=12 n_kv_heads=2 head_dim=128 kv_head=0 worker=0 profiled_total=666 q_load=4 k_load=177 v_load=173 qk_dot=7 safe_sm=294 core_acc=5 o_scale=1 o_store=5
FIG8_ATTENTION_TIMERS mode=baseline phase=measure iteration=12 lut_exp=0 qo_len=16 kv_len=4096 n_heads=12 n_kv_heads=2 head_dim=128 kv_head=1 worker=0 profiled_total=664 q_load=4 k_load=178 v_load=179 qk_dot=6 safe_sm=287 core_acc=4 o_scale=1 o_store=5
FIG8_ATTENTION_EVENT_COUNT mode=baseline qo_len=16 phase=measure iteration=12 events=16 max_events=12512 overflow=0
FIG8_ATTENTION_HOST_TIMING mode=baseline qo_len=16 kv_len=4096 n_heads=12 n_kv_heads=2 head_dim=128 phase=measure iteration=13 wait_policy=legacy wait_strategy=legacy-usleep50 host_cpu_requested=6 host_cpu_actual=6 cpu_role=high-capacity host_wall_us=1710 host_thread_cpu_us=42 wait_wall_us=1707 wait_thread_cpu_us=39 sleep_us=1704 spin_us=3 poll_count=16 predicted_us=0 prediction_error_us=0 output_hash=f9e012e63c1c7864 ret=0
FIG8_ATTENTION_DISPATCH mode=baseline phase=measure iteration=13 mapping_us=8 validate_in_us=72 compute_us=1506 validate_out_us=17 total_us=1603
FIG8_ATTENTION_PROFILE_COUNT mode=baseline qo_len=16 phase=measure iteration=13 records=2 max_records=10
FIG8_ATTENTION_TIMERS mode=baseline phase=measure iteration=13 lut_exp=0 qo_len=16 kv_len=4096 n_heads=12 n_kv_heads=2 head_dim=128 kv_head=0 worker=0 profiled_total=674 q_load=4 k_load=182 v_load=176 qk_dot=6 safe_sm=295 core_acc=5 o_scale=1 o_store=5
FIG8_ATTENTION_TIMERS mode=baseline phase=measure iteration=13 lut_exp=0 qo_len=16 kv_len=4096 n_heads=12 n_kv_heads=2 head_dim=128 kv_head=1 worker=0 profiled_total=656 q_load=4 k_load=179 v_load=167 qk_dot=6 safe_sm=290 core_acc=4 o_scale=1 o_store=5
FIG8_ATTENTION_EVENT_COUNT mode=baseline qo_len=16 phase=measure iteration=13 events=16 max_events=12512 overflow=0
FIG8_ATTENTION_HOST_TIMING mode=baseline qo_len=16 kv_len=4096 n_heads=12 n_kv_heads=2 head_dim=128 phase=measure iteration=14 wait_policy=legacy wait_strategy=legacy-usleep50 host_cpu_requested=6 host_cpu_actual=6 cpu_role=high-capacity host_wall_us=1714 host_thread_cpu_us=46 wait_wall_us=1712 wait_thread_cpu_us=44 sleep_us=1705 spin_us=7 poll_count=16 predicted_us=0 prediction_error_us=0 output_hash=f9e012e63c1c7864 ret=0
FIG8_ATTENTION_DISPATCH mode=baseline phase=measure iteration=14 mapping_us=7 validate_in_us=72 compute_us=1505 validate_out_us=17 total_us=1602
FIG8_ATTENTION_PROFILE_COUNT mode=baseline qo_len=16 phase=measure iteration=14 records=2 max_records=10
FIG8_ATTENTION_TIMERS mode=baseline phase=measure iteration=14 lut_exp=0 qo_len=16 kv_len=4096 n_heads=12 n_kv_heads=2 head_dim=128 kv_head=0 worker=0 profiled_total=676 q_load=5 k_load=180 v_load=177 qk_dot=7 safe_sm=296 core_acc=5 o_scale=1 o_store=5
FIG8_ATTENTION_TIMERS mode=baseline phase=measure iteration=14 lut_exp=0 qo_len=16 kv_len=4096 n_heads=12 n_kv_heads=2 head_dim=128 kv_head=1 worker=0 profiled_total=658 q_load=4 k_load=180 v_load=169 qk_dot=6 safe_sm=289 core_acc=4 o_scale=1 o_store=5
FIG8_ATTENTION_EVENT_COUNT mode=baseline qo_len=16 phase=measure iteration=14 events=16 max_events=12512 overflow=0
FIG8_ATTENTION_HOST_TIMING mode=baseline qo_len=16 kv_len=4096 n_heads=12 n_kv_heads=2 head_dim=128 phase=measure iteration=15 wait_policy=legacy wait_strategy=legacy-usleep50 host_cpu_requested=6 host_cpu_actual=6 cpu_role=high-capacity host_wall_us=1633 host_thread_cpu_us=40 wait_wall_us=1629 wait_thread_cpu_us=39 sleep_us=1629 spin_us=0 poll_count=15 predicted_us=0 prediction_error_us=0 output_hash=f9e012e63c1c7864 ret=0
FIG8_ATTENTION_DISPATCH mode=baseline phase=measure iteration=15 mapping_us=7 validate_in_us=71 compute_us=1514 validate_out_us=17 total_us=1609
FIG8_ATTENTION_PROFILE_COUNT mode=baseline qo_len=16 phase=measure iteration=15 records=2 max_records=10
FIG8_ATTENTION_TIMERS mode=baseline phase=measure iteration=15 lut_exp=0 qo_len=16 kv_len=4096 n_heads=12 n_kv_heads=2 head_dim=128 kv_head=0 worker=0 profiled_total=677 q_load=5 k_load=181 v_load=176 qk_dot=7 safe_sm=297 core_acc=5 o_scale=1 o_store=5
FIG8_ATTENTION_TIMERS mode=baseline phase=measure iteration=15 lut_exp=0 qo_len=16 kv_len=4096 n_heads=12 n_kv_heads=2 head_dim=128 kv_head=1 worker=0 profiled_total=667 q_load=4 k_load=181 v_load=179 qk_dot=6 safe_sm=287 core_acc=4 o_scale=1 o_store=5
FIG8_ATTENTION_EVENT_COUNT mode=baseline qo_len=16 phase=measure iteration=15 events=16 max_events=12512 overflow=0
FIG8_ATTENTION_HOST_TIMING mode=baseline qo_len=16 kv_len=4096 n_heads=12 n_kv_heads=2 head_dim=128 phase=measure iteration=16 wait_policy=legacy wait_strategy=legacy-usleep50 host_cpu_requested=6 host_cpu_actual=6 cpu_role=high-capacity host_wall_us=1620 host_thread_cpu_us=48 wait_wall_us=1617 wait_thread_cpu_us=46 sleep_us=1616 spin_us=1 poll_count=15 predicted_us=0 prediction_error_us=0 output_hash=f9e012e63c1c7864 ret=0
FIG8_ATTENTION_DISPATCH mode=baseline phase=measure iteration=16 mapping_us=7 validate_in_us=72 compute_us=1505 validate_out_us=17 total_us=1601
FIG8_ATTENTION_PROFILE_COUNT mode=baseline qo_len=16 phase=measure iteration=16 records=2 max_records=10
FIG8_ATTENTION_TIMERS mode=baseline phase=measure iteration=16 lut_exp=0 qo_len=16 kv_len=4096 n_heads=12 n_kv_heads=2 head_dim=128 kv_head=0 worker=0 profiled_total=661 q_load=5 k_load=180 v_load=167 qk_dot=6 safe_sm=292 core_acc=5 o_scale=1 o_store=5
FIG8_ATTENTION_TIMERS mode=baseline phase=measure iteration=16 lut_exp=0 qo_len=16 kv_len=4096 n_heads=12 n_kv_heads=2 head_dim=128 kv_head=1 worker=0 profiled_total=673 q_load=4 k_load=185 v_load=178 qk_dot=6 safe_sm=289 core_acc=4 o_scale=2 o_store=5
FIG8_ATTENTION_EVENT_COUNT mode=baseline qo_len=16 phase=measure iteration=16 events=16 max_events=12512 overflow=0
FIG8_ATTENTION_HOST_TIMING mode=baseline qo_len=16 kv_len=4096 n_heads=12 n_kv_heads=2 head_dim=128 phase=measure iteration=17 wait_policy=legacy wait_strategy=legacy-usleep50 host_cpu_requested=6 host_cpu_actual=6 cpu_role=high-capacity host_wall_us=1714 host_thread_cpu_us=46 wait_wall_us=1710 wait_thread_cpu_us=44 sleep_us=1707 spin_us=3 poll_count=16 predicted_us=0 prediction_error_us=0 output_hash=f9e012e63c1c7864 ret=0
FIG8_ATTENTION_DISPATCH mode=baseline phase=measure iteration=17 mapping_us=7 validate_in_us=71 compute_us=1505 validate_out_us=17 total_us=1600
FIG8_ATTENTION_PROFILE_COUNT mode=baseline qo_len=16 phase=measure iteration=17 records=2 max_records=10
FIG8_ATTENTION_TIMERS mode=baseline phase=measure iteration=17 lut_exp=0 qo_len=16 kv_len=4096 n_heads=12 n_kv_heads=2 head_dim=128 kv_head=0 worker=0 profiled_total=677 q_load=5 k_load=181 v_load=177 qk_dot=7 safe_sm=296 core_acc=5 o_scale=1 o_store=5
FIG8_ATTENTION_TIMERS mode=baseline phase=measure iteration=17 lut_exp=0 qo_len=16 kv_len=4096 n_heads=12 n_kv_heads=2 head_dim=128 kv_head=1 worker=0 profiled_total=659 q_load=4 k_load=181 v_load=169 qk_dot=6 safe_sm=288 core_acc=4 o_scale=2 o_store=5
FIG8_ATTENTION_EVENT_COUNT mode=baseline qo_len=16 phase=measure iteration=17 events=16 max_events=12512 overflow=0
FIG8_ATTENTION_HOST_TIMING mode=baseline qo_len=16 kv_len=4096 n_heads=12 n_kv_heads=2 head_dim=128 phase=measure iteration=18 wait_policy=legacy wait_strategy=legacy-usleep50 host_cpu_requested=6 host_cpu_actual=6 cpu_role=high-capacity host_wall_us=1619 host_thread_cpu_us=61 wait_wall_us=1616 wait_thread_cpu_us=59 sleep_us=1610 spin_us=6 poll_count=15 predicted_us=0 prediction_error_us=0 output_hash=f9e012e63c1c7864 ret=0
FIG8_ATTENTION_DISPATCH mode=baseline phase=measure iteration=18 mapping_us=7 validate_in_us=72 compute_us=1496 validate_out_us=17 total_us=1592
FIG8_ATTENTION_PROFILE_COUNT mode=baseline qo_len=16 phase=measure iteration=18 records=2 max_records=10
FIG8_ATTENTION_TIMERS mode=baseline phase=measure iteration=18 lut_exp=0 qo_len=16 kv_len=4096 n_heads=12 n_kv_heads=2 head_dim=128 kv_head=0 worker=0 profiled_total=653 q_load=5 k_load=171 v_load=165 qk_dot=6 safe_sm=295 core_acc=6 o_scale=0 o_store=5
FIG8_ATTENTION_TIMERS mode=baseline phase=measure iteration=18 lut_exp=0 qo_len=16 kv_len=4096 n_heads=12 n_kv_heads=2 head_dim=128 kv_head=1 worker=0 profiled_total=674 q_load=4 k_load=188 v_load=179 qk_dot=6 safe_sm=287 core_acc=4 o_scale=1 o_store=5
FIG8_ATTENTION_EVENT_COUNT mode=baseline qo_len=16 phase=measure iteration=18 events=16 max_events=12512 overflow=0
FIG8_ATTENTION_HOST_TIMING mode=baseline qo_len=16 kv_len=4096 n_heads=12 n_kv_heads=2 head_dim=128 phase=measure iteration=19 wait_policy=legacy wait_strategy=legacy-usleep50 host_cpu_requested=6 host_cpu_actual=6 cpu_role=high-capacity host_wall_us=1605 host_thread_cpu_us=47 wait_wall_us=1602 wait_thread_cpu_us=45 sleep_us=1597 spin_us=5 poll_count=15 predicted_us=0 prediction_error_us=0 output_hash=f9e012e63c1c7864 ret=0
FIG8_ATTENTION_DISPATCH mode=baseline phase=measure iteration=19 mapping_us=6 validate_in_us=71 compute_us=1499 validate_out_us=17 total_us=1594
FIG8_ATTENTION_PROFILE_COUNT mode=baseline qo_len=16 phase=measure iteration=19 records=2 max_records=10
FIG8_ATTENTION_TIMERS mode=baseline phase=measure iteration=19 lut_exp=0 qo_len=16 kv_len=4096 n_heads=12 n_kv_heads=2 head_dim=128 kv_head=0 worker=0 profiled_total=662 q_load=4 k_load=174 v_load=170 qk_dot=6 safe_sm=297 core_acc=6 o_scale=0 o_store=5
FIG8_ATTENTION_TIMERS mode=baseline phase=measure iteration=19 lut_exp=0 qo_len=16 kv_len=4096 n_heads=12 n_kv_heads=2 head_dim=128 kv_head=1 worker=0 profiled_total=666 q_load=4 k_load=184 v_load=173 qk_dot=6 safe_sm=289 core_acc=4 o_scale=1 o_store=5
FIG8_ATTENTION_EVENT_COUNT mode=baseline qo_len=16 phase=measure iteration=19 events=16 max_events=12512 overflow=0
