FIG8_CPU_TOPOLOGY cpu=0 allowed=1 max_freq_khz=3532800 capacity=792 role=low-capacity
FIG8_CPU_TOPOLOGY cpu=1 allowed=1 max_freq_khz=3532800 capacity=792 role=low-capacity
FIG8_CPU_TOPOLOGY cpu=2 allowed=1 max_freq_khz=3532800 capacity=792 role=low-capacity
FIG8_CPU_TOPOLOGY cpu=3 allowed=1 max_freq_khz=3532800 capacity=792 role=low-capacity
FIG8_CPU_TOPOLOGY cpu=4 allowed=1 max_freq_khz=3532800 capacity=792 role=low-capacity
FIG8_CPU_TOPOLOGY cpu=5 allowed=1 max_freq_khz=3532800 capacity=792 role=low-capacity
FIG8_CPU_TOPOLOGY cpu=6 allowed=1 max_freq_khz=4320000 capacity=1024 role=high-capacity
FIG8_CPU_TOPOLOGY cpu=7 allowed=1 max_freq_khz=4320000 capacity=1024 role=high-capacity
FIG8_ATTENTION_CONFIG mode=baseline mask_mode=full qo_len=4 kv_len=4096 n_heads=12 n_kv_heads=2 head_dim=128 warmup=5 iters=20 q_size=24576 kv_size=2097152 mask_size=32768 profile_size=233344 profile_max_records=10 profile_max_events=3224 mode_flags=0 print_events=0 wait_policy=spin host_cpu=0 cpu_role=low-capacity host_sync_calibration=20 descriptor_prepare_us=1 persistent_rpcmem=1 persistent_channel=1 persistent_dsp_maps=1
FIG8_SYNC_CALIBRATION requested_policy=spin iteration=0 effective_strategy=calibration-legacy wait_wall_us=1174 thread_cpu_us=71 sleep_us=1166 spin_us=8 poll_count=10 dsp_dispatch_total_us=1082
FIG8_SYNC_CALIBRATION requested_policy=spin iteration=1 effective_strategy=calibration-legacy wait_wall_us=1037 thread_cpu_us=62 sleep_us=1035 spin_us=2 poll_count=7 dsp_dispatch_total_us=1012
FIG8_SYNC_CALIBRATION requested_policy=spin iteration=2 effective_strategy=calibration-legacy wait_wall_us=1156 thread_cpu_us=65 sleep_us=1151 spin_us=5 poll_count=10 dsp_dispatch_total_us=1055
FIG8_SYNC_CALIBRATION requested_policy=spin iteration=3 effective_strategy=calibration-legacy wait_wall_us=1120 thread_cpu_us=56 sleep_us=1117 spin_us=3 poll_count=9 dsp_dispatch_total_us=1054
FIG8_SYNC_CALIBRATION requested_policy=spin iteration=4 effective_strategy=calibration-legacy wait_wall_us=1072 thread_cpu_us=59 sleep_us=1069 spin_us=3 poll_count=9 dsp_dispatch_total_us=1041
FIG8_SYNC_CALIBRATION requested_policy=spin iteration=5 effective_strategy=calibration-legacy wait_wall_us=1132 thread_cpu_us=63 sleep_us=1129 spin_us=3 poll_count=10 dsp_dispatch_total_us=1034
FIG8_SYNC_CALIBRATION requested_policy=spin iteration=6 effective_strategy=calibration-legacy wait_wall_us=1091 thread_cpu_us=58 sleep_us=1089 spin_us=2 poll_count=9 dsp_dispatch_total_us=1037
FIG8_SYNC_CALIBRATION requested_policy=spin iteration=7 effective_strategy=calibration-legacy wait_wall_us=1086 thread_cpu_us=61 sleep_us=1083 spin_us=3 poll_count=9 dsp_dispatch_total_us=1042
FIG8_SYNC_CALIBRATION requested_policy=spin iteration=8 effective_strategy=calibration-legacy wait_wall_us=1049 thread_cpu_us=62 sleep_us=1046 spin_us=3 poll_count=9 dsp_dispatch_total_us=1034
FIG8_SYNC_CALIBRATION requested_policy=spin iteration=9 effective_strategy=calibration-legacy wait_wall_us=1049 thread_cpu_us=60 sleep_us=1045 spin_us=4 poll_count=9 dsp_dispatch_total_us=1035
FIG8_SYNC_CALIBRATION requested_policy=spin iteration=10 effective_strategy=calibration-legacy wait_wall_us=1077 thread_cpu_us=56 sleep_us=1073 spin_us=4 poll_count=9 dsp_dispatch_total_us=1013
FIG8_SYNC_CALIBRATION requested_policy=spin iteration=11 effective_strategy=calibration-legacy wait_wall_us=1067 thread_cpu_us=72 sleep_us=1062 spin_us=5 poll_count=9 dsp_dispatch_total_us=1045
FIG8_SYNC_CALIBRATION requested_policy=spin iteration=12 effective_strategy=calibration-legacy wait_wall_us=1079 thread_cpu_us=57 sleep_us=1076 spin_us=3 poll_count=9 dsp_dispatch_total_us=1062
FIG8_SYNC_CALIBRATION requested_policy=spin iteration=13 effective_strategy=calibration-legacy wait_wall_us=1123 thread_cpu_us=73 sleep_us=1115 spin_us=8 poll_count=10 dsp_dispatch_total_us=1054
FIG8_SYNC_CALIBRATION requested_policy=spin iteration=14 effective_strategy=calibration-legacy wait_wall_us=1154 thread_cpu_us=53 sleep_us=1151 spin_us=3 poll_count=10 dsp_dispatch_total_us=1054
FIG8_SYNC_CALIBRATION requested_policy=spin iteration=15 effective_strategy=calibration-legacy wait_wall_us=1137 thread_cpu_us=69 sleep_us=1134 spin_us=3 poll_count=10 dsp_dispatch_total_us=1058
FIG8_SYNC_CALIBRATION requested_policy=spin iteration=16 effective_strategy=calibration-legacy wait_wall_us=1067 thread_cpu_us=78 sleep_us=1063 spin_us=4 poll_count=9 dsp_dispatch_total_us=1058
FIG8_SYNC_CALIBRATION requested_policy=spin iteration=17 effective_strategy=calibration-legacy wait_wall_us=1058 thread_cpu_us=65 sleep_us=1054 spin_us=4 poll_count=9 dsp_dispatch_total_us=1049
FIG8_SYNC_CALIBRATION requested_policy=spin iteration=18 effective_strategy=calibration-legacy wait_wall_us=1151 thread_cpu_us=81 sleep_us=1147 spin_us=4 poll_count=10 dsp_dispatch_total_us=1066
FIG8_SYNC_CALIBRATION requested_policy=spin iteration=19 effective_strategy=calibration-legacy wait_wall_us=1181 thread_cpu_us=73 sleep_us=1174 spin_us=7 poll_count=10 dsp_dispatch_total_us=1057
FIG8_ATTENTION_HOST_TIMING mode=baseline qo_len=4 kv_len=4096 n_heads=12 n_kv_heads=2 head_dim=128 phase=warmup iteration=0 wait_policy=spin wait_strategy=spin host_cpu_requested=0 host_cpu_actual=0 cpu_role=low-capacity host_wall_us=1038 host_thread_cpu_us=1037 wait_wall_us=1035 wait_thread_cpu_us=1034 sleep_us=0 spin_us=1035 poll_count=109932 predicted_us=0 prediction_error_us=0 output_hash=c50c94b789741948 ret=0
FIG8_ATTENTION_DISPATCH mode=baseline phase=warmup iteration=0 mapping_us=7 validate_in_us=69 compute_us=946 validate_out_us=5 total_us=1027
FIG8_ATTENTION_PROFILE_COUNT mode=baseline qo_len=4 phase=warmup iteration=0 records=2 max_records=10
FIG8_ATTENTION_TIMERS mode=baseline phase=warmup iteration=0 lut_exp=0 qo_len=4 kv_len=4096 n_heads=12 n_kv_heads=2 head_dim=128 kv_head=0 worker=0 profiled_total=392 q_load=1 k_load=163 v_load=147 qk_dot=2 safe_sm=76 core_acc=1 o_scale=0 o_store=2
FIG8_ATTENTION_TIMERS mode=baseline phase=warmup iteration=0 lut_exp=0 qo_len=4 kv_len=4096 n_heads=12 n_kv_heads=2 head_dim=128 kv_head=1 worker=0 profiled_total=398 q_load=1 k_load=169 v_load=149 qk_dot=2 safe_sm=76 core_acc=0 o_scale=0 o_store=1
FIG8_ATTENTION_EVENT_COUNT mode=baseline qo_len=4 phase=warmup iteration=0 events=16 max_events=3224 overflow=0
FIG8_ATTENTION_HOST_TIMING mode=baseline qo_len=4 kv_len=4096 n_heads=12 n_kv_heads=2 head_dim=128 phase=warmup iteration=1 wait_policy=spin wait_strategy=spin host_cpu_requested=0 host_cpu_actual=0 cpu_role=low-capacity host_wall_us=1036 host_thread_cpu_us=1035 wait_wall_us=1033 wait_thread_cpu_us=1032 sleep_us=0 spin_us=1033 poll_count=109785 predicted_us=0 prediction_error_us=0 output_hash=c50c94b789741948 ret=0
FIG8_ATTENTION_DISPATCH mode=baseline phase=warmup iteration=1 mapping_us=7 validate_in_us=69 compute_us=944 validate_out_us=5 total_us=1025
FIG8_ATTENTION_PROFILE_COUNT mode=baseline qo_len=4 phase=warmup iteration=1 records=2 max_records=10
FIG8_ATTENTION_TIMERS mode=baseline phase=warmup iteration=1 lut_exp=0 qo_len=4 kv_len=4096 n_heads=12 n_kv_heads=2 head_dim=128 kv_head=0 worker=0 profiled_total=392 q_load=1 k_load=163 v_load=147 qk_dot=2 safe_sm=76 core_acc=1 o_scale=0 o_store=2
FIG8_ATTENTION_TIMERS mode=baseline phase=warmup iteration=1 lut_exp=0 qo_len=4 kv_len=4096 n_heads=12 n_kv_heads=2 head_dim=128 kv_head=1 worker=0 profiled_total=396 q_load=1 k_load=167 v_load=148 qk_dot=2 safe_sm=77 core_acc=0 o_scale=0 o_store=1
FIG8_ATTENTION_EVENT_COUNT mode=baseline qo_len=4 phase=warmup iteration=1 events=16 max_events=3224 overflow=0
FIG8_ATTENTION_HOST_TIMING mode=baseline qo_len=4 kv_len=4096 n_heads=12 n_kv_heads=2 head_dim=128 phase=warmup iteration=2 wait_policy=spin wait_strategy=spin host_cpu_requested=0 host_cpu_actual=0 cpu_role=low-capacity host_wall_us=1032 host_thread_cpu_us=963 wait_wall_us=1026 wait_thread_cpu_us=959 sleep_us=0 spin_us=1026 poll_count=100875 predicted_us=0 prediction_error_us=0 output_hash=c50c94b789741948 ret=0
FIG8_ATTENTION_DISPATCH mode=baseline phase=warmup iteration=2 mapping_us=7 validate_in_us=69 compute_us=938 validate_out_us=5 total_us=1019
FIG8_ATTENTION_PROFILE_COUNT mode=baseline qo_len=4 phase=warmup iteration=2 records=2 max_records=10
FIG8_ATTENTION_TIMERS mode=baseline phase=warmup iteration=2 lut_exp=0 qo_len=4 kv_len=4096 n_heads=12 n_kv_heads=2 head_dim=128 kv_head=0 worker=0 profiled_total=391 q_load=1 k_load=162 v_load=147 qk_dot=3 safe_sm=75 core_acc=1 o_scale=0 o_store=2
FIG8_ATTENTION_TIMERS mode=baseline phase=warmup iteration=2 lut_exp=0 qo_len=4 kv_len=4096 n_heads=12 n_kv_heads=2 head_dim=128 kv_head=1 worker=0 profiled_total=394 q_load=1 k_load=167 v_load=147 qk_dot=2 safe_sm=76 core_acc=0 o_scale=0 o_store=1
FIG8_ATTENTION_EVENT_COUNT mode=baseline qo_len=4 phase=warmup iteration=2 events=16 max_events=3224 overflow=0
FIG8_ATTENTION_HOST_TIMING mode=baseline qo_len=4 kv_len=4096 n_heads=12 n_kv_heads=2 head_dim=128 phase=warmup iteration=3 wait_policy=spin wait_strategy=spin host_cpu_requested=0 host_cpu_actual=0 cpu_role=low-capacity host_wall_us=1033 host_thread_cpu_us=980 wait_wall_us=1028 wait_thread_cpu_us=977 sleep_us=0 spin_us=1028 poll_count=103000 predicted_us=0 prediction_error_us=0 output_hash=c50c94b789741948 ret=0
FIG8_ATTENTION_DISPATCH mode=baseline phase=warmup iteration=3 mapping_us=7 validate_in_us=69 compute_us=940 validate_out_us=5 total_us=1021
FIG8_ATTENTION_PROFILE_COUNT mode=baseline qo_len=4 phase=warmup iteration=3 records=2 max_records=10
FIG8_ATTENTION_TIMERS mode=baseline phase=warmup iteration=3 lut_exp=0 qo_len=4 kv_len=4096 n_heads=12 n_kv_heads=2 head_dim=128 kv_head=0 worker=0 profiled_total=394 q_load=1 k_load=163 v_load=150 qk_dot=2 safe_sm=75 core_acc=1 o_scale=0 o_store=2
FIG8_ATTENTION_TIMERS mode=baseline phase=warmup iteration=3 lut_exp=0 qo_len=4 kv_len=4096 n_heads=12 n_kv_heads=2 head_dim=128 kv_head=1 worker=0 profiled_total=393 q_load=1 k_load=166 v_load=147 qk_dot=2 safe_sm=76 core_acc=0 o_scale=0 o_store=1
FIG8_ATTENTION_EVENT_COUNT mode=baseline qo_len=4 phase=warmup iteration=3 events=16 max_events=3224 overflow=0
FIG8_ATTENTION_HOST_TIMING mode=baseline qo_len=4 kv_len=4096 n_heads=12 n_kv_heads=2 head_dim=128 phase=warmup iteration=4 wait_policy=spin wait_strategy=spin host_cpu_requested=0 host_cpu_actual=0 cpu_role=low-capacity host_wall_us=1047 host_thread_cpu_us=1044 wait_wall_us=1041 wait_thread_cpu_us=1042 sleep_us=0 spin_us=1041 poll_count=102712 predicted_us=0 prediction_error_us=0 output_hash=c50c94b789741948 ret=0
FIG8_ATTENTION_DISPATCH mode=baseline phase=warmup iteration=4 mapping_us=6 validate_in_us=68 compute_us=953 validate_out_us=5 total_us=1033
FIG8_ATTENTION_PROFILE_COUNT mode=baseline qo_len=4 phase=warmup iteration=4 records=2 max_records=10
FIG8_ATTENTION_TIMERS mode=baseline phase=warmup iteration=4 lut_exp=0 qo_len=4 kv_len=4096 n_heads=12 n_kv_heads=2 head_dim=128 kv_head=0 worker=0 profiled_total=390 q_load=1 k_load=162 v_load=146 qk_dot=2 safe_sm=76 core_acc=1 o_scale=0 o_store=2
FIG8_ATTENTION_TIMERS mode=baseline phase=warmup iteration=4 lut_exp=0 qo_len=4 kv_len=4096 n_heads=12 n_kv_heads=2 head_dim=128 kv_head=1 worker=0 profiled_total=408 q_load=1 k_load=166 v_load=160 qk_dot=2 safe_sm=78 core_acc=0 o_scale=0 o_store=1
FIG8_ATTENTION_EVENT_COUNT mode=baseline qo_len=4 phase=warmup iteration=4 events=16 max_events=3224 overflow=0
FIG8_ATTENTION_HOST_TIMING mode=baseline qo_len=4 kv_len=4096 n_heads=12 n_kv_heads=2 head_dim=128 phase=measure iteration=0 wait_policy=spin wait_strategy=spin host_cpu_requested=0 host_cpu_actual=0 cpu_role=low-capacity host_wall_us=1100 host_thread_cpu_us=861 wait_wall_us=1093 wait_thread_cpu_us=856 sleep_us=0 spin_us=1093 poll_count=65337 predicted_us=0 prediction_error_us=0 output_hash=c50c94b789741948 ret=0
FIG8_ATTENTION_DISPATCH mode=baseline phase=measure iteration=0 mapping_us=7 validate_in_us=69 compute_us=1004 validate_out_us=5 total_us=1085
FIG8_ATTENTION_PROFILE_COUNT mode=baseline qo_len=4 phase=measure iteration=0 records=2 max_records=10
FIG8_ATTENTION_TIMERS mode=baseline phase=measure iteration=0 lut_exp=0 qo_len=4 kv_len=4096 n_heads=12 n_kv_heads=2 head_dim=128 kv_head=0 worker=0 profiled_total=426 q_load=1 k_load=178 v_load=160 qk_dot=2 safe_sm=82 core_acc=1 o_scale=0 o_store=2
FIG8_ATTENTION_TIMERS mode=baseline phase=measure iteration=0 lut_exp=0 qo_len=4 kv_len=4096 n_heads=12 n_kv_heads=2 head_dim=128 kv_head=1 worker=0 profiled_total=425 q_load=1 k_load=179 v_load=160 qk_dot=2 safe_sm=82 core_acc=0 o_scale=0 o_store=1
FIG8_ATTENTION_EVENT_COUNT mode=baseline qo_len=4 phase=measure iteration=0 events=16 max_events=3224 overflow=0
FIG8_ATTENTION_HOST_TIMING mode=baseline qo_len=4 kv_len=4096 n_heads=12 n_kv_heads=2 head_dim=128 phase=measure iteration=1 wait_policy=spin wait_strategy=spin host_cpu_requested=0 host_cpu_actual=0 cpu_role=low-capacity host_wall_us=1100 host_thread_cpu_us=1010 wait_wall_us=1093 wait_thread_cpu_us=1006 sleep_us=0 spin_us=1093 poll_count=78411 predicted_us=0 prediction_error_us=0 output_hash=c50c94b789741948 ret=0
FIG8_ATTENTION_DISPATCH mode=baseline phase=measure iteration=1 mapping_us=8 validate_in_us=69 compute_us=1003 validate_out_us=5 total_us=1085
FIG8_ATTENTION_PROFILE_COUNT mode=baseline qo_len=4 phase=measure iteration=1 records=2 max_records=10
FIG8_ATTENTION_TIMERS mode=baseline phase=measure iteration=1 lut_exp=0 qo_len=4 kv_len=4096 n_heads=12 n_kv_heads=2 head_dim=128 kv_head=0 worker=0 profiled_total=425 q_load=1 k_load=178 v_load=159 qk_dot=2 safe_sm=82 core_acc=1 o_scale=0 o_store=2
FIG8_ATTENTION_TIMERS mode=baseline phase=measure iteration=1 lut_exp=0 qo_len=4 kv_len=4096 n_heads=12 n_kv_heads=2 head_dim=128 kv_head=1 worker=0 profiled_total=426 q_load=1 k_load=180 v_load=160 qk_dot=2 safe_sm=82 core_acc=0 o_scale=0 o_store=1
FIG8_ATTENTION_EVENT_COUNT mode=baseline qo_len=4 phase=measure iteration=1 events=16 max_events=3224 overflow=0
FIG8_ATTENTION_HOST_TIMING mode=baseline qo_len=4 kv_len=4096 n_heads=12 n_kv_heads=2 head_dim=128 phase=measure iteration=2 wait_policy=spin wait_strategy=spin host_cpu_requested=0 host_cpu_actual=0 cpu_role=low-capacity host_wall_us=1101 host_thread_cpu_us=833 wait_wall_us=1095 wait_thread_cpu_us=829 sleep_us=0 spin_us=1095 poll_count=63283 predicted_us=0 prediction_error_us=0 output_hash=c50c94b789741948 ret=0
FIG8_ATTENTION_DISPATCH mode=baseline phase=measure iteration=2 mapping_us=7 validate_in_us=69 compute_us=1005 validate_out_us=5 total_us=1086
FIG8_ATTENTION_PROFILE_COUNT mode=baseline qo_len=4 phase=measure iteration=2 records=2 max_records=10
FIG8_ATTENTION_TIMERS mode=baseline phase=measure iteration=2 lut_exp=0 qo_len=4 kv_len=4096 n_heads=12 n_kv_heads=2 head_dim=128 kv_head=0 worker=0 profiled_total=423 q_load=1 k_load=177 v_load=159 qk_dot=2 safe_sm=81 core_acc=1 o_scale=0 o_store=2
FIG8_ATTENTION_TIMERS mode=baseline phase=measure iteration=2 lut_exp=0 qo_len=4 kv_len=4096 n_heads=12 n_kv_heads=2 head_dim=128 kv_head=1 worker=0 profiled_total=425 q_load=1 k_load=180 v_load=159 qk_dot=2 safe_sm=82 core_acc=0 o_scale=0 o_store=1
FIG8_ATTENTION_EVENT_COUNT mode=baseline qo_len=4 phase=measure iteration=2 events=16 max_events=3224 overflow=0
FIG8_ATTENTION_HOST_TIMING mode=baseline qo_len=4 kv_len=4096 n_heads=12 n_kv_heads=2 head_dim=128 phase=measure iteration=3 wait_policy=spin wait_strategy=spin host_cpu_requested=0 host_cpu_actual=0 cpu_role=low-capacity host_wall_us=1095 host_thread_cpu_us=889 wait_wall_us=1087 wait_thread_cpu_us=885 sleep_us=0 spin_us=1087 poll_count=68356 predicted_us=0 prediction_error_us=0 output_hash=c50c94b789741948 ret=0
FIG8_ATTENTION_DISPATCH mode=baseline phase=measure iteration=3 mapping_us=7 validate_in_us=68 compute_us=999 validate_out_us=5 total_us=1080
FIG8_ATTENTION_PROFILE_COUNT mode=baseline qo_len=4 phase=measure iteration=3 records=2 max_records=10
FIG8_ATTENTION_TIMERS mode=baseline phase=measure iteration=3 lut_exp=0 qo_len=4 kv_len=4096 n_heads=12 n_kv_heads=2 head_dim=128 kv_head=0 worker=0 profiled_total=422 q_load=1 k_load=175 v_load=159 qk_dot=2 safe_sm=82 core_acc=1 o_scale=0 o_store=2
FIG8_ATTENTION_TIMERS mode=baseline phase=measure iteration=3 lut_exp=0 qo_len=4 kv_len=4096 n_heads=12 n_kv_heads=2 head_dim=128 kv_head=1 worker=0 profiled_total=423 q_load=1 k_load=178 v_load=159 qk_dot=2 safe_sm=82 core_acc=0 o_scale=0 o_store=1
FIG8_ATTENTION_EVENT_COUNT mode=baseline qo_len=4 phase=measure iteration=3 events=16 max_events=3224 overflow=0
FIG8_ATTENTION_HOST_TIMING mode=baseline qo_len=4 kv_len=4096 n_heads=12 n_kv_heads=2 head_dim=128 phase=measure iteration=4 wait_policy=spin wait_strategy=spin host_cpu_requested=0 host_cpu_actual=0 cpu_role=low-capacity host_wall_us=1095 host_thread_cpu_us=890 wait_wall_us=1088 wait_thread_cpu_us=886 sleep_us=0 spin_us=1088 poll_count=68531 predicted_us=0 prediction_error_us=0 output_hash=c50c94b789741948 ret=0
FIG8_ATTENTION_DISPATCH mode=baseline phase=measure iteration=4 mapping_us=7 validate_in_us=68 compute_us=1000 validate_out_us=4 total_us=1080
FIG8_ATTENTION_PROFILE_COUNT mode=baseline qo_len=4 phase=measure iteration=4 records=2 max_records=10
FIG8_ATTENTION_TIMERS mode=baseline phase=measure iteration=4 lut_exp=0 qo_len=4 kv_len=4096 n_heads=12 n_kv_heads=2 head_dim=128 kv_head=0 worker=0 profiled_total=422 q_load=1 k_load=175 v_load=159 qk_dot=2 safe_sm=82 core_acc=1 o_scale=0 o_store=2
FIG8_ATTENTION_TIMERS mode=baseline phase=measure iteration=4 lut_exp=0 qo_len=4 kv_len=4096 n_heads=12 n_kv_heads=2 head_dim=128 kv_head=1 worker=0 profiled_total=423 q_load=1 k_load=178 v_load=159 qk_dot=2 safe_sm=82 core_acc=0 o_scale=0 o_store=1
FIG8_ATTENTION_EVENT_COUNT mode=baseline qo_len=4 phase=measure iteration=4 events=16 max_events=3224 overflow=0
FIG8_ATTENTION_HOST_TIMING mode=baseline qo_len=4 kv_len=4096 n_heads=12 n_kv_heads=2 head_dim=128 phase=measure iteration=5 wait_policy=spin wait_strategy=spin host_cpu_requested=0 host_cpu_actual=0 cpu_role=low-capacity host_wall_us=1094 host_thread_cpu_us=858 wait_wall_us=1087 wait_thread_cpu_us=853 sleep_us=0 spin_us=1087 poll_count=65447 predicted_us=0 prediction_error_us=0 output_hash=c50c94b789741948 ret=0
FIG8_ATTENTION_DISPATCH mode=baseline phase=measure iteration=5 mapping_us=7 validate_in_us=69 compute_us=998 validate_out_us=5 total_us=1079
FIG8_ATTENTION_PROFILE_COUNT mode=baseline qo_len=4 phase=measure iteration=5 records=2 max_records=10
FIG8_ATTENTION_TIMERS mode=baseline phase=measure iteration=5 lut_exp=0 qo_len=4 kv_len=4096 n_heads=12 n_kv_heads=2 head_dim=128 kv_head=0 worker=0 profiled_total=422 q_load=1 k_load=176 v_load=159 qk_dot=2 safe_sm=81 core_acc=1 o_scale=0 o_store=2
FIG8_ATTENTION_TIMERS mode=baseline phase=measure iteration=5 lut_exp=0 qo_len=4 kv_len=4096 n_heads=12 n_kv_heads=2 head_dim=128 kv_head=1 worker=0 profiled_total=423 q_load=1 k_load=178 v_load=159 qk_dot=2 safe_sm=82 core_acc=0 o_scale=0 o_store=1
FIG8_ATTENTION_EVENT_COUNT mode=baseline qo_len=4 phase=measure iteration=5 events=16 max_events=3224 overflow=0
FIG8_ATTENTION_HOST_TIMING mode=baseline qo_len=4 kv_len=4096 n_heads=12 n_kv_heads=2 head_dim=128 phase=measure iteration=6 wait_policy=spin wait_strategy=spin host_cpu_requested=0 host_cpu_actual=0 cpu_role=low-capacity host_wall_us=1095 host_thread_cpu_us=1094 wait_wall_us=1090 wait_thread_cpu_us=1091 sleep_us=0 spin_us=1090 poll_count=86132 predicted_us=0 prediction_error_us=0 output_hash=c50c94b789741948 ret=0
FIG8_ATTENTION_DISPATCH mode=baseline phase=measure iteration=6 mapping_us=7 validate_in_us=68 compute_us=1002 validate_out_us=5 total_us=1083
FIG8_ATTENTION_PROFILE_COUNT mode=baseline qo_len=4 phase=measure iteration=6 records=2 max_records=10
FIG8_ATTENTION_TIMERS mode=baseline phase=measure iteration=6 lut_exp=0 qo_len=4 kv_len=4096 n_heads=12 n_kv_heads=2 head_dim=128 kv_head=0 worker=0 profiled_total=425 q_load=1 k_load=178 v_load=159 qk_dot=2 safe_sm=82 core_acc=1 o_scale=0 o_store=2
FIG8_ATTENTION_TIMERS mode=baseline phase=measure iteration=6 lut_exp=0 qo_len=4 kv_len=4096 n_heads=12 n_kv_heads=2 head_dim=128 kv_head=1 worker=0 profiled_total=423 q_load=1 k_load=178 v_load=159 qk_dot=2 safe_sm=82 core_acc=0 o_scale=0 o_store=1
FIG8_ATTENTION_EVENT_COUNT mode=baseline qo_len=4 phase=measure iteration=6 events=16 max_events=3224 overflow=0
FIG8_ATTENTION_HOST_TIMING mode=baseline qo_len=4 kv_len=4096 n_heads=12 n_kv_heads=2 head_dim=128 phase=measure iteration=7 wait_policy=spin wait_strategy=spin host_cpu_requested=0 host_cpu_actual=0 cpu_role=low-capacity host_wall_us=1153 host_thread_cpu_us=951 wait_wall_us=1147 wait_thread_cpu_us=947 sleep_us=0 spin_us=1147 poll_count=71904 predicted_us=0 prediction_error_us=0 output_hash=c50c94b789741948 ret=0
FIG8_ATTENTION_DISPATCH mode=baseline phase=measure iteration=7 mapping_us=6 validate_in_us=68 compute_us=1002 validate_out_us=5 total_us=1082
FIG8_ATTENTION_PROFILE_COUNT mode=baseline qo_len=4 phase=measure iteration=7 records=2 max_records=10
FIG8_ATTENTION_TIMERS mode=baseline phase=measure iteration=7 lut_exp=0 qo_len=4 kv_len=4096 n_heads=12 n_kv_heads=2 head_dim=128 kv_head=0 worker=0 profiled_total=424 q_load=1 k_load=177 v_load=159 qk_dot=2 safe_sm=82 core_acc=1 o_scale=0 o_store=2
FIG8_ATTENTION_TIMERS mode=baseline phase=measure iteration=7 lut_exp=0 qo_len=4 kv_len=4096 n_heads=12 n_kv_heads=2 head_dim=128 kv_head=1 worker=0 profiled_total=424 q_load=1 k_load=179 v_load=159 qk_dot=2 safe_sm=82 core_acc=0 o_scale=0 o_store=1
FIG8_ATTENTION_EVENT_COUNT mode=baseline qo_len=4 phase=measure iteration=7 events=16 max_events=3224 overflow=0
FIG8_ATTENTION_HOST_TIMING mode=baseline qo_len=4 kv_len=4096 n_heads=12 n_kv_heads=2 head_dim=128 phase=measure iteration=8 wait_policy=spin wait_strategy=spin host_cpu_requested=0 host_cpu_actual=0 cpu_role=low-capacity host_wall_us=1121 host_thread_cpu_us=898 wait_wall_us=1094 wait_thread_cpu_us=890 sleep_us=0 spin_us=1094 poll_count=68869 predicted_us=0 prediction_error_us=0 output_hash=c50c94b789741948 ret=0
FIG8_ATTENTION_DISPATCH mode=baseline phase=measure iteration=8 mapping_us=8 validate_in_us=69 compute_us=1004 validate_out_us=5 total_us=1086
FIG8_ATTENTION_PROFILE_COUNT mode=baseline qo_len=4 phase=measure iteration=8 records=2 max_records=10
FIG8_ATTENTION_TIMERS mode=baseline phase=measure iteration=8 lut_exp=0 qo_len=4 kv_len=4096 n_heads=12 n_kv_heads=2 head_dim=128 kv_head=0 worker=0 profiled_total=423 q_load=1 k_load=178 v_load=158 qk_dot=2 safe_sm=81 core_acc=1 o_scale=0 o_store=2
FIG8_ATTENTION_TIMERS mode=baseline phase=measure iteration=8 lut_exp=0 qo_len=4 kv_len=4096 n_heads=12 n_kv_heads=2 head_dim=128 kv_head=1 worker=0 profiled_total=424 q_load=1 k_load=178 v_load=159 qk_dot=2 safe_sm=82 core_acc=1 o_scale=0 o_store=1
FIG8_ATTENTION_EVENT_COUNT mode=baseline qo_len=4 phase=measure iteration=8 events=16 max_events=3224 overflow=0
FIG8_ATTENTION_HOST_TIMING mode=baseline qo_len=4 kv_len=4096 n_heads=12 n_kv_heads=2 head_dim=128 phase=measure iteration=9 wait_policy=spin wait_strategy=spin host_cpu_requested=0 host_cpu_actual=0 cpu_role=low-capacity host_wall_us=924 host_thread_cpu_us=859 wait_wall_us=922 wait_thread_cpu_us=858 sleep_us=0 spin_us=922 poll_count=290787 predicted_us=0 prediction_error_us=0 output_hash=c50c94b789741948 ret=0
FIG8_ATTENTION_DISPATCH mode=baseline phase=measure iteration=9 mapping_us=8 validate_in_us=68 compute_us=834 validate_out_us=5 total_us=915
FIG8_ATTENTION_PROFILE_COUNT mode=baseline qo_len=4 phase=measure iteration=9 records=2 max_records=10
FIG8_ATTENTION_TIMERS mode=baseline phase=measure iteration=9 lut_exp=0 qo_len=4 kv_len=4096 n_heads=12 n_kv_heads=2 head_dim=128 kv_head=0 worker=0 profiled_total=341 q_load=1 k_load=137 v_load=124 qk_dot=3 safe_sm=73 core_acc=1 o_scale=0 o_store=2
FIG8_ATTENTION_TIMERS mode=baseline phase=measure iteration=9 lut_exp=0 qo_len=4 kv_len=4096 n_heads=12 n_kv_heads=2 head_dim=128 kv_head=1 worker=0 profiled_total=340 q_load=1 k_load=140 v_load=123 qk_dot=2 safe_sm=73 core_acc=0 o_scale=0 o_store=1
FIG8_ATTENTION_EVENT_COUNT mode=baseline qo_len=4 phase=measure iteration=9 events=16 max_events=3224 overflow=0
FIG8_ATTENTION_HOST_TIMING mode=baseline qo_len=4 kv_len=4096 n_heads=12 n_kv_heads=2 head_dim=128 phase=measure iteration=10 wait_policy=spin wait_strategy=spin host_cpu_requested=0 host_cpu_actual=0 cpu_role=low-capacity host_wall_us=923 host_thread_cpu_us=824 wait_wall_us=921 wait_thread_cpu_us=822 sleep_us=0 spin_us=921 poll_count=277157 predicted_us=0 prediction_error_us=0 output_hash=c50c94b789741948 ret=0
FIG8_ATTENTION_DISPATCH mode=baseline phase=measure iteration=10 mapping_us=7 validate_in_us=69 compute_us=833 validate_out_us=5 total_us=914
FIG8_ATTENTION_PROFILE_COUNT mode=baseline qo_len=4 phase=measure iteration=10 records=2 max_records=10
FIG8_ATTENTION_TIMERS mode=baseline phase=measure iteration=10 lut_exp=0 qo_len=4 kv_len=4096 n_heads=12 n_kv_heads=2 head_dim=128 kv_head=0 worker=0 profiled_total=341 q_load=1 k_load=138 v_load=125 qk_dot=2 safe_sm=73 core_acc=1 o_scale=0 o_store=1
FIG8_ATTENTION_TIMERS mode=baseline phase=measure iteration=10 lut_exp=0 qo_len=4 kv_len=4096 n_heads=12 n_kv_heads=2 head_dim=128 kv_head=1 worker=0 profiled_total=340 q_load=1 k_load=139 v_load=124 qk_dot=2 safe_sm=72 core_acc=1 o_scale=0 o_store=1
FIG8_ATTENTION_EVENT_COUNT mode=baseline qo_len=4 phase=measure iteration=10 events=16 max_events=3224 overflow=0
FIG8_ATTENTION_HOST_TIMING mode=baseline qo_len=4 kv_len=4096 n_heads=12 n_kv_heads=2 head_dim=128 phase=measure iteration=11 wait_policy=spin wait_strategy=spin host_cpu_requested=0 host_cpu_actual=0 cpu_role=low-capacity host_wall_us=923 host_thread_cpu_us=846 wait_wall_us=921 wait_thread_cpu_us=844 sleep_us=0 spin_us=921 poll_count=285534 predicted_us=0 prediction_error_us=0 output_hash=c50c94b789741948 ret=0
FIG8_ATTENTION_DISPATCH mode=baseline phase=measure iteration=11 mapping_us=6 validate_in_us=68 compute_us=833 validate_out_us=5 total_us=913
FIG8_ATTENTION_PROFILE_COUNT mode=baseline qo_len=4 phase=measure iteration=11 records=2 max_records=10
FIG8_ATTENTION_TIMERS mode=baseline phase=measure iteration=11 lut_exp=0 qo_len=4 kv_len=4096 n_heads=12 n_kv_heads=2 head_dim=128 kv_head=0 worker=0 profiled_total=341 q_load=1 k_load=138 v_load=123 qk_dot=3 safe_sm=73 core_acc=1 o_scale=0 o_store=2
FIG8_ATTENTION_TIMERS mode=baseline phase=measure iteration=11 lut_exp=0 qo_len=4 kv_len=4096 n_heads=12 n_kv_heads=2 head_dim=128 kv_head=1 worker=0 profiled_total=339 q_load=1 k_load=139 v_load=123 qk_dot=2 safe_sm=72 core_acc=1 o_scale=0 o_store=1
FIG8_ATTENTION_EVENT_COUNT mode=baseline qo_len=4 phase=measure iteration=11 events=16 max_events=3224 overflow=0
FIG8_ATTENTION_HOST_TIMING mode=baseline qo_len=4 kv_len=4096 n_heads=12 n_kv_heads=2 head_dim=128 phase=measure iteration=12 wait_policy=spin wait_strategy=spin host_cpu_requested=0 host_cpu_actual=0 cpu_role=low-capacity host_wall_us=922 host_thread_cpu_us=921 wait_wall_us=921 wait_thread_cpu_us=921 sleep_us=0 spin_us=921 poll_count=313839 predicted_us=0 prediction_error_us=0 output_hash=c50c94b789741948 ret=0
FIG8_ATTENTION_DISPATCH mode=baseline phase=measure iteration=12 mapping_us=7 validate_in_us=69 compute_us=832 validate_out_us=5 total_us=913
FIG8_ATTENTION_PROFILE_COUNT mode=baseline qo_len=4 phase=measure iteration=12 records=2 max_records=10
FIG8_ATTENTION_TIMERS mode=baseline phase=measure iteration=12 lut_exp=0 qo_len=4 kv_len=4096 n_heads=12 n_kv_heads=2 head_dim=128 kv_head=0 worker=0 profiled_total=341 q_load=1 k_load=138 v_load=123 qk_dot=3 safe_sm=73 core_acc=1 o_scale=0 o_store=2
FIG8_ATTENTION_TIMERS mode=baseline phase=measure iteration=12 lut_exp=0 qo_len=4 kv_len=4096 n_heads=12 n_kv_heads=2 head_dim=128 kv_head=1 worker=0 profiled_total=337 q_load=1 k_load=138 v_load=124 qk_dot=2 safe_sm=71 core_acc=0 o_scale=0 o_store=1
FIG8_ATTENTION_EVENT_COUNT mode=baseline qo_len=4 phase=measure iteration=12 events=16 max_events=3224 overflow=0
FIG8_ATTENTION_HOST_TIMING mode=baseline qo_len=4 kv_len=4096 n_heads=12 n_kv_heads=2 head_dim=128 phase=measure iteration=13 wait_policy=spin wait_strategy=spin host_cpu_requested=0 host_cpu_actual=0 cpu_role=low-capacity host_wall_us=984 host_thread_cpu_us=925 wait_wall_us=918 wait_thread_cpu_us=918 sleep_us=0 spin_us=918 poll_count=313230 predicted_us=0 prediction_error_us=0 output_hash=c50c94b789741948 ret=0
FIG8_ATTENTION_DISPATCH mode=baseline phase=measure iteration=13 mapping_us=7 validate_in_us=69 compute_us=831 validate_out_us=5 total_us=912
FIG8_ATTENTION_PROFILE_COUNT mode=baseline qo_len=4 phase=measure iteration=13 records=2 max_records=10
FIG8_ATTENTION_TIMERS mode=baseline phase=measure iteration=13 lut_exp=0 qo_len=4 kv_len=4096 n_heads=12 n_kv_heads=2 head_dim=128 kv_head=0 worker=0 profiled_total=340 q_load=1 k_load=137 v_load=123 qk_dot=2 safe_sm=74 core_acc=1 o_scale=0 o_store=2
FIG8_ATTENTION_TIMERS mode=baseline phase=measure iteration=13 lut_exp=0 qo_len=4 kv_len=4096 n_heads=12 n_kv_heads=2 head_dim=128 kv_head=1 worker=0 profiled_total=336 q_load=1 k_load=137 v_load=123 qk_dot=2 safe_sm=72 core_acc=0 o_scale=0 o_store=1
FIG8_ATTENTION_EVENT_COUNT mode=baseline qo_len=4 phase=measure iteration=13 events=16 max_events=3224 overflow=0
FIG8_ATTENTION_HOST_TIMING mode=baseline qo_len=4 kv_len=4096 n_heads=12 n_kv_heads=2 head_dim=128 phase=measure iteration=14 wait_policy=spin wait_strategy=spin host_cpu_requested=0 host_cpu_actual=0 cpu_role=low-capacity host_wall_us=923 host_thread_cpu_us=859 wait_wall_us=921 wait_thread_cpu_us=858 sleep_us=0 spin_us=921 poll_count=290909 predicted_us=0 prediction_error_us=0 output_hash=c50c94b789741948 ret=0
FIG8_ATTENTION_DISPATCH mode=baseline phase=measure iteration=14 mapping_us=7 validate_in_us=69 compute_us=833 validate_out_us=5 total_us=914
FIG8_ATTENTION_PROFILE_COUNT mode=baseline qo_len=4 phase=measure iteration=14 records=2 max_records=10
FIG8_ATTENTION_TIMERS mode=baseline phase=measure iteration=14 lut_exp=0 qo_len=4 kv_len=4096 n_heads=12 n_kv_heads=2 head_dim=128 kv_head=0 worker=0 profiled_total=341 q_load=1 k_load=138 v_load=123 qk_dot=3 safe_sm=73 core_acc=1 o_scale=0 o_store=2
FIG8_ATTENTION_TIMERS mode=baseline phase=measure iteration=14 lut_exp=0 qo_len=4 kv_len=4096 n_heads=12 n_kv_heads=2 head_dim=128 kv_head=1 worker=0 profiled_total=338 q_load=1 k_load=140 v_load=123 qk_dot=2 safe_sm=71 core_acc=0 o_scale=0 o_store=1
FIG8_ATTENTION_EVENT_COUNT mode=baseline qo_len=4 phase=measure iteration=14 events=16 max_events=3224 overflow=0
FIG8_ATTENTION_HOST_TIMING mode=baseline qo_len=4 kv_len=4096 n_heads=12 n_kv_heads=2 head_dim=128 phase=measure iteration=15 wait_policy=spin wait_strategy=spin host_cpu_requested=0 host_cpu_actual=0 cpu_role=low-capacity host_wall_us=922 host_thread_cpu_us=849 wait_wall_us=920 wait_thread_cpu_us=848 sleep_us=0 spin_us=920 poll_count=286951 predicted_us=0 prediction_error_us=0 output_hash=c50c94b789741948 ret=0
FIG8_ATTENTION_DISPATCH mode=baseline phase=measure iteration=15 mapping_us=7 validate_in_us=69 compute_us=832 validate_out_us=5 total_us=913
FIG8_ATTENTION_PROFILE_COUNT mode=baseline qo_len=4 phase=measure iteration=15 records=2 max_records=10
FIG8_ATTENTION_TIMERS mode=baseline phase=measure iteration=15 lut_exp=0 qo_len=4 kv_len=4096 n_heads=12 n_kv_heads=2 head_dim=128 kv_head=0 worker=0 profiled_total=340 q_load=1 k_load=138 v_load=123 qk_dot=2 safe_sm=74 core_acc=1 o_scale=0 o_store=1
FIG8_ATTENTION_TIMERS mode=baseline phase=measure iteration=15 lut_exp=0 qo_len=4 kv_len=4096 n_heads=12 n_kv_heads=2 head_dim=128 kv_head=1 worker=0 profiled_total=338 q_load=1 k_load=139 v_load=123 qk_dot=2 safe_sm=72 core_acc=0 o_scale=0 o_store=1
FIG8_ATTENTION_EVENT_COUNT mode=baseline qo_len=4 phase=measure iteration=15 events=16 max_events=3224 overflow=0
FIG8_ATTENTION_HOST_TIMING mode=baseline qo_len=4 kv_len=4096 n_heads=12 n_kv_heads=2 head_dim=128 phase=measure iteration=16 wait_policy=spin wait_strategy=spin host_cpu_requested=0 host_cpu_actual=0 cpu_role=low-capacity host_wall_us=927 host_thread_cpu_us=847 wait_wall_us=925 wait_thread_cpu_us=846 sleep_us=0 spin_us=925 poll_count=286063 predicted_us=0 prediction_error_us=0 output_hash=c50c94b789741948 ret=0
FIG8_ATTENTION_DISPATCH mode=baseline phase=measure iteration=16 mapping_us=7 validate_in_us=69 compute_us=838 validate_out_us=5 total_us=919
FIG8_ATTENTION_PROFILE_COUNT mode=baseline qo_len=4 phase=measure iteration=16 records=2 max_records=10
FIG8_ATTENTION_TIMERS mode=baseline phase=measure iteration=16 lut_exp=0 qo_len=4 kv_len=4096 n_heads=12 n_kv_heads=2 head_dim=128 kv_head=0 worker=0 profiled_total=341 q_load=1 k_load=137 v_load=124 qk_dot=2 safe_sm=74 core_acc=1 o_scale=0 o_store=2
FIG8_ATTENTION_TIMERS mode=baseline phase=measure iteration=16 lut_exp=0 qo_len=4 kv_len=4096 n_heads=12 n_kv_heads=2 head_dim=128 kv_head=1 worker=0 profiled_total=339 q_load=1 k_load=140 v_load=123 qk_dot=2 safe_sm=72 core_acc=0 o_scale=0 o_store=1
FIG8_ATTENTION_EVENT_COUNT mode=baseline qo_len=4 phase=measure iteration=16 events=16 max_events=3224 overflow=0
FIG8_ATTENTION_HOST_TIMING mode=baseline qo_len=4 kv_len=4096 n_heads=12 n_kv_heads=2 head_dim=128 phase=measure iteration=17 wait_policy=spin wait_strategy=spin host_cpu_requested=0 host_cpu_actual=0 cpu_role=low-capacity host_wall_us=926 host_thread_cpu_us=842 wait_wall_us=924 wait_thread_cpu_us=840 sleep_us=0 spin_us=924 poll_count=284143 predicted_us=0 prediction_error_us=0 output_hash=c50c94b789741948 ret=0
FIG8_ATTENTION_DISPATCH mode=baseline phase=measure iteration=17 mapping_us=7 validate_in_us=68 compute_us=836 validate_out_us=5 total_us=916
FIG8_ATTENTION_PROFILE_COUNT mode=baseline qo_len=4 phase=measure iteration=17 records=2 max_records=10
FIG8_ATTENTION_TIMERS mode=baseline phase=measure iteration=17 lut_exp=0 qo_len=4 kv_len=4096 n_heads=12 n_kv_heads=2 head_dim=128 kv_head=0 worker=0 profiled_total=338 q_load=1 k_load=137 v_load=123 qk_dot=2 safe_sm=73 core_acc=1 o_scale=0 o_store=1
FIG8_ATTENTION_TIMERS mode=baseline phase=measure iteration=17 lut_exp=0 qo_len=4 kv_len=4096 n_heads=12 n_kv_heads=2 head_dim=128 kv_head=1 worker=0 profiled_total=339 q_load=1 k_load=139 v_load=124 qk_dot=2 safe_sm=72 core_acc=0 o_scale=0 o_store=1
FIG8_ATTENTION_EVENT_COUNT mode=baseline qo_len=4 phase=measure iteration=17 events=16 max_events=3224 overflow=0
FIG8_ATTENTION_HOST_TIMING mode=baseline qo_len=4 kv_len=4096 n_heads=12 n_kv_heads=2 head_dim=128 phase=measure iteration=18 wait_policy=spin wait_strategy=spin host_cpu_requested=0 host_cpu_actual=0 cpu_role=low-capacity host_wall_us=927 host_thread_cpu_us=849 wait_wall_us=926 wait_thread_cpu_us=848 sleep_us=0 spin_us=926 poll_count=286551 predicted_us=0 prediction_error_us=0 output_hash=c50c94b789741948 ret=0
FIG8_ATTENTION_DISPATCH mode=baseline phase=measure iteration=18 mapping_us=7 validate_in_us=69 compute_us=837 validate_out_us=5 total_us=918
FIG8_ATTENTION_PROFILE_COUNT mode=baseline qo_len=4 phase=measure iteration=18 records=2 max_records=10
FIG8_ATTENTION_TIMERS mode=baseline phase=measure iteration=18 lut_exp=0 qo_len=4 kv_len=4096 n_heads=12 n_kv_heads=2 head_dim=128 kv_head=0 worker=0 profiled_total=338 q_load=1 k_load=136 v_load=123 qk_dot=3 safe_sm=73 core_acc=1 o_scale=0 o_store=1
FIG8_ATTENTION_TIMERS mode=baseline phase=measure iteration=18 lut_exp=0 qo_len=4 kv_len=4096 n_heads=12 n_kv_heads=2 head_dim=128 kv_head=1 worker=0 profiled_total=339 q_load=1 k_load=140 v_load=123 qk_dot=2 safe_sm=72 core_acc=0 o_scale=0 o_store=1
FIG8_ATTENTION_EVENT_COUNT mode=baseline qo_len=4 phase=measure iteration=18 events=16 max_events=3224 overflow=0
FIG8_ATTENTION_HOST_TIMING mode=baseline qo_len=4 kv_len=4096 n_heads=12 n_kv_heads=2 head_dim=128 phase=measure iteration=19 wait_policy=spin wait_strategy=spin host_cpu_requested=0 host_cpu_actual=0 cpu_role=low-capacity host_wall_us=924 host_thread_cpu_us=844 wait_wall_us=922 wait_thread_cpu_us=843 sleep_us=0 spin_us=922 poll_count=285050 predicted_us=0 prediction_error_us=0 output_hash=c50c94b789741948 ret=0
FIG8_ATTENTION_DISPATCH mode=baseline phase=measure iteration=19 mapping_us=7 validate_in_us=69 compute_us=833 validate_out_us=5 total_us=914
FIG8_ATTENTION_PROFILE_COUNT mode=baseline qo_len=4 phase=measure iteration=19 records=2 max_records=10
FIG8_ATTENTION_TIMERS mode=baseline phase=measure iteration=19 lut_exp=0 qo_len=4 kv_len=4096 n_heads=12 n_kv_heads=2 head_dim=128 kv_head=0 worker=0 profiled_total=340 q_load=1 k_load=138 v_load=124 qk_dot=2 safe_sm=73 core_acc=1 o_scale=0 o_store=1
FIG8_ATTENTION_TIMERS mode=baseline phase=measure iteration=19 lut_exp=0 qo_len=4 kv_len=4096 n_heads=12 n_kv_heads=2 head_dim=128 kv_head=1 worker=0 profiled_total=338 q_load=1 k_load=138 v_load=123 qk_dot=2 safe_sm=73 core_acc=0 o_scale=0 o_store=1
FIG8_ATTENTION_EVENT_COUNT mode=baseline qo_len=4 phase=measure iteration=19 events=16 max_events=3224 overflow=0
