FIG8_ATTENTION_CONFIG mode=scna-fp16 layout=serial variant=pair_static_d8 scna_width=8 seed=figure8_fixed mask_mode=causal qo_len=16 kv_len=4096 kv_pad_len=4096 n_heads=12 n_kv_heads=2 head_dim=64 warmup=1 iters=1 q_size=49152 kv_size=1048576 mask_size=131072 profile_size=9088 profile_max_records=16 profile_max_events=0 mode_flags=4197460 print_events=0 workers=0 q_task_rows=0
FIG8_ATTENTION_HOST_TIMING mode=scna-fp16 layout=serial variant=pair_static_d8 workers=0 q_task_rows=0 scna_width=8 seed=figure8_fixed mask_mode=causal qo_len=16 kv_len=4096 n_heads=12 n_kv_heads=2 head_dim=64 phase=warmup iteration=0 host_elapsed_us=877 ret=0
FIG8_ATTENTION_PROFILE_COUNT mode=scna-fp16 qo_len=16 phase=warmup iteration=0 records=4 max_records=16
FIG8_ATTENTION_WORKERS mode=scna-fp16 variant=pair_static_d8 qo_len=16 phase=warmup iteration=0 requested_workers=0 active_workers=4 hvx_contexts=6 vtcm_worker_cap=8 tasks=4 q_task_rows=8
FIG8_ATTENTION_TIMERS mode=scna-fp16 layout=serial phase=warmup iteration=0 lut_exp=0 scna_layout=0 scna_width=8 qo_len=8 kv_len=4096 n_heads=12 n_kv_heads=2 head_dim=64 kv_head=1 worker=1 profiled_total=301 q_load=2 k_load=50 v_load=45 qk_dot=4 safe_sm=192 scna_exp=134 state_update=0 rowmax_mem=0 rowsum_reduce=0 rowmax_mem_ticks=0 rowsum_reduce_ticks=0 state_update_ticks=0 param_prepare=0 core_acc=2 o_scale=2 o_store=4
FIG8_NUMERIC seed=figure8_fixed mode=scna-fp16 layout=serial kv_head=1 worker=1 qk0_bits=0x0 rowmax0_bits=0x0 rowsum0_bits=0x0 l0_bits=0x0 core_o0_bits=0x0 inv_l0_bits=0x0 scaled_o0_bits=0x0 p0_first_bits=0x0 p0_last_bits=0x0 sum0_first_bits=0x0 sum0_last_bits=0x0 masked_p_nonzero=0 tail_p_nonzero=0 scna_clamp_count=0 score_count=0 centered_score_min=0 centered_score_max=0 final_m0_bits=0x0 final_l0_bits=0x0 final_core_o0_bits=0x0 p_expected_sum_bits=0x0 p_max_abs_error_bits=0x0
FIG8_NUMERIC_QK8 seed=figure8_fixed mode=scna-fp16 layout=serial kv_head=1 bits=0x0,0x0,0x0,0x0,0x0,0x0,0x0,0x0
FIG8_NUMERIC_P8 seed=figure8_fixed mode=scna-fp16 layout=serial kv_head=1 centered_bits=0x0,0x0,0x0,0x0,0x0,0x0,0x0,0x0 p_bits=0x0,0x0,0x0,0x0,0x0,0x0,0x0,0x0
FIG8_ATTENTION_TIMERS mode=scna-fp16 layout=serial phase=warmup iteration=0 lut_exp=0 scna_layout=0 scna_width=8 qo_len=8 kv_len=4096 n_heads=12 n_kv_heads=2 head_dim=64 kv_head=1 worker=3 profiled_total=304 q_load=3 k_load=51 v_load=46 qk_dot=3 safe_sm=193 scna_exp=134 state_update=0 rowmax_mem=0 rowsum_reduce=0 rowmax_mem_ticks=0 rowsum_reduce_ticks=0 state_update_ticks=0 param_prepare=0 core_acc=2 o_scale=2 o_store=4
FIG8_NUMERIC seed=figure8_fixed mode=scna-fp16 layout=serial kv_head=1 worker=3 qk0_bits=0x0 rowmax0_bits=0x0 rowsum0_bits=0x0 l0_bits=0x0 core_o0_bits=0x0 inv_l0_bits=0x0 scaled_o0_bits=0x0 p0_first_bits=0x0 p0_last_bits=0x0 sum0_first_bits=0x0 sum0_last_bits=0x0 masked_p_nonzero=0 tail_p_nonzero=0 scna_clamp_count=0 score_count=0 centered_score_min=0 centered_score_max=0 final_m0_bits=0x0 final_l0_bits=0x0 final_core_o0_bits=0x0 p_expected_sum_bits=0x0 p_max_abs_error_bits=0x0
FIG8_NUMERIC_QK8 seed=figure8_fixed mode=scna-fp16 layout=serial kv_head=1 bits=0x0,0x0,0x0,0x0,0x0,0x0,0x0,0x0
FIG8_NUMERIC_P8 seed=figure8_fixed mode=scna-fp16 layout=serial kv_head=1 centered_bits=0x0,0x0,0x0,0x0,0x0,0x0,0x0,0x0 p_bits=0x0,0x0,0x0,0x0,0x0,0x0,0x0,0x0
FIG8_ATTENTION_TIMERS mode=scna-fp16 layout=serial phase=warmup iteration=0 lut_exp=0 scna_layout=0 scna_width=8 qo_len=8 kv_len=4096 n_heads=12 n_kv_heads=2 head_dim=64 kv_head=0 worker=0 profiled_total=671 q_load=3 k_load=46 v_load=37 qk_dot=4 safe_sm=580 scna_exp=529 state_update=0 rowmax_mem=0 rowsum_reduce=0 rowmax_mem_ticks=0 rowsum_reduce_ticks=0 state_update_ticks=0 param_prepare=0 core_acc=0 o_scale=0 o_store=1
FIG8_NUMERIC seed=figure8_fixed mode=scna-fp16 layout=serial kv_head=0 worker=0 qk0_bits=0xaccb rowmax0_bits=0x3533 rowsum0_bits=0x6552 l0_bits=0x6552 core_o0_bits=0x3d14 inv_l0_bits=0xc7b scaled_o0_bits=0xde4 p0_first_bits=0x3a8e p0_last_bits=0x0 sum0_first_bits=0x442a4341 sum0_last_bits=0x442a4181 masked_p_nonzero=0 tail_p_nonzero=0 scna_clamp_count=0 score_count=4081 centered_score_min=-0.603027344 centered_score_max=0 final_m0_bits=0x3533 final_l0_bits=0x6b16 final_core_o0_bits=0x3d42 p_expected_sum_bits=0x454cb550 p_max_abs_error_bits=0x3e075400
FIG8_NUMERIC_BLOCK seed=figure8_fixed mode=scna-fp16 layout=serial kv_head=0 block=0 m0_bits=0x3533 rowsum0_bits=0x6552 l0_bits=0x6552 p_scalar_sum_bits=0x44aa4b28 reduction_min_bits=0x4429f491 reduction_max_bits=0x442a9211
FIG8_NUMERIC_BLOCK seed=figure8_fixed mode=scna-fp16 layout=serial kv_head=0 block=1 m0_bits=0x3533 rowsum0_bits=0x6551 l0_bits=0x6952 p_scalar_sum_bits=0x44aa4fa8 reduction_min_bits=0x4429fd81 reduction_max_bits=0x442a9211
FIG8_NUMERIC_BLOCK seed=figure8_fixed mode=scna-fp16 layout=serial kv_head=0 block=2 m0_bits=0x3533 rowsum0_bits=0x6310 l0_bits=0x6b16 p_scalar_sum_bits=0x445fbce8 reduction_min_bits=0x43dc58c1 reduction_max_bits=0x43e30c61
FIG8_NUMERIC_QK8 seed=figure8_fixed mode=scna-fp16 layout=serial kv_head=0 bits=0xaccb,0x346f,0xb1fb,0x30ec,0xb2a0,0x2ea7,0xb053,0x3016
FIG8_NUMERIC_P8 seed=figure8_fixed mode=scna-fp16 layout=serial kv_head=0 centered_bits=0xb666,0xaa20,0xb818,0xb17a,0xb842,0xb312,0xb75c,0xb250 p_bits=0x3ae4,0x3bde,0x3a93,0x3b86,0x3a86,0x3b63,0x3ab9,0x3b73
FIG8_ATTENTION_TIMERS mode=scna-fp16 layout=serial phase=warmup iteration=0 lut_exp=0 scna_layout=0 scna_width=8 qo_len=8 kv_len=4096 n_heads=12 n_kv_heads=2 head_dim=64 kv_head=0 worker=2 profiled_total=705 q_load=2 k_load=46 v_load=46 qk_dot=4 safe_sm=605 scna_exp=549 state_update=0 rowmax_mem=0 rowsum_reduce=0 rowmax_mem_ticks=0 rowsum_reduce_ticks=0 state_update_ticks=0 param_prepare=0 core_acc=1 o_scale=0 o_store=1
FIG8_NUMERIC seed=figure8_fixed mode=scna-fp16 layout=serial kv_head=0 worker=2 qk0_bits=0x359d rowmax0_bits=0x35a2 rowsum0_bits=0x6544 l0_bits=0x6544 core_o0_bits=0x3c3f inv_l0_bits=0xc88 scaled_o0_bits=0xd53 p0_first_bits=0x3ac8 p0_last_bits=0x0 sum0_first_bits=0x4428ad31 sum0_last_bits=0x44288831 masked_p_nonzero=0 tail_p_nonzero=0 scna_clamp_count=0 score_count=4089 centered_score_min=-0.669921875 centered_score_max=0 final_m0_bits=0x35a2 final_l0_bits=0x6b03 final_core_o0_bits=0x3cb3 p_expected_sum_bits=0x4549427a p_max_abs_error_bits=0x3e0ddfd4
FIG8_NUMERIC_BLOCK seed=figure8_fixed mode=scna-fp16 layout=serial kv_head=0 block=0 m0_bits=0x35a2 rowsum0_bits=0x6544 l0_bits=0x6544 p_scalar_sum_bits=0x44a88584 reduction_min_bits=0x44284c31 reduction_max_bits=0x4428aef1
FIG8_NUMERIC_BLOCK seed=figure8_fixed mode=scna-fp16 layout=serial kv_head=0 block=1 m0_bits=0x35a2 rowsum0_bits=0x6543 l0_bits=0x6944 p_scalar_sum_bits=0x44a88148 reduction_min_bits=0x442843b1 reduction_max_bits=0x4428aef1
FIG8_NUMERIC_BLOCK seed=figure8_fixed mode=scna-fp16 layout=serial kv_head=0 block=2 m0_bits=0x35a2 rowsum0_bits=0x62fc l0_bits=0x6b03 p_scalar_sum_bits=0x445f27c0 reduction_min_bits=0x43dd4501 reduction_max_bits=0x43e0f561
FIG8_NUMERIC_QK8 seed=figure8_fixed mode=scna-fp16 layout=serial kv_head=0 bits=0x359d,0x2889,0x33ec,0xb0f9,0x338f,0xb45d,0x3512,0xb511
FIG8_NUMERIC_P8 seed=figure8_fixed mode=scna-fp16 layout=serial kv_head=0 centered_bits=0x9500,0xb511,0xaeb0,0xb80f,0xaf6a,0xb900,0xa880,0xb95a p_bits=0x3bff,0x3b1f,0x3bb6,0x3a97,0x3bad,0x3a43,0x3be7,0x3a24
FIG8_ATTENTION_EVENT_COUNT mode=scna-fp16 qo_len=16 phase=warmup iteration=0 events=0 max_events=0 overflow=0
FIG8_ATTENTION_CHECKSUM mode=scna-fp16 layout=serial scna_width=8 seed=figure8_fixed phase=warmup iteration=0 checksum=0x11c11f9911062fc6
FIG8_ATTENTION_HOST_TIMING mode=scna-fp16 layout=serial variant=pair_static_d8 workers=0 q_task_rows=0 scna_width=8 seed=figure8_fixed mask_mode=causal qo_len=16 kv_len=4096 n_heads=12 n_kv_heads=2 head_dim=64 phase=measure iteration=0 host_elapsed_us=908 ret=0
FIG8_ATTENTION_PROFILE_COUNT mode=scna-fp16 qo_len=16 phase=measure iteration=0 records=4 max_records=16
FIG8_ATTENTION_WORKERS mode=scna-fp16 variant=pair_static_d8 qo_len=16 phase=measure iteration=0 requested_workers=0 active_workers=4 hvx_contexts=6 vtcm_worker_cap=8 tasks=4 q_task_rows=8
FIG8_ATTENTION_TIMERS mode=scna-fp16 layout=serial phase=measure iteration=0 lut_exp=0 scna_layout=0 scna_width=8 qo_len=8 kv_len=4096 n_heads=12 n_kv_heads=2 head_dim=64 kv_head=1 worker=4 profiled_total=280 q_load=3 k_load=50 v_load=40 qk_dot=2 safe_sm=180 scna_exp=127 state_update=0 rowmax_mem=0 rowsum_reduce=0 rowmax_mem_ticks=0 rowsum_reduce_ticks=0 state_update_ticks=0 param_prepare=0 core_acc=1 o_scale=1 o_store=3
FIG8_NUMERIC seed=figure8_fixed mode=scna-fp16 layout=serial kv_head=1 worker=4 qk0_bits=0x0 rowmax0_bits=0x0 rowsum0_bits=0x0 l0_bits=0x0 core_o0_bits=0x0 inv_l0_bits=0x0 scaled_o0_bits=0x0 p0_first_bits=0x0 p0_last_bits=0x0 sum0_first_bits=0x0 sum0_last_bits=0x0 masked_p_nonzero=0 tail_p_nonzero=0 scna_clamp_count=0 score_count=0 centered_score_min=0 centered_score_max=0 final_m0_bits=0x0 final_l0_bits=0x0 final_core_o0_bits=0x0 p_expected_sum_bits=0x0 p_max_abs_error_bits=0x0
FIG8_NUMERIC_QK8 seed=figure8_fixed mode=scna-fp16 layout=serial kv_head=1 bits=0x0,0x0,0x0,0x0,0x0,0x0,0x0,0x0
FIG8_NUMERIC_P8 seed=figure8_fixed mode=scna-fp16 layout=serial kv_head=1 centered_bits=0x0,0x0,0x0,0x0,0x0,0x0,0x0,0x0 p_bits=0x0,0x0,0x0,0x0,0x0,0x0,0x0,0x0
FIG8_ATTENTION_TIMERS mode=scna-fp16 layout=serial phase=measure iteration=0 lut_exp=0 scna_layout=0 scna_width=8 qo_len=8 kv_len=4096 n_heads=12 n_kv_heads=2 head_dim=64 kv_head=1 worker=3 profiled_total=280 q_load=3 k_load=51 v_load=39 qk_dot=3 safe_sm=180 scna_exp=127 state_update=0 rowmax_mem=0 rowsum_reduce=0 rowmax_mem_ticks=0 rowsum_reduce_ticks=0 state_update_ticks=0 param_prepare=0 core_acc=0 o_scale=1 o_store=3
FIG8_NUMERIC seed=figure8_fixed mode=scna-fp16 layout=serial kv_head=1 worker=3 qk0_bits=0x0 rowmax0_bits=0x0 rowsum0_bits=0x0 l0_bits=0x0 core_o0_bits=0x0 inv_l0_bits=0x0 scaled_o0_bits=0x0 p0_first_bits=0x0 p0_last_bits=0x0 sum0_first_bits=0x0 sum0_last_bits=0x0 masked_p_nonzero=0 tail_p_nonzero=0 scna_clamp_count=0 score_count=0 centered_score_min=0 centered_score_max=0 final_m0_bits=0x0 final_l0_bits=0x0 final_core_o0_bits=0x0 p_expected_sum_bits=0x0 p_max_abs_error_bits=0x0
FIG8_NUMERIC_QK8 seed=figure8_fixed mode=scna-fp16 layout=serial kv_head=1 bits=0x0,0x0,0x0,0x0,0x0,0x0,0x0,0x0
FIG8_NUMERIC_P8 seed=figure8_fixed mode=scna-fp16 layout=serial kv_head=1 centered_bits=0x0,0x0,0x0,0x0,0x0,0x0,0x0,0x0 p_bits=0x0,0x0,0x0,0x0,0x0,0x0,0x0,0x0
FIG8_ATTENTION_TIMERS mode=scna-fp16 layout=serial phase=measure iteration=0 lut_exp=0 scna_layout=0 scna_width=8 qo_len=8 kv_len=4096 n_heads=12 n_kv_heads=2 head_dim=64 kv_head=0 worker=1 profiled_total=667 q_load=2 k_load=47 v_load=39 qk_dot=3 safe_sm=572 scna_exp=520 state_update=0 rowmax_mem=0 rowsum_reduce=0 rowmax_mem_ticks=0 rowsum_reduce_ticks=0 state_update_ticks=0 param_prepare=0 core_acc=1 o_scale=1 o_store=2
FIG8_NUMERIC seed=figure8_fixed mode=scna-fp16 layout=serial kv_head=0 worker=1 qk0_bits=0xaccb rowmax0_bits=0x3533 rowsum0_bits=0x6552 l0_bits=0x6552 core_o0_bits=0x3d14 inv_l0_bits=0xc7b scaled_o0_bits=0xde4 p0_first_bits=0x3a8e p0_last_bits=0x0 sum0_first_bits=0x442a4341 sum0_last_bits=0x442a4181 masked_p_nonzero=0 tail_p_nonzero=0 scna_clamp_count=0 score_count=4081 centered_score_min=-0.603027344 centered_score_max=0 final_m0_bits=0x3533 final_l0_bits=0x6b16 final_core_o0_bits=0x3d42 p_expected_sum_bits=0x454cb550 p_max_abs_error_bits=0x3e075400
FIG8_NUMERIC_BLOCK seed=figure8_fixed mode=scna-fp16 layout=serial kv_head=0 block=0 m0_bits=0x3533 rowsum0_bits=0x6552 l0_bits=0x6552 p_scalar_sum_bits=0x44aa4b28 reduction_min_bits=0x4429f491 reduction_max_bits=0x442a9211
FIG8_NUMERIC_BLOCK seed=figure8_fixed mode=scna-fp16 layout=serial kv_head=0 block=1 m0_bits=0x3533 rowsum0_bits=0x6551 l0_bits=0x6952 p_scalar_sum_bits=0x44aa4fa8 reduction_min_bits=0x4429fd81 reduction_max_bits=0x442a9211
FIG8_NUMERIC_BLOCK seed=figure8_fixed mode=scna-fp16 layout=serial kv_head=0 block=2 m0_bits=0x3533 rowsum0_bits=0x6310 l0_bits=0x6b16 p_scalar_sum_bits=0x445fbce8 reduction_min_bits=0x43dc58c1 reduction_max_bits=0x43e30c61
FIG8_NUMERIC_QK8 seed=figure8_fixed mode=scna-fp16 layout=serial kv_head=0 bits=0xaccb,0x346f,0xb1fb,0x30ec,0xb2a0,0x2ea7,0xb053,0x3016
FIG8_NUMERIC_P8 seed=figure8_fixed mode=scna-fp16 layout=serial kv_head=0 centered_bits=0xb666,0xaa20,0xb818,0xb17a,0xb842,0xb312,0xb75c,0xb250 p_bits=0x3ae4,0x3bde,0x3a93,0x3b86,0x3a86,0x3b63,0x3ab9,0x3b73
FIG8_ATTENTION_TIMERS mode=scna-fp16 layout=serial phase=measure iteration=0 lut_exp=0 scna_layout=0 scna_width=8 qo_len=8 kv_len=4096 n_heads=12 n_kv_heads=2 head_dim=64 kv_head=0 worker=5 profiled_total=704 q_load=2 k_load=49 v_load=60 qk_dot=3 safe_sm=588 scna_exp=536 state_update=0 rowmax_mem=0 rowsum_reduce=0 rowmax_mem_ticks=0 rowsum_reduce_ticks=0 state_update_ticks=0 param_prepare=0 core_acc=0 o_scale=1 o_store=1
FIG8_NUMERIC seed=figure8_fixed mode=scna-fp16 layout=serial kv_head=0 worker=5 qk0_bits=0x359d rowmax0_bits=0x35a2 rowsum0_bits=0x6544 l0_bits=0x6544 core_o0_bits=0x3c3f inv_l0_bits=0xc88 scaled_o0_bits=0xd53 p0_first_bits=0x3ac8 p0_last_bits=0x0 sum0_first_bits=0x4428ad31 sum0_last_bits=0x44288831 masked_p_nonzero=0 tail_p_nonzero=0 scna_clamp_count=0 score_count=4089 centered_score_min=-0.669921875 centered_score_max=0 final_m0_bits=0x35a2 final_l0_bits=0x6b03 final_core_o0_bits=0x3cb3 p_expected_sum_bits=0x4549427a p_max_abs_error_bits=0x3e0ddfd4
FIG8_NUMERIC_BLOCK seed=figure8_fixed mode=scna-fp16 layout=serial kv_head=0 block=0 m0_bits=0x35a2 rowsum0_bits=0x6544 l0_bits=0x6544 p_scalar_sum_bits=0x44a88584 reduction_min_bits=0x44284c31 reduction_max_bits=0x4428aef1
FIG8_NUMERIC_BLOCK seed=figure8_fixed mode=scna-fp16 layout=serial kv_head=0 block=1 m0_bits=0x35a2 rowsum0_bits=0x6543 l0_bits=0x6944 p_scalar_sum_bits=0x44a88148 reduction_min_bits=0x442843b1 reduction_max_bits=0x4428aef1
FIG8_NUMERIC_BLOCK seed=figure8_fixed mode=scna-fp16 layout=serial kv_head=0 block=2 m0_bits=0x35a2 rowsum0_bits=0x62fc l0_bits=0x6b03 p_scalar_sum_bits=0x445f27c0 reduction_min_bits=0x43dd4501 reduction_max_bits=0x43e0f561
FIG8_NUMERIC_QK8 seed=figure8_fixed mode=scna-fp16 layout=serial kv_head=0 bits=0x359d,0x2889,0x33ec,0xb0f9,0x338f,0xb45d,0x3512,0xb511
FIG8_NUMERIC_P8 seed=figure8_fixed mode=scna-fp16 layout=serial kv_head=0 centered_bits=0x9500,0xb511,0xaeb0,0xb80f,0xaf6a,0xb900,0xa880,0xb95a p_bits=0x3bff,0x3b1f,0x3bb6,0x3a97,0x3bad,0x3a43,0x3be7,0x3a24
FIG8_ATTENTION_EVENT_COUNT mode=scna-fp16 qo_len=16 phase=measure iteration=0 events=0 max_events=0 overflow=0
FIG8_ATTENTION_CHECKSUM mode=scna-fp16 layout=serial scna_width=8 seed=figure8_fixed phase=measure iteration=0 checksum=0x11c11f9911062fc6
FIG8_ATTENTION_REFERENCE_TIMING reference_mode=host-fp32 qo_len=16 kv_len=4096 n_heads=12 n_kv_heads=2 head_dim=64 elapsed_us=123459 ret=0
FIG8_ATTENTION_COMPARE candidate_mode=scna-fp16 layout=serial scna_width=8 reference_mode=host-fp32 seed=figure8_fixed mask_mode=causal qo_len=16 kv_len=4096 n_heads=12 n_kv_heads=2 head_dim=64 elements=12288 rmse=3.57708741e-05 relative_l2=0.0931158587 max_abs_error=0.00013753146 candidate_nonfinite=0 reference_nonfinite=0 rmse_limit=0.002 max_abs_limit=0.01 pass=1
FIG8_ATTENTION_COMPARE_HEAD seed=figure8_fixed mode=scna-fp16 layout=serial head=0 rmse=3.58741599e-05 max_abs_error=0.000124384154 candidate_first=0.000359535246 reference_first=0.000340347149
FIG8_ATTENTION_COMPARE_HEAD seed=figure8_fixed mode=scna-fp16 layout=serial head=1 rmse=3.75188865e-05 max_abs_error=0.000131025736 candidate_first=0.000398159056 reference_first=0.000381412421
FIG8_ATTENTION_COMPARE_HEAD seed=figure8_fixed mode=scna-fp16 layout=serial head=2 rmse=3.93155206e-05 max_abs_error=0.000128513668 candidate_first=0.000508308469 reference_first=0.000576313119
FIG8_ATTENTION_COMPARE_HEAD seed=figure8_fixed mode=scna-fp16 layout=serial head=3 rmse=3.59225742e-05 max_abs_error=0.000119112286 candidate_first=0.000429630309 reference_first=0.00046051931
FIG8_ATTENTION_COMPARE_HEAD seed=figure8_fixed mode=scna-fp16 layout=serial head=4 rmse=3.70530033e-05 max_abs_error=0.000115837029 candidate_first=0.000355243712 reference_first=0.00031896538
FIG8_ATTENTION_COMPARE_HEAD seed=figure8_fixed mode=scna-fp16 layout=serial head=5 rmse=3.87068721e-05 max_abs_error=0.00013753146 candidate_first=0.000516891538 reference_first=0.000593255216
FIG8_ATTENTION_COMPARE_HEAD seed=figure8_fixed mode=scna-fp16 layout=serial head=6 rmse=3.37193705e-05 max_abs_error=0.000105052313 candidate_first=-0.000610351504 reference_first=-0.000602089684
FIG8_ATTENTION_COMPARE_HEAD seed=figure8_fixed mode=scna-fp16 layout=serial head=7 rmse=3.33192984e-05 max_abs_error=0.000106925378 candidate_first=-0.000614166202 reference_first=-0.000615196186
FIG8_ATTENTION_COMPARE_HEAD seed=figure8_fixed mode=scna-fp16 layout=serial head=8 rmse=3.38418613e-05 max_abs_error=0.000104208302 candidate_first=-0.000669479312 reference_first=-0.000710283522
FIG8_ATTENTION_COMPARE_HEAD seed=figure8_fixed mode=scna-fp16 layout=serial head=9 rmse=3.47127243e-05 max_abs_error=0.000103368715 candidate_first=-0.000654220523 reference_first=-0.000678777287
FIG8_ATTENTION_COMPARE_HEAD seed=figure8_fixed mode=scna-fp16 layout=serial head=10 rmse=3.37878882e-05 max_abs_error=0.000103805156 candidate_first=-0.000603675784 reference_first=-0.000586078153
FIG8_ATTENTION_COMPARE_HEAD seed=figure8_fixed mode=scna-fp16 layout=serial head=11 rmse=3.48384419e-05 max_abs_error=0.000108943699 candidate_first=-0.0006513595 reference_first=-0.000674699084
