FIG8_ATTENTION_CONFIG mode=scna-fp16 layout=serial variant=pair_static_d8 scna_width=8 seed=figure8_fixed mask_mode=causal qo_len=32 kv_len=4093 kv_pad_len=4096 n_heads=12 n_kv_heads=2 head_dim=64 warmup=1 iters=1 q_size=98304 kv_size=1047808 mask_size=262144 profile_size=13568 profile_max_records=24 profile_max_events=0 mode_flags=4197460 print_events=0 workers=0 q_task_rows=0
FIG8_ATTENTION_HOST_TIMING mode=scna-fp16 layout=serial variant=pair_static_d8 workers=0 q_task_rows=0 scna_width=8 seed=figure8_fixed mask_mode=causal qo_len=32 kv_len=4093 n_heads=12 n_kv_heads=2 head_dim=64 phase=warmup iteration=0 host_elapsed_us=1034 ret=0
FIG8_ATTENTION_PROFILE_COUNT mode=scna-fp16 qo_len=32 phase=warmup iteration=0 records=4 max_records=24
FIG8_ATTENTION_WORKERS mode=scna-fp16 variant=pair_static_d8 qo_len=32 phase=warmup iteration=0 requested_workers=0 active_workers=4 hvx_contexts=6 vtcm_worker_cap=8 tasks=4 q_task_rows=16
FIG8_ATTENTION_TIMERS mode=scna-fp16 layout=serial phase=warmup iteration=0 lut_exp=0 scna_layout=0 scna_width=8 qo_len=16 kv_len=4093 n_heads=12 n_kv_heads=2 head_dim=64 kv_head=1 worker=1 profiled_total=490 q_load=6 k_load=50 v_load=43 qk_dot=5 safe_sm=373 scna_exp=257 state_update=0 rowmax_mem=0 rowsum_reduce=0 rowmax_mem_ticks=0 rowsum_reduce_ticks=0 state_update_ticks=0 param_prepare=0 core_acc=4 o_scale=2 o_store=7
FIG8_NUMERIC seed=figure8_fixed mode=scna-fp16 layout=serial kv_head=1 worker=1 qk0_bits=0x0 rowmax0_bits=0x0 rowsum0_bits=0x0 l0_bits=0x0 core_o0_bits=0x0 inv_l0_bits=0x0 scaled_o0_bits=0x0 p0_first_bits=0x0 p0_last_bits=0x0 sum0_first_bits=0x0 sum0_last_bits=0x0 masked_p_nonzero=0 tail_p_nonzero=0 scna_clamp_count=0 score_count=0 centered_score_min=0 centered_score_max=0 final_m0_bits=0x0 final_l0_bits=0x0 final_core_o0_bits=0x0 p_expected_sum_bits=0x0 p_max_abs_error_bits=0x0
FIG8_NUMERIC_QK8 seed=figure8_fixed mode=scna-fp16 layout=serial kv_head=1 bits=0x0,0x0,0x0,0x0,0x0,0x0,0x0,0x0
FIG8_NUMERIC_P8 seed=figure8_fixed mode=scna-fp16 layout=serial kv_head=1 centered_bits=0x0,0x0,0x0,0x0,0x0,0x0,0x0,0x0 p_bits=0x0,0x0,0x0,0x0,0x0,0x0,0x0,0x0
FIG8_ATTENTION_TIMERS mode=scna-fp16 layout=serial phase=warmup iteration=0 lut_exp=0 scna_layout=0 scna_width=8 qo_len=16 kv_len=4093 n_heads=12 n_kv_heads=2 head_dim=64 kv_head=1 worker=2 profiled_total=490 q_load=5 k_load=51 v_load=44 qk_dot=3 safe_sm=377 scna_exp=257 state_update=0 rowmax_mem=0 rowsum_reduce=0 rowmax_mem_ticks=0 rowsum_reduce_ticks=0 state_update_ticks=0 param_prepare=0 core_acc=2 o_scale=2 o_store=6
FIG8_NUMERIC seed=figure8_fixed mode=scna-fp16 layout=serial kv_head=1 worker=2 qk0_bits=0x0 rowmax0_bits=0x0 rowsum0_bits=0x0 l0_bits=0x0 core_o0_bits=0x0 inv_l0_bits=0x0 scaled_o0_bits=0x0 p0_first_bits=0x0 p0_last_bits=0x0 sum0_first_bits=0x0 sum0_last_bits=0x0 masked_p_nonzero=0 tail_p_nonzero=0 scna_clamp_count=0 score_count=0 centered_score_min=0 centered_score_max=0 final_m0_bits=0x0 final_l0_bits=0x0 final_core_o0_bits=0x0 p_expected_sum_bits=0x0 p_max_abs_error_bits=0x0
FIG8_NUMERIC_QK8 seed=figure8_fixed mode=scna-fp16 layout=serial kv_head=1 bits=0x0,0x0,0x0,0x0,0x0,0x0,0x0,0x0
FIG8_NUMERIC_P8 seed=figure8_fixed mode=scna-fp16 layout=serial kv_head=1 centered_bits=0x0,0x0,0x0,0x0,0x0,0x0,0x0,0x0 p_bits=0x0,0x0,0x0,0x0,0x0,0x0,0x0,0x0
FIG8_ATTENTION_TIMERS mode=scna-fp16 layout=serial phase=warmup iteration=0 lut_exp=0 scna_layout=0 scna_width=8 qo_len=16 kv_len=4093 n_heads=12 n_kv_heads=2 head_dim=64 kv_head=0 worker=0 profiled_total=853 q_load=5 k_load=46 v_load=39 qk_dot=4 safe_sm=752 scna_exp=652 state_update=0 rowmax_mem=0 rowsum_reduce=0 rowmax_mem_ticks=0 rowsum_reduce_ticks=0 state_update_ticks=0 param_prepare=0 core_acc=1 o_scale=2 o_store=4
FIG8_NUMERIC seed=figure8_fixed mode=scna-fp16 layout=serial kv_head=0 worker=0 qk0_bits=0x306d rowmax0_bits=0x350d rowsum0_bits=0x643b l0_bits=0x643b core_o0_bits=0x3a9c inv_l0_bits=0xc75 scaled_o0_bits=0x1012 p0_first_bits=0x3b0a p0_last_bits=0x0 sum0_first_bits=0x44074d61 sum0_last_bits=0x44075f71 masked_p_nonzero=0 tail_p_nonzero=0 scna_clamp_count=0 score_count=4078 centered_score_min=-0.639404297 centered_score_max=0 final_m0_bits=0x350d final_l0_bits=0x6b1f final_core_o0_bits=0x3f4f p_expected_sum_bits=0x454dba1a p_max_abs_error_bits=0x3e0b0ee0
FIG8_NUMERIC_BLOCK seed=figure8_fixed mode=scna-fp16 layout=serial kv_head=0 block=0 m0_bits=0x350d rowsum0_bits=0x643b l0_bits=0x643b p_scalar_sum_bits=0x44875150 reduction_min_bits=0x44071bf1 reduction_max_bits=0x44077971
FIG8_NUMERIC_BLOCK seed=figure8_fixed mode=scna-fp16 layout=serial kv_head=0 block=1 m0_bits=0x350d rowsum0_bits=0x643c l0_bits=0x683c p_scalar_sum_bits=0x448751cc reduction_min_bits=0x440715c1 reduction_max_bits=0x440780c1
FIG8_NUMERIC_BLOCK seed=figure8_fixed mode=scna-fp16 layout=serial kv_head=0 block=2 m0_bits=0x350d rowsum0_bits=0x643a l0_bits=0x6a59 p_scalar_sum_bits=0x44874d94 reduction_min_bits=0x44071171 reduction_max_bits=0x44077ca1
FIG8_NUMERIC_BLOCK seed=figure8_fixed mode=scna-fp16 layout=serial kv_head=0 block=3 m0_bits=0x350d rowsum0_bits=0x5e2f l0_bits=0x6b1f p_scalar_sum_bits=0x43bf8d10 reduction_min_bits=0x43374a81 reduction_max_bits=0x4347bd41
FIG8_NUMERIC_QK8 seed=figure8_fixed mode=scna-fp16 layout=serial kv_head=0 bits=0x306d,0xb52e,0x253d,0xb402,0x9d9f,0xaea8,0x2bbd,0x2f6e
FIG8_NUMERIC_P8 seed=figure8_fixed mode=scna-fp16 layout=serial kv_head=0 centered_bits=0xb1ad,0xb91e,0xb4b9,0xb888,0xb523,0xb6b7,0xb415,0xb263 p_bits=0x3b82,0x3a38,0x3b2e,0x3a6c,0x3b1b,0x3ad5,0x3b4b,0x3b72
FIG8_ATTENTION_TIMERS mode=scna-fp16 layout=serial phase=warmup iteration=0 lut_exp=0 scna_layout=0 scna_width=8 qo_len=16 kv_len=4093 n_heads=12 n_kv_heads=2 head_dim=64 kv_head=0 worker=3 profiled_total=898 q_load=5 k_load=47 v_load=54 qk_dot=6 safe_sm=780 scna_exp=677 state_update=0 rowmax_mem=0 rowsum_reduce=0 rowmax_mem_ticks=0 rowsum_reduce_ticks=0 state_update_ticks=0 param_prepare=0 core_acc=2 o_scale=1 o_store=3
FIG8_NUMERIC seed=figure8_fixed mode=scna-fp16 layout=serial kv_head=0 worker=3 qk0_bits=0xaccb rowmax0_bits=0x3533 rowsum0_bits=0x6436 l0_bits=0x6436 core_o0_bits=0x3aa1 inv_l0_bits=0xc7b scaled_o0_bits=0xb1a p0_first_bits=0x3a8e p0_last_bits=0x0 sum0_first_bits=0x4406c7d1 sum0_last_bits=0x4406c771 masked_p_nonzero=0 tail_p_nonzero=0 scna_clamp_count=0 score_count=4062 centered_score_min=-0.603027344 centered_score_max=0 final_m0_bits=0x3533 final_l0_bits=0x6b16 final_core_o0_bits=0x3a57 p_expected_sum_bits=0x454bbf44 p_max_abs_error_bits=0x3e075400
FIG8_NUMERIC_BLOCK seed=figure8_fixed mode=scna-fp16 layout=serial kv_head=0 block=0 m0_bits=0x3533 rowsum0_bits=0x6436 l0_bits=0x6436 p_scalar_sum_bits=0x4486cc80 reduction_min_bits=0x440686e1 reduction_max_bits=0x44070591
FIG8_NUMERIC_BLOCK seed=figure8_fixed mode=scna-fp16 layout=serial kv_head=0 block=1 m0_bits=0x3533 rowsum0_bits=0x6436 l0_bits=0x6836 p_scalar_sum_bits=0x4486dd78 reduction_min_bits=0x44068fb1 reduction_max_bits=0x44071ee1
FIG8_NUMERIC_BLOCK seed=figure8_fixed mode=scna-fp16 layout=serial kv_head=0 block=2 m0_bits=0x3533 rowsum0_bits=0x6436 l0_bits=0x6a51 p_scalar_sum_bits=0x4486d518 reduction_min_bits=0x44068a31 reduction_max_bits=0x440713b1
FIG8_NUMERIC_BLOCK seed=figure8_fixed mode=scna-fp16 layout=serial kv_head=0 block=3 m0_bits=0x3533 rowsum0_bits=0x5e24 l0_bits=0x6b16 p_scalar_sum_bits=0x43b76e90 reduction_min_bits=0x432a3f01 reduction_max_bits=0x43448cc1
FIG8_NUMERIC_QK8 seed=figure8_fixed mode=scna-fp16 layout=serial kv_head=0 bits=0xaccb,0x346f,0xb1fb,0x30ec,0xb2a0,0x2ea7,0xb053,0x3016
FIG8_NUMERIC_P8 seed=figure8_fixed mode=scna-fp16 layout=serial kv_head=0 centered_bits=0xb666,0xaa20,0xb818,0xb17a,0xb842,0xb312,0xb75c,0xb250 p_bits=0x3ae4,0x3bde,0x3a93,0x3b86,0x3a86,0x3b63,0x3ab9,0x3b73
FIG8_ATTENTION_EVENT_COUNT mode=scna-fp16 qo_len=32 phase=warmup iteration=0 events=0 max_events=0 overflow=0
FIG8_ATTENTION_CHECKSUM mode=scna-fp16 layout=serial scna_width=8 seed=figure8_fixed phase=warmup iteration=0 checksum=0x5a05fc23de1adb4a
FIG8_ATTENTION_HOST_TIMING mode=scna-fp16 layout=serial variant=pair_static_d8 workers=0 q_task_rows=0 scna_width=8 seed=figure8_fixed mask_mode=causal qo_len=32 kv_len=4093 n_heads=12 n_kv_heads=2 head_dim=64 phase=measure iteration=0 host_elapsed_us=1049 ret=0
FIG8_ATTENTION_PROFILE_COUNT mode=scna-fp16 qo_len=32 phase=measure iteration=0 records=4 max_records=24
FIG8_ATTENTION_WORKERS mode=scna-fp16 variant=pair_static_d8 qo_len=32 phase=measure iteration=0 requested_workers=0 active_workers=4 hvx_contexts=6 vtcm_worker_cap=8 tasks=4 q_task_rows=16
FIG8_ATTENTION_TIMERS mode=scna-fp16 layout=serial phase=measure iteration=0 lut_exp=0 scna_layout=0 scna_width=8 qo_len=16 kv_len=4093 n_heads=12 n_kv_heads=2 head_dim=64 kv_head=1 worker=5 profiled_total=480 q_load=5 k_load=49 v_load=41 qk_dot=3 safe_sm=375 scna_exp=251 state_update=0 rowmax_mem=0 rowsum_reduce=0 rowmax_mem_ticks=0 rowsum_reduce_ticks=0 state_update_ticks=0 param_prepare=0 core_acc=1 o_scale=1 o_store=5
FIG8_NUMERIC seed=figure8_fixed mode=scna-fp16 layout=serial kv_head=1 worker=5 qk0_bits=0x0 rowmax0_bits=0x0 rowsum0_bits=0x0 l0_bits=0x0 core_o0_bits=0x0 inv_l0_bits=0x0 scaled_o0_bits=0x0 p0_first_bits=0x0 p0_last_bits=0x0 sum0_first_bits=0x0 sum0_last_bits=0x0 masked_p_nonzero=0 tail_p_nonzero=0 scna_clamp_count=0 score_count=0 centered_score_min=0 centered_score_max=0 final_m0_bits=0x0 final_l0_bits=0x0 final_core_o0_bits=0x0 p_expected_sum_bits=0x0 p_max_abs_error_bits=0x0
FIG8_NUMERIC_QK8 seed=figure8_fixed mode=scna-fp16 layout=serial kv_head=1 bits=0x0,0x0,0x0,0x0,0x0,0x0,0x0,0x0
FIG8_NUMERIC_P8 seed=figure8_fixed mode=scna-fp16 layout=serial kv_head=1 centered_bits=0x0,0x0,0x0,0x0,0x0,0x0,0x0,0x0 p_bits=0x0,0x0,0x0,0x0,0x0,0x0,0x0,0x0
FIG8_ATTENTION_TIMERS mode=scna-fp16 layout=serial phase=measure iteration=0 lut_exp=0 scna_layout=0 scna_width=8 qo_len=16 kv_len=4093 n_heads=12 n_kv_heads=2 head_dim=64 kv_head=1 worker=2 profiled_total=479 q_load=5 k_load=50 v_load=41 qk_dot=3 safe_sm=371 scna_exp=251 state_update=0 rowmax_mem=0 rowsum_reduce=0 rowmax_mem_ticks=0 rowsum_reduce_ticks=0 state_update_ticks=0 param_prepare=0 core_acc=3 o_scale=1 o_store=5
FIG8_NUMERIC seed=figure8_fixed mode=scna-fp16 layout=serial kv_head=1 worker=2 qk0_bits=0x0 rowmax0_bits=0x0 rowsum0_bits=0x0 l0_bits=0x0 core_o0_bits=0x0 inv_l0_bits=0x0 scaled_o0_bits=0x0 p0_first_bits=0x0 p0_last_bits=0x0 sum0_first_bits=0x0 sum0_last_bits=0x0 masked_p_nonzero=0 tail_p_nonzero=0 scna_clamp_count=0 score_count=0 centered_score_min=0 centered_score_max=0 final_m0_bits=0x0 final_l0_bits=0x0 final_core_o0_bits=0x0 p_expected_sum_bits=0x0 p_max_abs_error_bits=0x0
FIG8_NUMERIC_QK8 seed=figure8_fixed mode=scna-fp16 layout=serial kv_head=1 bits=0x0,0x0,0x0,0x0,0x0,0x0,0x0,0x0
FIG8_NUMERIC_P8 seed=figure8_fixed mode=scna-fp16 layout=serial kv_head=1 centered_bits=0x0,0x0,0x0,0x0,0x0,0x0,0x0,0x0 p_bits=0x0,0x0,0x0,0x0,0x0,0x0,0x0,0x0
FIG8_ATTENTION_TIMERS mode=scna-fp16 layout=serial phase=measure iteration=0 lut_exp=0 scna_layout=0 scna_width=8 qo_len=16 kv_len=4093 n_heads=12 n_kv_heads=2 head_dim=64 kv_head=0 worker=4 profiled_total=844 q_load=4 k_load=45 v_load=36 qk_dot=3 safe_sm=751 scna_exp=647 state_update=0 rowmax_mem=0 rowsum_reduce=0 rowmax_mem_ticks=0 rowsum_reduce_ticks=0 state_update_ticks=0 param_prepare=0 core_acc=0 o_scale=1 o_store=4
FIG8_NUMERIC seed=figure8_fixed mode=scna-fp16 layout=serial kv_head=0 worker=4 qk0_bits=0x306d rowmax0_bits=0x350d rowsum0_bits=0x643b l0_bits=0x643b core_o0_bits=0x3a9c inv_l0_bits=0xc75 scaled_o0_bits=0x1012 p0_first_bits=0x3b0a p0_last_bits=0x0 sum0_first_bits=0x44074d61 sum0_last_bits=0x44075f71 masked_p_nonzero=0 tail_p_nonzero=0 scna_clamp_count=0 score_count=4078 centered_score_min=-0.639404297 centered_score_max=0 final_m0_bits=0x350d final_l0_bits=0x6b1f final_core_o0_bits=0x3f4f p_expected_sum_bits=0x454dba1a p_max_abs_error_bits=0x3e0b0ee0
FIG8_NUMERIC_BLOCK seed=figure8_fixed mode=scna-fp16 layout=serial kv_head=0 block=0 m0_bits=0x350d rowsum0_bits=0x643b l0_bits=0x643b p_scalar_sum_bits=0x44875150 reduction_min_bits=0x44071bf1 reduction_max_bits=0x44077971
FIG8_NUMERIC_BLOCK seed=figure8_fixed mode=scna-fp16 layout=serial kv_head=0 block=1 m0_bits=0x350d rowsum0_bits=0x643c l0_bits=0x683c p_scalar_sum_bits=0x448751cc reduction_min_bits=0x440715c1 reduction_max_bits=0x440780c1
FIG8_NUMERIC_BLOCK seed=figure8_fixed mode=scna-fp16 layout=serial kv_head=0 block=2 m0_bits=0x350d rowsum0_bits=0x643a l0_bits=0x6a59 p_scalar_sum_bits=0x44874d94 reduction_min_bits=0x44071171 reduction_max_bits=0x44077ca1
FIG8_NUMERIC_BLOCK seed=figure8_fixed mode=scna-fp16 layout=serial kv_head=0 block=3 m0_bits=0x350d rowsum0_bits=0x5e2f l0_bits=0x6b1f p_scalar_sum_bits=0x43bf8d10 reduction_min_bits=0x43374a81 reduction_max_bits=0x4347bd41
FIG8_NUMERIC_QK8 seed=figure8_fixed mode=scna-fp16 layout=serial kv_head=0 bits=0x306d,0xb52e,0x253d,0xb402,0x9d9f,0xaea8,0x2bbd,0x2f6e
FIG8_NUMERIC_P8 seed=figure8_fixed mode=scna-fp16 layout=serial kv_head=0 centered_bits=0xb1ad,0xb91e,0xb4b9,0xb888,0xb523,0xb6b7,0xb415,0xb263 p_bits=0x3b82,0x3a38,0x3b2e,0x3a6c,0x3b1b,0x3ad5,0x3b4b,0x3b72
FIG8_ATTENTION_TIMERS mode=scna-fp16 layout=serial phase=measure iteration=0 lut_exp=0 scna_layout=0 scna_width=8 qo_len=16 kv_len=4093 n_heads=12 n_kv_heads=2 head_dim=64 kv_head=0 worker=1 profiled_total=897 q_load=4 k_load=44 v_load=58 qk_dot=3 safe_sm=783 scna_exp=671 state_update=0 rowmax_mem=0 rowsum_reduce=0 rowmax_mem_ticks=0 rowsum_reduce_ticks=0 state_update_ticks=0 param_prepare=0 core_acc=1 o_scale=1 o_store=3
FIG8_NUMERIC seed=figure8_fixed mode=scna-fp16 layout=serial kv_head=0 worker=1 qk0_bits=0xaccb rowmax0_bits=0x3533 rowsum0_bits=0x6436 l0_bits=0x6436 core_o0_bits=0x3aa1 inv_l0_bits=0xc7b scaled_o0_bits=0xb1a p0_first_bits=0x3a8e p0_last_bits=0x0 sum0_first_bits=0x4406c7d1 sum0_last_bits=0x4406c771 masked_p_nonzero=0 tail_p_nonzero=0 scna_clamp_count=0 score_count=4062 centered_score_min=-0.603027344 centered_score_max=0 final_m0_bits=0x3533 final_l0_bits=0x6b16 final_core_o0_bits=0x3a57 p_expected_sum_bits=0x454bbf44 p_max_abs_error_bits=0x3e075400
FIG8_NUMERIC_BLOCK seed=figure8_fixed mode=scna-fp16 layout=serial kv_head=0 block=0 m0_bits=0x3533 rowsum0_bits=0x6436 l0_bits=0x6436 p_scalar_sum_bits=0x4486cc80 reduction_min_bits=0x440686e1 reduction_max_bits=0x44070591
FIG8_NUMERIC_BLOCK seed=figure8_fixed mode=scna-fp16 layout=serial kv_head=0 block=1 m0_bits=0x3533 rowsum0_bits=0x6436 l0_bits=0x6836 p_scalar_sum_bits=0x4486dd78 reduction_min_bits=0x44068fb1 reduction_max_bits=0x44071ee1
FIG8_NUMERIC_BLOCK seed=figure8_fixed mode=scna-fp16 layout=serial kv_head=0 block=2 m0_bits=0x3533 rowsum0_bits=0x6436 l0_bits=0x6a51 p_scalar_sum_bits=0x4486d518 reduction_min_bits=0x44068a31 reduction_max_bits=0x440713b1
FIG8_NUMERIC_BLOCK seed=figure8_fixed mode=scna-fp16 layout=serial kv_head=0 block=3 m0_bits=0x3533 rowsum0_bits=0x5e24 l0_bits=0x6b16 p_scalar_sum_bits=0x43b76e90 reduction_min_bits=0x432a3f01 reduction_max_bits=0x43448cc1
FIG8_NUMERIC_QK8 seed=figure8_fixed mode=scna-fp16 layout=serial kv_head=0 bits=0xaccb,0x346f,0xb1fb,0x30ec,0xb2a0,0x2ea7,0xb053,0x3016
FIG8_NUMERIC_P8 seed=figure8_fixed mode=scna-fp16 layout=serial kv_head=0 centered_bits=0xb666,0xaa20,0xb818,0xb17a,0xb842,0xb312,0xb75c,0xb250 p_bits=0x3ae4,0x3bde,0x3a93,0x3b86,0x3a86,0x3b63,0x3ab9,0x3b73
FIG8_ATTENTION_EVENT_COUNT mode=scna-fp16 qo_len=32 phase=measure iteration=0 events=0 max_events=0 overflow=0
FIG8_ATTENTION_CHECKSUM mode=scna-fp16 layout=serial scna_width=8 seed=figure8_fixed phase=measure iteration=0 checksum=0x5a05fc23de1adb4a
FIG8_ATTENTION_REFERENCE_TIMING reference_mode=host-fp32 qo_len=32 kv_len=4093 n_heads=12 n_kv_heads=2 head_dim=64 elapsed_us=196971 ret=0
FIG8_ATTENTION_COMPARE candidate_mode=scna-fp16 layout=serial scna_width=8 reference_mode=host-fp32 seed=figure8_fixed mask_mode=causal qo_len=32 kv_len=4093 n_heads=12 n_kv_heads=2 head_dim=64 elements=24576 rmse=3.66169697e-05 relative_l2=0.0912477672 max_abs_error=0.000150216511 candidate_nonfinite=0 reference_nonfinite=0 rmse_limit=0.002 max_abs_limit=0.01 pass=1
FIG8_ATTENTION_COMPARE_HEAD seed=figure8_fixed mode=scna-fp16 layout=serial head=0 rmse=3.74916744e-05 max_abs_error=0.000131580688 candidate_first=0.000216722503 reference_first=0.000196684399
FIG8_ATTENTION_COMPARE_HEAD seed=figure8_fixed mode=scna-fp16 layout=serial head=1 rmse=3.9104405e-05 max_abs_error=0.00014163676 candidate_first=0.000269889861 reference_first=0.000264685514
FIG8_ATTENTION_COMPARE_HEAD seed=figure8_fixed mode=scna-fp16 layout=serial head=2 rmse=3.91077774e-05 max_abs_error=0.000149681757 candidate_first=0.000357627898 reference_first=0.000418128271
FIG8_ATTENTION_COMPARE_HEAD seed=figure8_fixed mode=scna-fp16 layout=serial head=3 rmse=3.71040878e-05 max_abs_error=0.000135305745 candidate_first=0.000286579161 reference_first=0.000315945712
FIG8_ATTENTION_COMPARE_HEAD seed=figure8_fixed mode=scna-fp16 layout=serial head=4 rmse=3.85057501e-05 max_abs_error=0.000150216511 candidate_first=0.000216484084 reference_first=0.000181741983
FIG8_ATTENTION_COMPARE_HEAD seed=figure8_fixed mode=scna-fp16 layout=serial head=5 rmse=3.88360386e-05 max_abs_error=0.000149834435 candidate_first=0.000351905852 reference_first=0.000409749598
FIG8_ATTENTION_COMPARE_HEAD seed=figure8_fixed mode=scna-fp16 layout=serial head=6 rmse=3.45267326e-05 max_abs_error=0.000112080597 candidate_first=-0.000215530381 reference_first=-0.000204660522
FIG8_ATTENTION_COMPARE_HEAD seed=figure8_fixed mode=scna-fp16 layout=serial head=7 rmse=3.47949644e-05 max_abs_error=0.000116172712 candidate_first=-0.000208616242 reference_first=-0.000198069334
FIG8_ATTENTION_COMPARE_HEAD seed=figure8_fixed mode=scna-fp16 layout=serial head=8 rmse=3.48917565e-05 max_abs_error=0.000115199888 candidate_first=-0.000281333894 reference_first=-0.00032584992
FIG8_ATTENTION_COMPARE_HEAD seed=figure8_fixed mode=scna-fp16 layout=serial head=9 rmse=3.47996429e-05 max_abs_error=0.000115993083 candidate_first=-0.000264167757 reference_first=-0.000291353907
FIG8_ATTENTION_COMPARE_HEAD seed=figure8_fixed mode=scna-fp16 layout=serial head=10 rmse=3.46261077e-05 max_abs_error=0.000114895374 candidate_first=-0.000212907777 reference_first=-0.000198437891
FIG8_ATTENTION_COMPARE_HEAD seed=figure8_fixed mode=scna-fp16 layout=serial head=11 rmse=3.50369046e-05 max_abs_error=0.000110645487 candidate_first=-0.000267505617 reference_first=-0.000296940474
