FIG8_ATTENTION_CONFIG mode=scna-fp16 layout=serial variant=pair_static_d8 scna_width=8 seed=20260810 mask_mode=causal qo_len=32 kv_len=4096 kv_pad_len=4096 n_heads=12 n_kv_heads=2 head_dim=64 warmup=1 iters=1 q_size=98304 kv_size=1048576 mask_size=262144 profile_size=13568 profile_max_records=24 profile_max_events=0 mode_flags=4197460 print_events=0 workers=0 q_task_rows=0
FIG8_ATTENTION_HOST_TIMING mode=scna-fp16 layout=serial variant=pair_static_d8 workers=0 q_task_rows=0 scna_width=8 seed=20260810 mask_mode=causal qo_len=32 kv_len=4096 n_heads=12 n_kv_heads=2 head_dim=64 phase=warmup iteration=0 host_elapsed_us=1129 ret=0
FIG8_ATTENTION_PROFILE_COUNT mode=scna-fp16 qo_len=32 phase=warmup iteration=0 records=4 max_records=24
FIG8_ATTENTION_WORKERS mode=scna-fp16 variant=pair_static_d8 qo_len=32 phase=warmup iteration=0 requested_workers=0 active_workers=4 hvx_contexts=6 vtcm_worker_cap=8 tasks=4 q_task_rows=16
FIG8_ATTENTION_TIMERS mode=scna-fp16 layout=serial phase=warmup iteration=0 lut_exp=0 scna_layout=0 scna_width=8 qo_len=16 kv_len=4096 n_heads=12 n_kv_heads=2 head_dim=64 kv_head=1 worker=3 profiled_total=504 q_load=4 k_load=48 v_load=35 qk_dot=5 safe_sm=403 scna_exp=267 state_update=0 rowmax_mem=0 rowsum_reduce=0 rowmax_mem_ticks=0 rowsum_reduce_ticks=0 state_update_ticks=0 param_prepare=0 core_acc=3 o_scale=1 o_store=5
FIG8_NUMERIC seed=20260810 mode=scna-fp16 layout=serial kv_head=1 worker=3 qk0_bits=0x0 rowmax0_bits=0x0 rowsum0_bits=0x0 l0_bits=0x0 core_o0_bits=0x0 inv_l0_bits=0x0 scaled_o0_bits=0x0 p0_first_bits=0x0 p0_last_bits=0x0 sum0_first_bits=0x0 sum0_last_bits=0x0 masked_p_nonzero=0 tail_p_nonzero=0 scna_clamp_count=0 score_count=0 centered_score_min=0 centered_score_max=0 final_m0_bits=0x0 final_l0_bits=0x0 final_core_o0_bits=0x0 p_expected_sum_bits=0x0 p_max_abs_error_bits=0x0
FIG8_NUMERIC_QK8 seed=20260810 mode=scna-fp16 layout=serial kv_head=1 bits=0x0,0x0,0x0,0x0,0x0,0x0,0x0,0x0
FIG8_NUMERIC_P8 seed=20260810 mode=scna-fp16 layout=serial kv_head=1 centered_bits=0x0,0x0,0x0,0x0,0x0,0x0,0x0,0x0 p_bits=0x0,0x0,0x0,0x0,0x0,0x0,0x0,0x0
FIG8_ATTENTION_TIMERS mode=scna-fp16 layout=serial phase=warmup iteration=0 lut_exp=0 scna_layout=0 scna_width=8 qo_len=16 kv_len=4096 n_heads=12 n_kv_heads=2 head_dim=64 kv_head=1 worker=2 profiled_total=506 q_load=5 k_load=48 v_load=41 qk_dot=4 safe_sm=395 scna_exp=255 state_update=0 rowmax_mem=0 rowsum_reduce=0 rowmax_mem_ticks=0 rowsum_reduce_ticks=0 state_update_ticks=0 param_prepare=0 core_acc=4 o_scale=2 o_store=7
FIG8_NUMERIC seed=20260810 mode=scna-fp16 layout=serial kv_head=1 worker=2 qk0_bits=0x0 rowmax0_bits=0x0 rowsum0_bits=0x0 l0_bits=0x0 core_o0_bits=0x0 inv_l0_bits=0x0 scaled_o0_bits=0x0 p0_first_bits=0x0 p0_last_bits=0x0 sum0_first_bits=0x0 sum0_last_bits=0x0 masked_p_nonzero=0 tail_p_nonzero=0 scna_clamp_count=0 score_count=0 centered_score_min=0 centered_score_max=0 final_m0_bits=0x0 final_l0_bits=0x0 final_core_o0_bits=0x0 p_expected_sum_bits=0x0 p_max_abs_error_bits=0x0
FIG8_NUMERIC_QK8 seed=20260810 mode=scna-fp16 layout=serial kv_head=1 bits=0x0,0x0,0x0,0x0,0x0,0x0,0x0,0x0
FIG8_NUMERIC_P8 seed=20260810 mode=scna-fp16 layout=serial kv_head=1 centered_bits=0x0,0x0,0x0,0x0,0x0,0x0,0x0,0x0 p_bits=0x0,0x0,0x0,0x0,0x0,0x0,0x0,0x0
FIG8_ATTENTION_TIMERS mode=scna-fp16 layout=serial phase=warmup iteration=0 lut_exp=0 scna_layout=0 scna_width=8 qo_len=16 kv_len=4096 n_heads=12 n_kv_heads=2 head_dim=64 kv_head=0 worker=0 profiled_total=917 q_load=6 k_load=47 v_load=42 qk_dot=6 safe_sm=808 scna_exp=699 state_update=0 rowmax_mem=0 rowsum_reduce=0 rowmax_mem_ticks=0 rowsum_reduce_ticks=0 state_update_ticks=0 param_prepare=0 core_acc=3 o_scale=1 o_store=4
FIG8_NUMERIC seed=20260810 mode=scna-fp16 layout=serial kv_head=0 worker=0 qk0_bits=0x2da4 rowmax0_bits=0x3af5 rowsum0_bits=0x62af l0_bits=0x62af core_o0_bits=0xbcbd inv_l0_bits=0xdd0 scaled_o0_bits=0x9ff1 p0_first_bits=0x388e p0_last_bits=0x0 sum0_first_bits=0x43d5e241 sum0_last_bits=0x43d5e461 masked_p_nonzero=0 tail_p_nonzero=0 scna_clamp_count=0 score_count=4081 centered_score_min=-1.68261719 centered_score_max=0 final_m0_bits=0x3b62 final_l0_bits=0x6977 final_core_o0_bits=0xcd77 p_expected_sum_bits=0x450b3f72 p_max_abs_error_bits=0x3e1c8396
FIG8_NUMERIC_BLOCK seed=20260810 mode=scna-fp16 layout=serial kv_head=0 block=0 m0_bits=0x3af5 rowsum0_bits=0x62af l0_bits=0x62af p_scalar_sum_bits=0x4455b6b8 reduction_min_bits=0x43d4d8c1 reduction_max_bits=0x43d68141
FIG8_NUMERIC_BLOCK seed=20260810 mode=scna-fp16 layout=serial kv_head=0 block=1 m0_bits=0x3af5 rowsum0_bits=0x62a4 l0_bits=0x66aa p_scalar_sum_bits=0x4453e264 reduction_min_bits=0x43d2aed1 reduction_max_bits=0x43d500f1
FIG8_NUMERIC_BLOCK seed=20260810 mode=scna-fp16 layout=serial kv_head=0 block=2 m0_bits=0x3b62 rowsum0_bits=0x626c l0_bits=0x68e0 p_scalar_sum_bits=0x444caa54 reduction_min_bits=0x43cb7151 reduction_max_bits=0x43cdce51
FIG8_NUMERIC_BLOCK seed=20260810 mode=scna-fp16 layout=serial kv_head=0 block=3 m0_bits=0x3b62 rowsum0_bits=0x5cbb l0_bits=0x6977 p_scalar_sum_bits=0x439341e8 reduction_min_bits=0x430d74c1 reduction_max_bits=0x43190001
FIG8_NUMERIC_QK8 seed=20260810 mode=scna-fp16 layout=serial kv_head=0 bits=0x2da4,0x3582,0x22d4,0x21fe,0x3595,0xb605,0x317c,0x2ddd
FIG8_NUMERIC_P8 seed=20260810 mode=scna-fp16 layout=serial kv_head=0 centered_bits=0xba40,0xb834,0xbada,0xbadd,0xb82a,0xbcfc,0xb996,0xba39 p_bits=0x39d4,0x3a8a,0x399e,0x399e,0x3a8e,0x3888,0x3a0f,0x39d6
FIG8_ATTENTION_TIMERS mode=scna-fp16 layout=serial phase=warmup iteration=0 lut_exp=0 scna_layout=0 scna_width=8 qo_len=16 kv_len=4096 n_heads=12 n_kv_heads=2 head_dim=64 kv_head=0 worker=1 profiled_total=916 q_load=4 k_load=46 v_load=50 qk_dot=5 safe_sm=803 scna_exp=698 state_update=0 rowmax_mem=0 rowsum_reduce=0 rowmax_mem_ticks=0 rowsum_reduce_ticks=0 state_update_ticks=0 param_prepare=0 core_acc=3 o_scale=1 o_store=4
FIG8_NUMERIC seed=20260810 mode=scna-fp16 layout=serial kv_head=0 worker=1 qk0_bits=0xb89a rowmax0_bits=0x3c44 rowsum0_bits=0x61ec l0_bits=0x61ec core_o0_bits=0xbaf7 inv_l0_bits=0xe56 scaled_o0_bits=0x9fe0 p0_first_bits=0x3916 p0_last_bits=0x0 sum0_first_bits=0x43bdcba1 sum0_last_bits=0x43bd72c1 masked_p_nonzero=0 tail_p_nonzero=0 scna_clamp_count=0 score_count=4065 centered_score_min=-1.88183594 centered_score_max=0 final_m0_bits=0x3c44 final_l0_bits=0x6903 final_core_o0_bits=0xccf9 p_expected_sum_bits=0x44f4cb18 p_max_abs_error_bits=0x3e1c7f7a
FIG8_NUMERIC_BLOCK seed=20260810 mode=scna-fp16 layout=serial kv_head=0 block=0 m0_bits=0x3c44 rowsum0_bits=0x61ec l0_bits=0x61ec p_scalar_sum_bits=0x443dc410 reduction_min_bits=0x43bc77c1 reduction_max_bits=0x43befde1
FIG8_NUMERIC_BLOCK seed=20260810 mode=scna-fp16 layout=serial kv_head=0 block=1 m0_bits=0x3c44 rowsum0_bits=0x61fb l0_bits=0x65f4 p_scalar_sum_bits=0x443ee2e8 reduction_min_bits=0x43bdf561 reduction_max_bits=0x43bfbb11
FIG8_NUMERIC_BLOCK seed=20260810 mode=scna-fp16 layout=serial kv_head=0 block=2 m0_bits=0x3c44 rowsum0_bits=0x61f6 l0_bits=0x6878 p_scalar_sum_bits=0x443f21f4 reduction_min_bits=0x43be1951 reduction_max_bits=0x43c01721
FIG8_NUMERIC_BLOCK seed=20260810 mode=scna-fp16 layout=serial kv_head=0 block=3 m0_bits=0x3c44 rowsum0_bits=0x5c55 l0_bits=0x6903 p_scalar_sum_bits=0x4382f0f8 reduction_min_bits=0x42f46842 reduction_max_bits=0x430b9e81
FIG8_NUMERIC_QK8 seed=20260810 mode=scna-fp16 layout=serial kv_head=0 bits=0xb89a,0x3548,0xb345,0xb262,0x2fab,0xb09d,0x36cb,0xb851
FIG8_NUMERIC_P8 seed=20260810 mode=scna-fp16 layout=serial kv_head=0 centered_bits=0xbe91,0xb9e4,0xbd2d,0xbd10,0xbb93,0xbcd8,0xb922,0xbe6c p_bits=0x36de,0x39f4,0x3866,0x387a,0x395e,0x38a2,0x3a37,0x3712
FIG8_ATTENTION_EVENT_COUNT mode=scna-fp16 qo_len=32 phase=warmup iteration=0 events=0 max_events=0 overflow=0
FIG8_ATTENTION_CHECKSUM mode=scna-fp16 layout=serial scna_width=8 seed=20260810 phase=warmup iteration=0 checksum=0x43cc85708dab2d6d
FIG8_ATTENTION_HOST_TIMING mode=scna-fp16 layout=serial variant=pair_static_d8 workers=0 q_task_rows=0 scna_width=8 seed=20260810 mask_mode=causal qo_len=32 kv_len=4096 n_heads=12 n_kv_heads=2 head_dim=64 phase=measure iteration=0 host_elapsed_us=1066 ret=0
FIG8_ATTENTION_PROFILE_COUNT mode=scna-fp16 qo_len=32 phase=measure iteration=0 records=4 max_records=24
FIG8_ATTENTION_WORKERS mode=scna-fp16 variant=pair_static_d8 qo_len=32 phase=measure iteration=0 requested_workers=0 active_workers=4 hvx_contexts=6 vtcm_worker_cap=8 tasks=4 q_task_rows=16
FIG8_ATTENTION_TIMERS mode=scna-fp16 layout=serial phase=measure iteration=0 lut_exp=0 scna_layout=0 scna_width=8 qo_len=16 kv_len=4096 n_heads=12 n_kv_heads=2 head_dim=64 kv_head=1 worker=3 profiled_total=480 q_load=4 k_load=55 v_load=39 qk_dot=3 safe_sm=372 scna_exp=242 state_update=0 rowmax_mem=0 rowsum_reduce=0 rowmax_mem_ticks=0 rowsum_reduce_ticks=0 state_update_ticks=0 param_prepare=0 core_acc=1 o_scale=2 o_store=4
FIG8_NUMERIC seed=20260810 mode=scna-fp16 layout=serial kv_head=1 worker=3 qk0_bits=0x0 rowmax0_bits=0x0 rowsum0_bits=0x0 l0_bits=0x0 core_o0_bits=0x0 inv_l0_bits=0x0 scaled_o0_bits=0x0 p0_first_bits=0x0 p0_last_bits=0x0 sum0_first_bits=0x0 sum0_last_bits=0x0 masked_p_nonzero=0 tail_p_nonzero=0 scna_clamp_count=0 score_count=0 centered_score_min=0 centered_score_max=0 final_m0_bits=0x0 final_l0_bits=0x0 final_core_o0_bits=0x0 p_expected_sum_bits=0x0 p_max_abs_error_bits=0x0
FIG8_NUMERIC_QK8 seed=20260810 mode=scna-fp16 layout=serial kv_head=1 bits=0x0,0x0,0x0,0x0,0x0,0x0,0x0,0x0
FIG8_NUMERIC_P8 seed=20260810 mode=scna-fp16 layout=serial kv_head=1 centered_bits=0x0,0x0,0x0,0x0,0x0,0x0,0x0,0x0 p_bits=0x0,0x0,0x0,0x0,0x0,0x0,0x0,0x0
FIG8_ATTENTION_TIMERS mode=scna-fp16 layout=serial phase=measure iteration=0 lut_exp=0 scna_layout=0 scna_width=8 qo_len=16 kv_len=4096 n_heads=12 n_kv_heads=2 head_dim=64 kv_head=1 worker=4 profiled_total=485 q_load=5 k_load=57 v_load=34 qk_dot=5 safe_sm=379 scna_exp=250 state_update=0 rowmax_mem=0 rowsum_reduce=0 rowmax_mem_ticks=0 rowsum_reduce_ticks=0 state_update_ticks=0 param_prepare=0 core_acc=1 o_scale=0 o_store=4
FIG8_NUMERIC seed=20260810 mode=scna-fp16 layout=serial kv_head=1 worker=4 qk0_bits=0x0 rowmax0_bits=0x0 rowsum0_bits=0x0 l0_bits=0x0 core_o0_bits=0x0 inv_l0_bits=0x0 scaled_o0_bits=0x0 p0_first_bits=0x0 p0_last_bits=0x0 sum0_first_bits=0x0 sum0_last_bits=0x0 masked_p_nonzero=0 tail_p_nonzero=0 scna_clamp_count=0 score_count=0 centered_score_min=0 centered_score_max=0 final_m0_bits=0x0 final_l0_bits=0x0 final_core_o0_bits=0x0 p_expected_sum_bits=0x0 p_max_abs_error_bits=0x0
FIG8_NUMERIC_QK8 seed=20260810 mode=scna-fp16 layout=serial kv_head=1 bits=0x0,0x0,0x0,0x0,0x0,0x0,0x0,0x0
FIG8_NUMERIC_P8 seed=20260810 mode=scna-fp16 layout=serial kv_head=1 centered_bits=0x0,0x0,0x0,0x0,0x0,0x0,0x0,0x0 p_bits=0x0,0x0,0x0,0x0,0x0,0x0,0x0,0x0
FIG8_ATTENTION_TIMERS mode=scna-fp16 layout=serial phase=measure iteration=0 lut_exp=0 scna_layout=0 scna_width=8 qo_len=16 kv_len=4096 n_heads=12 n_kv_heads=2 head_dim=64 kv_head=0 worker=2 profiled_total=913 q_load=4 k_load=54 v_load=45 qk_dot=5 safe_sm=796 scna_exp=687 state_update=0 rowmax_mem=0 rowsum_reduce=0 rowmax_mem_ticks=0 rowsum_reduce_ticks=0 state_update_ticks=0 param_prepare=0 core_acc=3 o_scale=1 o_store=5
FIG8_NUMERIC seed=20260810 mode=scna-fp16 layout=serial kv_head=0 worker=2 qk0_bits=0xb89a rowmax0_bits=0x3c44 rowsum0_bits=0x61ec l0_bits=0x61ec core_o0_bits=0xbaf7 inv_l0_bits=0xe56 scaled_o0_bits=0x9fe0 p0_first_bits=0x3916 p0_last_bits=0x0 sum0_first_bits=0x43bdcba1 sum0_last_bits=0x43bd72c1 masked_p_nonzero=0 tail_p_nonzero=0 scna_clamp_count=0 score_count=4065 centered_score_min=-1.88183594 centered_score_max=0 final_m0_bits=0x3c44 final_l0_bits=0x6903 final_core_o0_bits=0xccf9 p_expected_sum_bits=0x44f4cb18 p_max_abs_error_bits=0x3e1c7f7a
FIG8_NUMERIC_BLOCK seed=20260810 mode=scna-fp16 layout=serial kv_head=0 block=0 m0_bits=0x3c44 rowsum0_bits=0x61ec l0_bits=0x61ec p_scalar_sum_bits=0x443dc410 reduction_min_bits=0x43bc77c1 reduction_max_bits=0x43befde1
FIG8_NUMERIC_BLOCK seed=20260810 mode=scna-fp16 layout=serial kv_head=0 block=1 m0_bits=0x3c44 rowsum0_bits=0x61fb l0_bits=0x65f4 p_scalar_sum_bits=0x443ee2e8 reduction_min_bits=0x43bdf561 reduction_max_bits=0x43bfbb11
FIG8_NUMERIC_BLOCK seed=20260810 mode=scna-fp16 layout=serial kv_head=0 block=2 m0_bits=0x3c44 rowsum0_bits=0x61f6 l0_bits=0x6878 p_scalar_sum_bits=0x443f21f4 reduction_min_bits=0x43be1951 reduction_max_bits=0x43c01721
FIG8_NUMERIC_BLOCK seed=20260810 mode=scna-fp16 layout=serial kv_head=0 block=3 m0_bits=0x3c44 rowsum0_bits=0x5c55 l0_bits=0x6903 p_scalar_sum_bits=0x4382f0f8 reduction_min_bits=0x42f46842 reduction_max_bits=0x430b9e81
FIG8_NUMERIC_QK8 seed=20260810 mode=scna-fp16 layout=serial kv_head=0 bits=0xb89a,0x3548,0xb345,0xb262,0x2fab,0xb09d,0x36cb,0xb851
FIG8_NUMERIC_P8 seed=20260810 mode=scna-fp16 layout=serial kv_head=0 centered_bits=0xbe91,0xb9e4,0xbd2d,0xbd10,0xbb93,0xbcd8,0xb922,0xbe6c p_bits=0x36de,0x39f4,0x3866,0x387a,0x395e,0x38a2,0x3a37,0x3712
FIG8_ATTENTION_TIMERS mode=scna-fp16 layout=serial phase=measure iteration=0 lut_exp=0 scna_layout=0 scna_width=8 qo_len=16 kv_len=4096 n_heads=12 n_kv_heads=2 head_dim=64 kv_head=0 worker=5 profiled_total=914 q_load=4 k_load=55 v_load=49 qk_dot=5 safe_sm=793 scna_exp=689 state_update=0 rowmax_mem=0 rowsum_reduce=0 rowmax_mem_ticks=0 rowsum_reduce_ticks=0 state_update_ticks=0 param_prepare=0 core_acc=2 o_scale=1 o_store=5
FIG8_NUMERIC seed=20260810 mode=scna-fp16 layout=serial kv_head=0 worker=5 qk0_bits=0x2da4 rowmax0_bits=0x3af5 rowsum0_bits=0x62af l0_bits=0x62af core_o0_bits=0xbcbd inv_l0_bits=0xdd0 scaled_o0_bits=0x9ff1 p0_first_bits=0x388e p0_last_bits=0x0 sum0_first_bits=0x43d5e241 sum0_last_bits=0x43d5e461 masked_p_nonzero=0 tail_p_nonzero=0 scna_clamp_count=0 score_count=4081 centered_score_min=-1.68261719 centered_score_max=0 final_m0_bits=0x3b62 final_l0_bits=0x6977 final_core_o0_bits=0xcd77 p_expected_sum_bits=0x450b3f72 p_max_abs_error_bits=0x3e1c8396
FIG8_NUMERIC_BLOCK seed=20260810 mode=scna-fp16 layout=serial kv_head=0 block=0 m0_bits=0x3af5 rowsum0_bits=0x62af l0_bits=0x62af p_scalar_sum_bits=0x4455b6b8 reduction_min_bits=0x43d4d8c1 reduction_max_bits=0x43d68141
FIG8_NUMERIC_BLOCK seed=20260810 mode=scna-fp16 layout=serial kv_head=0 block=1 m0_bits=0x3af5 rowsum0_bits=0x62a4 l0_bits=0x66aa p_scalar_sum_bits=0x4453e264 reduction_min_bits=0x43d2aed1 reduction_max_bits=0x43d500f1
FIG8_NUMERIC_BLOCK seed=20260810 mode=scna-fp16 layout=serial kv_head=0 block=2 m0_bits=0x3b62 rowsum0_bits=0x626c l0_bits=0x68e0 p_scalar_sum_bits=0x444caa54 reduction_min_bits=0x43cb7151 reduction_max_bits=0x43cdce51
FIG8_NUMERIC_BLOCK seed=20260810 mode=scna-fp16 layout=serial kv_head=0 block=3 m0_bits=0x3b62 rowsum0_bits=0x5cbb l0_bits=0x6977 p_scalar_sum_bits=0x439341e8 reduction_min_bits=0x430d74c1 reduction_max_bits=0x43190001
FIG8_NUMERIC_QK8 seed=20260810 mode=scna-fp16 layout=serial kv_head=0 bits=0x2da4,0x3582,0x22d4,0x21fe,0x3595,0xb605,0x317c,0x2ddd
FIG8_NUMERIC_P8 seed=20260810 mode=scna-fp16 layout=serial kv_head=0 centered_bits=0xba40,0xb834,0xbada,0xbadd,0xb82a,0xbcfc,0xb996,0xba39 p_bits=0x39d4,0x3a8a,0x399e,0x399e,0x3a8e,0x3888,0x3a0f,0x39d6
FIG8_ATTENTION_EVENT_COUNT mode=scna-fp16 qo_len=32 phase=measure iteration=0 events=0 max_events=0 overflow=0
FIG8_ATTENTION_CHECKSUM mode=scna-fp16 layout=serial scna_width=8 seed=20260810 phase=measure iteration=0 checksum=0x43cc85708dab2d6d
FIG8_ATTENTION_REFERENCE_TIMING reference_mode=host-fp32 qo_len=32 kv_len=4096 n_heads=12 n_kv_heads=2 head_dim=64 elapsed_us=199155 ret=0
FIG8_ATTENTION_COMPARE candidate_mode=scna-fp16 layout=serial scna_width=8 reference_mode=host-fp32 seed=20260810 mask_mode=causal qo_len=32 kv_len=4096 n_heads=12 n_kv_heads=2 head_dim=64 elements=24576 rmse=0.000249713485 relative_l2=0.0563956797 max_abs_error=0.00115174334 candidate_nonfinite=0 reference_nonfinite=0 rmse_limit=0.002 max_abs_limit=0.01 pass=1
FIG8_ATTENTION_COMPARE_HEAD seed=20260810 mode=scna-fp16 layout=serial head=0 rmse=0.000240262802 max_abs_error=0.000934818294 candidate_first=-0.00769042922 reference_first=-0.00761723658
FIG8_ATTENTION_COMPARE_HEAD seed=20260810 mode=scna-fp16 layout=serial head=1 rmse=0.000256009167 max_abs_error=0.00112582766 candidate_first=-0.00814819243 reference_first=-0.00822107866
FIG8_ATTENTION_COMPARE_HEAD seed=20260810 mode=scna-fp16 layout=serial head=2 rmse=0.000241763511 max_abs_error=0.00111957733 candidate_first=-0.00733184768 reference_first=-0.00721160695
FIG8_ATTENTION_COMPARE_HEAD seed=20260810 mode=scna-fp16 layout=serial head=3 rmse=0.000246545475 max_abs_error=0.000863830734 candidate_first=-0.00840759184 reference_first=-0.00853855349
FIG8_ATTENTION_COMPARE_HEAD seed=20260810 mode=scna-fp16 layout=serial head=4 rmse=0.00025346427 max_abs_error=0.000925170491 candidate_first=-0.00868225005 reference_first=-0.00914595928
FIG8_ATTENTION_COMPARE_HEAD seed=20260810 mode=scna-fp16 layout=serial head=5 rmse=0.000254022918 max_abs_error=0.000890593976 candidate_first=-0.00775909377 reference_first=-0.00758975511
FIG8_ATTENTION_COMPARE_HEAD seed=20260810 mode=scna-fp16 layout=serial head=6 rmse=0.00025303138 max_abs_error=0.00115174334 candidate_first=0.000199794784 reference_first=0.000397294847
FIG8_ATTENTION_COMPARE_HEAD seed=20260810 mode=scna-fp16 layout=serial head=7 rmse=0.000249600649 max_abs_error=0.00103126373 candidate_first=-0.000925064029 reference_first=-0.00135411159
FIG8_ATTENTION_COMPARE_HEAD seed=20260810 mode=scna-fp16 layout=serial head=8 rmse=0.000255973864 max_abs_error=0.000804040115 candidate_first=-0.000309467287 reference_first=-0.000462529308
FIG8_ATTENTION_COMPARE_HEAD seed=20260810 mode=scna-fp16 layout=serial head=9 rmse=0.000246134645 max_abs_error=0.000888010487 candidate_first=0.000573158322 reference_first=0.000996795483
FIG8_ATTENTION_COMPARE_HEAD seed=20260810 mode=scna-fp16 layout=serial head=10 rmse=0.000239847475 max_abs_error=0.000843005022 candidate_first=0.000418186217 reference_first=0.000555881765
FIG8_ATTENTION_COMPARE_HEAD seed=20260810 mode=scna-fp16 layout=serial head=11 rmse=0.000258943706 max_abs_error=0.000885667279 candidate_first=-0.000583648623 reference_first=-0.000717872812
