FIG8_ATTENTION_CONFIG mode=scna-fp16 layout=serial variant=pair_static_d8 scna_width=8 seed=figure8_fixed mask_mode=full qo_len=32 kv_len=4096 kv_pad_len=4096 n_heads=12 n_kv_heads=2 head_dim=64 warmup=1 iters=1 q_size=98304 kv_size=1048576 mask_size=262144 profile_size=13568 profile_max_records=24 profile_max_events=0 mode_flags=4197460 print_events=0 workers=0 q_task_rows=0
FIG8_ATTENTION_HOST_TIMING mode=scna-fp16 layout=serial variant=pair_static_d8 workers=0 q_task_rows=0 scna_width=8 seed=figure8_fixed mask_mode=full qo_len=32 kv_len=4096 n_heads=12 n_kv_heads=2 head_dim=64 phase=warmup iteration=0 host_elapsed_us=1097 ret=0
FIG8_ATTENTION_PROFILE_COUNT mode=scna-fp16 qo_len=32 phase=warmup iteration=0 records=4 max_records=24
FIG8_ATTENTION_WORKERS mode=scna-fp16 variant=pair_static_d8 qo_len=32 phase=warmup iteration=0 requested_workers=0 active_workers=4 hvx_contexts=6 vtcm_worker_cap=8 tasks=4 q_task_rows=16
FIG8_ATTENTION_TIMERS mode=scna-fp16 layout=serial phase=warmup iteration=0 lut_exp=0 scna_layout=0 scna_width=8 qo_len=16 kv_len=4096 n_heads=12 n_kv_heads=2 head_dim=64 kv_head=1 worker=2 profiled_total=513 q_load=4 k_load=49 v_load=49 qk_dot=4 safe_sm=395 scna_exp=263 state_update=0 rowmax_mem=0 rowsum_reduce=0 rowmax_mem_ticks=0 rowsum_reduce_ticks=0 state_update_ticks=0 param_prepare=0 core_acc=3 o_scale=2 o_store=7
FIG8_NUMERIC seed=figure8_fixed mode=scna-fp16 layout=serial kv_head=1 worker=2 qk0_bits=0x0 rowmax0_bits=0x0 rowsum0_bits=0x0 l0_bits=0x0 core_o0_bits=0x0 inv_l0_bits=0x0 scaled_o0_bits=0x0 p0_first_bits=0x0 p0_last_bits=0x0 sum0_first_bits=0x0 sum0_last_bits=0x0 masked_p_nonzero=0 tail_p_nonzero=0 scna_clamp_count=0 score_count=0 centered_score_min=0 centered_score_max=0 final_m0_bits=0x0 final_l0_bits=0x0 final_core_o0_bits=0x0 p_expected_sum_bits=0x0 p_max_abs_error_bits=0x0
FIG8_NUMERIC_QK8 seed=figure8_fixed mode=scna-fp16 layout=serial kv_head=1 bits=0x0,0x0,0x0,0x0,0x0,0x0,0x0,0x0
FIG8_NUMERIC_P8 seed=figure8_fixed mode=scna-fp16 layout=serial kv_head=1 centered_bits=0x0,0x0,0x0,0x0,0x0,0x0,0x0,0x0 p_bits=0x0,0x0,0x0,0x0,0x0,0x0,0x0,0x0
FIG8_ATTENTION_TIMERS mode=scna-fp16 layout=serial phase=warmup iteration=0 lut_exp=0 scna_layout=0 scna_width=8 qo_len=16 kv_len=4096 n_heads=12 n_kv_heads=2 head_dim=64 kv_head=1 worker=3 profiled_total=517 q_load=6 k_load=51 v_load=48 qk_dot=4 safe_sm=394 scna_exp=263 state_update=0 rowmax_mem=0 rowsum_reduce=0 rowmax_mem_ticks=0 rowsum_reduce_ticks=0 state_update_ticks=0 param_prepare=0 core_acc=3 o_scale=2 o_store=9
FIG8_NUMERIC seed=figure8_fixed mode=scna-fp16 layout=serial kv_head=1 worker=3 qk0_bits=0x0 rowmax0_bits=0x0 rowsum0_bits=0x0 l0_bits=0x0 core_o0_bits=0x0 inv_l0_bits=0x0 scaled_o0_bits=0x0 p0_first_bits=0x0 p0_last_bits=0x0 sum0_first_bits=0x0 sum0_last_bits=0x0 masked_p_nonzero=0 tail_p_nonzero=0 scna_clamp_count=0 score_count=0 centered_score_min=0 centered_score_max=0 final_m0_bits=0x0 final_l0_bits=0x0 final_core_o0_bits=0x0 p_expected_sum_bits=0x0 p_max_abs_error_bits=0x0
FIG8_NUMERIC_QK8 seed=figure8_fixed mode=scna-fp16 layout=serial kv_head=1 bits=0x0,0x0,0x0,0x0,0x0,0x0,0x0,0x0
FIG8_NUMERIC_P8 seed=figure8_fixed mode=scna-fp16 layout=serial kv_head=1 centered_bits=0x0,0x0,0x0,0x0,0x0,0x0,0x0,0x0 p_bits=0x0,0x0,0x0,0x0,0x0,0x0,0x0,0x0
FIG8_ATTENTION_TIMERS mode=scna-fp16 layout=serial phase=warmup iteration=0 lut_exp=0 scna_layout=0 scna_width=8 qo_len=16 kv_len=4096 n_heads=12 n_kv_heads=2 head_dim=64 kv_head=0 worker=0 profiled_total=861 q_load=5 k_load=43 v_load=42 qk_dot=5 safe_sm=760 scna_exp=658 state_update=0 rowmax_mem=0 rowsum_reduce=0 rowmax_mem_ticks=0 rowsum_reduce_ticks=0 state_update_ticks=0 param_prepare=0 core_acc=1 o_scale=1 o_store=4
FIG8_NUMERIC seed=figure8_fixed mode=scna-fp16 layout=serial kv_head=0 worker=0 qk0_bits=0xaccb rowmax0_bits=0x3533 rowsum0_bits=0x6436 l0_bits=0x6436 core_o0_bits=0x3aa1 inv_l0_bits=0xc7b scaled_o0_bits=0xd66 p0_first_bits=0x3a8e p0_last_bits=0x3af3 sum0_first_bits=0x4406c7d1 sum0_last_bits=0x4406c771 masked_p_nonzero=0 tail_p_nonzero=0 scna_clamp_count=0 score_count=4096 centered_score_min=-0.603027344 centered_score_max=0 final_m0_bits=0x3533 final_l0_bits=0x6b17 final_core_o0_bits=0x3cd2 p_expected_sum_bits=0x454d7777 p_max_abs_error_bits=0x3e075400
FIG8_NUMERIC_BLOCK seed=figure8_fixed mode=scna-fp16 layout=serial kv_head=0 block=0 m0_bits=0x3533 rowsum0_bits=0x6436 l0_bits=0x6436 p_scalar_sum_bits=0x4486cc80 reduction_min_bits=0x440686e1 reduction_max_bits=0x44070591
FIG8_NUMERIC_BLOCK seed=figure8_fixed mode=scna-fp16 layout=serial kv_head=0 block=1 m0_bits=0x3533 rowsum0_bits=0x6436 l0_bits=0x6836 p_scalar_sum_bits=0x4486dd78 reduction_min_bits=0x44068fb1 reduction_max_bits=0x44071ee1
FIG8_NUMERIC_BLOCK seed=figure8_fixed mode=scna-fp16 layout=serial kv_head=0 block=2 m0_bits=0x3533 rowsum0_bits=0x6436 l0_bits=0x6a51 p_scalar_sum_bits=0x4486d518 reduction_min_bits=0x44068a31 reduction_max_bits=0x440713b1
FIG8_NUMERIC_BLOCK seed=figure8_fixed mode=scna-fp16 layout=serial kv_head=0 block=3 m0_bits=0x3533 rowsum0_bits=0x5e32 l0_bits=0x6b17 p_scalar_sum_bits=0x43c69ab0 reduction_min_bits=0x43461c01 reduction_max_bits=0x43470701
FIG8_NUMERIC_QK8 seed=figure8_fixed mode=scna-fp16 layout=serial kv_head=0 bits=0xaccb,0x346f,0xb1fb,0x30ec,0xb2a0,0x2ea7,0xb053,0x3016
FIG8_NUMERIC_P8 seed=figure8_fixed mode=scna-fp16 layout=serial kv_head=0 centered_bits=0xb666,0xaa20,0xb818,0xb17a,0xb842,0xb312,0xb75c,0xb250 p_bits=0x3ae4,0x3bde,0x3a93,0x3b86,0x3a86,0x3b63,0x3ab9,0x3b73
FIG8_ATTENTION_TIMERS mode=scna-fp16 layout=serial phase=warmup iteration=0 lut_exp=0 scna_layout=0 scna_width=8 qo_len=16 kv_len=4096 n_heads=12 n_kv_heads=2 head_dim=64 kv_head=0 worker=1 profiled_total=915 q_load=4 k_load=41 v_load=60 qk_dot=7 safe_sm=797 scna_exp=689 state_update=0 rowmax_mem=0 rowsum_reduce=0 rowmax_mem_ticks=0 rowsum_reduce_ticks=0 state_update_ticks=0 param_prepare=0 core_acc=2 o_scale=1 o_store=3
FIG8_NUMERIC seed=figure8_fixed mode=scna-fp16 layout=serial kv_head=0 worker=1 qk0_bits=0x306d rowmax0_bits=0x350d rowsum0_bits=0x643b l0_bits=0x643b core_o0_bits=0x3a9c inv_l0_bits=0xc75 scaled_o0_bits=0xf83 p0_first_bits=0x3b0a p0_last_bits=0x3bff sum0_first_bits=0x44074d61 sum0_last_bits=0x44075f71 masked_p_nonzero=0 tail_p_nonzero=0 scna_clamp_count=0 score_count=4096 centered_score_min=-0.639404297 centered_score_max=0 final_m0_bits=0x350d final_l0_bits=0x6b21 final_core_o0_bits=0x3ebe p_expected_sum_bits=0x454ea29e p_max_abs_error_bits=0x3e0b0ee0
FIG8_NUMERIC_BLOCK seed=figure8_fixed mode=scna-fp16 layout=serial kv_head=0 block=0 m0_bits=0x350d rowsum0_bits=0x643b l0_bits=0x643b p_scalar_sum_bits=0x44875150 reduction_min_bits=0x44071bf1 reduction_max_bits=0x44077971
FIG8_NUMERIC_BLOCK seed=figure8_fixed mode=scna-fp16 layout=serial kv_head=0 block=1 m0_bits=0x350d rowsum0_bits=0x643c l0_bits=0x683c p_scalar_sum_bits=0x448751cc reduction_min_bits=0x440715c1 reduction_max_bits=0x440780c1
FIG8_NUMERIC_BLOCK seed=figure8_fixed mode=scna-fp16 layout=serial kv_head=0 block=2 m0_bits=0x350d rowsum0_bits=0x643a l0_bits=0x6a59 p_scalar_sum_bits=0x44874d94 reduction_min_bits=0x44071171 reduction_max_bits=0x44077ca1
FIG8_NUMERIC_BLOCK seed=figure8_fixed mode=scna-fp16 layout=serial kv_head=0 block=3 m0_bits=0x350d rowsum0_bits=0x5e3d l0_bits=0x6b21 p_scalar_sum_bits=0x43c78c50 reduction_min_bits=0x43472bc1 reduction_max_bits=0x4347d981
FIG8_NUMERIC_QK8 seed=figure8_fixed mode=scna-fp16 layout=serial kv_head=0 bits=0x306d,0xb52e,0x253d,0xb402,0x9d9f,0xaea8,0x2bbd,0x2f6e
FIG8_NUMERIC_P8 seed=figure8_fixed mode=scna-fp16 layout=serial kv_head=0 centered_bits=0xb1ad,0xb91e,0xb4b9,0xb888,0xb523,0xb6b7,0xb415,0xb263 p_bits=0x3b82,0x3a38,0x3b2e,0x3a6c,0x3b1b,0x3ad5,0x3b4b,0x3b72
FIG8_ATTENTION_EVENT_COUNT mode=scna-fp16 qo_len=32 phase=warmup iteration=0 events=0 max_events=0 overflow=0
FIG8_ATTENTION_CHECKSUM mode=scna-fp16 layout=serial scna_width=8 seed=figure8_fixed phase=warmup iteration=0 checksum=0x2174c14db5714910
FIG8_ATTENTION_HOST_TIMING mode=scna-fp16 layout=serial variant=pair_static_d8 workers=0 q_task_rows=0 scna_width=8 seed=figure8_fixed mask_mode=full qo_len=32 kv_len=4096 n_heads=12 n_kv_heads=2 head_dim=64 phase=measure iteration=0 host_elapsed_us=1046 ret=0
FIG8_ATTENTION_PROFILE_COUNT mode=scna-fp16 qo_len=32 phase=measure iteration=0 records=4 max_records=24
FIG8_ATTENTION_WORKERS mode=scna-fp16 variant=pair_static_d8 qo_len=32 phase=measure iteration=0 requested_workers=0 active_workers=4 hvx_contexts=6 vtcm_worker_cap=8 tasks=4 q_task_rows=16
FIG8_ATTENTION_TIMERS mode=scna-fp16 layout=serial phase=measure iteration=0 lut_exp=0 scna_layout=0 scna_width=8 qo_len=16 kv_len=4096 n_heads=12 n_kv_heads=2 head_dim=64 kv_head=1 worker=4 profiled_total=483 q_load=4 k_load=52 v_load=38 qk_dot=3 safe_sm=380 scna_exp=244 state_update=0 rowmax_mem=0 rowsum_reduce=0 rowmax_mem_ticks=0 rowsum_reduce_ticks=0 state_update_ticks=0 param_prepare=0 core_acc=0 o_scale=2 o_store=4
FIG8_NUMERIC seed=figure8_fixed mode=scna-fp16 layout=serial kv_head=1 worker=4 qk0_bits=0x0 rowmax0_bits=0x0 rowsum0_bits=0x0 l0_bits=0x0 core_o0_bits=0x0 inv_l0_bits=0x0 scaled_o0_bits=0x0 p0_first_bits=0x0 p0_last_bits=0x0 sum0_first_bits=0x0 sum0_last_bits=0x0 masked_p_nonzero=0 tail_p_nonzero=0 scna_clamp_count=0 score_count=0 centered_score_min=0 centered_score_max=0 final_m0_bits=0x0 final_l0_bits=0x0 final_core_o0_bits=0x0 p_expected_sum_bits=0x0 p_max_abs_error_bits=0x0
FIG8_NUMERIC_QK8 seed=figure8_fixed mode=scna-fp16 layout=serial kv_head=1 bits=0x0,0x0,0x0,0x0,0x0,0x0,0x0,0x0
FIG8_NUMERIC_P8 seed=figure8_fixed mode=scna-fp16 layout=serial kv_head=1 centered_bits=0x0,0x0,0x0,0x0,0x0,0x0,0x0,0x0 p_bits=0x0,0x0,0x0,0x0,0x0,0x0,0x0,0x0
FIG8_ATTENTION_TIMERS mode=scna-fp16 layout=serial phase=measure iteration=0 lut_exp=0 scna_layout=0 scna_width=8 qo_len=16 kv_len=4096 n_heads=12 n_kv_heads=2 head_dim=64 kv_head=1 worker=2 profiled_total=484 q_load=5 k_load=53 v_load=33 qk_dot=4 safe_sm=382 scna_exp=255 state_update=0 rowmax_mem=0 rowsum_reduce=0 rowmax_mem_ticks=0 rowsum_reduce_ticks=0 state_update_ticks=0 param_prepare=0 core_acc=3 o_scale=0 o_store=4
FIG8_NUMERIC seed=figure8_fixed mode=scna-fp16 layout=serial kv_head=1 worker=2 qk0_bits=0x0 rowmax0_bits=0x0 rowsum0_bits=0x0 l0_bits=0x0 core_o0_bits=0x0 inv_l0_bits=0x0 scaled_o0_bits=0x0 p0_first_bits=0x0 p0_last_bits=0x0 sum0_first_bits=0x0 sum0_last_bits=0x0 masked_p_nonzero=0 tail_p_nonzero=0 scna_clamp_count=0 score_count=0 centered_score_min=0 centered_score_max=0 final_m0_bits=0x0 final_l0_bits=0x0 final_core_o0_bits=0x0 p_expected_sum_bits=0x0 p_max_abs_error_bits=0x0
FIG8_NUMERIC_QK8 seed=figure8_fixed mode=scna-fp16 layout=serial kv_head=1 bits=0x0,0x0,0x0,0x0,0x0,0x0,0x0,0x0
FIG8_NUMERIC_P8 seed=figure8_fixed mode=scna-fp16 layout=serial kv_head=1 centered_bits=0x0,0x0,0x0,0x0,0x0,0x0,0x0,0x0 p_bits=0x0,0x0,0x0,0x0,0x0,0x0,0x0,0x0
FIG8_ATTENTION_TIMERS mode=scna-fp16 layout=serial phase=measure iteration=0 lut_exp=0 scna_layout=0 scna_width=8 qo_len=16 kv_len=4096 n_heads=12 n_kv_heads=2 head_dim=64 kv_head=0 worker=3 profiled_total=895 q_load=5 k_load=50 v_load=45 qk_dot=5 safe_sm=783 scna_exp=680 state_update=0 rowmax_mem=0 rowsum_reduce=0 rowmax_mem_ticks=0 rowsum_reduce_ticks=0 state_update_ticks=0 param_prepare=0 core_acc=2 o_scale=1 o_store=4
FIG8_NUMERIC seed=figure8_fixed mode=scna-fp16 layout=serial kv_head=0 worker=3 qk0_bits=0xaccb rowmax0_bits=0x3533 rowsum0_bits=0x6436 l0_bits=0x6436 core_o0_bits=0x3aa1 inv_l0_bits=0xc7b scaled_o0_bits=0xd66 p0_first_bits=0x3a8e p0_last_bits=0x3af3 sum0_first_bits=0x4406c7d1 sum0_last_bits=0x4406c771 masked_p_nonzero=0 tail_p_nonzero=0 scna_clamp_count=0 score_count=4096 centered_score_min=-0.603027344 centered_score_max=0 final_m0_bits=0x3533 final_l0_bits=0x6b17 final_core_o0_bits=0x3cd2 p_expected_sum_bits=0x454d7777 p_max_abs_error_bits=0x3e075400
FIG8_NUMERIC_BLOCK seed=figure8_fixed mode=scna-fp16 layout=serial kv_head=0 block=0 m0_bits=0x3533 rowsum0_bits=0x6436 l0_bits=0x6436 p_scalar_sum_bits=0x4486cc80 reduction_min_bits=0x440686e1 reduction_max_bits=0x44070591
FIG8_NUMERIC_BLOCK seed=figure8_fixed mode=scna-fp16 layout=serial kv_head=0 block=1 m0_bits=0x3533 rowsum0_bits=0x6436 l0_bits=0x6836 p_scalar_sum_bits=0x4486dd78 reduction_min_bits=0x44068fb1 reduction_max_bits=0x44071ee1
FIG8_NUMERIC_BLOCK seed=figure8_fixed mode=scna-fp16 layout=serial kv_head=0 block=2 m0_bits=0x3533 rowsum0_bits=0x6436 l0_bits=0x6a51 p_scalar_sum_bits=0x4486d518 reduction_min_bits=0x44068a31 reduction_max_bits=0x440713b1
FIG8_NUMERIC_BLOCK seed=figure8_fixed mode=scna-fp16 layout=serial kv_head=0 block=3 m0_bits=0x3533 rowsum0_bits=0x5e32 l0_bits=0x6b17 p_scalar_sum_bits=0x43c69ab0 reduction_min_bits=0x43461c01 reduction_max_bits=0x43470701
FIG8_NUMERIC_QK8 seed=figure8_fixed mode=scna-fp16 layout=serial kv_head=0 bits=0xaccb,0x346f,0xb1fb,0x30ec,0xb2a0,0x2ea7,0xb053,0x3016
FIG8_NUMERIC_P8 seed=figure8_fixed mode=scna-fp16 layout=serial kv_head=0 centered_bits=0xb666,0xaa20,0xb818,0xb17a,0xb842,0xb312,0xb75c,0xb250 p_bits=0x3ae4,0x3bde,0x3a93,0x3b86,0x3a86,0x3b63,0x3ab9,0x3b73
FIG8_ATTENTION_TIMERS mode=scna-fp16 layout=serial phase=measure iteration=0 lut_exp=0 scna_layout=0 scna_width=8 qo_len=16 kv_len=4096 n_heads=12 n_kv_heads=2 head_dim=64 kv_head=0 worker=5 profiled_total=894 q_load=5 k_load=50 v_load=43 qk_dot=3 safe_sm=784 scna_exp=679 state_update=0 rowmax_mem=0 rowsum_reduce=0 rowmax_mem_ticks=0 rowsum_reduce_ticks=0 state_update_ticks=0 param_prepare=0 core_acc=4 o_scale=1 o_store=4
FIG8_NUMERIC seed=figure8_fixed mode=scna-fp16 layout=serial kv_head=0 worker=5 qk0_bits=0x306d rowmax0_bits=0x350d rowsum0_bits=0x643b l0_bits=0x643b core_o0_bits=0x3a9c inv_l0_bits=0xc75 scaled_o0_bits=0xf83 p0_first_bits=0x3b0a p0_last_bits=0x3bff sum0_first_bits=0x44074d61 sum0_last_bits=0x44075f71 masked_p_nonzero=0 tail_p_nonzero=0 scna_clamp_count=0 score_count=4096 centered_score_min=-0.639404297 centered_score_max=0 final_m0_bits=0x350d final_l0_bits=0x6b21 final_core_o0_bits=0x3ebe p_expected_sum_bits=0x454ea29e p_max_abs_error_bits=0x3e0b0ee0
FIG8_NUMERIC_BLOCK seed=figure8_fixed mode=scna-fp16 layout=serial kv_head=0 block=0 m0_bits=0x350d rowsum0_bits=0x643b l0_bits=0x643b p_scalar_sum_bits=0x44875150 reduction_min_bits=0x44071bf1 reduction_max_bits=0x44077971
FIG8_NUMERIC_BLOCK seed=figure8_fixed mode=scna-fp16 layout=serial kv_head=0 block=1 m0_bits=0x350d rowsum0_bits=0x643c l0_bits=0x683c p_scalar_sum_bits=0x448751cc reduction_min_bits=0x440715c1 reduction_max_bits=0x440780c1
FIG8_NUMERIC_BLOCK seed=figure8_fixed mode=scna-fp16 layout=serial kv_head=0 block=2 m0_bits=0x350d rowsum0_bits=0x643a l0_bits=0x6a59 p_scalar_sum_bits=0x44874d94 reduction_min_bits=0x44071171 reduction_max_bits=0x44077ca1
FIG8_NUMERIC_BLOCK seed=figure8_fixed mode=scna-fp16 layout=serial kv_head=0 block=3 m0_bits=0x350d rowsum0_bits=0x5e3d l0_bits=0x6b21 p_scalar_sum_bits=0x43c78c50 reduction_min_bits=0x43472bc1 reduction_max_bits=0x4347d981
FIG8_NUMERIC_QK8 seed=figure8_fixed mode=scna-fp16 layout=serial kv_head=0 bits=0x306d,0xb52e,0x253d,0xb402,0x9d9f,0xaea8,0x2bbd,0x2f6e
FIG8_NUMERIC_P8 seed=figure8_fixed mode=scna-fp16 layout=serial kv_head=0 centered_bits=0xb1ad,0xb91e,0xb4b9,0xb888,0xb523,0xb6b7,0xb415,0xb263 p_bits=0x3b82,0x3a38,0x3b2e,0x3a6c,0x3b1b,0x3ad5,0x3b4b,0x3b72
FIG8_ATTENTION_EVENT_COUNT mode=scna-fp16 qo_len=32 phase=measure iteration=0 events=0 max_events=0 overflow=0
FIG8_ATTENTION_CHECKSUM mode=scna-fp16 layout=serial scna_width=8 seed=figure8_fixed phase=measure iteration=0 checksum=0x2174c14db5714910
FIG8_ATTENTION_REFERENCE_TIMING reference_mode=host-fp32 qo_len=32 kv_len=4096 n_heads=12 n_kv_heads=2 head_dim=64 elapsed_us=183629 ret=0
FIG8_ATTENTION_COMPARE candidate_mode=scna-fp16 layout=serial scna_width=8 reference_mode=host-fp32 seed=figure8_fixed mask_mode=full qo_len=32 kv_len=4096 n_heads=12 n_kv_heads=2 head_dim=64 elements=24576 rmse=3.51602503e-05 relative_l2=0.102549762 max_abs_error=0.00012809824 candidate_nonfinite=0 reference_nonfinite=0 rmse_limit=0.002 max_abs_limit=0.01 pass=1
FIG8_ATTENTION_COMPARE_HEAD seed=figure8_fixed mode=scna-fp16 layout=serial head=0 rmse=3.54949007e-05 max_abs_error=0.00012809824 candidate_first=0.000329494505 reference_first=0.00029484788
FIG8_ATTENTION_COMPARE_HEAD seed=figure8_fixed mode=scna-fp16 layout=serial head=1 rmse=3.62017345e-05 max_abs_error=0.00012809824 candidate_first=0.000394344359 reference_first=0.000380504614
FIG8_ATTENTION_COMPARE_HEAD seed=figure8_fixed mode=scna-fp16 layout=serial head=2 rmse=3.71451861e-05 max_abs_error=0.000128000305 candidate_first=0.000483989745 reference_first=0.000538572029
FIG8_ATTENTION_COMPARE_HEAD seed=figure8_fixed mode=scna-fp16 layout=serial head=3 rmse=3.57852259e-05 max_abs_error=0.000119902543 candidate_first=0.000414848357 reference_first=0.000442390214
FIG8_ATTENTION_COMPARE_HEAD seed=figure8_fixed mode=scna-fp16 layout=serial head=4 rmse=3.63260115e-05 max_abs_error=0.00012256937 candidate_first=0.0003538132 reference_first=0.000322225533
FIG8_ATTENTION_COMPARE_HEAD seed=figure8_fixed mode=scna-fp16 layout=serial head=5 rmse=3.62523278e-05 max_abs_error=0.00012256937 candidate_first=0.000477790862 reference_first=0.000534152379
FIG8_ATTENTION_COMPARE_HEAD seed=figure8_fixed mode=scna-fp16 layout=serial head=6 rmse=3.36933481e-05 max_abs_error=0.000100705423 candidate_first=-0.000271320314 reference_first=-0.000247762626
FIG8_ATTENTION_COMPARE_HEAD seed=figure8_fixed mode=scna-fp16 layout=serial head=7 rmse=3.47053465e-05 max_abs_error=0.000109554094 candidate_first=-0.000286102266 reference_first=-0.000279748056
FIG8_ATTENTION_COMPARE_HEAD seed=figure8_fixed mode=scna-fp16 layout=serial head=8 rmse=3.38076752e-05 max_abs_error=0.000106507447 candidate_first=-0.000343799562 reference_first=-0.000380455982
FIG8_ATTENTION_COMPARE_HEAD seed=figure8_fixed mode=scna-fp16 layout=serial head=9 rmse=3.38239442e-05 max_abs_error=0.000101741927 candidate_first=-0.000326633424 reference_first=-0.000344629516
FIG8_ATTENTION_COMPARE_HEAD seed=figure8_fixed mode=scna-fp16 layout=serial head=10 rmse=3.46693996e-05 max_abs_error=0.000108183362 candidate_first=-0.000287532777 reference_first=-0.000274702121
FIG8_ATTENTION_COMPARE_HEAD seed=figure8_fixed mode=scna-fp16 layout=serial head=11 rmse=3.37878664e-05 max_abs_error=0.000108183362 candidate_first=-0.000329494447 reference_first=-0.000351346243
