alloc_shared_mem_buf: buf=0x72efc88000 fd=12 size=24576 flags=FASTRPC_MAP_FD
alloc_shared_mem_buf: buf=0x7052400000 fd=13 size=2095616 flags=FASTRPC_MAP_FD
alloc_shared_mem_buf: buf=0x7052200000 fd=14 size=2095616 flags=FASTRPC_MAP_FD
alloc_shared_mem_buf: buf=0x72efbcb000 fd=15 size=24576 flags=FASTRPC_MAP_FD
alloc_shared_mem_buf: buf=0x72efbc3000 fd=16 size=32768 flags=FASTRPC_MAP_FD
alloc_shared_mem_buf: buf=0x72ef860000 fd=17 size=234240 flags=FASTRPC_MAP_FD
alloc_shared_mem_buf: buf=0x72efe08000 fd=18 size=4096 flags=FASTRPC_MAP_FD
No-op channel request completed
FIG8_ATTENTION_CONFIG mode=scna-int8 scna_function=exp2 scna_kernel=tree scna_pipeline=on mask_mode=causal qo_len=4 kv_len=4093 n_heads=12 n_kv_heads=2 head_dim=128 warmup=1 iters=1 scna_width=32 q_size=24576 kv_size=2095616 mask_size=32768 profile_size=234240 profile_max_records=10 profile_max_events=3224 mode_flags=3176 print_events=0
FIG8_ATTENTION_HOST_TIMING mode=scna-int8 scna_function=exp2 scna_kernel=tree scna_pipeline=on scna_width=32 qo_len=4 kv_len=4093 n_heads=12 n_kv_heads=2 head_dim=128 phase=warmup iteration=0 host_elapsed_us=879 ret=0
FIG8_ATTENTION_PROFILE_COUNT mode=scna-int8 qo_len=4 phase=warmup iteration=0 records=2 max_records=10
FIG8_ATTENTION_TIMERS mode=scna-int8 scna_function=0 scna_kernel=1 scna_pipeline=1 phase=warmup iteration=0 lut_exp=0 nonlinear_mode=2 scna_width=32 scna_exp=126 qo_len=4 kv_len=4093 n_heads=12 n_kv_heads=2 head_dim=128 kv_head=0 worker=0 profiled_total=286 q_load=1 k_load=66 v_load=50 qk_dot=2 safe_sm=161 core_acc=2 o_scale=1 o_store=3 kv_dma_issue=5 kv_dma_wait=12 kv_transform=96
FIG8_NUMERIC kv_head=0 rowsum0_bits=0x6706 l0_bits=0x6706 core_o0_bits=0x4290 inv_l0_bits=0x1088 scaled_o0_bits=0x176f p0_first_bits=0x3ab1 p0_last_bits=0x0 sum0_first_bits=0x42e26e01 sum0_last_bits=0x44e0ca81
FIG8_ATTENTION_TIMERS mode=scna-int8 scna_function=0 scna_kernel=1 scna_pipeline=1 phase=warmup iteration=0 lut_exp=0 nonlinear_mode=2 scna_width=32 scna_exp=121 qo_len=4 kv_len=4093 n_heads=12 n_kv_heads=2 head_dim=128 kv_head=1 worker=0 profiled_total=269 q_load=1 k_load=66 v_load=49 qk_dot=2 safe_sm=148 core_acc=1 o_scale=1 o_store=1 kv_dma_issue=5 kv_dma_wait=9 kv_transform=97
FIG8_NUMERIC kv_head=1 rowsum0_bits=0x0 l0_bits=0x0 core_o0_bits=0x0 inv_l0_bits=0x0 scaled_o0_bits=0x0 p0_first_bits=0x0 p0_last_bits=0x0 sum0_first_bits=0x0 sum0_last_bits=0x0
FIG8_ATTENTION_EVENT_COUNT mode=scna-int8 qo_len=4 phase=warmup iteration=0 events=16 max_events=3224 overflow=0
FIG8_ATTENTION_HOST_TIMING mode=scna-int8 scna_function=exp2 scna_kernel=tree scna_pipeline=on scna_width=32 qo_len=4 kv_len=4093 n_heads=12 n_kv_heads=2 head_dim=128 phase=measure iteration=0 host_elapsed_us=769 ret=0
FIG8_ATTENTION_PROFILE_COUNT mode=scna-int8 qo_len=4 phase=measure iteration=0 records=2 max_records=10
FIG8_ATTENTION_TIMERS mode=scna-int8 scna_function=0 scna_kernel=1 scna_pipeline=1 phase=measure iteration=0 lut_exp=0 nonlinear_mode=2 scna_width=32 scna_exp=112 qo_len=4 kv_len=4093 n_heads=12 n_kv_heads=2 head_dim=128 kv_head=0 worker=0 profiled_total=260 q_load=1 k_load=65 v_load=50 qk_dot=2 safe_sm=139 core_acc=1 o_scale=1 o_store=1 kv_dma_issue=5 kv_dma_wait=10 kv_transform=96
FIG8_NUMERIC kv_head=0 rowsum0_bits=0x6706 l0_bits=0x6706 core_o0_bits=0x4290 inv_l0_bits=0x1088 scaled_o0_bits=0x176f p0_first_bits=0x3ab1 p0_last_bits=0x0 sum0_first_bits=0x42e26e01 sum0_last_bits=0x44e0ca81
FIG8_ATTENTION_TIMERS mode=scna-int8 scna_function=0 scna_kernel=1 scna_pipeline=1 phase=measure iteration=0 lut_exp=0 nonlinear_mode=2 scna_width=32 scna_exp=113 qo_len=4 kv_len=4093 n_heads=12 n_kv_heads=2 head_dim=128 kv_head=1 worker=0 profiled_total=247 q_load=1 k_load=65 v_load=49 qk_dot=1 safe_sm=129 core_acc=1 o_scale=0 o_store=1 kv_dma_issue=5 kv_dma_wait=9 kv_transform=96
FIG8_NUMERIC kv_head=1 rowsum0_bits=0x0 l0_bits=0x0 core_o0_bits=0x0 inv_l0_bits=0x0 scaled_o0_bits=0x0 p0_first_bits=0x0 p0_last_bits=0x0 sum0_first_bits=0x0 sum0_last_bits=0x0
FIG8_ATTENTION_EVENT_COUNT mode=scna-int8 qo_len=4 phase=measure iteration=0 events=16 max_events=3224 overflow=0
FIG8_ATTENTION_PIPELINE_COMPARE mode=scna-int8 function=exp2 kernel=tree selected_pipeline=on width=32 qo_len=4 kv_len=4093 n_heads=12 n_kv_heads=2 head_dim=128 elements=6144 byte_mismatches=0 rmse=0 max_abs_error=0 candidate_nonfinite=0 alternate_nonfinite=0 gate=pass ret=0
FIG8_ATTENTION_REFERENCE_TIMING reference_mode=host-fp32 qo_len=4 kv_len=4093 n_heads=12 n_kv_heads=2 head_dim=128 elapsed_us=60109 ret=0
FIG8_ATTENTION_COMPARE candidate_mode=scna-int8 scna_function=exp2 scna_kernel=tree scna_pipeline=on scna_width=32 reference_mode=host-fp32 qo_len=4 kv_len=4093 n_heads=12 n_kv_heads=2 head_dim=128 elements=6144 rmse=0.000833431 relative_l2=1.17231 max_abs_error=0.00230026 max_rel_error=687.254 candidate_rms=0.00148701 reference_rms=0.00071093 candidate_max_abs=0.00361633 reference_max_abs=0.0015175 candidate_nonfinite=0 reference_nonfinite=0 ret=0
