alloc_shared_mem_buf: buf=0x7def854000 fd=12 size=24576 flags=FASTRPC_MAP_FD
alloc_shared_mem_buf: buf=0x7b52200000 fd=13 size=2095616 flags=FASTRPC_MAP_FD
alloc_shared_mem_buf: buf=0x7b52000000 fd=14 size=2095616 flags=FASTRPC_MAP_FD
alloc_shared_mem_buf: buf=0x7def727000 fd=15 size=24576 flags=FASTRPC_MAP_FD
alloc_shared_mem_buf: buf=0x7def71f000 fd=16 size=32768 flags=FASTRPC_MAP_FD
alloc_shared_mem_buf: buf=0x7dee410000 fd=17 size=234240 flags=FASTRPC_MAP_FD
alloc_shared_mem_buf: buf=0x7def9d4000 fd=18 size=4096 flags=FASTRPC_MAP_FD
No-op channel request completed
FIG8_ATTENTION_CONFIG mode=scna-fp16 scna_function=exp scna_kernel=tree scna_pipeline=on mask_mode=causal qo_len=4 kv_len=4093 n_heads=12 n_kv_heads=2 head_dim=128 warmup=1 iters=1 scna_width=16 q_size=24576 kv_size=2095616 mask_size=32768 profile_size=234240 profile_max_records=10 profile_max_events=3224 mode_flags=3268 print_events=0
FIG8_ATTENTION_HOST_TIMING mode=scna-fp16 scna_function=exp scna_kernel=tree scna_pipeline=on scna_width=16 qo_len=4 kv_len=4093 n_heads=12 n_kv_heads=2 head_dim=128 phase=warmup iteration=0 host_elapsed_us=834 ret=0
FIG8_ATTENTION_PROFILE_COUNT mode=scna-fp16 qo_len=4 phase=warmup iteration=0 records=2 max_records=10
FIG8_ATTENTION_TIMERS mode=scna-fp16 scna_function=1 scna_kernel=1 scna_pipeline=1 phase=warmup iteration=0 lut_exp=0 nonlinear_mode=1 scna_width=16 scna_exp=95 qo_len=4 kv_len=4093 n_heads=12 n_kv_heads=2 head_dim=128 kv_head=0 worker=0 profiled_total=273 q_load=2 k_load=66 v_load=58 qk_dot=3 safe_sm=137 core_acc=2 o_scale=2 o_store=3 kv_dma_issue=5 kv_dma_wait=18 kv_transform=96
FIG8_NUMERIC kv_head=0 rowsum0_bits=0x6754 l0_bits=0x6754 core_o0_bits=0x4339 inv_l0_bits=0x1058 scaled_o0_bits=0x17d8 p0_first_bits=0x3b08 p0_last_bits=0x0 sum0_first_bits=0x42e72881 sum0_last_bits=0x44ea8206
FIG8_ATTENTION_TIMERS mode=scna-fp16 scna_function=1 scna_kernel=1 scna_pipeline=1 phase=warmup iteration=0 lut_exp=0 nonlinear_mode=1 scna_width=16 scna_exp=92 qo_len=4 kv_len=4093 n_heads=12 n_kv_heads=2 head_dim=128 kv_head=1 worker=0 profiled_total=247 q_load=1 k_load=67 v_load=58 qk_dot=2 safe_sm=116 core_acc=1 o_scale=1 o_store=1 kv_dma_issue=5 kv_dma_wait=19 kv_transform=97
FIG8_NUMERIC kv_head=1 rowsum0_bits=0x0 l0_bits=0x0 core_o0_bits=0x0 inv_l0_bits=0x0 scaled_o0_bits=0x0 p0_first_bits=0x0 p0_last_bits=0x0 sum0_first_bits=0x0 sum0_last_bits=0x0
FIG8_ATTENTION_EVENT_COUNT mode=scna-fp16 qo_len=4 phase=warmup iteration=0 events=16 max_events=3224 overflow=0
FIG8_ATTENTION_HOST_TIMING mode=scna-fp16 scna_function=exp scna_kernel=tree scna_pipeline=on scna_width=16 qo_len=4 kv_len=4093 n_heads=12 n_kv_heads=2 head_dim=128 phase=measure iteration=0 host_elapsed_us=726 ret=0
FIG8_ATTENTION_PROFILE_COUNT mode=scna-fp16 qo_len=4 phase=measure iteration=0 records=2 max_records=10
FIG8_ATTENTION_TIMERS mode=scna-fp16 scna_function=1 scna_kernel=1 scna_pipeline=1 phase=measure iteration=0 lut_exp=0 nonlinear_mode=1 scna_width=16 scna_exp=81 qo_len=4 kv_len=4093 n_heads=12 n_kv_heads=2 head_dim=128 kv_head=0 worker=0 profiled_total=248 q_load=1 k_load=68 v_load=64 qk_dot=2 safe_sm=110 core_acc=1 o_scale=1 o_store=1 kv_dma_issue=5 kv_dma_wait=26 kv_transform=97
FIG8_NUMERIC kv_head=0 rowsum0_bits=0x6754 l0_bits=0x6754 core_o0_bits=0x4339 inv_l0_bits=0x1058 scaled_o0_bits=0x17d8 p0_first_bits=0x3b08 p0_last_bits=0x0 sum0_first_bits=0x42e72881 sum0_last_bits=0x44ea8206
FIG8_ATTENTION_TIMERS mode=scna-fp16 scna_function=1 scna_kernel=1 scna_pipeline=1 phase=measure iteration=0 lut_exp=0 nonlinear_mode=1 scna_width=16 scna_exp=81 qo_len=4 kv_len=4093 n_heads=12 n_kv_heads=2 head_dim=128 kv_head=1 worker=0 profiled_total=238 q_load=1 k_load=71 v_load=66 qk_dot=1 safe_sm=97 core_acc=0 o_scale=1 o_store=1 kv_dma_issue=4 kv_dma_wait=32 kv_transform=96
FIG8_NUMERIC kv_head=1 rowsum0_bits=0x0 l0_bits=0x0 core_o0_bits=0x0 inv_l0_bits=0x0 scaled_o0_bits=0x0 p0_first_bits=0x0 p0_last_bits=0x0 sum0_first_bits=0x0 sum0_last_bits=0x0
FIG8_ATTENTION_EVENT_COUNT mode=scna-fp16 qo_len=4 phase=measure iteration=0 events=16 max_events=3224 overflow=0
FIG8_ATTENTION_PIPELINE_COMPARE mode=scna-fp16 function=exp kernel=tree selected_pipeline=on width=16 qo_len=4 kv_len=4093 n_heads=12 n_kv_heads=2 head_dim=128 elements=6144 byte_mismatches=0 rmse=0 max_abs_error=0 candidate_nonfinite=0 alternate_nonfinite=0 gate=pass ret=0
FIG8_ATTENTION_REFERENCE_TIMING reference_mode=host-fp32 qo_len=4 kv_len=4093 n_heads=12 n_kv_heads=2 head_dim=128 elapsed_us=77966 ret=0
FIG8_ATTENTION_COMPARE candidate_mode=scna-fp16 scna_function=exp scna_kernel=tree scna_pipeline=on scna_width=16 reference_mode=host-fp32 qo_len=4 kv_len=4093 n_heads=12 n_kv_heads=2 head_dim=128 elements=6144 rmse=0.000675135 relative_l2=0.94965 max_abs_error=0.00135776 max_rel_error=74.4423 candidate_rms=0.00138485 reference_rms=0.00071093 candidate_max_abs=0.00283813 reference_max_abs=0.0015175 candidate_nonfinite=0 reference_nonfinite=0 ret=0
