alloc_shared_mem_buf: buf=0x7227def000 fd=12 size=24576 flags=FASTRPC_MAP_FD
alloc_shared_mem_buf: buf=0x6f92600000 fd=13 size=2095616 flags=FASTRPC_MAP_FD
alloc_shared_mem_buf: buf=0x6f92400000 fd=14 size=2095616 flags=FASTRPC_MAP_FD
alloc_shared_mem_buf: buf=0x7227d06000 fd=15 size=24576 flags=FASTRPC_MAP_FD
alloc_shared_mem_buf: buf=0x7227cfe000 fd=16 size=32768 flags=FASTRPC_MAP_FD
alloc_shared_mem_buf: buf=0x7227c10000 fd=17 size=234240 flags=FASTRPC_MAP_FD
alloc_shared_mem_buf: buf=0x7228266000 fd=18 size=4096 flags=FASTRPC_MAP_FD
No-op channel request completed
FIG8_ATTENTION_CONFIG mode=scna-fp16 scna_function=exp scna_kernel=tree scna_pipeline=on mask_mode=full qo_len=4 kv_len=4093 n_heads=12 n_kv_heads=2 head_dim=128 warmup=1 iters=1 scna_width=16 q_size=24576 kv_size=2095616 mask_size=32768 profile_size=234240 profile_max_records=10 profile_max_events=3224 mode_flags=3268 print_events=0
FIG8_ATTENTION_HOST_TIMING mode=scna-fp16 scna_function=exp scna_kernel=tree scna_pipeline=on scna_width=16 qo_len=4 kv_len=4093 n_heads=12 n_kv_heads=2 head_dim=128 phase=warmup iteration=0 host_elapsed_us=831 ret=0
FIG8_ATTENTION_PROFILE_COUNT mode=scna-fp16 qo_len=4 phase=warmup iteration=0 records=2 max_records=10
FIG8_ATTENTION_TIMERS mode=scna-fp16 scna_function=1 scna_kernel=1 scna_pipeline=1 phase=warmup iteration=0 lut_exp=0 nonlinear_mode=1 scna_width=16 scna_exp=92 qo_len=4 kv_len=4093 n_heads=12 n_kv_heads=2 head_dim=128 kv_head=0 worker=0 profiled_total=257 q_load=2 k_load=66 v_load=51 qk_dot=2 safe_sm=129 core_acc=3 o_scale=1 o_store=3 kv_dma_issue=6 kv_dma_wait=12 kv_transform=97
FIG8_NUMERIC kv_head=0 rowsum0_bits=0x6757 l0_bits=0x6757 core_o0_bits=0x435c inv_l0_bits=0x1058 scaled_o0_bits=0x17fe p0_first_bits=0x3b08 p0_last_bits=0x0 sum0_first_bits=0x42e72881 sum0_last_bits=0x44eadb96
FIG8_ATTENTION_TIMERS mode=scna-fp16 scna_function=1 scna_kernel=1 scna_pipeline=1 phase=warmup iteration=0 lut_exp=0 nonlinear_mode=1 scna_width=16 scna_exp=90 qo_len=4 kv_len=4093 n_heads=12 n_kv_heads=2 head_dim=128 kv_head=1 worker=0 profiled_total=245 q_load=1 k_load=66 v_load=58 qk_dot=2 safe_sm=115 core_acc=1 o_scale=1 o_store=1 kv_dma_issue=5 kv_dma_wait=18 kv_transform=96
FIG8_NUMERIC kv_head=1 rowsum0_bits=0x0 l0_bits=0x0 core_o0_bits=0x0 inv_l0_bits=0x0 scaled_o0_bits=0x0 p0_first_bits=0x0 p0_last_bits=0x0 sum0_first_bits=0x0 sum0_last_bits=0x0
FIG8_ATTENTION_EVENT_COUNT mode=scna-fp16 qo_len=4 phase=warmup iteration=0 events=16 max_events=3224 overflow=0
FIG8_ATTENTION_HOST_TIMING mode=scna-fp16 scna_function=exp scna_kernel=tree scna_pipeline=on scna_width=16 qo_len=4 kv_len=4093 n_heads=12 n_kv_heads=2 head_dim=128 phase=measure iteration=0 host_elapsed_us=696 ret=0
FIG8_ATTENTION_PROFILE_COUNT mode=scna-fp16 qo_len=4 phase=measure iteration=0 records=2 max_records=10
FIG8_ATTENTION_TIMERS mode=scna-fp16 scna_function=1 scna_kernel=1 scna_pipeline=1 phase=measure iteration=0 lut_exp=0 nonlinear_mode=1 scna_width=16 scna_exp=80 qo_len=4 kv_len=4093 n_heads=12 n_kv_heads=2 head_dim=128 kv_head=0 worker=0 profiled_total=238 q_load=1 k_load=66 v_load=60 qk_dot=2 safe_sm=106 core_acc=1 o_scale=1 o_store=1 kv_dma_issue=4 kv_dma_wait=21 kv_transform=97
FIG8_NUMERIC kv_head=0 rowsum0_bits=0x6757 l0_bits=0x6757 core_o0_bits=0x435c inv_l0_bits=0x1058 scaled_o0_bits=0x17fe p0_first_bits=0x3b08 p0_last_bits=0x0 sum0_first_bits=0x42e72881 sum0_last_bits=0x44eadb96
FIG8_ATTENTION_TIMERS mode=scna-fp16 scna_function=1 scna_kernel=1 scna_pipeline=1 phase=measure iteration=0 lut_exp=0 nonlinear_mode=1 scna_width=16 scna_exp=81 qo_len=4 kv_len=4093 n_heads=12 n_kv_heads=2 head_dim=128 kv_head=1 worker=0 profiled_total=226 q_load=1 k_load=66 v_load=61 qk_dot=1 safe_sm=96 core_acc=0 o_scale=0 o_store=1 kv_dma_issue=5 kv_dma_wait=23 kv_transform=96
FIG8_NUMERIC kv_head=1 rowsum0_bits=0x0 l0_bits=0x0 core_o0_bits=0x0 inv_l0_bits=0x0 scaled_o0_bits=0x0 p0_first_bits=0x0 p0_last_bits=0x0 sum0_first_bits=0x0 sum0_last_bits=0x0
FIG8_ATTENTION_EVENT_COUNT mode=scna-fp16 qo_len=4 phase=measure iteration=0 events=16 max_events=3224 overflow=0
FIG8_ATTENTION_PIPELINE_COMPARE mode=scna-fp16 function=exp kernel=tree selected_pipeline=on width=16 qo_len=4 kv_len=4093 n_heads=12 n_kv_heads=2 head_dim=128 elements=6144 byte_mismatches=0 rmse=0 max_abs_error=0 candidate_nonfinite=0 alternate_nonfinite=0 gate=pass ret=0
FIG8_ATTENTION_REFERENCE_TIMING reference_mode=host-fp32 qo_len=4 kv_len=4093 n_heads=12 n_kv_heads=2 head_dim=128 elapsed_us=75974 ret=0
FIG8_ATTENTION_COMPARE candidate_mode=scna-fp16 scna_function=exp scna_kernel=tree scna_pipeline=on scna_width=16 reference_mode=host-fp32 qo_len=4 kv_len=4093 n_heads=12 n_kv_heads=2 head_dim=128 elements=6144 rmse=0.000655928 relative_l2=0.949081 max_abs_error=0.00128091 max_rel_error=82.7235 candidate_rms=0.00134581 reference_rms=0.000691119 candidate_max_abs=0.0027504 reference_max_abs=0.00148103 candidate_nonfinite=0 reference_nonfinite=0 ret=0
