alloc_shared_mem_buf: buf=0x7635439000 fd=12 size=12288 flags=FASTRPC_MAP_FD
alloc_shared_mem_buf: buf=0x739a850000 fd=13 size=1048576 flags=FASTRPC_MAP_FD
alloc_shared_mem_buf: buf=0x739a750000 fd=14 size=1048576 flags=FASTRPC_MAP_FD
alloc_shared_mem_buf: buf=0x7635435000 fd=15 size=12288 flags=FASTRPC_MAP_FD
alloc_shared_mem_buf: buf=0x76351dc000 fd=16 size=32768 flags=FASTRPC_MAP_FD
alloc_shared_mem_buf: buf=0x7630130000 fd=17 size=234240 flags=FASTRPC_MAP_FD
alloc_shared_mem_buf: buf=0x7635433000 fd=18 size=4096 flags=FASTRPC_MAP_FD
No-op channel request completed
FIG8_ATTENTION_CONFIG mode=scna-int8 scna_function=exp scna_kernel=tree scna_pipeline=on mask_mode=full qo_len=4 kv_len=4096 n_heads=12 n_kv_heads=2 head_dim=64 warmup=1 iters=1 scna_width=16 q_size=12288 kv_size=1048576 mask_size=32768 profile_size=234240 profile_max_records=10 profile_max_events=3224 mode_flags=3272 print_events=0
FIG8_ATTENTION_HOST_TIMING mode=scna-int8 scna_function=exp scna_kernel=tree scna_pipeline=on scna_width=16 qo_len=4 kv_len=4096 n_heads=12 n_kv_heads=2 head_dim=64 phase=warmup iteration=0 host_elapsed_us=693 ret=0
FIG8_ATTENTION_PROFILE_COUNT mode=scna-int8 qo_len=4 phase=warmup iteration=0 records=2 max_records=10
FIG8_ATTENTION_TIMERS mode=scna-int8 scna_function=1 scna_kernel=1 scna_pipeline=1 phase=warmup iteration=0 lut_exp=0 nonlinear_mode=2 scna_width=16 scna_exp=100 qo_len=4 kv_len=4096 n_heads=12 n_kv_heads=2 head_dim=64 kv_head=0 worker=0 profiled_total=223 q_load=2 k_load=50 v_load=39 qk_dot=1 safe_sm=126 core_acc=2 o_scale=1 o_store=2 kv_dma_issue=6 kv_dma_wait=13 kv_transform=67
FIG8_NUMERIC kv_head=0 rowsum0_bits=0x6731 l0_bits=0x6731 core_o0_bits=0x3b6d inv_l0_bits=0x1070 scaled_o0_bits=0x101e p0_first_bits=0x3ab5 p0_last_bits=0x3ab5 sum0_first_bits=0x42e3ac81 sum0_last_bits=0x44e624b2
FIG8_ATTENTION_TIMERS mode=scna-int8 scna_function=1 scna_kernel=1 scna_pipeline=1 phase=warmup iteration=0 lut_exp=0 nonlinear_mode=2 scna_width=16 scna_exp=97 qo_len=4 kv_len=4096 n_heads=12 n_kv_heads=2 head_dim=64 kv_head=1 worker=0 profiled_total=206 q_load=1 k_load=45 v_load=42 qk_dot=1 safe_sm=115 core_acc=1 o_scale=0 o_store=1 kv_dma_issue=5 kv_dma_wait=12 kv_transform=67
FIG8_NUMERIC kv_head=1 rowsum0_bits=0x0 l0_bits=0x0 core_o0_bits=0x0 inv_l0_bits=0x0 scaled_o0_bits=0x0 p0_first_bits=0x0 p0_last_bits=0x0 sum0_first_bits=0x0 sum0_last_bits=0x0
FIG8_ATTENTION_EVENT_COUNT mode=scna-int8 qo_len=4 phase=warmup iteration=0 events=16 max_events=3224 overflow=0
FIG8_ATTENTION_HOST_TIMING mode=scna-int8 scna_function=exp scna_kernel=tree scna_pipeline=on scna_width=16 qo_len=4 kv_len=4096 n_heads=12 n_kv_heads=2 head_dim=64 phase=measure iteration=0 host_elapsed_us=571 ret=0
FIG8_ATTENTION_PROFILE_COUNT mode=scna-int8 qo_len=4 phase=measure iteration=0 records=2 max_records=10
FIG8_ATTENTION_TIMERS mode=scna-int8 scna_function=1 scna_kernel=1 scna_pipeline=1 phase=measure iteration=0 lut_exp=0 nonlinear_mode=2 scna_width=16 scna_exp=96 qo_len=4 kv_len=4096 n_heads=12 n_kv_heads=2 head_dim=64 kv_head=0 worker=0 profiled_total=207 q_load=1 k_load=48 v_load=39 qk_dot=1 safe_sm=118 core_acc=0 o_scale=0 o_store=0 kv_dma_issue=4 kv_dma_wait=12 kv_transform=66
FIG8_NUMERIC kv_head=0 rowsum0_bits=0x6731 l0_bits=0x6731 core_o0_bits=0x3b6d inv_l0_bits=0x1070 scaled_o0_bits=0x101e p0_first_bits=0x3ab5 p0_last_bits=0x3ab5 sum0_first_bits=0x42e3ac81 sum0_last_bits=0x44e624b2
FIG8_ATTENTION_TIMERS mode=scna-int8 scna_function=1 scna_kernel=1 scna_pipeline=1 phase=measure iteration=0 lut_exp=0 nonlinear_mode=2 scna_width=16 scna_exp=96 qo_len=4 kv_len=4096 n_heads=12 n_kv_heads=2 head_dim=64 kv_head=1 worker=0 profiled_total=188 q_load=0 k_load=43 v_load=38 qk_dot=0 safe_sm=106 core_acc=0 o_scale=0 o_store=1 kv_dma_issue=4 kv_dma_wait=7 kv_transform=66
FIG8_NUMERIC kv_head=1 rowsum0_bits=0x0 l0_bits=0x0 core_o0_bits=0x0 inv_l0_bits=0x0 scaled_o0_bits=0x0 p0_first_bits=0x0 p0_last_bits=0x0 sum0_first_bits=0x0 sum0_last_bits=0x0
FIG8_ATTENTION_EVENT_COUNT mode=scna-int8 qo_len=4 phase=measure iteration=0 events=16 max_events=3224 overflow=0
FIG8_ATTENTION_PIPELINE_COMPARE mode=scna-int8 function=exp kernel=tree selected_pipeline=on width=16 qo_len=4 kv_len=4096 n_heads=12 n_kv_heads=2 head_dim=64 elements=3072 byte_mismatches=0 rmse=0 max_abs_error=0 candidate_nonfinite=0 alternate_nonfinite=0 gate=pass ret=0
FIG8_ATTENTION_REFERENCE_TIMING reference_mode=host-fp32 qo_len=4 kv_len=4096 n_heads=12 n_kv_heads=2 head_dim=64 elapsed_us=43071 ret=0
FIG8_ATTENTION_COMPARE candidate_mode=scna-int8 scna_function=exp scna_kernel=tree scna_pipeline=on scna_width=16 reference_mode=host-fp32 qo_len=4 kv_len=4096 n_heads=12 n_kv_heads=2 head_dim=64 elements=3072 rmse=0.000334145 relative_l2=0.975256 max_abs_error=0.000955261 max_rel_error=139.561 candidate_rms=0.000667586 reference_rms=0.000342623 candidate_max_abs=0.00181198 reference_max_abs=0.000907659 candidate_nonfinite=0 reference_nonfinite=0 ret=0
