FIG8_ATTENTION_CONFIG mode=scna-fp16 layout=serial variant=pair_static_d8 scna_width=8 seed=20260811 mask_mode=causal qo_len=1 kv_len=4093 kv_pad_len=4096 n_heads=12 n_kv_heads=2 head_dim=64 warmup=1 iters=1 q_size=3072 kv_size=1047808 mask_size=8192 profile_size=5248 profile_max_records=10 profile_max_events=0 mode_flags=68692 print_events=0 workers=1
FIG8_ATTENTION_HOST_TIMING mode=scna-fp16 layout=serial variant=pair_static_d8 workers=1 scna_width=8 seed=20260811 mask_mode=causal qo_len=1 kv_len=4093 n_heads=12 n_kv_heads=2 head_dim=64 phase=warmup iteration=0 host_elapsed_us=793 ret=0
FIG8_ATTENTION_PROFILE_COUNT mode=scna-fp16 qo_len=1 phase=warmup iteration=0 records=2 max_records=10
FIG8_ATTENTION_WORKERS mode=scna-fp16 variant=pair_static_d8 qo_len=1 phase=warmup iteration=0 requested_workers=1 active_workers=1 hvx_contexts=6 vtcm_worker_cap=8 tasks=2 q_task_rows=4
FIG8_ATTENTION_TIMERS mode=scna-fp16 layout=serial phase=warmup iteration=0 lut_exp=0 scna_layout=0 scna_width=8 qo_len=1 kv_len=4093 n_heads=12 n_kv_heads=2 head_dim=64 kv_head=0 worker=0 profiled_total=497 q_load=1 k_load=32 v_load=41 qk_dot=1 safe_sm=419 scna_exp=407 state_update=1 param_prepare=0 core_acc=1 o_scale=1 o_store=1
FIG8_NUMERIC seed=20260811 mode=scna-fp16 layout=serial kv_head=0 worker=0 qk0_bits=0xb89a rowmax0_bits=0x3c44 rowsum0_bits=0x6501 l0_bits=0x6501 core_o0_bits=0x4a43 inv_l0_bits=0xe09 scaled_o0_bits=0x1a86 p0_first_bits=0x3916 p0_last_bits=0x0 sum0_first_bits=0x441f69b0 sum0_last_bits=0x44201258 masked_p_nonzero=0 tail_p_nonzero=0 scna_clamp_count=0 score_count=4093 centered_score_min=-1.88183594 centered_score_max=0 final_m0_bits=0x3c44 final_l0_bits=0x6944 final_core_o0_bits=0x4853 p_expected_sum_bits=0x44f67f94 p_max_abs_error_bits=0x3e1c7f7a
FIG8_NUMERIC_BLOCK seed=20260811 mode=scna-fp16 layout=serial kv_head=0 block=0 m0_bits=0x3c44 rowsum0_bits=0x6501 l0_bits=0x6501 p_scalar_sum_bits=0x44960548 reduction_min_bits=0x4419f748 reduction_max_bits=0x44207898
FIG8_NUMERIC_BLOCK seed=20260811 mode=scna-fp16 layout=serial kv_head=0 block=1 m0_bits=0x3c44 rowsum0_bits=0x64ec l0_bits=0x68f6 p_scalar_sum_bits=0x4497062c reduction_min_bits=0x441ca49c reduction_max_bits=0x4420d544
FIG8_NUMERIC_BLOCK seed=20260811 mode=scna-fp16 layout=serial kv_head=0 block=2 m0_bits=0x3c44 rowsum0_bits=0x58dd l0_bits=0x6944 p_scalar_sum_bits=0x431e6850 reduction_min_bits=0x429a0041 reduction_max_bits=0x42a2bd01
FIG8_NUMERIC_QK8 seed=20260811 mode=scna-fp16 layout=serial kv_head=0 bits=0xb89a,0x3548,0xb345,0xb262,0x2fab,0xb09d,0x36cb,0xb851
FIG8_NUMERIC_P8 seed=20260811 mode=scna-fp16 layout=serial kv_head=0 centered_bits=0xbe91,0xb9e4,0xbd2d,0xbd10,0xbb93,0xbcd8,0xb922,0xbe6c p_bits=0x36de,0x39f4,0x3866,0x387a,0x395e,0x38a2,0x3a37,0x3712
FIG8_ATTENTION_TIMERS mode=scna-fp16 layout=serial phase=warmup iteration=0 lut_exp=0 scna_layout=0 scna_width=8 qo_len=1 kv_len=4093 n_heads=12 n_kv_heads=2 head_dim=64 kv_head=1 worker=0 profiled_total=96 q_load=0 k_load=31 v_load=39 qk_dot=1 safe_sm=24 scna_exp=17 state_update=0 param_prepare=0 core_acc=0 o_scale=1 o_store=0
FIG8_NUMERIC seed=20260811 mode=scna-fp16 layout=serial kv_head=1 worker=0 qk0_bits=0x0 rowmax0_bits=0x0 rowsum0_bits=0x0 l0_bits=0x0 core_o0_bits=0x0 inv_l0_bits=0x0 scaled_o0_bits=0x0 p0_first_bits=0x0 p0_last_bits=0x0 sum0_first_bits=0x0 sum0_last_bits=0x0 masked_p_nonzero=0 tail_p_nonzero=0 scna_clamp_count=0 score_count=0 centered_score_min=0 centered_score_max=0 final_m0_bits=0x0 final_l0_bits=0x0 final_core_o0_bits=0x0 p_expected_sum_bits=0x0 p_max_abs_error_bits=0x0
FIG8_NUMERIC_QK8 seed=20260811 mode=scna-fp16 layout=serial kv_head=1 bits=0x0,0x0,0x0,0x0,0x0,0x0,0x0,0x0
FIG8_NUMERIC_P8 seed=20260811 mode=scna-fp16 layout=serial kv_head=1 centered_bits=0x0,0x0,0x0,0x0,0x0,0x0,0x0,0x0 p_bits=0x0,0x0,0x0,0x0,0x0,0x0,0x0,0x0
FIG8_ATTENTION_EVENT_COUNT mode=scna-fp16 qo_len=1 phase=warmup iteration=0 events=0 max_events=0 overflow=0
FIG8_ATTENTION_CHECKSUM mode=scna-fp16 layout=serial scna_width=8 seed=20260811 phase=warmup iteration=0 checksum=0x9063045335fc8599
FIG8_ATTENTION_HOST_TIMING mode=scna-fp16 layout=serial variant=pair_static_d8 workers=1 scna_width=8 seed=20260811 mask_mode=causal qo_len=1 kv_len=4093 n_heads=12 n_kv_heads=2 head_dim=64 phase=measure iteration=0 host_elapsed_us=800 ret=0
FIG8_ATTENTION_PROFILE_COUNT mode=scna-fp16 qo_len=1 phase=measure iteration=0 records=2 max_records=10
FIG8_ATTENTION_WORKERS mode=scna-fp16 variant=pair_static_d8 qo_len=1 phase=measure iteration=0 requested_workers=1 active_workers=1 hvx_contexts=6 vtcm_worker_cap=8 tasks=2 q_task_rows=4
FIG8_ATTENTION_TIMERS mode=scna-fp16 layout=serial phase=measure iteration=0 lut_exp=0 scna_layout=0 scna_width=8 qo_len=1 kv_len=4093 n_heads=12 n_kv_heads=2 head_dim=64 kv_head=0 worker=1 profiled_total=510 q_load=0 k_load=30 v_load=55 qk_dot=1 safe_sm=423 scna_exp=412 state_update=1 param_prepare=0 core_acc=0 o_scale=1 o_store=0
FIG8_NUMERIC seed=20260811 mode=scna-fp16 layout=serial kv_head=0 worker=1 qk0_bits=0xb89a rowmax0_bits=0x3c44 rowsum0_bits=0x6501 l0_bits=0x6501 core_o0_bits=0x4a43 inv_l0_bits=0xe09 scaled_o0_bits=0x1a86 p0_first_bits=0x3916 p0_last_bits=0x0 sum0_first_bits=0x441f69b0 sum0_last_bits=0x44201258 masked_p_nonzero=0 tail_p_nonzero=0 scna_clamp_count=0 score_count=4093 centered_score_min=-1.88183594 centered_score_max=0 final_m0_bits=0x3c44 final_l0_bits=0x6944 final_core_o0_bits=0x4853 p_expected_sum_bits=0x44f67f94 p_max_abs_error_bits=0x3e1c7f7a
FIG8_NUMERIC_BLOCK seed=20260811 mode=scna-fp16 layout=serial kv_head=0 block=0 m0_bits=0x3c44 rowsum0_bits=0x6501 l0_bits=0x6501 p_scalar_sum_bits=0x44960548 reduction_min_bits=0x4419f748 reduction_max_bits=0x44207898
FIG8_NUMERIC_BLOCK seed=20260811 mode=scna-fp16 layout=serial kv_head=0 block=1 m0_bits=0x3c44 rowsum0_bits=0x64ec l0_bits=0x68f6 p_scalar_sum_bits=0x4497062c reduction_min_bits=0x441ca49c reduction_max_bits=0x4420d544
FIG8_NUMERIC_BLOCK seed=20260811 mode=scna-fp16 layout=serial kv_head=0 block=2 m0_bits=0x3c44 rowsum0_bits=0x58dd l0_bits=0x6944 p_scalar_sum_bits=0x431e6850 reduction_min_bits=0x429a0041 reduction_max_bits=0x42a2bd01
FIG8_NUMERIC_QK8 seed=20260811 mode=scna-fp16 layout=serial kv_head=0 bits=0xb89a,0x3548,0xb345,0xb262,0x2fab,0xb09d,0x36cb,0xb851
FIG8_NUMERIC_P8 seed=20260811 mode=scna-fp16 layout=serial kv_head=0 centered_bits=0xbe91,0xb9e4,0xbd2d,0xbd10,0xbb93,0xbcd8,0xb922,0xbe6c p_bits=0x36de,0x39f4,0x3866,0x387a,0x395e,0x38a2,0x3a37,0x3712
FIG8_ATTENTION_TIMERS mode=scna-fp16 layout=serial phase=measure iteration=0 lut_exp=0 scna_layout=0 scna_width=8 qo_len=1 kv_len=4093 n_heads=12 n_kv_heads=2 head_dim=64 kv_head=1 worker=1 profiled_total=98 q_load=0 k_load=30 v_load=46 qk_dot=0 safe_sm=21 scna_exp=15 state_update=0 param_prepare=0 core_acc=0 o_scale=1 o_store=0
FIG8_NUMERIC seed=20260811 mode=scna-fp16 layout=serial kv_head=1 worker=1 qk0_bits=0x0 rowmax0_bits=0x0 rowsum0_bits=0x0 l0_bits=0x0 core_o0_bits=0x0 inv_l0_bits=0x0 scaled_o0_bits=0x0 p0_first_bits=0x0 p0_last_bits=0x0 sum0_first_bits=0x0 sum0_last_bits=0x0 masked_p_nonzero=0 tail_p_nonzero=0 scna_clamp_count=0 score_count=0 centered_score_min=0 centered_score_max=0 final_m0_bits=0x0 final_l0_bits=0x0 final_core_o0_bits=0x0 p_expected_sum_bits=0x0 p_max_abs_error_bits=0x0
FIG8_NUMERIC_QK8 seed=20260811 mode=scna-fp16 layout=serial kv_head=1 bits=0x0,0x0,0x0,0x0,0x0,0x0,0x0,0x0
FIG8_NUMERIC_P8 seed=20260811 mode=scna-fp16 layout=serial kv_head=1 centered_bits=0x0,0x0,0x0,0x0,0x0,0x0,0x0,0x0 p_bits=0x0,0x0,0x0,0x0,0x0,0x0,0x0,0x0
FIG8_ATTENTION_EVENT_COUNT mode=scna-fp16 qo_len=1 phase=measure iteration=0 events=0 max_events=0 overflow=0
FIG8_ATTENTION_CHECKSUM mode=scna-fp16 layout=serial scna_width=8 seed=20260811 phase=measure iteration=0 checksum=0x9063045335fc8599
FIG8_ATTENTION_REFERENCE_TIMING reference_mode=host-fp32 qo_len=1 kv_len=4093 n_heads=12 n_kv_heads=2 head_dim=64 elapsed_us=24795 ret=0
FIG8_ATTENTION_COMPARE candidate_mode=scna-fp16 layout=serial scna_width=8 reference_mode=host-fp32 seed=20260811 mask_mode=causal qo_len=1 kv_len=4093 n_heads=12 n_kv_heads=2 head_dim=64 elements=768 rmse=0.000281627843 relative_l2=0.0634567142 max_abs_error=0.00096476078 candidate_nonfinite=0 reference_nonfinite=0 rmse_limit=0.002 max_abs_limit=0.01 pass=1
FIG8_ATTENTION_COMPARE_HEAD seed=20260811 mode=scna-fp16 layout=serial head=0 rmse=0.000258404121 max_abs_error=0.000683579128 candidate_first=0.00318527245 reference_first=0.00348146353
FIG8_ATTENTION_COMPARE_HEAD seed=20260811 mode=scna-fp16 layout=serial head=1 rmse=0.000305520109 max_abs_error=0.000811586506 candidate_first=0.00352478051 reference_first=0.00345449871
FIG8_ATTENTION_COMPARE_HEAD seed=20260811 mode=scna-fp16 layout=serial head=2 rmse=0.000261711364 max_abs_error=0.000598601066 candidate_first=0.00304031395 reference_first=0.00293856021
FIG8_ATTENTION_COMPARE_HEAD seed=20260811 mode=scna-fp16 layout=serial head=3 rmse=0.000293561374 max_abs_error=0.000565179449 candidate_first=0.00337600731 reference_first=0.00352384942
FIG8_ATTENTION_COMPARE_HEAD seed=20260811 mode=scna-fp16 layout=serial head=4 rmse=0.000319030194 max_abs_error=0.00096476078 candidate_first=0.00327682518 reference_first=0.003362488
FIG8_ATTENTION_COMPARE_HEAD seed=20260811 mode=scna-fp16 layout=serial head=5 rmse=0.000245137315 max_abs_error=0.000584623311 candidate_first=0.0042724614 reference_first=0.00481804041
FIG8_ATTENTION_COMPARE_HEAD seed=20260811 mode=scna-fp16 layout=serial head=6 rmse=0.000241011599 max_abs_error=0.000618805643 candidate_first=-0.00673675491 reference_first=-0.00735556055
FIG8_ATTENTION_COMPARE_HEAD seed=20260811 mode=scna-fp16 layout=serial head=7 rmse=0.000308949064 max_abs_error=0.000695024617 candidate_first=-0.00517272903 reference_first=-0.00522643002
FIG8_ATTENTION_COMPARE_HEAD seed=20260811 mode=scna-fp16 layout=serial head=8 rmse=0.000241648449 max_abs_error=0.000641418621 candidate_first=-0.0060501094 reference_first=-0.00627936143
FIG8_ATTENTION_COMPARE_HEAD seed=20260811 mode=scna-fp16 layout=serial head=9 rmse=0.000286243361 max_abs_error=0.000782427145 candidate_first=-0.00581359817 reference_first=-0.00599913113
FIG8_ATTENTION_COMPARE_HEAD seed=20260811 mode=scna-fp16 layout=serial head=10 rmse=0.000311397045 max_abs_error=0.000896142796 candidate_first=-0.00553893996 reference_first=-0.0057665552
FIG8_ATTENTION_COMPARE_HEAD seed=20260811 mode=scna-fp16 layout=serial head=11 rmse=0.00029030774 max_abs_error=0.000714840367 candidate_first=-0.00626373244 reference_first=-0.00647412241
