FIG8_ATTENTION_CONFIG mode=lut-exp qo_len=16 kv_len=4096 n_heads=12 n_kv_heads=2 head_dim=128 warmup=5 iters=20 q_size=98304 kv_size=2097152 mask_size=131072 profile_size=902016 profile_max_records=10 profile_max_events=12512 mode_flags=1 print_events=0
FIG8_ATTENTION_HOST_TIMING mode=lut-exp qo_len=16 kv_len=4096 n_heads=12 n_kv_heads=2 head_dim=128 phase=warmup iteration=0 host_elapsed_us=785 ret=0
FIG8_ATTENTION_PROFILE_COUNT mode=lut-exp qo_len=16 phase=warmup iteration=0 records=2 max_records=10
FIG8_ATTENTION_TIMERS mode=lut-exp phase=warmup iteration=0 lut_exp=1 qo_len=16 kv_len=4096 n_heads=12 n_kv_heads=2 head_dim=128 kv_head=0 worker=2 profiled_total=426 q_load=5 k_load=93 v_load=61 qk_dot=7 safe_sm=237 core_acc=13 o_scale=1 o_store=9
FIG8_ATTENTION_TIMERS mode=lut-exp phase=warmup iteration=0 lut_exp=1 qo_len=16 kv_len=4096 n_heads=12 n_kv_heads=2 head_dim=128 kv_head=1 worker=4 profiled_total=428 q_load=5 k_load=93 v_load=62 qk_dot=10 safe_sm=236 core_acc=11 o_scale=2 o_store=9
FIG8_ATTENTION_EVENT_COUNT mode=lut-exp qo_len=16 phase=warmup iteration=0 events=56 max_events=12512 overflow=0
FIG8_ATTENTION_HOST_TIMING mode=lut-exp qo_len=16 kv_len=4096 n_heads=12 n_kv_heads=2 head_dim=128 phase=warmup iteration=1 host_elapsed_us=681 ret=0
FIG8_ATTENTION_PROFILE_COUNT mode=lut-exp qo_len=16 phase=warmup iteration=1 records=2 max_records=10
FIG8_ATTENTION_TIMERS mode=lut-exp phase=warmup iteration=1 lut_exp=1 qo_len=16 kv_len=4096 n_heads=12 n_kv_heads=2 head_dim=128 kv_head=0 worker=1 profiled_total=393 q_load=4 k_load=98 v_load=63 qk_dot=8 safe_sm=197 core_acc=15 o_scale=2 o_store=6
FIG8_ATTENTION_TIMERS mode=lut-exp phase=warmup iteration=1 lut_exp=1 qo_len=16 kv_len=4096 n_heads=12 n_kv_heads=2 head_dim=128 kv_head=1 worker=0 profiled_total=392 q_load=4 k_load=97 v_load=63 qk_dot=9 safe_sm=203 core_acc=9 o_scale=1 o_store=6
FIG8_ATTENTION_EVENT_COUNT mode=lut-exp qo_len=16 phase=warmup iteration=1 events=56 max_events=12512 overflow=0
FIG8_ATTENTION_HOST_TIMING mode=lut-exp qo_len=16 kv_len=4096 n_heads=12 n_kv_heads=2 head_dim=128 phase=warmup iteration=2 host_elapsed_us=661 ret=0
FIG8_ATTENTION_PROFILE_COUNT mode=lut-exp qo_len=16 phase=warmup iteration=2 records=2 max_records=10
FIG8_ATTENTION_TIMERS mode=lut-exp phase=warmup iteration=2 lut_exp=1 qo_len=16 kv_len=4096 n_heads=12 n_kv_heads=2 head_dim=128 kv_head=1 worker=5 profiled_total=386 q_load=4 k_load=93 v_load=62 qk_dot=8 safe_sm=198 core_acc=14 o_scale=1 o_store=6
FIG8_ATTENTION_TIMERS mode=lut-exp phase=warmup iteration=2 lut_exp=1 qo_len=16 kv_len=4096 n_heads=12 n_kv_heads=2 head_dim=128 kv_head=0 worker=4 profiled_total=387 q_load=4 k_load=95 v_load=62 qk_dot=9 safe_sm=199 core_acc=9 o_scale=3 o_store=6
FIG8_ATTENTION_EVENT_COUNT mode=lut-exp qo_len=16 phase=warmup iteration=2 events=56 max_events=12512 overflow=0
FIG8_ATTENTION_HOST_TIMING mode=lut-exp qo_len=16 kv_len=4096 n_heads=12 n_kv_heads=2 head_dim=128 phase=warmup iteration=3 host_elapsed_us=660 ret=0
FIG8_ATTENTION_PROFILE_COUNT mode=lut-exp qo_len=16 phase=warmup iteration=3 records=2 max_records=10
FIG8_ATTENTION_TIMERS mode=lut-exp phase=warmup iteration=3 lut_exp=1 qo_len=16 kv_len=4096 n_heads=12 n_kv_heads=2 head_dim=128 kv_head=0 worker=2 profiled_total=387 q_load=4 k_load=94 v_load=65 qk_dot=8 safe_sm=196 core_acc=12 o_scale=2 o_store=6
FIG8_ATTENTION_TIMERS mode=lut-exp phase=warmup iteration=3 lut_exp=1 qo_len=16 kv_len=4096 n_heads=12 n_kv_heads=2 head_dim=128 kv_head=1 worker=0 profiled_total=384 q_load=4 k_load=93 v_load=67 qk_dot=9 safe_sm=193 core_acc=11 o_scale=1 o_store=6
FIG8_ATTENTION_EVENT_COUNT mode=lut-exp qo_len=16 phase=warmup iteration=3 events=56 max_events=12512 overflow=0
FIG8_ATTENTION_HOST_TIMING mode=lut-exp qo_len=16 kv_len=4096 n_heads=12 n_kv_heads=2 head_dim=128 phase=warmup iteration=4 host_elapsed_us=659 ret=0
FIG8_ATTENTION_PROFILE_COUNT mode=lut-exp qo_len=16 phase=warmup iteration=4 records=2 max_records=10
FIG8_ATTENTION_TIMERS mode=lut-exp phase=warmup iteration=4 lut_exp=1 qo_len=16 kv_len=4096 n_heads=12 n_kv_heads=2 head_dim=128 kv_head=1 worker=3 profiled_total=388 q_load=4 k_load=94 v_load=64 qk_dot=8 safe_sm=197 core_acc=12 o_scale=3 o_store=6
FIG8_ATTENTION_TIMERS mode=lut-exp phase=warmup iteration=4 lut_exp=1 qo_len=16 kv_len=4096 n_heads=12 n_kv_heads=2 head_dim=128 kv_head=0 worker=4 profiled_total=387 q_load=4 k_load=93 v_load=63 qk_dot=9 safe_sm=200 core_acc=11 o_scale=1 o_store=6
FIG8_ATTENTION_EVENT_COUNT mode=lut-exp qo_len=16 phase=warmup iteration=4 events=56 max_events=12512 overflow=0
FIG8_ATTENTION_HOST_TIMING mode=lut-exp qo_len=16 kv_len=4096 n_heads=12 n_kv_heads=2 head_dim=128 phase=measure iteration=0 host_elapsed_us=661 ret=0
FIG8_ATTENTION_PROFILE_COUNT mode=lut-exp qo_len=16 phase=measure iteration=0 records=2 max_records=10
FIG8_ATTENTION_TIMERS mode=lut-exp phase=measure iteration=0 lut_exp=1 qo_len=16 kv_len=4096 n_heads=12 n_kv_heads=2 head_dim=128 kv_head=1 worker=0 profiled_total=385 q_load=4 k_load=94 v_load=62 qk_dot=8 safe_sm=198 core_acc=12 o_scale=1 o_store=6
FIG8_ATTENTION_TIMERS mode=lut-exp phase=measure iteration=0 lut_exp=1 qo_len=16 kv_len=4096 n_heads=12 n_kv_heads=2 head_dim=128 kv_head=0 worker=5 profiled_total=385 q_load=4 k_load=91 v_load=62 qk_dot=8 safe_sm=200 core_acc=11 o_scale=3 o_store=6
FIG8_ATTENTION_EVENT_COUNT mode=lut-exp qo_len=16 phase=measure iteration=0 events=56 max_events=12512 overflow=0
FIG8_ATTENTION_HOST_TIMING mode=lut-exp qo_len=16 kv_len=4096 n_heads=12 n_kv_heads=2 head_dim=128 phase=measure iteration=1 host_elapsed_us=661 ret=0
FIG8_ATTENTION_PROFILE_COUNT mode=lut-exp qo_len=16 phase=measure iteration=1 records=2 max_records=10
FIG8_ATTENTION_TIMERS mode=lut-exp phase=measure iteration=1 lut_exp=1 qo_len=16 kv_len=4096 n_heads=12 n_kv_heads=2 head_dim=128 kv_head=1 worker=1 profiled_total=389 q_load=4 k_load=93 v_load=66 qk_dot=9 safe_sm=196 core_acc=13 o_scale=2 o_store=6
FIG8_ATTENTION_TIMERS mode=lut-exp phase=measure iteration=1 lut_exp=1 qo_len=16 kv_len=4096 n_heads=12 n_kv_heads=2 head_dim=128 kv_head=0 worker=3 profiled_total=391 q_load=4 k_load=92 v_load=67 qk_dot=9 safe_sm=201 core_acc=11 o_scale=1 o_store=6
FIG8_ATTENTION_EVENT_COUNT mode=lut-exp qo_len=16 phase=measure iteration=1 events=56 max_events=12512 overflow=0
FIG8_ATTENTION_HOST_TIMING mode=lut-exp qo_len=16 kv_len=4096 n_heads=12 n_kv_heads=2 head_dim=128 phase=measure iteration=2 host_elapsed_us=660 ret=0
FIG8_ATTENTION_PROFILE_COUNT mode=lut-exp qo_len=16 phase=measure iteration=2 records=2 max_records=10
FIG8_ATTENTION_TIMERS mode=lut-exp phase=measure iteration=2 lut_exp=1 qo_len=16 kv_len=4096 n_heads=12 n_kv_heads=2 head_dim=128 kv_head=1 worker=4 profiled_total=398 q_load=4 k_load=105 v_load=64 qk_dot=8 safe_sm=197 core_acc=12 o_scale=2 o_store=6
FIG8_ATTENTION_TIMERS mode=lut-exp phase=measure iteration=2 lut_exp=1 qo_len=16 kv_len=4096 n_heads=12 n_kv_heads=2 head_dim=128 kv_head=0 worker=0 profiled_total=399 q_load=4 k_load=104 v_load=63 qk_dot=9 safe_sm=201 core_acc=11 o_scale=1 o_store=6
FIG8_ATTENTION_EVENT_COUNT mode=lut-exp qo_len=16 phase=measure iteration=2 events=56 max_events=12512 overflow=0
FIG8_ATTENTION_HOST_TIMING mode=lut-exp qo_len=16 kv_len=4096 n_heads=12 n_kv_heads=2 head_dim=128 phase=measure iteration=3 host_elapsed_us=660 ret=0
FIG8_ATTENTION_PROFILE_COUNT mode=lut-exp qo_len=16 phase=measure iteration=3 records=2 max_records=10
FIG8_ATTENTION_TIMERS mode=lut-exp phase=measure iteration=3 lut_exp=1 qo_len=16 kv_len=4096 n_heads=12 n_kv_heads=2 head_dim=128 kv_head=1 worker=5 profiled_total=398 q_load=4 k_load=102 v_load=64 qk_dot=8 safe_sm=200 core_acc=13 o_scale=1 o_store=6
FIG8_ATTENTION_TIMERS mode=lut-exp phase=measure iteration=3 lut_exp=1 qo_len=16 kv_len=4096 n_heads=12 n_kv_heads=2 head_dim=128 kv_head=0 worker=3 profiled_total=398 q_load=4 k_load=104 v_load=64 qk_dot=9 safe_sm=198 core_acc=11 o_scale=2 o_store=6
FIG8_ATTENTION_EVENT_COUNT mode=lut-exp qo_len=16 phase=measure iteration=3 events=56 max_events=12512 overflow=0
FIG8_ATTENTION_HOST_TIMING mode=lut-exp qo_len=16 kv_len=4096 n_heads=12 n_kv_heads=2 head_dim=128 phase=measure iteration=4 host_elapsed_us=658 ret=0
FIG8_ATTENTION_PROFILE_COUNT mode=lut-exp qo_len=16 phase=measure iteration=4 records=2 max_records=10
FIG8_ATTENTION_TIMERS mode=lut-exp phase=measure iteration=4 lut_exp=1 qo_len=16 kv_len=4096 n_heads=12 n_kv_heads=2 head_dim=128 kv_head=1 worker=0 profiled_total=393 q_load=4 k_load=99 v_load=63 qk_dot=8 safe_sm=200 core_acc=11 o_scale=2 o_store=6
FIG8_ATTENTION_TIMERS mode=lut-exp phase=measure iteration=4 lut_exp=1 qo_len=16 kv_len=4096 n_heads=12 n_kv_heads=2 head_dim=128 kv_head=0 worker=2 profiled_total=394 q_load=4 k_load=98 v_load=64 qk_dot=10 safe_sm=199 core_acc=12 o_scale=1 o_store=6
FIG8_ATTENTION_EVENT_COUNT mode=lut-exp qo_len=16 phase=measure iteration=4 events=56 max_events=12512 overflow=0
FIG8_ATTENTION_HOST_TIMING mode=lut-exp qo_len=16 kv_len=4096 n_heads=12 n_kv_heads=2 head_dim=128 phase=measure iteration=5 host_elapsed_us=658 ret=0
FIG8_ATTENTION_PROFILE_COUNT mode=lut-exp qo_len=16 phase=measure iteration=5 records=2 max_records=10
FIG8_ATTENTION_TIMERS mode=lut-exp phase=measure iteration=5 lut_exp=1 qo_len=16 kv_len=4096 n_heads=12 n_kv_heads=2 head_dim=128 kv_head=0 worker=3 profiled_total=393 q_load=4 k_load=101 v_load=63 qk_dot=9 safe_sm=197 core_acc=11 o_scale=2 o_store=6
FIG8_ATTENTION_TIMERS mode=lut-exp phase=measure iteration=5 lut_exp=1 qo_len=16 kv_len=4096 n_heads=12 n_kv_heads=2 head_dim=128 kv_head=1 worker=1 profiled_total=394 q_load=4 k_load=102 v_load=64 qk_dot=8 safe_sm=197 core_acc=12 o_scale=1 o_store=6
FIG8_ATTENTION_EVENT_COUNT mode=lut-exp qo_len=16 phase=measure iteration=5 events=56 max_events=12512 overflow=0
FIG8_ATTENTION_HOST_TIMING mode=lut-exp qo_len=16 kv_len=4096 n_heads=12 n_kv_heads=2 head_dim=128 phase=measure iteration=6 host_elapsed_us=660 ret=0
FIG8_ATTENTION_PROFILE_COUNT mode=lut-exp qo_len=16 phase=measure iteration=6 records=2 max_records=10
FIG8_ATTENTION_TIMERS mode=lut-exp phase=measure iteration=6 lut_exp=1 qo_len=16 kv_len=4096 n_heads=12 n_kv_heads=2 head_dim=128 kv_head=0 worker=5 profiled_total=386 q_load=4 k_load=95 v_load=64 qk_dot=10 safe_sm=193 core_acc=13 o_scale=1 o_store=6
FIG8_ATTENTION_TIMERS mode=lut-exp phase=measure iteration=6 lut_exp=1 qo_len=16 kv_len=4096 n_heads=12 n_kv_heads=2 head_dim=128 kv_head=1 worker=0 profiled_total=387 q_load=4 k_load=94 v_load=63 qk_dot=9 safe_sm=200 core_acc=9 o_scale=2 o_store=6
FIG8_ATTENTION_EVENT_COUNT mode=lut-exp qo_len=16 phase=measure iteration=6 events=56 max_events=12512 overflow=0
FIG8_ATTENTION_HOST_TIMING mode=lut-exp qo_len=16 kv_len=4096 n_heads=12 n_kv_heads=2 head_dim=128 phase=measure iteration=7 host_elapsed_us=659 ret=0
FIG8_ATTENTION_PROFILE_COUNT mode=lut-exp qo_len=16 phase=measure iteration=7 records=2 max_records=10
FIG8_ATTENTION_TIMERS mode=lut-exp phase=measure iteration=7 lut_exp=1 qo_len=16 kv_len=4096 n_heads=12 n_kv_heads=2 head_dim=128 kv_head=0 worker=3 profiled_total=382 q_load=4 k_load=89 v_load=64 qk_dot=9 safe_sm=196 core_acc=13 o_scale=1 o_store=6
FIG8_ATTENTION_TIMERS mode=lut-exp phase=measure iteration=7 lut_exp=1 qo_len=16 kv_len=4096 n_heads=12 n_kv_heads=2 head_dim=128 kv_head=1 worker=2 profiled_total=382 q_load=4 k_load=92 v_load=65 qk_dot=7 safe_sm=196 core_acc=10 o_scale=2 o_store=6
FIG8_ATTENTION_EVENT_COUNT mode=lut-exp qo_len=16 phase=measure iteration=7 events=56 max_events=12512 overflow=0
FIG8_ATTENTION_HOST_TIMING mode=lut-exp qo_len=16 kv_len=4096 n_heads=12 n_kv_heads=2 head_dim=128 phase=measure iteration=8 host_elapsed_us=656 ret=0
FIG8_ATTENTION_PROFILE_COUNT mode=lut-exp qo_len=16 phase=measure iteration=8 records=2 max_records=10
FIG8_ATTENTION_TIMERS mode=lut-exp phase=measure iteration=8 lut_exp=1 qo_len=16 kv_len=4096 n_heads=12 n_kv_heads=2 head_dim=128 kv_head=0 worker=0 profiled_total=390 q_load=4 k_load=99 v_load=64 qk_dot=9 safe_sm=196 core_acc=13 o_scale=0 o_store=5
FIG8_ATTENTION_TIMERS mode=lut-exp phase=measure iteration=8 lut_exp=1 qo_len=16 kv_len=4096 n_heads=12 n_kv_heads=2 head_dim=128 kv_head=1 worker=4 profiled_total=392 q_load=4 k_load=100 v_load=65 qk_dot=8 safe_sm=196 core_acc=11 o_scale=2 o_store=6
FIG8_ATTENTION_EVENT_COUNT mode=lut-exp qo_len=16 phase=measure iteration=8 events=56 max_events=12512 overflow=0
FIG8_ATTENTION_HOST_TIMING mode=lut-exp qo_len=16 kv_len=4096 n_heads=12 n_kv_heads=2 head_dim=128 phase=measure iteration=9 host_elapsed_us=657 ret=0
FIG8_ATTENTION_PROFILE_COUNT mode=lut-exp qo_len=16 phase=measure iteration=9 records=2 max_records=10
FIG8_ATTENTION_TIMERS mode=lut-exp phase=measure iteration=9 lut_exp=1 qo_len=16 kv_len=4096 n_heads=12 n_kv_heads=2 head_dim=128 kv_head=0 worker=2 profiled_total=387 q_load=4 k_load=101 v_load=62 qk_dot=7 safe_sm=196 core_acc=10 o_scale=1 o_store=6
FIG8_ATTENTION_TIMERS mode=lut-exp phase=measure iteration=9 lut_exp=1 qo_len=16 kv_len=4096 n_heads=12 n_kv_heads=2 head_dim=128 kv_head=1 worker=1 profiled_total=387 q_load=4 k_load=99 v_load=63 qk_dot=9 safe_sm=193 core_acc=11 o_scale=2 o_store=6
FIG8_ATTENTION_EVENT_COUNT mode=lut-exp qo_len=16 phase=measure iteration=9 events=56 max_events=12512 overflow=0
FIG8_ATTENTION_HOST_TIMING mode=lut-exp qo_len=16 kv_len=4096 n_heads=12 n_kv_heads=2 head_dim=128 phase=measure iteration=10 host_elapsed_us=655 ret=0
FIG8_ATTENTION_PROFILE_COUNT mode=lut-exp qo_len=16 phase=measure iteration=10 records=2 max_records=10
FIG8_ATTENTION_TIMERS mode=lut-exp phase=measure iteration=10 lut_exp=1 qo_len=16 kv_len=4096 n_heads=12 n_kv_heads=2 head_dim=128 kv_head=1 worker=3 profiled_total=393 q_load=4 k_load=96 v_load=65 qk_dot=10 safe_sm=199 core_acc=11 o_scale=2 o_store=6
FIG8_ATTENTION_TIMERS mode=lut-exp phase=measure iteration=10 lut_exp=1 qo_len=16 kv_len=4096 n_heads=12 n_kv_heads=2 head_dim=128 kv_head=0 worker=4 profiled_total=393 q_load=4 k_load=99 v_load=63 qk_dot=8 safe_sm=199 core_acc=13 o_scale=1 o_store=6
FIG8_ATTENTION_EVENT_COUNT mode=lut-exp qo_len=16 phase=measure iteration=10 events=56 max_events=12512 overflow=0
FIG8_ATTENTION_HOST_TIMING mode=lut-exp qo_len=16 kv_len=4096 n_heads=12 n_kv_heads=2 head_dim=128 phase=measure iteration=11 host_elapsed_us=657 ret=0
FIG8_ATTENTION_PROFILE_COUNT mode=lut-exp qo_len=16 phase=measure iteration=11 records=2 max_records=10
FIG8_ATTENTION_TIMERS mode=lut-exp phase=measure iteration=11 lut_exp=1 qo_len=16 kv_len=4096 n_heads=12 n_kv_heads=2 head_dim=128 kv_head=1 worker=0 profiled_total=388 q_load=4 k_load=97 v_load=65 qk_dot=9 safe_sm=194 core_acc=10 o_scale=3 o_store=6
FIG8_ATTENTION_TIMERS mode=lut-exp phase=measure iteration=11 lut_exp=1 qo_len=16 kv_len=4096 n_heads=12 n_kv_heads=2 head_dim=128 kv_head=0 worker=1 profiled_total=391 q_load=4 k_load=95 v_load=64 qk_dot=8 safe_sm=200 core_acc=13 o_scale=1 o_store=6
FIG8_ATTENTION_EVENT_COUNT mode=lut-exp qo_len=16 phase=measure iteration=11 events=56 max_events=12512 overflow=0
FIG8_ATTENTION_HOST_TIMING mode=lut-exp qo_len=16 kv_len=4096 n_heads=12 n_kv_heads=2 head_dim=128 phase=measure iteration=12 host_elapsed_us=657 ret=0
FIG8_ATTENTION_PROFILE_COUNT mode=lut-exp qo_len=16 phase=measure iteration=12 records=2 max_records=10
FIG8_ATTENTION_TIMERS mode=lut-exp phase=measure iteration=12 lut_exp=1 qo_len=16 kv_len=4096 n_heads=12 n_kv_heads=2 head_dim=128 kv_head=1 worker=2 profiled_total=386 q_load=4 k_load=97 v_load=62 qk_dot=9 safe_sm=194 core_acc=12 o_scale=2 o_store=6
FIG8_ATTENTION_TIMERS mode=lut-exp phase=measure iteration=12 lut_exp=1 qo_len=16 kv_len=4096 n_heads=12 n_kv_heads=2 head_dim=128 kv_head=0 worker=4 profiled_total=386 q_load=4 k_load=97 v_load=63 qk_dot=7 safe_sm=199 core_acc=9 o_scale=1 o_store=6
FIG8_ATTENTION_EVENT_COUNT mode=lut-exp qo_len=16 phase=measure iteration=12 events=56 max_events=12512 overflow=0
FIG8_ATTENTION_HOST_TIMING mode=lut-exp qo_len=16 kv_len=4096 n_heads=12 n_kv_heads=2 head_dim=128 phase=measure iteration=13 host_elapsed_us=648 ret=0
FIG8_ATTENTION_PROFILE_COUNT mode=lut-exp qo_len=16 phase=measure iteration=13 records=2 max_records=10
FIG8_ATTENTION_TIMERS mode=lut-exp phase=measure iteration=13 lut_exp=1 qo_len=16 kv_len=4096 n_heads=12 n_kv_heads=2 head_dim=128 kv_head=1 worker=0 profiled_total=389 q_load=4 k_load=97 v_load=62 qk_dot=9 safe_sm=197 core_acc=13 o_scale=1 o_store=6
FIG8_ATTENTION_TIMERS mode=lut-exp phase=measure iteration=13 lut_exp=1 qo_len=16 kv_len=4096 n_heads=12 n_kv_heads=2 head_dim=128 kv_head=0 worker=3 profiled_total=389 q_load=4 k_load=96 v_load=63 qk_dot=8 safe_sm=199 core_acc=11 o_scale=2 o_store=6
FIG8_ATTENTION_EVENT_COUNT mode=lut-exp qo_len=16 phase=measure iteration=13 events=56 max_events=12512 overflow=0
FIG8_ATTENTION_HOST_TIMING mode=lut-exp qo_len=16 kv_len=4096 n_heads=12 n_kv_heads=2 head_dim=128 phase=measure iteration=14 host_elapsed_us=659 ret=0
FIG8_ATTENTION_PROFILE_COUNT mode=lut-exp qo_len=16 phase=measure iteration=14 records=2 max_records=10
FIG8_ATTENTION_TIMERS mode=lut-exp phase=measure iteration=14 lut_exp=1 qo_len=16 kv_len=4096 n_heads=12 n_kv_heads=2 head_dim=128 kv_head=0 worker=4 profiled_total=385 q_load=4 k_load=93 v_load=62 qk_dot=9 safe_sm=200 core_acc=9 o_scale=2 o_store=6
FIG8_ATTENTION_TIMERS mode=lut-exp phase=measure iteration=14 lut_exp=1 qo_len=16 kv_len=4096 n_heads=12 n_kv_heads=2 head_dim=128 kv_head=1 worker=1 profiled_total=388 q_load=4 k_load=93 v_load=62 qk_dot=9 safe_sm=198 core_acc=15 o_scale=1 o_store=6
FIG8_ATTENTION_EVENT_COUNT mode=lut-exp qo_len=16 phase=measure iteration=14 events=56 max_events=12512 overflow=0
FIG8_ATTENTION_HOST_TIMING mode=lut-exp qo_len=16 kv_len=4096 n_heads=12 n_kv_heads=2 head_dim=128 phase=measure iteration=15 host_elapsed_us=659 ret=0
FIG8_ATTENTION_PROFILE_COUNT mode=lut-exp qo_len=16 phase=measure iteration=15 records=2 max_records=10
FIG8_ATTENTION_TIMERS mode=lut-exp phase=measure iteration=15 lut_exp=1 qo_len=16 kv_len=4096 n_heads=12 n_kv_heads=2 head_dim=128 kv_head=0 worker=3 profiled_total=388 q_load=4 k_load=99 v_load=63 qk_dot=7 safe_sm=198 core_acc=8 o_scale=3 o_store=6
FIG8_ATTENTION_TIMERS mode=lut-exp phase=measure iteration=15 lut_exp=1 qo_len=16 kv_len=4096 n_heads=12 n_kv_heads=2 head_dim=128 kv_head=1 worker=2 profiled_total=390 q_load=4 k_load=97 v_load=64 qk_dot=10 safe_sm=195 core_acc=13 o_scale=1 o_store=6
FIG8_ATTENTION_EVENT_COUNT mode=lut-exp qo_len=16 phase=measure iteration=15 events=56 max_events=12512 overflow=0
FIG8_ATTENTION_HOST_TIMING mode=lut-exp qo_len=16 kv_len=4096 n_heads=12 n_kv_heads=2 head_dim=128 phase=measure iteration=16 host_elapsed_us=698 ret=0
FIG8_ATTENTION_PROFILE_COUNT mode=lut-exp qo_len=16 phase=measure iteration=16 records=2 max_records=10
FIG8_ATTENTION_TIMERS mode=lut-exp phase=measure iteration=16 lut_exp=1 qo_len=16 kv_len=4096 n_heads=12 n_kv_heads=2 head_dim=128 kv_head=0 worker=1 profiled_total=392 q_load=4 k_load=98 v_load=63 qk_dot=8 safe_sm=197 core_acc=14 o_scale=2 o_store=6
FIG8_ATTENTION_TIMERS mode=lut-exp phase=measure iteration=16 lut_exp=1 qo_len=16 kv_len=4096 n_heads=12 n_kv_heads=2 head_dim=128 kv_head=1 worker=0 profiled_total=392 q_load=4 k_load=96 v_load=64 qk_dot=10 safe_sm=200 core_acc=11 o_scale=1 o_store=6
FIG8_ATTENTION_EVENT_COUNT mode=lut-exp qo_len=16 phase=measure iteration=16 events=56 max_events=12512 overflow=0
FIG8_ATTENTION_HOST_TIMING mode=lut-exp qo_len=16 kv_len=4096 n_heads=12 n_kv_heads=2 head_dim=128 phase=measure iteration=17 host_elapsed_us=730 ret=0
FIG8_ATTENTION_PROFILE_COUNT mode=lut-exp qo_len=16 phase=measure iteration=17 records=2 max_records=10
FIG8_ATTENTION_TIMERS mode=lut-exp phase=measure iteration=17 lut_exp=1 qo_len=16 kv_len=4096 n_heads=12 n_kv_heads=2 head_dim=128 kv_head=1 worker=4 profiled_total=392 q_load=4 k_load=83 v_load=74 qk_dot=7 safe_sm=203 core_acc=13 o_scale=2 o_store=6
FIG8_ATTENTION_TIMERS mode=lut-exp phase=measure iteration=17 lut_exp=1 qo_len=16 kv_len=4096 n_heads=12 n_kv_heads=2 head_dim=128 kv_head=0 worker=3 profiled_total=391 q_load=4 k_load=89 v_load=70 qk_dot=8 safe_sm=201 core_acc=11 o_scale=2 o_store=6
FIG8_ATTENTION_EVENT_COUNT mode=lut-exp qo_len=16 phase=measure iteration=17 events=56 max_events=12512 overflow=0
FIG8_ATTENTION_HOST_TIMING mode=lut-exp qo_len=16 kv_len=4096 n_heads=12 n_kv_heads=2 head_dim=128 phase=measure iteration=18 host_elapsed_us=778 ret=0
FIG8_ATTENTION_PROFILE_COUNT mode=lut-exp qo_len=16 phase=measure iteration=18 records=2 max_records=10
FIG8_ATTENTION_TIMERS mode=lut-exp phase=measure iteration=18 lut_exp=1 qo_len=16 kv_len=4096 n_heads=12 n_kv_heads=2 head_dim=128 kv_head=1 worker=2 profiled_total=410 q_load=4 k_load=103 v_load=73 qk_dot=9 safe_sm=201 core_acc=13 o_scale=1 o_store=6
FIG8_ATTENTION_TIMERS mode=lut-exp phase=measure iteration=18 lut_exp=1 qo_len=16 kv_len=4096 n_heads=12 n_kv_heads=2 head_dim=128 kv_head=0 worker=0 profiled_total=405 q_load=4 k_load=101 v_load=67 qk_dot=8 safe_sm=204 core_acc=13 o_scale=2 o_store=6
FIG8_ATTENTION_EVENT_COUNT mode=lut-exp qo_len=16 phase=measure iteration=18 events=56 max_events=12512 overflow=0
FIG8_ATTENTION_HOST_TIMING mode=lut-exp qo_len=16 kv_len=4096 n_heads=12 n_kv_heads=2 head_dim=128 phase=measure iteration=19 host_elapsed_us=653 ret=0
FIG8_ATTENTION_PROFILE_COUNT mode=lut-exp qo_len=16 phase=measure iteration=19 records=2 max_records=10
FIG8_ATTENTION_TIMERS mode=lut-exp phase=measure iteration=19 lut_exp=1 qo_len=16 kv_len=4096 n_heads=12 n_kv_heads=2 head_dim=128 kv_head=0 worker=3 profiled_total=398 q_load=4 k_load=93 v_load=71 qk_dot=7 safe_sm=203 core_acc=13 o_scale=1 o_store=6
FIG8_ATTENTION_TIMERS mode=lut-exp phase=measure iteration=19 lut_exp=1 qo_len=16 kv_len=4096 n_heads=12 n_kv_heads=2 head_dim=128 kv_head=1 worker=5 profiled_total=402 q_load=4 k_load=100 v_load=71 qk_dot=8 safe_sm=200 core_acc=11 o_scale=2 o_store=6
FIG8_ATTENTION_EVENT_COUNT mode=lut-exp qo_len=16 phase=measure iteration=19 events=56 max_events=12512 overflow=0
