FIG8_ATTENTION_CONFIG mode=lut-exp layout=serial variant=pair_static_d8 scna_width=8 seed=figure8_fixed mask_mode=full qo_len=16 kv_len=2048 kv_pad_len=2048 n_heads=12 n_kv_heads=2 head_dim=128 warmup=5 iters=20 q_size=98304 kv_size=1048576 mask_size=65536 profile_size=9088 profile_max_records=16 profile_max_events=0 mode_flags=2097153 print_events=0 workers=0 q_task_rows=16
FIG8_ATTENTION_HOST_TIMING mode=lut-exp layout=serial variant=pair_static_d8 workers=0 q_task_rows=16 scna_width=8 seed=figure8_fixed mask_mode=full qo_len=16 kv_len=2048 n_heads=12 n_kv_heads=2 head_dim=128 phase=warmup iteration=0 host_elapsed_us=551 ret=0
FIG8_ATTENTION_PROFILE_COUNT mode=lut-exp qo_len=16 phase=warmup iteration=0 records=2 max_records=16
FIG8_ATTENTION_WORKERS mode=lut-exp variant=pair_static_d8 qo_len=16 phase=warmup iteration=0 requested_workers=0 active_workers=2 hvx_contexts=6 vtcm_worker_cap=8 tasks=2 q_task_rows=16
FIG8_ATTENTION_TIMERS mode=lut-exp layout=serial phase=warmup iteration=0 lut_exp=1 scna_layout=0 scna_width=0 qo_len=16 kv_len=2048 n_heads=12 n_kv_heads=2 head_dim=128 kv_head=0 worker=0 profiled_total=270 q_load=5 k_load=53 v_load=35 qk_dot=4 safe_sm=154 scna_exp=0 state_update=0 rowmax_mem=0 rowsum_reduce=0 rowmax_mem_ticks=0 rowsum_reduce_ticks=0 state_update_ticks=0 param_prepare=0 core_acc=9 o_scale=2 o_store=8
FIG8_ATTENTION_TIMERS mode=lut-exp layout=serial phase=warmup iteration=0 lut_exp=1 scna_layout=0 scna_width=0 qo_len=16 kv_len=2048 n_heads=12 n_kv_heads=2 head_dim=128 kv_head=1 worker=1 profiled_total=267 q_load=5 k_load=54 v_load=34 qk_dot=3 safe_sm=153 scna_exp=0 state_update=0 rowmax_mem=0 rowsum_reduce=0 rowmax_mem_ticks=0 rowsum_reduce_ticks=0 state_update_ticks=0 param_prepare=0 core_acc=8 o_scale=2 o_store=8
FIG8_ATTENTION_EVENT_COUNT mode=lut-exp qo_len=16 phase=warmup iteration=0 events=0 max_events=0 overflow=0
FIG8_ATTENTION_CHECKSUM mode=lut-exp layout=serial scna_width=8 seed=figure8_fixed phase=warmup iteration=0 checksum=0x5d42da8efed27171
FIG8_ATTENTION_HOST_TIMING mode=lut-exp layout=serial variant=pair_static_d8 workers=0 q_task_rows=16 scna_width=8 seed=figure8_fixed mask_mode=full qo_len=16 kv_len=2048 n_heads=12 n_kv_heads=2 head_dim=128 phase=warmup iteration=1 host_elapsed_us=420 ret=0
FIG8_ATTENTION_PROFILE_COUNT mode=lut-exp qo_len=16 phase=warmup iteration=1 records=2 max_records=16
FIG8_ATTENTION_WORKERS mode=lut-exp variant=pair_static_d8 qo_len=16 phase=warmup iteration=1 requested_workers=0 active_workers=2 hvx_contexts=6 vtcm_worker_cap=8 tasks=2 q_task_rows=16
FIG8_ATTENTION_TIMERS mode=lut-exp layout=serial phase=warmup iteration=1 lut_exp=1 scna_layout=0 scna_width=0 qo_len=16 kv_len=2048 n_heads=12 n_kv_heads=2 head_dim=128 kv_head=0 worker=2 profiled_total=253 q_load=4 k_load=45 v_load=39 qk_dot=4 safe_sm=147 scna_exp=0 state_update=0 rowmax_mem=0 rowsum_reduce=0 rowmax_mem_ticks=0 rowsum_reduce_ticks=0 state_update_ticks=0 param_prepare=0 core_acc=6 o_scale=2 o_store=6
FIG8_ATTENTION_TIMERS mode=lut-exp layout=serial phase=warmup iteration=1 lut_exp=1 scna_layout=0 scna_width=0 qo_len=16 kv_len=2048 n_heads=12 n_kv_heads=2 head_dim=128 kv_head=1 worker=3 profiled_total=252 q_load=4 k_load=46 v_load=38 qk_dot=4 safe_sm=149 scna_exp=0 state_update=0 rowmax_mem=0 rowsum_reduce=0 rowmax_mem_ticks=0 rowsum_reduce_ticks=0 state_update_ticks=0 param_prepare=0 core_acc=4 o_scale=1 o_store=6
FIG8_ATTENTION_EVENT_COUNT mode=lut-exp qo_len=16 phase=warmup iteration=1 events=0 max_events=0 overflow=0
FIG8_ATTENTION_CHECKSUM mode=lut-exp layout=serial scna_width=8 seed=figure8_fixed phase=warmup iteration=1 checksum=0x5d42da8efed27171
FIG8_ATTENTION_HOST_TIMING mode=lut-exp layout=serial variant=pair_static_d8 workers=0 q_task_rows=16 scna_width=8 seed=figure8_fixed mask_mode=full qo_len=16 kv_len=2048 n_heads=12 n_kv_heads=2 head_dim=128 phase=warmup iteration=2 host_elapsed_us=412 ret=0
FIG8_ATTENTION_PROFILE_COUNT mode=lut-exp qo_len=16 phase=warmup iteration=2 records=2 max_records=16
FIG8_ATTENTION_WORKERS mode=lut-exp variant=pair_static_d8 qo_len=16 phase=warmup iteration=2 requested_workers=0 active_workers=2 hvx_contexts=6 vtcm_worker_cap=8 tasks=2 q_task_rows=16
FIG8_ATTENTION_TIMERS mode=lut-exp layout=serial phase=warmup iteration=2 lut_exp=1 scna_layout=0 scna_width=0 qo_len=16 kv_len=2048 n_heads=12 n_kv_heads=2 head_dim=128 kv_head=0 worker=4 profiled_total=254 q_load=4 k_load=50 v_load=37 qk_dot=2 safe_sm=149 scna_exp=0 state_update=0 rowmax_mem=0 rowsum_reduce=0 rowmax_mem_ticks=0 rowsum_reduce_ticks=0 state_update_ticks=0 param_prepare=0 core_acc=4 o_scale=2 o_store=6
FIG8_ATTENTION_TIMERS mode=lut-exp layout=serial phase=warmup iteration=2 lut_exp=1 scna_layout=0 scna_width=0 qo_len=16 kv_len=2048 n_heads=12 n_kv_heads=2 head_dim=128 kv_head=1 worker=5 profiled_total=255 q_load=4 k_load=49 v_load=38 qk_dot=4 safe_sm=146 scna_exp=0 state_update=0 rowmax_mem=0 rowsum_reduce=0 rowmax_mem_ticks=0 rowsum_reduce_ticks=0 state_update_ticks=0 param_prepare=0 core_acc=7 o_scale=1 o_store=6
FIG8_ATTENTION_EVENT_COUNT mode=lut-exp qo_len=16 phase=warmup iteration=2 events=0 max_events=0 overflow=0
FIG8_ATTENTION_CHECKSUM mode=lut-exp layout=serial scna_width=8 seed=figure8_fixed phase=warmup iteration=2 checksum=0x5d42da8efed27171
FIG8_ATTENTION_HOST_TIMING mode=lut-exp layout=serial variant=pair_static_d8 workers=0 q_task_rows=16 scna_width=8 seed=figure8_fixed mask_mode=full qo_len=16 kv_len=2048 n_heads=12 n_kv_heads=2 head_dim=128 phase=warmup iteration=3 host_elapsed_us=395 ret=0
FIG8_ATTENTION_PROFILE_COUNT mode=lut-exp qo_len=16 phase=warmup iteration=3 records=2 max_records=16
FIG8_ATTENTION_WORKERS mode=lut-exp variant=pair_static_d8 qo_len=16 phase=warmup iteration=3 requested_workers=0 active_workers=2 hvx_contexts=6 vtcm_worker_cap=8 tasks=2 q_task_rows=16
FIG8_ATTENTION_TIMERS mode=lut-exp layout=serial phase=warmup iteration=3 lut_exp=1 scna_layout=0 scna_width=0 qo_len=16 kv_len=2048 n_heads=12 n_kv_heads=2 head_dim=128 kv_head=1 worker=0 profiled_total=252 q_load=4 k_load=52 v_load=34 qk_dot=4 safe_sm=145 scna_exp=0 state_update=0 rowmax_mem=0 rowsum_reduce=0 rowmax_mem_ticks=0 rowsum_reduce_ticks=0 state_update_ticks=0 param_prepare=0 core_acc=5 o_scale=2 o_store=6
FIG8_ATTENTION_TIMERS mode=lut-exp layout=serial phase=warmup iteration=3 lut_exp=1 scna_layout=0 scna_width=0 qo_len=16 kv_len=2048 n_heads=12 n_kv_heads=2 head_dim=128 kv_head=0 worker=1 profiled_total=252 q_load=4 k_load=47 v_load=35 qk_dot=3 safe_sm=149 scna_exp=0 state_update=0 rowmax_mem=0 rowsum_reduce=0 rowmax_mem_ticks=0 rowsum_reduce_ticks=0 state_update_ticks=0 param_prepare=0 core_acc=7 o_scale=1 o_store=6
FIG8_ATTENTION_EVENT_COUNT mode=lut-exp qo_len=16 phase=warmup iteration=3 events=0 max_events=0 overflow=0
FIG8_ATTENTION_CHECKSUM mode=lut-exp layout=serial scna_width=8 seed=figure8_fixed phase=warmup iteration=3 checksum=0x5d42da8efed27171
FIG8_ATTENTION_HOST_TIMING mode=lut-exp layout=serial variant=pair_static_d8 workers=0 q_task_rows=16 scna_width=8 seed=figure8_fixed mask_mode=full qo_len=16 kv_len=2048 n_heads=12 n_kv_heads=2 head_dim=128 phase=warmup iteration=4 host_elapsed_us=392 ret=0
FIG8_ATTENTION_PROFILE_COUNT mode=lut-exp qo_len=16 phase=warmup iteration=4 records=2 max_records=16
FIG8_ATTENTION_WORKERS mode=lut-exp variant=pair_static_d8 qo_len=16 phase=warmup iteration=4 requested_workers=0 active_workers=2 hvx_contexts=6 vtcm_worker_cap=8 tasks=2 q_task_rows=16
FIG8_ATTENTION_TIMERS mode=lut-exp layout=serial phase=warmup iteration=4 lut_exp=1 scna_layout=0 scna_width=0 qo_len=16 kv_len=2048 n_heads=12 n_kv_heads=2 head_dim=128 kv_head=0 worker=2 profiled_total=253 q_load=4 k_load=52 v_load=34 qk_dot=4 safe_sm=144 scna_exp=0 state_update=0 rowmax_mem=0 rowsum_reduce=0 rowmax_mem_ticks=0 rowsum_reduce_ticks=0 state_update_ticks=0 param_prepare=0 core_acc=7 o_scale=2 o_store=6
FIG8_ATTENTION_TIMERS mode=lut-exp layout=serial phase=warmup iteration=4 lut_exp=1 scna_layout=0 scna_width=0 qo_len=16 kv_len=2048 n_heads=12 n_kv_heads=2 head_dim=128 kv_head=1 worker=3 profiled_total=251 q_load=4 k_load=51 v_load=35 qk_dot=3 safe_sm=148 scna_exp=0 state_update=0 rowmax_mem=0 rowsum_reduce=0 rowmax_mem_ticks=0 rowsum_reduce_ticks=0 state_update_ticks=0 param_prepare=0 core_acc=4 o_scale=0 o_store=6
FIG8_ATTENTION_EVENT_COUNT mode=lut-exp qo_len=16 phase=warmup iteration=4 events=0 max_events=0 overflow=0
FIG8_ATTENTION_CHECKSUM mode=lut-exp layout=serial scna_width=8 seed=figure8_fixed phase=warmup iteration=4 checksum=0x5d42da8efed27171
FIG8_ATTENTION_HOST_TIMING mode=lut-exp layout=serial variant=pair_static_d8 workers=0 q_task_rows=16 scna_width=8 seed=figure8_fixed mask_mode=full qo_len=16 kv_len=2048 n_heads=12 n_kv_heads=2 head_dim=128 phase=measure iteration=0 host_elapsed_us=398 ret=0
FIG8_ATTENTION_PROFILE_COUNT mode=lut-exp qo_len=16 phase=measure iteration=0 records=2 max_records=16
FIG8_ATTENTION_WORKERS mode=lut-exp variant=pair_static_d8 qo_len=16 phase=measure iteration=0 requested_workers=0 active_workers=2 hvx_contexts=6 vtcm_worker_cap=8 tasks=2 q_task_rows=16
FIG8_ATTENTION_TIMERS mode=lut-exp layout=serial phase=measure iteration=0 lut_exp=1 scna_layout=0 scna_width=0 qo_len=16 kv_len=2048 n_heads=12 n_kv_heads=2 head_dim=128 kv_head=0 worker=4 profiled_total=254 q_load=4 k_load=51 v_load=35 qk_dot=3 safe_sm=147 scna_exp=0 state_update=0 rowmax_mem=0 rowsum_reduce=0 rowmax_mem_ticks=0 rowsum_reduce_ticks=0 state_update_ticks=0 param_prepare=0 core_acc=6 o_scale=2 o_store=6
FIG8_ATTENTION_TIMERS mode=lut-exp layout=serial phase=measure iteration=0 lut_exp=1 scna_layout=0 scna_width=0 qo_len=16 kv_len=2048 n_heads=12 n_kv_heads=2 head_dim=128 kv_head=1 worker=5 profiled_total=255 q_load=4 k_load=51 v_load=37 qk_dot=4 safe_sm=147 scna_exp=0 state_update=0 rowmax_mem=0 rowsum_reduce=0 rowmax_mem_ticks=0 rowsum_reduce_ticks=0 state_update_ticks=0 param_prepare=0 core_acc=5 o_scale=1 o_store=6
FIG8_ATTENTION_EVENT_COUNT mode=lut-exp qo_len=16 phase=measure iteration=0 events=0 max_events=0 overflow=0
FIG8_ATTENTION_CHECKSUM mode=lut-exp layout=serial scna_width=8 seed=figure8_fixed phase=measure iteration=0 checksum=0x5d42da8efed27171
FIG8_ATTENTION_HOST_TIMING mode=lut-exp layout=serial variant=pair_static_d8 workers=0 q_task_rows=16 scna_width=8 seed=figure8_fixed mask_mode=full qo_len=16 kv_len=2048 n_heads=12 n_kv_heads=2 head_dim=128 phase=measure iteration=1 host_elapsed_us=398 ret=0
FIG8_ATTENTION_PROFILE_COUNT mode=lut-exp qo_len=16 phase=measure iteration=1 records=2 max_records=16
FIG8_ATTENTION_WORKERS mode=lut-exp variant=pair_static_d8 qo_len=16 phase=measure iteration=1 requested_workers=0 active_workers=2 hvx_contexts=6 vtcm_worker_cap=8 tasks=2 q_task_rows=16
FIG8_ATTENTION_TIMERS mode=lut-exp layout=serial phase=measure iteration=1 lut_exp=1 scna_layout=0 scna_width=0 qo_len=16 kv_len=2048 n_heads=12 n_kv_heads=2 head_dim=128 kv_head=0 worker=0 profiled_total=254 q_load=4 k_load=49 v_load=34 qk_dot=4 safe_sm=148 scna_exp=0 state_update=0 rowmax_mem=0 rowsum_reduce=0 rowmax_mem_ticks=0 rowsum_reduce_ticks=0 state_update_ticks=0 param_prepare=0 core_acc=7 o_scale=2 o_store=6
FIG8_ATTENTION_TIMERS mode=lut-exp layout=serial phase=measure iteration=1 lut_exp=1 scna_layout=0 scna_width=0 qo_len=16 kv_len=2048 n_heads=12 n_kv_heads=2 head_dim=128 kv_head=1 worker=1 profiled_total=252 q_load=4 k_load=52 v_load=34 qk_dot=3 safe_sm=144 scna_exp=0 state_update=0 rowmax_mem=0 rowsum_reduce=0 rowmax_mem_ticks=0 rowsum_reduce_ticks=0 state_update_ticks=0 param_prepare=0 core_acc=7 o_scale=2 o_store=6
FIG8_ATTENTION_EVENT_COUNT mode=lut-exp qo_len=16 phase=measure iteration=1 events=0 max_events=0 overflow=0
FIG8_ATTENTION_CHECKSUM mode=lut-exp layout=serial scna_width=8 seed=figure8_fixed phase=measure iteration=1 checksum=0x5d42da8efed27171
FIG8_ATTENTION_HOST_TIMING mode=lut-exp layout=serial variant=pair_static_d8 workers=0 q_task_rows=16 scna_width=8 seed=figure8_fixed mask_mode=full qo_len=16 kv_len=2048 n_heads=12 n_kv_heads=2 head_dim=128 phase=measure iteration=2 host_elapsed_us=404 ret=0
FIG8_ATTENTION_PROFILE_COUNT mode=lut-exp qo_len=16 phase=measure iteration=2 records=2 max_records=16
FIG8_ATTENTION_WORKERS mode=lut-exp variant=pair_static_d8 qo_len=16 phase=measure iteration=2 requested_workers=0 active_workers=2 hvx_contexts=6 vtcm_worker_cap=8 tasks=2 q_task_rows=16
FIG8_ATTENTION_TIMERS mode=lut-exp layout=serial phase=measure iteration=2 lut_exp=1 scna_layout=0 scna_width=0 qo_len=16 kv_len=2048 n_heads=12 n_kv_heads=2 head_dim=128 kv_head=0 worker=2 profiled_total=259 q_load=4 k_load=57 v_load=37 qk_dot=3 safe_sm=144 scna_exp=0 state_update=0 rowmax_mem=0 rowsum_reduce=0 rowmax_mem_ticks=0 rowsum_reduce_ticks=0 state_update_ticks=0 param_prepare=0 core_acc=6 o_scale=2 o_store=6
FIG8_ATTENTION_TIMERS mode=lut-exp layout=serial phase=measure iteration=2 lut_exp=1 scna_layout=0 scna_width=0 qo_len=16 kv_len=2048 n_heads=12 n_kv_heads=2 head_dim=128 kv_head=1 worker=3 profiled_total=259 q_load=4 k_load=51 v_load=38 qk_dot=4 safe_sm=149 scna_exp=0 state_update=0 rowmax_mem=0 rowsum_reduce=0 rowmax_mem_ticks=0 rowsum_reduce_ticks=0 state_update_ticks=0 param_prepare=0 core_acc=6 o_scale=1 o_store=6
FIG8_ATTENTION_EVENT_COUNT mode=lut-exp qo_len=16 phase=measure iteration=2 events=0 max_events=0 overflow=0
FIG8_ATTENTION_CHECKSUM mode=lut-exp layout=serial scna_width=8 seed=figure8_fixed phase=measure iteration=2 checksum=0x5d42da8efed27171
FIG8_ATTENTION_HOST_TIMING mode=lut-exp layout=serial variant=pair_static_d8 workers=0 q_task_rows=16 scna_width=8 seed=figure8_fixed mask_mode=full qo_len=16 kv_len=2048 n_heads=12 n_kv_heads=2 head_dim=128 phase=measure iteration=3 host_elapsed_us=401 ret=0
FIG8_ATTENTION_PROFILE_COUNT mode=lut-exp qo_len=16 phase=measure iteration=3 records=2 max_records=16
FIG8_ATTENTION_WORKERS mode=lut-exp variant=pair_static_d8 qo_len=16 phase=measure iteration=3 requested_workers=0 active_workers=2 hvx_contexts=6 vtcm_worker_cap=8 tasks=2 q_task_rows=16
FIG8_ATTENTION_TIMERS mode=lut-exp layout=serial phase=measure iteration=3 lut_exp=1 scna_layout=0 scna_width=0 qo_len=16 kv_len=2048 n_heads=12 n_kv_heads=2 head_dim=128 kv_head=0 worker=4 profiled_total=249 q_load=4 k_load=49 v_load=32 qk_dot=3 safe_sm=147 scna_exp=0 state_update=0 rowmax_mem=0 rowsum_reduce=0 rowmax_mem_ticks=0 rowsum_reduce_ticks=0 state_update_ticks=0 param_prepare=0 core_acc=6 o_scale=2 o_store=6
FIG8_ATTENTION_TIMERS mode=lut-exp layout=serial phase=measure iteration=3 lut_exp=1 scna_layout=0 scna_width=0 qo_len=16 kv_len=2048 n_heads=12 n_kv_heads=2 head_dim=128 kv_head=1 worker=5 profiled_total=249 q_load=4 k_load=49 v_load=35 qk_dot=4 safe_sm=145 scna_exp=0 state_update=0 rowmax_mem=0 rowsum_reduce=0 rowmax_mem_ticks=0 rowsum_reduce_ticks=0 state_update_ticks=0 param_prepare=0 core_acc=5 o_scale=1 o_store=6
FIG8_ATTENTION_EVENT_COUNT mode=lut-exp qo_len=16 phase=measure iteration=3 events=0 max_events=0 overflow=0
FIG8_ATTENTION_CHECKSUM mode=lut-exp layout=serial scna_width=8 seed=figure8_fixed phase=measure iteration=3 checksum=0x5d42da8efed27171
FIG8_ATTENTION_HOST_TIMING mode=lut-exp layout=serial variant=pair_static_d8 workers=0 q_task_rows=16 scna_width=8 seed=figure8_fixed mask_mode=full qo_len=16 kv_len=2048 n_heads=12 n_kv_heads=2 head_dim=128 phase=measure iteration=4 host_elapsed_us=442 ret=0
FIG8_ATTENTION_PROFILE_COUNT mode=lut-exp qo_len=16 phase=measure iteration=4 records=2 max_records=16
FIG8_ATTENTION_WORKERS mode=lut-exp variant=pair_static_d8 qo_len=16 phase=measure iteration=4 requested_workers=0 active_workers=2 hvx_contexts=6 vtcm_worker_cap=8 tasks=2 q_task_rows=16
FIG8_ATTENTION_TIMERS mode=lut-exp layout=serial phase=measure iteration=4 lut_exp=1 scna_layout=0 scna_width=0 qo_len=16 kv_len=2048 n_heads=12 n_kv_heads=2 head_dim=128 kv_head=0 worker=0 profiled_total=251 q_load=4 k_load=49 v_load=34 qk_dot=3 safe_sm=148 scna_exp=0 state_update=0 rowmax_mem=0 rowsum_reduce=0 rowmax_mem_ticks=0 rowsum_reduce_ticks=0 state_update_ticks=0 param_prepare=0 core_acc=6 o_scale=1 o_store=6
FIG8_ATTENTION_TIMERS mode=lut-exp layout=serial phase=measure iteration=4 lut_exp=1 scna_layout=0 scna_width=0 qo_len=16 kv_len=2048 n_heads=12 n_kv_heads=2 head_dim=128 kv_head=1 worker=1 profiled_total=251 q_load=4 k_load=53 v_load=32 qk_dot=3 safe_sm=145 scna_exp=0 state_update=0 rowmax_mem=0 rowsum_reduce=0 rowmax_mem_ticks=0 rowsum_reduce_ticks=0 state_update_ticks=0 param_prepare=0 core_acc=6 o_scale=2 o_store=6
FIG8_ATTENTION_EVENT_COUNT mode=lut-exp qo_len=16 phase=measure iteration=4 events=0 max_events=0 overflow=0
FIG8_ATTENTION_CHECKSUM mode=lut-exp layout=serial scna_width=8 seed=figure8_fixed phase=measure iteration=4 checksum=0x5d42da8efed27171
FIG8_ATTENTION_HOST_TIMING mode=lut-exp layout=serial variant=pair_static_d8 workers=0 q_task_rows=16 scna_width=8 seed=figure8_fixed mask_mode=full qo_len=16 kv_len=2048 n_heads=12 n_kv_heads=2 head_dim=128 phase=measure iteration=5 host_elapsed_us=488 ret=0
FIG8_ATTENTION_PROFILE_COUNT mode=lut-exp qo_len=16 phase=measure iteration=5 records=2 max_records=16
FIG8_ATTENTION_WORKERS mode=lut-exp variant=pair_static_d8 qo_len=16 phase=measure iteration=5 requested_workers=0 active_workers=2 hvx_contexts=6 vtcm_worker_cap=8 tasks=2 q_task_rows=16
FIG8_ATTENTION_TIMERS mode=lut-exp layout=serial phase=measure iteration=5 lut_exp=1 scna_layout=0 scna_width=0 qo_len=16 kv_len=2048 n_heads=12 n_kv_heads=2 head_dim=128 kv_head=1 worker=2 profiled_total=248 q_load=4 k_load=55 v_load=36 qk_dot=4 safe_sm=138 scna_exp=0 state_update=0 rowmax_mem=0 rowsum_reduce=0 rowmax_mem_ticks=0 rowsum_reduce_ticks=0 state_update_ticks=0 param_prepare=0 core_acc=4 o_scale=1 o_store=6
FIG8_ATTENTION_TIMERS mode=lut-exp layout=serial phase=measure iteration=5 lut_exp=1 scna_layout=0 scna_width=0 qo_len=16 kv_len=2048 n_heads=12 n_kv_heads=2 head_dim=128 kv_head=0 worker=3 profiled_total=249 q_load=4 k_load=56 v_load=36 qk_dot=3 safe_sm=136 scna_exp=0 state_update=0 rowmax_mem=0 rowsum_reduce=0 rowmax_mem_ticks=0 rowsum_reduce_ticks=0 state_update_ticks=0 param_prepare=0 core_acc=6 o_scale=2 o_store=6
FIG8_ATTENTION_EVENT_COUNT mode=lut-exp qo_len=16 phase=measure iteration=5 events=0 max_events=0 overflow=0
FIG8_ATTENTION_CHECKSUM mode=lut-exp layout=serial scna_width=8 seed=figure8_fixed phase=measure iteration=5 checksum=0x5d42da8efed27171
FIG8_ATTENTION_HOST_TIMING mode=lut-exp layout=serial variant=pair_static_d8 workers=0 q_task_rows=16 scna_width=8 seed=figure8_fixed mask_mode=full qo_len=16 kv_len=2048 n_heads=12 n_kv_heads=2 head_dim=128 phase=measure iteration=6 host_elapsed_us=477 ret=0
FIG8_ATTENTION_PROFILE_COUNT mode=lut-exp qo_len=16 phase=measure iteration=6 records=2 max_records=16
FIG8_ATTENTION_WORKERS mode=lut-exp variant=pair_static_d8 qo_len=16 phase=measure iteration=6 requested_workers=0 active_workers=2 hvx_contexts=6 vtcm_worker_cap=8 tasks=2 q_task_rows=16
FIG8_ATTENTION_TIMERS mode=lut-exp layout=serial phase=measure iteration=6 lut_exp=1 scna_layout=0 scna_width=0 qo_len=16 kv_len=2048 n_heads=12 n_kv_heads=2 head_dim=128 kv_head=0 worker=4 profiled_total=243 q_load=4 k_load=54 v_load=32 qk_dot=4 safe_sm=137 scna_exp=0 state_update=0 rowmax_mem=0 rowsum_reduce=0 rowmax_mem_ticks=0 rowsum_reduce_ticks=0 state_update_ticks=0 param_prepare=0 core_acc=5 o_scale=1 o_store=6
FIG8_ATTENTION_TIMERS mode=lut-exp layout=serial phase=measure iteration=6 lut_exp=1 scna_layout=0 scna_width=0 qo_len=16 kv_len=2048 n_heads=12 n_kv_heads=2 head_dim=128 kv_head=1 worker=5 profiled_total=243 q_load=4 k_load=54 v_load=33 qk_dot=3 safe_sm=135 scna_exp=0 state_update=0 rowmax_mem=0 rowsum_reduce=0 rowmax_mem_ticks=0 rowsum_reduce_ticks=0 state_update_ticks=0 param_prepare=0 core_acc=6 o_scale=2 o_store=6
FIG8_ATTENTION_EVENT_COUNT mode=lut-exp qo_len=16 phase=measure iteration=6 events=0 max_events=0 overflow=0
FIG8_ATTENTION_CHECKSUM mode=lut-exp layout=serial scna_width=8 seed=figure8_fixed phase=measure iteration=6 checksum=0x5d42da8efed27171
FIG8_ATTENTION_HOST_TIMING mode=lut-exp layout=serial variant=pair_static_d8 workers=0 q_task_rows=16 scna_width=8 seed=figure8_fixed mask_mode=full qo_len=16 kv_len=2048 n_heads=12 n_kv_heads=2 head_dim=128 phase=measure iteration=7 host_elapsed_us=393 ret=0
FIG8_ATTENTION_PROFILE_COUNT mode=lut-exp qo_len=16 phase=measure iteration=7 records=2 max_records=16
FIG8_ATTENTION_WORKERS mode=lut-exp variant=pair_static_d8 qo_len=16 phase=measure iteration=7 requested_workers=0 active_workers=2 hvx_contexts=6 vtcm_worker_cap=8 tasks=2 q_task_rows=16
FIG8_ATTENTION_TIMERS mode=lut-exp layout=serial phase=measure iteration=7 lut_exp=1 scna_layout=0 scna_width=0 qo_len=16 kv_len=2048 n_heads=12 n_kv_heads=2 head_dim=128 kv_head=1 worker=1 profiled_total=238 q_load=4 k_load=47 v_load=31 qk_dot=4 safe_sm=140 scna_exp=0 state_update=0 rowmax_mem=0 rowsum_reduce=0 rowmax_mem_ticks=0 rowsum_reduce_ticks=0 state_update_ticks=0 param_prepare=0 core_acc=5 o_scale=1 o_store=6
FIG8_ATTENTION_TIMERS mode=lut-exp layout=serial phase=measure iteration=7 lut_exp=1 scna_layout=0 scna_width=0 qo_len=16 kv_len=2048 n_heads=12 n_kv_heads=2 head_dim=128 kv_head=0 worker=0 profiled_total=237 q_load=4 k_load=50 v_load=30 qk_dot=3 safe_sm=137 scna_exp=0 state_update=0 rowmax_mem=0 rowsum_reduce=0 rowmax_mem_ticks=0 rowsum_reduce_ticks=0 state_update_ticks=0 param_prepare=0 core_acc=5 o_scale=2 o_store=6
FIG8_ATTENTION_EVENT_COUNT mode=lut-exp qo_len=16 phase=measure iteration=7 events=0 max_events=0 overflow=0
FIG8_ATTENTION_CHECKSUM mode=lut-exp layout=serial scna_width=8 seed=figure8_fixed phase=measure iteration=7 checksum=0x5d42da8efed27171
FIG8_ATTENTION_HOST_TIMING mode=lut-exp layout=serial variant=pair_static_d8 workers=0 q_task_rows=16 scna_width=8 seed=figure8_fixed mask_mode=full qo_len=16 kv_len=2048 n_heads=12 n_kv_heads=2 head_dim=128 phase=measure iteration=8 host_elapsed_us=390 ret=0
FIG8_ATTENTION_PROFILE_COUNT mode=lut-exp qo_len=16 phase=measure iteration=8 records=2 max_records=16
FIG8_ATTENTION_WORKERS mode=lut-exp variant=pair_static_d8 qo_len=16 phase=measure iteration=8 requested_workers=0 active_workers=2 hvx_contexts=6 vtcm_worker_cap=8 tasks=2 q_task_rows=16
FIG8_ATTENTION_TIMERS mode=lut-exp layout=serial phase=measure iteration=8 lut_exp=1 scna_layout=0 scna_width=0 qo_len=16 kv_len=2048 n_heads=12 n_kv_heads=2 head_dim=128 kv_head=0 worker=3 profiled_total=250 q_load=4 k_load=51 v_load=37 qk_dot=3 safe_sm=141 scna_exp=0 state_update=0 rowmax_mem=0 rowsum_reduce=0 rowmax_mem_ticks=0 rowsum_reduce_ticks=0 state_update_ticks=0 param_prepare=0 core_acc=6 o_scale=2 o_store=6
FIG8_ATTENTION_TIMERS mode=lut-exp layout=serial phase=measure iteration=8 lut_exp=1 scna_layout=0 scna_width=0 qo_len=16 kv_len=2048 n_heads=12 n_kv_heads=2 head_dim=128 kv_head=1 worker=2 profiled_total=248 q_load=4 k_load=53 v_load=38 qk_dot=5 safe_sm=135 scna_exp=0 state_update=0 rowmax_mem=0 rowsum_reduce=0 rowmax_mem_ticks=0 rowsum_reduce_ticks=0 state_update_ticks=0 param_prepare=0 core_acc=6 o_scale=1 o_store=6
FIG8_ATTENTION_EVENT_COUNT mode=lut-exp qo_len=16 phase=measure iteration=8 events=0 max_events=0 overflow=0
FIG8_ATTENTION_CHECKSUM mode=lut-exp layout=serial scna_width=8 seed=figure8_fixed phase=measure iteration=8 checksum=0x5d42da8efed27171
FIG8_ATTENTION_HOST_TIMING mode=lut-exp layout=serial variant=pair_static_d8 workers=0 q_task_rows=16 scna_width=8 seed=figure8_fixed mask_mode=full qo_len=16 kv_len=2048 n_heads=12 n_kv_heads=2 head_dim=128 phase=measure iteration=9 host_elapsed_us=500 ret=0
FIG8_ATTENTION_PROFILE_COUNT mode=lut-exp qo_len=16 phase=measure iteration=9 records=2 max_records=16
FIG8_ATTENTION_WORKERS mode=lut-exp variant=pair_static_d8 qo_len=16 phase=measure iteration=9 requested_workers=0 active_workers=2 hvx_contexts=6 vtcm_worker_cap=8 tasks=2 q_task_rows=16
FIG8_ATTENTION_TIMERS mode=lut-exp layout=serial phase=measure iteration=9 lut_exp=1 scna_layout=0 scna_width=0 qo_len=16 kv_len=2048 n_heads=12 n_kv_heads=2 head_dim=128 kv_head=0 worker=4 profiled_total=244 q_load=4 k_load=44 v_load=38 qk_dot=3 safe_sm=143 scna_exp=0 state_update=0 rowmax_mem=0 rowsum_reduce=0 rowmax_mem_ticks=0 rowsum_reduce_ticks=0 state_update_ticks=0 param_prepare=0 core_acc=5 o_scale=1 o_store=6
FIG8_ATTENTION_TIMERS mode=lut-exp layout=serial phase=measure iteration=9 lut_exp=1 scna_layout=0 scna_width=0 qo_len=16 kv_len=2048 n_heads=12 n_kv_heads=2 head_dim=128 kv_head=1 worker=5 profiled_total=244 q_load=4 k_load=48 v_load=37 qk_dot=3 safe_sm=139 scna_exp=0 state_update=0 rowmax_mem=0 rowsum_reduce=0 rowmax_mem_ticks=0 rowsum_reduce_ticks=0 state_update_ticks=0 param_prepare=0 core_acc=5 o_scale=2 o_store=6
FIG8_ATTENTION_EVENT_COUNT mode=lut-exp qo_len=16 phase=measure iteration=9 events=0 max_events=0 overflow=0
FIG8_ATTENTION_CHECKSUM mode=lut-exp layout=serial scna_width=8 seed=figure8_fixed phase=measure iteration=9 checksum=0x5d42da8efed27171
FIG8_ATTENTION_HOST_TIMING mode=lut-exp layout=serial variant=pair_static_d8 workers=0 q_task_rows=16 scna_width=8 seed=figure8_fixed mask_mode=full qo_len=16 kv_len=2048 n_heads=12 n_kv_heads=2 head_dim=128 phase=measure iteration=10 host_elapsed_us=498 ret=0
FIG8_ATTENTION_PROFILE_COUNT mode=lut-exp qo_len=16 phase=measure iteration=10 records=2 max_records=16
FIG8_ATTENTION_WORKERS mode=lut-exp variant=pair_static_d8 qo_len=16 phase=measure iteration=10 requested_workers=0 active_workers=2 hvx_contexts=6 vtcm_worker_cap=8 tasks=2 q_task_rows=16
FIG8_ATTENTION_TIMERS mode=lut-exp layout=serial phase=measure iteration=10 lut_exp=1 scna_layout=0 scna_width=0 qo_len=16 kv_len=2048 n_heads=12 n_kv_heads=2 head_dim=128 kv_head=1 worker=1 profiled_total=253 q_load=4 k_load=54 v_load=35 qk_dot=4 safe_sm=143 scna_exp=0 state_update=0 rowmax_mem=0 rowsum_reduce=0 rowmax_mem_ticks=0 rowsum_reduce_ticks=0 state_update_ticks=0 param_prepare=0 core_acc=5 o_scale=2 o_store=6
FIG8_ATTENTION_TIMERS mode=lut-exp layout=serial phase=measure iteration=10 lut_exp=1 scna_layout=0 scna_width=0 qo_len=16 kv_len=2048 n_heads=12 n_kv_heads=2 head_dim=128 kv_head=0 worker=0 profiled_total=255 q_load=4 k_load=52 v_load=38 qk_dot=3 safe_sm=144 scna_exp=0 state_update=0 rowmax_mem=0 rowsum_reduce=0 rowmax_mem_ticks=0 rowsum_reduce_ticks=0 state_update_ticks=0 param_prepare=0 core_acc=6 o_scale=2 o_store=6
FIG8_ATTENTION_EVENT_COUNT mode=lut-exp qo_len=16 phase=measure iteration=10 events=0 max_events=0 overflow=0
FIG8_ATTENTION_CHECKSUM mode=lut-exp layout=serial scna_width=8 seed=figure8_fixed phase=measure iteration=10 checksum=0x5d42da8efed27171
FIG8_ATTENTION_HOST_TIMING mode=lut-exp layout=serial variant=pair_static_d8 workers=0 q_task_rows=16 scna_width=8 seed=figure8_fixed mask_mode=full qo_len=16 kv_len=2048 n_heads=12 n_kv_heads=2 head_dim=128 phase=measure iteration=11 host_elapsed_us=497 ret=0
FIG8_ATTENTION_PROFILE_COUNT mode=lut-exp qo_len=16 phase=measure iteration=11 records=2 max_records=16
FIG8_ATTENTION_WORKERS mode=lut-exp variant=pair_static_d8 qo_len=16 phase=measure iteration=11 requested_workers=0 active_workers=2 hvx_contexts=6 vtcm_worker_cap=8 tasks=2 q_task_rows=16
FIG8_ATTENTION_TIMERS mode=lut-exp layout=serial phase=measure iteration=11 lut_exp=1 scna_layout=0 scna_width=0 qo_len=16 kv_len=2048 n_heads=12 n_kv_heads=2 head_dim=128 kv_head=0 worker=2 profiled_total=252 q_load=4 k_load=53 v_load=39 qk_dot=4 safe_sm=140 scna_exp=0 state_update=0 rowmax_mem=0 rowsum_reduce=0 rowmax_mem_ticks=0 rowsum_reduce_ticks=0 state_update_ticks=0 param_prepare=0 core_acc=5 o_scale=1 o_store=6
FIG8_ATTENTION_TIMERS mode=lut-exp layout=serial phase=measure iteration=11 lut_exp=1 scna_layout=0 scna_width=0 qo_len=16 kv_len=2048 n_heads=12 n_kv_heads=2 head_dim=128 kv_head=1 worker=3 profiled_total=252 q_load=4 k_load=55 v_load=39 qk_dot=3 safe_sm=136 scna_exp=0 state_update=0 rowmax_mem=0 rowsum_reduce=0 rowmax_mem_ticks=0 rowsum_reduce_ticks=0 state_update_ticks=0 param_prepare=0 core_acc=7 o_scale=2 o_store=6
FIG8_ATTENTION_EVENT_COUNT mode=lut-exp qo_len=16 phase=measure iteration=11 events=0 max_events=0 overflow=0
FIG8_ATTENTION_CHECKSUM mode=lut-exp layout=serial scna_width=8 seed=figure8_fixed phase=measure iteration=11 checksum=0x5d42da8efed27171
FIG8_ATTENTION_HOST_TIMING mode=lut-exp layout=serial variant=pair_static_d8 workers=0 q_task_rows=16 scna_width=8 seed=figure8_fixed mask_mode=full qo_len=16 kv_len=2048 n_heads=12 n_kv_heads=2 head_dim=128 phase=measure iteration=12 host_elapsed_us=497 ret=0
FIG8_ATTENTION_PROFILE_COUNT mode=lut-exp qo_len=16 phase=measure iteration=12 records=2 max_records=16
FIG8_ATTENTION_WORKERS mode=lut-exp variant=pair_static_d8 qo_len=16 phase=measure iteration=12 requested_workers=0 active_workers=2 hvx_contexts=6 vtcm_worker_cap=8 tasks=2 q_task_rows=16
FIG8_ATTENTION_TIMERS mode=lut-exp layout=serial phase=measure iteration=12 lut_exp=1 scna_layout=0 scna_width=0 qo_len=16 kv_len=2048 n_heads=12 n_kv_heads=2 head_dim=128 kv_head=0 worker=4 profiled_total=246 q_load=4 k_load=52 v_load=32 qk_dot=3 safe_sm=141 scna_exp=0 state_update=0 rowmax_mem=0 rowsum_reduce=0 rowmax_mem_ticks=0 rowsum_reduce_ticks=0 state_update_ticks=0 param_prepare=0 core_acc=6 o_scale=2 o_store=6
FIG8_ATTENTION_TIMERS mode=lut-exp layout=serial phase=measure iteration=12 lut_exp=1 scna_layout=0 scna_width=0 qo_len=16 kv_len=2048 n_heads=12 n_kv_heads=2 head_dim=128 kv_head=1 worker=5 profiled_total=248 q_load=4 k_load=54 v_load=33 qk_dot=4 safe_sm=140 scna_exp=0 state_update=0 rowmax_mem=0 rowsum_reduce=0 rowmax_mem_ticks=0 rowsum_reduce_ticks=0 state_update_ticks=0 param_prepare=0 core_acc=6 o_scale=1 o_store=6
FIG8_ATTENTION_EVENT_COUNT mode=lut-exp qo_len=16 phase=measure iteration=12 events=0 max_events=0 overflow=0
FIG8_ATTENTION_CHECKSUM mode=lut-exp layout=serial scna_width=8 seed=figure8_fixed phase=measure iteration=12 checksum=0x5d42da8efed27171
FIG8_ATTENTION_HOST_TIMING mode=lut-exp layout=serial variant=pair_static_d8 workers=0 q_task_rows=16 scna_width=8 seed=figure8_fixed mask_mode=full qo_len=16 kv_len=2048 n_heads=12 n_kv_heads=2 head_dim=128 phase=measure iteration=13 host_elapsed_us=498 ret=0
FIG8_ATTENTION_PROFILE_COUNT mode=lut-exp qo_len=16 phase=measure iteration=13 records=2 max_records=16
FIG8_ATTENTION_WORKERS mode=lut-exp variant=pair_static_d8 qo_len=16 phase=measure iteration=13 requested_workers=0 active_workers=2 hvx_contexts=6 vtcm_worker_cap=8 tasks=2 q_task_rows=16
FIG8_ATTENTION_TIMERS mode=lut-exp layout=serial phase=measure iteration=13 lut_exp=1 scna_layout=0 scna_width=0 qo_len=16 kv_len=2048 n_heads=12 n_kv_heads=2 head_dim=128 kv_head=1 worker=0 profiled_total=238 q_load=4 k_load=48 v_load=32 qk_dot=4 safe_sm=136 scna_exp=0 state_update=0 rowmax_mem=0 rowsum_reduce=0 rowmax_mem_ticks=0 rowsum_reduce_ticks=0 state_update_ticks=0 param_prepare=0 core_acc=6 o_scale=2 o_store=6
FIG8_ATTENTION_TIMERS mode=lut-exp layout=serial phase=measure iteration=13 lut_exp=1 scna_layout=0 scna_width=0 qo_len=16 kv_len=2048 n_heads=12 n_kv_heads=2 head_dim=128 kv_head=0 worker=1 profiled_total=238 q_load=4 k_load=45 v_load=31 qk_dot=3 safe_sm=142 scna_exp=0 state_update=0 rowmax_mem=0 rowsum_reduce=0 rowmax_mem_ticks=0 rowsum_reduce_ticks=0 state_update_ticks=0 param_prepare=0 core_acc=5 o_scale=2 o_store=6
FIG8_ATTENTION_EVENT_COUNT mode=lut-exp qo_len=16 phase=measure iteration=13 events=0 max_events=0 overflow=0
FIG8_ATTENTION_CHECKSUM mode=lut-exp layout=serial scna_width=8 seed=figure8_fixed phase=measure iteration=13 checksum=0x5d42da8efed27171
FIG8_ATTENTION_HOST_TIMING mode=lut-exp layout=serial variant=pair_static_d8 workers=0 q_task_rows=16 scna_width=8 seed=figure8_fixed mask_mode=full qo_len=16 kv_len=2048 n_heads=12 n_kv_heads=2 head_dim=128 phase=measure iteration=14 host_elapsed_us=406 ret=0
FIG8_ATTENTION_PROFILE_COUNT mode=lut-exp qo_len=16 phase=measure iteration=14 records=2 max_records=16
FIG8_ATTENTION_WORKERS mode=lut-exp variant=pair_static_d8 qo_len=16 phase=measure iteration=14 requested_workers=0 active_workers=2 hvx_contexts=6 vtcm_worker_cap=8 tasks=2 q_task_rows=16
FIG8_ATTENTION_TIMERS mode=lut-exp layout=serial phase=measure iteration=14 lut_exp=1 scna_layout=0 scna_width=0 qo_len=16 kv_len=2048 n_heads=12 n_kv_heads=2 head_dim=128 kv_head=1 worker=3 profiled_total=243 q_load=4 k_load=49 v_load=33 qk_dot=4 safe_sm=139 scna_exp=0 state_update=0 rowmax_mem=0 rowsum_reduce=0 rowmax_mem_ticks=0 rowsum_reduce_ticks=0 state_update_ticks=0 param_prepare=0 core_acc=7 o_scale=1 o_store=6
FIG8_ATTENTION_TIMERS mode=lut-exp layout=serial phase=measure iteration=14 lut_exp=1 scna_layout=0 scna_width=0 qo_len=16 kv_len=2048 n_heads=12 n_kv_heads=2 head_dim=128 kv_head=0 worker=2 profiled_total=244 q_load=4 k_load=48 v_load=33 qk_dot=4 safe_sm=141 scna_exp=0 state_update=0 rowmax_mem=0 rowsum_reduce=0 rowmax_mem_ticks=0 rowsum_reduce_ticks=0 state_update_ticks=0 param_prepare=0 core_acc=6 o_scale=2 o_store=6
FIG8_ATTENTION_EVENT_COUNT mode=lut-exp qo_len=16 phase=measure iteration=14 events=0 max_events=0 overflow=0
FIG8_ATTENTION_CHECKSUM mode=lut-exp layout=serial scna_width=8 seed=figure8_fixed phase=measure iteration=14 checksum=0x5d42da8efed27171
FIG8_ATTENTION_HOST_TIMING mode=lut-exp layout=serial variant=pair_static_d8 workers=0 q_task_rows=16 scna_width=8 seed=figure8_fixed mask_mode=full qo_len=16 kv_len=2048 n_heads=12 n_kv_heads=2 head_dim=128 phase=measure iteration=15 host_elapsed_us=388 ret=0
FIG8_ATTENTION_PROFILE_COUNT mode=lut-exp qo_len=16 phase=measure iteration=15 records=2 max_records=16
FIG8_ATTENTION_WORKERS mode=lut-exp variant=pair_static_d8 qo_len=16 phase=measure iteration=15 requested_workers=0 active_workers=2 hvx_contexts=6 vtcm_worker_cap=8 tasks=2 q_task_rows=16
FIG8_ATTENTION_TIMERS mode=lut-exp layout=serial phase=measure iteration=15 lut_exp=1 scna_layout=0 scna_width=0 qo_len=16 kv_len=2048 n_heads=12 n_kv_heads=2 head_dim=128 kv_head=1 worker=4 profiled_total=244 q_load=4 k_load=48 v_load=34 qk_dot=4 safe_sm=141 scna_exp=0 state_update=0 rowmax_mem=0 rowsum_reduce=0 rowmax_mem_ticks=0 rowsum_reduce_ticks=0 state_update_ticks=0 param_prepare=0 core_acc=5 o_scale=2 o_store=6
FIG8_ATTENTION_TIMERS mode=lut-exp layout=serial phase=measure iteration=15 lut_exp=1 scna_layout=0 scna_width=0 qo_len=16 kv_len=2048 n_heads=12 n_kv_heads=2 head_dim=128 kv_head=0 worker=5 profiled_total=242 q_load=4 k_load=51 v_load=33 qk_dot=3 safe_sm=138 scna_exp=0 state_update=0 rowmax_mem=0 rowsum_reduce=0 rowmax_mem_ticks=0 rowsum_reduce_ticks=0 state_update_ticks=0 param_prepare=0 core_acc=5 o_scale=2 o_store=6
FIG8_ATTENTION_EVENT_COUNT mode=lut-exp qo_len=16 phase=measure iteration=15 events=0 max_events=0 overflow=0
FIG8_ATTENTION_CHECKSUM mode=lut-exp layout=serial scna_width=8 seed=figure8_fixed phase=measure iteration=15 checksum=0x5d42da8efed27171
FIG8_ATTENTION_HOST_TIMING mode=lut-exp layout=serial variant=pair_static_d8 workers=0 q_task_rows=16 scna_width=8 seed=figure8_fixed mask_mode=full qo_len=16 kv_len=2048 n_heads=12 n_kv_heads=2 head_dim=128 phase=measure iteration=16 host_elapsed_us=522 ret=0
FIG8_ATTENTION_PROFILE_COUNT mode=lut-exp qo_len=16 phase=measure iteration=16 records=2 max_records=16
FIG8_ATTENTION_WORKERS mode=lut-exp variant=pair_static_d8 qo_len=16 phase=measure iteration=16 requested_workers=0 active_workers=2 hvx_contexts=6 vtcm_worker_cap=8 tasks=2 q_task_rows=16
FIG8_ATTENTION_TIMERS mode=lut-exp layout=serial phase=measure iteration=16 lut_exp=1 scna_layout=0 scna_width=0 qo_len=16 kv_len=2048 n_heads=12 n_kv_heads=2 head_dim=128 kv_head=0 worker=0 profiled_total=241 q_load=4 k_load=48 v_load=32 qk_dot=3 safe_sm=141 scna_exp=0 state_update=0 rowmax_mem=0 rowsum_reduce=0 rowmax_mem_ticks=0 rowsum_reduce_ticks=0 state_update_ticks=0 param_prepare=0 core_acc=6 o_scale=1 o_store=6
FIG8_ATTENTION_TIMERS mode=lut-exp layout=serial phase=measure iteration=16 lut_exp=1 scna_layout=0 scna_width=0 qo_len=16 kv_len=2048 n_heads=12 n_kv_heads=2 head_dim=128 kv_head=1 worker=1 profiled_total=243 q_load=4 k_load=50 v_load=31 qk_dot=4 safe_sm=139 scna_exp=0 state_update=0 rowmax_mem=0 rowsum_reduce=0 rowmax_mem_ticks=0 rowsum_reduce_ticks=0 state_update_ticks=0 param_prepare=0 core_acc=7 o_scale=2 o_store=6
FIG8_ATTENTION_EVENT_COUNT mode=lut-exp qo_len=16 phase=measure iteration=16 events=0 max_events=0 overflow=0
FIG8_ATTENTION_CHECKSUM mode=lut-exp layout=serial scna_width=8 seed=figure8_fixed phase=measure iteration=16 checksum=0x5d42da8efed27171
FIG8_ATTENTION_HOST_TIMING mode=lut-exp layout=serial variant=pair_static_d8 workers=0 q_task_rows=16 scna_width=8 seed=figure8_fixed mask_mode=full qo_len=16 kv_len=2048 n_heads=12 n_kv_heads=2 head_dim=128 phase=measure iteration=17 host_elapsed_us=538 ret=0
FIG8_ATTENTION_PROFILE_COUNT mode=lut-exp qo_len=16 phase=measure iteration=17 records=2 max_records=16
FIG8_ATTENTION_WORKERS mode=lut-exp variant=pair_static_d8 qo_len=16 phase=measure iteration=17 requested_workers=0 active_workers=2 hvx_contexts=6 vtcm_worker_cap=8 tasks=2 q_task_rows=16
FIG8_ATTENTION_TIMERS mode=lut-exp layout=serial phase=measure iteration=17 lut_exp=1 scna_layout=0 scna_width=0 qo_len=16 kv_len=2048 n_heads=12 n_kv_heads=2 head_dim=128 kv_head=0 worker=2 profiled_total=241 q_load=4 k_load=44 v_load=35 qk_dot=3 safe_sm=143 scna_exp=0 state_update=0 rowmax_mem=0 rowsum_reduce=0 rowmax_mem_ticks=0 rowsum_reduce_ticks=0 state_update_ticks=0 param_prepare=0 core_acc=5 o_scale=1 o_store=6
FIG8_ATTENTION_TIMERS mode=lut-exp layout=serial phase=measure iteration=17 lut_exp=1 scna_layout=0 scna_width=0 qo_len=16 kv_len=2048 n_heads=12 n_kv_heads=2 head_dim=128 kv_head=1 worker=3 profiled_total=242 q_load=4 k_load=49 v_load=34 qk_dot=4 safe_sm=138 scna_exp=0 state_update=0 rowmax_mem=0 rowsum_reduce=0 rowmax_mem_ticks=0 rowsum_reduce_ticks=0 state_update_ticks=0 param_prepare=0 core_acc=5 o_scale=2 o_store=6
FIG8_ATTENTION_EVENT_COUNT mode=lut-exp qo_len=16 phase=measure iteration=17 events=0 max_events=0 overflow=0
FIG8_ATTENTION_CHECKSUM mode=lut-exp layout=serial scna_width=8 seed=figure8_fixed phase=measure iteration=17 checksum=0x5d42da8efed27171
FIG8_ATTENTION_HOST_TIMING mode=lut-exp layout=serial variant=pair_static_d8 workers=0 q_task_rows=16 scna_width=8 seed=figure8_fixed mask_mode=full qo_len=16 kv_len=2048 n_heads=12 n_kv_heads=2 head_dim=128 phase=measure iteration=18 host_elapsed_us=385 ret=0
FIG8_ATTENTION_PROFILE_COUNT mode=lut-exp qo_len=16 phase=measure iteration=18 records=2 max_records=16
FIG8_ATTENTION_WORKERS mode=lut-exp variant=pair_static_d8 qo_len=16 phase=measure iteration=18 requested_workers=0 active_workers=2 hvx_contexts=6 vtcm_worker_cap=8 tasks=2 q_task_rows=16
FIG8_ATTENTION_TIMERS mode=lut-exp layout=serial phase=measure iteration=18 lut_exp=1 scna_layout=0 scna_width=0 qo_len=16 kv_len=2048 n_heads=12 n_kv_heads=2 head_dim=128 kv_head=0 worker=4 profiled_total=243 q_load=4 k_load=49 v_load=33 qk_dot=4 safe_sm=139 scna_exp=0 state_update=0 rowmax_mem=0 rowsum_reduce=0 rowmax_mem_ticks=0 rowsum_reduce_ticks=0 state_update_ticks=0 param_prepare=0 core_acc=6 o_scale=2 o_store=6
FIG8_ATTENTION_TIMERS mode=lut-exp layout=serial phase=measure iteration=18 lut_exp=1 scna_layout=0 scna_width=0 qo_len=16 kv_len=2048 n_heads=12 n_kv_heads=2 head_dim=128 kv_head=1 worker=5 profiled_total=243 q_load=4 k_load=50 v_load=34 qk_dot=4 safe_sm=138 scna_exp=0 state_update=0 rowmax_mem=0 rowsum_reduce=0 rowmax_mem_ticks=0 rowsum_reduce_ticks=0 state_update_ticks=0 param_prepare=0 core_acc=6 o_scale=1 o_store=6
FIG8_ATTENTION_EVENT_COUNT mode=lut-exp qo_len=16 phase=measure iteration=18 events=0 max_events=0 overflow=0
FIG8_ATTENTION_CHECKSUM mode=lut-exp layout=serial scna_width=8 seed=figure8_fixed phase=measure iteration=18 checksum=0x5d42da8efed27171
FIG8_ATTENTION_HOST_TIMING mode=lut-exp layout=serial variant=pair_static_d8 workers=0 q_task_rows=16 scna_width=8 seed=figure8_fixed mask_mode=full qo_len=16 kv_len=2048 n_heads=12 n_kv_heads=2 head_dim=128 phase=measure iteration=19 host_elapsed_us=379 ret=0
FIG8_ATTENTION_PROFILE_COUNT mode=lut-exp qo_len=16 phase=measure iteration=19 records=2 max_records=16
FIG8_ATTENTION_WORKERS mode=lut-exp variant=pair_static_d8 qo_len=16 phase=measure iteration=19 requested_workers=0 active_workers=2 hvx_contexts=6 vtcm_worker_cap=8 tasks=2 q_task_rows=16
FIG8_ATTENTION_TIMERS mode=lut-exp layout=serial phase=measure iteration=19 lut_exp=1 scna_layout=0 scna_width=0 qo_len=16 kv_len=2048 n_heads=12 n_kv_heads=2 head_dim=128 kv_head=0 worker=1 profiled_total=233 q_load=4 k_load=42 v_load=32 qk_dot=3 safe_sm=139 scna_exp=0 state_update=0 rowmax_mem=0 rowsum_reduce=0 rowmax_mem_ticks=0 rowsum_reduce_ticks=0 state_update_ticks=0 param_prepare=0 core_acc=5 o_scale=2 o_store=6
FIG8_ATTENTION_TIMERS mode=lut-exp layout=serial phase=measure iteration=19 lut_exp=1 scna_layout=0 scna_width=0 qo_len=16 kv_len=2048 n_heads=12 n_kv_heads=2 head_dim=128 kv_head=1 worker=0 profiled_total=231 q_load=4 k_load=46 v_load=31 qk_dot=3 safe_sm=135 scna_exp=0 state_update=0 rowmax_mem=0 rowsum_reduce=0 rowmax_mem_ticks=0 rowsum_reduce_ticks=0 state_update_ticks=0 param_prepare=0 core_acc=4 o_scale=2 o_store=6
FIG8_ATTENTION_EVENT_COUNT mode=lut-exp qo_len=16 phase=measure iteration=19 events=0 max_events=0 overflow=0
FIG8_ATTENTION_CHECKSUM mode=lut-exp layout=serial scna_width=8 seed=figure8_fixed phase=measure iteration=19 checksum=0x5d42da8efed27171
