alloc_shared_mem_buf: buf=0x7152feb000 fd=12 size=24576 flags=FASTRPC_MAP_FD
alloc_shared_mem_buf: buf=0x6eaf600000 fd=13 size=2097152 flags=FASTRPC_MAP_FD
alloc_shared_mem_buf: buf=0x6eaf400000 fd=14 size=2097152 flags=FASTRPC_MAP_FD
alloc_shared_mem_buf: buf=0x7152f0f000 fd=15 size=24576 flags=FASTRPC_MAP_FD
alloc_shared_mem_buf: buf=0x7152ebb000 fd=16 size=32768 flags=FASTRPC_MAP_FD
alloc_shared_mem_buf: buf=0x714fe40000 fd=17 size=233472 flags=FASTRPC_MAP_FD
alloc_shared_mem_buf: buf=0x715316d000 fd=18 size=4096 flags=FASTRPC_MAP_FD
No-op channel request completed
FIG8_ATTENTION_CONFIG mode=scna-fp16 mask_mode=full qo_len=4 kv_len=4096 n_heads=12 n_kv_heads=2 head_dim=128 warmup=5 iters=20 scna_width=16 q_size=24576 kv_size=2097152 mask_size=32768 profile_size=233472 profile_max_records=10 profile_max_events=3224 mode_flags=4 print_events=0
FIG8_ATTENTION_HOST_TIMING mode=scna-fp16 scna_width=16 qo_len=4 kv_len=4096 n_heads=12 n_kv_heads=2 head_dim=128 phase=warmup iteration=0 host_elapsed_us=1186 ret=0
FIG8_ATTENTION_PROFILE_COUNT mode=scna-fp16 qo_len=4 phase=warmup iteration=0 records=2 max_records=10
FIG8_ATTENTION_TIMERS mode=scna-fp16 phase=warmup iteration=0 lut_exp=0 nonlinear_mode=1 scna_width=16 scna_exp=123 qo_len=4 kv_len=4096 n_heads=12 n_kv_heads=2 head_dim=128 kv_head=0 worker=0 profiled_total=406 q_load=2 k_load=74 v_load=164 qk_dot=3 safe_sm=156 core_acc=3 o_scale=0 o_store=4
FIG8_ATTENTION_TIMERS mode=scna-fp16 phase=warmup iteration=0 lut_exp=0 nonlinear_mode=1 scna_width=16 scna_exp=113 qo_len=4 kv_len=4096 n_heads=12 n_kv_heads=2 head_dim=128 kv_head=1 worker=0 profiled_total=389 q_load=1 k_load=73 v_load=167 qk_dot=2 safe_sm=144 core_acc=1 o_scale=0 o_store=1
FIG8_ATTENTION_EVENT_COUNT mode=scna-fp16 qo_len=4 phase=warmup iteration=0 events=16 max_events=3224 overflow=0
FIG8_ATTENTION_HOST_TIMING mode=scna-fp16 scna_width=16 qo_len=4 kv_len=4096 n_heads=12 n_kv_heads=2 head_dim=128 phase=warmup iteration=1 host_elapsed_us=1139 ret=0
FIG8_ATTENTION_PROFILE_COUNT mode=scna-fp16 qo_len=4 phase=warmup iteration=1 records=2 max_records=10
FIG8_ATTENTION_TIMERS mode=scna-fp16 phase=warmup iteration=1 lut_exp=0 nonlinear_mode=1 scna_width=16 scna_exp=110 qo_len=4 kv_len=4096 n_heads=12 n_kv_heads=2 head_dim=128 kv_head=0 worker=0 profiled_total=422 q_load=1 k_load=143 v_load=141 qk_dot=2 safe_sm=132 core_acc=2 o_scale=0 o_store=1
FIG8_ATTENTION_TIMERS mode=scna-fp16 phase=warmup iteration=1 lut_exp=0 nonlinear_mode=1 scna_width=16 scna_exp=109 qo_len=4 kv_len=4096 n_heads=12 n_kv_heads=2 head_dim=128 kv_head=1 worker=0 profiled_total=429 q_load=1 k_load=150 v_load=145 qk_dot=2 safe_sm=128 core_acc=1 o_scale=0 o_store=2
FIG8_ATTENTION_EVENT_COUNT mode=scna-fp16 qo_len=4 phase=warmup iteration=1 events=16 max_events=3224 overflow=0
FIG8_ATTENTION_HOST_TIMING mode=scna-fp16 scna_width=16 qo_len=4 kv_len=4096 n_heads=12 n_kv_heads=2 head_dim=128 phase=warmup iteration=2 host_elapsed_us=1115 ret=0
FIG8_ATTENTION_PROFILE_COUNT mode=scna-fp16 qo_len=4 phase=warmup iteration=2 records=2 max_records=10
FIG8_ATTENTION_TIMERS mode=scna-fp16 phase=warmup iteration=2 lut_exp=0 nonlinear_mode=1 scna_width=16 scna_exp=110 qo_len=4 kv_len=4096 n_heads=12 n_kv_heads=2 head_dim=128 kv_head=0 worker=0 profiled_total=425 q_load=1 k_load=151 v_load=139 qk_dot=2 safe_sm=130 core_acc=1 o_scale=0 o_store=1
FIG8_ATTENTION_TIMERS mode=scna-fp16 phase=warmup iteration=2 lut_exp=0 nonlinear_mode=1 scna_width=16 scna_exp=109 qo_len=4 kv_len=4096 n_heads=12 n_kv_heads=2 head_dim=128 kv_head=1 worker=0 profiled_total=436 q_load=1 k_load=158 v_load=143 qk_dot=2 safe_sm=129 core_acc=1 o_scale=0 o_store=2
FIG8_ATTENTION_EVENT_COUNT mode=scna-fp16 qo_len=4 phase=warmup iteration=2 events=16 max_events=3224 overflow=0
FIG8_ATTENTION_HOST_TIMING mode=scna-fp16 scna_width=16 qo_len=4 kv_len=4096 n_heads=12 n_kv_heads=2 head_dim=128 phase=warmup iteration=3 host_elapsed_us=1107 ret=0
FIG8_ATTENTION_PROFILE_COUNT mode=scna-fp16 qo_len=4 phase=warmup iteration=3 records=2 max_records=10
FIG8_ATTENTION_TIMERS mode=scna-fp16 phase=warmup iteration=3 lut_exp=0 nonlinear_mode=1 scna_width=16 scna_exp=110 qo_len=4 kv_len=4096 n_heads=12 n_kv_heads=2 head_dim=128 kv_head=0 worker=0 profiled_total=432 q_load=1 k_load=153 v_load=143 qk_dot=2 safe_sm=130 core_acc=1 o_scale=1 o_store=1
FIG8_ATTENTION_TIMERS mode=scna-fp16 phase=warmup iteration=3 lut_exp=0 nonlinear_mode=1 scna_width=16 scna_exp=109 qo_len=4 kv_len=4096 n_heads=12 n_kv_heads=2 head_dim=128 kv_head=1 worker=0 profiled_total=424 q_load=1 k_load=145 v_load=144 qk_dot=2 safe_sm=129 core_acc=1 o_scale=0 o_store=2
FIG8_ATTENTION_EVENT_COUNT mode=scna-fp16 qo_len=4 phase=warmup iteration=3 events=16 max_events=3224 overflow=0
FIG8_ATTENTION_HOST_TIMING mode=scna-fp16 scna_width=16 qo_len=4 kv_len=4096 n_heads=12 n_kv_heads=2 head_dim=128 phase=warmup iteration=4 host_elapsed_us=1112 ret=0
FIG8_ATTENTION_PROFILE_COUNT mode=scna-fp16 qo_len=4 phase=warmup iteration=4 records=2 max_records=10
FIG8_ATTENTION_TIMERS mode=scna-fp16 phase=warmup iteration=4 lut_exp=0 nonlinear_mode=1 scna_width=16 scna_exp=110 qo_len=4 kv_len=4096 n_heads=12 n_kv_heads=2 head_dim=128 kv_head=0 worker=0 profiled_total=412 q_load=1 k_load=143 v_load=134 qk_dot=2 safe_sm=130 core_acc=1 o_scale=0 o_store=1
FIG8_ATTENTION_TIMERS mode=scna-fp16 phase=warmup iteration=4 lut_exp=0 nonlinear_mode=1 scna_width=16 scna_exp=109 qo_len=4 kv_len=4096 n_heads=12 n_kv_heads=2 head_dim=128 kv_head=1 worker=0 profiled_total=434 q_load=1 k_load=157 v_load=142 qk_dot=2 safe_sm=129 core_acc=1 o_scale=0 o_store=2
FIG8_ATTENTION_EVENT_COUNT mode=scna-fp16 qo_len=4 phase=warmup iteration=4 events=16 max_events=3224 overflow=0
FIG8_ATTENTION_HOST_TIMING mode=scna-fp16 scna_width=16 qo_len=4 kv_len=4096 n_heads=12 n_kv_heads=2 head_dim=128 phase=measure iteration=0 host_elapsed_us=1097 ret=0
FIG8_ATTENTION_PROFILE_COUNT mode=scna-fp16 qo_len=4 phase=measure iteration=0 records=2 max_records=10
FIG8_ATTENTION_TIMERS mode=scna-fp16 phase=measure iteration=0 lut_exp=0 nonlinear_mode=1 scna_width=16 scna_exp=110 qo_len=4 kv_len=4096 n_heads=12 n_kv_heads=2 head_dim=128 kv_head=0 worker=0 profiled_total=420 q_load=1 k_load=141 v_load=143 qk_dot=2 safe_sm=130 core_acc=1 o_scale=1 o_store=1
FIG8_ATTENTION_TIMERS mode=scna-fp16 phase=measure iteration=0 lut_exp=0 nonlinear_mode=1 scna_width=16 scna_exp=109 qo_len=4 kv_len=4096 n_heads=12 n_kv_heads=2 head_dim=128 kv_head=1 worker=0 profiled_total=425 q_load=1 k_load=146 v_load=143 qk_dot=2 safe_sm=130 core_acc=1 o_scale=0 o_store=2
FIG8_ATTENTION_EVENT_COUNT mode=scna-fp16 qo_len=4 phase=measure iteration=0 events=16 max_events=3224 overflow=0
FIG8_ATTENTION_HOST_TIMING mode=scna-fp16 scna_width=16 qo_len=4 kv_len=4096 n_heads=12 n_kv_heads=2 head_dim=128 phase=measure iteration=1 host_elapsed_us=1094 ret=0
FIG8_ATTENTION_PROFILE_COUNT mode=scna-fp16 qo_len=4 phase=measure iteration=1 records=2 max_records=10
FIG8_ATTENTION_TIMERS mode=scna-fp16 phase=measure iteration=1 lut_exp=0 nonlinear_mode=1 scna_width=16 scna_exp=109 qo_len=4 kv_len=4096 n_heads=12 n_kv_heads=2 head_dim=128 kv_head=0 worker=0 profiled_total=408 q_load=1 k_load=141 v_load=133 qk_dot=2 safe_sm=129 core_acc=1 o_scale=0 o_store=1
FIG8_ATTENTION_TIMERS mode=scna-fp16 phase=measure iteration=1 lut_exp=0 nonlinear_mode=1 scna_width=16 scna_exp=109 qo_len=4 kv_len=4096 n_heads=12 n_kv_heads=2 head_dim=128 kv_head=1 worker=0 profiled_total=435 q_load=1 k_load=156 v_load=144 qk_dot=2 safe_sm=129 core_acc=1 o_scale=0 o_store=2
FIG8_ATTENTION_EVENT_COUNT mode=scna-fp16 qo_len=4 phase=measure iteration=1 events=16 max_events=3224 overflow=0
FIG8_ATTENTION_HOST_TIMING mode=scna-fp16 scna_width=16 qo_len=4 kv_len=4096 n_heads=12 n_kv_heads=2 head_dim=128 phase=measure iteration=2 host_elapsed_us=1095 ret=0
FIG8_ATTENTION_PROFILE_COUNT mode=scna-fp16 qo_len=4 phase=measure iteration=2 records=2 max_records=10
FIG8_ATTENTION_TIMERS mode=scna-fp16 phase=measure iteration=2 lut_exp=0 nonlinear_mode=1 scna_width=16 scna_exp=110 qo_len=4 kv_len=4096 n_heads=12 n_kv_heads=2 head_dim=128 kv_head=0 worker=0 profiled_total=428 q_load=1 k_load=153 v_load=138 qk_dot=2 safe_sm=130 core_acc=2 o_scale=1 o_store=1
FIG8_ATTENTION_TIMERS mode=scna-fp16 phase=measure iteration=2 lut_exp=0 nonlinear_mode=1 scna_width=16 scna_exp=109 qo_len=4 kv_len=4096 n_heads=12 n_kv_heads=2 head_dim=128 kv_head=1 worker=0 profiled_total=411 q_load=1 k_load=141 v_load=135 qk_dot=2 safe_sm=129 core_acc=1 o_scale=0 o_store=2
FIG8_ATTENTION_EVENT_COUNT mode=scna-fp16 qo_len=4 phase=measure iteration=2 events=16 max_events=3224 overflow=0
FIG8_ATTENTION_HOST_TIMING mode=scna-fp16 scna_width=16 qo_len=4 kv_len=4096 n_heads=12 n_kv_heads=2 head_dim=128 phase=measure iteration=3 host_elapsed_us=1096 ret=0
FIG8_ATTENTION_PROFILE_COUNT mode=scna-fp16 qo_len=4 phase=measure iteration=3 records=2 max_records=10
FIG8_ATTENTION_TIMERS mode=scna-fp16 phase=measure iteration=3 lut_exp=0 nonlinear_mode=1 scna_width=16 scna_exp=110 qo_len=4 kv_len=4096 n_heads=12 n_kv_heads=2 head_dim=128 kv_head=0 worker=0 profiled_total=412 q_load=1 k_load=142 v_load=134 qk_dot=2 safe_sm=130 core_acc=1 o_scale=1 o_store=1
FIG8_ATTENTION_TIMERS mode=scna-fp16 phase=measure iteration=3 lut_exp=0 nonlinear_mode=1 scna_width=16 scna_exp=109 qo_len=4 kv_len=4096 n_heads=12 n_kv_heads=2 head_dim=128 kv_head=1 worker=0 profiled_total=430 q_load=1 k_load=153 v_load=143 qk_dot=2 safe_sm=128 core_acc=1 o_scale=0 o_store=2
FIG8_ATTENTION_EVENT_COUNT mode=scna-fp16 qo_len=4 phase=measure iteration=3 events=16 max_events=3224 overflow=0
FIG8_ATTENTION_HOST_TIMING mode=scna-fp16 scna_width=16 qo_len=4 kv_len=4096 n_heads=12 n_kv_heads=2 head_dim=128 phase=measure iteration=4 host_elapsed_us=1095 ret=0
FIG8_ATTENTION_PROFILE_COUNT mode=scna-fp16 qo_len=4 phase=measure iteration=4 records=2 max_records=10
FIG8_ATTENTION_TIMERS mode=scna-fp16 phase=measure iteration=4 lut_exp=0 nonlinear_mode=1 scna_width=16 scna_exp=110 qo_len=4 kv_len=4096 n_heads=12 n_kv_heads=2 head_dim=128 kv_head=0 worker=0 profiled_total=420 q_load=1 k_load=143 v_load=142 qk_dot=2 safe_sm=130 core_acc=1 o_scale=0 o_store=1
FIG8_ATTENTION_TIMERS mode=scna-fp16 phase=measure iteration=4 lut_exp=0 nonlinear_mode=1 scna_width=16 scna_exp=109 qo_len=4 kv_len=4096 n_heads=12 n_kv_heads=2 head_dim=128 kv_head=1 worker=0 profiled_total=424 q_load=1 k_load=152 v_load=138 qk_dot=2 safe_sm=128 core_acc=1 o_scale=0 o_store=2
FIG8_ATTENTION_EVENT_COUNT mode=scna-fp16 qo_len=4 phase=measure iteration=4 events=16 max_events=3224 overflow=0
FIG8_ATTENTION_HOST_TIMING mode=scna-fp16 scna_width=16 qo_len=4 kv_len=4096 n_heads=12 n_kv_heads=2 head_dim=128 phase=measure iteration=5 host_elapsed_us=1095 ret=0
FIG8_ATTENTION_PROFILE_COUNT mode=scna-fp16 qo_len=4 phase=measure iteration=5 records=2 max_records=10
FIG8_ATTENTION_TIMERS mode=scna-fp16 phase=measure iteration=5 lut_exp=0 nonlinear_mode=1 scna_width=16 scna_exp=109 qo_len=4 kv_len=4096 n_heads=12 n_kv_heads=2 head_dim=128 kv_head=0 worker=0 profiled_total=419 q_load=1 k_load=147 v_load=137 qk_dot=2 safe_sm=130 core_acc=1 o_scale=0 o_store=1
FIG8_ATTENTION_TIMERS mode=scna-fp16 phase=measure iteration=5 lut_exp=0 nonlinear_mode=1 scna_width=16 scna_exp=109 qo_len=4 kv_len=4096 n_heads=12 n_kv_heads=2 head_dim=128 kv_head=1 worker=0 profiled_total=421 q_load=1 k_load=148 v_load=138 qk_dot=2 safe_sm=129 core_acc=1 o_scale=0 o_store=2
FIG8_ATTENTION_EVENT_COUNT mode=scna-fp16 qo_len=4 phase=measure iteration=5 events=16 max_events=3224 overflow=0
FIG8_ATTENTION_HOST_TIMING mode=scna-fp16 scna_width=16 qo_len=4 kv_len=4096 n_heads=12 n_kv_heads=2 head_dim=128 phase=measure iteration=6 host_elapsed_us=1099 ret=0
FIG8_ATTENTION_PROFILE_COUNT mode=scna-fp16 qo_len=4 phase=measure iteration=6 records=2 max_records=10
FIG8_ATTENTION_TIMERS mode=scna-fp16 phase=measure iteration=6 lut_exp=0 nonlinear_mode=1 scna_width=16 scna_exp=109 qo_len=4 kv_len=4096 n_heads=12 n_kv_heads=2 head_dim=128 kv_head=0 worker=0 profiled_total=414 q_load=1 k_load=141 v_load=140 qk_dot=2 safe_sm=128 core_acc=1 o_scale=0 o_store=1
FIG8_ATTENTION_TIMERS mode=scna-fp16 phase=measure iteration=6 lut_exp=0 nonlinear_mode=1 scna_width=16 scna_exp=109 qo_len=4 kv_len=4096 n_heads=12 n_kv_heads=2 head_dim=128 kv_head=1 worker=0 profiled_total=426 q_load=1 k_load=149 v_load=143 qk_dot=2 safe_sm=128 core_acc=1 o_scale=0 o_store=2
FIG8_ATTENTION_EVENT_COUNT mode=scna-fp16 qo_len=4 phase=measure iteration=6 events=16 max_events=3224 overflow=0
FIG8_ATTENTION_HOST_TIMING mode=scna-fp16 scna_width=16 qo_len=4 kv_len=4096 n_heads=12 n_kv_heads=2 head_dim=128 phase=measure iteration=7 host_elapsed_us=1100 ret=0
FIG8_ATTENTION_PROFILE_COUNT mode=scna-fp16 qo_len=4 phase=measure iteration=7 records=2 max_records=10
FIG8_ATTENTION_TIMERS mode=scna-fp16 phase=measure iteration=7 lut_exp=0 nonlinear_mode=1 scna_width=16 scna_exp=110 qo_len=4 kv_len=4096 n_heads=12 n_kv_heads=2 head_dim=128 kv_head=0 worker=0 profiled_total=420 q_load=0 k_load=150 v_load=135 qk_dot=2 safe_sm=131 core_acc=1 o_scale=0 o_store=1
FIG8_ATTENTION_TIMERS mode=scna-fp16 phase=measure iteration=7 lut_exp=0 nonlinear_mode=1 scna_width=16 scna_exp=109 qo_len=4 kv_len=4096 n_heads=12 n_kv_heads=2 head_dim=128 kv_head=1 worker=0 profiled_total=418 q_load=1 k_load=154 v_load=129 qk_dot=2 safe_sm=129 core_acc=1 o_scale=0 o_store=2
FIG8_ATTENTION_EVENT_COUNT mode=scna-fp16 qo_len=4 phase=measure iteration=7 events=16 max_events=3224 overflow=0
FIG8_ATTENTION_HOST_TIMING mode=scna-fp16 scna_width=16 qo_len=4 kv_len=4096 n_heads=12 n_kv_heads=2 head_dim=128 phase=measure iteration=8 host_elapsed_us=1098 ret=0
FIG8_ATTENTION_PROFILE_COUNT mode=scna-fp16 qo_len=4 phase=measure iteration=8 records=2 max_records=10
FIG8_ATTENTION_TIMERS mode=scna-fp16 phase=measure iteration=8 lut_exp=0 nonlinear_mode=1 scna_width=16 scna_exp=109 qo_len=4 kv_len=4096 n_heads=12 n_kv_heads=2 head_dim=128 kv_head=0 worker=0 profiled_total=410 q_load=1 k_load=136 v_load=140 qk_dot=2 safe_sm=129 core_acc=1 o_scale=0 o_store=1
FIG8_ATTENTION_TIMERS mode=scna-fp16 phase=measure iteration=8 lut_exp=0 nonlinear_mode=1 scna_width=16 scna_exp=109 qo_len=4 kv_len=4096 n_heads=12 n_kv_heads=2 head_dim=128 kv_head=1 worker=0 profiled_total=423 q_load=1 k_load=143 v_load=143 qk_dot=2 safe_sm=131 core_acc=1 o_scale=0 o_store=2
FIG8_ATTENTION_EVENT_COUNT mode=scna-fp16 qo_len=4 phase=measure iteration=8 events=16 max_events=3224 overflow=0
FIG8_ATTENTION_HOST_TIMING mode=scna-fp16 scna_width=16 qo_len=4 kv_len=4096 n_heads=12 n_kv_heads=2 head_dim=128 phase=measure iteration=9 host_elapsed_us=1111 ret=0
FIG8_ATTENTION_PROFILE_COUNT mode=scna-fp16 qo_len=4 phase=measure iteration=9 records=2 max_records=10
FIG8_ATTENTION_TIMERS mode=scna-fp16 phase=measure iteration=9 lut_exp=0 nonlinear_mode=1 scna_width=16 scna_exp=109 qo_len=4 kv_len=4096 n_heads=12 n_kv_heads=2 head_dim=128 kv_head=0 worker=0 profiled_total=413 q_load=1 k_load=146 v_load=132 qk_dot=2 safe_sm=130 core_acc=1 o_scale=0 o_store=1
FIG8_ATTENTION_TIMERS mode=scna-fp16 phase=measure iteration=9 lut_exp=0 nonlinear_mode=1 scna_width=16 scna_exp=109 qo_len=4 kv_len=4096 n_heads=12 n_kv_heads=2 head_dim=128 kv_head=1 worker=0 profiled_total=427 q_load=1 k_load=155 v_load=137 qk_dot=2 safe_sm=129 core_acc=1 o_scale=0 o_store=2
FIG8_ATTENTION_EVENT_COUNT mode=scna-fp16 qo_len=4 phase=measure iteration=9 events=16 max_events=3224 overflow=0
FIG8_ATTENTION_HOST_TIMING mode=scna-fp16 scna_width=16 qo_len=4 kv_len=4096 n_heads=12 n_kv_heads=2 head_dim=128 phase=measure iteration=10 host_elapsed_us=1210 ret=0
FIG8_ATTENTION_PROFILE_COUNT mode=scna-fp16 qo_len=4 phase=measure iteration=10 records=2 max_records=10
FIG8_ATTENTION_TIMERS mode=scna-fp16 phase=measure iteration=10 lut_exp=0 nonlinear_mode=1 scna_width=16 scna_exp=112 qo_len=4 kv_len=4096 n_heads=12 n_kv_heads=2 head_dim=128 kv_head=0 worker=0 profiled_total=480 q_load=0 k_load=179 v_load=159 qk_dot=2 safe_sm=138 core_acc=1 o_scale=0 o_store=1
FIG8_ATTENTION_TIMERS mode=scna-fp16 phase=measure iteration=10 lut_exp=0 nonlinear_mode=1 scna_width=16 scna_exp=112 qo_len=4 kv_len=4096 n_heads=12 n_kv_heads=2 head_dim=128 kv_head=1 worker=0 profiled_total=503 q_load=1 k_load=192 v_load=166 qk_dot=2 safe_sm=139 core_acc=1 o_scale=0 o_store=2
FIG8_ATTENTION_EVENT_COUNT mode=scna-fp16 qo_len=4 phase=measure iteration=10 events=16 max_events=3224 overflow=0
FIG8_ATTENTION_HOST_TIMING mode=scna-fp16 scna_width=16 qo_len=4 kv_len=4096 n_heads=12 n_kv_heads=2 head_dim=128 phase=measure iteration=11 host_elapsed_us=1219 ret=0
FIG8_ATTENTION_PROFILE_COUNT mode=scna-fp16 qo_len=4 phase=measure iteration=11 records=2 max_records=10
FIG8_ATTENTION_TIMERS mode=scna-fp16 phase=measure iteration=11 lut_exp=0 nonlinear_mode=1 scna_width=16 scna_exp=112 qo_len=4 kv_len=4096 n_heads=12 n_kv_heads=2 head_dim=128 kv_head=0 worker=0 profiled_total=483 q_load=1 k_load=180 v_load=159 qk_dot=2 safe_sm=139 core_acc=1 o_scale=0 o_store=1
FIG8_ATTENTION_TIMERS mode=scna-fp16 phase=measure iteration=11 lut_exp=0 nonlinear_mode=1 scna_width=16 scna_exp=111 qo_len=4 kv_len=4096 n_heads=12 n_kv_heads=2 head_dim=128 kv_head=1 worker=0 profiled_total=485 q_load=1 k_load=183 v_load=159 qk_dot=2 safe_sm=137 core_acc=1 o_scale=0 o_store=2
FIG8_ATTENTION_EVENT_COUNT mode=scna-fp16 qo_len=4 phase=measure iteration=11 events=16 max_events=3224 overflow=0
FIG8_ATTENTION_HOST_TIMING mode=scna-fp16 scna_width=16 qo_len=4 kv_len=4096 n_heads=12 n_kv_heads=2 head_dim=128 phase=measure iteration=12 host_elapsed_us=1247 ret=0
FIG8_ATTENTION_PROFILE_COUNT mode=scna-fp16 qo_len=4 phase=measure iteration=12 records=2 max_records=10
FIG8_ATTENTION_TIMERS mode=scna-fp16 phase=measure iteration=12 lut_exp=0 nonlinear_mode=1 scna_width=16 scna_exp=111 qo_len=4 kv_len=4096 n_heads=12 n_kv_heads=2 head_dim=128 kv_head=0 worker=0 profiled_total=480 q_load=1 k_load=179 v_load=157 qk_dot=2 safe_sm=138 core_acc=1 o_scale=1 o_store=1
FIG8_ATTENTION_TIMERS mode=scna-fp16 phase=measure iteration=12 lut_exp=0 nonlinear_mode=1 scna_width=16 scna_exp=111 qo_len=4 kv_len=4096 n_heads=12 n_kv_heads=2 head_dim=128 kv_head=1 worker=0 profiled_total=482 q_load=1 k_load=180 v_load=157 qk_dot=2 safe_sm=139 core_acc=1 o_scale=0 o_store=2
FIG8_ATTENTION_EVENT_COUNT mode=scna-fp16 qo_len=4 phase=measure iteration=12 events=16 max_events=3224 overflow=0
FIG8_ATTENTION_HOST_TIMING mode=scna-fp16 scna_width=16 qo_len=4 kv_len=4096 n_heads=12 n_kv_heads=2 head_dim=128 phase=measure iteration=13 host_elapsed_us=1255 ret=0
FIG8_ATTENTION_PROFILE_COUNT mode=scna-fp16 qo_len=4 phase=measure iteration=13 records=2 max_records=10
FIG8_ATTENTION_TIMERS mode=scna-fp16 phase=measure iteration=13 lut_exp=0 nonlinear_mode=1 scna_width=16 scna_exp=111 qo_len=4 kv_len=4096 n_heads=12 n_kv_heads=2 head_dim=128 kv_head=0 worker=0 profiled_total=474 q_load=1 k_load=174 v_load=157 qk_dot=2 safe_sm=137 core_acc=1 o_scale=1 o_store=1
FIG8_ATTENTION_TIMERS mode=scna-fp16 phase=measure iteration=13 lut_exp=0 nonlinear_mode=1 scna_width=16 scna_exp=111 qo_len=4 kv_len=4096 n_heads=12 n_kv_heads=2 head_dim=128 kv_head=1 worker=0 profiled_total=486 q_load=1 k_load=183 v_load=161 qk_dot=2 safe_sm=136 core_acc=1 o_scale=0 o_store=2
FIG8_ATTENTION_EVENT_COUNT mode=scna-fp16 qo_len=4 phase=measure iteration=13 events=16 max_events=3224 overflow=0
FIG8_ATTENTION_HOST_TIMING mode=scna-fp16 scna_width=16 qo_len=4 kv_len=4096 n_heads=12 n_kv_heads=2 head_dim=128 phase=measure iteration=14 host_elapsed_us=1263 ret=0
FIG8_ATTENTION_PROFILE_COUNT mode=scna-fp16 qo_len=4 phase=measure iteration=14 records=2 max_records=10
FIG8_ATTENTION_TIMERS mode=scna-fp16 phase=measure iteration=14 lut_exp=0 nonlinear_mode=1 scna_width=16 scna_exp=111 qo_len=4 kv_len=4096 n_heads=12 n_kv_heads=2 head_dim=128 kv_head=0 worker=0 profiled_total=476 q_load=1 k_load=174 v_load=159 qk_dot=2 safe_sm=137 core_acc=1 o_scale=1 o_store=1
FIG8_ATTENTION_TIMERS mode=scna-fp16 phase=measure iteration=14 lut_exp=0 nonlinear_mode=1 scna_width=16 scna_exp=110 qo_len=4 kv_len=4096 n_heads=12 n_kv_heads=2 head_dim=128 kv_head=1 worker=0 profiled_total=489 q_load=1 k_load=181 v_load=165 qk_dot=2 safe_sm=137 core_acc=1 o_scale=0 o_store=2
FIG8_ATTENTION_EVENT_COUNT mode=scna-fp16 qo_len=4 phase=measure iteration=14 events=16 max_events=3224 overflow=0
FIG8_ATTENTION_HOST_TIMING mode=scna-fp16 scna_width=16 qo_len=4 kv_len=4096 n_heads=12 n_kv_heads=2 head_dim=128 phase=measure iteration=15 host_elapsed_us=1209 ret=0
FIG8_ATTENTION_PROFILE_COUNT mode=scna-fp16 qo_len=4 phase=measure iteration=15 records=2 max_records=10
FIG8_ATTENTION_TIMERS mode=scna-fp16 phase=measure iteration=15 lut_exp=0 nonlinear_mode=1 scna_width=16 scna_exp=110 qo_len=4 kv_len=4096 n_heads=12 n_kv_heads=2 head_dim=128 kv_head=0 worker=0 profiled_total=472 q_load=0 k_load=176 v_load=155 qk_dot=2 safe_sm=136 core_acc=1 o_scale=1 o_store=1
FIG8_ATTENTION_TIMERS mode=scna-fp16 phase=measure iteration=15 lut_exp=0 nonlinear_mode=1 scna_width=16 scna_exp=110 qo_len=4 kv_len=4096 n_heads=12 n_kv_heads=2 head_dim=128 kv_head=1 worker=0 profiled_total=491 q_load=1 k_load=181 v_load=164 qk_dot=2 safe_sm=140 core_acc=1 o_scale=0 o_store=2
FIG8_ATTENTION_EVENT_COUNT mode=scna-fp16 qo_len=4 phase=measure iteration=15 events=16 max_events=3224 overflow=0
FIG8_ATTENTION_HOST_TIMING mode=scna-fp16 scna_width=16 qo_len=4 kv_len=4096 n_heads=12 n_kv_heads=2 head_dim=128 phase=measure iteration=16 host_elapsed_us=1220 ret=0
FIG8_ATTENTION_PROFILE_COUNT mode=scna-fp16 qo_len=4 phase=measure iteration=16 records=2 max_records=10
FIG8_ATTENTION_TIMERS mode=scna-fp16 phase=measure iteration=16 lut_exp=0 nonlinear_mode=1 scna_width=16 scna_exp=111 qo_len=4 kv_len=4096 n_heads=12 n_kv_heads=2 head_dim=128 kv_head=0 worker=0 profiled_total=473 q_load=1 k_load=174 v_load=156 qk_dot=2 safe_sm=137 core_acc=2 o_scale=0 o_store=1
FIG8_ATTENTION_TIMERS mode=scna-fp16 phase=measure iteration=16 lut_exp=0 nonlinear_mode=1 scna_width=16 scna_exp=111 qo_len=4 kv_len=4096 n_heads=12 n_kv_heads=2 head_dim=128 kv_head=1 worker=0 profiled_total=492 q_load=1 k_load=189 v_load=161 qk_dot=2 safe_sm=136 core_acc=1 o_scale=0 o_store=2
FIG8_ATTENTION_EVENT_COUNT mode=scna-fp16 qo_len=4 phase=measure iteration=16 events=16 max_events=3224 overflow=0
FIG8_ATTENTION_HOST_TIMING mode=scna-fp16 scna_width=16 qo_len=4 kv_len=4096 n_heads=12 n_kv_heads=2 head_dim=128 phase=measure iteration=17 host_elapsed_us=1236 ret=0
FIG8_ATTENTION_PROFILE_COUNT mode=scna-fp16 qo_len=4 phase=measure iteration=17 records=2 max_records=10
FIG8_ATTENTION_TIMERS mode=scna-fp16 phase=measure iteration=17 lut_exp=0 nonlinear_mode=1 scna_width=16 scna_exp=111 qo_len=4 kv_len=4096 n_heads=12 n_kv_heads=2 head_dim=128 kv_head=0 worker=0 profiled_total=475 q_load=1 k_load=174 v_load=157 qk_dot=2 safe_sm=137 core_acc=2 o_scale=1 o_store=1
FIG8_ATTENTION_TIMERS mode=scna-fp16 phase=measure iteration=17 lut_exp=0 nonlinear_mode=1 scna_width=16 scna_exp=111 qo_len=4 kv_len=4096 n_heads=12 n_kv_heads=2 head_dim=128 kv_head=1 worker=0 profiled_total=493 q_load=1 k_load=189 v_load=162 qk_dot=2 safe_sm=136 core_acc=1 o_scale=0 o_store=2
FIG8_ATTENTION_EVENT_COUNT mode=scna-fp16 qo_len=4 phase=measure iteration=17 events=16 max_events=3224 overflow=0
FIG8_ATTENTION_HOST_TIMING mode=scna-fp16 scna_width=16 qo_len=4 kv_len=4096 n_heads=12 n_kv_heads=2 head_dim=128 phase=measure iteration=18 host_elapsed_us=1206 ret=0
FIG8_ATTENTION_PROFILE_COUNT mode=scna-fp16 qo_len=4 phase=measure iteration=18 records=2 max_records=10
FIG8_ATTENTION_TIMERS mode=scna-fp16 phase=measure iteration=18 lut_exp=0 nonlinear_mode=1 scna_width=16 scna_exp=111 qo_len=4 kv_len=4096 n_heads=12 n_kv_heads=2 head_dim=128 kv_head=0 worker=0 profiled_total=474 q_load=0 k_load=173 v_load=158 qk_dot=2 safe_sm=138 core_acc=1 o_scale=1 o_store=1
FIG8_ATTENTION_TIMERS mode=scna-fp16 phase=measure iteration=18 lut_exp=0 nonlinear_mode=1 scna_width=16 scna_exp=111 qo_len=4 kv_len=4096 n_heads=12 n_kv_heads=2 head_dim=128 kv_head=1 worker=0 profiled_total=489 q_load=1 k_load=181 v_load=164 qk_dot=2 safe_sm=138 core_acc=1 o_scale=0 o_store=2
FIG8_ATTENTION_EVENT_COUNT mode=scna-fp16 qo_len=4 phase=measure iteration=18 events=16 max_events=3224 overflow=0
FIG8_ATTENTION_HOST_TIMING mode=scna-fp16 scna_width=16 qo_len=4 kv_len=4096 n_heads=12 n_kv_heads=2 head_dim=128 phase=measure iteration=19 host_elapsed_us=1197 ret=0
FIG8_ATTENTION_PROFILE_COUNT mode=scna-fp16 qo_len=4 phase=measure iteration=19 records=2 max_records=10
FIG8_ATTENTION_TIMERS mode=scna-fp16 phase=measure iteration=19 lut_exp=0 nonlinear_mode=1 scna_width=16 scna_exp=111 qo_len=4 kv_len=4096 n_heads=12 n_kv_heads=2 head_dim=128 kv_head=0 worker=0 profiled_total=474 q_load=0 k_load=173 v_load=159 qk_dot=2 safe_sm=136 core_acc=2 o_scale=1 o_store=1
FIG8_ATTENTION_TIMERS mode=scna-fp16 phase=measure iteration=19 lut_exp=0 nonlinear_mode=1 scna_width=16 scna_exp=110 qo_len=4 kv_len=4096 n_heads=12 n_kv_heads=2 head_dim=128 kv_head=1 worker=0 profiled_total=495 q_load=1 k_load=185 v_load=166 qk_dot=2 safe_sm=138 core_acc=1 o_scale=0 o_store=2
FIG8_ATTENTION_EVENT_COUNT mode=scna-fp16 qo_len=4 phase=measure iteration=19 events=16 max_events=3224 overflow=0
