alloc_shared_mem_buf: buf=0x7340620000 fd=12 size=196608 flags=FASTRPC_MAP_FD
alloc_shared_mem_buf: buf=0x70a7400000 fd=13 size=2097152 flags=FASTRPC_MAP_FD
alloc_shared_mem_buf: buf=0x70a7200000 fd=14 size=2097152 flags=FASTRPC_MAP_FD
alloc_shared_mem_buf: buf=0x733fd10000 fd=15 size=196608 flags=FASTRPC_MAP_FD
alloc_shared_mem_buf: buf=0x733fc20000 fd=16 size=262144 flags=FASTRPC_MAP_FD
alloc_shared_mem_buf: buf=0x70a7620000 fd=17 size=1794560 flags=FASTRPC_MAP_FD
alloc_shared_mem_buf: buf=0x7344164000 fd=18 size=4096 flags=FASTRPC_MAP_FD
No-op channel request completed
FIG8_ATTENTION_CONFIG mode=scna-int8 scna_function=exp2 scna_kernel=tree scna_pipeline=on mask_mode=full qo_len=32 kv_len=4096 n_heads=12 n_kv_heads=2 head_dim=128 warmup=5 iters=20 scna_width=32 q_size=196608 kv_size=2097152 mask_size=262144 profile_size=1794560 profile_max_records=10 profile_max_events=24896 mode_flags=3112 print_events=0
FIG8_ATTENTION_HOST_TIMING mode=scna-int8 scna_function=exp2 scna_kernel=tree scna_pipeline=on scna_width=32 qo_len=32 kv_len=4096 n_heads=12 n_kv_heads=2 head_dim=128 phase=warmup iteration=0 host_elapsed_us=2825 ret=0
FIG8_ATTENTION_PROFILE_COUNT mode=scna-int8 qo_len=32 phase=warmup iteration=0 records=2 max_records=10
FIG8_ATTENTION_TIMERS mode=scna-int8 scna_function=0 scna_kernel=1 scna_pipeline=1 phase=warmup iteration=0 lut_exp=0 nonlinear_mode=2 scna_width=32 scna_exp=890 qo_len=32 kv_len=4096 n_heads=12 n_kv_heads=2 head_dim=128 kv_head=0 worker=0 profiled_total=1233 q_load=9 k_load=66 v_load=51 qk_dot=14 safe_sm=1064 core_acc=13 o_scale=2 o_store=14 kv_dma_issue=5 kv_dma_wait=11 kv_transform=97
FIG8_ATTENTION_TIMERS mode=scna-int8 scna_function=0 scna_kernel=1 scna_pipeline=1 phase=warmup iteration=0 lut_exp=0 nonlinear_mode=2 scna_width=32 scna_exp=886 qo_len=32 kv_len=4096 n_heads=12 n_kv_heads=2 head_dim=128 kv_head=1 worker=0 profiled_total=1206 q_load=7 k_load=67 v_load=52 qk_dot=12 safe_sm=1045 core_acc=11 o_scale=2 o_store=10 kv_dma_issue=5 kv_dma_wait=12 kv_transform=97
FIG8_ATTENTION_EVENT_COUNT mode=scna-int8 qo_len=32 phase=warmup iteration=0 events=16 max_events=24896 overflow=0
FIG8_ATTENTION_HOST_TIMING mode=scna-int8 scna_function=exp2 scna_kernel=tree scna_pipeline=on scna_width=32 qo_len=32 kv_len=4096 n_heads=12 n_kv_heads=2 head_dim=128 phase=warmup iteration=1 host_elapsed_us=2712 ret=0
FIG8_ATTENTION_PROFILE_COUNT mode=scna-int8 qo_len=32 phase=warmup iteration=1 records=2 max_records=10
FIG8_ATTENTION_TIMERS mode=scna-int8 scna_function=0 scna_kernel=1 scna_pipeline=1 phase=warmup iteration=1 lut_exp=0 nonlinear_mode=2 scna_width=32 scna_exp=879 qo_len=32 kv_len=4096 n_heads=12 n_kv_heads=2 head_dim=128 kv_head=0 worker=0 profiled_total=1203 q_load=8 k_load=65 v_load=51 qk_dot=12 safe_sm=1045 core_acc=11 o_scale=1 o_store=10 kv_dma_issue=5 kv_dma_wait=11 kv_transform=97
FIG8_ATTENTION_TIMERS mode=scna-int8 scna_function=0 scna_kernel=1 scna_pipeline=1 phase=warmup iteration=1 lut_exp=0 nonlinear_mode=2 scna_width=32 scna_exp=880 qo_len=32 kv_len=4096 n_heads=12 n_kv_heads=2 head_dim=128 kv_head=1 worker=0 profiled_total=1190 q_load=7 k_load=66 v_load=50 qk_dot=12 safe_sm=1032 core_acc=11 o_scale=2 o_store=10 kv_dma_issue=5 kv_dma_wait=11 kv_transform=97
FIG8_ATTENTION_EVENT_COUNT mode=scna-int8 qo_len=32 phase=warmup iteration=1 events=16 max_events=24896 overflow=0
FIG8_ATTENTION_HOST_TIMING mode=scna-int8 scna_function=exp2 scna_kernel=tree scna_pipeline=on scna_width=32 qo_len=32 kv_len=4096 n_heads=12 n_kv_heads=2 head_dim=128 phase=warmup iteration=2 host_elapsed_us=2714 ret=0
FIG8_ATTENTION_PROFILE_COUNT mode=scna-int8 qo_len=32 phase=warmup iteration=2 records=2 max_records=10
FIG8_ATTENTION_TIMERS mode=scna-int8 scna_function=0 scna_kernel=1 scna_pipeline=1 phase=warmup iteration=2 lut_exp=0 nonlinear_mode=2 scna_width=32 scna_exp=878 qo_len=32 kv_len=4096 n_heads=12 n_kv_heads=2 head_dim=128 kv_head=0 worker=0 profiled_total=1199 q_load=7 k_load=66 v_load=50 qk_dot=12 safe_sm=1041 core_acc=11 o_scale=2 o_store=10 kv_dma_issue=4 kv_dma_wait=12 kv_transform=96
FIG8_ATTENTION_TIMERS mode=scna-int8 scna_function=0 scna_kernel=1 scna_pipeline=1 phase=warmup iteration=2 lut_exp=0 nonlinear_mode=2 scna_width=32 scna_exp=878 qo_len=32 kv_len=4096 n_heads=12 n_kv_heads=2 head_dim=128 kv_head=1 worker=0 profiled_total=1185 q_load=7 k_load=66 v_load=50 qk_dot=12 safe_sm=1027 core_acc=11 o_scale=2 o_store=10 kv_dma_issue=4 kv_dma_wait=11 kv_transform=97
FIG8_ATTENTION_EVENT_COUNT mode=scna-int8 qo_len=32 phase=warmup iteration=2 events=16 max_events=24896 overflow=0
FIG8_ATTENTION_HOST_TIMING mode=scna-int8 scna_function=exp2 scna_kernel=tree scna_pipeline=on scna_width=32 qo_len=32 kv_len=4096 n_heads=12 n_kv_heads=2 head_dim=128 phase=warmup iteration=3 host_elapsed_us=2715 ret=0
FIG8_ATTENTION_PROFILE_COUNT mode=scna-int8 qo_len=32 phase=warmup iteration=3 records=2 max_records=10
FIG8_ATTENTION_TIMERS mode=scna-int8 scna_function=0 scna_kernel=1 scna_pipeline=1 phase=warmup iteration=3 lut_exp=0 nonlinear_mode=2 scna_width=32 scna_exp=878 qo_len=32 kv_len=4096 n_heads=12 n_kv_heads=2 head_dim=128 kv_head=0 worker=0 profiled_total=1196 q_load=7 k_load=65 v_load=51 qk_dot=11 safe_sm=1040 core_acc=10 o_scale=2 o_store=10 kv_dma_issue=4 kv_dma_wait=12 kv_transform=97
FIG8_ATTENTION_TIMERS mode=scna-int8 scna_function=0 scna_kernel=1 scna_pipeline=1 phase=warmup iteration=3 lut_exp=0 nonlinear_mode=2 scna_width=32 scna_exp=878 qo_len=32 kv_len=4096 n_heads=12 n_kv_heads=2 head_dim=128 kv_head=1 worker=0 profiled_total=1185 q_load=7 k_load=66 v_load=51 qk_dot=12 safe_sm=1027 core_acc=10 o_scale=2 o_store=10 kv_dma_issue=5 kv_dma_wait=12 kv_transform=97
FIG8_ATTENTION_EVENT_COUNT mode=scna-int8 qo_len=32 phase=warmup iteration=3 events=16 max_events=24896 overflow=0
FIG8_ATTENTION_HOST_TIMING mode=scna-int8 scna_function=exp2 scna_kernel=tree scna_pipeline=on scna_width=32 qo_len=32 kv_len=4096 n_heads=12 n_kv_heads=2 head_dim=128 phase=warmup iteration=4 host_elapsed_us=2666 ret=0
FIG8_ATTENTION_PROFILE_COUNT mode=scna-int8 qo_len=32 phase=warmup iteration=4 records=2 max_records=10
FIG8_ATTENTION_TIMERS mode=scna-int8 scna_function=0 scna_kernel=1 scna_pipeline=1 phase=warmup iteration=4 lut_exp=0 nonlinear_mode=2 scna_width=32 scna_exp=878 qo_len=32 kv_len=4096 n_heads=12 n_kv_heads=2 head_dim=128 kv_head=0 worker=0 profiled_total=1206 q_load=7 k_load=65 v_load=54 qk_dot=11 safe_sm=1047 core_acc=10 o_scale=2 o_store=10 kv_dma_issue=4 kv_dma_wait=15 kv_transform=96
FIG8_ATTENTION_TIMERS mode=scna-int8 scna_function=0 scna_kernel=1 scna_pipeline=1 phase=warmup iteration=4 lut_exp=0 nonlinear_mode=2 scna_width=32 scna_exp=879 qo_len=32 kv_len=4096 n_heads=12 n_kv_heads=2 head_dim=128 kv_head=1 worker=0 profiled_total=1204 q_load=7 k_load=66 v_load=57 qk_dot=12 safe_sm=1039 core_acc=11 o_scale=2 o_store=10 kv_dma_issue=5 kv_dma_wait=17 kv_transform=96
FIG8_ATTENTION_EVENT_COUNT mode=scna-int8 qo_len=32 phase=warmup iteration=4 events=16 max_events=24896 overflow=0
FIG8_ATTENTION_HOST_TIMING mode=scna-int8 scna_function=exp2 scna_kernel=tree scna_pipeline=on scna_width=32 qo_len=32 kv_len=4096 n_heads=12 n_kv_heads=2 head_dim=128 phase=measure iteration=0 host_elapsed_us=2728 ret=0
FIG8_ATTENTION_PROFILE_COUNT mode=scna-int8 qo_len=32 phase=measure iteration=0 records=2 max_records=10
FIG8_ATTENTION_TIMERS mode=scna-int8 scna_function=0 scna_kernel=1 scna_pipeline=1 phase=measure iteration=0 lut_exp=0 nonlinear_mode=2 scna_width=32 scna_exp=878 qo_len=32 kv_len=4096 n_heads=12 n_kv_heads=2 head_dim=128 kv_head=0 worker=0 profiled_total=1219 q_load=7 k_load=65 v_load=56 qk_dot=11 safe_sm=1058 core_acc=10 o_scale=2 o_store=10 kv_dma_issue=4 kv_dma_wait=17 kv_transform=97
FIG8_ATTENTION_TIMERS mode=scna-int8 scna_function=0 scna_kernel=1 scna_pipeline=1 phase=measure iteration=0 lut_exp=0 nonlinear_mode=2 scna_width=32 scna_exp=879 qo_len=32 kv_len=4096 n_heads=12 n_kv_heads=2 head_dim=128 kv_head=1 worker=0 profiled_total=1207 q_load=7 k_load=67 v_load=56 qk_dot=12 safe_sm=1043 core_acc=10 o_scale=2 o_store=10 kv_dma_issue=5 kv_dma_wait=18 kv_transform=96
FIG8_ATTENTION_EVENT_COUNT mode=scna-int8 qo_len=32 phase=measure iteration=0 events=16 max_events=24896 overflow=0
FIG8_ATTENTION_HOST_TIMING mode=scna-int8 scna_function=exp2 scna_kernel=tree scna_pipeline=on scna_width=32 qo_len=32 kv_len=4096 n_heads=12 n_kv_heads=2 head_dim=128 phase=measure iteration=1 host_elapsed_us=2676 ret=0
FIG8_ATTENTION_PROFILE_COUNT mode=scna-int8 qo_len=32 phase=measure iteration=1 records=2 max_records=10
FIG8_ATTENTION_TIMERS mode=scna-int8 scna_function=0 scna_kernel=1 scna_pipeline=1 phase=measure iteration=1 lut_exp=0 nonlinear_mode=2 scna_width=32 scna_exp=879 qo_len=32 kv_len=4096 n_heads=12 n_kv_heads=2 head_dim=128 kv_head=0 worker=0 profiled_total=1216 q_load=7 k_load=65 v_load=55 qk_dot=11 safe_sm=1056 core_acc=10 o_scale=2 o_store=10 kv_dma_issue=5 kv_dma_wait=16 kv_transform=96
FIG8_ATTENTION_TIMERS mode=scna-int8 scna_function=0 scna_kernel=1 scna_pipeline=1 phase=measure iteration=1 lut_exp=0 nonlinear_mode=2 scna_width=32 scna_exp=878 qo_len=32 kv_len=4096 n_heads=12 n_kv_heads=2 head_dim=128 kv_head=1 worker=0 profiled_total=1211 q_load=7 k_load=66 v_load=57 qk_dot=12 safe_sm=1046 core_acc=11 o_scale=2 o_store=10 kv_dma_issue=4 kv_dma_wait=17 kv_transform=97
FIG8_ATTENTION_EVENT_COUNT mode=scna-int8 qo_len=32 phase=measure iteration=1 events=16 max_events=24896 overflow=0
FIG8_ATTENTION_HOST_TIMING mode=scna-int8 scna_function=exp2 scna_kernel=tree scna_pipeline=on scna_width=32 qo_len=32 kv_len=4096 n_heads=12 n_kv_heads=2 head_dim=128 phase=measure iteration=2 host_elapsed_us=2665 ret=0
FIG8_ATTENTION_PROFILE_COUNT mode=scna-int8 qo_len=32 phase=measure iteration=2 records=2 max_records=10
FIG8_ATTENTION_TIMERS mode=scna-int8 scna_function=0 scna_kernel=1 scna_pipeline=1 phase=measure iteration=2 lut_exp=0 nonlinear_mode=2 scna_width=32 scna_exp=878 qo_len=32 kv_len=4096 n_heads=12 n_kv_heads=2 head_dim=128 kv_head=0 worker=0 profiled_total=1216 q_load=7 k_load=65 v_load=53 qk_dot=12 safe_sm=1057 core_acc=10 o_scale=2 o_store=10 kv_dma_issue=5 kv_dma_wait=14 kv_transform=96
FIG8_ATTENTION_TIMERS mode=scna-int8 scna_function=0 scna_kernel=1 scna_pipeline=1 phase=measure iteration=2 lut_exp=0 nonlinear_mode=2 scna_width=32 scna_exp=879 qo_len=32 kv_len=4096 n_heads=12 n_kv_heads=2 head_dim=128 kv_head=1 worker=0 profiled_total=1209 q_load=7 k_load=67 v_load=56 qk_dot=11 safe_sm=1045 core_acc=11 o_scale=2 o_store=10 kv_dma_issue=5 kv_dma_wait=17 kv_transform=96
FIG8_ATTENTION_EVENT_COUNT mode=scna-int8 qo_len=32 phase=measure iteration=2 events=16 max_events=24896 overflow=0
FIG8_ATTENTION_HOST_TIMING mode=scna-int8 scna_function=exp2 scna_kernel=tree scna_pipeline=on scna_width=32 qo_len=32 kv_len=4096 n_heads=12 n_kv_heads=2 head_dim=128 phase=measure iteration=3 host_elapsed_us=2773 ret=0
FIG8_ATTENTION_PROFILE_COUNT mode=scna-int8 qo_len=32 phase=measure iteration=3 records=2 max_records=10
FIG8_ATTENTION_TIMERS mode=scna-int8 scna_function=0 scna_kernel=1 scna_pipeline=1 phase=measure iteration=3 lut_exp=0 nonlinear_mode=2 scna_width=32 scna_exp=878 qo_len=32 kv_len=4096 n_heads=12 n_kv_heads=2 head_dim=128 kv_head=0 worker=0 profiled_total=1213 q_load=7 k_load=66 v_load=53 qk_dot=11 safe_sm=1053 core_acc=10 o_scale=2 o_store=11 kv_dma_issue=4 kv_dma_wait=14 kv_transform=96
FIG8_ATTENTION_TIMERS mode=scna-int8 scna_function=0 scna_kernel=1 scna_pipeline=1 phase=measure iteration=3 lut_exp=0 nonlinear_mode=2 scna_width=32 scna_exp=878 qo_len=32 kv_len=4096 n_heads=12 n_kv_heads=2 head_dim=128 kv_head=1 worker=0 profiled_total=1208 q_load=7 k_load=67 v_load=55 qk_dot=12 safe_sm=1045 core_acc=10 o_scale=2 o_store=10 kv_dma_issue=5 kv_dma_wait=16 kv_transform=97
FIG8_ATTENTION_EVENT_COUNT mode=scna-int8 qo_len=32 phase=measure iteration=3 events=16 max_events=24896 overflow=0
FIG8_ATTENTION_HOST_TIMING mode=scna-int8 scna_function=exp2 scna_kernel=tree scna_pipeline=on scna_width=32 qo_len=32 kv_len=4096 n_heads=12 n_kv_heads=2 head_dim=128 phase=measure iteration=4 host_elapsed_us=2683 ret=0
FIG8_ATTENTION_PROFILE_COUNT mode=scna-int8 qo_len=32 phase=measure iteration=4 records=2 max_records=10
FIG8_ATTENTION_TIMERS mode=scna-int8 scna_function=0 scna_kernel=1 scna_pipeline=1 phase=measure iteration=4 lut_exp=0 nonlinear_mode=2 scna_width=32 scna_exp=878 qo_len=32 kv_len=4096 n_heads=12 n_kv_heads=2 head_dim=128 kv_head=0 worker=0 profiled_total=1212 q_load=7 k_load=65 v_load=53 qk_dot=11 safe_sm=1054 core_acc=10 o_scale=2 o_store=10 kv_dma_issue=4 kv_dma_wait=14 kv_transform=97
FIG8_ATTENTION_TIMERS mode=scna-int8 scna_function=0 scna_kernel=1 scna_pipeline=1 phase=measure iteration=4 lut_exp=0 nonlinear_mode=2 scna_width=32 scna_exp=879 qo_len=32 kv_len=4096 n_heads=12 n_kv_heads=2 head_dim=128 kv_head=1 worker=0 profiled_total=1207 q_load=7 k_load=66 v_load=56 qk_dot=12 safe_sm=1044 core_acc=10 o_scale=2 o_store=10 kv_dma_issue=5 kv_dma_wait=16 kv_transform=97
FIG8_ATTENTION_EVENT_COUNT mode=scna-int8 qo_len=32 phase=measure iteration=4 events=16 max_events=24896 overflow=0
FIG8_ATTENTION_HOST_TIMING mode=scna-int8 scna_function=exp2 scna_kernel=tree scna_pipeline=on scna_width=32 qo_len=32 kv_len=4096 n_heads=12 n_kv_heads=2 head_dim=128 phase=measure iteration=5 host_elapsed_us=2769 ret=0
FIG8_ATTENTION_PROFILE_COUNT mode=scna-int8 qo_len=32 phase=measure iteration=5 records=2 max_records=10
FIG8_ATTENTION_TIMERS mode=scna-int8 scna_function=0 scna_kernel=1 scna_pipeline=1 phase=measure iteration=5 lut_exp=0 nonlinear_mode=2 scna_width=32 scna_exp=878 qo_len=32 kv_len=4096 n_heads=12 n_kv_heads=2 head_dim=128 kv_head=0 worker=0 profiled_total=1238 q_load=7 k_load=65 v_load=70 qk_dot=12 safe_sm=1062 core_acc=10 o_scale=2 o_store=10 kv_dma_issue=5 kv_dma_wait=31 kv_transform=97
FIG8_ATTENTION_TIMERS mode=scna-int8 scna_function=0 scna_kernel=1 scna_pipeline=1 phase=measure iteration=5 lut_exp=0 nonlinear_mode=2 scna_width=32 scna_exp=881 qo_len=32 kv_len=4096 n_heads=12 n_kv_heads=2 head_dim=128 kv_head=1 worker=0 profiled_total=1246 q_load=7 k_load=78 v_load=73 qk_dot=12 safe_sm=1054 core_acc=10 o_scale=2 o_store=10 kv_dma_issue=5 kv_dma_wait=46 kv_transform=96
FIG8_ATTENTION_EVENT_COUNT mode=scna-int8 qo_len=32 phase=measure iteration=5 events=16 max_events=24896 overflow=0
FIG8_ATTENTION_HOST_TIMING mode=scna-int8 scna_function=exp2 scna_kernel=tree scna_pipeline=on scna_width=32 qo_len=32 kv_len=4096 n_heads=12 n_kv_heads=2 head_dim=128 phase=measure iteration=6 host_elapsed_us=2836 ret=0
FIG8_ATTENTION_PROFILE_COUNT mode=scna-int8 qo_len=32 phase=measure iteration=6 records=2 max_records=10
FIG8_ATTENTION_TIMERS mode=scna-int8 scna_function=0 scna_kernel=1 scna_pipeline=1 phase=measure iteration=6 lut_exp=0 nonlinear_mode=2 scna_width=32 scna_exp=880 qo_len=32 kv_len=4096 n_heads=12 n_kv_heads=2 head_dim=128 kv_head=0 worker=0 profiled_total=1244 q_load=7 k_load=73 v_load=67 qk_dot=11 safe_sm=1063 core_acc=10 o_scale=2 o_store=11 kv_dma_issue=5 kv_dma_wait=36 kv_transform=96
FIG8_ATTENTION_TIMERS mode=scna-int8 scna_function=0 scna_kernel=1 scna_pipeline=1 phase=measure iteration=6 lut_exp=0 nonlinear_mode=2 scna_width=32 scna_exp=881 qo_len=32 kv_len=4096 n_heads=12 n_kv_heads=2 head_dim=128 kv_head=1 worker=0 profiled_total=1238 q_load=7 k_load=75 v_load=66 qk_dot=12 safe_sm=1055 core_acc=11 o_scale=2 o_store=10 kv_dma_issue=5 kv_dma_wait=36 kv_transform=97
FIG8_ATTENTION_EVENT_COUNT mode=scna-int8 qo_len=32 phase=measure iteration=6 events=16 max_events=24896 overflow=0
FIG8_ATTENTION_HOST_TIMING mode=scna-int8 scna_function=exp2 scna_kernel=tree scna_pipeline=on scna_width=32 qo_len=32 kv_len=4096 n_heads=12 n_kv_heads=2 head_dim=128 phase=measure iteration=7 host_elapsed_us=2789 ret=0
FIG8_ATTENTION_PROFILE_COUNT mode=scna-int8 qo_len=32 phase=measure iteration=7 records=2 max_records=10
FIG8_ATTENTION_TIMERS mode=scna-int8 scna_function=0 scna_kernel=1 scna_pipeline=1 phase=measure iteration=7 lut_exp=0 nonlinear_mode=2 scna_width=32 scna_exp=880 qo_len=32 kv_len=4096 n_heads=12 n_kv_heads=2 head_dim=128 kv_head=0 worker=0 profiled_total=1254 q_load=7 k_load=75 v_load=71 qk_dot=12 safe_sm=1066 core_acc=10 o_scale=2 o_store=11 kv_dma_issue=4 kv_dma_wait=43 kv_transform=96
FIG8_ATTENTION_TIMERS mode=scna-int8 scna_function=0 scna_kernel=1 scna_pipeline=1 phase=measure iteration=7 lut_exp=0 nonlinear_mode=2 scna_width=32 scna_exp=881 qo_len=32 kv_len=4096 n_heads=12 n_kv_heads=2 head_dim=128 kv_head=1 worker=0 profiled_total=1247 q_load=7 k_load=79 v_load=72 qk_dot=12 safe_sm=1054 core_acc=11 o_scale=2 o_store=10 kv_dma_issue=5 kv_dma_wait=46 kv_transform=96
FIG8_ATTENTION_EVENT_COUNT mode=scna-int8 qo_len=32 phase=measure iteration=7 events=16 max_events=24896 overflow=0
FIG8_ATTENTION_HOST_TIMING mode=scna-int8 scna_function=exp2 scna_kernel=tree scna_pipeline=on scna_width=32 qo_len=32 kv_len=4096 n_heads=12 n_kv_heads=2 head_dim=128 phase=measure iteration=8 host_elapsed_us=2759 ret=0
FIG8_ATTENTION_PROFILE_COUNT mode=scna-int8 qo_len=32 phase=measure iteration=8 records=2 max_records=10
FIG8_ATTENTION_TIMERS mode=scna-int8 scna_function=0 scna_kernel=1 scna_pipeline=1 phase=measure iteration=8 lut_exp=0 nonlinear_mode=2 scna_width=32 scna_exp=880 qo_len=32 kv_len=4096 n_heads=12 n_kv_heads=2 head_dim=128 kv_head=0 worker=0 profiled_total=1243 q_load=7 k_load=74 v_load=67 qk_dot=12 safe_sm=1060 core_acc=10 o_scale=2 o_store=11 kv_dma_issue=5 kv_dma_wait=36 kv_transform=97
FIG8_ATTENTION_TIMERS mode=scna-int8 scna_function=0 scna_kernel=1 scna_pipeline=1 phase=measure iteration=8 lut_exp=0 nonlinear_mode=2 scna_width=32 scna_exp=880 qo_len=32 kv_len=4096 n_heads=12 n_kv_heads=2 head_dim=128 kv_head=1 worker=0 profiled_total=1243 q_load=7 k_load=75 v_load=71 qk_dot=12 safe_sm=1056 core_acc=10 o_scale=2 o_store=10 kv_dma_issue=5 kv_dma_wait=41 kv_transform=96
FIG8_ATTENTION_EVENT_COUNT mode=scna-int8 qo_len=32 phase=measure iteration=8 events=16 max_events=24896 overflow=0
FIG8_ATTENTION_HOST_TIMING mode=scna-int8 scna_function=exp2 scna_kernel=tree scna_pipeline=on scna_width=32 qo_len=32 kv_len=4096 n_heads=12 n_kv_heads=2 head_dim=128 phase=measure iteration=9 host_elapsed_us=2780 ret=0
FIG8_ATTENTION_PROFILE_COUNT mode=scna-int8 qo_len=32 phase=measure iteration=9 records=2 max_records=10
FIG8_ATTENTION_TIMERS mode=scna-int8 scna_function=0 scna_kernel=1 scna_pipeline=1 phase=measure iteration=9 lut_exp=0 nonlinear_mode=2 scna_width=32 scna_exp=880 qo_len=32 kv_len=4096 n_heads=12 n_kv_heads=2 head_dim=128 kv_head=0 worker=0 profiled_total=1247 q_load=7 k_load=74 v_load=69 qk_dot=12 safe_sm=1063 core_acc=10 o_scale=2 o_store=10 kv_dma_issue=4 kv_dma_wait=40 kv_transform=96
FIG8_ATTENTION_TIMERS mode=scna-int8 scna_function=0 scna_kernel=1 scna_pipeline=1 phase=measure iteration=9 lut_exp=0 nonlinear_mode=2 scna_width=32 scna_exp=880 qo_len=32 kv_len=4096 n_heads=12 n_kv_heads=2 head_dim=128 kv_head=1 worker=0 profiled_total=1243 q_load=7 k_load=77 v_load=71 qk_dot=12 safe_sm=1053 core_acc=11 o_scale=2 o_store=10 kv_dma_issue=4 kv_dma_wait=43 kv_transform=97
FIG8_ATTENTION_EVENT_COUNT mode=scna-int8 qo_len=32 phase=measure iteration=9 events=16 max_events=24896 overflow=0
FIG8_ATTENTION_HOST_TIMING mode=scna-int8 scna_function=exp2 scna_kernel=tree scna_pipeline=on scna_width=32 qo_len=32 kv_len=4096 n_heads=12 n_kv_heads=2 head_dim=128 phase=measure iteration=10 host_elapsed_us=2826 ret=0
FIG8_ATTENTION_PROFILE_COUNT mode=scna-int8 qo_len=32 phase=measure iteration=10 records=2 max_records=10
FIG8_ATTENTION_TIMERS mode=scna-int8 scna_function=0 scna_kernel=1 scna_pipeline=1 phase=measure iteration=10 lut_exp=0 nonlinear_mode=2 scna_width=32 scna_exp=880 qo_len=32 kv_len=4096 n_heads=12 n_kv_heads=2 head_dim=128 kv_head=0 worker=0 profiled_total=1247 q_load=7 k_load=73 v_load=70 qk_dot=12 safe_sm=1063 core_acc=10 o_scale=2 o_store=10 kv_dma_issue=4 kv_dma_wait=39 kv_transform=96
FIG8_ATTENTION_TIMERS mode=scna-int8 scna_function=0 scna_kernel=1 scna_pipeline=1 phase=measure iteration=10 lut_exp=0 nonlinear_mode=2 scna_width=32 scna_exp=880 qo_len=32 kv_len=4096 n_heads=12 n_kv_heads=2 head_dim=128 kv_head=1 worker=0 profiled_total=1241 q_load=7 k_load=77 v_load=66 qk_dot=12 safe_sm=1056 core_acc=11 o_scale=2 o_store=10 kv_dma_issue=4 kv_dma_wait=38 kv_transform=97
FIG8_ATTENTION_EVENT_COUNT mode=scna-int8 qo_len=32 phase=measure iteration=10 events=16 max_events=24896 overflow=0
FIG8_ATTENTION_HOST_TIMING mode=scna-int8 scna_function=exp2 scna_kernel=tree scna_pipeline=on scna_width=32 qo_len=32 kv_len=4096 n_heads=12 n_kv_heads=2 head_dim=128 phase=measure iteration=11 host_elapsed_us=2794 ret=0
FIG8_ATTENTION_PROFILE_COUNT mode=scna-int8 qo_len=32 phase=measure iteration=11 records=2 max_records=10
FIG8_ATTENTION_TIMERS mode=scna-int8 scna_function=0 scna_kernel=1 scna_pipeline=1 phase=measure iteration=11 lut_exp=0 nonlinear_mode=2 scna_width=32 scna_exp=879 qo_len=32 kv_len=4096 n_heads=12 n_kv_heads=2 head_dim=128 kv_head=0 worker=0 profiled_total=1248 q_load=7 k_load=73 v_load=70 qk_dot=12 safe_sm=1064 core_acc=10 o_scale=2 o_store=10 kv_dma_issue=5 kv_dma_wait=39 kv_transform=96
FIG8_ATTENTION_TIMERS mode=scna-int8 scna_function=0 scna_kernel=1 scna_pipeline=1 phase=measure iteration=11 lut_exp=0 nonlinear_mode=2 scna_width=32 scna_exp=881 qo_len=32 kv_len=4096 n_heads=12 n_kv_heads=2 head_dim=128 kv_head=1 worker=0 profiled_total=1247 q_load=7 k_load=79 v_load=70 qk_dot=12 safe_sm=1056 core_acc=10 o_scale=3 o_store=10 kv_dma_issue=4 kv_dma_wait=44 kv_transform=97
FIG8_ATTENTION_EVENT_COUNT mode=scna-int8 qo_len=32 phase=measure iteration=11 events=16 max_events=24896 overflow=0
FIG8_ATTENTION_HOST_TIMING mode=scna-int8 scna_function=exp2 scna_kernel=tree scna_pipeline=on scna_width=32 qo_len=32 kv_len=4096 n_heads=12 n_kv_heads=2 head_dim=128 phase=measure iteration=12 host_elapsed_us=2809 ret=0
FIG8_ATTENTION_PROFILE_COUNT mode=scna-int8 qo_len=32 phase=measure iteration=12 records=2 max_records=10
FIG8_ATTENTION_TIMERS mode=scna-int8 scna_function=0 scna_kernel=1 scna_pipeline=1 phase=measure iteration=12 lut_exp=0 nonlinear_mode=2 scna_width=32 scna_exp=880 qo_len=32 kv_len=4096 n_heads=12 n_kv_heads=2 head_dim=128 kv_head=0 worker=0 profiled_total=1238 q_load=7 k_load=73 v_load=67 qk_dot=12 safe_sm=1057 core_acc=10 o_scale=2 o_store=10 kv_dma_issue=4 kv_dma_wait=36 kv_transform=96
FIG8_ATTENTION_TIMERS mode=scna-int8 scna_function=0 scna_kernel=1 scna_pipeline=1 phase=measure iteration=12 lut_exp=0 nonlinear_mode=2 scna_width=32 scna_exp=880 qo_len=32 kv_len=4096 n_heads=12 n_kv_heads=2 head_dim=128 kv_head=1 worker=0 profiled_total=1238 q_load=7 k_load=79 v_load=63 qk_dot=12 safe_sm=1054 core_acc=10 o_scale=3 o_store=10 kv_dma_issue=5 kv_dma_wait=36 kv_transform=97
FIG8_ATTENTION_EVENT_COUNT mode=scna-int8 qo_len=32 phase=measure iteration=12 events=16 max_events=24896 overflow=0
FIG8_ATTENTION_HOST_TIMING mode=scna-int8 scna_function=exp2 scna_kernel=tree scna_pipeline=on scna_width=32 qo_len=32 kv_len=4096 n_heads=12 n_kv_heads=2 head_dim=128 phase=measure iteration=13 host_elapsed_us=2783 ret=0
FIG8_ATTENTION_PROFILE_COUNT mode=scna-int8 qo_len=32 phase=measure iteration=13 records=2 max_records=10
FIG8_ATTENTION_TIMERS mode=scna-int8 scna_function=0 scna_kernel=1 scna_pipeline=1 phase=measure iteration=13 lut_exp=0 nonlinear_mode=2 scna_width=32 scna_exp=880 qo_len=32 kv_len=4096 n_heads=12 n_kv_heads=2 head_dim=128 kv_head=0 worker=0 profiled_total=1245 q_load=7 k_load=73 v_load=69 qk_dot=12 safe_sm=1062 core_acc=10 o_scale=2 o_store=10 kv_dma_issue=4 kv_dma_wait=38 kv_transform=96
FIG8_ATTENTION_TIMERS mode=scna-int8 scna_function=0 scna_kernel=1 scna_pipeline=1 phase=measure iteration=13 lut_exp=0 nonlinear_mode=2 scna_width=32 scna_exp=880 qo_len=32 kv_len=4096 n_heads=12 n_kv_heads=2 head_dim=128 kv_head=1 worker=0 profiled_total=1230 q_load=7 k_load=76 v_load=63 qk_dot=12 safe_sm=1050 core_acc=10 o_scale=2 o_store=10 kv_dma_issue=5 kv_dma_wait=34 kv_transform=96
FIG8_ATTENTION_EVENT_COUNT mode=scna-int8 qo_len=32 phase=measure iteration=13 events=16 max_events=24896 overflow=0
FIG8_ATTENTION_HOST_TIMING mode=scna-int8 scna_function=exp2 scna_kernel=tree scna_pipeline=on scna_width=32 qo_len=32 kv_len=4096 n_heads=12 n_kv_heads=2 head_dim=128 phase=measure iteration=14 host_elapsed_us=2809 ret=0
FIG8_ATTENTION_PROFILE_COUNT mode=scna-int8 qo_len=32 phase=measure iteration=14 records=2 max_records=10
FIG8_ATTENTION_TIMERS mode=scna-int8 scna_function=0 scna_kernel=1 scna_pipeline=1 phase=measure iteration=14 lut_exp=0 nonlinear_mode=2 scna_width=32 scna_exp=880 qo_len=32 kv_len=4096 n_heads=12 n_kv_heads=2 head_dim=128 kv_head=0 worker=0 profiled_total=1246 q_load=7 k_load=73 v_load=68 qk_dot=12 safe_sm=1064 core_acc=10 o_scale=2 o_store=10 kv_dma_issue=5 kv_dma_wait=37 kv_transform=96
FIG8_ATTENTION_TIMERS mode=scna-int8 scna_function=0 scna_kernel=1 scna_pipeline=1 phase=measure iteration=14 lut_exp=0 nonlinear_mode=2 scna_width=32 scna_exp=880 qo_len=32 kv_len=4096 n_heads=12 n_kv_heads=2 head_dim=128 kv_head=1 worker=0 profiled_total=1238 q_load=7 k_load=78 v_load=66 qk_dot=12 safe_sm=1053 core_acc=10 o_scale=2 o_store=10 kv_dma_issue=5 kv_dma_wait=39 kv_transform=97
FIG8_ATTENTION_EVENT_COUNT mode=scna-int8 qo_len=32 phase=measure iteration=14 events=16 max_events=24896 overflow=0
FIG8_ATTENTION_HOST_TIMING mode=scna-int8 scna_function=exp2 scna_kernel=tree scna_pipeline=on scna_width=32 qo_len=32 kv_len=4096 n_heads=12 n_kv_heads=2 head_dim=128 phase=measure iteration=15 host_elapsed_us=2830 ret=0
FIG8_ATTENTION_PROFILE_COUNT mode=scna-int8 qo_len=32 phase=measure iteration=15 records=2 max_records=10
FIG8_ATTENTION_TIMERS mode=scna-int8 scna_function=0 scna_kernel=1 scna_pipeline=1 phase=measure iteration=15 lut_exp=0 nonlinear_mode=2 scna_width=32 scna_exp=880 qo_len=32 kv_len=4096 n_heads=12 n_kv_heads=2 head_dim=128 kv_head=0 worker=0 profiled_total=1242 q_load=7 k_load=71 v_load=68 qk_dot=12 safe_sm=1062 core_acc=10 o_scale=2 o_store=10 kv_dma_issue=5 kv_dma_wait=35 kv_transform=96
FIG8_ATTENTION_TIMERS mode=scna-int8 scna_function=0 scna_kernel=1 scna_pipeline=1 phase=measure iteration=15 lut_exp=0 nonlinear_mode=2 scna_width=32 scna_exp=880 qo_len=32 kv_len=4096 n_heads=12 n_kv_heads=2 head_dim=128 kv_head=1 worker=0 profiled_total=1238 q_load=7 k_load=76 v_load=69 qk_dot=12 safe_sm=1052 core_acc=10 o_scale=2 o_store=10 kv_dma_issue=5 kv_dma_wait=40 kv_transform=96
FIG8_ATTENTION_EVENT_COUNT mode=scna-int8 qo_len=32 phase=measure iteration=15 events=16 max_events=24896 overflow=0
FIG8_ATTENTION_HOST_TIMING mode=scna-int8 scna_function=exp2 scna_kernel=tree scna_pipeline=on scna_width=32 qo_len=32 kv_len=4096 n_heads=12 n_kv_heads=2 head_dim=128 phase=measure iteration=16 host_elapsed_us=2787 ret=0
FIG8_ATTENTION_PROFILE_COUNT mode=scna-int8 qo_len=32 phase=measure iteration=16 records=2 max_records=10
FIG8_ATTENTION_TIMERS mode=scna-int8 scna_function=0 scna_kernel=1 scna_pipeline=1 phase=measure iteration=16 lut_exp=0 nonlinear_mode=2 scna_width=32 scna_exp=880 qo_len=32 kv_len=4096 n_heads=12 n_kv_heads=2 head_dim=128 kv_head=0 worker=0 profiled_total=1245 q_load=7 k_load=72 v_load=68 qk_dot=12 safe_sm=1064 core_acc=10 o_scale=2 o_store=10 kv_dma_issue=4 kv_dma_wait=36 kv_transform=96
FIG8_ATTENTION_TIMERS mode=scna-int8 scna_function=0 scna_kernel=1 scna_pipeline=1 phase=measure iteration=16 lut_exp=0 nonlinear_mode=2 scna_width=32 scna_exp=880 qo_len=32 kv_len=4096 n_heads=12 n_kv_heads=2 head_dim=128 kv_head=1 worker=0 profiled_total=1240 q_load=7 k_load=77 v_load=69 qk_dot=12 safe_sm=1053 core_acc=10 o_scale=2 o_store=10 kv_dma_issue=5 kv_dma_wait=41 kv_transform=96
FIG8_ATTENTION_EVENT_COUNT mode=scna-int8 qo_len=32 phase=measure iteration=16 events=16 max_events=24896 overflow=0
FIG8_ATTENTION_HOST_TIMING mode=scna-int8 scna_function=exp2 scna_kernel=tree scna_pipeline=on scna_width=32 qo_len=32 kv_len=4096 n_heads=12 n_kv_heads=2 head_dim=128 phase=measure iteration=17 host_elapsed_us=2776 ret=0
FIG8_ATTENTION_PROFILE_COUNT mode=scna-int8 qo_len=32 phase=measure iteration=17 records=2 max_records=10
FIG8_ATTENTION_TIMERS mode=scna-int8 scna_function=0 scna_kernel=1 scna_pipeline=1 phase=measure iteration=17 lut_exp=0 nonlinear_mode=2 scna_width=32 scna_exp=879 qo_len=32 kv_len=4096 n_heads=12 n_kv_heads=2 head_dim=128 kv_head=0 worker=0 profiled_total=1242 q_load=7 k_load=71 v_load=68 qk_dot=11 safe_sm=1062 core_acc=11 o_scale=2 o_store=10 kv_dma_issue=4 kv_dma_wait=35 kv_transform=96
FIG8_ATTENTION_TIMERS mode=scna-int8 scna_function=0 scna_kernel=1 scna_pipeline=1 phase=measure iteration=17 lut_exp=0 nonlinear_mode=2 scna_width=32 scna_exp=880 qo_len=32 kv_len=4096 n_heads=12 n_kv_heads=2 head_dim=128 kv_head=1 worker=0 profiled_total=1239 q_load=7 k_load=75 v_load=69 qk_dot=12 safe_sm=1053 core_acc=11 o_scale=2 o_store=10 kv_dma_issue=5 kv_dma_wait=39 kv_transform=96
FIG8_ATTENTION_EVENT_COUNT mode=scna-int8 qo_len=32 phase=measure iteration=17 events=16 max_events=24896 overflow=0
FIG8_ATTENTION_HOST_TIMING mode=scna-int8 scna_function=exp2 scna_kernel=tree scna_pipeline=on scna_width=32 qo_len=32 kv_len=4096 n_heads=12 n_kv_heads=2 head_dim=128 phase=measure iteration=18 host_elapsed_us=2819 ret=0
FIG8_ATTENTION_PROFILE_COUNT mode=scna-int8 qo_len=32 phase=measure iteration=18 records=2 max_records=10
FIG8_ATTENTION_TIMERS mode=scna-int8 scna_function=0 scna_kernel=1 scna_pipeline=1 phase=measure iteration=18 lut_exp=0 nonlinear_mode=2 scna_width=32 scna_exp=879 qo_len=32 kv_len=4096 n_heads=12 n_kv_heads=2 head_dim=128 kv_head=0 worker=0 profiled_total=1241 q_load=7 k_load=72 v_load=66 qk_dot=12 safe_sm=1061 core_acc=11 o_scale=2 o_store=10 kv_dma_issue=5 kv_dma_wait=34 kv_transform=96
FIG8_ATTENTION_TIMERS mode=scna-int8 scna_function=0 scna_kernel=1 scna_pipeline=1 phase=measure iteration=18 lut_exp=0 nonlinear_mode=2 scna_width=32 scna_exp=881 qo_len=32 kv_len=4096 n_heads=12 n_kv_heads=2 head_dim=128 kv_head=1 worker=0 profiled_total=1235 q_load=7 k_load=77 v_load=64 qk_dot=12 safe_sm=1052 core_acc=10 o_scale=2 o_store=11 kv_dma_issue=5 kv_dma_wait=36 kv_transform=96
FIG8_ATTENTION_EVENT_COUNT mode=scna-int8 qo_len=32 phase=measure iteration=18 events=16 max_events=24896 overflow=0
FIG8_ATTENTION_HOST_TIMING mode=scna-int8 scna_function=exp2 scna_kernel=tree scna_pipeline=on scna_width=32 qo_len=32 kv_len=4096 n_heads=12 n_kv_heads=2 head_dim=128 phase=measure iteration=19 host_elapsed_us=2786 ret=0
FIG8_ATTENTION_PROFILE_COUNT mode=scna-int8 qo_len=32 phase=measure iteration=19 records=2 max_records=10
FIG8_ATTENTION_TIMERS mode=scna-int8 scna_function=0 scna_kernel=1 scna_pipeline=1 phase=measure iteration=19 lut_exp=0 nonlinear_mode=2 scna_width=32 scna_exp=879 qo_len=32 kv_len=4096 n_heads=12 n_kv_heads=2 head_dim=128 kv_head=0 worker=0 profiled_total=1242 q_load=7 k_load=72 v_load=68 qk_dot=11 safe_sm=1062 core_acc=10 o_scale=2 o_store=10 kv_dma_issue=4 kv_dma_wait=35 kv_transform=97
FIG8_ATTENTION_TIMERS mode=scna-int8 scna_function=0 scna_kernel=1 scna_pipeline=1 phase=measure iteration=19 lut_exp=0 nonlinear_mode=2 scna_width=32 scna_exp=880 qo_len=32 kv_len=4096 n_heads=12 n_kv_heads=2 head_dim=128 kv_head=1 worker=0 profiled_total=1242 q_load=7 k_load=77 v_load=68 qk_dot=12 safe_sm=1055 core_acc=11 o_scale=2 o_store=10 kv_dma_issue=4 kv_dma_wait=39 kv_transform=97
FIG8_ATTENTION_EVENT_COUNT mode=scna-int8 qo_len=32 phase=measure iteration=19 events=16 max_events=24896 overflow=0
