alloc_shared_mem_buf: buf=0x77c5af2000 fd=12 size=24576 flags=FASTRPC_MAP_FD
alloc_shared_mem_buf: buf=0x752de00000 fd=13 size=2097152 flags=FASTRPC_MAP_FD
alloc_shared_mem_buf: buf=0x752dc00000 fd=14 size=2097152 flags=FASTRPC_MAP_FD
alloc_shared_mem_buf: buf=0x77c5acf000 fd=15 size=24576 flags=FASTRPC_MAP_FD
alloc_shared_mem_buf: buf=0x77c5ac7000 fd=16 size=32768 flags=FASTRPC_MAP_FD
alloc_shared_mem_buf: buf=0x77c53a0000 fd=17 size=234240 flags=FASTRPC_MAP_FD
alloc_shared_mem_buf: buf=0x77c5d86000 fd=18 size=4096 flags=FASTRPC_MAP_FD
No-op channel request completed
FIG8_ATTENTION_CONFIG mode=scna-int8 scna_function=exp2 scna_kernel=tree scna_pipeline=off mask_mode=full qo_len=4 kv_len=4096 n_heads=12 n_kv_heads=2 head_dim=128 warmup=5 iters=20 scna_width=8 q_size=24576 kv_size=2097152 mask_size=32768 profile_size=234240 profile_max_records=10 profile_max_events=3224 mode_flags=1048 print_events=0
FIG8_ATTENTION_HOST_TIMING mode=scna-int8 scna_function=exp2 scna_kernel=tree scna_pipeline=off scna_width=8 qo_len=4 kv_len=4096 n_heads=12 n_kv_heads=2 head_dim=128 phase=warmup iteration=0 host_elapsed_us=1090 ret=0
FIG8_ATTENTION_PROFILE_COUNT mode=scna-int8 qo_len=4 phase=warmup iteration=0 records=2 max_records=10
FIG8_ATTENTION_TIMERS mode=scna-int8 scna_function=0 scna_kernel=1 scna_pipeline=0 phase=warmup iteration=0 lut_exp=0 nonlinear_mode=2 scna_width=8 scna_exp=98 qo_len=4 kv_len=4096 n_heads=12 n_kv_heads=2 head_dim=128 kv_head=0 worker=0 profiled_total=442 q_load=2 k_load=175 v_load=130 qk_dot=4 safe_sm=124 core_acc=2 o_scale=2 o_store=3 kv_dma_issue=0 kv_dma_wait=0 kv_transform=0
FIG8_ATTENTION_TIMERS mode=scna-int8 scna_function=0 scna_kernel=1 scna_pipeline=0 phase=warmup iteration=0 lut_exp=0 nonlinear_mode=2 scna_width=8 scna_exp=99 qo_len=4 kv_len=4096 n_heads=12 n_kv_heads=2 head_dim=128 kv_head=1 worker=0 profiled_total=336 q_load=1 k_load=72 v_load=133 qk_dot=2 safe_sm=125 core_acc=1 o_scale=1 o_store=1 kv_dma_issue=0 kv_dma_wait=0 kv_transform=0
FIG8_ATTENTION_EVENT_COUNT mode=scna-int8 qo_len=4 phase=warmup iteration=0 events=16 max_events=3224 overflow=0
FIG8_ATTENTION_HOST_TIMING mode=scna-int8 scna_function=exp2 scna_kernel=tree scna_pipeline=off scna_width=8 qo_len=4 kv_len=4096 n_heads=12 n_kv_heads=2 head_dim=128 phase=warmup iteration=1 host_elapsed_us=1157 ret=0
FIG8_ATTENTION_PROFILE_COUNT mode=scna-int8 qo_len=4 phase=warmup iteration=1 records=2 max_records=10
FIG8_ATTENTION_TIMERS mode=scna-int8 scna_function=0 scna_kernel=1 scna_pipeline=0 phase=warmup iteration=1 lut_exp=0 nonlinear_mode=2 scna_width=8 scna_exp=90 qo_len=4 kv_len=4096 n_heads=12 n_kv_heads=2 head_dim=128 kv_head=0 worker=0 profiled_total=412 q_load=1 k_load=142 v_load=150 qk_dot=2 safe_sm=113 core_acc=2 o_scale=1 o_store=1 kv_dma_issue=0 kv_dma_wait=0 kv_transform=0
FIG8_ATTENTION_TIMERS mode=scna-int8 scna_function=0 scna_kernel=1 scna_pipeline=0 phase=warmup iteration=1 lut_exp=0 nonlinear_mode=2 scna_width=8 scna_exp=91 qo_len=4 kv_len=4096 n_heads=12 n_kv_heads=2 head_dim=128 kv_head=1 worker=0 profiled_total=413 q_load=1 k_load=143 v_load=152 qk_dot=3 safe_sm=111 core_acc=1 o_scale=1 o_store=1 kv_dma_issue=0 kv_dma_wait=0 kv_transform=0
FIG8_ATTENTION_EVENT_COUNT mode=scna-int8 qo_len=4 phase=warmup iteration=1 events=16 max_events=3224 overflow=0
FIG8_ATTENTION_HOST_TIMING mode=scna-int8 scna_function=exp2 scna_kernel=tree scna_pipeline=off scna_width=8 qo_len=4 kv_len=4096 n_heads=12 n_kv_heads=2 head_dim=128 phase=warmup iteration=2 host_elapsed_us=1134 ret=0
FIG8_ATTENTION_PROFILE_COUNT mode=scna-int8 qo_len=4 phase=warmup iteration=2 records=2 max_records=10
FIG8_ATTENTION_TIMERS mode=scna-int8 scna_function=0 scna_kernel=1 scna_pipeline=0 phase=warmup iteration=2 lut_exp=0 nonlinear_mode=2 scna_width=8 scna_exp=89 qo_len=4 kv_len=4096 n_heads=12 n_kv_heads=2 head_dim=128 kv_head=0 worker=0 profiled_total=404 q_load=1 k_load=156 v_load=131 qk_dot=3 safe_sm=110 core_acc=1 o_scale=1 o_store=1 kv_dma_issue=0 kv_dma_wait=0 kv_transform=0
FIG8_ATTENTION_TIMERS mode=scna-int8 scna_function=0 scna_kernel=1 scna_pipeline=0 phase=warmup iteration=2 lut_exp=0 nonlinear_mode=2 scna_width=8 scna_exp=90 qo_len=4 kv_len=4096 n_heads=12 n_kv_heads=2 head_dim=128 kv_head=1 worker=0 profiled_total=417 q_load=1 k_load=146 v_load=154 qk_dot=3 safe_sm=110 core_acc=1 o_scale=1 o_store=1 kv_dma_issue=0 kv_dma_wait=0 kv_transform=0
FIG8_ATTENTION_EVENT_COUNT mode=scna-int8 qo_len=4 phase=warmup iteration=2 events=16 max_events=3224 overflow=0
FIG8_ATTENTION_HOST_TIMING mode=scna-int8 scna_function=exp2 scna_kernel=tree scna_pipeline=off scna_width=8 qo_len=4 kv_len=4096 n_heads=12 n_kv_heads=2 head_dim=128 phase=warmup iteration=3 host_elapsed_us=1134 ret=0
FIG8_ATTENTION_PROFILE_COUNT mode=scna-int8 qo_len=4 phase=warmup iteration=3 records=2 max_records=10
FIG8_ATTENTION_TIMERS mode=scna-int8 scna_function=0 scna_kernel=1 scna_pipeline=0 phase=warmup iteration=3 lut_exp=0 nonlinear_mode=2 scna_width=8 scna_exp=90 qo_len=4 kv_len=4096 n_heads=12 n_kv_heads=2 head_dim=128 kv_head=0 worker=0 profiled_total=424 q_load=1 k_load=152 v_load=152 qk_dot=2 safe_sm=114 core_acc=1 o_scale=1 o_store=1 kv_dma_issue=0 kv_dma_wait=0 kv_transform=0
FIG8_ATTENTION_TIMERS mode=scna-int8 scna_function=0 scna_kernel=1 scna_pipeline=0 phase=warmup iteration=3 lut_exp=0 nonlinear_mode=2 scna_width=8 scna_exp=90 qo_len=4 kv_len=4096 n_heads=12 n_kv_heads=2 head_dim=128 kv_head=1 worker=0 profiled_total=433 q_load=1 k_load=165 v_load=151 qk_dot=2 safe_sm=111 core_acc=1 o_scale=1 o_store=1 kv_dma_issue=0 kv_dma_wait=0 kv_transform=0
FIG8_ATTENTION_EVENT_COUNT mode=scna-int8 qo_len=4 phase=warmup iteration=3 events=16 max_events=3224 overflow=0
FIG8_ATTENTION_HOST_TIMING mode=scna-int8 scna_function=exp2 scna_kernel=tree scna_pipeline=off scna_width=8 qo_len=4 kv_len=4096 n_heads=12 n_kv_heads=2 head_dim=128 phase=warmup iteration=4 host_elapsed_us=1128 ret=0
FIG8_ATTENTION_PROFILE_COUNT mode=scna-int8 qo_len=4 phase=warmup iteration=4 records=2 max_records=10
FIG8_ATTENTION_TIMERS mode=scna-int8 scna_function=0 scna_kernel=1 scna_pipeline=0 phase=warmup iteration=4 lut_exp=0 nonlinear_mode=2 scna_width=8 scna_exp=90 qo_len=4 kv_len=4096 n_heads=12 n_kv_heads=2 head_dim=128 kv_head=0 worker=0 profiled_total=435 q_load=1 k_load=159 v_load=157 qk_dot=3 safe_sm=111 core_acc=2 o_scale=1 o_store=1 kv_dma_issue=0 kv_dma_wait=0 kv_transform=0
FIG8_ATTENTION_TIMERS mode=scna-int8 scna_function=0 scna_kernel=1 scna_pipeline=0 phase=warmup iteration=4 lut_exp=0 nonlinear_mode=2 scna_width=8 scna_exp=90 qo_len=4 kv_len=4096 n_heads=12 n_kv_heads=2 head_dim=128 kv_head=1 worker=0 profiled_total=434 q_load=1 k_load=163 v_load=154 qk_dot=2 safe_sm=111 core_acc=1 o_scale=1 o_store=1 kv_dma_issue=0 kv_dma_wait=0 kv_transform=0
FIG8_ATTENTION_EVENT_COUNT mode=scna-int8 qo_len=4 phase=warmup iteration=4 events=16 max_events=3224 overflow=0
FIG8_ATTENTION_HOST_TIMING mode=scna-int8 scna_function=exp2 scna_kernel=tree scna_pipeline=off scna_width=8 qo_len=4 kv_len=4096 n_heads=12 n_kv_heads=2 head_dim=128 phase=measure iteration=0 host_elapsed_us=1131 ret=0
FIG8_ATTENTION_PROFILE_COUNT mode=scna-int8 qo_len=4 phase=measure iteration=0 records=2 max_records=10
FIG8_ATTENTION_TIMERS mode=scna-int8 scna_function=0 scna_kernel=1 scna_pipeline=0 phase=measure iteration=0 lut_exp=0 nonlinear_mode=2 scna_width=8 scna_exp=90 qo_len=4 kv_len=4096 n_heads=12 n_kv_heads=2 head_dim=128 kv_head=0 worker=0 profiled_total=420 q_load=1 k_load=158 v_load=142 qk_dot=3 safe_sm=113 core_acc=1 o_scale=1 o_store=1 kv_dma_issue=0 kv_dma_wait=0 kv_transform=0
FIG8_ATTENTION_TIMERS mode=scna-int8 scna_function=0 scna_kernel=1 scna_pipeline=0 phase=measure iteration=0 lut_exp=0 nonlinear_mode=2 scna_width=8 scna_exp=90 qo_len=4 kv_len=4096 n_heads=12 n_kv_heads=2 head_dim=128 kv_head=1 worker=0 profiled_total=429 q_load=1 k_load=163 v_load=149 qk_dot=2 safe_sm=111 core_acc=1 o_scale=1 o_store=1 kv_dma_issue=0 kv_dma_wait=0 kv_transform=0
FIG8_ATTENTION_EVENT_COUNT mode=scna-int8 qo_len=4 phase=measure iteration=0 events=16 max_events=3224 overflow=0
FIG8_ATTENTION_HOST_TIMING mode=scna-int8 scna_function=exp2 scna_kernel=tree scna_pipeline=off scna_width=8 qo_len=4 kv_len=4096 n_heads=12 n_kv_heads=2 head_dim=128 phase=measure iteration=1 host_elapsed_us=1128 ret=0
FIG8_ATTENTION_PROFILE_COUNT mode=scna-int8 qo_len=4 phase=measure iteration=1 records=2 max_records=10
FIG8_ATTENTION_TIMERS mode=scna-int8 scna_function=0 scna_kernel=1 scna_pipeline=0 phase=measure iteration=1 lut_exp=0 nonlinear_mode=2 scna_width=8 scna_exp=90 qo_len=4 kv_len=4096 n_heads=12 n_kv_heads=2 head_dim=128 kv_head=0 worker=0 profiled_total=417 q_load=1 k_load=156 v_load=142 qk_dot=3 safe_sm=112 core_acc=1 o_scale=1 o_store=1 kv_dma_issue=0 kv_dma_wait=0 kv_transform=0
FIG8_ATTENTION_TIMERS mode=scna-int8 scna_function=0 scna_kernel=1 scna_pipeline=0 phase=measure iteration=1 lut_exp=0 nonlinear_mode=2 scna_width=8 scna_exp=91 qo_len=4 kv_len=4096 n_heads=12 n_kv_heads=2 head_dim=128 kv_head=1 worker=0 profiled_total=440 q_load=1 k_load=166 v_load=156 qk_dot=3 safe_sm=111 core_acc=1 o_scale=1 o_store=1 kv_dma_issue=0 kv_dma_wait=0 kv_transform=0
FIG8_ATTENTION_EVENT_COUNT mode=scna-int8 qo_len=4 phase=measure iteration=1 events=16 max_events=3224 overflow=0
FIG8_ATTENTION_HOST_TIMING mode=scna-int8 scna_function=exp2 scna_kernel=tree scna_pipeline=off scna_width=8 qo_len=4 kv_len=4096 n_heads=12 n_kv_heads=2 head_dim=128 phase=measure iteration=2 host_elapsed_us=1128 ret=0
FIG8_ATTENTION_PROFILE_COUNT mode=scna-int8 qo_len=4 phase=measure iteration=2 records=2 max_records=10
FIG8_ATTENTION_TIMERS mode=scna-int8 scna_function=0 scna_kernel=1 scna_pipeline=0 phase=measure iteration=2 lut_exp=0 nonlinear_mode=2 scna_width=8 scna_exp=90 qo_len=4 kv_len=4096 n_heads=12 n_kv_heads=2 head_dim=128 kv_head=0 worker=0 profiled_total=423 q_load=1 k_load=157 v_load=146 qk_dot=3 safe_sm=113 core_acc=1 o_scale=1 o_store=1 kv_dma_issue=0 kv_dma_wait=0 kv_transform=0
FIG8_ATTENTION_TIMERS mode=scna-int8 scna_function=0 scna_kernel=1 scna_pipeline=0 phase=measure iteration=2 lut_exp=0 nonlinear_mode=2 scna_width=8 scna_exp=90 qo_len=4 kv_len=4096 n_heads=12 n_kv_heads=2 head_dim=128 kv_head=1 worker=0 profiled_total=434 q_load=1 k_load=160 v_load=157 qk_dot=2 safe_sm=111 core_acc=1 o_scale=1 o_store=1 kv_dma_issue=0 kv_dma_wait=0 kv_transform=0
FIG8_ATTENTION_EVENT_COUNT mode=scna-int8 qo_len=4 phase=measure iteration=2 events=16 max_events=3224 overflow=0
FIG8_ATTENTION_HOST_TIMING mode=scna-int8 scna_function=exp2 scna_kernel=tree scna_pipeline=off scna_width=8 qo_len=4 kv_len=4096 n_heads=12 n_kv_heads=2 head_dim=128 phase=measure iteration=3 host_elapsed_us=1129 ret=0
FIG8_ATTENTION_PROFILE_COUNT mode=scna-int8 qo_len=4 phase=measure iteration=3 records=2 max_records=10
FIG8_ATTENTION_TIMERS mode=scna-int8 scna_function=0 scna_kernel=1 scna_pipeline=0 phase=measure iteration=3 lut_exp=0 nonlinear_mode=2 scna_width=8 scna_exp=90 qo_len=4 kv_len=4096 n_heads=12 n_kv_heads=2 head_dim=128 kv_head=0 worker=0 profiled_total=434 q_load=1 k_load=159 v_load=155 qk_dot=3 safe_sm=112 core_acc=2 o_scale=1 o_store=1 kv_dma_issue=0 kv_dma_wait=0 kv_transform=0
FIG8_ATTENTION_TIMERS mode=scna-int8 scna_function=0 scna_kernel=1 scna_pipeline=0 phase=measure iteration=3 lut_exp=0 nonlinear_mode=2 scna_width=8 scna_exp=90 qo_len=4 kv_len=4096 n_heads=12 n_kv_heads=2 head_dim=128 kv_head=1 worker=0 profiled_total=436 q_load=1 k_load=166 v_load=154 qk_dot=2 safe_sm=110 core_acc=1 o_scale=1 o_store=1 kv_dma_issue=0 kv_dma_wait=0 kv_transform=0
FIG8_ATTENTION_EVENT_COUNT mode=scna-int8 qo_len=4 phase=measure iteration=3 events=16 max_events=3224 overflow=0
FIG8_ATTENTION_HOST_TIMING mode=scna-int8 scna_function=exp2 scna_kernel=tree scna_pipeline=off scna_width=8 qo_len=4 kv_len=4096 n_heads=12 n_kv_heads=2 head_dim=128 phase=measure iteration=4 host_elapsed_us=1129 ret=0
FIG8_ATTENTION_PROFILE_COUNT mode=scna-int8 qo_len=4 phase=measure iteration=4 records=2 max_records=10
FIG8_ATTENTION_TIMERS mode=scna-int8 scna_function=0 scna_kernel=1 scna_pipeline=0 phase=measure iteration=4 lut_exp=0 nonlinear_mode=2 scna_width=8 scna_exp=90 qo_len=4 kv_len=4096 n_heads=12 n_kv_heads=2 head_dim=128 kv_head=0 worker=0 profiled_total=422 q_load=1 k_load=155 v_load=148 qk_dot=3 safe_sm=112 core_acc=1 o_scale=1 o_store=1 kv_dma_issue=0 kv_dma_wait=0 kv_transform=0
FIG8_ATTENTION_TIMERS mode=scna-int8 scna_function=0 scna_kernel=1 scna_pipeline=0 phase=measure iteration=4 lut_exp=0 nonlinear_mode=2 scna_width=8 scna_exp=90 qo_len=4 kv_len=4096 n_heads=12 n_kv_heads=2 head_dim=128 kv_head=1 worker=0 profiled_total=433 q_load=1 k_load=159 v_load=158 qk_dot=2 safe_sm=110 core_acc=1 o_scale=1 o_store=1 kv_dma_issue=0 kv_dma_wait=0 kv_transform=0
FIG8_ATTENTION_EVENT_COUNT mode=scna-int8 qo_len=4 phase=measure iteration=4 events=16 max_events=3224 overflow=0
FIG8_ATTENTION_HOST_TIMING mode=scna-int8 scna_function=exp2 scna_kernel=tree scna_pipeline=off scna_width=8 qo_len=4 kv_len=4096 n_heads=12 n_kv_heads=2 head_dim=128 phase=measure iteration=5 host_elapsed_us=1129 ret=0
FIG8_ATTENTION_PROFILE_COUNT mode=scna-int8 qo_len=4 phase=measure iteration=5 records=2 max_records=10
FIG8_ATTENTION_TIMERS mode=scna-int8 scna_function=0 scna_kernel=1 scna_pipeline=0 phase=measure iteration=5 lut_exp=0 nonlinear_mode=2 scna_width=8 scna_exp=90 qo_len=4 kv_len=4096 n_heads=12 n_kv_heads=2 head_dim=128 kv_head=0 worker=0 profiled_total=415 q_load=1 k_load=156 v_load=139 qk_dot=2 safe_sm=113 core_acc=2 o_scale=1 o_store=1 kv_dma_issue=0 kv_dma_wait=0 kv_transform=0
FIG8_ATTENTION_TIMERS mode=scna-int8 scna_function=0 scna_kernel=1 scna_pipeline=0 phase=measure iteration=5 lut_exp=0 nonlinear_mode=2 scna_width=8 scna_exp=90 qo_len=4 kv_len=4096 n_heads=12 n_kv_heads=2 head_dim=128 kv_head=1 worker=0 profiled_total=439 q_load=1 k_load=164 v_load=157 qk_dot=3 safe_sm=111 core_acc=1 o_scale=1 o_store=1 kv_dma_issue=0 kv_dma_wait=0 kv_transform=0
FIG8_ATTENTION_EVENT_COUNT mode=scna-int8 qo_len=4 phase=measure iteration=5 events=16 max_events=3224 overflow=0
FIG8_ATTENTION_HOST_TIMING mode=scna-int8 scna_function=exp2 scna_kernel=tree scna_pipeline=off scna_width=8 qo_len=4 kv_len=4096 n_heads=12 n_kv_heads=2 head_dim=128 phase=measure iteration=6 host_elapsed_us=1129 ret=0
FIG8_ATTENTION_PROFILE_COUNT mode=scna-int8 qo_len=4 phase=measure iteration=6 records=2 max_records=10
FIG8_ATTENTION_TIMERS mode=scna-int8 scna_function=0 scna_kernel=1 scna_pipeline=0 phase=measure iteration=6 lut_exp=0 nonlinear_mode=2 scna_width=8 scna_exp=90 qo_len=4 kv_len=4096 n_heads=12 n_kv_heads=2 head_dim=128 kv_head=0 worker=0 profiled_total=432 q_load=1 k_load=158 v_load=155 qk_dot=3 safe_sm=112 core_acc=1 o_scale=1 o_store=1 kv_dma_issue=0 kv_dma_wait=0 kv_transform=0
FIG8_ATTENTION_TIMERS mode=scna-int8 scna_function=0 scna_kernel=1 scna_pipeline=0 phase=measure iteration=6 lut_exp=0 nonlinear_mode=2 scna_width=8 scna_exp=90 qo_len=4 kv_len=4096 n_heads=12 n_kv_heads=2 head_dim=128 kv_head=1 worker=0 profiled_total=430 q_load=1 k_load=155 v_load=158 qk_dot=3 safe_sm=110 core_acc=1 o_scale=1 o_store=1 kv_dma_issue=0 kv_dma_wait=0 kv_transform=0
FIG8_ATTENTION_EVENT_COUNT mode=scna-int8 qo_len=4 phase=measure iteration=6 events=16 max_events=3224 overflow=0
FIG8_ATTENTION_HOST_TIMING mode=scna-int8 scna_function=exp2 scna_kernel=tree scna_pipeline=off scna_width=8 qo_len=4 kv_len=4096 n_heads=12 n_kv_heads=2 head_dim=128 phase=measure iteration=7 host_elapsed_us=1128 ret=0
FIG8_ATTENTION_PROFILE_COUNT mode=scna-int8 qo_len=4 phase=measure iteration=7 records=2 max_records=10
FIG8_ATTENTION_TIMERS mode=scna-int8 scna_function=0 scna_kernel=1 scna_pipeline=0 phase=measure iteration=7 lut_exp=0 nonlinear_mode=2 scna_width=8 scna_exp=89 qo_len=4 kv_len=4096 n_heads=12 n_kv_heads=2 head_dim=128 kv_head=0 worker=0 profiled_total=426 q_load=1 k_load=153 v_load=153 qk_dot=3 safe_sm=113 core_acc=1 o_scale=1 o_store=1 kv_dma_issue=0 kv_dma_wait=0 kv_transform=0
FIG8_ATTENTION_TIMERS mode=scna-int8 scna_function=0 scna_kernel=1 scna_pipeline=0 phase=measure iteration=7 lut_exp=0 nonlinear_mode=2 scna_width=8 scna_exp=90 qo_len=4 kv_len=4096 n_heads=12 n_kv_heads=2 head_dim=128 kv_head=1 worker=0 profiled_total=414 q_load=1 k_load=150 v_load=148 qk_dot=3 safe_sm=109 core_acc=1 o_scale=1 o_store=1 kv_dma_issue=0 kv_dma_wait=0 kv_transform=0
FIG8_ATTENTION_EVENT_COUNT mode=scna-int8 qo_len=4 phase=measure iteration=7 events=16 max_events=3224 overflow=0
FIG8_ATTENTION_HOST_TIMING mode=scna-int8 scna_function=exp2 scna_kernel=tree scna_pipeline=off scna_width=8 qo_len=4 kv_len=4096 n_heads=12 n_kv_heads=2 head_dim=128 phase=measure iteration=8 host_elapsed_us=1128 ret=0
FIG8_ATTENTION_PROFILE_COUNT mode=scna-int8 qo_len=4 phase=measure iteration=8 records=2 max_records=10
FIG8_ATTENTION_TIMERS mode=scna-int8 scna_function=0 scna_kernel=1 scna_pipeline=0 phase=measure iteration=8 lut_exp=0 nonlinear_mode=2 scna_width=8 scna_exp=90 qo_len=4 kv_len=4096 n_heads=12 n_kv_heads=2 head_dim=128 kv_head=0 worker=0 profiled_total=422 q_load=1 k_load=149 v_load=153 qk_dot=3 safe_sm=112 core_acc=2 o_scale=1 o_store=1 kv_dma_issue=0 kv_dma_wait=0 kv_transform=0
FIG8_ATTENTION_TIMERS mode=scna-int8 scna_function=0 scna_kernel=1 scna_pipeline=0 phase=measure iteration=8 lut_exp=0 nonlinear_mode=2 scna_width=8 scna_exp=90 qo_len=4 kv_len=4096 n_heads=12 n_kv_heads=2 head_dim=128 kv_head=1 worker=0 profiled_total=428 q_load=1 k_load=153 v_load=157 qk_dot=3 safe_sm=111 core_acc=1 o_scale=1 o_store=1 kv_dma_issue=0 kv_dma_wait=0 kv_transform=0
FIG8_ATTENTION_EVENT_COUNT mode=scna-int8 qo_len=4 phase=measure iteration=8 events=16 max_events=3224 overflow=0
FIG8_ATTENTION_HOST_TIMING mode=scna-int8 scna_function=exp2 scna_kernel=tree scna_pipeline=off scna_width=8 qo_len=4 kv_len=4096 n_heads=12 n_kv_heads=2 head_dim=128 phase=measure iteration=9 host_elapsed_us=1171 ret=0
FIG8_ATTENTION_PROFILE_COUNT mode=scna-int8 qo_len=4 phase=measure iteration=9 records=2 max_records=10
FIG8_ATTENTION_TIMERS mode=scna-int8 scna_function=0 scna_kernel=1 scna_pipeline=0 phase=measure iteration=9 lut_exp=0 nonlinear_mode=2 scna_width=8 scna_exp=89 qo_len=4 kv_len=4096 n_heads=12 n_kv_heads=2 head_dim=128 kv_head=0 worker=0 profiled_total=422 q_load=1 k_load=158 v_load=144 qk_dot=3 safe_sm=113 core_acc=1 o_scale=1 o_store=1 kv_dma_issue=0 kv_dma_wait=0 kv_transform=0
FIG8_ATTENTION_TIMERS mode=scna-int8 scna_function=0 scna_kernel=1 scna_pipeline=0 phase=measure iteration=9 lut_exp=0 nonlinear_mode=2 scna_width=8 scna_exp=90 qo_len=4 kv_len=4096 n_heads=12 n_kv_heads=2 head_dim=128 kv_head=1 worker=0 profiled_total=424 q_load=1 k_load=150 v_load=158 qk_dot=2 safe_sm=110 core_acc=1 o_scale=1 o_store=1 kv_dma_issue=0 kv_dma_wait=0 kv_transform=0
FIG8_ATTENTION_EVENT_COUNT mode=scna-int8 qo_len=4 phase=measure iteration=9 events=16 max_events=3224 overflow=0
FIG8_ATTENTION_HOST_TIMING mode=scna-int8 scna_function=exp2 scna_kernel=tree scna_pipeline=off scna_width=8 qo_len=4 kv_len=4096 n_heads=12 n_kv_heads=2 head_dim=128 phase=measure iteration=10 host_elapsed_us=1205 ret=0
FIG8_ATTENTION_PROFILE_COUNT mode=scna-int8 qo_len=4 phase=measure iteration=10 records=2 max_records=10
FIG8_ATTENTION_TIMERS mode=scna-int8 scna_function=0 scna_kernel=1 scna_pipeline=0 phase=measure iteration=10 lut_exp=0 nonlinear_mode=2 scna_width=8 scna_exp=91 qo_len=4 kv_len=4096 n_heads=12 n_kv_heads=2 head_dim=128 kv_head=0 worker=0 profiled_total=460 q_load=2 k_load=170 v_load=163 qk_dot=2 safe_sm=119 core_acc=2 o_scale=1 o_store=1 kv_dma_issue=0 kv_dma_wait=0 kv_transform=0
FIG8_ATTENTION_TIMERS mode=scna-int8 scna_function=0 scna_kernel=1 scna_pipeline=0 phase=measure iteration=10 lut_exp=0 nonlinear_mode=2 scna_width=8 scna_exp=92 qo_len=4 kv_len=4096 n_heads=12 n_kv_heads=2 head_dim=128 kv_head=1 worker=0 profiled_total=459 q_load=1 k_load=177 v_load=158 qk_dot=3 safe_sm=117 core_acc=1 o_scale=1 o_store=1 kv_dma_issue=0 kv_dma_wait=0 kv_transform=0
FIG8_ATTENTION_EVENT_COUNT mode=scna-int8 qo_len=4 phase=measure iteration=10 events=16 max_events=3224 overflow=0
FIG8_ATTENTION_HOST_TIMING mode=scna-int8 scna_function=exp2 scna_kernel=tree scna_pipeline=off scna_width=8 qo_len=4 kv_len=4096 n_heads=12 n_kv_heads=2 head_dim=128 phase=measure iteration=11 host_elapsed_us=1234 ret=0
FIG8_ATTENTION_PROFILE_COUNT mode=scna-int8 qo_len=4 phase=measure iteration=11 records=2 max_records=10
FIG8_ATTENTION_TIMERS mode=scna-int8 scna_function=0 scna_kernel=1 scna_pipeline=0 phase=measure iteration=11 lut_exp=0 nonlinear_mode=2 scna_width=8 scna_exp=91 qo_len=4 kv_len=4096 n_heads=12 n_kv_heads=2 head_dim=128 kv_head=0 worker=0 profiled_total=453 q_load=2 k_load=169 v_load=158 qk_dot=2 safe_sm=118 core_acc=2 o_scale=1 o_store=1 kv_dma_issue=0 kv_dma_wait=0 kv_transform=0
FIG8_ATTENTION_TIMERS mode=scna-int8 scna_function=0 scna_kernel=1 scna_pipeline=0 phase=measure iteration=11 lut_exp=0 nonlinear_mode=2 scna_width=8 scna_exp=92 qo_len=4 kv_len=4096 n_heads=12 n_kv_heads=2 head_dim=128 kv_head=1 worker=0 profiled_total=467 q_load=1 k_load=179 v_load=164 qk_dot=3 safe_sm=117 core_acc=1 o_scale=1 o_store=1 kv_dma_issue=0 kv_dma_wait=0 kv_transform=0
FIG8_ATTENTION_EVENT_COUNT mode=scna-int8 qo_len=4 phase=measure iteration=11 events=16 max_events=3224 overflow=0
FIG8_ATTENTION_HOST_TIMING mode=scna-int8 scna_function=exp2 scna_kernel=tree scna_pipeline=off scna_width=8 qo_len=4 kv_len=4096 n_heads=12 n_kv_heads=2 head_dim=128 phase=measure iteration=12 host_elapsed_us=1191 ret=0
FIG8_ATTENTION_PROFILE_COUNT mode=scna-int8 qo_len=4 phase=measure iteration=12 records=2 max_records=10
FIG8_ATTENTION_TIMERS mode=scna-int8 scna_function=0 scna_kernel=1 scna_pipeline=0 phase=measure iteration=12 lut_exp=0 nonlinear_mode=2 scna_width=8 scna_exp=91 qo_len=4 kv_len=4096 n_heads=12 n_kv_heads=2 head_dim=128 kv_head=0 worker=0 profiled_total=451 q_load=1 k_load=170 v_load=155 qk_dot=3 safe_sm=118 core_acc=2 o_scale=1 o_store=1 kv_dma_issue=0 kv_dma_wait=0 kv_transform=0
FIG8_ATTENTION_TIMERS mode=scna-int8 scna_function=0 scna_kernel=1 scna_pipeline=0 phase=measure iteration=12 lut_exp=0 nonlinear_mode=2 scna_width=8 scna_exp=92 qo_len=4 kv_len=4096 n_heads=12 n_kv_heads=2 head_dim=128 kv_head=1 worker=0 profiled_total=468 q_load=1 k_load=179 v_load=167 qk_dot=2 safe_sm=116 core_acc=1 o_scale=1 o_store=1 kv_dma_issue=0 kv_dma_wait=0 kv_transform=0
FIG8_ATTENTION_EVENT_COUNT mode=scna-int8 qo_len=4 phase=measure iteration=12 events=16 max_events=3224 overflow=0
FIG8_ATTENTION_HOST_TIMING mode=scna-int8 scna_function=exp2 scna_kernel=tree scna_pipeline=off scna_width=8 qo_len=4 kv_len=4096 n_heads=12 n_kv_heads=2 head_dim=128 phase=measure iteration=13 host_elapsed_us=1199 ret=0
FIG8_ATTENTION_PROFILE_COUNT mode=scna-int8 qo_len=4 phase=measure iteration=13 records=2 max_records=10
FIG8_ATTENTION_TIMERS mode=scna-int8 scna_function=0 scna_kernel=1 scna_pipeline=0 phase=measure iteration=13 lut_exp=0 nonlinear_mode=2 scna_width=8 scna_exp=91 qo_len=4 kv_len=4096 n_heads=12 n_kv_heads=2 head_dim=128 kv_head=0 worker=0 profiled_total=459 q_load=1 k_load=169 v_load=166 qk_dot=2 safe_sm=118 core_acc=1 o_scale=1 o_store=1 kv_dma_issue=0 kv_dma_wait=0 kv_transform=0
FIG8_ATTENTION_TIMERS mode=scna-int8 scna_function=0 scna_kernel=1 scna_pipeline=0 phase=measure iteration=13 lut_exp=0 nonlinear_mode=2 scna_width=8 scna_exp=92 qo_len=4 kv_len=4096 n_heads=12 n_kv_heads=2 head_dim=128 kv_head=1 worker=0 profiled_total=460 q_load=1 k_load=179 v_load=157 qk_dot=3 safe_sm=117 core_acc=1 o_scale=1 o_store=1 kv_dma_issue=0 kv_dma_wait=0 kv_transform=0
FIG8_ATTENTION_EVENT_COUNT mode=scna-int8 qo_len=4 phase=measure iteration=13 events=16 max_events=3224 overflow=0
FIG8_ATTENTION_HOST_TIMING mode=scna-int8 scna_function=exp2 scna_kernel=tree scna_pipeline=off scna_width=8 qo_len=4 kv_len=4096 n_heads=12 n_kv_heads=2 head_dim=128 phase=measure iteration=14 host_elapsed_us=1257 ret=0
FIG8_ATTENTION_PROFILE_COUNT mode=scna-int8 qo_len=4 phase=measure iteration=14 records=2 max_records=10
FIG8_ATTENTION_TIMERS mode=scna-int8 scna_function=0 scna_kernel=1 scna_pipeline=0 phase=measure iteration=14 lut_exp=0 nonlinear_mode=2 scna_width=8 scna_exp=91 qo_len=4 kv_len=4096 n_heads=12 n_kv_heads=2 head_dim=128 kv_head=0 worker=0 profiled_total=454 q_load=1 k_load=169 v_load=160 qk_dot=3 safe_sm=118 core_acc=1 o_scale=1 o_store=1 kv_dma_issue=0 kv_dma_wait=0 kv_transform=0
FIG8_ATTENTION_TIMERS mode=scna-int8 scna_function=0 scna_kernel=1 scna_pipeline=0 phase=measure iteration=14 lut_exp=0 nonlinear_mode=2 scna_width=8 scna_exp=91 qo_len=4 kv_len=4096 n_heads=12 n_kv_heads=2 head_dim=128 kv_head=1 worker=0 profiled_total=467 q_load=1 k_load=187 v_load=157 qk_dot=3 safe_sm=116 core_acc=1 o_scale=1 o_store=1 kv_dma_issue=0 kv_dma_wait=0 kv_transform=0
FIG8_ATTENTION_EVENT_COUNT mode=scna-int8 qo_len=4 phase=measure iteration=14 events=16 max_events=3224 overflow=0
FIG8_ATTENTION_HOST_TIMING mode=scna-int8 scna_function=exp2 scna_kernel=tree scna_pipeline=off scna_width=8 qo_len=4 kv_len=4096 n_heads=12 n_kv_heads=2 head_dim=128 phase=measure iteration=15 host_elapsed_us=1190 ret=0
FIG8_ATTENTION_PROFILE_COUNT mode=scna-int8 qo_len=4 phase=measure iteration=15 records=2 max_records=10
FIG8_ATTENTION_TIMERS mode=scna-int8 scna_function=0 scna_kernel=1 scna_pipeline=0 phase=measure iteration=15 lut_exp=0 nonlinear_mode=2 scna_width=8 scna_exp=91 qo_len=4 kv_len=4096 n_heads=12 n_kv_heads=2 head_dim=128 kv_head=0 worker=0 profiled_total=449 q_load=1 k_load=167 v_load=157 qk_dot=3 safe_sm=118 core_acc=1 o_scale=1 o_store=1 kv_dma_issue=0 kv_dma_wait=0 kv_transform=0
FIG8_ATTENTION_TIMERS mode=scna-int8 scna_function=0 scna_kernel=1 scna_pipeline=0 phase=measure iteration=15 lut_exp=0 nonlinear_mode=2 scna_width=8 scna_exp=91 qo_len=4 kv_len=4096 n_heads=12 n_kv_heads=2 head_dim=128 kv_head=1 worker=0 profiled_total=467 q_load=1 k_load=173 v_load=170 qk_dot=2 safe_sm=118 core_acc=1 o_scale=1 o_store=1 kv_dma_issue=0 kv_dma_wait=0 kv_transform=0
FIG8_ATTENTION_EVENT_COUNT mode=scna-int8 qo_len=4 phase=measure iteration=15 events=16 max_events=3224 overflow=0
FIG8_ATTENTION_HOST_TIMING mode=scna-int8 scna_function=exp2 scna_kernel=tree scna_pipeline=off scna_width=8 qo_len=4 kv_len=4096 n_heads=12 n_kv_heads=2 head_dim=128 phase=measure iteration=16 host_elapsed_us=1196 ret=0
FIG8_ATTENTION_PROFILE_COUNT mode=scna-int8 qo_len=4 phase=measure iteration=16 records=2 max_records=10
FIG8_ATTENTION_TIMERS mode=scna-int8 scna_function=0 scna_kernel=1 scna_pipeline=0 phase=measure iteration=16 lut_exp=0 nonlinear_mode=2 scna_width=8 scna_exp=91 qo_len=4 kv_len=4096 n_heads=12 n_kv_heads=2 head_dim=128 kv_head=0 worker=0 profiled_total=447 q_load=1 k_load=168 v_load=155 qk_dot=3 safe_sm=117 core_acc=1 o_scale=1 o_store=1 kv_dma_issue=0 kv_dma_wait=0 kv_transform=0
FIG8_ATTENTION_TIMERS mode=scna-int8 scna_function=0 scna_kernel=1 scna_pipeline=0 phase=measure iteration=16 lut_exp=0 nonlinear_mode=2 scna_width=8 scna_exp=91 qo_len=4 kv_len=4096 n_heads=12 n_kv_heads=2 head_dim=128 kv_head=1 worker=0 profiled_total=464 q_load=1 k_load=174 v_load=167 qk_dot=3 safe_sm=116 core_acc=1 o_scale=1 o_store=1 kv_dma_issue=0 kv_dma_wait=0 kv_transform=0
FIG8_ATTENTION_EVENT_COUNT mode=scna-int8 qo_len=4 phase=measure iteration=16 events=16 max_events=3224 overflow=0
FIG8_ATTENTION_HOST_TIMING mode=scna-int8 scna_function=exp2 scna_kernel=tree scna_pipeline=off scna_width=8 qo_len=4 kv_len=4096 n_heads=12 n_kv_heads=2 head_dim=128 phase=measure iteration=17 host_elapsed_us=1217 ret=0
FIG8_ATTENTION_PROFILE_COUNT mode=scna-int8 qo_len=4 phase=measure iteration=17 records=2 max_records=10
FIG8_ATTENTION_TIMERS mode=scna-int8 scna_function=0 scna_kernel=1 scna_pipeline=0 phase=measure iteration=17 lut_exp=0 nonlinear_mode=2 scna_width=8 scna_exp=91 qo_len=4 kv_len=4096 n_heads=12 n_kv_heads=2 head_dim=128 kv_head=0 worker=0 profiled_total=447 q_load=1 k_load=166 v_load=157 qk_dot=3 safe_sm=117 core_acc=1 o_scale=1 o_store=1 kv_dma_issue=0 kv_dma_wait=0 kv_transform=0
FIG8_ATTENTION_TIMERS mode=scna-int8 scna_function=0 scna_kernel=1 scna_pipeline=0 phase=measure iteration=17 lut_exp=0 nonlinear_mode=2 scna_width=8 scna_exp=91 qo_len=4 kv_len=4096 n_heads=12 n_kv_heads=2 head_dim=128 kv_head=1 worker=0 profiled_total=467 q_load=1 k_load=172 v_load=172 qk_dot=2 safe_sm=117 core_acc=1 o_scale=1 o_store=1 kv_dma_issue=0 kv_dma_wait=0 kv_transform=0
FIG8_ATTENTION_EVENT_COUNT mode=scna-int8 qo_len=4 phase=measure iteration=17 events=16 max_events=3224 overflow=0
FIG8_ATTENTION_HOST_TIMING mode=scna-int8 scna_function=exp2 scna_kernel=tree scna_pipeline=off scna_width=8 qo_len=4 kv_len=4096 n_heads=12 n_kv_heads=2 head_dim=128 phase=measure iteration=18 host_elapsed_us=1254 ret=0
FIG8_ATTENTION_PROFILE_COUNT mode=scna-int8 qo_len=4 phase=measure iteration=18 records=2 max_records=10
FIG8_ATTENTION_TIMERS mode=scna-int8 scna_function=0 scna_kernel=1 scna_pipeline=0 phase=measure iteration=18 lut_exp=0 nonlinear_mode=2 scna_width=8 scna_exp=91 qo_len=4 kv_len=4096 n_heads=12 n_kv_heads=2 head_dim=128 kv_head=0 worker=0 profiled_total=462 q_load=1 k_load=168 v_load=168 qk_dot=3 safe_sm=118 core_acc=2 o_scale=1 o_store=1 kv_dma_issue=0 kv_dma_wait=0 kv_transform=0
FIG8_ATTENTION_TIMERS mode=scna-int8 scna_function=0 scna_kernel=1 scna_pipeline=0 phase=measure iteration=18 lut_exp=0 nonlinear_mode=2 scna_width=8 scna_exp=92 qo_len=4 kv_len=4096 n_heads=12 n_kv_heads=2 head_dim=128 kv_head=1 worker=0 profiled_total=471 q_load=1 k_load=183 v_load=164 qk_dot=3 safe_sm=117 core_acc=1 o_scale=1 o_store=1 kv_dma_issue=0 kv_dma_wait=0 kv_transform=0
FIG8_ATTENTION_EVENT_COUNT mode=scna-int8 qo_len=4 phase=measure iteration=18 events=16 max_events=3224 overflow=0
FIG8_ATTENTION_HOST_TIMING mode=scna-int8 scna_function=exp2 scna_kernel=tree scna_pipeline=off scna_width=8 qo_len=4 kv_len=4096 n_heads=12 n_kv_heads=2 head_dim=128 phase=measure iteration=19 host_elapsed_us=1186 ret=0
FIG8_ATTENTION_PROFILE_COUNT mode=scna-int8 qo_len=4 phase=measure iteration=19 records=2 max_records=10
FIG8_ATTENTION_TIMERS mode=scna-int8 scna_function=0 scna_kernel=1 scna_pipeline=0 phase=measure iteration=19 lut_exp=0 nonlinear_mode=2 scna_width=8 scna_exp=91 qo_len=4 kv_len=4096 n_heads=12 n_kv_heads=2 head_dim=128 kv_head=0 worker=0 profiled_total=449 q_load=1 k_load=166 v_load=159 qk_dot=3 safe_sm=117 core_acc=1 o_scale=1 o_store=1 kv_dma_issue=0 kv_dma_wait=0 kv_transform=0
FIG8_ATTENTION_TIMERS mode=scna-int8 scna_function=0 scna_kernel=1 scna_pipeline=0 phase=measure iteration=19 lut_exp=0 nonlinear_mode=2 scna_width=8 scna_exp=92 qo_len=4 kv_len=4096 n_heads=12 n_kv_heads=2 head_dim=128 kv_head=1 worker=0 profiled_total=465 q_load=1 k_load=171 v_load=169 qk_dot=3 safe_sm=118 core_acc=1 o_scale=1 o_store=1 kv_dma_issue=0 kv_dma_wait=0 kv_transform=0
FIG8_ATTENTION_EVENT_COUNT mode=scna-int8 qo_len=4 phase=measure iteration=19 events=16 max_events=3224 overflow=0
