alloc_shared_mem_buf: buf=0x761c0a2000 fd=12 size=24576 flags=FASTRPC_MAP_FD
alloc_shared_mem_buf: buf=0x7386200000 fd=13 size=2097152 flags=FASTRPC_MAP_FD
alloc_shared_mem_buf: buf=0x7386000000 fd=14 size=2097152 flags=FASTRPC_MAP_FD
alloc_shared_mem_buf: buf=0x761bfe5000 fd=15 size=24576 flags=FASTRPC_MAP_FD
alloc_shared_mem_buf: buf=0x761bfcd000 fd=16 size=32768 flags=FASTRPC_MAP_FD
alloc_shared_mem_buf: buf=0x73865c0000 fd=17 size=234240 flags=FASTRPC_MAP_FD
alloc_shared_mem_buf: buf=0x761c222000 fd=18 size=4096 flags=FASTRPC_MAP_FD
No-op channel request completed
FIG8_ATTENTION_CONFIG mode=scna-int8 scna_function=exp2 scna_kernel=tree scna_pipeline=off mask_mode=full qo_len=4 kv_len=4096 n_heads=12 n_kv_heads=2 head_dim=128 warmup=5 iters=20 scna_width=32 q_size=24576 kv_size=2097152 mask_size=32768 profile_size=234240 profile_max_records=10 profile_max_events=3224 mode_flags=1064 print_events=0
FIG8_ATTENTION_HOST_TIMING mode=scna-int8 scna_function=exp2 scna_kernel=tree scna_pipeline=off scna_width=32 qo_len=4 kv_len=4096 n_heads=12 n_kv_heads=2 head_dim=128 phase=warmup iteration=0 host_elapsed_us=1331 ret=0
FIG8_ATTENTION_PROFILE_COUNT mode=scna-int8 qo_len=4 phase=warmup iteration=0 records=2 max_records=10
FIG8_ATTENTION_TIMERS mode=scna-int8 scna_function=0 scna_kernel=1 scna_pipeline=0 phase=warmup iteration=0 lut_exp=0 nonlinear_mode=2 scna_width=32 scna_exp=122 qo_len=4 kv_len=4096 n_heads=12 n_kv_heads=2 head_dim=128 kv_head=0 worker=0 profiled_total=468 q_load=2 k_load=166 v_load=135 qk_dot=3 safe_sm=155 core_acc=2 o_scale=2 o_store=3 kv_dma_issue=0 kv_dma_wait=0 kv_transform=0
FIG8_ATTENTION_TIMERS mode=scna-int8 scna_function=0 scna_kernel=1 scna_pipeline=0 phase=warmup iteration=0 lut_exp=0 nonlinear_mode=2 scna_width=32 scna_exp=120 qo_len=4 kv_len=4096 n_heads=12 n_kv_heads=2 head_dim=128 kv_head=1 worker=0 profiled_total=475 q_load=1 k_load=177 v_load=140 qk_dot=3 safe_sm=151 core_acc=1 o_scale=1 o_store=1 kv_dma_issue=0 kv_dma_wait=0 kv_transform=0
FIG8_ATTENTION_EVENT_COUNT mode=scna-int8 qo_len=4 phase=warmup iteration=0 events=16 max_events=3224 overflow=0
FIG8_ATTENTION_HOST_TIMING mode=scna-int8 scna_function=exp2 scna_kernel=tree scna_pipeline=off scna_width=32 qo_len=4 kv_len=4096 n_heads=12 n_kv_heads=2 head_dim=128 phase=warmup iteration=1 host_elapsed_us=1084 ret=0
FIG8_ATTENTION_PROFILE_COUNT mode=scna-int8 qo_len=4 phase=warmup iteration=1 records=2 max_records=10
FIG8_ATTENTION_TIMERS mode=scna-int8 scna_function=0 scna_kernel=1 scna_pipeline=0 phase=warmup iteration=1 lut_exp=0 nonlinear_mode=2 scna_width=32 scna_exp=115 qo_len=4 kv_len=4096 n_heads=12 n_kv_heads=2 head_dim=128 kv_head=0 worker=0 profiled_total=414 q_load=1 k_load=137 v_load=131 qk_dot=2 safe_sm=140 core_acc=1 o_scale=1 o_store=1 kv_dma_issue=0 kv_dma_wait=0 kv_transform=0
FIG8_ATTENTION_TIMERS mode=scna-int8 scna_function=0 scna_kernel=1 scna_pipeline=0 phase=warmup iteration=1 lut_exp=0 nonlinear_mode=2 scna_width=32 scna_exp=115 qo_len=4 kv_len=4096 n_heads=12 n_kv_heads=2 head_dim=128 kv_head=1 worker=0 profiled_total=417 q_load=1 k_load=140 v_load=135 qk_dot=2 safe_sm=136 core_acc=1 o_scale=1 o_store=1 kv_dma_issue=0 kv_dma_wait=0 kv_transform=0
FIG8_ATTENTION_EVENT_COUNT mode=scna-int8 qo_len=4 phase=warmup iteration=1 events=16 max_events=3224 overflow=0
FIG8_ATTENTION_HOST_TIMING mode=scna-int8 scna_function=exp2 scna_kernel=tree scna_pipeline=off scna_width=32 qo_len=4 kv_len=4096 n_heads=12 n_kv_heads=2 head_dim=128 phase=warmup iteration=2 host_elapsed_us=1161 ret=0
FIG8_ATTENTION_PROFILE_COUNT mode=scna-int8 qo_len=4 phase=warmup iteration=2 records=2 max_records=10
FIG8_ATTENTION_TIMERS mode=scna-int8 scna_function=0 scna_kernel=1 scna_pipeline=0 phase=warmup iteration=2 lut_exp=0 nonlinear_mode=2 scna_width=32 scna_exp=114 qo_len=4 kv_len=4096 n_heads=12 n_kv_heads=2 head_dim=128 kv_head=0 worker=0 profiled_total=422 q_load=1 k_load=146 v_load=132 qk_dot=2 safe_sm=138 core_acc=1 o_scale=1 o_store=1 kv_dma_issue=0 kv_dma_wait=0 kv_transform=0
FIG8_ATTENTION_TIMERS mode=scna-int8 scna_function=0 scna_kernel=1 scna_pipeline=0 phase=warmup iteration=2 lut_exp=0 nonlinear_mode=2 scna_width=32 scna_exp=115 qo_len=4 kv_len=4096 n_heads=12 n_kv_heads=2 head_dim=128 kv_head=1 worker=0 profiled_total=429 q_load=1 k_load=150 v_load=136 qk_dot=3 safe_sm=136 core_acc=1 o_scale=1 o_store=1 kv_dma_issue=0 kv_dma_wait=0 kv_transform=0
FIG8_ATTENTION_EVENT_COUNT mode=scna-int8 qo_len=4 phase=warmup iteration=2 events=16 max_events=3224 overflow=0
FIG8_ATTENTION_HOST_TIMING mode=scna-int8 scna_function=exp2 scna_kernel=tree scna_pipeline=off scna_width=32 qo_len=4 kv_len=4096 n_heads=12 n_kv_heads=2 head_dim=128 phase=warmup iteration=3 host_elapsed_us=1098 ret=0
FIG8_ATTENTION_PROFILE_COUNT mode=scna-int8 qo_len=4 phase=warmup iteration=3 records=2 max_records=10
FIG8_ATTENTION_TIMERS mode=scna-int8 scna_function=0 scna_kernel=1 scna_pipeline=0 phase=warmup iteration=3 lut_exp=0 nonlinear_mode=2 scna_width=32 scna_exp=115 qo_len=4 kv_len=4096 n_heads=12 n_kv_heads=2 head_dim=128 kv_head=0 worker=0 profiled_total=421 q_load=1 k_load=144 v_load=133 qk_dot=2 safe_sm=138 core_acc=1 o_scale=1 o_store=1 kv_dma_issue=0 kv_dma_wait=0 kv_transform=0
FIG8_ATTENTION_TIMERS mode=scna-int8 scna_function=0 scna_kernel=1 scna_pipeline=0 phase=warmup iteration=3 lut_exp=0 nonlinear_mode=2 scna_width=32 scna_exp=115 qo_len=4 kv_len=4096 n_heads=12 n_kv_heads=2 head_dim=128 kv_head=1 worker=0 profiled_total=429 q_load=1 k_load=150 v_load=135 qk_dot=3 safe_sm=136 core_acc=1 o_scale=1 o_store=2 kv_dma_issue=0 kv_dma_wait=0 kv_transform=0
FIG8_ATTENTION_EVENT_COUNT mode=scna-int8 qo_len=4 phase=warmup iteration=3 events=16 max_events=3224 overflow=0
FIG8_ATTENTION_HOST_TIMING mode=scna-int8 scna_function=exp2 scna_kernel=tree scna_pipeline=off scna_width=32 qo_len=4 kv_len=4096 n_heads=12 n_kv_heads=2 head_dim=128 phase=warmup iteration=4 host_elapsed_us=1091 ret=0
FIG8_ATTENTION_PROFILE_COUNT mode=scna-int8 qo_len=4 phase=warmup iteration=4 records=2 max_records=10
FIG8_ATTENTION_TIMERS mode=scna-int8 scna_function=0 scna_kernel=1 scna_pipeline=0 phase=warmup iteration=4 lut_exp=0 nonlinear_mode=2 scna_width=32 scna_exp=114 qo_len=4 kv_len=4096 n_heads=12 n_kv_heads=2 head_dim=128 kv_head=0 worker=0 profiled_total=419 q_load=1 k_load=144 v_load=132 qk_dot=2 safe_sm=137 core_acc=1 o_scale=1 o_store=1 kv_dma_issue=0 kv_dma_wait=0 kv_transform=0
FIG8_ATTENTION_TIMERS mode=scna-int8 scna_function=0 scna_kernel=1 scna_pipeline=0 phase=warmup iteration=4 lut_exp=0 nonlinear_mode=2 scna_width=32 scna_exp=115 qo_len=4 kv_len=4096 n_heads=12 n_kv_heads=2 head_dim=128 kv_head=1 worker=0 profiled_total=429 q_load=1 k_load=151 v_load=135 qk_dot=3 safe_sm=136 core_acc=1 o_scale=1 o_store=1 kv_dma_issue=0 kv_dma_wait=0 kv_transform=0
FIG8_ATTENTION_EVENT_COUNT mode=scna-int8 qo_len=4 phase=warmup iteration=4 events=16 max_events=3224 overflow=0
FIG8_ATTENTION_HOST_TIMING mode=scna-int8 scna_function=exp2 scna_kernel=tree scna_pipeline=off scna_width=32 qo_len=4 kv_len=4096 n_heads=12 n_kv_heads=2 head_dim=128 phase=measure iteration=0 host_elapsed_us=1172 ret=0
FIG8_ATTENTION_PROFILE_COUNT mode=scna-int8 qo_len=4 phase=measure iteration=0 records=2 max_records=10
FIG8_ATTENTION_TIMERS mode=scna-int8 scna_function=0 scna_kernel=1 scna_pipeline=0 phase=measure iteration=0 lut_exp=0 nonlinear_mode=2 scna_width=32 scna_exp=115 qo_len=4 kv_len=4096 n_heads=12 n_kv_heads=2 head_dim=128 kv_head=0 worker=0 profiled_total=420 q_load=1 k_load=144 v_load=133 qk_dot=2 safe_sm=137 core_acc=1 o_scale=1 o_store=1 kv_dma_issue=0 kv_dma_wait=0 kv_transform=0
FIG8_ATTENTION_TIMERS mode=scna-int8 scna_function=0 scna_kernel=1 scna_pipeline=0 phase=measure iteration=0 lut_exp=0 nonlinear_mode=2 scna_width=32 scna_exp=115 qo_len=4 kv_len=4096 n_heads=12 n_kv_heads=2 head_dim=128 kv_head=1 worker=0 profiled_total=423 q_load=1 k_load=149 v_load=130 qk_dot=3 safe_sm=137 core_acc=1 o_scale=1 o_store=1 kv_dma_issue=0 kv_dma_wait=0 kv_transform=0
FIG8_ATTENTION_EVENT_COUNT mode=scna-int8 qo_len=4 phase=measure iteration=0 events=16 max_events=3224 overflow=0
FIG8_ATTENTION_HOST_TIMING mode=scna-int8 scna_function=exp2 scna_kernel=tree scna_pipeline=off scna_width=32 qo_len=4 kv_len=4096 n_heads=12 n_kv_heads=2 head_dim=128 phase=measure iteration=1 host_elapsed_us=1086 ret=0
FIG8_ATTENTION_PROFILE_COUNT mode=scna-int8 qo_len=4 phase=measure iteration=1 records=2 max_records=10
FIG8_ATTENTION_TIMERS mode=scna-int8 scna_function=0 scna_kernel=1 scna_pipeline=0 phase=measure iteration=1 lut_exp=0 nonlinear_mode=2 scna_width=32 scna_exp=114 qo_len=4 kv_len=4096 n_heads=12 n_kv_heads=2 head_dim=128 kv_head=0 worker=0 profiled_total=417 q_load=1 k_load=142 v_load=131 qk_dot=2 safe_sm=137 core_acc=1 o_scale=1 o_store=2 kv_dma_issue=0 kv_dma_wait=0 kv_transform=0
FIG8_ATTENTION_TIMERS mode=scna-int8 scna_function=0 scna_kernel=1 scna_pipeline=0 phase=measure iteration=1 lut_exp=0 nonlinear_mode=2 scna_width=32 scna_exp=115 qo_len=4 kv_len=4096 n_heads=12 n_kv_heads=2 head_dim=128 kv_head=1 worker=0 profiled_total=425 q_load=1 k_load=150 v_load=133 qk_dot=2 safe_sm=136 core_acc=1 o_scale=1 o_store=1 kv_dma_issue=0 kv_dma_wait=0 kv_transform=0
FIG8_ATTENTION_EVENT_COUNT mode=scna-int8 qo_len=4 phase=measure iteration=1 events=16 max_events=3224 overflow=0
FIG8_ATTENTION_HOST_TIMING mode=scna-int8 scna_function=exp2 scna_kernel=tree scna_pipeline=off scna_width=32 qo_len=4 kv_len=4096 n_heads=12 n_kv_heads=2 head_dim=128 phase=measure iteration=2 host_elapsed_us=1083 ret=0
FIG8_ATTENTION_PROFILE_COUNT mode=scna-int8 qo_len=4 phase=measure iteration=2 records=2 max_records=10
FIG8_ATTENTION_TIMERS mode=scna-int8 scna_function=0 scna_kernel=1 scna_pipeline=0 phase=measure iteration=2 lut_exp=0 nonlinear_mode=2 scna_width=32 scna_exp=114 qo_len=4 kv_len=4096 n_heads=12 n_kv_heads=2 head_dim=128 kv_head=0 worker=0 profiled_total=413 q_load=1 k_load=142 v_load=126 qk_dot=2 safe_sm=138 core_acc=1 o_scale=1 o_store=2 kv_dma_issue=0 kv_dma_wait=0 kv_transform=0
FIG8_ATTENTION_TIMERS mode=scna-int8 scna_function=0 scna_kernel=1 scna_pipeline=0 phase=measure iteration=2 lut_exp=0 nonlinear_mode=2 scna_width=32 scna_exp=115 qo_len=4 kv_len=4096 n_heads=12 n_kv_heads=2 head_dim=128 kv_head=1 worker=0 profiled_total=424 q_load=1 k_load=148 v_load=134 qk_dot=2 safe_sm=136 core_acc=1 o_scale=1 o_store=1 kv_dma_issue=0 kv_dma_wait=0 kv_transform=0
FIG8_ATTENTION_EVENT_COUNT mode=scna-int8 qo_len=4 phase=measure iteration=2 events=16 max_events=3224 overflow=0
FIG8_ATTENTION_HOST_TIMING mode=scna-int8 scna_function=exp2 scna_kernel=tree scna_pipeline=off scna_width=32 qo_len=4 kv_len=4096 n_heads=12 n_kv_heads=2 head_dim=128 phase=measure iteration=3 host_elapsed_us=1080 ret=0
FIG8_ATTENTION_PROFILE_COUNT mode=scna-int8 qo_len=4 phase=measure iteration=3 records=2 max_records=10
FIG8_ATTENTION_TIMERS mode=scna-int8 scna_function=0 scna_kernel=1 scna_pipeline=0 phase=measure iteration=3 lut_exp=0 nonlinear_mode=2 scna_width=32 scna_exp=115 qo_len=4 kv_len=4096 n_heads=12 n_kv_heads=2 head_dim=128 kv_head=0 worker=0 profiled_total=412 q_load=1 k_load=140 v_load=128 qk_dot=2 safe_sm=137 core_acc=1 o_scale=1 o_store=2 kv_dma_issue=0 kv_dma_wait=0 kv_transform=0
FIG8_ATTENTION_TIMERS mode=scna-int8 scna_function=0 scna_kernel=1 scna_pipeline=0 phase=measure iteration=3 lut_exp=0 nonlinear_mode=2 scna_width=32 scna_exp=115 qo_len=4 kv_len=4096 n_heads=12 n_kv_heads=2 head_dim=128 kv_head=1 worker=0 profiled_total=423 q_load=1 k_load=147 v_load=134 qk_dot=2 safe_sm=136 core_acc=1 o_scale=1 o_store=1 kv_dma_issue=0 kv_dma_wait=0 kv_transform=0
FIG8_ATTENTION_EVENT_COUNT mode=scna-int8 qo_len=4 phase=measure iteration=3 events=16 max_events=3224 overflow=0
FIG8_ATTENTION_HOST_TIMING mode=scna-int8 scna_function=exp2 scna_kernel=tree scna_pipeline=off scna_width=32 qo_len=4 kv_len=4096 n_heads=12 n_kv_heads=2 head_dim=128 phase=measure iteration=4 host_elapsed_us=1126 ret=0
FIG8_ATTENTION_PROFILE_COUNT mode=scna-int8 qo_len=4 phase=measure iteration=4 records=2 max_records=10
FIG8_ATTENTION_TIMERS mode=scna-int8 scna_function=0 scna_kernel=1 scna_pipeline=0 phase=measure iteration=4 lut_exp=0 nonlinear_mode=2 scna_width=32 scna_exp=114 qo_len=4 kv_len=4096 n_heads=12 n_kv_heads=2 head_dim=128 kv_head=0 worker=0 profiled_total=414 q_load=1 k_load=143 v_load=126 qk_dot=2 safe_sm=139 core_acc=1 o_scale=1 o_store=1 kv_dma_issue=0 kv_dma_wait=0 kv_transform=0
FIG8_ATTENTION_TIMERS mode=scna-int8 scna_function=0 scna_kernel=1 scna_pipeline=0 phase=measure iteration=4 lut_exp=0 nonlinear_mode=2 scna_width=32 scna_exp=115 qo_len=4 kv_len=4096 n_heads=12 n_kv_heads=2 head_dim=128 kv_head=1 worker=0 profiled_total=405 q_load=1 k_load=138 v_load=126 qk_dot=2 safe_sm=135 core_acc=1 o_scale=1 o_store=1 kv_dma_issue=0 kv_dma_wait=0 kv_transform=0
FIG8_ATTENTION_EVENT_COUNT mode=scna-int8 qo_len=4 phase=measure iteration=4 events=16 max_events=3224 overflow=0
FIG8_ATTENTION_HOST_TIMING mode=scna-int8 scna_function=exp2 scna_kernel=tree scna_pipeline=off scna_width=32 qo_len=4 kv_len=4096 n_heads=12 n_kv_heads=2 head_dim=128 phase=measure iteration=5 host_elapsed_us=1124 ret=0
FIG8_ATTENTION_PROFILE_COUNT mode=scna-int8 qo_len=4 phase=measure iteration=5 records=2 max_records=10
FIG8_ATTENTION_TIMERS mode=scna-int8 scna_function=0 scna_kernel=1 scna_pipeline=0 phase=measure iteration=5 lut_exp=0 nonlinear_mode=2 scna_width=32 scna_exp=114 qo_len=4 kv_len=4096 n_heads=12 n_kv_heads=2 head_dim=128 kv_head=0 worker=0 profiled_total=401 q_load=1 k_load=136 v_load=123 qk_dot=2 safe_sm=137 core_acc=1 o_scale=0 o_store=1 kv_dma_issue=0 kv_dma_wait=0 kv_transform=0
FIG8_ATTENTION_TIMERS mode=scna-int8 scna_function=0 scna_kernel=1 scna_pipeline=0 phase=measure iteration=5 lut_exp=0 nonlinear_mode=2 scna_width=32 scna_exp=115 qo_len=4 kv_len=4096 n_heads=12 n_kv_heads=2 head_dim=128 kv_head=1 worker=0 profiled_total=410 q_load=1 k_load=141 v_load=127 qk_dot=2 safe_sm=136 core_acc=1 o_scale=1 o_store=1 kv_dma_issue=0 kv_dma_wait=0 kv_transform=0
FIG8_ATTENTION_EVENT_COUNT mode=scna-int8 qo_len=4 phase=measure iteration=5 events=16 max_events=3224 overflow=0
FIG8_ATTENTION_HOST_TIMING mode=scna-int8 scna_function=exp2 scna_kernel=tree scna_pipeline=off scna_width=32 qo_len=4 kv_len=4096 n_heads=12 n_kv_heads=2 head_dim=128 phase=measure iteration=6 host_elapsed_us=1158 ret=0
FIG8_ATTENTION_PROFILE_COUNT mode=scna-int8 qo_len=4 phase=measure iteration=6 records=2 max_records=10
FIG8_ATTENTION_TIMERS mode=scna-int8 scna_function=0 scna_kernel=1 scna_pipeline=0 phase=measure iteration=6 lut_exp=0 nonlinear_mode=2 scna_width=32 scna_exp=114 qo_len=4 kv_len=4096 n_heads=12 n_kv_heads=2 head_dim=128 kv_head=0 worker=0 profiled_total=405 q_load=1 k_load=136 v_load=125 qk_dot=2 safe_sm=138 core_acc=1 o_scale=1 o_store=1 kv_dma_issue=0 kv_dma_wait=0 kv_transform=0
FIG8_ATTENTION_TIMERS mode=scna-int8 scna_function=0 scna_kernel=1 scna_pipeline=0 phase=measure iteration=6 lut_exp=0 nonlinear_mode=2 scna_width=32 scna_exp=115 qo_len=4 kv_len=4096 n_heads=12 n_kv_heads=2 head_dim=128 kv_head=1 worker=0 profiled_total=426 q_load=1 k_load=144 v_load=139 qk_dot=2 safe_sm=136 core_acc=1 o_scale=1 o_store=2 kv_dma_issue=0 kv_dma_wait=0 kv_transform=0
FIG8_ATTENTION_EVENT_COUNT mode=scna-int8 qo_len=4 phase=measure iteration=6 events=16 max_events=3224 overflow=0
FIG8_ATTENTION_HOST_TIMING mode=scna-int8 scna_function=exp2 scna_kernel=tree scna_pipeline=off scna_width=32 qo_len=4 kv_len=4096 n_heads=12 n_kv_heads=2 head_dim=128 phase=measure iteration=7 host_elapsed_us=1110 ret=0
FIG8_ATTENTION_PROFILE_COUNT mode=scna-int8 qo_len=4 phase=measure iteration=7 records=2 max_records=10
FIG8_ATTENTION_TIMERS mode=scna-int8 scna_function=0 scna_kernel=1 scna_pipeline=0 phase=measure iteration=7 lut_exp=0 nonlinear_mode=2 scna_width=32 scna_exp=114 qo_len=4 kv_len=4096 n_heads=12 n_kv_heads=2 head_dim=128 kv_head=0 worker=0 profiled_total=428 q_load=1 k_load=143 v_load=140 qk_dot=2 safe_sm=139 core_acc=1 o_scale=1 o_store=1 kv_dma_issue=0 kv_dma_wait=0 kv_transform=0
FIG8_ATTENTION_TIMERS mode=scna-int8 scna_function=0 scna_kernel=1 scna_pipeline=0 phase=measure iteration=7 lut_exp=0 nonlinear_mode=2 scna_width=32 scna_exp=115 qo_len=4 kv_len=4096 n_heads=12 n_kv_heads=2 head_dim=128 kv_head=1 worker=0 profiled_total=440 q_load=1 k_load=156 v_load=139 qk_dot=2 safe_sm=139 core_acc=1 o_scale=1 o_store=1 kv_dma_issue=0 kv_dma_wait=0 kv_transform=0
FIG8_ATTENTION_EVENT_COUNT mode=scna-int8 qo_len=4 phase=measure iteration=7 events=16 max_events=3224 overflow=0
FIG8_ATTENTION_HOST_TIMING mode=scna-int8 scna_function=exp2 scna_kernel=tree scna_pipeline=off scna_width=32 qo_len=4 kv_len=4096 n_heads=12 n_kv_heads=2 head_dim=128 phase=measure iteration=8 host_elapsed_us=1205 ret=0
FIG8_ATTENTION_PROFILE_COUNT mode=scna-int8 qo_len=4 phase=measure iteration=8 records=2 max_records=10
FIG8_ATTENTION_TIMERS mode=scna-int8 scna_function=0 scna_kernel=1 scna_pipeline=0 phase=measure iteration=8 lut_exp=0 nonlinear_mode=2 scna_width=32 scna_exp=114 qo_len=4 kv_len=4096 n_heads=12 n_kv_heads=2 head_dim=128 kv_head=0 worker=0 profiled_total=430 q_load=1 k_load=141 v_load=144 qk_dot=2 safe_sm=138 core_acc=1 o_scale=1 o_store=2 kv_dma_issue=0 kv_dma_wait=0 kv_transform=0
FIG8_ATTENTION_TIMERS mode=scna-int8 scna_function=0 scna_kernel=1 scna_pipeline=0 phase=measure iteration=8 lut_exp=0 nonlinear_mode=2 scna_width=32 scna_exp=115 qo_len=4 kv_len=4096 n_heads=12 n_kv_heads=2 head_dim=128 kv_head=1 worker=0 profiled_total=450 q_load=1 k_load=158 v_load=150 qk_dot=2 safe_sm=136 core_acc=1 o_scale=1 o_store=1 kv_dma_issue=0 kv_dma_wait=0 kv_transform=0
FIG8_ATTENTION_EVENT_COUNT mode=scna-int8 qo_len=4 phase=measure iteration=8 events=16 max_events=3224 overflow=0
FIG8_ATTENTION_HOST_TIMING mode=scna-int8 scna_function=exp2 scna_kernel=tree scna_pipeline=off scna_width=32 qo_len=4 kv_len=4096 n_heads=12 n_kv_heads=2 head_dim=128 phase=measure iteration=9 host_elapsed_us=1195 ret=0
FIG8_ATTENTION_PROFILE_COUNT mode=scna-int8 qo_len=4 phase=measure iteration=9 records=2 max_records=10
FIG8_ATTENTION_TIMERS mode=scna-int8 scna_function=0 scna_kernel=1 scna_pipeline=0 phase=measure iteration=9 lut_exp=0 nonlinear_mode=2 scna_width=32 scna_exp=114 qo_len=4 kv_len=4096 n_heads=12 n_kv_heads=2 head_dim=128 kv_head=0 worker=0 profiled_total=427 q_load=1 k_load=144 v_load=135 qk_dot=2 safe_sm=141 core_acc=1 o_scale=1 o_store=2 kv_dma_issue=0 kv_dma_wait=0 kv_transform=0
FIG8_ATTENTION_TIMERS mode=scna-int8 scna_function=0 scna_kernel=1 scna_pipeline=0 phase=measure iteration=9 lut_exp=0 nonlinear_mode=2 scna_width=32 scna_exp=115 qo_len=4 kv_len=4096 n_heads=12 n_kv_heads=2 head_dim=128 kv_head=1 worker=0 profiled_total=453 q_load=1 k_load=155 v_load=154 qk_dot=2 safe_sm=137 core_acc=1 o_scale=1 o_store=2 kv_dma_issue=0 kv_dma_wait=0 kv_transform=0
FIG8_ATTENTION_EVENT_COUNT mode=scna-int8 qo_len=4 phase=measure iteration=9 events=16 max_events=3224 overflow=0
FIG8_ATTENTION_HOST_TIMING mode=scna-int8 scna_function=exp2 scna_kernel=tree scna_pipeline=off scna_width=32 qo_len=4 kv_len=4096 n_heads=12 n_kv_heads=2 head_dim=128 phase=measure iteration=10 host_elapsed_us=1198 ret=0
FIG8_ATTENTION_PROFILE_COUNT mode=scna-int8 qo_len=4 phase=measure iteration=10 records=2 max_records=10
FIG8_ATTENTION_TIMERS mode=scna-int8 scna_function=0 scna_kernel=1 scna_pipeline=0 phase=measure iteration=10 lut_exp=0 nonlinear_mode=2 scna_width=32 scna_exp=114 qo_len=4 kv_len=4096 n_heads=12 n_kv_heads=2 head_dim=128 kv_head=0 worker=0 profiled_total=429 q_load=1 k_load=144 v_load=140 qk_dot=2 safe_sm=139 core_acc=1 o_scale=1 o_store=1 kv_dma_issue=0 kv_dma_wait=0 kv_transform=0
FIG8_ATTENTION_TIMERS mode=scna-int8 scna_function=0 scna_kernel=1 scna_pipeline=0 phase=measure iteration=10 lut_exp=0 nonlinear_mode=2 scna_width=32 scna_exp=115 qo_len=4 kv_len=4096 n_heads=12 n_kv_heads=2 head_dim=128 kv_head=1 worker=0 profiled_total=452 q_load=1 k_load=155 v_load=152 qk_dot=2 safe_sm=138 core_acc=1 o_scale=1 o_store=2 kv_dma_issue=0 kv_dma_wait=0 kv_transform=0
FIG8_ATTENTION_EVENT_COUNT mode=scna-int8 qo_len=4 phase=measure iteration=10 events=16 max_events=3224 overflow=0
FIG8_ATTENTION_HOST_TIMING mode=scna-int8 scna_function=exp2 scna_kernel=tree scna_pipeline=off scna_width=32 qo_len=4 kv_len=4096 n_heads=12 n_kv_heads=2 head_dim=128 phase=measure iteration=11 host_elapsed_us=1213 ret=0
FIG8_ATTENTION_PROFILE_COUNT mode=scna-int8 qo_len=4 phase=measure iteration=11 records=2 max_records=10
FIG8_ATTENTION_TIMERS mode=scna-int8 scna_function=0 scna_kernel=1 scna_pipeline=0 phase=measure iteration=11 lut_exp=0 nonlinear_mode=2 scna_width=32 scna_exp=114 qo_len=4 kv_len=4096 n_heads=12 n_kv_heads=2 head_dim=128 kv_head=0 worker=0 profiled_total=421 q_load=1 k_load=132 v_load=145 qk_dot=2 safe_sm=138 core_acc=1 o_scale=1 o_store=1 kv_dma_issue=0 kv_dma_wait=0 kv_transform=0
FIG8_ATTENTION_TIMERS mode=scna-int8 scna_function=0 scna_kernel=1 scna_pipeline=0 phase=measure iteration=11 lut_exp=0 nonlinear_mode=2 scna_width=32 scna_exp=115 qo_len=4 kv_len=4096 n_heads=12 n_kv_heads=2 head_dim=128 kv_head=1 worker=0 profiled_total=440 q_load=1 k_load=144 v_load=150 qk_dot=2 safe_sm=139 core_acc=1 o_scale=1 o_store=2 kv_dma_issue=0 kv_dma_wait=0 kv_transform=0
FIG8_ATTENTION_EVENT_COUNT mode=scna-int8 qo_len=4 phase=measure iteration=11 events=16 max_events=3224 overflow=0
FIG8_ATTENTION_HOST_TIMING mode=scna-int8 scna_function=exp2 scna_kernel=tree scna_pipeline=off scna_width=32 qo_len=4 kv_len=4096 n_heads=12 n_kv_heads=2 head_dim=128 phase=measure iteration=12 host_elapsed_us=1198 ret=0
FIG8_ATTENTION_PROFILE_COUNT mode=scna-int8 qo_len=4 phase=measure iteration=12 records=2 max_records=10
FIG8_ATTENTION_TIMERS mode=scna-int8 scna_function=0 scna_kernel=1 scna_pipeline=0 phase=measure iteration=12 lut_exp=0 nonlinear_mode=2 scna_width=32 scna_exp=115 qo_len=4 kv_len=4096 n_heads=12 n_kv_heads=2 head_dim=128 kv_head=0 worker=0 profiled_total=433 q_load=1 k_load=141 v_load=146 qk_dot=2 safe_sm=139 core_acc=1 o_scale=1 o_store=2 kv_dma_issue=0 kv_dma_wait=0 kv_transform=0
FIG8_ATTENTION_TIMERS mode=scna-int8 scna_function=0 scna_kernel=1 scna_pipeline=0 phase=measure iteration=12 lut_exp=0 nonlinear_mode=2 scna_width=32 scna_exp=115 qo_len=4 kv_len=4096 n_heads=12 n_kv_heads=2 head_dim=128 kv_head=1 worker=0 profiled_total=441 q_load=1 k_load=143 v_load=154 qk_dot=2 safe_sm=137 core_acc=1 o_scale=1 o_store=2 kv_dma_issue=0 kv_dma_wait=0 kv_transform=0
FIG8_ATTENTION_EVENT_COUNT mode=scna-int8 qo_len=4 phase=measure iteration=12 events=16 max_events=3224 overflow=0
FIG8_ATTENTION_HOST_TIMING mode=scna-int8 scna_function=exp2 scna_kernel=tree scna_pipeline=off scna_width=32 qo_len=4 kv_len=4096 n_heads=12 n_kv_heads=2 head_dim=128 phase=measure iteration=13 host_elapsed_us=1200 ret=0
FIG8_ATTENTION_PROFILE_COUNT mode=scna-int8 qo_len=4 phase=measure iteration=13 records=2 max_records=10
FIG8_ATTENTION_TIMERS mode=scna-int8 scna_function=0 scna_kernel=1 scna_pipeline=0 phase=measure iteration=13 lut_exp=0 nonlinear_mode=2 scna_width=32 scna_exp=114 qo_len=4 kv_len=4096 n_heads=12 n_kv_heads=2 head_dim=128 kv_head=0 worker=0 profiled_total=427 q_load=1 k_load=140 v_load=138 qk_dot=2 safe_sm=142 core_acc=2 o_scale=1 o_store=1 kv_dma_issue=0 kv_dma_wait=0 kv_transform=0
FIG8_ATTENTION_TIMERS mode=scna-int8 scna_function=0 scna_kernel=1 scna_pipeline=0 phase=measure iteration=13 lut_exp=0 nonlinear_mode=2 scna_width=32 scna_exp=115 qo_len=4 kv_len=4096 n_heads=12 n_kv_heads=2 head_dim=128 kv_head=1 worker=0 profiled_total=454 q_load=1 k_load=156 v_load=154 qk_dot=2 safe_sm=138 core_acc=1 o_scale=1 o_store=1 kv_dma_issue=0 kv_dma_wait=0 kv_transform=0
FIG8_ATTENTION_EVENT_COUNT mode=scna-int8 qo_len=4 phase=measure iteration=13 events=16 max_events=3224 overflow=0
FIG8_ATTENTION_HOST_TIMING mode=scna-int8 scna_function=exp2 scna_kernel=tree scna_pipeline=off scna_width=32 qo_len=4 kv_len=4096 n_heads=12 n_kv_heads=2 head_dim=128 phase=measure iteration=14 host_elapsed_us=1195 ret=0
FIG8_ATTENTION_PROFILE_COUNT mode=scna-int8 qo_len=4 phase=measure iteration=14 records=2 max_records=10
FIG8_ATTENTION_TIMERS mode=scna-int8 scna_function=0 scna_kernel=1 scna_pipeline=0 phase=measure iteration=14 lut_exp=0 nonlinear_mode=2 scna_width=32 scna_exp=114 qo_len=4 kv_len=4096 n_heads=12 n_kv_heads=2 head_dim=128 kv_head=0 worker=0 profiled_total=428 q_load=1 k_load=142 v_load=141 qk_dot=2 safe_sm=139 core_acc=1 o_scale=1 o_store=1 kv_dma_issue=0 kv_dma_wait=0 kv_transform=0
FIG8_ATTENTION_TIMERS mode=scna-int8 scna_function=0 scna_kernel=1 scna_pipeline=0 phase=measure iteration=14 lut_exp=0 nonlinear_mode=2 scna_width=32 scna_exp=115 qo_len=4 kv_len=4096 n_heads=12 n_kv_heads=2 head_dim=128 kv_head=1 worker=0 profiled_total=445 q_load=1 k_load=148 v_load=153 qk_dot=2 safe_sm=137 core_acc=1 o_scale=1 o_store=2 kv_dma_issue=0 kv_dma_wait=0 kv_transform=0
FIG8_ATTENTION_EVENT_COUNT mode=scna-int8 qo_len=4 phase=measure iteration=14 events=16 max_events=3224 overflow=0
FIG8_ATTENTION_HOST_TIMING mode=scna-int8 scna_function=exp2 scna_kernel=tree scna_pipeline=off scna_width=32 qo_len=4 kv_len=4096 n_heads=12 n_kv_heads=2 head_dim=128 phase=measure iteration=15 host_elapsed_us=1193 ret=0
FIG8_ATTENTION_PROFILE_COUNT mode=scna-int8 qo_len=4 phase=measure iteration=15 records=2 max_records=10
FIG8_ATTENTION_TIMERS mode=scna-int8 scna_function=0 scna_kernel=1 scna_pipeline=0 phase=measure iteration=15 lut_exp=0 nonlinear_mode=2 scna_width=32 scna_exp=114 qo_len=4 kv_len=4096 n_heads=12 n_kv_heads=2 head_dim=128 kv_head=0 worker=0 profiled_total=426 q_load=1 k_load=142 v_load=139 qk_dot=2 safe_sm=139 core_acc=1 o_scale=1 o_store=1 kv_dma_issue=0 kv_dma_wait=0 kv_transform=0
FIG8_ATTENTION_TIMERS mode=scna-int8 scna_function=0 scna_kernel=1 scna_pipeline=0 phase=measure iteration=15 lut_exp=0 nonlinear_mode=2 scna_width=32 scna_exp=115 qo_len=4 kv_len=4096 n_heads=12 n_kv_heads=2 head_dim=128 kv_head=1 worker=0 profiled_total=455 q_load=1 k_load=155 v_load=155 qk_dot=2 safe_sm=138 core_acc=1 o_scale=1 o_store=2 kv_dma_issue=0 kv_dma_wait=0 kv_transform=0
FIG8_ATTENTION_EVENT_COUNT mode=scna-int8 qo_len=4 phase=measure iteration=15 events=16 max_events=3224 overflow=0
FIG8_ATTENTION_HOST_TIMING mode=scna-int8 scna_function=exp2 scna_kernel=tree scna_pipeline=off scna_width=32 qo_len=4 kv_len=4096 n_heads=12 n_kv_heads=2 head_dim=128 phase=measure iteration=16 host_elapsed_us=1194 ret=0
FIG8_ATTENTION_PROFILE_COUNT mode=scna-int8 qo_len=4 phase=measure iteration=16 records=2 max_records=10
FIG8_ATTENTION_TIMERS mode=scna-int8 scna_function=0 scna_kernel=1 scna_pipeline=0 phase=measure iteration=16 lut_exp=0 nonlinear_mode=2 scna_width=32 scna_exp=114 qo_len=4 kv_len=4096 n_heads=12 n_kv_heads=2 head_dim=128 kv_head=0 worker=0 profiled_total=435 q_load=1 k_load=144 v_load=145 qk_dot=2 safe_sm=140 core_acc=1 o_scale=0 o_store=2 kv_dma_issue=0 kv_dma_wait=0 kv_transform=0
FIG8_ATTENTION_TIMERS mode=scna-int8 scna_function=0 scna_kernel=1 scna_pipeline=0 phase=measure iteration=16 lut_exp=0 nonlinear_mode=2 scna_width=32 scna_exp=115 qo_len=4 kv_len=4096 n_heads=12 n_kv_heads=2 head_dim=128 kv_head=1 worker=0 profiled_total=441 q_load=1 k_load=144 v_load=153 qk_dot=2 safe_sm=137 core_acc=1 o_scale=1 o_store=2 kv_dma_issue=0 kv_dma_wait=0 kv_transform=0
FIG8_ATTENTION_EVENT_COUNT mode=scna-int8 qo_len=4 phase=measure iteration=16 events=16 max_events=3224 overflow=0
FIG8_ATTENTION_HOST_TIMING mode=scna-int8 scna_function=exp2 scna_kernel=tree scna_pipeline=off scna_width=32 qo_len=4 kv_len=4096 n_heads=12 n_kv_heads=2 head_dim=128 phase=measure iteration=17 host_elapsed_us=1202 ret=0
FIG8_ATTENTION_PROFILE_COUNT mode=scna-int8 qo_len=4 phase=measure iteration=17 records=2 max_records=10
FIG8_ATTENTION_TIMERS mode=scna-int8 scna_function=0 scna_kernel=1 scna_pipeline=0 phase=measure iteration=17 lut_exp=0 nonlinear_mode=2 scna_width=32 scna_exp=114 qo_len=4 kv_len=4096 n_heads=12 n_kv_heads=2 head_dim=128 kv_head=0 worker=0 profiled_total=426 q_load=1 k_load=140 v_load=140 qk_dot=2 safe_sm=140 core_acc=1 o_scale=1 o_store=1 kv_dma_issue=0 kv_dma_wait=0 kv_transform=0
FIG8_ATTENTION_TIMERS mode=scna-int8 scna_function=0 scna_kernel=1 scna_pipeline=0 phase=measure iteration=17 lut_exp=0 nonlinear_mode=2 scna_width=32 scna_exp=115 qo_len=4 kv_len=4096 n_heads=12 n_kv_heads=2 head_dim=128 kv_head=1 worker=0 profiled_total=449 q_load=1 k_load=152 v_load=153 qk_dot=2 safe_sm=138 core_acc=1 o_scale=1 o_store=1 kv_dma_issue=0 kv_dma_wait=0 kv_transform=0
FIG8_ATTENTION_EVENT_COUNT mode=scna-int8 qo_len=4 phase=measure iteration=17 events=16 max_events=3224 overflow=0
FIG8_ATTENTION_HOST_TIMING mode=scna-int8 scna_function=exp2 scna_kernel=tree scna_pipeline=off scna_width=32 qo_len=4 kv_len=4096 n_heads=12 n_kv_heads=2 head_dim=128 phase=measure iteration=18 host_elapsed_us=1186 ret=0
FIG8_ATTENTION_PROFILE_COUNT mode=scna-int8 qo_len=4 phase=measure iteration=18 records=2 max_records=10
FIG8_ATTENTION_TIMERS mode=scna-int8 scna_function=0 scna_kernel=1 scna_pipeline=0 phase=measure iteration=18 lut_exp=0 nonlinear_mode=2 scna_width=32 scna_exp=114 qo_len=4 kv_len=4096 n_heads=12 n_kv_heads=2 head_dim=128 kv_head=0 worker=0 profiled_total=434 q_load=1 k_load=142 v_load=146 qk_dot=2 safe_sm=140 core_acc=1 o_scale=1 o_store=1 kv_dma_issue=0 kv_dma_wait=0 kv_transform=0
FIG8_ATTENTION_TIMERS mode=scna-int8 scna_function=0 scna_kernel=1 scna_pipeline=0 phase=measure iteration=18 lut_exp=0 nonlinear_mode=2 scna_width=32 scna_exp=115 qo_len=4 kv_len=4096 n_heads=12 n_kv_heads=2 head_dim=128 kv_head=1 worker=0 profiled_total=442 q_load=1 k_load=143 v_load=156 qk_dot=2 safe_sm=137 core_acc=1 o_scale=1 o_store=1 kv_dma_issue=0 kv_dma_wait=0 kv_transform=0
FIG8_ATTENTION_EVENT_COUNT mode=scna-int8 qo_len=4 phase=measure iteration=18 events=16 max_events=3224 overflow=0
FIG8_ATTENTION_HOST_TIMING mode=scna-int8 scna_function=exp2 scna_kernel=tree scna_pipeline=off scna_width=32 qo_len=4 kv_len=4096 n_heads=12 n_kv_heads=2 head_dim=128 phase=measure iteration=19 host_elapsed_us=1152 ret=0
FIG8_ATTENTION_PROFILE_COUNT mode=scna-int8 qo_len=4 phase=measure iteration=19 records=2 max_records=10
FIG8_ATTENTION_TIMERS mode=scna-int8 scna_function=0 scna_kernel=1 scna_pipeline=0 phase=measure iteration=19 lut_exp=0 nonlinear_mode=2 scna_width=32 scna_exp=114 qo_len=4 kv_len=4096 n_heads=12 n_kv_heads=2 head_dim=128 kv_head=0 worker=0 profiled_total=438 q_load=1 k_load=146 v_load=146 qk_dot=2 safe_sm=140 core_acc=1 o_scale=1 o_store=1 kv_dma_issue=0 kv_dma_wait=0 kv_transform=0
FIG8_ATTENTION_TIMERS mode=scna-int8 scna_function=0 scna_kernel=1 scna_pipeline=0 phase=measure iteration=19 lut_exp=0 nonlinear_mode=2 scna_width=32 scna_exp=115 qo_len=4 kv_len=4096 n_heads=12 n_kv_heads=2 head_dim=128 kv_head=1 worker=0 profiled_total=446 q_load=1 k_load=148 v_load=155 qk_dot=2 safe_sm=137 core_acc=1 o_scale=1 o_store=1 kv_dma_issue=0 kv_dma_wait=0 kv_transform=0
FIG8_ATTENTION_EVENT_COUNT mode=scna-int8 qo_len=4 phase=measure iteration=19 events=16 max_events=3224 overflow=0
