alloc_shared_mem_buf: buf=0x75e0030000 fd=12 size=196608 flags=FASTRPC_MAP_FD
alloc_shared_mem_buf: buf=0x734a400000 fd=13 size=2097152 flags=FASTRPC_MAP_FD
alloc_shared_mem_buf: buf=0x734a200000 fd=14 size=2097152 flags=FASTRPC_MAP_FD
alloc_shared_mem_buf: buf=0x75dfcf0000 fd=15 size=196608 flags=FASTRPC_MAP_FD
alloc_shared_mem_buf: buf=0x75dfc50000 fd=16 size=262144 flags=FASTRPC_MAP_FD
alloc_shared_mem_buf: buf=0x734a040000 fd=17 size=1794560 flags=FASTRPC_MAP_FD
alloc_shared_mem_buf: buf=0x75e3646000 fd=18 size=4096 flags=FASTRPC_MAP_FD
No-op channel request completed
FIG8_ATTENTION_CONFIG mode=scna-fp16 scna_function=exp scna_kernel=tree scna_pipeline=off mask_mode=full qo_len=32 kv_len=4096 n_heads=12 n_kv_heads=2 head_dim=128 warmup=5 iters=20 scna_width=16 q_size=196608 kv_size=2097152 mask_size=262144 profile_size=1794560 profile_max_records=10 profile_max_events=24896 mode_flags=1156 print_events=0
FIG8_ATTENTION_HOST_TIMING mode=scna-fp16 scna_function=exp scna_kernel=tree scna_pipeline=off scna_width=16 qo_len=32 kv_len=4096 n_heads=12 n_kv_heads=2 head_dim=128 phase=warmup iteration=0 host_elapsed_us=2459 ret=0
FIG8_ATTENTION_PROFILE_COUNT mode=scna-fp16 qo_len=32 phase=warmup iteration=0 records=2 max_records=10
FIG8_ATTENTION_TIMERS mode=scna-fp16 scna_function=1 scna_kernel=1 scna_pipeline=0 phase=warmup iteration=0 lut_exp=0 nonlinear_mode=1 scna_width=16 scna_exp=629 qo_len=32 kv_len=4096 n_heads=12 n_kv_heads=2 head_dim=128 kv_head=0 worker=0 profiled_total=1065 q_load=8 k_load=68 v_load=148 qk_dot=13 safe_sm=799 core_acc=13 o_scale=2 o_store=14 kv_dma_issue=0 kv_dma_wait=0 kv_transform=0
FIG8_ATTENTION_TIMERS mode=scna-fp16 scna_function=1 scna_kernel=1 scna_pipeline=0 phase=warmup iteration=0 lut_exp=0 nonlinear_mode=1 scna_width=16 scna_exp=627 qo_len=32 kv_len=4096 n_heads=12 n_kv_heads=2 head_dim=128 kv_head=1 worker=0 profiled_total=1053 q_load=7 k_load=72 v_load=150 qk_dot=13 safe_sm=787 core_acc=11 o_scale=2 o_store=11 kv_dma_issue=0 kv_dma_wait=0 kv_transform=0
FIG8_ATTENTION_EVENT_COUNT mode=scna-fp16 qo_len=32 phase=warmup iteration=0 events=16 max_events=24896 overflow=0
FIG8_ATTENTION_HOST_TIMING mode=scna-fp16 scna_function=exp scna_kernel=tree scna_pipeline=off scna_width=16 qo_len=32 kv_len=4096 n_heads=12 n_kv_heads=2 head_dim=128 phase=warmup iteration=1 host_elapsed_us=2553 ret=0
FIG8_ATTENTION_PROFILE_COUNT mode=scna-fp16 qo_len=32 phase=warmup iteration=1 records=2 max_records=10
FIG8_ATTENTION_TIMERS mode=scna-fp16 scna_function=1 scna_kernel=1 scna_pipeline=0 phase=warmup iteration=1 lut_exp=0 nonlinear_mode=1 scna_width=16 scna_exp=621 qo_len=32 kv_len=4096 n_heads=12 n_kv_heads=2 head_dim=128 kv_head=0 worker=0 profiled_total=1137 q_load=8 k_load=154 v_load=149 qk_dot=13 safe_sm=790 core_acc=11 o_scale=1 o_store=11 kv_dma_issue=0 kv_dma_wait=0 kv_transform=0
FIG8_ATTENTION_TIMERS mode=scna-fp16 scna_function=1 scna_kernel=1 scna_pipeline=0 phase=warmup iteration=1 lut_exp=0 nonlinear_mode=1 scna_width=16 scna_exp=622 qo_len=32 kv_len=4096 n_heads=12 n_kv_heads=2 head_dim=128 kv_head=1 worker=0 profiled_total=1076 q_load=7 k_load=105 v_load=148 qk_dot=14 safe_sm=778 core_acc=11 o_scale=2 o_store=11 kv_dma_issue=0 kv_dma_wait=0 kv_transform=0
FIG8_ATTENTION_EVENT_COUNT mode=scna-fp16 qo_len=32 phase=warmup iteration=1 events=16 max_events=24896 overflow=0
FIG8_ATTENTION_HOST_TIMING mode=scna-fp16 scna_function=exp scna_kernel=tree scna_pipeline=off scna_width=16 qo_len=32 kv_len=4096 n_heads=12 n_kv_heads=2 head_dim=128 phase=warmup iteration=2 host_elapsed_us=2643 ret=0
FIG8_ATTENTION_PROFILE_COUNT mode=scna-fp16 qo_len=32 phase=warmup iteration=2 records=2 max_records=10
FIG8_ATTENTION_TIMERS mode=scna-fp16 scna_function=1 scna_kernel=1 scna_pipeline=0 phase=warmup iteration=2 lut_exp=0 nonlinear_mode=1 scna_width=16 scna_exp=621 qo_len=32 kv_len=4096 n_heads=12 n_kv_heads=2 head_dim=128 kv_head=0 worker=0 profiled_total=1137 q_load=8 k_load=154 v_load=149 qk_dot=14 safe_sm=788 core_acc=12 o_scale=1 o_store=11 kv_dma_issue=0 kv_dma_wait=0 kv_transform=0
FIG8_ATTENTION_TIMERS mode=scna-fp16 scna_function=1 scna_kernel=1 scna_pipeline=0 phase=warmup iteration=2 lut_exp=0 nonlinear_mode=1 scna_width=16 scna_exp=622 qo_len=32 kv_len=4096 n_heads=12 n_kv_heads=2 head_dim=128 kv_head=1 worker=0 profiled_total=1148 q_load=8 k_load=175 v_load=150 qk_dot=13 safe_sm=778 core_acc=11 o_scale=2 o_store=11 kv_dma_issue=0 kv_dma_wait=0 kv_transform=0
FIG8_ATTENTION_EVENT_COUNT mode=scna-fp16 qo_len=32 phase=warmup iteration=2 events=16 max_events=24896 overflow=0
FIG8_ATTENTION_HOST_TIMING mode=scna-fp16 scna_function=exp scna_kernel=tree scna_pipeline=off scna_width=16 qo_len=32 kv_len=4096 n_heads=12 n_kv_heads=2 head_dim=128 phase=warmup iteration=3 host_elapsed_us=2510 ret=0
FIG8_ATTENTION_PROFILE_COUNT mode=scna-fp16 qo_len=32 phase=warmup iteration=3 records=2 max_records=10
FIG8_ATTENTION_TIMERS mode=scna-fp16 scna_function=1 scna_kernel=1 scna_pipeline=0 phase=warmup iteration=3 lut_exp=0 nonlinear_mode=1 scna_width=16 scna_exp=620 qo_len=32 kv_len=4096 n_heads=12 n_kv_heads=2 head_dim=128 kv_head=0 worker=0 profiled_total=1108 q_load=8 k_load=153 v_load=135 qk_dot=13 safe_sm=775 core_acc=12 o_scale=1 o_store=11 kv_dma_issue=0 kv_dma_wait=0 kv_transform=0
FIG8_ATTENTION_TIMERS mode=scna-fp16 scna_function=1 scna_kernel=1 scna_pipeline=0 phase=warmup iteration=3 lut_exp=0 nonlinear_mode=1 scna_width=16 scna_exp=621 qo_len=32 kv_len=4096 n_heads=12 n_kv_heads=2 head_dim=128 kv_head=1 worker=0 profiled_total=1099 q_load=7 k_load=154 v_load=132 qk_dot=13 safe_sm=769 core_acc=11 o_scale=2 o_store=11 kv_dma_issue=0 kv_dma_wait=0 kv_transform=0
FIG8_ATTENTION_EVENT_COUNT mode=scna-fp16 qo_len=32 phase=warmup iteration=3 events=16 max_events=24896 overflow=0
FIG8_ATTENTION_HOST_TIMING mode=scna-fp16 scna_function=exp scna_kernel=tree scna_pipeline=off scna_width=16 qo_len=32 kv_len=4096 n_heads=12 n_kv_heads=2 head_dim=128 phase=warmup iteration=4 host_elapsed_us=2707 ret=0
FIG8_ATTENTION_PROFILE_COUNT mode=scna-fp16 qo_len=32 phase=warmup iteration=4 records=2 max_records=10
FIG8_ATTENTION_TIMERS mode=scna-fp16 scna_function=1 scna_kernel=1 scna_pipeline=0 phase=warmup iteration=4 lut_exp=0 nonlinear_mode=1 scna_width=16 scna_exp=621 qo_len=32 kv_len=4096 n_heads=12 n_kv_heads=2 head_dim=128 kv_head=0 worker=0 profiled_total=1168 q_load=8 k_load=150 v_load=171 qk_dot=13 safe_sm=802 core_acc=12 o_scale=1 o_store=11 kv_dma_issue=0 kv_dma_wait=0 kv_transform=0
FIG8_ATTENTION_TIMERS mode=scna-fp16 scna_function=1 scna_kernel=1 scna_pipeline=0 phase=warmup iteration=4 lut_exp=0 nonlinear_mode=1 scna_width=16 scna_exp=622 qo_len=32 kv_len=4096 n_heads=12 n_kv_heads=2 head_dim=128 kv_head=1 worker=0 profiled_total=1188 q_load=7 k_load=190 v_load=162 qk_dot=13 safe_sm=793 core_acc=11 o_scale=2 o_store=10 kv_dma_issue=0 kv_dma_wait=0 kv_transform=0
FIG8_ATTENTION_EVENT_COUNT mode=scna-fp16 qo_len=32 phase=warmup iteration=4 events=16 max_events=24896 overflow=0
FIG8_ATTENTION_HOST_TIMING mode=scna-fp16 scna_function=exp scna_kernel=tree scna_pipeline=off scna_width=16 qo_len=32 kv_len=4096 n_heads=12 n_kv_heads=2 head_dim=128 phase=measure iteration=0 host_elapsed_us=2731 ret=0
FIG8_ATTENTION_PROFILE_COUNT mode=scna-fp16 qo_len=32 phase=measure iteration=0 records=2 max_records=10
FIG8_ATTENTION_TIMERS mode=scna-fp16 scna_function=1 scna_kernel=1 scna_pipeline=0 phase=measure iteration=0 lut_exp=0 nonlinear_mode=1 scna_width=16 scna_exp=621 qo_len=32 kv_len=4096 n_heads=12 n_kv_heads=2 head_dim=128 kv_head=0 worker=0 profiled_total=1173 q_load=8 k_load=154 v_load=169 qk_dot=12 safe_sm=806 core_acc=12 o_scale=1 o_store=11 kv_dma_issue=0 kv_dma_wait=0 kv_transform=0
FIG8_ATTENTION_TIMERS mode=scna-fp16 scna_function=1 scna_kernel=1 scna_pipeline=0 phase=measure iteration=0 lut_exp=0 nonlinear_mode=1 scna_width=16 scna_exp=622 qo_len=32 kv_len=4096 n_heads=12 n_kv_heads=2 head_dim=128 kv_head=1 worker=0 profiled_total=1208 q_load=7 k_load=200 v_load=164 qk_dot=13 safe_sm=800 core_acc=11 o_scale=2 o_store=11 kv_dma_issue=0 kv_dma_wait=0 kv_transform=0
FIG8_ATTENTION_EVENT_COUNT mode=scna-fp16 qo_len=32 phase=measure iteration=0 events=16 max_events=24896 overflow=0
FIG8_ATTENTION_HOST_TIMING mode=scna-fp16 scna_function=exp scna_kernel=tree scna_pipeline=off scna_width=16 qo_len=32 kv_len=4096 n_heads=12 n_kv_heads=2 head_dim=128 phase=measure iteration=1 host_elapsed_us=2734 ret=0
FIG8_ATTENTION_PROFILE_COUNT mode=scna-fp16 qo_len=32 phase=measure iteration=1 records=2 max_records=10
FIG8_ATTENTION_TIMERS mode=scna-fp16 scna_function=1 scna_kernel=1 scna_pipeline=0 phase=measure iteration=1 lut_exp=0 nonlinear_mode=1 scna_width=16 scna_exp=621 qo_len=32 kv_len=4096 n_heads=12 n_kv_heads=2 head_dim=128 kv_head=0 worker=0 profiled_total=1169 q_load=8 k_load=151 v_load=169 qk_dot=12 safe_sm=806 core_acc=12 o_scale=1 o_store=10 kv_dma_issue=0 kv_dma_wait=0 kv_transform=0
FIG8_ATTENTION_TIMERS mode=scna-fp16 scna_function=1 scna_kernel=1 scna_pipeline=0 phase=measure iteration=1 lut_exp=0 nonlinear_mode=1 scna_width=16 scna_exp=622 qo_len=32 kv_len=4096 n_heads=12 n_kv_heads=2 head_dim=128 kv_head=1 worker=0 profiled_total=1206 q_load=7 k_load=201 v_load=164 qk_dot=13 safe_sm=797 core_acc=11 o_scale=2 o_store=11 kv_dma_issue=0 kv_dma_wait=0 kv_transform=0
FIG8_ATTENTION_EVENT_COUNT mode=scna-fp16 qo_len=32 phase=measure iteration=1 events=16 max_events=24896 overflow=0
FIG8_ATTENTION_HOST_TIMING mode=scna-fp16 scna_function=exp scna_kernel=tree scna_pipeline=off scna_width=16 qo_len=32 kv_len=4096 n_heads=12 n_kv_heads=2 head_dim=128 phase=measure iteration=2 host_elapsed_us=2738 ret=0
FIG8_ATTENTION_PROFILE_COUNT mode=scna-fp16 qo_len=32 phase=measure iteration=2 records=2 max_records=10
FIG8_ATTENTION_TIMERS mode=scna-fp16 scna_function=1 scna_kernel=1 scna_pipeline=0 phase=measure iteration=2 lut_exp=0 nonlinear_mode=1 scna_width=16 scna_exp=621 qo_len=32 kv_len=4096 n_heads=12 n_kv_heads=2 head_dim=128 kv_head=0 worker=0 profiled_total=1173 q_load=8 k_load=158 v_load=163 qk_dot=12 safe_sm=808 core_acc=12 o_scale=1 o_store=11 kv_dma_issue=0 kv_dma_wait=0 kv_transform=0
FIG8_ATTENTION_TIMERS mode=scna-fp16 scna_function=1 scna_kernel=1 scna_pipeline=0 phase=measure iteration=2 lut_exp=0 nonlinear_mode=1 scna_width=16 scna_exp=621 qo_len=32 kv_len=4096 n_heads=12 n_kv_heads=2 head_dim=128 kv_head=1 worker=0 profiled_total=1199 q_load=7 k_load=191 v_load=166 qk_dot=13 safe_sm=798 core_acc=11 o_scale=2 o_store=11 kv_dma_issue=0 kv_dma_wait=0 kv_transform=0
FIG8_ATTENTION_EVENT_COUNT mode=scna-fp16 qo_len=32 phase=measure iteration=2 events=16 max_events=24896 overflow=0
FIG8_ATTENTION_HOST_TIMING mode=scna-fp16 scna_function=exp scna_kernel=tree scna_pipeline=off scna_width=16 qo_len=32 kv_len=4096 n_heads=12 n_kv_heads=2 head_dim=128 phase=measure iteration=3 host_elapsed_us=2746 ret=0
FIG8_ATTENTION_PROFILE_COUNT mode=scna-fp16 qo_len=32 phase=measure iteration=3 records=2 max_records=10
FIG8_ATTENTION_TIMERS mode=scna-fp16 scna_function=1 scna_kernel=1 scna_pipeline=0 phase=measure iteration=3 lut_exp=0 nonlinear_mode=1 scna_width=16 scna_exp=621 qo_len=32 kv_len=4096 n_heads=12 n_kv_heads=2 head_dim=128 kv_head=0 worker=0 profiled_total=1185 q_load=8 k_load=160 v_load=172 qk_dot=12 safe_sm=809 core_acc=12 o_scale=1 o_store=11 kv_dma_issue=0 kv_dma_wait=0 kv_transform=0
FIG8_ATTENTION_TIMERS mode=scna-fp16 scna_function=1 scna_kernel=1 scna_pipeline=0 phase=measure iteration=3 lut_exp=0 nonlinear_mode=1 scna_width=16 scna_exp=621 qo_len=32 kv_len=4096 n_heads=12 n_kv_heads=2 head_dim=128 kv_head=1 worker=0 profiled_total=1199 q_load=7 k_load=195 v_load=161 qk_dot=13 safe_sm=799 core_acc=11 o_scale=2 o_store=11 kv_dma_issue=0 kv_dma_wait=0 kv_transform=0
FIG8_ATTENTION_EVENT_COUNT mode=scna-fp16 qo_len=32 phase=measure iteration=3 events=16 max_events=24896 overflow=0
FIG8_ATTENTION_HOST_TIMING mode=scna-fp16 scna_function=exp scna_kernel=tree scna_pipeline=off scna_width=16 qo_len=32 kv_len=4096 n_heads=12 n_kv_heads=2 head_dim=128 phase=measure iteration=4 host_elapsed_us=2683 ret=0
FIG8_ATTENTION_PROFILE_COUNT mode=scna-fp16 qo_len=32 phase=measure iteration=4 records=2 max_records=10
FIG8_ATTENTION_TIMERS mode=scna-fp16 scna_function=1 scna_kernel=1 scna_pipeline=0 phase=measure iteration=4 lut_exp=0 nonlinear_mode=1 scna_width=16 scna_exp=622 qo_len=32 kv_len=4096 n_heads=12 n_kv_heads=2 head_dim=128 kv_head=0 worker=0 profiled_total=1178 q_load=8 k_load=156 v_load=170 qk_dot=12 safe_sm=809 core_acc=12 o_scale=1 o_store=10 kv_dma_issue=0 kv_dma_wait=0 kv_transform=0
FIG8_ATTENTION_TIMERS mode=scna-fp16 scna_function=1 scna_kernel=1 scna_pipeline=0 phase=measure iteration=4 lut_exp=0 nonlinear_mode=1 scna_width=16 scna_exp=621 qo_len=32 kv_len=4096 n_heads=12 n_kv_heads=2 head_dim=128 kv_head=1 worker=0 profiled_total=1198 q_load=7 k_load=194 v_load=160 qk_dot=13 safe_sm=800 core_acc=11 o_scale=2 o_store=11 kv_dma_issue=0 kv_dma_wait=0 kv_transform=0
FIG8_ATTENTION_EVENT_COUNT mode=scna-fp16 qo_len=32 phase=measure iteration=4 events=16 max_events=24896 overflow=0
FIG8_ATTENTION_HOST_TIMING mode=scna-fp16 scna_function=exp scna_kernel=tree scna_pipeline=off scna_width=16 qo_len=32 kv_len=4096 n_heads=12 n_kv_heads=2 head_dim=128 phase=measure iteration=5 host_elapsed_us=2817 ret=0
FIG8_ATTENTION_PROFILE_COUNT mode=scna-fp16 qo_len=32 phase=measure iteration=5 records=2 max_records=10
FIG8_ATTENTION_TIMERS mode=scna-fp16 scna_function=1 scna_kernel=1 scna_pipeline=0 phase=measure iteration=5 lut_exp=0 nonlinear_mode=1 scna_width=16 scna_exp=624 qo_len=32 kv_len=4096 n_heads=12 n_kv_heads=2 head_dim=128 kv_head=0 worker=0 profiled_total=1192 q_load=8 k_load=175 v_load=164 qk_dot=12 safe_sm=810 core_acc=12 o_scale=1 o_store=10 kv_dma_issue=0 kv_dma_wait=0 kv_transform=0
FIG8_ATTENTION_TIMERS mode=scna-fp16 scna_function=1 scna_kernel=1 scna_pipeline=0 phase=measure iteration=5 lut_exp=0 nonlinear_mode=1 scna_width=16 scna_exp=625 qo_len=32 kv_len=4096 n_heads=12 n_kv_heads=2 head_dim=128 kv_head=1 worker=0 profiled_total=1225 q_load=7 k_load=208 v_load=166 qk_dot=13 safe_sm=807 core_acc=11 o_scale=2 o_store=11 kv_dma_issue=0 kv_dma_wait=0 kv_transform=0
FIG8_ATTENTION_EVENT_COUNT mode=scna-fp16 qo_len=32 phase=measure iteration=5 events=16 max_events=24896 overflow=0
FIG8_ATTENTION_HOST_TIMING mode=scna-fp16 scna_function=exp scna_kernel=tree scna_pipeline=off scna_width=16 qo_len=32 kv_len=4096 n_heads=12 n_kv_heads=2 head_dim=128 phase=measure iteration=6 host_elapsed_us=2796 ret=0
FIG8_ATTENTION_PROFILE_COUNT mode=scna-fp16 qo_len=32 phase=measure iteration=6 records=2 max_records=10
FIG8_ATTENTION_TIMERS mode=scna-fp16 scna_function=1 scna_kernel=1 scna_pipeline=0 phase=measure iteration=6 lut_exp=0 nonlinear_mode=1 scna_width=16 scna_exp=624 qo_len=32 kv_len=4096 n_heads=12 n_kv_heads=2 head_dim=128 kv_head=0 worker=0 profiled_total=1199 q_load=8 k_load=176 v_load=167 qk_dot=12 safe_sm=812 core_acc=12 o_scale=1 o_store=11 kv_dma_issue=0 kv_dma_wait=0 kv_transform=0
FIG8_ATTENTION_TIMERS mode=scna-fp16 scna_function=1 scna_kernel=1 scna_pipeline=0 phase=measure iteration=6 lut_exp=0 nonlinear_mode=1 scna_width=16 scna_exp=625 qo_len=32 kv_len=4096 n_heads=12 n_kv_heads=2 head_dim=128 kv_head=1 worker=0 profiled_total=1225 q_load=7 k_load=210 v_load=165 qk_dot=12 safe_sm=807 core_acc=11 o_scale=2 o_store=11 kv_dma_issue=0 kv_dma_wait=0 kv_transform=0
FIG8_ATTENTION_EVENT_COUNT mode=scna-fp16 qo_len=32 phase=measure iteration=6 events=16 max_events=24896 overflow=0
FIG8_ATTENTION_HOST_TIMING mode=scna-fp16 scna_function=exp scna_kernel=tree scna_pipeline=off scna_width=16 qo_len=32 kv_len=4096 n_heads=12 n_kv_heads=2 head_dim=128 phase=measure iteration=7 host_elapsed_us=2685 ret=0
FIG8_ATTENTION_PROFILE_COUNT mode=scna-fp16 qo_len=32 phase=measure iteration=7 records=2 max_records=10
FIG8_ATTENTION_TIMERS mode=scna-fp16 scna_function=1 scna_kernel=1 scna_pipeline=0 phase=measure iteration=7 lut_exp=0 nonlinear_mode=1 scna_width=16 scna_exp=624 qo_len=32 kv_len=4096 n_heads=12 n_kv_heads=2 head_dim=128 kv_head=0 worker=0 profiled_total=1189 q_load=8 k_load=173 v_load=164 qk_dot=12 safe_sm=808 core_acc=12 o_scale=1 o_store=11 kv_dma_issue=0 kv_dma_wait=0 kv_transform=0
FIG8_ATTENTION_TIMERS mode=scna-fp16 scna_function=1 scna_kernel=1 scna_pipeline=0 phase=measure iteration=7 lut_exp=0 nonlinear_mode=1 scna_width=16 scna_exp=624 qo_len=32 kv_len=4096 n_heads=12 n_kv_heads=2 head_dim=128 kv_head=1 worker=0 profiled_total=1213 q_load=7 k_load=196 v_load=168 qk_dot=13 safe_sm=805 core_acc=11 o_scale=2 o_store=11 kv_dma_issue=0 kv_dma_wait=0 kv_transform=0
FIG8_ATTENTION_EVENT_COUNT mode=scna-fp16 qo_len=32 phase=measure iteration=7 events=16 max_events=24896 overflow=0
FIG8_ATTENTION_HOST_TIMING mode=scna-fp16 scna_function=exp scna_kernel=tree scna_pipeline=off scna_width=16 qo_len=32 kv_len=4096 n_heads=12 n_kv_heads=2 head_dim=128 phase=measure iteration=8 host_elapsed_us=2818 ret=0
FIG8_ATTENTION_PROFILE_COUNT mode=scna-fp16 qo_len=32 phase=measure iteration=8 records=2 max_records=10
FIG8_ATTENTION_TIMERS mode=scna-fp16 scna_function=1 scna_kernel=1 scna_pipeline=0 phase=measure iteration=8 lut_exp=0 nonlinear_mode=1 scna_width=16 scna_exp=624 qo_len=32 kv_len=4096 n_heads=12 n_kv_heads=2 head_dim=128 kv_head=0 worker=0 profiled_total=1192 q_load=8 k_load=175 v_load=164 qk_dot=12 safe_sm=809 core_acc=12 o_scale=1 o_store=11 kv_dma_issue=0 kv_dma_wait=0 kv_transform=0
FIG8_ATTENTION_TIMERS mode=scna-fp16 scna_function=1 scna_kernel=1 scna_pipeline=0 phase=measure iteration=8 lut_exp=0 nonlinear_mode=1 scna_width=16 scna_exp=624 qo_len=32 kv_len=4096 n_heads=12 n_kv_heads=2 head_dim=128 kv_head=1 worker=0 profiled_total=1220 q_load=7 k_load=205 v_load=168 qk_dot=13 safe_sm=803 core_acc=11 o_scale=2 o_store=11 kv_dma_issue=0 kv_dma_wait=0 kv_transform=0
FIG8_ATTENTION_EVENT_COUNT mode=scna-fp16 qo_len=32 phase=measure iteration=8 events=16 max_events=24896 overflow=0
FIG8_ATTENTION_HOST_TIMING mode=scna-fp16 scna_function=exp scna_kernel=tree scna_pipeline=off scna_width=16 qo_len=32 kv_len=4096 n_heads=12 n_kv_heads=2 head_dim=128 phase=measure iteration=9 host_elapsed_us=2638 ret=0
FIG8_ATTENTION_PROFILE_COUNT mode=scna-fp16 qo_len=32 phase=measure iteration=9 records=2 max_records=10
FIG8_ATTENTION_TIMERS mode=scna-fp16 scna_function=1 scna_kernel=1 scna_pipeline=0 phase=measure iteration=9 lut_exp=0 nonlinear_mode=1 scna_width=16 scna_exp=624 qo_len=32 kv_len=4096 n_heads=12 n_kv_heads=2 head_dim=128 kv_head=0 worker=0 profiled_total=1173 q_load=8 k_load=174 v_load=154 qk_dot=12 safe_sm=802 core_acc=11 o_scale=1 o_store=11 kv_dma_issue=0 kv_dma_wait=0 kv_transform=0
FIG8_ATTENTION_TIMERS mode=scna-fp16 scna_function=1 scna_kernel=1 scna_pipeline=0 phase=measure iteration=9 lut_exp=0 nonlinear_mode=1 scna_width=16 scna_exp=623 qo_len=32 kv_len=4096 n_heads=12 n_kv_heads=2 head_dim=128 kv_head=1 worker=0 profiled_total=1187 q_load=7 k_load=181 v_load=160 qk_dot=13 safe_sm=802 core_acc=11 o_scale=2 o_store=11 kv_dma_issue=0 kv_dma_wait=0 kv_transform=0
FIG8_ATTENTION_EVENT_COUNT mode=scna-fp16 qo_len=32 phase=measure iteration=9 events=16 max_events=24896 overflow=0
FIG8_ATTENTION_HOST_TIMING mode=scna-fp16 scna_function=exp scna_kernel=tree scna_pipeline=off scna_width=16 qo_len=32 kv_len=4096 n_heads=12 n_kv_heads=2 head_dim=128 phase=measure iteration=10 host_elapsed_us=2725 ret=0
FIG8_ATTENTION_PROFILE_COUNT mode=scna-fp16 qo_len=32 phase=measure iteration=10 records=2 max_records=10
FIG8_ATTENTION_TIMERS mode=scna-fp16 scna_function=1 scna_kernel=1 scna_pipeline=0 phase=measure iteration=10 lut_exp=0 nonlinear_mode=1 scna_width=16 scna_exp=622 qo_len=32 kv_len=4096 n_heads=12 n_kv_heads=2 head_dim=128 kv_head=0 worker=0 profiled_total=1191 q_load=8 k_load=167 v_load=166 qk_dot=12 safe_sm=814 core_acc=12 o_scale=1 o_store=11 kv_dma_issue=0 kv_dma_wait=0 kv_transform=0
FIG8_ATTENTION_TIMERS mode=scna-fp16 scna_function=1 scna_kernel=1 scna_pipeline=0 phase=measure iteration=10 lut_exp=0 nonlinear_mode=1 scna_width=16 scna_exp=623 qo_len=32 kv_len=4096 n_heads=12 n_kv_heads=2 head_dim=128 kv_head=1 worker=0 profiled_total=1200 q_load=7 k_load=195 v_load=159 qk_dot=12 safe_sm=803 core_acc=11 o_scale=2 o_store=11 kv_dma_issue=0 kv_dma_wait=0 kv_transform=0
FIG8_ATTENTION_EVENT_COUNT mode=scna-fp16 qo_len=32 phase=measure iteration=10 events=16 max_events=24896 overflow=0
FIG8_ATTENTION_HOST_TIMING mode=scna-fp16 scna_function=exp scna_kernel=tree scna_pipeline=off scna_width=16 qo_len=32 kv_len=4096 n_heads=12 n_kv_heads=2 head_dim=128 phase=measure iteration=11 host_elapsed_us=2796 ret=0
FIG8_ATTENTION_PROFILE_COUNT mode=scna-fp16 qo_len=32 phase=measure iteration=11 records=2 max_records=10
FIG8_ATTENTION_TIMERS mode=scna-fp16 scna_function=1 scna_kernel=1 scna_pipeline=0 phase=measure iteration=11 lut_exp=0 nonlinear_mode=1 scna_width=16 scna_exp=623 qo_len=32 kv_len=4096 n_heads=12 n_kv_heads=2 head_dim=128 kv_head=0 worker=0 profiled_total=1185 q_load=7 k_load=165 v_load=157 qk_dot=13 safe_sm=819 core_acc=12 o_scale=1 o_store=11 kv_dma_issue=0 kv_dma_wait=0 kv_transform=0
FIG8_ATTENTION_TIMERS mode=scna-fp16 scna_function=1 scna_kernel=1 scna_pipeline=0 phase=measure iteration=11 lut_exp=0 nonlinear_mode=1 scna_width=16 scna_exp=622 qo_len=32 kv_len=4096 n_heads=12 n_kv_heads=2 head_dim=128 kv_head=1 worker=0 profiled_total=1212 q_load=7 k_load=200 v_load=162 qk_dot=12 safe_sm=807 core_acc=11 o_scale=2 o_store=11 kv_dma_issue=0 kv_dma_wait=0 kv_transform=0
FIG8_ATTENTION_EVENT_COUNT mode=scna-fp16 qo_len=32 phase=measure iteration=11 events=16 max_events=24896 overflow=0
FIG8_ATTENTION_HOST_TIMING mode=scna-fp16 scna_function=exp scna_kernel=tree scna_pipeline=off scna_width=16 qo_len=32 kv_len=4096 n_heads=12 n_kv_heads=2 head_dim=128 phase=measure iteration=12 host_elapsed_us=2771 ret=0
FIG8_ATTENTION_PROFILE_COUNT mode=scna-fp16 qo_len=32 phase=measure iteration=12 records=2 max_records=10
FIG8_ATTENTION_TIMERS mode=scna-fp16 scna_function=1 scna_kernel=1 scna_pipeline=0 phase=measure iteration=12 lut_exp=0 nonlinear_mode=1 scna_width=16 scna_exp=623 qo_len=32 kv_len=4096 n_heads=12 n_kv_heads=2 head_dim=128 kv_head=0 worker=0 profiled_total=1189 q_load=8 k_load=166 v_load=165 qk_dot=13 safe_sm=813 core_acc=12 o_scale=1 o_store=11 kv_dma_issue=0 kv_dma_wait=0 kv_transform=0
FIG8_ATTENTION_TIMERS mode=scna-fp16 scna_function=1 scna_kernel=1 scna_pipeline=0 phase=measure iteration=12 lut_exp=0 nonlinear_mode=1 scna_width=16 scna_exp=623 qo_len=32 kv_len=4096 n_heads=12 n_kv_heads=2 head_dim=128 kv_head=1 worker=0 profiled_total=1211 q_load=7 k_load=198 v_load=164 qk_dot=12 safe_sm=806 core_acc=11 o_scale=2 o_store=11 kv_dma_issue=0 kv_dma_wait=0 kv_transform=0
FIG8_ATTENTION_EVENT_COUNT mode=scna-fp16 qo_len=32 phase=measure iteration=12 events=16 max_events=24896 overflow=0
FIG8_ATTENTION_HOST_TIMING mode=scna-fp16 scna_function=exp scna_kernel=tree scna_pipeline=off scna_width=16 qo_len=32 kv_len=4096 n_heads=12 n_kv_heads=2 head_dim=128 phase=measure iteration=13 host_elapsed_us=2784 ret=0
FIG8_ATTENTION_PROFILE_COUNT mode=scna-fp16 qo_len=32 phase=measure iteration=13 records=2 max_records=10
FIG8_ATTENTION_TIMERS mode=scna-fp16 scna_function=1 scna_kernel=1 scna_pipeline=0 phase=measure iteration=13 lut_exp=0 nonlinear_mode=1 scna_width=16 scna_exp=623 qo_len=32 kv_len=4096 n_heads=12 n_kv_heads=2 head_dim=128 kv_head=0 worker=0 profiled_total=1189 q_load=7 k_load=167 v_load=165 qk_dot=13 safe_sm=813 core_acc=12 o_scale=1 o_store=11 kv_dma_issue=0 kv_dma_wait=0 kv_transform=0
FIG8_ATTENTION_TIMERS mode=scna-fp16 scna_function=1 scna_kernel=1 scna_pipeline=0 phase=measure iteration=13 lut_exp=0 nonlinear_mode=1 scna_width=16 scna_exp=623 qo_len=32 kv_len=4096 n_heads=12 n_kv_heads=2 head_dim=128 kv_head=1 worker=0 profiled_total=1209 q_load=7 k_load=199 v_load=163 qk_dot=12 safe_sm=804 core_acc=11 o_scale=2 o_store=11 kv_dma_issue=0 kv_dma_wait=0 kv_transform=0
FIG8_ATTENTION_EVENT_COUNT mode=scna-fp16 qo_len=32 phase=measure iteration=13 events=16 max_events=24896 overflow=0
FIG8_ATTENTION_HOST_TIMING mode=scna-fp16 scna_function=exp scna_kernel=tree scna_pipeline=off scna_width=16 qo_len=32 kv_len=4096 n_heads=12 n_kv_heads=2 head_dim=128 phase=measure iteration=14 host_elapsed_us=2789 ret=0
FIG8_ATTENTION_PROFILE_COUNT mode=scna-fp16 qo_len=32 phase=measure iteration=14 records=2 max_records=10
FIG8_ATTENTION_TIMERS mode=scna-fp16 scna_function=1 scna_kernel=1 scna_pipeline=0 phase=measure iteration=14 lut_exp=0 nonlinear_mode=1 scna_width=16 scna_exp=622 qo_len=32 kv_len=4096 n_heads=12 n_kv_heads=2 head_dim=128 kv_head=0 worker=0 profiled_total=1180 q_load=8 k_load=167 v_load=152 qk_dot=13 safe_sm=816 core_acc=12 o_scale=1 o_store=11 kv_dma_issue=0 kv_dma_wait=0 kv_transform=0
FIG8_ATTENTION_TIMERS mode=scna-fp16 scna_function=1 scna_kernel=1 scna_pipeline=0 phase=measure iteration=14 lut_exp=0 nonlinear_mode=1 scna_width=16 scna_exp=622 qo_len=32 kv_len=4096 n_heads=12 n_kv_heads=2 head_dim=128 kv_head=1 worker=0 profiled_total=1201 q_load=7 k_load=198 v_load=157 qk_dot=12 safe_sm=803 core_acc=11 o_scale=2 o_store=11 kv_dma_issue=0 kv_dma_wait=0 kv_transform=0
FIG8_ATTENTION_EVENT_COUNT mode=scna-fp16 qo_len=32 phase=measure iteration=14 events=16 max_events=24896 overflow=0
FIG8_ATTENTION_HOST_TIMING mode=scna-fp16 scna_function=exp scna_kernel=tree scna_pipeline=off scna_width=16 qo_len=32 kv_len=4096 n_heads=12 n_kv_heads=2 head_dim=128 phase=measure iteration=15 host_elapsed_us=2713 ret=0
FIG8_ATTENTION_PROFILE_COUNT mode=scna-fp16 qo_len=32 phase=measure iteration=15 records=2 max_records=10
FIG8_ATTENTION_TIMERS mode=scna-fp16 scna_function=1 scna_kernel=1 scna_pipeline=0 phase=measure iteration=15 lut_exp=0 nonlinear_mode=1 scna_width=16 scna_exp=622 qo_len=32 kv_len=4096 n_heads=12 n_kv_heads=2 head_dim=128 kv_head=0 worker=0 profiled_total=1163 q_load=7 k_load=165 v_load=150 qk_dot=12 safe_sm=806 core_acc=11 o_scale=1 o_store=11 kv_dma_issue=0 kv_dma_wait=0 kv_transform=0
FIG8_ATTENTION_TIMERS mode=scna-fp16 scna_function=1 scna_kernel=1 scna_pipeline=0 phase=measure iteration=15 lut_exp=0 nonlinear_mode=1 scna_width=16 scna_exp=622 qo_len=32 kv_len=4096 n_heads=12 n_kv_heads=2 head_dim=128 kv_head=1 worker=0 profiled_total=1183 q_load=7 k_load=185 v_load=156 qk_dot=12 safe_sm=799 core_acc=11 o_scale=2 o_store=11 kv_dma_issue=0 kv_dma_wait=0 kv_transform=0
FIG8_ATTENTION_EVENT_COUNT mode=scna-fp16 qo_len=32 phase=measure iteration=15 events=16 max_events=24896 overflow=0
FIG8_ATTENTION_HOST_TIMING mode=scna-fp16 scna_function=exp scna_kernel=tree scna_pipeline=off scna_width=16 qo_len=32 kv_len=4096 n_heads=12 n_kv_heads=2 head_dim=128 phase=measure iteration=16 host_elapsed_us=2665 ret=0
FIG8_ATTENTION_PROFILE_COUNT mode=scna-fp16 qo_len=32 phase=measure iteration=16 records=2 max_records=10
FIG8_ATTENTION_TIMERS mode=scna-fp16 scna_function=1 scna_kernel=1 scna_pipeline=0 phase=measure iteration=16 lut_exp=0 nonlinear_mode=1 scna_width=16 scna_exp=622 qo_len=32 kv_len=4096 n_heads=12 n_kv_heads=2 head_dim=128 kv_head=0 worker=0 profiled_total=1162 q_load=7 k_load=162 v_load=150 qk_dot=13 safe_sm=807 core_acc=11 o_scale=1 o_store=11 kv_dma_issue=0 kv_dma_wait=0 kv_transform=0
FIG8_ATTENTION_TIMERS mode=scna-fp16 scna_function=1 scna_kernel=1 scna_pipeline=0 phase=measure iteration=16 lut_exp=0 nonlinear_mode=1 scna_width=16 scna_exp=622 qo_len=32 kv_len=4096 n_heads=12 n_kv_heads=2 head_dim=128 kv_head=1 worker=0 profiled_total=1180 q_load=7 k_load=181 v_load=155 qk_dot=12 safe_sm=801 core_acc=11 o_scale=2 o_store=11 kv_dma_issue=0 kv_dma_wait=0 kv_transform=0
FIG8_ATTENTION_EVENT_COUNT mode=scna-fp16 qo_len=32 phase=measure iteration=16 events=16 max_events=24896 overflow=0
FIG8_ATTENTION_HOST_TIMING mode=scna-fp16 scna_function=exp scna_kernel=tree scna_pipeline=off scna_width=16 qo_len=32 kv_len=4096 n_heads=12 n_kv_heads=2 head_dim=128 phase=measure iteration=17 host_elapsed_us=2688 ret=0
FIG8_ATTENTION_PROFILE_COUNT mode=scna-fp16 qo_len=32 phase=measure iteration=17 records=2 max_records=10
FIG8_ATTENTION_TIMERS mode=scna-fp16 scna_function=1 scna_kernel=1 scna_pipeline=0 phase=measure iteration=17 lut_exp=0 nonlinear_mode=1 scna_width=16 scna_exp=622 qo_len=32 kv_len=4096 n_heads=12 n_kv_heads=2 head_dim=128 kv_head=0 worker=0 profiled_total=1182 q_load=8 k_load=162 v_load=162 qk_dot=12 safe_sm=814 core_acc=12 o_scale=1 o_store=11 kv_dma_issue=0 kv_dma_wait=0 kv_transform=0
FIG8_ATTENTION_TIMERS mode=scna-fp16 scna_function=1 scna_kernel=1 scna_pipeline=0 phase=measure iteration=17 lut_exp=0 nonlinear_mode=1 scna_width=16 scna_exp=622 qo_len=32 kv_len=4096 n_heads=12 n_kv_heads=2 head_dim=128 kv_head=1 worker=0 profiled_total=1208 q_load=7 k_load=193 v_load=166 qk_dot=13 safe_sm=805 core_acc=11 o_scale=2 o_store=11 kv_dma_issue=0 kv_dma_wait=0 kv_transform=0
FIG8_ATTENTION_EVENT_COUNT mode=scna-fp16 qo_len=32 phase=measure iteration=17 events=16 max_events=24896 overflow=0
FIG8_ATTENTION_HOST_TIMING mode=scna-fp16 scna_function=exp scna_kernel=tree scna_pipeline=off scna_width=16 qo_len=32 kv_len=4096 n_heads=12 n_kv_heads=2 head_dim=128 phase=measure iteration=18 host_elapsed_us=2696 ret=0
FIG8_ATTENTION_PROFILE_COUNT mode=scna-fp16 qo_len=32 phase=measure iteration=18 records=2 max_records=10
FIG8_ATTENTION_TIMERS mode=scna-fp16 scna_function=1 scna_kernel=1 scna_pipeline=0 phase=measure iteration=18 lut_exp=0 nonlinear_mode=1 scna_width=16 scna_exp=621 qo_len=32 kv_len=4096 n_heads=12 n_kv_heads=2 head_dim=128 kv_head=0 worker=0 profiled_total=1182 q_load=8 k_load=163 v_load=159 qk_dot=13 safe_sm=815 core_acc=12 o_scale=1 o_store=11 kv_dma_issue=0 kv_dma_wait=0 kv_transform=0
FIG8_ATTENTION_TIMERS mode=scna-fp16 scna_function=1 scna_kernel=1 scna_pipeline=0 phase=measure iteration=18 lut_exp=0 nonlinear_mode=1 scna_width=16 scna_exp=622 qo_len=32 kv_len=4096 n_heads=12 n_kv_heads=2 head_dim=128 kv_head=1 worker=0 profiled_total=1198 q_load=7 k_load=191 v_load=164 qk_dot=12 safe_sm=800 core_acc=11 o_scale=2 o_store=11 kv_dma_issue=0 kv_dma_wait=0 kv_transform=0
FIG8_ATTENTION_EVENT_COUNT mode=scna-fp16 qo_len=32 phase=measure iteration=18 events=16 max_events=24896 overflow=0
FIG8_ATTENTION_HOST_TIMING mode=scna-fp16 scna_function=exp scna_kernel=tree scna_pipeline=off scna_width=16 qo_len=32 kv_len=4096 n_heads=12 n_kv_heads=2 head_dim=128 phase=measure iteration=19 host_elapsed_us=2691 ret=0
FIG8_ATTENTION_PROFILE_COUNT mode=scna-fp16 qo_len=32 phase=measure iteration=19 records=2 max_records=10
FIG8_ATTENTION_TIMERS mode=scna-fp16 scna_function=1 scna_kernel=1 scna_pipeline=0 phase=measure iteration=19 lut_exp=0 nonlinear_mode=1 scna_width=16 scna_exp=622 qo_len=32 kv_len=4096 n_heads=12 n_kv_heads=2 head_dim=128 kv_head=0 worker=0 profiled_total=1176 q_load=8 k_load=164 v_load=157 qk_dot=12 safe_sm=811 core_acc=12 o_scale=1 o_store=11 kv_dma_issue=0 kv_dma_wait=0 kv_transform=0
FIG8_ATTENTION_TIMERS mode=scna-fp16 scna_function=1 scna_kernel=1 scna_pipeline=0 phase=measure iteration=19 lut_exp=0 nonlinear_mode=1 scna_width=16 scna_exp=622 qo_len=32 kv_len=4096 n_heads=12 n_kv_heads=2 head_dim=128 kv_head=1 worker=0 profiled_total=1204 q_load=7 k_load=191 v_load=166 qk_dot=12 safe_sm=805 core_acc=11 o_scale=2 o_store=10 kv_dma_issue=0 kv_dma_wait=0 kv_transform=0
FIG8_ATTENTION_EVENT_COUNT mode=scna-fp16 qo_len=32 phase=measure iteration=19 events=16 max_events=24896 overflow=0
