alloc_shared_mem_buf: buf=0x71ee020000 fd=12 size=196608 flags=FASTRPC_MAP_FD
alloc_shared_mem_buf: buf=0x6f53200000 fd=13 size=2097152 flags=FASTRPC_MAP_FD
alloc_shared_mem_buf: buf=0x6f53000000 fd=14 size=2097152 flags=FASTRPC_MAP_FD
alloc_shared_mem_buf: buf=0x71eb880000 fd=15 size=196608 flags=FASTRPC_MAP_FD
alloc_shared_mem_buf: buf=0x6f534f0000 fd=16 size=262144 flags=FASTRPC_MAP_FD
alloc_shared_mem_buf: buf=0x6f52e40000 fd=17 size=1794560 flags=FASTRPC_MAP_FD
alloc_shared_mem_buf: buf=0x71ee5d2000 fd=18 size=4096 flags=FASTRPC_MAP_FD
No-op channel request completed
FIG8_ATTENTION_CONFIG mode=scna-int8 scna_function=exp scna_kernel=direct scna_pipeline=on mask_mode=full qo_len=32 kv_len=4096 n_heads=12 n_kv_heads=2 head_dim=128 warmup=5 iters=20 scna_width=16 q_size=196608 kv_size=2097152 mask_size=262144 profile_size=1794560 profile_max_records=10 profile_max_events=24896 mode_flags=2184 print_events=0
FIG8_ATTENTION_HOST_TIMING mode=scna-int8 scna_function=exp scna_kernel=direct scna_pipeline=on scna_width=16 qo_len=32 kv_len=4096 n_heads=12 n_kv_heads=2 head_dim=128 phase=warmup iteration=0 host_elapsed_us=2625 ret=0
FIG8_ATTENTION_PROFILE_COUNT mode=scna-int8 qo_len=32 phase=warmup iteration=0 records=2 max_records=10
FIG8_ATTENTION_TIMERS mode=scna-int8 scna_function=1 scna_kernel=0 scna_pipeline=1 phase=warmup iteration=0 lut_exp=0 nonlinear_mode=2 scna_width=16 scna_exp=808 qo_len=32 kv_len=4096 n_heads=12 n_kv_heads=2 head_dim=128 kv_head=0 worker=0 profiled_total=1152 q_load=8 k_load=66 v_load=51 qk_dot=13 safe_sm=986 core_acc=14 o_scale=2 o_store=12 kv_dma_issue=5 kv_dma_wait=12 kv_transform=96
FIG8_ATTENTION_TIMERS mode=scna-int8 scna_function=1 scna_kernel=0 scna_pipeline=1 phase=warmup iteration=0 lut_exp=0 nonlinear_mode=2 scna_width=16 scna_exp=801 qo_len=32 kv_len=4096 n_heads=12 n_kv_heads=2 head_dim=128 kv_head=1 worker=0 profiled_total=1120 q_load=7 k_load=66 v_load=50 qk_dot=12 safe_sm=961 core_acc=11 o_scale=2 o_store=11 kv_dma_issue=5 kv_dma_wait=10 kv_transform=97
FIG8_ATTENTION_EVENT_COUNT mode=scna-int8 qo_len=32 phase=warmup iteration=0 events=16 max_events=24896 overflow=0
FIG8_ATTENTION_HOST_TIMING mode=scna-int8 scna_function=exp scna_kernel=direct scna_pipeline=on scna_width=16 qo_len=32 kv_len=4096 n_heads=12 n_kv_heads=2 head_dim=128 phase=warmup iteration=1 host_elapsed_us=2534 ret=0
FIG8_ATTENTION_PROFILE_COUNT mode=scna-int8 qo_len=32 phase=warmup iteration=1 records=2 max_records=10
FIG8_ATTENTION_TIMERS mode=scna-int8 scna_function=1 scna_kernel=0 scna_pipeline=1 phase=warmup iteration=1 lut_exp=0 nonlinear_mode=2 scna_width=16 scna_exp=797 qo_len=32 kv_len=4096 n_heads=12 n_kv_heads=2 head_dim=128 kv_head=0 worker=0 profiled_total=1126 q_load=8 k_load=65 v_load=48 qk_dot=12 safe_sm=970 core_acc=11 o_scale=2 o_store=10 kv_dma_issue=5 kv_dma_wait=9 kv_transform=97
FIG8_ATTENTION_TIMERS mode=scna-int8 scna_function=1 scna_kernel=0 scna_pipeline=1 phase=warmup iteration=1 lut_exp=0 nonlinear_mode=2 scna_width=16 scna_exp=796 qo_len=32 kv_len=4096 n_heads=12 n_kv_heads=2 head_dim=128 kv_head=1 worker=0 profiled_total=1095 q_load=7 k_load=66 v_load=49 qk_dot=12 safe_sm=937 core_acc=11 o_scale=2 o_store=11 kv_dma_issue=5 kv_dma_wait=10 kv_transform=96
FIG8_ATTENTION_EVENT_COUNT mode=scna-int8 qo_len=32 phase=warmup iteration=1 events=16 max_events=24896 overflow=0
FIG8_ATTENTION_HOST_TIMING mode=scna-int8 scna_function=exp scna_kernel=direct scna_pipeline=on scna_width=16 qo_len=32 kv_len=4096 n_heads=12 n_kv_heads=2 head_dim=128 phase=warmup iteration=2 host_elapsed_us=2533 ret=0
FIG8_ATTENTION_PROFILE_COUNT mode=scna-int8 qo_len=32 phase=warmup iteration=2 records=2 max_records=10
FIG8_ATTENTION_TIMERS mode=scna-int8 scna_function=1 scna_kernel=0 scna_pipeline=1 phase=warmup iteration=2 lut_exp=0 nonlinear_mode=2 scna_width=16 scna_exp=796 qo_len=32 kv_len=4096 n_heads=12 n_kv_heads=2 head_dim=128 kv_head=0 worker=0 profiled_total=1113 q_load=7 k_load=65 v_load=48 qk_dot=12 safe_sm=959 core_acc=10 o_scale=2 o_store=10 kv_dma_issue=5 kv_dma_wait=9 kv_transform=96
FIG8_ATTENTION_TIMERS mode=scna-int8 scna_function=1 scna_kernel=0 scna_pipeline=1 phase=warmup iteration=2 lut_exp=0 nonlinear_mode=2 scna_width=16 scna_exp=795 qo_len=32 kv_len=4096 n_heads=12 n_kv_heads=2 head_dim=128 kv_head=1 worker=0 profiled_total=1091 q_load=7 k_load=66 v_load=49 qk_dot=11 safe_sm=935 core_acc=11 o_scale=2 o_store=10 kv_dma_issue=5 kv_dma_wait=10 kv_transform=97
FIG8_ATTENTION_EVENT_COUNT mode=scna-int8 qo_len=32 phase=warmup iteration=2 events=16 max_events=24896 overflow=0
FIG8_ATTENTION_HOST_TIMING mode=scna-int8 scna_function=exp scna_kernel=direct scna_pipeline=on scna_width=16 qo_len=32 kv_len=4096 n_heads=12 n_kv_heads=2 head_dim=128 phase=warmup iteration=3 host_elapsed_us=2527 ret=0
FIG8_ATTENTION_PROFILE_COUNT mode=scna-int8 qo_len=32 phase=warmup iteration=3 records=2 max_records=10
FIG8_ATTENTION_TIMERS mode=scna-int8 scna_function=1 scna_kernel=0 scna_pipeline=1 phase=warmup iteration=3 lut_exp=0 nonlinear_mode=2 scna_width=16 scna_exp=796 qo_len=32 kv_len=4096 n_heads=12 n_kv_heads=2 head_dim=128 kv_head=0 worker=0 profiled_total=1103 q_load=7 k_load=65 v_load=48 qk_dot=12 safe_sm=948 core_acc=11 o_scale=2 o_store=10 kv_dma_issue=5 kv_dma_wait=9 kv_transform=96
FIG8_ATTENTION_TIMERS mode=scna-int8 scna_function=1 scna_kernel=0 scna_pipeline=1 phase=warmup iteration=3 lut_exp=0 nonlinear_mode=2 scna_width=16 scna_exp=795 qo_len=32 kv_len=4096 n_heads=12 n_kv_heads=2 head_dim=128 kv_head=1 worker=0 profiled_total=1100 q_load=7 k_load=66 v_load=49 qk_dot=12 safe_sm=943 core_acc=11 o_scale=2 o_store=10 kv_dma_issue=5 kv_dma_wait=9 kv_transform=96
FIG8_ATTENTION_EVENT_COUNT mode=scna-int8 qo_len=32 phase=warmup iteration=3 events=16 max_events=24896 overflow=0
FIG8_ATTENTION_HOST_TIMING mode=scna-int8 scna_function=exp scna_kernel=direct scna_pipeline=on scna_width=16 qo_len=32 kv_len=4096 n_heads=12 n_kv_heads=2 head_dim=128 phase=warmup iteration=4 host_elapsed_us=2457 ret=0
FIG8_ATTENTION_PROFILE_COUNT mode=scna-int8 qo_len=32 phase=warmup iteration=4 records=2 max_records=10
FIG8_ATTENTION_TIMERS mode=scna-int8 scna_function=1 scna_kernel=0 scna_pipeline=1 phase=warmup iteration=4 lut_exp=0 nonlinear_mode=2 scna_width=16 scna_exp=796 qo_len=32 kv_len=4096 n_heads=12 n_kv_heads=2 head_dim=128 kv_head=0 worker=0 profiled_total=1106 q_load=7 k_load=65 v_load=48 qk_dot=12 safe_sm=951 core_acc=11 o_scale=2 o_store=10 kv_dma_issue=5 kv_dma_wait=8 kv_transform=96
FIG8_ATTENTION_TIMERS mode=scna-int8 scna_function=1 scna_kernel=0 scna_pipeline=1 phase=warmup iteration=4 lut_exp=0 nonlinear_mode=2 scna_width=16 scna_exp=796 qo_len=32 kv_len=4096 n_heads=12 n_kv_heads=2 head_dim=128 kv_head=1 worker=0 profiled_total=1099 q_load=7 k_load=66 v_load=48 qk_dot=11 safe_sm=944 core_acc=11 o_scale=2 o_store=10 kv_dma_issue=5 kv_dma_wait=9 kv_transform=96
FIG8_ATTENTION_EVENT_COUNT mode=scna-int8 qo_len=32 phase=warmup iteration=4 events=16 max_events=24896 overflow=0
FIG8_ATTENTION_HOST_TIMING mode=scna-int8 scna_function=exp scna_kernel=direct scna_pipeline=on scna_width=16 qo_len=32 kv_len=4096 n_heads=12 n_kv_heads=2 head_dim=128 phase=measure iteration=0 host_elapsed_us=2470 ret=0
FIG8_ATTENTION_PROFILE_COUNT mode=scna-int8 qo_len=32 phase=measure iteration=0 records=2 max_records=10
FIG8_ATTENTION_TIMERS mode=scna-int8 scna_function=1 scna_kernel=0 scna_pipeline=1 phase=measure iteration=0 lut_exp=0 nonlinear_mode=2 scna_width=16 scna_exp=795 qo_len=32 kv_len=4096 n_heads=12 n_kv_heads=2 head_dim=128 kv_head=0 worker=0 profiled_total=1108 q_load=7 k_load=66 v_load=48 qk_dot=12 safe_sm=952 core_acc=11 o_scale=2 o_store=10 kv_dma_issue=5 kv_dma_wait=9 kv_transform=97
FIG8_ATTENTION_TIMERS mode=scna-int8 scna_function=1 scna_kernel=0 scna_pipeline=1 phase=measure iteration=0 lut_exp=0 nonlinear_mode=2 scna_width=16 scna_exp=796 qo_len=32 kv_len=4096 n_heads=12 n_kv_heads=2 head_dim=128 kv_head=1 worker=0 profiled_total=1096 q_load=7 k_load=66 v_load=48 qk_dot=12 safe_sm=940 core_acc=11 o_scale=2 o_store=10 kv_dma_issue=5 kv_dma_wait=9 kv_transform=96
FIG8_ATTENTION_EVENT_COUNT mode=scna-int8 qo_len=32 phase=measure iteration=0 events=16 max_events=24896 overflow=0
FIG8_ATTENTION_HOST_TIMING mode=scna-int8 scna_function=exp scna_kernel=direct scna_pipeline=on scna_width=16 qo_len=32 kv_len=4096 n_heads=12 n_kv_heads=2 head_dim=128 phase=measure iteration=1 host_elapsed_us=2551 ret=0
FIG8_ATTENTION_PROFILE_COUNT mode=scna-int8 qo_len=32 phase=measure iteration=1 records=2 max_records=10
FIG8_ATTENTION_TIMERS mode=scna-int8 scna_function=1 scna_kernel=0 scna_pipeline=1 phase=measure iteration=1 lut_exp=0 nonlinear_mode=2 scna_width=16 scna_exp=795 qo_len=32 kv_len=4096 n_heads=12 n_kv_heads=2 head_dim=128 kv_head=0 worker=0 profiled_total=1105 q_load=7 k_load=65 v_load=48 qk_dot=12 safe_sm=950 core_acc=11 o_scale=2 o_store=10 kv_dma_issue=4 kv_dma_wait=8 kv_transform=97
FIG8_ATTENTION_TIMERS mode=scna-int8 scna_function=1 scna_kernel=0 scna_pipeline=1 phase=measure iteration=1 lut_exp=0 nonlinear_mode=2 scna_width=16 scna_exp=796 qo_len=32 kv_len=4096 n_heads=12 n_kv_heads=2 head_dim=128 kv_head=1 worker=0 profiled_total=1094 q_load=7 k_load=66 v_load=48 qk_dot=11 safe_sm=939 core_acc=11 o_scale=2 o_store=10 kv_dma_issue=5 kv_dma_wait=9 kv_transform=97
FIG8_ATTENTION_EVENT_COUNT mode=scna-int8 qo_len=32 phase=measure iteration=1 events=16 max_events=24896 overflow=0
FIG8_ATTENTION_HOST_TIMING mode=scna-int8 scna_function=exp scna_kernel=direct scna_pipeline=on scna_width=16 qo_len=32 kv_len=4096 n_heads=12 n_kv_heads=2 head_dim=128 phase=measure iteration=2 host_elapsed_us=2512 ret=0
FIG8_ATTENTION_PROFILE_COUNT mode=scna-int8 qo_len=32 phase=measure iteration=2 records=2 max_records=10
FIG8_ATTENTION_TIMERS mode=scna-int8 scna_function=1 scna_kernel=0 scna_pipeline=1 phase=measure iteration=2 lut_exp=0 nonlinear_mode=2 scna_width=16 scna_exp=796 qo_len=32 kv_len=4096 n_heads=12 n_kv_heads=2 head_dim=128 kv_head=0 worker=0 profiled_total=1107 q_load=7 k_load=65 v_load=49 qk_dot=12 safe_sm=951 core_acc=11 o_scale=2 o_store=10 kv_dma_issue=4 kv_dma_wait=9 kv_transform=96
FIG8_ATTENTION_TIMERS mode=scna-int8 scna_function=1 scna_kernel=0 scna_pipeline=1 phase=measure iteration=2 lut_exp=0 nonlinear_mode=2 scna_width=16 scna_exp=795 qo_len=32 kv_len=4096 n_heads=12 n_kv_heads=2 head_dim=128 kv_head=1 worker=0 profiled_total=1094 q_load=7 k_load=66 v_load=48 qk_dot=12 safe_sm=938 core_acc=11 o_scale=2 o_store=10 kv_dma_issue=5 kv_dma_wait=8 kv_transform=97
FIG8_ATTENTION_EVENT_COUNT mode=scna-int8 qo_len=32 phase=measure iteration=2 events=16 max_events=24896 overflow=0
FIG8_ATTENTION_HOST_TIMING mode=scna-int8 scna_function=exp scna_kernel=direct scna_pipeline=on scna_width=16 qo_len=32 kv_len=4096 n_heads=12 n_kv_heads=2 head_dim=128 phase=measure iteration=3 host_elapsed_us=2461 ret=0
FIG8_ATTENTION_PROFILE_COUNT mode=scna-int8 qo_len=32 phase=measure iteration=3 records=2 max_records=10
FIG8_ATTENTION_TIMERS mode=scna-int8 scna_function=1 scna_kernel=0 scna_pipeline=1 phase=measure iteration=3 lut_exp=0 nonlinear_mode=2 scna_width=16 scna_exp=796 qo_len=32 kv_len=4096 n_heads=12 n_kv_heads=2 head_dim=128 kv_head=0 worker=0 profiled_total=1112 q_load=7 k_load=66 v_load=48 qk_dot=12 safe_sm=956 core_acc=11 o_scale=2 o_store=10 kv_dma_issue=5 kv_dma_wait=10 kv_transform=96
FIG8_ATTENTION_TIMERS mode=scna-int8 scna_function=1 scna_kernel=0 scna_pipeline=1 phase=measure iteration=3 lut_exp=0 nonlinear_mode=2 scna_width=16 scna_exp=795 qo_len=32 kv_len=4096 n_heads=12 n_kv_heads=2 head_dim=128 kv_head=1 worker=0 profiled_total=1104 q_load=7 k_load=66 v_load=49 qk_dot=12 safe_sm=946 core_acc=11 o_scale=2 o_store=11 kv_dma_issue=5 kv_dma_wait=9 kv_transform=97
FIG8_ATTENTION_EVENT_COUNT mode=scna-int8 qo_len=32 phase=measure iteration=3 events=16 max_events=24896 overflow=0
FIG8_ATTENTION_HOST_TIMING mode=scna-int8 scna_function=exp scna_kernel=direct scna_pipeline=on scna_width=16 qo_len=32 kv_len=4096 n_heads=12 n_kv_heads=2 head_dim=128 phase=measure iteration=4 host_elapsed_us=2552 ret=0
FIG8_ATTENTION_PROFILE_COUNT mode=scna-int8 qo_len=32 phase=measure iteration=4 records=2 max_records=10
FIG8_ATTENTION_TIMERS mode=scna-int8 scna_function=1 scna_kernel=0 scna_pipeline=1 phase=measure iteration=4 lut_exp=0 nonlinear_mode=2 scna_width=16 scna_exp=795 qo_len=32 kv_len=4096 n_heads=12 n_kv_heads=2 head_dim=128 kv_head=0 worker=0 profiled_total=1111 q_load=7 k_load=66 v_load=48 qk_dot=12 safe_sm=955 core_acc=11 o_scale=2 o_store=10 kv_dma_issue=4 kv_dma_wait=10 kv_transform=96
FIG8_ATTENTION_TIMERS mode=scna-int8 scna_function=1 scna_kernel=0 scna_pipeline=1 phase=measure iteration=4 lut_exp=0 nonlinear_mode=2 scna_width=16 scna_exp=796 qo_len=32 kv_len=4096 n_heads=12 n_kv_heads=2 head_dim=128 kv_head=1 worker=0 profiled_total=1104 q_load=7 k_load=66 v_load=49 qk_dot=12 safe_sm=946 core_acc=11 o_scale=2 o_store=11 kv_dma_issue=5 kv_dma_wait=9 kv_transform=96
FIG8_ATTENTION_EVENT_COUNT mode=scna-int8 qo_len=32 phase=measure iteration=4 events=16 max_events=24896 overflow=0
FIG8_ATTENTION_HOST_TIMING mode=scna-int8 scna_function=exp scna_kernel=direct scna_pipeline=on scna_width=16 qo_len=32 kv_len=4096 n_heads=12 n_kv_heads=2 head_dim=128 phase=measure iteration=5 host_elapsed_us=2529 ret=0
FIG8_ATTENTION_PROFILE_COUNT mode=scna-int8 qo_len=32 phase=measure iteration=5 records=2 max_records=10
FIG8_ATTENTION_TIMERS mode=scna-int8 scna_function=1 scna_kernel=0 scna_pipeline=1 phase=measure iteration=5 lut_exp=0 nonlinear_mode=2 scna_width=16 scna_exp=795 qo_len=32 kv_len=4096 n_heads=12 n_kv_heads=2 head_dim=128 kv_head=0 worker=0 profiled_total=1107 q_load=7 k_load=66 v_load=49 qk_dot=12 safe_sm=950 core_acc=11 o_scale=2 o_store=10 kv_dma_issue=4 kv_dma_wait=11 kv_transform=96
FIG8_ATTENTION_TIMERS mode=scna-int8 scna_function=1 scna_kernel=0 scna_pipeline=1 phase=measure iteration=5 lut_exp=0 nonlinear_mode=2 scna_width=16 scna_exp=796 qo_len=32 kv_len=4096 n_heads=12 n_kv_heads=2 head_dim=128 kv_head=1 worker=0 profiled_total=1103 q_load=7 k_load=66 v_load=49 qk_dot=12 safe_sm=945 core_acc=11 o_scale=2 o_store=11 kv_dma_issue=5 kv_dma_wait=9 kv_transform=97
FIG8_ATTENTION_EVENT_COUNT mode=scna-int8 qo_len=32 phase=measure iteration=5 events=16 max_events=24896 overflow=0
FIG8_ATTENTION_HOST_TIMING mode=scna-int8 scna_function=exp scna_kernel=direct scna_pipeline=on scna_width=16 qo_len=32 kv_len=4096 n_heads=12 n_kv_heads=2 head_dim=128 phase=measure iteration=6 host_elapsed_us=2523 ret=0
FIG8_ATTENTION_PROFILE_COUNT mode=scna-int8 qo_len=32 phase=measure iteration=6 records=2 max_records=10
FIG8_ATTENTION_TIMERS mode=scna-int8 scna_function=1 scna_kernel=0 scna_pipeline=1 phase=measure iteration=6 lut_exp=0 nonlinear_mode=2 scna_width=16 scna_exp=796 qo_len=32 kv_len=4096 n_heads=12 n_kv_heads=2 head_dim=128 kv_head=0 worker=0 profiled_total=1106 q_load=7 k_load=65 v_load=49 qk_dot=12 safe_sm=950 core_acc=11 o_scale=2 o_store=10 kv_dma_issue=4 kv_dma_wait=9 kv_transform=96
FIG8_ATTENTION_TIMERS mode=scna-int8 scna_function=1 scna_kernel=0 scna_pipeline=1 phase=measure iteration=6 lut_exp=0 nonlinear_mode=2 scna_width=16 scna_exp=795 qo_len=32 kv_len=4096 n_heads=12 n_kv_heads=2 head_dim=128 kv_head=1 worker=0 profiled_total=1103 q_load=7 k_load=66 v_load=49 qk_dot=11 safe_sm=946 core_acc=11 o_scale=2 o_store=11 kv_dma_issue=5 kv_dma_wait=9 kv_transform=97
FIG8_ATTENTION_EVENT_COUNT mode=scna-int8 qo_len=32 phase=measure iteration=6 events=16 max_events=24896 overflow=0
FIG8_ATTENTION_HOST_TIMING mode=scna-int8 scna_function=exp scna_kernel=direct scna_pipeline=on scna_width=16 qo_len=32 kv_len=4096 n_heads=12 n_kv_heads=2 head_dim=128 phase=measure iteration=7 host_elapsed_us=2524 ret=0
FIG8_ATTENTION_PROFILE_COUNT mode=scna-int8 qo_len=32 phase=measure iteration=7 records=2 max_records=10
FIG8_ATTENTION_TIMERS mode=scna-int8 scna_function=1 scna_kernel=0 scna_pipeline=1 phase=measure iteration=7 lut_exp=0 nonlinear_mode=2 scna_width=16 scna_exp=795 qo_len=32 kv_len=4096 n_heads=12 n_kv_heads=2 head_dim=128 kv_head=0 worker=0 profiled_total=1103 q_load=7 k_load=65 v_load=48 qk_dot=12 safe_sm=948 core_acc=11 o_scale=2 o_store=10 kv_dma_issue=5 kv_dma_wait=9 kv_transform=97
FIG8_ATTENTION_TIMERS mode=scna-int8 scna_function=1 scna_kernel=0 scna_pipeline=1 phase=measure iteration=7 lut_exp=0 nonlinear_mode=2 scna_width=16 scna_exp=795 qo_len=32 kv_len=4096 n_heads=12 n_kv_heads=2 head_dim=128 kv_head=1 worker=0 profiled_total=1102 q_load=7 k_load=66 v_load=48 qk_dot=12 safe_sm=945 core_acc=11 o_scale=2 o_store=11 kv_dma_issue=5 kv_dma_wait=9 kv_transform=96
FIG8_ATTENTION_EVENT_COUNT mode=scna-int8 qo_len=32 phase=measure iteration=7 events=16 max_events=24896 overflow=0
FIG8_ATTENTION_HOST_TIMING mode=scna-int8 scna_function=exp scna_kernel=direct scna_pipeline=on scna_width=16 qo_len=32 kv_len=4096 n_heads=12 n_kv_heads=2 head_dim=128 phase=measure iteration=8 host_elapsed_us=2484 ret=0
FIG8_ATTENTION_PROFILE_COUNT mode=scna-int8 qo_len=32 phase=measure iteration=8 records=2 max_records=10
FIG8_ATTENTION_TIMERS mode=scna-int8 scna_function=1 scna_kernel=0 scna_pipeline=1 phase=measure iteration=8 lut_exp=0 nonlinear_mode=2 scna_width=16 scna_exp=795 qo_len=32 kv_len=4096 n_heads=12 n_kv_heads=2 head_dim=128 kv_head=0 worker=0 profiled_total=1106 q_load=7 k_load=65 v_load=48 qk_dot=12 safe_sm=951 core_acc=11 o_scale=2 o_store=10 kv_dma_issue=4 kv_dma_wait=9 kv_transform=96
FIG8_ATTENTION_TIMERS mode=scna-int8 scna_function=1 scna_kernel=0 scna_pipeline=1 phase=measure iteration=8 lut_exp=0 nonlinear_mode=2 scna_width=16 scna_exp=796 qo_len=32 kv_len=4096 n_heads=12 n_kv_heads=2 head_dim=128 kv_head=1 worker=0 profiled_total=1101 q_load=7 k_load=66 v_load=48 qk_dot=12 safe_sm=944 core_acc=11 o_scale=2 o_store=11 kv_dma_issue=5 kv_dma_wait=9 kv_transform=97
FIG8_ATTENTION_EVENT_COUNT mode=scna-int8 qo_len=32 phase=measure iteration=8 events=16 max_events=24896 overflow=0
FIG8_ATTENTION_HOST_TIMING mode=scna-int8 scna_function=exp scna_kernel=direct scna_pipeline=on scna_width=16 qo_len=32 kv_len=4096 n_heads=12 n_kv_heads=2 head_dim=128 phase=measure iteration=9 host_elapsed_us=2547 ret=0
FIG8_ATTENTION_PROFILE_COUNT mode=scna-int8 qo_len=32 phase=measure iteration=9 records=2 max_records=10
FIG8_ATTENTION_TIMERS mode=scna-int8 scna_function=1 scna_kernel=0 scna_pipeline=1 phase=measure iteration=9 lut_exp=0 nonlinear_mode=2 scna_width=16 scna_exp=796 qo_len=32 kv_len=4096 n_heads=12 n_kv_heads=2 head_dim=128 kv_head=0 worker=0 profiled_total=1102 q_load=7 k_load=65 v_load=48 qk_dot=12 safe_sm=947 core_acc=11 o_scale=2 o_store=10 kv_dma_issue=4 kv_dma_wait=9 kv_transform=97
FIG8_ATTENTION_TIMERS mode=scna-int8 scna_function=1 scna_kernel=0 scna_pipeline=1 phase=measure iteration=9 lut_exp=0 nonlinear_mode=2 scna_width=16 scna_exp=796 qo_len=32 kv_len=4096 n_heads=12 n_kv_heads=2 head_dim=128 kv_head=1 worker=0 profiled_total=1101 q_load=7 k_load=66 v_load=48 qk_dot=12 safe_sm=944 core_acc=11 o_scale=2 o_store=11 kv_dma_issue=5 kv_dma_wait=9 kv_transform=96
FIG8_ATTENTION_EVENT_COUNT mode=scna-int8 qo_len=32 phase=measure iteration=9 events=16 max_events=24896 overflow=0
FIG8_ATTENTION_HOST_TIMING mode=scna-int8 scna_function=exp scna_kernel=direct scna_pipeline=on scna_width=16 qo_len=32 kv_len=4096 n_heads=12 n_kv_heads=2 head_dim=128 phase=measure iteration=10 host_elapsed_us=2544 ret=0
FIG8_ATTENTION_PROFILE_COUNT mode=scna-int8 qo_len=32 phase=measure iteration=10 records=2 max_records=10
FIG8_ATTENTION_TIMERS mode=scna-int8 scna_function=1 scna_kernel=0 scna_pipeline=1 phase=measure iteration=10 lut_exp=0 nonlinear_mode=2 scna_width=16 scna_exp=796 qo_len=32 kv_len=4096 n_heads=12 n_kv_heads=2 head_dim=128 kv_head=0 worker=0 profiled_total=1107 q_load=7 k_load=65 v_load=49 qk_dot=12 safe_sm=951 core_acc=11 o_scale=2 o_store=10 kv_dma_issue=5 kv_dma_wait=10 kv_transform=96
FIG8_ATTENTION_TIMERS mode=scna-int8 scna_function=1 scna_kernel=0 scna_pipeline=1 phase=measure iteration=10 lut_exp=0 nonlinear_mode=2 scna_width=16 scna_exp=795 qo_len=32 kv_len=4096 n_heads=12 n_kv_heads=2 head_dim=128 kv_head=1 worker=0 profiled_total=1104 q_load=7 k_load=66 v_load=49 qk_dot=12 safe_sm=946 core_acc=11 o_scale=2 o_store=11 kv_dma_issue=5 kv_dma_wait=9 kv_transform=97
FIG8_ATTENTION_EVENT_COUNT mode=scna-int8 qo_len=32 phase=measure iteration=10 events=16 max_events=24896 overflow=0
FIG8_ATTENTION_HOST_TIMING mode=scna-int8 scna_function=exp scna_kernel=direct scna_pipeline=on scna_width=16 qo_len=32 kv_len=4096 n_heads=12 n_kv_heads=2 head_dim=128 phase=measure iteration=11 host_elapsed_us=2526 ret=0
FIG8_ATTENTION_PROFILE_COUNT mode=scna-int8 qo_len=32 phase=measure iteration=11 records=2 max_records=10
FIG8_ATTENTION_TIMERS mode=scna-int8 scna_function=1 scna_kernel=0 scna_pipeline=1 phase=measure iteration=11 lut_exp=0 nonlinear_mode=2 scna_width=16 scna_exp=796 qo_len=32 kv_len=4096 n_heads=12 n_kv_heads=2 head_dim=128 kv_head=0 worker=0 profiled_total=1107 q_load=7 k_load=66 v_load=49 qk_dot=12 safe_sm=950 core_acc=11 o_scale=2 o_store=10 kv_dma_issue=5 kv_dma_wait=9 kv_transform=97
FIG8_ATTENTION_TIMERS mode=scna-int8 scna_function=1 scna_kernel=0 scna_pipeline=1 phase=measure iteration=11 lut_exp=0 nonlinear_mode=2 scna_width=16 scna_exp=795 qo_len=32 kv_len=4096 n_heads=12 n_kv_heads=2 head_dim=128 kv_head=1 worker=0 profiled_total=1102 q_load=7 k_load=66 v_load=49 qk_dot=12 safe_sm=944 core_acc=11 o_scale=2 o_store=11 kv_dma_issue=5 kv_dma_wait=9 kv_transform=97
FIG8_ATTENTION_EVENT_COUNT mode=scna-int8 qo_len=32 phase=measure iteration=11 events=16 max_events=24896 overflow=0
FIG8_ATTENTION_HOST_TIMING mode=scna-int8 scna_function=exp scna_kernel=direct scna_pipeline=on scna_width=16 qo_len=32 kv_len=4096 n_heads=12 n_kv_heads=2 head_dim=128 phase=measure iteration=12 host_elapsed_us=2492 ret=0
FIG8_ATTENTION_PROFILE_COUNT mode=scna-int8 qo_len=32 phase=measure iteration=12 records=2 max_records=10
FIG8_ATTENTION_TIMERS mode=scna-int8 scna_function=1 scna_kernel=0 scna_pipeline=1 phase=measure iteration=12 lut_exp=0 nonlinear_mode=2 scna_width=16 scna_exp=795 qo_len=32 kv_len=4096 n_heads=12 n_kv_heads=2 head_dim=128 kv_head=0 worker=0 profiled_total=1103 q_load=7 k_load=65 v_load=48 qk_dot=12 safe_sm=948 core_acc=11 o_scale=2 o_store=10 kv_dma_issue=4 kv_dma_wait=9 kv_transform=96
FIG8_ATTENTION_TIMERS mode=scna-int8 scna_function=1 scna_kernel=0 scna_pipeline=1 phase=measure iteration=12 lut_exp=0 nonlinear_mode=2 scna_width=16 scna_exp=795 qo_len=32 kv_len=4096 n_heads=12 n_kv_heads=2 head_dim=128 kv_head=1 worker=0 profiled_total=1101 q_load=7 k_load=66 v_load=49 qk_dot=12 safe_sm=943 core_acc=11 o_scale=2 o_store=11 kv_dma_issue=5 kv_dma_wait=9 kv_transform=97
FIG8_ATTENTION_EVENT_COUNT mode=scna-int8 qo_len=32 phase=measure iteration=12 events=16 max_events=24896 overflow=0
FIG8_ATTENTION_HOST_TIMING mode=scna-int8 scna_function=exp scna_kernel=direct scna_pipeline=on scna_width=16 qo_len=32 kv_len=4096 n_heads=12 n_kv_heads=2 head_dim=128 phase=measure iteration=13 host_elapsed_us=2518 ret=0
FIG8_ATTENTION_PROFILE_COUNT mode=scna-int8 qo_len=32 phase=measure iteration=13 records=2 max_records=10
FIG8_ATTENTION_TIMERS mode=scna-int8 scna_function=1 scna_kernel=0 scna_pipeline=1 phase=measure iteration=13 lut_exp=0 nonlinear_mode=2 scna_width=16 scna_exp=796 qo_len=32 kv_len=4096 n_heads=12 n_kv_heads=2 head_dim=128 kv_head=0 worker=0 profiled_total=1108 q_load=7 k_load=66 v_load=48 qk_dot=12 safe_sm=952 core_acc=11 o_scale=2 o_store=10 kv_dma_issue=4 kv_dma_wait=10 kv_transform=97
FIG8_ATTENTION_TIMERS mode=scna-int8 scna_function=1 scna_kernel=0 scna_pipeline=1 phase=measure iteration=13 lut_exp=0 nonlinear_mode=2 scna_width=16 scna_exp=795 qo_len=32 kv_len=4096 n_heads=12 n_kv_heads=2 head_dim=128 kv_head=1 worker=0 profiled_total=1099 q_load=7 k_load=66 v_load=49 qk_dot=12 safe_sm=941 core_acc=11 o_scale=2 o_store=11 kv_dma_issue=5 kv_dma_wait=10 kv_transform=97
FIG8_ATTENTION_EVENT_COUNT mode=scna-int8 qo_len=32 phase=measure iteration=13 events=16 max_events=24896 overflow=0
FIG8_ATTENTION_HOST_TIMING mode=scna-int8 scna_function=exp scna_kernel=direct scna_pipeline=on scna_width=16 qo_len=32 kv_len=4096 n_heads=12 n_kv_heads=2 head_dim=128 phase=measure iteration=14 host_elapsed_us=2465 ret=0
FIG8_ATTENTION_PROFILE_COUNT mode=scna-int8 qo_len=32 phase=measure iteration=14 records=2 max_records=10
FIG8_ATTENTION_TIMERS mode=scna-int8 scna_function=1 scna_kernel=0 scna_pipeline=1 phase=measure iteration=14 lut_exp=0 nonlinear_mode=2 scna_width=16 scna_exp=795 qo_len=32 kv_len=4096 n_heads=12 n_kv_heads=2 head_dim=128 kv_head=0 worker=0 profiled_total=1103 q_load=7 k_load=65 v_load=49 qk_dot=12 safe_sm=948 core_acc=10 o_scale=2 o_store=10 kv_dma_issue=4 kv_dma_wait=10 kv_transform=96
FIG8_ATTENTION_TIMERS mode=scna-int8 scna_function=1 scna_kernel=0 scna_pipeline=1 phase=measure iteration=14 lut_exp=0 nonlinear_mode=2 scna_width=16 scna_exp=795 qo_len=32 kv_len=4096 n_heads=12 n_kv_heads=2 head_dim=128 kv_head=1 worker=0 profiled_total=1100 q_load=7 k_load=66 v_load=48 qk_dot=12 safe_sm=943 core_acc=11 o_scale=2 o_store=11 kv_dma_issue=5 kv_dma_wait=9 kv_transform=97
FIG8_ATTENTION_EVENT_COUNT mode=scna-int8 qo_len=32 phase=measure iteration=14 events=16 max_events=24896 overflow=0
FIG8_ATTENTION_HOST_TIMING mode=scna-int8 scna_function=exp scna_kernel=direct scna_pipeline=on scna_width=16 qo_len=32 kv_len=4096 n_heads=12 n_kv_heads=2 head_dim=128 phase=measure iteration=15 host_elapsed_us=2500 ret=0
FIG8_ATTENTION_PROFILE_COUNT mode=scna-int8 qo_len=32 phase=measure iteration=15 records=2 max_records=10
FIG8_ATTENTION_TIMERS mode=scna-int8 scna_function=1 scna_kernel=0 scna_pipeline=1 phase=measure iteration=15 lut_exp=0 nonlinear_mode=2 scna_width=16 scna_exp=795 qo_len=32 kv_len=4096 n_heads=12 n_kv_heads=2 head_dim=128 kv_head=0 worker=0 profiled_total=1105 q_load=7 k_load=65 v_load=48 qk_dot=12 safe_sm=950 core_acc=11 o_scale=2 o_store=10 kv_dma_issue=5 kv_dma_wait=9 kv_transform=96
FIG8_ATTENTION_TIMERS mode=scna-int8 scna_function=1 scna_kernel=0 scna_pipeline=1 phase=measure iteration=15 lut_exp=0 nonlinear_mode=2 scna_width=16 scna_exp=795 qo_len=32 kv_len=4096 n_heads=12 n_kv_heads=2 head_dim=128 kv_head=1 worker=0 profiled_total=1099 q_load=7 k_load=66 v_load=49 qk_dot=11 safe_sm=942 core_acc=11 o_scale=2 o_store=11 kv_dma_issue=5 kv_dma_wait=11 kv_transform=95
FIG8_ATTENTION_EVENT_COUNT mode=scna-int8 qo_len=32 phase=measure iteration=15 events=16 max_events=24896 overflow=0
FIG8_ATTENTION_HOST_TIMING mode=scna-int8 scna_function=exp scna_kernel=direct scna_pipeline=on scna_width=16 qo_len=32 kv_len=4096 n_heads=12 n_kv_heads=2 head_dim=128 phase=measure iteration=16 host_elapsed_us=2523 ret=0
FIG8_ATTENTION_PROFILE_COUNT mode=scna-int8 qo_len=32 phase=measure iteration=16 records=2 max_records=10
FIG8_ATTENTION_TIMERS mode=scna-int8 scna_function=1 scna_kernel=0 scna_pipeline=1 phase=measure iteration=16 lut_exp=0 nonlinear_mode=2 scna_width=16 scna_exp=795 qo_len=32 kv_len=4096 n_heads=12 n_kv_heads=2 head_dim=128 kv_head=0 worker=0 profiled_total=1106 q_load=8 k_load=65 v_load=48 qk_dot=12 safe_sm=950 core_acc=11 o_scale=2 o_store=10 kv_dma_issue=4 kv_dma_wait=10 kv_transform=96
FIG8_ATTENTION_TIMERS mode=scna-int8 scna_function=1 scna_kernel=0 scna_pipeline=1 phase=measure iteration=16 lut_exp=0 nonlinear_mode=2 scna_width=16 scna_exp=795 qo_len=32 kv_len=4096 n_heads=12 n_kv_heads=2 head_dim=128 kv_head=1 worker=0 profiled_total=1100 q_load=7 k_load=66 v_load=49 qk_dot=11 safe_sm=943 core_acc=11 o_scale=2 o_store=11 kv_dma_issue=5 kv_dma_wait=9 kv_transform=97
FIG8_ATTENTION_EVENT_COUNT mode=scna-int8 qo_len=32 phase=measure iteration=16 events=16 max_events=24896 overflow=0
FIG8_ATTENTION_HOST_TIMING mode=scna-int8 scna_function=exp scna_kernel=direct scna_pipeline=on scna_width=16 qo_len=32 kv_len=4096 n_heads=12 n_kv_heads=2 head_dim=128 phase=measure iteration=17 host_elapsed_us=2537 ret=0
FIG8_ATTENTION_PROFILE_COUNT mode=scna-int8 qo_len=32 phase=measure iteration=17 records=2 max_records=10
FIG8_ATTENTION_TIMERS mode=scna-int8 scna_function=1 scna_kernel=0 scna_pipeline=1 phase=measure iteration=17 lut_exp=0 nonlinear_mode=2 scna_width=16 scna_exp=795 qo_len=32 kv_len=4096 n_heads=12 n_kv_heads=2 head_dim=128 kv_head=0 worker=0 profiled_total=1103 q_load=7 k_load=65 v_load=49 qk_dot=12 safe_sm=947 core_acc=11 o_scale=2 o_store=10 kv_dma_issue=5 kv_dma_wait=10 kv_transform=96
FIG8_ATTENTION_TIMERS mode=scna-int8 scna_function=1 scna_kernel=0 scna_pipeline=1 phase=measure iteration=17 lut_exp=0 nonlinear_mode=2 scna_width=16 scna_exp=795 qo_len=32 kv_len=4096 n_heads=12 n_kv_heads=2 head_dim=128 kv_head=1 worker=0 profiled_total=1101 q_load=7 k_load=66 v_load=49 qk_dot=11 safe_sm=944 core_acc=11 o_scale=2 o_store=11 kv_dma_issue=5 kv_dma_wait=9 kv_transform=97
FIG8_ATTENTION_EVENT_COUNT mode=scna-int8 qo_len=32 phase=measure iteration=17 events=16 max_events=24896 overflow=0
FIG8_ATTENTION_HOST_TIMING mode=scna-int8 scna_function=exp scna_kernel=direct scna_pipeline=on scna_width=16 qo_len=32 kv_len=4096 n_heads=12 n_kv_heads=2 head_dim=128 phase=measure iteration=18 host_elapsed_us=2510 ret=0
FIG8_ATTENTION_PROFILE_COUNT mode=scna-int8 qo_len=32 phase=measure iteration=18 records=2 max_records=10
FIG8_ATTENTION_TIMERS mode=scna-int8 scna_function=1 scna_kernel=0 scna_pipeline=1 phase=measure iteration=18 lut_exp=0 nonlinear_mode=2 scna_width=16 scna_exp=795 qo_len=32 kv_len=4096 n_heads=12 n_kv_heads=2 head_dim=128 kv_head=0 worker=0 profiled_total=1104 q_load=8 k_load=65 v_load=48 qk_dot=12 safe_sm=948 core_acc=11 o_scale=2 o_store=10 kv_dma_issue=4 kv_dma_wait=9 kv_transform=96
FIG8_ATTENTION_TIMERS mode=scna-int8 scna_function=1 scna_kernel=0 scna_pipeline=1 phase=measure iteration=18 lut_exp=0 nonlinear_mode=2 scna_width=16 scna_exp=795 qo_len=32 kv_len=4096 n_heads=12 n_kv_heads=2 head_dim=128 kv_head=1 worker=0 profiled_total=1103 q_load=7 k_load=66 v_load=49 qk_dot=12 safe_sm=945 core_acc=11 o_scale=2 o_store=11 kv_dma_issue=5 kv_dma_wait=9 kv_transform=96
FIG8_ATTENTION_EVENT_COUNT mode=scna-int8 qo_len=32 phase=measure iteration=18 events=16 max_events=24896 overflow=0
FIG8_ATTENTION_HOST_TIMING mode=scna-int8 scna_function=exp scna_kernel=direct scna_pipeline=on scna_width=16 qo_len=32 kv_len=4096 n_heads=12 n_kv_heads=2 head_dim=128 phase=measure iteration=19 host_elapsed_us=2536 ret=0
FIG8_ATTENTION_PROFILE_COUNT mode=scna-int8 qo_len=32 phase=measure iteration=19 records=2 max_records=10
FIG8_ATTENTION_TIMERS mode=scna-int8 scna_function=1 scna_kernel=0 scna_pipeline=1 phase=measure iteration=19 lut_exp=0 nonlinear_mode=2 scna_width=16 scna_exp=795 qo_len=32 kv_len=4096 n_heads=12 n_kv_heads=2 head_dim=128 kv_head=0 worker=0 profiled_total=1105 q_load=7 k_load=66 v_load=48 qk_dot=12 safe_sm=949 core_acc=11 o_scale=2 o_store=10 kv_dma_issue=5 kv_dma_wait=10 kv_transform=96
FIG8_ATTENTION_TIMERS mode=scna-int8 scna_function=1 scna_kernel=0 scna_pipeline=1 phase=measure iteration=19 lut_exp=0 nonlinear_mode=2 scna_width=16 scna_exp=795 qo_len=32 kv_len=4096 n_heads=12 n_kv_heads=2 head_dim=128 kv_head=1 worker=0 profiled_total=1100 q_load=7 k_load=66 v_load=49 qk_dot=11 safe_sm=943 core_acc=11 o_scale=2 o_store=11 kv_dma_issue=5 kv_dma_wait=9 kv_transform=97
FIG8_ATTENTION_EVENT_COUNT mode=scna-int8 qo_len=32 phase=measure iteration=19 events=16 max_events=24896 overflow=0
