alloc_shared_mem_buf: buf=0x79ff8ce000 fd=12 size=49152 flags=FASTRPC_MAP_FD
alloc_shared_mem_buf: buf=0x7763400000 fd=13 size=2097152 flags=FASTRPC_MAP_FD
alloc_shared_mem_buf: buf=0x7763200000 fd=14 size=2097152 flags=FASTRPC_MAP_FD
alloc_shared_mem_buf: buf=0x79ff8c2000 fd=15 size=49152 flags=FASTRPC_MAP_FD
alloc_shared_mem_buf: buf=0x79ff820000 fd=16 size=65536 flags=FASTRPC_MAP_FD
alloc_shared_mem_buf: buf=0x7763780000 fd=17 size=457088 flags=FASTRPC_MAP_FD
alloc_shared_mem_buf: buf=0x79ffb4b000 fd=18 size=4096 flags=FASTRPC_MAP_FD
No-op channel request completed
FIG8_ATTENTION_CONFIG mode=scna-fp16 scna_function=exp scna_kernel=direct scna_pipeline=on mask_mode=full qo_len=8 kv_len=4096 n_heads=12 n_kv_heads=2 head_dim=128 warmup=5 iters=20 scna_width=32 q_size=49152 kv_size=2097152 mask_size=65536 profile_size=457088 profile_max_records=10 profile_max_events=6320 mode_flags=2212 print_events=0
FIG8_ATTENTION_HOST_TIMING mode=scna-fp16 scna_function=exp scna_kernel=direct scna_pipeline=on scna_width=32 qo_len=8 kv_len=4096 n_heads=12 n_kv_heads=2 head_dim=128 phase=warmup iteration=0 host_elapsed_us=1522 ret=0
FIG8_ATTENTION_PROFILE_COUNT mode=scna-fp16 qo_len=8 phase=warmup iteration=0 records=2 max_records=10
FIG8_ATTENTION_TIMERS mode=scna-fp16 scna_function=1 scna_kernel=0 scna_pipeline=1 phase=warmup iteration=0 lut_exp=0 nonlinear_mode=1 scna_width=32 scna_exp=376 qo_len=8 kv_len=4096 n_heads=12 n_kv_heads=2 head_dim=128 kv_head=0 worker=0 profiled_total=585 q_load=3 k_load=71 v_load=65 qk_dot=4 safe_sm=429 core_acc=6 o_scale=2 o_store=5 kv_dma_issue=5 kv_dma_wait=29 kv_transform=97
FIG8_ATTENTION_TIMERS mode=scna-fp16 scna_function=1 scna_kernel=0 scna_pipeline=1 phase=warmup iteration=0 lut_exp=0 nonlinear_mode=1 scna_width=32 scna_exp=362 qo_len=8 kv_len=4096 n_heads=12 n_kv_heads=2 head_dim=128 kv_head=1 worker=0 profiled_total=556 q_load=1 k_load=71 v_load=65 qk_dot=4 safe_sm=408 core_acc=4 o_scale=1 o_store=2 kv_dma_issue=5 kv_dma_wait=31 kv_transform=96
FIG8_ATTENTION_EVENT_COUNT mode=scna-fp16 qo_len=8 phase=warmup iteration=0 events=16 max_events=6320 overflow=0
FIG8_ATTENTION_HOST_TIMING mode=scna-fp16 scna_function=exp scna_kernel=direct scna_pipeline=on scna_width=32 qo_len=8 kv_len=4096 n_heads=12 n_kv_heads=2 head_dim=128 phase=warmup iteration=1 host_elapsed_us=1349 ret=0
FIG8_ATTENTION_PROFILE_COUNT mode=scna-fp16 qo_len=8 phase=warmup iteration=1 records=2 max_records=10
FIG8_ATTENTION_TIMERS mode=scna-fp16 scna_function=1 scna_kernel=0 scna_pipeline=1 phase=warmup iteration=1 lut_exp=0 nonlinear_mode=1 scna_width=32 scna_exp=358 qo_len=8 kv_len=4096 n_heads=12 n_kv_heads=2 head_dim=128 kv_head=0 worker=0 profiled_total=557 q_load=2 k_load=71 v_load=64 qk_dot=4 safe_sm=409 core_acc=3 o_scale=1 o_store=3 kv_dma_issue=4 kv_dma_wait=30 kv_transform=96
FIG8_ATTENTION_TIMERS mode=scna-fp16 scna_function=1 scna_kernel=0 scna_pipeline=1 phase=warmup iteration=1 lut_exp=0 nonlinear_mode=1 scna_width=32 scna_exp=359 qo_len=8 kv_len=4096 n_heads=12 n_kv_heads=2 head_dim=128 kv_head=1 worker=0 profiled_total=547 q_load=2 k_load=72 v_load=65 qk_dot=3 safe_sm=399 core_acc=3 o_scale=1 o_store=2 kv_dma_issue=5 kv_dma_wait=31 kv_transform=97
FIG8_ATTENTION_EVENT_COUNT mode=scna-fp16 qo_len=8 phase=warmup iteration=1 events=16 max_events=6320 overflow=0
FIG8_ATTENTION_HOST_TIMING mode=scna-fp16 scna_function=exp scna_kernel=direct scna_pipeline=on scna_width=32 qo_len=8 kv_len=4096 n_heads=12 n_kv_heads=2 head_dim=128 phase=warmup iteration=2 host_elapsed_us=1382 ret=0
FIG8_ATTENTION_PROFILE_COUNT mode=scna-fp16 qo_len=8 phase=warmup iteration=2 records=2 max_records=10
FIG8_ATTENTION_TIMERS mode=scna-fp16 scna_function=1 scna_kernel=0 scna_pipeline=1 phase=warmup iteration=2 lut_exp=0 nonlinear_mode=1 scna_width=32 scna_exp=358 qo_len=8 kv_len=4096 n_heads=12 n_kv_heads=2 head_dim=128 kv_head=0 worker=0 profiled_total=551 q_load=2 k_load=69 v_load=64 qk_dot=4 safe_sm=407 core_acc=2 o_scale=1 o_store=2 kv_dma_issue=5 kv_dma_wait=29 kv_transform=96
FIG8_ATTENTION_TIMERS mode=scna-fp16 scna_function=1 scna_kernel=0 scna_pipeline=1 phase=warmup iteration=2 lut_exp=0 nonlinear_mode=1 scna_width=32 scna_exp=358 qo_len=8 kv_len=4096 n_heads=12 n_kv_heads=2 head_dim=128 kv_head=1 worker=0 profiled_total=550 q_load=2 k_load=69 v_load=67 qk_dot=4 safe_sm=401 core_acc=3 o_scale=1 o_store=3 kv_dma_issue=5 kv_dma_wait=31 kv_transform=96
FIG8_ATTENTION_EVENT_COUNT mode=scna-fp16 qo_len=8 phase=warmup iteration=2 events=16 max_events=6320 overflow=0
FIG8_ATTENTION_HOST_TIMING mode=scna-fp16 scna_function=exp scna_kernel=direct scna_pipeline=on scna_width=32 qo_len=8 kv_len=4096 n_heads=12 n_kv_heads=2 head_dim=128 phase=warmup iteration=3 host_elapsed_us=1365 ret=0
FIG8_ATTENTION_PROFILE_COUNT mode=scna-fp16 qo_len=8 phase=warmup iteration=3 records=2 max_records=10
FIG8_ATTENTION_TIMERS mode=scna-fp16 scna_function=1 scna_kernel=0 scna_pipeline=1 phase=warmup iteration=3 lut_exp=0 nonlinear_mode=1 scna_width=32 scna_exp=360 qo_len=8 kv_len=4096 n_heads=12 n_kv_heads=2 head_dim=128 kv_head=0 worker=0 profiled_total=553 q_load=2 k_load=69 v_load=63 qk_dot=4 safe_sm=410 core_acc=2 o_scale=1 o_store=2 kv_dma_issue=5 kv_dma_wait=27 kv_transform=96
FIG8_ATTENTION_TIMERS mode=scna-fp16 scna_function=1 scna_kernel=0 scna_pipeline=1 phase=warmup iteration=3 lut_exp=0 nonlinear_mode=1 scna_width=32 scna_exp=357 qo_len=8 kv_len=4096 n_heads=12 n_kv_heads=2 head_dim=128 kv_head=1 worker=0 profiled_total=540 q_load=2 k_load=71 v_load=61 qk_dot=3 safe_sm=398 core_acc=2 o_scale=1 o_store=2 kv_dma_issue=4 kv_dma_wait=28 kv_transform=96
FIG8_ATTENTION_EVENT_COUNT mode=scna-fp16 qo_len=8 phase=warmup iteration=3 events=16 max_events=6320 overflow=0
FIG8_ATTENTION_HOST_TIMING mode=scna-fp16 scna_function=exp scna_kernel=direct scna_pipeline=on scna_width=32 qo_len=8 kv_len=4096 n_heads=12 n_kv_heads=2 head_dim=128 phase=warmup iteration=4 host_elapsed_us=1395 ret=0
FIG8_ATTENTION_PROFILE_COUNT mode=scna-fp16 qo_len=8 phase=warmup iteration=4 records=2 max_records=10
FIG8_ATTENTION_TIMERS mode=scna-fp16 scna_function=1 scna_kernel=0 scna_pipeline=1 phase=warmup iteration=4 lut_exp=0 nonlinear_mode=1 scna_width=32 scna_exp=359 qo_len=8 kv_len=4096 n_heads=12 n_kv_heads=2 head_dim=128 kv_head=0 worker=0 profiled_total=552 q_load=2 k_load=69 v_load=64 qk_dot=4 safe_sm=408 core_acc=2 o_scale=1 o_store=2 kv_dma_issue=5 kv_dma_wait=29 kv_transform=96
FIG8_ATTENTION_TIMERS mode=scna-fp16 scna_function=1 scna_kernel=0 scna_pipeline=1 phase=warmup iteration=4 lut_exp=0 nonlinear_mode=1 scna_width=32 scna_exp=358 qo_len=8 kv_len=4096 n_heads=12 n_kv_heads=2 head_dim=128 kv_head=1 worker=0 profiled_total=539 q_load=2 k_load=72 v_load=60 qk_dot=3 safe_sm=396 core_acc=2 o_scale=1 o_store=3 kv_dma_issue=5 kv_dma_wait=27 kv_transform=96
FIG8_ATTENTION_EVENT_COUNT mode=scna-fp16 qo_len=8 phase=warmup iteration=4 events=16 max_events=6320 overflow=0
FIG8_ATTENTION_HOST_TIMING mode=scna-fp16 scna_function=exp scna_kernel=direct scna_pipeline=on scna_width=32 qo_len=8 kv_len=4096 n_heads=12 n_kv_heads=2 head_dim=128 phase=measure iteration=0 host_elapsed_us=1269 ret=0
FIG8_ATTENTION_PROFILE_COUNT mode=scna-fp16 qo_len=8 phase=measure iteration=0 records=2 max_records=10
FIG8_ATTENTION_TIMERS mode=scna-fp16 scna_function=1 scna_kernel=0 scna_pipeline=1 phase=measure iteration=0 lut_exp=0 nonlinear_mode=1 scna_width=32 scna_exp=359 qo_len=8 kv_len=4096 n_heads=12 n_kv_heads=2 head_dim=128 kv_head=0 worker=0 profiled_total=543 q_load=2 k_load=68 v_load=58 qk_dot=4 safe_sm=406 core_acc=2 o_scale=1 o_store=2 kv_dma_issue=4 kv_dma_wait=22 kv_transform=97
FIG8_ATTENTION_TIMERS mode=scna-fp16 scna_function=1 scna_kernel=0 scna_pipeline=1 phase=measure iteration=0 lut_exp=0 nonlinear_mode=1 scna_width=32 scna_exp=358 qo_len=8 kv_len=4096 n_heads=12 n_kv_heads=2 head_dim=128 kv_head=1 worker=0 profiled_total=532 q_load=2 k_load=68 v_load=59 qk_dot=3 safe_sm=395 core_acc=2 o_scale=1 o_store=2 kv_dma_issue=5 kv_dma_wait=22 kv_transform=97
FIG8_ATTENTION_EVENT_COUNT mode=scna-fp16 qo_len=8 phase=measure iteration=0 events=16 max_events=6320 overflow=0
FIG8_ATTENTION_HOST_TIMING mode=scna-fp16 scna_function=exp scna_kernel=direct scna_pipeline=on scna_width=32 qo_len=8 kv_len=4096 n_heads=12 n_kv_heads=2 head_dim=128 phase=measure iteration=1 host_elapsed_us=1354 ret=0
FIG8_ATTENTION_PROFILE_COUNT mode=scna-fp16 qo_len=8 phase=measure iteration=1 records=2 max_records=10
FIG8_ATTENTION_TIMERS mode=scna-fp16 scna_function=1 scna_kernel=0 scna_pipeline=1 phase=measure iteration=1 lut_exp=0 nonlinear_mode=1 scna_width=32 scna_exp=359 qo_len=8 kv_len=4096 n_heads=12 n_kv_heads=2 head_dim=128 kv_head=0 worker=0 profiled_total=541 q_load=2 k_load=68 v_load=58 qk_dot=4 safe_sm=404 core_acc=2 o_scale=1 o_store=2 kv_dma_issue=4 kv_dma_wait=21 kv_transform=96
FIG8_ATTENTION_TIMERS mode=scna-fp16 scna_function=1 scna_kernel=0 scna_pipeline=1 phase=measure iteration=1 lut_exp=0 nonlinear_mode=1 scna_width=32 scna_exp=358 qo_len=8 kv_len=4096 n_heads=12 n_kv_heads=2 head_dim=128 kv_head=1 worker=0 profiled_total=534 q_load=2 k_load=68 v_load=60 qk_dot=3 safe_sm=395 core_acc=2 o_scale=1 o_store=3 kv_dma_issue=4 kv_dma_wait=22 kv_transform=97
FIG8_ATTENTION_EVENT_COUNT mode=scna-fp16 qo_len=8 phase=measure iteration=1 events=16 max_events=6320 overflow=0
FIG8_ATTENTION_HOST_TIMING mode=scna-fp16 scna_function=exp scna_kernel=direct scna_pipeline=on scna_width=32 qo_len=8 kv_len=4096 n_heads=12 n_kv_heads=2 head_dim=128 phase=measure iteration=2 host_elapsed_us=1310 ret=0
FIG8_ATTENTION_PROFILE_COUNT mode=scna-fp16 qo_len=8 phase=measure iteration=2 records=2 max_records=10
FIG8_ATTENTION_TIMERS mode=scna-fp16 scna_function=1 scna_kernel=0 scna_pipeline=1 phase=measure iteration=2 lut_exp=0 nonlinear_mode=1 scna_width=32 scna_exp=359 qo_len=8 kv_len=4096 n_heads=12 n_kv_heads=2 head_dim=128 kv_head=0 worker=0 profiled_total=544 q_load=2 k_load=68 v_load=58 qk_dot=4 safe_sm=407 core_acc=2 o_scale=1 o_store=2 kv_dma_issue=5 kv_dma_wait=22 kv_transform=96
FIG8_ATTENTION_TIMERS mode=scna-fp16 scna_function=1 scna_kernel=0 scna_pipeline=1 phase=measure iteration=2 lut_exp=0 nonlinear_mode=1 scna_width=32 scna_exp=358 qo_len=8 kv_len=4096 n_heads=12 n_kv_heads=2 head_dim=128 kv_head=1 worker=0 profiled_total=532 q_load=2 k_load=68 v_load=58 qk_dot=3 safe_sm=395 core_acc=2 o_scale=1 o_store=3 kv_dma_issue=4 kv_dma_wait=21 kv_transform=96
FIG8_ATTENTION_EVENT_COUNT mode=scna-fp16 qo_len=8 phase=measure iteration=2 events=16 max_events=6320 overflow=0
FIG8_ATTENTION_HOST_TIMING mode=scna-fp16 scna_function=exp scna_kernel=direct scna_pipeline=on scna_width=32 qo_len=8 kv_len=4096 n_heads=12 n_kv_heads=2 head_dim=128 phase=measure iteration=3 host_elapsed_us=1377 ret=0
FIG8_ATTENTION_PROFILE_COUNT mode=scna-fp16 qo_len=8 phase=measure iteration=3 records=2 max_records=10
FIG8_ATTENTION_TIMERS mode=scna-fp16 scna_function=1 scna_kernel=0 scna_pipeline=1 phase=measure iteration=3 lut_exp=0 nonlinear_mode=1 scna_width=32 scna_exp=359 qo_len=8 kv_len=4096 n_heads=12 n_kv_heads=2 head_dim=128 kv_head=0 worker=0 profiled_total=542 q_load=2 k_load=67 v_load=57 qk_dot=4 safe_sm=407 core_acc=2 o_scale=1 o_store=2 kv_dma_issue=4 kv_dma_wait=20 kv_transform=96
FIG8_ATTENTION_TIMERS mode=scna-fp16 scna_function=1 scna_kernel=0 scna_pipeline=1 phase=measure iteration=3 lut_exp=0 nonlinear_mode=1 scna_width=32 scna_exp=358 qo_len=8 kv_len=4096 n_heads=12 n_kv_heads=2 head_dim=128 kv_head=1 worker=0 profiled_total=544 q_load=2 k_load=71 v_load=61 qk_dot=3 safe_sm=401 core_acc=2 o_scale=1 o_store=3 kv_dma_issue=4 kv_dma_wait=26 kv_transform=96
FIG8_ATTENTION_EVENT_COUNT mode=scna-fp16 qo_len=8 phase=measure iteration=3 events=16 max_events=6320 overflow=0
FIG8_ATTENTION_HOST_TIMING mode=scna-fp16 scna_function=exp scna_kernel=direct scna_pipeline=on scna_width=32 qo_len=8 kv_len=4096 n_heads=12 n_kv_heads=2 head_dim=128 phase=measure iteration=4 host_elapsed_us=1363 ret=0
FIG8_ATTENTION_PROFILE_COUNT mode=scna-fp16 qo_len=8 phase=measure iteration=4 records=2 max_records=10
FIG8_ATTENTION_TIMERS mode=scna-fp16 scna_function=1 scna_kernel=0 scna_pipeline=1 phase=measure iteration=4 lut_exp=0 nonlinear_mode=1 scna_width=32 scna_exp=359 qo_len=8 kv_len=4096 n_heads=12 n_kv_heads=2 head_dim=128 kv_head=0 worker=0 profiled_total=543 q_load=2 k_load=67 v_load=60 qk_dot=4 safe_sm=405 core_acc=2 o_scale=1 o_store=2 kv_dma_issue=4 kv_dma_wait=23 kv_transform=96
FIG8_ATTENTION_TIMERS mode=scna-fp16 scna_function=1 scna_kernel=0 scna_pipeline=1 phase=measure iteration=4 lut_exp=0 nonlinear_mode=1 scna_width=32 scna_exp=358 qo_len=8 kv_len=4096 n_heads=12 n_kv_heads=2 head_dim=128 kv_head=1 worker=0 profiled_total=532 q_load=2 k_load=69 v_load=57 qk_dot=3 safe_sm=395 core_acc=2 o_scale=1 o_store=3 kv_dma_issue=5 kv_dma_wait=21 kv_transform=96
FIG8_ATTENTION_EVENT_COUNT mode=scna-fp16 qo_len=8 phase=measure iteration=4 events=16 max_events=6320 overflow=0
FIG8_ATTENTION_HOST_TIMING mode=scna-fp16 scna_function=exp scna_kernel=direct scna_pipeline=on scna_width=32 qo_len=8 kv_len=4096 n_heads=12 n_kv_heads=2 head_dim=128 phase=measure iteration=5 host_elapsed_us=1353 ret=0
FIG8_ATTENTION_PROFILE_COUNT mode=scna-fp16 qo_len=8 phase=measure iteration=5 records=2 max_records=10
FIG8_ATTENTION_TIMERS mode=scna-fp16 scna_function=1 scna_kernel=0 scna_pipeline=1 phase=measure iteration=5 lut_exp=0 nonlinear_mode=1 scna_width=32 scna_exp=359 qo_len=8 kv_len=4096 n_heads=12 n_kv_heads=2 head_dim=128 kv_head=0 worker=0 profiled_total=538 q_load=2 k_load=67 v_load=55 qk_dot=4 safe_sm=405 core_acc=2 o_scale=1 o_store=2 kv_dma_issue=4 kv_dma_wait=18 kv_transform=96
FIG8_ATTENTION_TIMERS mode=scna-fp16 scna_function=1 scna_kernel=0 scna_pipeline=1 phase=measure iteration=5 lut_exp=0 nonlinear_mode=1 scna_width=32 scna_exp=357 qo_len=8 kv_len=4096 n_heads=12 n_kv_heads=2 head_dim=128 kv_head=1 worker=0 profiled_total=536 q_load=2 k_load=66 v_load=61 qk_dot=3 safe_sm=398 core_acc=2 o_scale=1 o_store=3 kv_dma_issue=4 kv_dma_wait=22 kv_transform=97
FIG8_ATTENTION_EVENT_COUNT mode=scna-fp16 qo_len=8 phase=measure iteration=5 events=16 max_events=6320 overflow=0
FIG8_ATTENTION_HOST_TIMING mode=scna-fp16 scna_function=exp scna_kernel=direct scna_pipeline=on scna_width=32 qo_len=8 kv_len=4096 n_heads=12 n_kv_heads=2 head_dim=128 phase=measure iteration=6 host_elapsed_us=1377 ret=0
FIG8_ATTENTION_PROFILE_COUNT mode=scna-fp16 qo_len=8 phase=measure iteration=6 records=2 max_records=10
FIG8_ATTENTION_TIMERS mode=scna-fp16 scna_function=1 scna_kernel=0 scna_pipeline=1 phase=measure iteration=6 lut_exp=0 nonlinear_mode=1 scna_width=32 scna_exp=358 qo_len=8 kv_len=4096 n_heads=12 n_kv_heads=2 head_dim=128 kv_head=0 worker=0 profiled_total=539 q_load=2 k_load=66 v_load=58 qk_dot=4 safe_sm=404 core_acc=2 o_scale=1 o_store=2 kv_dma_issue=4 kv_dma_wait=21 kv_transform=96
FIG8_ATTENTION_TIMERS mode=scna-fp16 scna_function=1 scna_kernel=0 scna_pipeline=1 phase=measure iteration=6 lut_exp=0 nonlinear_mode=1 scna_width=32 scna_exp=358 qo_len=8 kv_len=4096 n_heads=12 n_kv_heads=2 head_dim=128 kv_head=1 worker=0 profiled_total=535 q_load=2 k_load=67 v_load=58 qk_dot=3 safe_sm=399 core_acc=2 o_scale=1 o_store=3 kv_dma_issue=4 kv_dma_wait=20 kv_transform=96
FIG8_ATTENTION_EVENT_COUNT mode=scna-fp16 qo_len=8 phase=measure iteration=6 events=16 max_events=6320 overflow=0
FIG8_ATTENTION_HOST_TIMING mode=scna-fp16 scna_function=exp scna_kernel=direct scna_pipeline=on scna_width=32 qo_len=8 kv_len=4096 n_heads=12 n_kv_heads=2 head_dim=128 phase=measure iteration=7 host_elapsed_us=1318 ret=0
FIG8_ATTENTION_PROFILE_COUNT mode=scna-fp16 qo_len=8 phase=measure iteration=7 records=2 max_records=10
FIG8_ATTENTION_TIMERS mode=scna-fp16 scna_function=1 scna_kernel=0 scna_pipeline=1 phase=measure iteration=7 lut_exp=0 nonlinear_mode=1 scna_width=32 scna_exp=359 qo_len=8 kv_len=4096 n_heads=12 n_kv_heads=2 head_dim=128 kv_head=0 worker=0 profiled_total=537 q_load=2 k_load=67 v_load=55 qk_dot=4 safe_sm=404 core_acc=2 o_scale=1 o_store=2 kv_dma_issue=4 kv_dma_wait=18 kv_transform=96
FIG8_ATTENTION_TIMERS mode=scna-fp16 scna_function=1 scna_kernel=0 scna_pipeline=1 phase=measure iteration=7 lut_exp=0 nonlinear_mode=1 scna_width=32 scna_exp=357 qo_len=8 kv_len=4096 n_heads=12 n_kv_heads=2 head_dim=128 kv_head=1 worker=0 profiled_total=532 q_load=2 k_load=66 v_load=57 qk_dot=3 safe_sm=399 core_acc=2 o_scale=1 o_store=2 kv_dma_issue=4 kv_dma_wait=19 kv_transform=96
FIG8_ATTENTION_EVENT_COUNT mode=scna-fp16 qo_len=8 phase=measure iteration=7 events=16 max_events=6320 overflow=0
FIG8_ATTENTION_HOST_TIMING mode=scna-fp16 scna_function=exp scna_kernel=direct scna_pipeline=on scna_width=32 qo_len=8 kv_len=4096 n_heads=12 n_kv_heads=2 head_dim=128 phase=measure iteration=8 host_elapsed_us=1320 ret=0
FIG8_ATTENTION_PROFILE_COUNT mode=scna-fp16 qo_len=8 phase=measure iteration=8 records=2 max_records=10
FIG8_ATTENTION_TIMERS mode=scna-fp16 scna_function=1 scna_kernel=0 scna_pipeline=1 phase=measure iteration=8 lut_exp=0 nonlinear_mode=1 scna_width=32 scna_exp=358 qo_len=8 kv_len=4096 n_heads=12 n_kv_heads=2 head_dim=128 kv_head=0 worker=0 profiled_total=539 q_load=2 k_load=66 v_load=59 qk_dot=4 safe_sm=403 core_acc=2 o_scale=1 o_store=2 kv_dma_issue=4 kv_dma_wait=21 kv_transform=96
FIG8_ATTENTION_TIMERS mode=scna-fp16 scna_function=1 scna_kernel=0 scna_pipeline=1 phase=measure iteration=8 lut_exp=0 nonlinear_mode=1 scna_width=32 scna_exp=358 qo_len=8 kv_len=4096 n_heads=12 n_kv_heads=2 head_dim=128 kv_head=1 worker=0 profiled_total=533 q_load=2 k_load=67 v_load=58 qk_dot=3 safe_sm=397 core_acc=2 o_scale=1 o_store=3 kv_dma_issue=5 kv_dma_wait=19 kv_transform=96
FIG8_ATTENTION_EVENT_COUNT mode=scna-fp16 qo_len=8 phase=measure iteration=8 events=16 max_events=6320 overflow=0
FIG8_ATTENTION_HOST_TIMING mode=scna-fp16 scna_function=exp scna_kernel=direct scna_pipeline=on scna_width=32 qo_len=8 kv_len=4096 n_heads=12 n_kv_heads=2 head_dim=128 phase=measure iteration=9 host_elapsed_us=1373 ret=0
FIG8_ATTENTION_PROFILE_COUNT mode=scna-fp16 qo_len=8 phase=measure iteration=9 records=2 max_records=10
FIG8_ATTENTION_TIMERS mode=scna-fp16 scna_function=1 scna_kernel=0 scna_pipeline=1 phase=measure iteration=9 lut_exp=0 nonlinear_mode=1 scna_width=32 scna_exp=359 qo_len=8 kv_len=4096 n_heads=12 n_kv_heads=2 head_dim=128 kv_head=0 worker=0 profiled_total=536 q_load=2 k_load=66 v_load=55 qk_dot=4 safe_sm=404 core_acc=2 o_scale=1 o_store=2 kv_dma_issue=5 kv_dma_wait=17 kv_transform=96
FIG8_ATTENTION_TIMERS mode=scna-fp16 scna_function=1 scna_kernel=0 scna_pipeline=1 phase=measure iteration=9 lut_exp=0 nonlinear_mode=1 scna_width=32 scna_exp=357 qo_len=8 kv_len=4096 n_heads=12 n_kv_heads=2 head_dim=128 kv_head=1 worker=0 profiled_total=538 q_load=2 k_load=69 v_load=59 qk_dot=3 safe_sm=399 core_acc=2 o_scale=1 o_store=3 kv_dma_issue=5 kv_dma_wait=23 kv_transform=97
FIG8_ATTENTION_EVENT_COUNT mode=scna-fp16 qo_len=8 phase=measure iteration=9 events=16 max_events=6320 overflow=0
FIG8_ATTENTION_HOST_TIMING mode=scna-fp16 scna_function=exp scna_kernel=direct scna_pipeline=on scna_width=32 qo_len=8 kv_len=4096 n_heads=12 n_kv_heads=2 head_dim=128 phase=measure iteration=10 host_elapsed_us=1364 ret=0
FIG8_ATTENTION_PROFILE_COUNT mode=scna-fp16 qo_len=8 phase=measure iteration=10 records=2 max_records=10
FIG8_ATTENTION_TIMERS mode=scna-fp16 scna_function=1 scna_kernel=0 scna_pipeline=1 phase=measure iteration=10 lut_exp=0 nonlinear_mode=1 scna_width=32 scna_exp=358 qo_len=8 kv_len=4096 n_heads=12 n_kv_heads=2 head_dim=128 kv_head=0 worker=0 profiled_total=538 q_load=2 k_load=66 v_load=57 qk_dot=4 safe_sm=404 core_acc=2 o_scale=1 o_store=2 kv_dma_issue=4 kv_dma_wait=19 kv_transform=96
FIG8_ATTENTION_TIMERS mode=scna-fp16 scna_function=1 scna_kernel=0 scna_pipeline=1 phase=measure iteration=10 lut_exp=0 nonlinear_mode=1 scna_width=32 scna_exp=358 qo_len=8 kv_len=4096 n_heads=12 n_kv_heads=2 head_dim=128 kv_head=1 worker=0 profiled_total=536 q_load=2 k_load=67 v_load=60 qk_dot=3 safe_sm=398 core_acc=2 o_scale=1 o_store=3 kv_dma_issue=5 kv_dma_wait=22 kv_transform=96
FIG8_ATTENTION_EVENT_COUNT mode=scna-fp16 qo_len=8 phase=measure iteration=10 events=16 max_events=6320 overflow=0
FIG8_ATTENTION_HOST_TIMING mode=scna-fp16 scna_function=exp scna_kernel=direct scna_pipeline=on scna_width=32 qo_len=8 kv_len=4096 n_heads=12 n_kv_heads=2 head_dim=128 phase=measure iteration=11 host_elapsed_us=1353 ret=0
FIG8_ATTENTION_PROFILE_COUNT mode=scna-fp16 qo_len=8 phase=measure iteration=11 records=2 max_records=10
FIG8_ATTENTION_TIMERS mode=scna-fp16 scna_function=1 scna_kernel=0 scna_pipeline=1 phase=measure iteration=11 lut_exp=0 nonlinear_mode=1 scna_width=32 scna_exp=358 qo_len=8 kv_len=4096 n_heads=12 n_kv_heads=2 head_dim=128 kv_head=0 worker=0 profiled_total=536 q_load=2 k_load=66 v_load=56 qk_dot=4 safe_sm=403 core_acc=2 o_scale=1 o_store=2 kv_dma_issue=4 kv_dma_wait=19 kv_transform=96
FIG8_ATTENTION_TIMERS mode=scna-fp16 scna_function=1 scna_kernel=0 scna_pipeline=1 phase=measure iteration=11 lut_exp=0 nonlinear_mode=1 scna_width=32 scna_exp=358 qo_len=8 kv_len=4096 n_heads=12 n_kv_heads=2 head_dim=128 kv_head=1 worker=0 profiled_total=530 q_load=2 k_load=67 v_load=55 qk_dot=3 safe_sm=397 core_acc=2 o_scale=1 o_store=3 kv_dma_issue=4 kv_dma_wait=17 kv_transform=96
FIG8_ATTENTION_EVENT_COUNT mode=scna-fp16 qo_len=8 phase=measure iteration=11 events=16 max_events=6320 overflow=0
FIG8_ATTENTION_HOST_TIMING mode=scna-fp16 scna_function=exp scna_kernel=direct scna_pipeline=on scna_width=32 qo_len=8 kv_len=4096 n_heads=12 n_kv_heads=2 head_dim=128 phase=measure iteration=12 host_elapsed_us=1328 ret=0
FIG8_ATTENTION_PROFILE_COUNT mode=scna-fp16 qo_len=8 phase=measure iteration=12 records=2 max_records=10
FIG8_ATTENTION_TIMERS mode=scna-fp16 scna_function=1 scna_kernel=0 scna_pipeline=1 phase=measure iteration=12 lut_exp=0 nonlinear_mode=1 scna_width=32 scna_exp=358 qo_len=8 kv_len=4096 n_heads=12 n_kv_heads=2 head_dim=128 kv_head=0 worker=0 profiled_total=541 q_load=2 k_load=68 v_load=59 qk_dot=4 safe_sm=403 core_acc=2 o_scale=1 o_store=2 kv_dma_issue=5 kv_dma_wait=23 kv_transform=96
FIG8_ATTENTION_TIMERS mode=scna-fp16 scna_function=1 scna_kernel=0 scna_pipeline=1 phase=measure iteration=12 lut_exp=0 nonlinear_mode=1 scna_width=32 scna_exp=358 qo_len=8 kv_len=4096 n_heads=12 n_kv_heads=2 head_dim=128 kv_head=1 worker=0 profiled_total=534 q_load=2 k_load=67 v_load=59 qk_dot=3 safe_sm=398 core_acc=2 o_scale=1 o_store=2 kv_dma_issue=5 kv_dma_wait=21 kv_transform=97
FIG8_ATTENTION_EVENT_COUNT mode=scna-fp16 qo_len=8 phase=measure iteration=12 events=16 max_events=6320 overflow=0
FIG8_ATTENTION_HOST_TIMING mode=scna-fp16 scna_function=exp scna_kernel=direct scna_pipeline=on scna_width=32 qo_len=8 kv_len=4096 n_heads=12 n_kv_heads=2 head_dim=128 phase=measure iteration=13 host_elapsed_us=1355 ret=0
FIG8_ATTENTION_PROFILE_COUNT mode=scna-fp16 qo_len=8 phase=measure iteration=13 records=2 max_records=10
FIG8_ATTENTION_TIMERS mode=scna-fp16 scna_function=1 scna_kernel=0 scna_pipeline=1 phase=measure iteration=13 lut_exp=0 nonlinear_mode=1 scna_width=32 scna_exp=358 qo_len=8 kv_len=4096 n_heads=12 n_kv_heads=2 head_dim=128 kv_head=0 worker=0 profiled_total=553 q_load=2 k_load=72 v_load=66 qk_dot=4 safe_sm=404 core_acc=2 o_scale=1 o_store=2 kv_dma_issue=5 kv_dma_wait=34 kv_transform=96
FIG8_ATTENTION_TIMERS mode=scna-fp16 scna_function=1 scna_kernel=0 scna_pipeline=1 phase=measure iteration=13 lut_exp=0 nonlinear_mode=1 scna_width=32 scna_exp=357 qo_len=8 kv_len=4096 n_heads=12 n_kv_heads=2 head_dim=128 kv_head=1 worker=0 profiled_total=543 q_load=2 k_load=71 v_load=63 qk_dot=3 safe_sm=398 core_acc=2 o_scale=1 o_store=3 kv_dma_issue=4 kv_dma_wait=28 kv_transform=97
FIG8_ATTENTION_EVENT_COUNT mode=scna-fp16 qo_len=8 phase=measure iteration=13 events=16 max_events=6320 overflow=0
FIG8_ATTENTION_HOST_TIMING mode=scna-fp16 scna_function=exp scna_kernel=direct scna_pipeline=on scna_width=32 qo_len=8 kv_len=4096 n_heads=12 n_kv_heads=2 head_dim=128 phase=measure iteration=14 host_elapsed_us=1333 ret=0
FIG8_ATTENTION_PROFILE_COUNT mode=scna-fp16 qo_len=8 phase=measure iteration=14 records=2 max_records=10
FIG8_ATTENTION_TIMERS mode=scna-fp16 scna_function=1 scna_kernel=0 scna_pipeline=1 phase=measure iteration=14 lut_exp=0 nonlinear_mode=1 scna_width=32 scna_exp=359 qo_len=8 kv_len=4096 n_heads=12 n_kv_heads=2 head_dim=128 kv_head=0 worker=0 profiled_total=551 q_load=2 k_load=71 v_load=63 qk_dot=4 safe_sm=406 core_acc=2 o_scale=1 o_store=2 kv_dma_issue=4 kv_dma_wait=29 kv_transform=96
FIG8_ATTENTION_TIMERS mode=scna-fp16 scna_function=1 scna_kernel=0 scna_pipeline=1 phase=measure iteration=14 lut_exp=0 nonlinear_mode=1 scna_width=32 scna_exp=358 qo_len=8 kv_len=4096 n_heads=12 n_kv_heads=2 head_dim=128 kv_head=1 worker=0 profiled_total=535 q_load=2 k_load=70 v_load=59 qk_dot=3 safe_sm=396 core_acc=2 o_scale=1 o_store=2 kv_dma_issue=4 kv_dma_wait=25 kv_transform=97
FIG8_ATTENTION_EVENT_COUNT mode=scna-fp16 qo_len=8 phase=measure iteration=14 events=16 max_events=6320 overflow=0
FIG8_ATTENTION_HOST_TIMING mode=scna-fp16 scna_function=exp scna_kernel=direct scna_pipeline=on scna_width=32 qo_len=8 kv_len=4096 n_heads=12 n_kv_heads=2 head_dim=128 phase=measure iteration=15 host_elapsed_us=1360 ret=0
FIG8_ATTENTION_PROFILE_COUNT mode=scna-fp16 qo_len=8 phase=measure iteration=15 records=2 max_records=10
FIG8_ATTENTION_TIMERS mode=scna-fp16 scna_function=1 scna_kernel=0 scna_pipeline=1 phase=measure iteration=15 lut_exp=0 nonlinear_mode=1 scna_width=32 scna_exp=359 qo_len=8 kv_len=4096 n_heads=12 n_kv_heads=2 head_dim=128 kv_head=0 worker=0 profiled_total=548 q_load=2 k_load=70 v_load=62 qk_dot=4 safe_sm=405 core_acc=2 o_scale=1 o_store=2 kv_dma_issue=5 kv_dma_wait=28 kv_transform=96
FIG8_ATTENTION_TIMERS mode=scna-fp16 scna_function=1 scna_kernel=0 scna_pipeline=1 phase=measure iteration=15 lut_exp=0 nonlinear_mode=1 scna_width=32 scna_exp=358 qo_len=8 kv_len=4096 n_heads=12 n_kv_heads=2 head_dim=128 kv_head=1 worker=0 profiled_total=542 q_load=2 k_load=70 v_load=65 qk_dot=3 safe_sm=396 core_acc=2 o_scale=1 o_store=3 kv_dma_issue=5 kv_dma_wait=30 kv_transform=97
FIG8_ATTENTION_EVENT_COUNT mode=scna-fp16 qo_len=8 phase=measure iteration=15 events=16 max_events=6320 overflow=0
FIG8_ATTENTION_HOST_TIMING mode=scna-fp16 scna_function=exp scna_kernel=direct scna_pipeline=on scna_width=32 qo_len=8 kv_len=4096 n_heads=12 n_kv_heads=2 head_dim=128 phase=measure iteration=16 host_elapsed_us=1384 ret=0
FIG8_ATTENTION_PROFILE_COUNT mode=scna-fp16 qo_len=8 phase=measure iteration=16 records=2 max_records=10
FIG8_ATTENTION_TIMERS mode=scna-fp16 scna_function=1 scna_kernel=0 scna_pipeline=1 phase=measure iteration=16 lut_exp=0 nonlinear_mode=1 scna_width=32 scna_exp=358 qo_len=8 kv_len=4096 n_heads=12 n_kv_heads=2 head_dim=128 kv_head=0 worker=0 profiled_total=542 q_load=2 k_load=70 v_load=57 qk_dot=4 safe_sm=404 core_acc=2 o_scale=1 o_store=2 kv_dma_issue=5 kv_dma_wait=23 kv_transform=96
FIG8_ATTENTION_TIMERS mode=scna-fp16 scna_function=1 scna_kernel=0 scna_pipeline=1 phase=measure iteration=16 lut_exp=0 nonlinear_mode=1 scna_width=32 scna_exp=358 qo_len=8 kv_len=4096 n_heads=12 n_kv_heads=2 head_dim=128 kv_head=1 worker=0 profiled_total=529 q_load=1 k_load=69 v_load=55 qk_dot=3 safe_sm=395 core_acc=2 o_scale=1 o_store=3 kv_dma_issue=4 kv_dma_wait=19 kv_transform=97
FIG8_ATTENTION_EVENT_COUNT mode=scna-fp16 qo_len=8 phase=measure iteration=16 events=16 max_events=6320 overflow=0
FIG8_ATTENTION_HOST_TIMING mode=scna-fp16 scna_function=exp scna_kernel=direct scna_pipeline=on scna_width=32 qo_len=8 kv_len=4096 n_heads=12 n_kv_heads=2 head_dim=128 phase=measure iteration=17 host_elapsed_us=1268 ret=0
FIG8_ATTENTION_PROFILE_COUNT mode=scna-fp16 qo_len=8 phase=measure iteration=17 records=2 max_records=10
FIG8_ATTENTION_TIMERS mode=scna-fp16 scna_function=1 scna_kernel=0 scna_pipeline=1 phase=measure iteration=17 lut_exp=0 nonlinear_mode=1 scna_width=32 scna_exp=359 qo_len=8 kv_len=4096 n_heads=12 n_kv_heads=2 head_dim=128 kv_head=0 worker=0 profiled_total=534 q_load=2 k_load=67 v_load=52 qk_dot=4 safe_sm=404 core_acc=2 o_scale=1 o_store=2 kv_dma_issue=5 kv_dma_wait=15 kv_transform=96
FIG8_ATTENTION_TIMERS mode=scna-fp16 scna_function=1 scna_kernel=0 scna_pipeline=1 phase=measure iteration=17 lut_exp=0 nonlinear_mode=1 scna_width=32 scna_exp=358 qo_len=8 kv_len=4096 n_heads=12 n_kv_heads=2 head_dim=128 kv_head=1 worker=0 profiled_total=524 q_load=2 k_load=66 v_load=53 qk_dot=3 safe_sm=394 core_acc=2 o_scale=1 o_store=3 kv_dma_issue=4 kv_dma_wait=14 kv_transform=96
FIG8_ATTENTION_EVENT_COUNT mode=scna-fp16 qo_len=8 phase=measure iteration=17 events=16 max_events=6320 overflow=0
FIG8_ATTENTION_HOST_TIMING mode=scna-fp16 scna_function=exp scna_kernel=direct scna_pipeline=on scna_width=32 qo_len=8 kv_len=4096 n_heads=12 n_kv_heads=2 head_dim=128 phase=measure iteration=18 host_elapsed_us=1328 ret=0
FIG8_ATTENTION_PROFILE_COUNT mode=scna-fp16 qo_len=8 phase=measure iteration=18 records=2 max_records=10
FIG8_ATTENTION_TIMERS mode=scna-fp16 scna_function=1 scna_kernel=0 scna_pipeline=1 phase=measure iteration=18 lut_exp=0 nonlinear_mode=1 scna_width=32 scna_exp=359 qo_len=8 kv_len=4096 n_heads=12 n_kv_heads=2 head_dim=128 kv_head=0 worker=0 profiled_total=535 q_load=2 k_load=66 v_load=56 qk_dot=4 safe_sm=402 core_acc=2 o_scale=1 o_store=2 kv_dma_issue=5 kv_dma_wait=18 kv_transform=97
FIG8_ATTENTION_TIMERS mode=scna-fp16 scna_function=1 scna_kernel=0 scna_pipeline=1 phase=measure iteration=18 lut_exp=0 nonlinear_mode=1 scna_width=32 scna_exp=358 qo_len=8 kv_len=4096 n_heads=12 n_kv_heads=2 head_dim=128 kv_head=1 worker=0 profiled_total=527 q_load=2 k_load=66 v_load=55 qk_dot=3 safe_sm=395 core_acc=2 o_scale=1 o_store=3 kv_dma_issue=5 kv_dma_wait=17 kv_transform=97
FIG8_ATTENTION_EVENT_COUNT mode=scna-fp16 qo_len=8 phase=measure iteration=18 events=16 max_events=6320 overflow=0
FIG8_ATTENTION_HOST_TIMING mode=scna-fp16 scna_function=exp scna_kernel=direct scna_pipeline=on scna_width=32 qo_len=8 kv_len=4096 n_heads=12 n_kv_heads=2 head_dim=128 phase=measure iteration=19 host_elapsed_us=1250 ret=0
FIG8_ATTENTION_PROFILE_COUNT mode=scna-fp16 qo_len=8 phase=measure iteration=19 records=2 max_records=10
FIG8_ATTENTION_TIMERS mode=scna-fp16 scna_function=1 scna_kernel=0 scna_pipeline=1 phase=measure iteration=19 lut_exp=0 nonlinear_mode=1 scna_width=32 scna_exp=358 qo_len=8 kv_len=4096 n_heads=12 n_kv_heads=2 head_dim=128 kv_head=0 worker=0 profiled_total=530 q_load=2 k_load=66 v_load=51 qk_dot=4 safe_sm=402 core_acc=2 o_scale=1 o_store=2 kv_dma_issue=5 kv_dma_wait=13 kv_transform=96
FIG8_ATTENTION_TIMERS mode=scna-fp16 scna_function=1 scna_kernel=0 scna_pipeline=1 phase=measure iteration=19 lut_exp=0 nonlinear_mode=1 scna_width=32 scna_exp=357 qo_len=8 kv_len=4096 n_heads=12 n_kv_heads=2 head_dim=128 kv_head=1 worker=0 profiled_total=526 q_load=2 k_load=66 v_load=55 qk_dot=3 safe_sm=394 core_acc=2 o_scale=1 o_store=3 kv_dma_issue=5 kv_dma_wait=17 kv_transform=96
FIG8_ATTENTION_EVENT_COUNT mode=scna-fp16 qo_len=8 phase=measure iteration=19 events=16 max_events=6320 overflow=0
