alloc_shared_mem_buf: buf=0x7a0dbae000 fd=12 size=24576 flags=FASTRPC_MAP_FD
alloc_shared_mem_buf: buf=0x7774200000 fd=13 size=2097152 flags=FASTRPC_MAP_FD
alloc_shared_mem_buf: buf=0x7774000000 fd=14 size=2097152 flags=FASTRPC_MAP_FD
alloc_shared_mem_buf: buf=0x7a0da72000 fd=15 size=24576 flags=FASTRPC_MAP_FD
alloc_shared_mem_buf: buf=0x7a0da4a000 fd=16 size=32768 flags=FASTRPC_MAP_FD
alloc_shared_mem_buf: buf=0x7a0c810000 fd=17 size=234240 flags=FASTRPC_MAP_FD
alloc_shared_mem_buf: buf=0x7a0dd2e000 fd=18 size=4096 flags=FASTRPC_MAP_FD
No-op channel request completed
FIG8_ATTENTION_CONFIG mode=scna-fp16 scna_function=exp scna_kernel=tree scna_pipeline=off mask_mode=full qo_len=4 kv_len=4096 n_heads=12 n_kv_heads=2 head_dim=128 warmup=5 iters=20 scna_width=8 q_size=24576 kv_size=2097152 mask_size=32768 profile_size=234240 profile_max_records=10 profile_max_events=3224 mode_flags=1172 print_events=0
FIG8_ATTENTION_HOST_TIMING mode=scna-fp16 scna_function=exp scna_kernel=tree scna_pipeline=off scna_width=8 qo_len=4 kv_len=4096 n_heads=12 n_kv_heads=2 head_dim=128 phase=warmup iteration=0 host_elapsed_us=1224 ret=0
FIG8_ATTENTION_PROFILE_COUNT mode=scna-fp16 qo_len=4 phase=warmup iteration=0 records=2 max_records=10
FIG8_ATTENTION_TIMERS mode=scna-fp16 scna_function=1 scna_kernel=1 scna_pipeline=0 phase=warmup iteration=0 lut_exp=0 nonlinear_mode=1 scna_width=8 scna_exp=81 qo_len=4 kv_len=4096 n_heads=12 n_kv_heads=2 head_dim=128 kv_head=0 worker=0 profiled_total=472 q_load=2 k_load=196 v_load=144 qk_dot=7 safe_sm=114 core_acc=3 o_scale=2 o_store=4 kv_dma_issue=0 kv_dma_wait=0 kv_transform=0
FIG8_ATTENTION_TIMERS mode=scna-fp16 scna_function=1 scna_kernel=1 scna_pipeline=0 phase=warmup iteration=0 lut_exp=0 nonlinear_mode=1 scna_width=8 scna_exp=81 qo_len=4 kv_len=4096 n_heads=12 n_kv_heads=2 head_dim=128 kv_head=1 worker=0 profiled_total=440 q_load=1 k_load=174 v_load=148 qk_dot=3 safe_sm=110 core_acc=1 o_scale=1 o_store=2 kv_dma_issue=0 kv_dma_wait=0 kv_transform=0
FIG8_ATTENTION_EVENT_COUNT mode=scna-fp16 qo_len=4 phase=warmup iteration=0 events=16 max_events=3224 overflow=0
FIG8_ATTENTION_HOST_TIMING mode=scna-fp16 scna_function=exp scna_kernel=tree scna_pipeline=off scna_width=8 qo_len=4 kv_len=4096 n_heads=12 n_kv_heads=2 head_dim=128 phase=warmup iteration=1 host_elapsed_us=1107 ret=0
FIG8_ATTENTION_PROFILE_COUNT mode=scna-fp16 qo_len=4 phase=warmup iteration=1 records=2 max_records=10
FIG8_ATTENTION_TIMERS mode=scna-fp16 scna_function=1 scna_kernel=1 scna_pipeline=0 phase=warmup iteration=1 lut_exp=0 nonlinear_mode=1 scna_width=8 scna_exp=73 qo_len=4 kv_len=4096 n_heads=12 n_kv_heads=2 head_dim=128 kv_head=0 worker=0 profiled_total=388 q_load=1 k_load=142 v_load=143 qk_dot=2 safe_sm=96 core_acc=2 o_scale=1 o_store=1 kv_dma_issue=0 kv_dma_wait=0 kv_transform=0
FIG8_ATTENTION_TIMERS mode=scna-fp16 scna_function=1 scna_kernel=1 scna_pipeline=0 phase=warmup iteration=1 lut_exp=0 nonlinear_mode=1 scna_width=8 scna_exp=72 qo_len=4 kv_len=4096 n_heads=12 n_kv_heads=2 head_dim=128 kv_head=1 worker=0 profiled_total=400 q_load=1 k_load=155 v_load=144 qk_dot=3 safe_sm=93 core_acc=1 o_scale=1 o_store=2 kv_dma_issue=0 kv_dma_wait=0 kv_transform=0
FIG8_ATTENTION_EVENT_COUNT mode=scna-fp16 qo_len=4 phase=warmup iteration=1 events=16 max_events=3224 overflow=0
FIG8_ATTENTION_HOST_TIMING mode=scna-fp16 scna_function=exp scna_kernel=tree scna_pipeline=off scna_width=8 qo_len=4 kv_len=4096 n_heads=12 n_kv_heads=2 head_dim=128 phase=warmup iteration=2 host_elapsed_us=1096 ret=0
FIG8_ATTENTION_PROFILE_COUNT mode=scna-fp16 qo_len=4 phase=warmup iteration=2 records=2 max_records=10
FIG8_ATTENTION_TIMERS mode=scna-fp16 scna_function=1 scna_kernel=1 scna_pipeline=0 phase=warmup iteration=2 lut_exp=0 nonlinear_mode=1 scna_width=8 scna_exp=72 qo_len=4 kv_len=4096 n_heads=12 n_kv_heads=2 head_dim=128 kv_head=0 worker=0 profiled_total=383 q_load=1 k_load=149 v_load=133 qk_dot=3 safe_sm=94 core_acc=1 o_scale=1 o_store=1 kv_dma_issue=0 kv_dma_wait=0 kv_transform=0
FIG8_ATTENTION_TIMERS mode=scna-fp16 scna_function=1 scna_kernel=1 scna_pipeline=0 phase=warmup iteration=2 lut_exp=0 nonlinear_mode=1 scna_width=8 scna_exp=72 qo_len=4 kv_len=4096 n_heads=12 n_kv_heads=2 head_dim=128 kv_head=1 worker=0 profiled_total=396 q_load=1 k_load=154 v_load=143 qk_dot=2 safe_sm=92 core_acc=1 o_scale=1 o_store=2 kv_dma_issue=0 kv_dma_wait=0 kv_transform=0
FIG8_ATTENTION_EVENT_COUNT mode=scna-fp16 qo_len=4 phase=warmup iteration=2 events=16 max_events=3224 overflow=0
FIG8_ATTENTION_HOST_TIMING mode=scna-fp16 scna_function=exp scna_kernel=tree scna_pipeline=off scna_width=8 qo_len=4 kv_len=4096 n_heads=12 n_kv_heads=2 head_dim=128 phase=warmup iteration=3 host_elapsed_us=1096 ret=0
FIG8_ATTENTION_PROFILE_COUNT mode=scna-fp16 qo_len=4 phase=warmup iteration=3 records=2 max_records=10
FIG8_ATTENTION_TIMERS mode=scna-fp16 scna_function=1 scna_kernel=1 scna_pipeline=0 phase=warmup iteration=3 lut_exp=0 nonlinear_mode=1 scna_width=8 scna_exp=72 qo_len=4 kv_len=4096 n_heads=12 n_kv_heads=2 head_dim=128 kv_head=0 worker=0 profiled_total=393 q_load=1 k_load=148 v_load=145 qk_dot=2 safe_sm=94 core_acc=1 o_scale=1 o_store=1 kv_dma_issue=0 kv_dma_wait=0 kv_transform=0
FIG8_ATTENTION_TIMERS mode=scna-fp16 scna_function=1 scna_kernel=1 scna_pipeline=0 phase=warmup iteration=3 lut_exp=0 nonlinear_mode=1 scna_width=8 scna_exp=72 qo_len=4 kv_len=4096 n_heads=12 n_kv_heads=2 head_dim=128 kv_head=1 worker=0 profiled_total=391 q_load=1 k_load=150 v_load=143 qk_dot=2 safe_sm=92 core_acc=1 o_scale=1 o_store=1 kv_dma_issue=0 kv_dma_wait=0 kv_transform=0
FIG8_ATTENTION_EVENT_COUNT mode=scna-fp16 qo_len=4 phase=warmup iteration=3 events=16 max_events=3224 overflow=0
FIG8_ATTENTION_HOST_TIMING mode=scna-fp16 scna_function=exp scna_kernel=tree scna_pipeline=off scna_width=8 qo_len=4 kv_len=4096 n_heads=12 n_kv_heads=2 head_dim=128 phase=warmup iteration=4 host_elapsed_us=1000 ret=0
FIG8_ATTENTION_PROFILE_COUNT mode=scna-fp16 qo_len=4 phase=warmup iteration=4 records=2 max_records=10
FIG8_ATTENTION_TIMERS mode=scna-fp16 scna_function=1 scna_kernel=1 scna_pipeline=0 phase=warmup iteration=4 lut_exp=0 nonlinear_mode=1 scna_width=8 scna_exp=72 qo_len=4 kv_len=4096 n_heads=12 n_kv_heads=2 head_dim=128 kv_head=0 worker=0 profiled_total=376 q_load=1 k_load=138 v_load=139 qk_dot=2 safe_sm=93 core_acc=1 o_scale=1 o_store=1 kv_dma_issue=0 kv_dma_wait=0 kv_transform=0
FIG8_ATTENTION_TIMERS mode=scna-fp16 scna_function=1 scna_kernel=1 scna_pipeline=0 phase=warmup iteration=4 lut_exp=0 nonlinear_mode=1 scna_width=8 scna_exp=72 qo_len=4 kv_len=4096 n_heads=12 n_kv_heads=2 head_dim=128 kv_head=1 worker=0 profiled_total=385 q_load=1 k_load=145 v_load=140 qk_dot=2 safe_sm=93 core_acc=1 o_scale=1 o_store=2 kv_dma_issue=0 kv_dma_wait=0 kv_transform=0
FIG8_ATTENTION_EVENT_COUNT mode=scna-fp16 qo_len=4 phase=warmup iteration=4 events=16 max_events=3224 overflow=0
FIG8_ATTENTION_HOST_TIMING mode=scna-fp16 scna_function=exp scna_kernel=tree scna_pipeline=off scna_width=8 qo_len=4 kv_len=4096 n_heads=12 n_kv_heads=2 head_dim=128 phase=measure iteration=0 host_elapsed_us=1107 ret=0
FIG8_ATTENTION_PROFILE_COUNT mode=scna-fp16 qo_len=4 phase=measure iteration=0 records=2 max_records=10
FIG8_ATTENTION_TIMERS mode=scna-fp16 scna_function=1 scna_kernel=1 scna_pipeline=0 phase=measure iteration=0 lut_exp=0 nonlinear_mode=1 scna_width=8 scna_exp=72 qo_len=4 kv_len=4096 n_heads=12 n_kv_heads=2 head_dim=128 kv_head=0 worker=0 profiled_total=380 q_load=1 k_load=139 v_load=140 qk_dot=3 safe_sm=94 core_acc=1 o_scale=1 o_store=1 kv_dma_issue=0 kv_dma_wait=0 kv_transform=0
FIG8_ATTENTION_TIMERS mode=scna-fp16 scna_function=1 scna_kernel=1 scna_pipeline=0 phase=measure iteration=0 lut_exp=0 nonlinear_mode=1 scna_width=8 scna_exp=72 qo_len=4 kv_len=4096 n_heads=12 n_kv_heads=2 head_dim=128 kv_head=1 worker=0 profiled_total=393 q_load=1 k_load=155 v_load=140 qk_dot=2 safe_sm=91 core_acc=1 o_scale=1 o_store=2 kv_dma_issue=0 kv_dma_wait=0 kv_transform=0
FIG8_ATTENTION_EVENT_COUNT mode=scna-fp16 qo_len=4 phase=measure iteration=0 events=16 max_events=3224 overflow=0
FIG8_ATTENTION_HOST_TIMING mode=scna-fp16 scna_function=exp scna_kernel=tree scna_pipeline=off scna_width=8 qo_len=4 kv_len=4096 n_heads=12 n_kv_heads=2 head_dim=128 phase=measure iteration=1 host_elapsed_us=1005 ret=0
FIG8_ATTENTION_PROFILE_COUNT mode=scna-fp16 qo_len=4 phase=measure iteration=1 records=2 max_records=10
FIG8_ATTENTION_TIMERS mode=scna-fp16 scna_function=1 scna_kernel=1 scna_pipeline=0 phase=measure iteration=1 lut_exp=0 nonlinear_mode=1 scna_width=8 scna_exp=72 qo_len=4 kv_len=4096 n_heads=12 n_kv_heads=2 head_dim=128 kv_head=0 worker=0 profiled_total=375 q_load=1 k_load=148 v_load=127 qk_dot=2 safe_sm=94 core_acc=1 o_scale=1 o_store=1 kv_dma_issue=0 kv_dma_wait=0 kv_transform=0
FIG8_ATTENTION_TIMERS mode=scna-fp16 scna_function=1 scna_kernel=1 scna_pipeline=0 phase=measure iteration=1 lut_exp=0 nonlinear_mode=1 scna_width=8 scna_exp=72 qo_len=4 kv_len=4096 n_heads=12 n_kv_heads=2 head_dim=128 kv_head=1 worker=0 profiled_total=390 q_load=1 k_load=158 v_load=131 qk_dot=2 safe_sm=95 core_acc=1 o_scale=1 o_store=1 kv_dma_issue=0 kv_dma_wait=0 kv_transform=0
FIG8_ATTENTION_EVENT_COUNT mode=scna-fp16 qo_len=4 phase=measure iteration=1 events=16 max_events=3224 overflow=0
FIG8_ATTENTION_HOST_TIMING mode=scna-fp16 scna_function=exp scna_kernel=tree scna_pipeline=off scna_width=8 qo_len=4 kv_len=4096 n_heads=12 n_kv_heads=2 head_dim=128 phase=measure iteration=2 host_elapsed_us=1003 ret=0
FIG8_ATTENTION_PROFILE_COUNT mode=scna-fp16 qo_len=4 phase=measure iteration=2 records=2 max_records=10
FIG8_ATTENTION_TIMERS mode=scna-fp16 scna_function=1 scna_kernel=1 scna_pipeline=0 phase=measure iteration=2 lut_exp=0 nonlinear_mode=1 scna_width=8 scna_exp=72 qo_len=4 kv_len=4096 n_heads=12 n_kv_heads=2 head_dim=128 kv_head=0 worker=0 profiled_total=389 q_load=1 k_load=147 v_load=142 qk_dot=2 safe_sm=94 core_acc=1 o_scale=1 o_store=1 kv_dma_issue=0 kv_dma_wait=0 kv_transform=0
FIG8_ATTENTION_TIMERS mode=scna-fp16 scna_function=1 scna_kernel=1 scna_pipeline=0 phase=measure iteration=2 lut_exp=0 nonlinear_mode=1 scna_width=8 scna_exp=72 qo_len=4 kv_len=4096 n_heads=12 n_kv_heads=2 head_dim=128 kv_head=1 worker=0 profiled_total=385 q_load=1 k_load=143 v_load=141 qk_dot=2 safe_sm=95 core_acc=1 o_scale=1 o_store=1 kv_dma_issue=0 kv_dma_wait=0 kv_transform=0
FIG8_ATTENTION_EVENT_COUNT mode=scna-fp16 qo_len=4 phase=measure iteration=2 events=16 max_events=3224 overflow=0
FIG8_ATTENTION_HOST_TIMING mode=scna-fp16 scna_function=exp scna_kernel=tree scna_pipeline=off scna_width=8 qo_len=4 kv_len=4096 n_heads=12 n_kv_heads=2 head_dim=128 phase=measure iteration=3 host_elapsed_us=1117 ret=0
FIG8_ATTENTION_PROFILE_COUNT mode=scna-fp16 qo_len=4 phase=measure iteration=3 records=2 max_records=10
FIG8_ATTENTION_TIMERS mode=scna-fp16 scna_function=1 scna_kernel=1 scna_pipeline=0 phase=measure iteration=3 lut_exp=0 nonlinear_mode=1 scna_width=8 scna_exp=72 qo_len=4 kv_len=4096 n_heads=12 n_kv_heads=2 head_dim=128 kv_head=0 worker=0 profiled_total=388 q_load=1 k_load=151 v_load=136 qk_dot=2 safe_sm=95 core_acc=1 o_scale=1 o_store=1 kv_dma_issue=0 kv_dma_wait=0 kv_transform=0
FIG8_ATTENTION_TIMERS mode=scna-fp16 scna_function=1 scna_kernel=1 scna_pipeline=0 phase=measure iteration=3 lut_exp=0 nonlinear_mode=1 scna_width=8 scna_exp=72 qo_len=4 kv_len=4096 n_heads=12 n_kv_heads=2 head_dim=128 kv_head=1 worker=0 profiled_total=390 q_load=1 k_load=148 v_load=141 qk_dot=2 safe_sm=95 core_acc=1 o_scale=1 o_store=1 kv_dma_issue=0 kv_dma_wait=0 kv_transform=0
FIG8_ATTENTION_EVENT_COUNT mode=scna-fp16 qo_len=4 phase=measure iteration=3 events=16 max_events=3224 overflow=0
FIG8_ATTENTION_HOST_TIMING mode=scna-fp16 scna_function=exp scna_kernel=tree scna_pipeline=off scna_width=8 qo_len=4 kv_len=4096 n_heads=12 n_kv_heads=2 head_dim=128 phase=measure iteration=4 host_elapsed_us=1114 ret=0
FIG8_ATTENTION_PROFILE_COUNT mode=scna-fp16 qo_len=4 phase=measure iteration=4 records=2 max_records=10
FIG8_ATTENTION_TIMERS mode=scna-fp16 scna_function=1 scna_kernel=1 scna_pipeline=0 phase=measure iteration=4 lut_exp=0 nonlinear_mode=1 scna_width=8 scna_exp=72 qo_len=4 kv_len=4096 n_heads=12 n_kv_heads=2 head_dim=128 kv_head=0 worker=0 profiled_total=388 q_load=1 k_load=152 v_load=134 qk_dot=2 safe_sm=96 core_acc=1 o_scale=1 o_store=1 kv_dma_issue=0 kv_dma_wait=0 kv_transform=0
FIG8_ATTENTION_TIMERS mode=scna-fp16 scna_function=1 scna_kernel=1 scna_pipeline=0 phase=measure iteration=4 lut_exp=0 nonlinear_mode=1 scna_width=8 scna_exp=72 qo_len=4 kv_len=4096 n_heads=12 n_kv_heads=2 head_dim=128 kv_head=1 worker=0 profiled_total=386 q_load=1 k_load=149 v_load=136 qk_dot=2 safe_sm=94 core_acc=1 o_scale=1 o_store=2 kv_dma_issue=0 kv_dma_wait=0 kv_transform=0
FIG8_ATTENTION_EVENT_COUNT mode=scna-fp16 qo_len=4 phase=measure iteration=4 events=16 max_events=3224 overflow=0
FIG8_ATTENTION_HOST_TIMING mode=scna-fp16 scna_function=exp scna_kernel=tree scna_pipeline=off scna_width=8 qo_len=4 kv_len=4096 n_heads=12 n_kv_heads=2 head_dim=128 phase=measure iteration=5 host_elapsed_us=1090 ret=0
FIG8_ATTENTION_PROFILE_COUNT mode=scna-fp16 qo_len=4 phase=measure iteration=5 records=2 max_records=10
FIG8_ATTENTION_TIMERS mode=scna-fp16 scna_function=1 scna_kernel=1 scna_pipeline=0 phase=measure iteration=5 lut_exp=0 nonlinear_mode=1 scna_width=8 scna_exp=72 qo_len=4 kv_len=4096 n_heads=12 n_kv_heads=2 head_dim=128 kv_head=0 worker=0 profiled_total=370 q_load=1 k_load=139 v_load=131 qk_dot=2 safe_sm=94 core_acc=1 o_scale=1 o_store=1 kv_dma_issue=0 kv_dma_wait=0 kv_transform=0
FIG8_ATTENTION_TIMERS mode=scna-fp16 scna_function=1 scna_kernel=1 scna_pipeline=0 phase=measure iteration=5 lut_exp=0 nonlinear_mode=1 scna_width=8 scna_exp=72 qo_len=4 kv_len=4096 n_heads=12 n_kv_heads=2 head_dim=128 kv_head=1 worker=0 profiled_total=389 q_load=1 k_load=154 v_load=136 qk_dot=2 safe_sm=93 core_acc=1 o_scale=1 o_store=1 kv_dma_issue=0 kv_dma_wait=0 kv_transform=0
FIG8_ATTENTION_EVENT_COUNT mode=scna-fp16 qo_len=4 phase=measure iteration=5 events=16 max_events=3224 overflow=0
FIG8_ATTENTION_HOST_TIMING mode=scna-fp16 scna_function=exp scna_kernel=tree scna_pipeline=off scna_width=8 qo_len=4 kv_len=4096 n_heads=12 n_kv_heads=2 head_dim=128 phase=measure iteration=6 host_elapsed_us=1103 ret=0
FIG8_ATTENTION_PROFILE_COUNT mode=scna-fp16 qo_len=4 phase=measure iteration=6 records=2 max_records=10
FIG8_ATTENTION_TIMERS mode=scna-fp16 scna_function=1 scna_kernel=1 scna_pipeline=0 phase=measure iteration=6 lut_exp=0 nonlinear_mode=1 scna_width=8 scna_exp=72 qo_len=4 kv_len=4096 n_heads=12 n_kv_heads=2 head_dim=128 kv_head=0 worker=0 profiled_total=385 q_load=1 k_load=141 v_load=142 qk_dot=2 safe_sm=96 core_acc=1 o_scale=1 o_store=1 kv_dma_issue=0 kv_dma_wait=0 kv_transform=0
FIG8_ATTENTION_TIMERS mode=scna-fp16 scna_function=1 scna_kernel=1 scna_pipeline=0 phase=measure iteration=6 lut_exp=0 nonlinear_mode=1 scna_width=8 scna_exp=72 qo_len=4 kv_len=4096 n_heads=12 n_kv_heads=2 head_dim=128 kv_head=1 worker=0 profiled_total=384 q_load=1 k_load=147 v_load=137 qk_dot=2 safe_sm=93 core_acc=1 o_scale=1 o_store=2 kv_dma_issue=0 kv_dma_wait=0 kv_transform=0
FIG8_ATTENTION_EVENT_COUNT mode=scna-fp16 qo_len=4 phase=measure iteration=6 events=16 max_events=3224 overflow=0
FIG8_ATTENTION_HOST_TIMING mode=scna-fp16 scna_function=exp scna_kernel=tree scna_pipeline=off scna_width=8 qo_len=4 kv_len=4096 n_heads=12 n_kv_heads=2 head_dim=128 phase=measure iteration=7 host_elapsed_us=1094 ret=0
FIG8_ATTENTION_PROFILE_COUNT mode=scna-fp16 qo_len=4 phase=measure iteration=7 records=2 max_records=10
FIG8_ATTENTION_TIMERS mode=scna-fp16 scna_function=1 scna_kernel=1 scna_pipeline=0 phase=measure iteration=7 lut_exp=0 nonlinear_mode=1 scna_width=8 scna_exp=73 qo_len=4 kv_len=4096 n_heads=12 n_kv_heads=2 head_dim=128 kv_head=0 worker=0 profiled_total=386 q_load=1 k_load=146 v_load=139 qk_dot=2 safe_sm=95 core_acc=1 o_scale=1 o_store=1 kv_dma_issue=0 kv_dma_wait=0 kv_transform=0
FIG8_ATTENTION_TIMERS mode=scna-fp16 scna_function=1 scna_kernel=1 scna_pipeline=0 phase=measure iteration=7 lut_exp=0 nonlinear_mode=1 scna_width=8 scna_exp=72 qo_len=4 kv_len=4096 n_heads=12 n_kv_heads=2 head_dim=128 kv_head=1 worker=0 profiled_total=393 q_load=1 k_load=156 v_load=137 qk_dot=2 safe_sm=93 core_acc=1 o_scale=1 o_store=2 kv_dma_issue=0 kv_dma_wait=0 kv_transform=0
FIG8_ATTENTION_EVENT_COUNT mode=scna-fp16 qo_len=4 phase=measure iteration=7 events=16 max_events=3224 overflow=0
FIG8_ATTENTION_HOST_TIMING mode=scna-fp16 scna_function=exp scna_kernel=tree scna_pipeline=off scna_width=8 qo_len=4 kv_len=4096 n_heads=12 n_kv_heads=2 head_dim=128 phase=measure iteration=8 host_elapsed_us=1116 ret=0
FIG8_ATTENTION_PROFILE_COUNT mode=scna-fp16 qo_len=4 phase=measure iteration=8 records=2 max_records=10
FIG8_ATTENTION_TIMERS mode=scna-fp16 scna_function=1 scna_kernel=1 scna_pipeline=0 phase=measure iteration=8 lut_exp=0 nonlinear_mode=1 scna_width=8 scna_exp=72 qo_len=4 kv_len=4096 n_heads=12 n_kv_heads=2 head_dim=128 kv_head=0 worker=0 profiled_total=385 q_load=1 k_load=140 v_load=142 qk_dot=3 safe_sm=95 core_acc=1 o_scale=1 o_store=2 kv_dma_issue=0 kv_dma_wait=0 kv_transform=0
FIG8_ATTENTION_TIMERS mode=scna-fp16 scna_function=1 scna_kernel=1 scna_pipeline=0 phase=measure iteration=8 lut_exp=0 nonlinear_mode=1 scna_width=8 scna_exp=72 qo_len=4 kv_len=4096 n_heads=12 n_kv_heads=2 head_dim=128 kv_head=1 worker=0 profiled_total=387 q_load=1 k_load=145 v_load=143 qk_dot=2 safe_sm=92 core_acc=1 o_scale=1 o_store=2 kv_dma_issue=0 kv_dma_wait=0 kv_transform=0
FIG8_ATTENTION_EVENT_COUNT mode=scna-fp16 qo_len=4 phase=measure iteration=8 events=16 max_events=3224 overflow=0
FIG8_ATTENTION_HOST_TIMING mode=scna-fp16 scna_function=exp scna_kernel=tree scna_pipeline=off scna_width=8 qo_len=4 kv_len=4096 n_heads=12 n_kv_heads=2 head_dim=128 phase=measure iteration=9 host_elapsed_us=1206 ret=0
FIG8_ATTENTION_PROFILE_COUNT mode=scna-fp16 qo_len=4 phase=measure iteration=9 records=2 max_records=10
FIG8_ATTENTION_TIMERS mode=scna-fp16 scna_function=1 scna_kernel=1 scna_pipeline=0 phase=measure iteration=9 lut_exp=0 nonlinear_mode=1 scna_width=8 scna_exp=76 qo_len=4 kv_len=4096 n_heads=12 n_kv_heads=2 head_dim=128 kv_head=0 worker=0 profiled_total=441 q_load=1 k_load=172 v_load=159 qk_dot=3 safe_sm=103 core_acc=1 o_scale=1 o_store=1 kv_dma_issue=0 kv_dma_wait=0 kv_transform=0
FIG8_ATTENTION_TIMERS mode=scna-fp16 scna_function=1 scna_kernel=1 scna_pipeline=0 phase=measure iteration=9 lut_exp=0 nonlinear_mode=1 scna_width=8 scna_exp=76 qo_len=4 kv_len=4096 n_heads=12 n_kv_heads=2 head_dim=128 kv_head=1 worker=0 profiled_total=459 q_load=1 k_load=179 v_load=169 qk_dot=2 safe_sm=105 core_acc=1 o_scale=1 o_store=1 kv_dma_issue=0 kv_dma_wait=0 kv_transform=0
FIG8_ATTENTION_EVENT_COUNT mode=scna-fp16 qo_len=4 phase=measure iteration=9 events=16 max_events=3224 overflow=0
FIG8_ATTENTION_HOST_TIMING mode=scna-fp16 scna_function=exp scna_kernel=tree scna_pipeline=off scna_width=8 qo_len=4 kv_len=4096 n_heads=12 n_kv_heads=2 head_dim=128 phase=measure iteration=10 host_elapsed_us=1225 ret=0
FIG8_ATTENTION_PROFILE_COUNT mode=scna-fp16 qo_len=4 phase=measure iteration=10 records=2 max_records=10
FIG8_ATTENTION_TIMERS mode=scna-fp16 scna_function=1 scna_kernel=1 scna_pipeline=0 phase=measure iteration=10 lut_exp=0 nonlinear_mode=1 scna_width=8 scna_exp=76 qo_len=4 kv_len=4096 n_heads=12 n_kv_heads=2 head_dim=128 kv_head=0 worker=0 profiled_total=440 q_load=1 k_load=173 v_load=158 qk_dot=2 safe_sm=103 core_acc=1 o_scale=1 o_store=1 kv_dma_issue=0 kv_dma_wait=0 kv_transform=0
FIG8_ATTENTION_TIMERS mode=scna-fp16 scna_function=1 scna_kernel=1 scna_pipeline=0 phase=measure iteration=10 lut_exp=0 nonlinear_mode=1 scna_width=8 scna_exp=76 qo_len=4 kv_len=4096 n_heads=12 n_kv_heads=2 head_dim=128 kv_head=1 worker=0 profiled_total=458 q_load=1 k_load=189 v_load=161 qk_dot=2 safe_sm=102 core_acc=1 o_scale=1 o_store=1 kv_dma_issue=0 kv_dma_wait=0 kv_transform=0
FIG8_ATTENTION_EVENT_COUNT mode=scna-fp16 qo_len=4 phase=measure iteration=10 events=16 max_events=3224 overflow=0
FIG8_ATTENTION_HOST_TIMING mode=scna-fp16 scna_function=exp scna_kernel=tree scna_pipeline=off scna_width=8 qo_len=4 kv_len=4096 n_heads=12 n_kv_heads=2 head_dim=128 phase=measure iteration=11 host_elapsed_us=1220 ret=0
FIG8_ATTENTION_PROFILE_COUNT mode=scna-fp16 qo_len=4 phase=measure iteration=11 records=2 max_records=10
FIG8_ATTENTION_TIMERS mode=scna-fp16 scna_function=1 scna_kernel=1 scna_pipeline=0 phase=measure iteration=11 lut_exp=0 nonlinear_mode=1 scna_width=8 scna_exp=76 qo_len=4 kv_len=4096 n_heads=12 n_kv_heads=2 head_dim=128 kv_head=0 worker=0 profiled_total=441 q_load=1 k_load=169 v_load=161 qk_dot=2 safe_sm=104 core_acc=1 o_scale=1 o_store=2 kv_dma_issue=0 kv_dma_wait=0 kv_transform=0
FIG8_ATTENTION_TIMERS mode=scna-fp16 scna_function=1 scna_kernel=1 scna_pipeline=0 phase=measure iteration=11 lut_exp=0 nonlinear_mode=1 scna_width=8 scna_exp=76 qo_len=4 kv_len=4096 n_heads=12 n_kv_heads=2 head_dim=128 kv_head=1 worker=0 profiled_total=455 q_load=1 k_load=176 v_load=170 qk_dot=2 safe_sm=103 core_acc=1 o_scale=1 o_store=1 kv_dma_issue=0 kv_dma_wait=0 kv_transform=0
FIG8_ATTENTION_EVENT_COUNT mode=scna-fp16 qo_len=4 phase=measure iteration=11 events=16 max_events=3224 overflow=0
FIG8_ATTENTION_HOST_TIMING mode=scna-fp16 scna_function=exp scna_kernel=tree scna_pipeline=off scna_width=8 qo_len=4 kv_len=4096 n_heads=12 n_kv_heads=2 head_dim=128 phase=measure iteration=12 host_elapsed_us=1215 ret=0
FIG8_ATTENTION_PROFILE_COUNT mode=scna-fp16 qo_len=4 phase=measure iteration=12 records=2 max_records=10
FIG8_ATTENTION_TIMERS mode=scna-fp16 scna_function=1 scna_kernel=1 scna_pipeline=0 phase=measure iteration=12 lut_exp=0 nonlinear_mode=1 scna_width=8 scna_exp=76 qo_len=4 kv_len=4096 n_heads=12 n_kv_heads=2 head_dim=128 kv_head=0 worker=0 profiled_total=444 q_load=1 k_load=171 v_load=162 qk_dot=3 safe_sm=104 core_acc=1 o_scale=1 o_store=1 kv_dma_issue=0 kv_dma_wait=0 kv_transform=0
FIG8_ATTENTION_TIMERS mode=scna-fp16 scna_function=1 scna_kernel=1 scna_pipeline=0 phase=measure iteration=12 lut_exp=0 nonlinear_mode=1 scna_width=8 scna_exp=76 qo_len=4 kv_len=4096 n_heads=12 n_kv_heads=2 head_dim=128 kv_head=1 worker=0 profiled_total=455 q_load=1 k_load=176 v_load=169 qk_dot=2 safe_sm=103 core_acc=1 o_scale=1 o_store=2 kv_dma_issue=0 kv_dma_wait=0 kv_transform=0
FIG8_ATTENTION_EVENT_COUNT mode=scna-fp16 qo_len=4 phase=measure iteration=12 events=16 max_events=3224 overflow=0
FIG8_ATTENTION_HOST_TIMING mode=scna-fp16 scna_function=exp scna_kernel=tree scna_pipeline=off scna_width=8 qo_len=4 kv_len=4096 n_heads=12 n_kv_heads=2 head_dim=128 phase=measure iteration=13 host_elapsed_us=1175 ret=0
FIG8_ATTENTION_PROFILE_COUNT mode=scna-fp16 qo_len=4 phase=measure iteration=13 records=2 max_records=10
FIG8_ATTENTION_TIMERS mode=scna-fp16 scna_function=1 scna_kernel=1 scna_pipeline=0 phase=measure iteration=13 lut_exp=0 nonlinear_mode=1 scna_width=8 scna_exp=76 qo_len=4 kv_len=4096 n_heads=12 n_kv_heads=2 head_dim=128 kv_head=0 worker=0 profiled_total=442 q_load=1 k_load=172 v_load=159 qk_dot=2 safe_sm=104 core_acc=1 o_scale=1 o_store=2 kv_dma_issue=0 kv_dma_wait=0 kv_transform=0
FIG8_ATTENTION_TIMERS mode=scna-fp16 scna_function=1 scna_kernel=1 scna_pipeline=0 phase=measure iteration=13 lut_exp=0 nonlinear_mode=1 scna_width=8 scna_exp=76 qo_len=4 kv_len=4096 n_heads=12 n_kv_heads=2 head_dim=128 kv_head=1 worker=0 profiled_total=452 q_load=1 k_load=174 v_load=167 qk_dot=2 safe_sm=104 core_acc=1 o_scale=1 o_store=2 kv_dma_issue=0 kv_dma_wait=0 kv_transform=0
FIG8_ATTENTION_EVENT_COUNT mode=scna-fp16 qo_len=4 phase=measure iteration=13 events=16 max_events=3224 overflow=0
FIG8_ATTENTION_HOST_TIMING mode=scna-fp16 scna_function=exp scna_kernel=tree scna_pipeline=off scna_width=8 qo_len=4 kv_len=4096 n_heads=12 n_kv_heads=2 head_dim=128 phase=measure iteration=14 host_elapsed_us=1168 ret=0
FIG8_ATTENTION_PROFILE_COUNT mode=scna-fp16 qo_len=4 phase=measure iteration=14 records=2 max_records=10
FIG8_ATTENTION_TIMERS mode=scna-fp16 scna_function=1 scna_kernel=1 scna_pipeline=0 phase=measure iteration=14 lut_exp=0 nonlinear_mode=1 scna_width=8 scna_exp=76 qo_len=4 kv_len=4096 n_heads=12 n_kv_heads=2 head_dim=128 kv_head=0 worker=0 profiled_total=438 q_load=1 k_load=170 v_load=159 qk_dot=2 safe_sm=103 core_acc=1 o_scale=1 o_store=1 kv_dma_issue=0 kv_dma_wait=0 kv_transform=0
FIG8_ATTENTION_TIMERS mode=scna-fp16 scna_function=1 scna_kernel=1 scna_pipeline=0 phase=measure iteration=14 lut_exp=0 nonlinear_mode=1 scna_width=8 scna_exp=76 qo_len=4 kv_len=4096 n_heads=12 n_kv_heads=2 head_dim=128 kv_head=1 worker=0 profiled_total=457 q_load=1 k_load=184 v_load=164 qk_dot=2 safe_sm=102 core_acc=1 o_scale=1 o_store=2 kv_dma_issue=0 kv_dma_wait=0 kv_transform=0
FIG8_ATTENTION_EVENT_COUNT mode=scna-fp16 qo_len=4 phase=measure iteration=14 events=16 max_events=3224 overflow=0
FIG8_ATTENTION_HOST_TIMING mode=scna-fp16 scna_function=exp scna_kernel=tree scna_pipeline=off scna_width=8 qo_len=4 kv_len=4096 n_heads=12 n_kv_heads=2 head_dim=128 phase=measure iteration=15 host_elapsed_us=1176 ret=0
FIG8_ATTENTION_PROFILE_COUNT mode=scna-fp16 qo_len=4 phase=measure iteration=15 records=2 max_records=10
FIG8_ATTENTION_TIMERS mode=scna-fp16 scna_function=1 scna_kernel=1 scna_pipeline=0 phase=measure iteration=15 lut_exp=0 nonlinear_mode=1 scna_width=8 scna_exp=75 qo_len=4 kv_len=4096 n_heads=12 n_kv_heads=2 head_dim=128 kv_head=0 worker=0 profiled_total=439 q_load=1 k_load=172 v_load=158 qk_dot=2 safe_sm=103 core_acc=1 o_scale=1 o_store=1 kv_dma_issue=0 kv_dma_wait=0 kv_transform=0
FIG8_ATTENTION_TIMERS mode=scna-fp16 scna_function=1 scna_kernel=1 scna_pipeline=0 phase=measure iteration=15 lut_exp=0 nonlinear_mode=1 scna_width=8 scna_exp=76 qo_len=4 kv_len=4096 n_heads=12 n_kv_heads=2 head_dim=128 kv_head=1 worker=0 profiled_total=458 q_load=1 k_load=186 v_load=163 qk_dot=2 safe_sm=102 core_acc=1 o_scale=1 o_store=2 kv_dma_issue=0 kv_dma_wait=0 kv_transform=0
FIG8_ATTENTION_EVENT_COUNT mode=scna-fp16 qo_len=4 phase=measure iteration=15 events=16 max_events=3224 overflow=0
FIG8_ATTENTION_HOST_TIMING mode=scna-fp16 scna_function=exp scna_kernel=tree scna_pipeline=off scna_width=8 qo_len=4 kv_len=4096 n_heads=12 n_kv_heads=2 head_dim=128 phase=measure iteration=16 host_elapsed_us=1197 ret=0
FIG8_ATTENTION_PROFILE_COUNT mode=scna-fp16 qo_len=4 phase=measure iteration=16 records=2 max_records=10
FIG8_ATTENTION_TIMERS mode=scna-fp16 scna_function=1 scna_kernel=1 scna_pipeline=0 phase=measure iteration=16 lut_exp=0 nonlinear_mode=1 scna_width=8 scna_exp=76 qo_len=4 kv_len=4096 n_heads=12 n_kv_heads=2 head_dim=128 kv_head=0 worker=0 profiled_total=444 q_load=1 k_load=170 v_load=165 qk_dot=3 safe_sm=103 core_acc=1 o_scale=0 o_store=1 kv_dma_issue=0 kv_dma_wait=0 kv_transform=0
FIG8_ATTENTION_TIMERS mode=scna-fp16 scna_function=1 scna_kernel=1 scna_pipeline=0 phase=measure iteration=16 lut_exp=0 nonlinear_mode=1 scna_width=8 scna_exp=76 qo_len=4 kv_len=4096 n_heads=12 n_kv_heads=2 head_dim=128 kv_head=1 worker=0 profiled_total=446 q_load=1 k_load=175 v_load=161 qk_dot=2 safe_sm=104 core_acc=1 o_scale=1 o_store=1 kv_dma_issue=0 kv_dma_wait=0 kv_transform=0
FIG8_ATTENTION_EVENT_COUNT mode=scna-fp16 qo_len=4 phase=measure iteration=16 events=16 max_events=3224 overflow=0
FIG8_ATTENTION_HOST_TIMING mode=scna-fp16 scna_function=exp scna_kernel=tree scna_pipeline=off scna_width=8 qo_len=4 kv_len=4096 n_heads=12 n_kv_heads=2 head_dim=128 phase=measure iteration=17 host_elapsed_us=1212 ret=0
FIG8_ATTENTION_PROFILE_COUNT mode=scna-fp16 qo_len=4 phase=measure iteration=17 records=2 max_records=10
FIG8_ATTENTION_TIMERS mode=scna-fp16 scna_function=1 scna_kernel=1 scna_pipeline=0 phase=measure iteration=17 lut_exp=0 nonlinear_mode=1 scna_width=8 scna_exp=76 qo_len=4 kv_len=4096 n_heads=12 n_kv_heads=2 head_dim=128 kv_head=0 worker=0 profiled_total=442 q_load=1 k_load=169 v_load=162 qk_dot=2 safe_sm=103 core_acc=2 o_scale=1 o_store=2 kv_dma_issue=0 kv_dma_wait=0 kv_transform=0
FIG8_ATTENTION_TIMERS mode=scna-fp16 scna_function=1 scna_kernel=1 scna_pipeline=0 phase=measure iteration=17 lut_exp=0 nonlinear_mode=1 scna_width=8 scna_exp=76 qo_len=4 kv_len=4096 n_heads=12 n_kv_heads=2 head_dim=128 kv_head=1 worker=0 profiled_total=459 q_load=1 k_load=179 v_load=171 qk_dot=2 safe_sm=102 core_acc=1 o_scale=1 o_store=2 kv_dma_issue=0 kv_dma_wait=0 kv_transform=0
FIG8_ATTENTION_EVENT_COUNT mode=scna-fp16 qo_len=4 phase=measure iteration=17 events=16 max_events=3224 overflow=0
FIG8_ATTENTION_HOST_TIMING mode=scna-fp16 scna_function=exp scna_kernel=tree scna_pipeline=off scna_width=8 qo_len=4 kv_len=4096 n_heads=12 n_kv_heads=2 head_dim=128 phase=measure iteration=18 host_elapsed_us=1198 ret=0
FIG8_ATTENTION_PROFILE_COUNT mode=scna-fp16 qo_len=4 phase=measure iteration=18 records=2 max_records=10
FIG8_ATTENTION_TIMERS mode=scna-fp16 scna_function=1 scna_kernel=1 scna_pipeline=0 phase=measure iteration=18 lut_exp=0 nonlinear_mode=1 scna_width=8 scna_exp=76 qo_len=4 kv_len=4096 n_heads=12 n_kv_heads=2 head_dim=128 kv_head=0 worker=0 profiled_total=440 q_load=1 k_load=169 v_load=161 qk_dot=2 safe_sm=104 core_acc=1 o_scale=1 o_store=1 kv_dma_issue=0 kv_dma_wait=0 kv_transform=0
FIG8_ATTENTION_TIMERS mode=scna-fp16 scna_function=1 scna_kernel=1 scna_pipeline=0 phase=measure iteration=18 lut_exp=0 nonlinear_mode=1 scna_width=8 scna_exp=75 qo_len=4 kv_len=4096 n_heads=12 n_kv_heads=2 head_dim=128 kv_head=1 worker=0 profiled_total=453 q_load=1 k_load=179 v_load=167 qk_dot=2 safe_sm=101 core_acc=1 o_scale=1 o_store=1 kv_dma_issue=0 kv_dma_wait=0 kv_transform=0
FIG8_ATTENTION_EVENT_COUNT mode=scna-fp16 qo_len=4 phase=measure iteration=18 events=16 max_events=3224 overflow=0
FIG8_ATTENTION_HOST_TIMING mode=scna-fp16 scna_function=exp scna_kernel=tree scna_pipeline=off scna_width=8 qo_len=4 kv_len=4096 n_heads=12 n_kv_heads=2 head_dim=128 phase=measure iteration=19 host_elapsed_us=1200 ret=0
FIG8_ATTENTION_PROFILE_COUNT mode=scna-fp16 qo_len=4 phase=measure iteration=19 records=2 max_records=10
FIG8_ATTENTION_TIMERS mode=scna-fp16 scna_function=1 scna_kernel=1 scna_pipeline=0 phase=measure iteration=19 lut_exp=0 nonlinear_mode=1 scna_width=8 scna_exp=75 qo_len=4 kv_len=4096 n_heads=12 n_kv_heads=2 head_dim=128 kv_head=0 worker=0 profiled_total=441 q_load=1 k_load=169 v_load=163 qk_dot=3 safe_sm=103 core_acc=1 o_scale=0 o_store=1 kv_dma_issue=0 kv_dma_wait=0 kv_transform=0
FIG8_ATTENTION_TIMERS mode=scna-fp16 scna_function=1 scna_kernel=1 scna_pipeline=0 phase=measure iteration=19 lut_exp=0 nonlinear_mode=1 scna_width=8 scna_exp=76 qo_len=4 kv_len=4096 n_heads=12 n_kv_heads=2 head_dim=128 kv_head=1 worker=0 profiled_total=454 q_load=1 k_load=174 v_load=172 qk_dot=2 safe_sm=102 core_acc=1 o_scale=1 o_store=1 kv_dma_issue=0 kv_dma_wait=0 kv_transform=0
FIG8_ATTENTION_EVENT_COUNT mode=scna-fp16 qo_len=4 phase=measure iteration=19 events=16 max_events=3224 overflow=0
