alloc_shared_mem_buf: buf=0x777ce82000 fd=12 size=49152 flags=FASTRPC_MAP_FD
alloc_shared_mem_buf: buf=0x74e1400000 fd=13 size=2097152 flags=FASTRPC_MAP_FD
alloc_shared_mem_buf: buf=0x74e1200000 fd=14 size=2097152 flags=FASTRPC_MAP_FD
alloc_shared_mem_buf: buf=0x777cdad000 fd=15 size=49152 flags=FASTRPC_MAP_FD
alloc_shared_mem_buf: buf=0x777cd80000 fd=16 size=65536 flags=FASTRPC_MAP_FD
alloc_shared_mem_buf: buf=0x74e16a0000 fd=17 size=457088 flags=FASTRPC_MAP_FD
alloc_shared_mem_buf: buf=0x777d0c5000 fd=18 size=4096 flags=FASTRPC_MAP_FD
No-op channel request completed
FIG8_ATTENTION_CONFIG mode=scna-int8 scna_function=exp scna_kernel=direct scna_pipeline=on mask_mode=full qo_len=8 kv_len=4096 n_heads=12 n_kv_heads=2 head_dim=128 warmup=5 iters=20 scna_width=16 q_size=49152 kv_size=2097152 mask_size=65536 profile_size=457088 profile_max_records=10 profile_max_events=6320 mode_flags=2184 print_events=0
FIG8_ATTENTION_HOST_TIMING mode=scna-int8 scna_function=exp scna_kernel=direct scna_pipeline=on scna_width=16 qo_len=8 kv_len=4096 n_heads=12 n_kv_heads=2 head_dim=128 phase=warmup iteration=0 host_elapsed_us=1097 ret=0
FIG8_ATTENTION_PROFILE_COUNT mode=scna-int8 qo_len=8 phase=warmup iteration=0 records=2 max_records=10
FIG8_ATTENTION_TIMERS mode=scna-int8 scna_function=1 scna_kernel=0 scna_pipeline=1 phase=warmup iteration=0 lut_exp=0 nonlinear_mode=2 scna_width=16 scna_exp=214 qo_len=8 kv_len=4096 n_heads=12 n_kv_heads=2 head_dim=128 kv_head=0 worker=0 profiled_total=397 q_load=3 k_load=66 v_load=51 qk_dot=5 safe_sm=261 core_acc=5 o_scale=1 o_store=5 kv_dma_issue=6 kv_dma_wait=11 kv_transform=97
FIG8_ATTENTION_TIMERS mode=scna-int8 scna_function=1 scna_kernel=0 scna_pipeline=1 phase=warmup iteration=0 lut_exp=0 nonlinear_mode=2 scna_width=16 scna_exp=206 qo_len=8 kv_len=4096 n_heads=12 n_kv_heads=2 head_dim=128 kv_head=1 worker=0 profiled_total=375 q_load=2 k_load=66 v_load=53 qk_dot=4 safe_sm=243 core_acc=3 o_scale=1 o_store=3 kv_dma_issue=5 kv_dma_wait=13 kv_transform=96
FIG8_ATTENTION_EVENT_COUNT mode=scna-int8 qo_len=8 phase=warmup iteration=0 events=16 max_events=6320 overflow=0
FIG8_ATTENTION_HOST_TIMING mode=scna-int8 scna_function=exp scna_kernel=direct scna_pipeline=on scna_width=16 qo_len=8 kv_len=4096 n_heads=12 n_kv_heads=2 head_dim=128 phase=warmup iteration=1 host_elapsed_us=988 ret=0
FIG8_ATTENTION_PROFILE_COUNT mode=scna-int8 qo_len=8 phase=warmup iteration=1 records=2 max_records=10
FIG8_ATTENTION_TIMERS mode=scna-int8 scna_function=1 scna_kernel=0 scna_pipeline=1 phase=warmup iteration=1 lut_exp=0 nonlinear_mode=2 scna_width=16 scna_exp=201 qo_len=8 kv_len=4096 n_heads=12 n_kv_heads=2 head_dim=128 kv_head=0 worker=0 profiled_total=377 q_load=2 k_load=70 v_load=51 qk_dot=4 safe_sm=243 core_acc=3 o_scale=1 o_store=3 kv_dma_issue=5 kv_dma_wait=16 kv_transform=96
FIG8_ATTENTION_TIMERS mode=scna-int8 scna_function=1 scna_kernel=0 scna_pipeline=1 phase=warmup iteration=1 lut_exp=0 nonlinear_mode=2 scna_width=16 scna_exp=200 qo_len=8 kv_len=4096 n_heads=12 n_kv_heads=2 head_dim=128 kv_head=1 worker=0 profiled_total=362 q_load=2 k_load=66 v_load=51 qk_dot=3 safe_sm=234 core_acc=2 o_scale=1 o_store=3 kv_dma_issue=5 kv_dma_wait=12 kv_transform=97
FIG8_ATTENTION_EVENT_COUNT mode=scna-int8 qo_len=8 phase=warmup iteration=1 events=16 max_events=6320 overflow=0
FIG8_ATTENTION_HOST_TIMING mode=scna-int8 scna_function=exp scna_kernel=direct scna_pipeline=on scna_width=16 qo_len=8 kv_len=4096 n_heads=12 n_kv_heads=2 head_dim=128 phase=warmup iteration=2 host_elapsed_us=992 ret=0
FIG8_ATTENTION_PROFILE_COUNT mode=scna-int8 qo_len=8 phase=warmup iteration=2 records=2 max_records=10
FIG8_ATTENTION_TIMERS mode=scna-int8 scna_function=1 scna_kernel=0 scna_pipeline=1 phase=warmup iteration=2 lut_exp=0 nonlinear_mode=2 scna_width=16 scna_exp=199 qo_len=8 kv_len=4096 n_heads=12 n_kv_heads=2 head_dim=128 kv_head=0 worker=0 profiled_total=368 q_load=2 k_load=65 v_load=50 qk_dot=3 safe_sm=243 core_acc=2 o_scale=1 o_store=2 kv_dma_issue=4 kv_dma_wait=11 kv_transform=96
FIG8_ATTENTION_TIMERS mode=scna-int8 scna_function=1 scna_kernel=0 scna_pipeline=1 phase=warmup iteration=2 lut_exp=0 nonlinear_mode=2 scna_width=16 scna_exp=199 qo_len=8 kv_len=4096 n_heads=12 n_kv_heads=2 head_dim=128 kv_head=1 worker=0 profiled_total=359 q_load=1 k_load=65 v_load=50 qk_dot=3 safe_sm=233 core_acc=2 o_scale=2 o_store=3 kv_dma_issue=4 kv_dma_wait=10 kv_transform=97
FIG8_ATTENTION_EVENT_COUNT mode=scna-int8 qo_len=8 phase=warmup iteration=2 events=16 max_events=6320 overflow=0
FIG8_ATTENTION_HOST_TIMING mode=scna-int8 scna_function=exp scna_kernel=direct scna_pipeline=on scna_width=16 qo_len=8 kv_len=4096 n_heads=12 n_kv_heads=2 head_dim=128 phase=warmup iteration=3 host_elapsed_us=989 ret=0
FIG8_ATTENTION_PROFILE_COUNT mode=scna-int8 qo_len=8 phase=warmup iteration=3 records=2 max_records=10
FIG8_ATTENTION_TIMERS mode=scna-int8 scna_function=1 scna_kernel=0 scna_pipeline=1 phase=warmup iteration=3 lut_exp=0 nonlinear_mode=2 scna_width=16 scna_exp=199 qo_len=8 kv_len=4096 n_heads=12 n_kv_heads=2 head_dim=128 kv_head=0 worker=0 profiled_total=370 q_load=2 k_load=65 v_load=49 qk_dot=4 safe_sm=244 core_acc=2 o_scale=1 o_store=3 kv_dma_issue=5 kv_dma_wait=10 kv_transform=97
FIG8_ATTENTION_TIMERS mode=scna-int8 scna_function=1 scna_kernel=0 scna_pipeline=1 phase=warmup iteration=3 lut_exp=0 nonlinear_mode=2 scna_width=16 scna_exp=200 qo_len=8 kv_len=4096 n_heads=12 n_kv_heads=2 head_dim=128 kv_head=1 worker=0 profiled_total=368 q_load=2 k_load=73 v_load=49 qk_dot=3 safe_sm=234 core_acc=2 o_scale=2 o_store=3 kv_dma_issue=4 kv_dma_wait=18 kv_transform=96
FIG8_ATTENTION_EVENT_COUNT mode=scna-int8 qo_len=8 phase=warmup iteration=3 events=16 max_events=6320 overflow=0
FIG8_ATTENTION_HOST_TIMING mode=scna-int8 scna_function=exp scna_kernel=direct scna_pipeline=on scna_width=16 qo_len=8 kv_len=4096 n_heads=12 n_kv_heads=2 head_dim=128 phase=warmup iteration=4 host_elapsed_us=985 ret=0
FIG8_ATTENTION_PROFILE_COUNT mode=scna-int8 qo_len=8 phase=warmup iteration=4 records=2 max_records=10
FIG8_ATTENTION_TIMERS mode=scna-int8 scna_function=1 scna_kernel=0 scna_pipeline=1 phase=warmup iteration=4 lut_exp=0 nonlinear_mode=2 scna_width=16 scna_exp=199 qo_len=8 kv_len=4096 n_heads=12 n_kv_heads=2 head_dim=128 kv_head=0 worker=0 profiled_total=369 q_load=2 k_load=65 v_load=49 qk_dot=4 safe_sm=244 core_acc=2 o_scale=1 o_store=2 kv_dma_issue=5 kv_dma_wait=10 kv_transform=97
FIG8_ATTENTION_TIMERS mode=scna-int8 scna_function=1 scna_kernel=0 scna_pipeline=1 phase=warmup iteration=4 lut_exp=0 nonlinear_mode=2 scna_width=16 scna_exp=199 qo_len=8 kv_len=4096 n_heads=12 n_kv_heads=2 head_dim=128 kv_head=1 worker=0 profiled_total=359 q_load=2 k_load=65 v_load=50 qk_dot=3 safe_sm=234 core_acc=2 o_scale=1 o_store=2 kv_dma_issue=4 kv_dma_wait=10 kv_transform=97
FIG8_ATTENTION_EVENT_COUNT mode=scna-int8 qo_len=8 phase=warmup iteration=4 events=16 max_events=6320 overflow=0
FIG8_ATTENTION_HOST_TIMING mode=scna-int8 scna_function=exp scna_kernel=direct scna_pipeline=on scna_width=16 qo_len=8 kv_len=4096 n_heads=12 n_kv_heads=2 head_dim=128 phase=measure iteration=0 host_elapsed_us=984 ret=0
FIG8_ATTENTION_PROFILE_COUNT mode=scna-int8 qo_len=8 phase=measure iteration=0 records=2 max_records=10
FIG8_ATTENTION_TIMERS mode=scna-int8 scna_function=1 scna_kernel=0 scna_pipeline=1 phase=measure iteration=0 lut_exp=0 nonlinear_mode=2 scna_width=16 scna_exp=199 qo_len=8 kv_len=4096 n_heads=12 n_kv_heads=2 head_dim=128 kv_head=0 worker=0 profiled_total=368 q_load=2 k_load=65 v_load=49 qk_dot=3 safe_sm=243 core_acc=2 o_scale=1 o_store=3 kv_dma_issue=4 kv_dma_wait=10 kv_transform=96
FIG8_ATTENTION_TIMERS mode=scna-int8 scna_function=1 scna_kernel=0 scna_pipeline=1 phase=measure iteration=0 lut_exp=0 nonlinear_mode=2 scna_width=16 scna_exp=199 qo_len=8 kv_len=4096 n_heads=12 n_kv_heads=2 head_dim=128 kv_head=1 worker=0 profiled_total=359 q_load=2 k_load=66 v_load=50 qk_dot=3 safe_sm=233 core_acc=2 o_scale=1 o_store=2 kv_dma_issue=4 kv_dma_wait=11 kv_transform=97
FIG8_ATTENTION_EVENT_COUNT mode=scna-int8 qo_len=8 phase=measure iteration=0 events=16 max_events=6320 overflow=0
FIG8_ATTENTION_HOST_TIMING mode=scna-int8 scna_function=exp scna_kernel=direct scna_pipeline=on scna_width=16 qo_len=8 kv_len=4096 n_heads=12 n_kv_heads=2 head_dim=128 phase=measure iteration=1 host_elapsed_us=985 ret=0
FIG8_ATTENTION_PROFILE_COUNT mode=scna-int8 qo_len=8 phase=measure iteration=1 records=2 max_records=10
FIG8_ATTENTION_TIMERS mode=scna-int8 scna_function=1 scna_kernel=0 scna_pipeline=1 phase=measure iteration=1 lut_exp=0 nonlinear_mode=2 scna_width=16 scna_exp=200 qo_len=8 kv_len=4096 n_heads=12 n_kv_heads=2 head_dim=128 kv_head=0 worker=0 profiled_total=370 q_load=2 k_load=65 v_load=49 qk_dot=4 safe_sm=244 core_acc=2 o_scale=1 o_store=3 kv_dma_issue=4 kv_dma_wait=11 kv_transform=96
FIG8_ATTENTION_TIMERS mode=scna-int8 scna_function=1 scna_kernel=0 scna_pipeline=1 phase=measure iteration=1 lut_exp=0 nonlinear_mode=2 scna_width=16 scna_exp=199 qo_len=8 kv_len=4096 n_heads=12 n_kv_heads=2 head_dim=128 kv_head=1 worker=0 profiled_total=359 q_load=2 k_load=65 v_load=50 qk_dot=3 safe_sm=234 core_acc=2 o_scale=1 o_store=2 kv_dma_issue=4 kv_dma_wait=10 kv_transform=96
FIG8_ATTENTION_EVENT_COUNT mode=scna-int8 qo_len=8 phase=measure iteration=1 events=16 max_events=6320 overflow=0
FIG8_ATTENTION_HOST_TIMING mode=scna-int8 scna_function=exp scna_kernel=direct scna_pipeline=on scna_width=16 qo_len=8 kv_len=4096 n_heads=12 n_kv_heads=2 head_dim=128 phase=measure iteration=2 host_elapsed_us=985 ret=0
FIG8_ATTENTION_PROFILE_COUNT mode=scna-int8 qo_len=8 phase=measure iteration=2 records=2 max_records=10
FIG8_ATTENTION_TIMERS mode=scna-int8 scna_function=1 scna_kernel=0 scna_pipeline=1 phase=measure iteration=2 lut_exp=0 nonlinear_mode=2 scna_width=16 scna_exp=199 qo_len=8 kv_len=4096 n_heads=12 n_kv_heads=2 head_dim=128 kv_head=0 worker=0 profiled_total=370 q_load=2 k_load=65 v_load=49 qk_dot=4 safe_sm=244 core_acc=2 o_scale=1 o_store=3 kv_dma_issue=5 kv_dma_wait=10 kv_transform=96
FIG8_ATTENTION_TIMERS mode=scna-int8 scna_function=1 scna_kernel=0 scna_pipeline=1 phase=measure iteration=2 lut_exp=0 nonlinear_mode=2 scna_width=16 scna_exp=199 qo_len=8 kv_len=4096 n_heads=12 n_kv_heads=2 head_dim=128 kv_head=1 worker=0 profiled_total=358 q_load=1 k_load=65 v_load=50 qk_dot=3 safe_sm=234 core_acc=2 o_scale=1 o_store=2 kv_dma_issue=4 kv_dma_wait=10 kv_transform=97
FIG8_ATTENTION_EVENT_COUNT mode=scna-int8 qo_len=8 phase=measure iteration=2 events=16 max_events=6320 overflow=0
FIG8_ATTENTION_HOST_TIMING mode=scna-int8 scna_function=exp scna_kernel=direct scna_pipeline=on scna_width=16 qo_len=8 kv_len=4096 n_heads=12 n_kv_heads=2 head_dim=128 phase=measure iteration=3 host_elapsed_us=983 ret=0
FIG8_ATTENTION_PROFILE_COUNT mode=scna-int8 qo_len=8 phase=measure iteration=3 records=2 max_records=10
FIG8_ATTENTION_TIMERS mode=scna-int8 scna_function=1 scna_kernel=0 scna_pipeline=1 phase=measure iteration=3 lut_exp=0 nonlinear_mode=2 scna_width=16 scna_exp=199 qo_len=8 kv_len=4096 n_heads=12 n_kv_heads=2 head_dim=128 kv_head=0 worker=0 profiled_total=369 q_load=2 k_load=65 v_load=49 qk_dot=3 safe_sm=244 core_acc=2 o_scale=1 o_store=3 kv_dma_issue=5 kv_dma_wait=10 kv_transform=97
FIG8_ATTENTION_TIMERS mode=scna-int8 scna_function=1 scna_kernel=0 scna_pipeline=1 phase=measure iteration=3 lut_exp=0 nonlinear_mode=2 scna_width=16 scna_exp=199 qo_len=8 kv_len=4096 n_heads=12 n_kv_heads=2 head_dim=128 kv_head=1 worker=0 profiled_total=358 q_load=1 k_load=65 v_load=50 qk_dot=3 safe_sm=234 core_acc=2 o_scale=1 o_store=2 kv_dma_issue=4 kv_dma_wait=10 kv_transform=97
FIG8_ATTENTION_EVENT_COUNT mode=scna-int8 qo_len=8 phase=measure iteration=3 events=16 max_events=6320 overflow=0
FIG8_ATTENTION_HOST_TIMING mode=scna-int8 scna_function=exp scna_kernel=direct scna_pipeline=on scna_width=16 qo_len=8 kv_len=4096 n_heads=12 n_kv_heads=2 head_dim=128 phase=measure iteration=4 host_elapsed_us=984 ret=0
FIG8_ATTENTION_PROFILE_COUNT mode=scna-int8 qo_len=8 phase=measure iteration=4 records=2 max_records=10
FIG8_ATTENTION_TIMERS mode=scna-int8 scna_function=1 scna_kernel=0 scna_pipeline=1 phase=measure iteration=4 lut_exp=0 nonlinear_mode=2 scna_width=16 scna_exp=199 qo_len=8 kv_len=4096 n_heads=12 n_kv_heads=2 head_dim=128 kv_head=0 worker=0 profiled_total=368 q_load=2 k_load=65 v_load=49 qk_dot=4 safe_sm=242 core_acc=2 o_scale=1 o_store=3 kv_dma_issue=4 kv_dma_wait=10 kv_transform=96
FIG8_ATTENTION_TIMERS mode=scna-int8 scna_function=1 scna_kernel=0 scna_pipeline=1 phase=measure iteration=4 lut_exp=0 nonlinear_mode=2 scna_width=16 scna_exp=199 qo_len=8 kv_len=4096 n_heads=12 n_kv_heads=2 head_dim=128 kv_head=1 worker=0 profiled_total=357 q_load=1 k_load=65 v_load=50 qk_dot=3 safe_sm=233 core_acc=2 o_scale=1 o_store=2 kv_dma_issue=5 kv_dma_wait=10 kv_transform=96
FIG8_ATTENTION_EVENT_COUNT mode=scna-int8 qo_len=8 phase=measure iteration=4 events=16 max_events=6320 overflow=0
FIG8_ATTENTION_HOST_TIMING mode=scna-int8 scna_function=exp scna_kernel=direct scna_pipeline=on scna_width=16 qo_len=8 kv_len=4096 n_heads=12 n_kv_heads=2 head_dim=128 phase=measure iteration=5 host_elapsed_us=927 ret=0
FIG8_ATTENTION_PROFILE_COUNT mode=scna-int8 qo_len=8 phase=measure iteration=5 records=2 max_records=10
FIG8_ATTENTION_TIMERS mode=scna-int8 scna_function=1 scna_kernel=0 scna_pipeline=1 phase=measure iteration=5 lut_exp=0 nonlinear_mode=2 scna_width=16 scna_exp=199 qo_len=8 kv_len=4096 n_heads=12 n_kv_heads=2 head_dim=128 kv_head=0 worker=0 profiled_total=369 q_load=2 k_load=65 v_load=49 qk_dot=4 safe_sm=244 core_acc=2 o_scale=1 o_store=2 kv_dma_issue=5 kv_dma_wait=9 kv_transform=97
FIG8_ATTENTION_TIMERS mode=scna-int8 scna_function=1 scna_kernel=0 scna_pipeline=1 phase=measure iteration=5 lut_exp=0 nonlinear_mode=2 scna_width=16 scna_exp=199 qo_len=8 kv_len=4096 n_heads=12 n_kv_heads=2 head_dim=128 kv_head=1 worker=0 profiled_total=357 q_load=2 k_load=66 v_load=49 qk_dot=3 safe_sm=232 core_acc=2 o_scale=1 o_store=2 kv_dma_issue=4 kv_dma_wait=10 kv_transform=97
FIG8_ATTENTION_EVENT_COUNT mode=scna-int8 qo_len=8 phase=measure iteration=5 events=16 max_events=6320 overflow=0
FIG8_ATTENTION_HOST_TIMING mode=scna-int8 scna_function=exp scna_kernel=direct scna_pipeline=on scna_width=16 qo_len=8 kv_len=4096 n_heads=12 n_kv_heads=2 head_dim=128 phase=measure iteration=6 host_elapsed_us=914 ret=0
FIG8_ATTENTION_PROFILE_COUNT mode=scna-int8 qo_len=8 phase=measure iteration=6 records=2 max_records=10
FIG8_ATTENTION_TIMERS mode=scna-int8 scna_function=1 scna_kernel=0 scna_pipeline=1 phase=measure iteration=6 lut_exp=0 nonlinear_mode=2 scna_width=16 scna_exp=199 qo_len=8 kv_len=4096 n_heads=12 n_kv_heads=2 head_dim=128 kv_head=0 worker=0 profiled_total=366 q_load=2 k_load=65 v_load=49 qk_dot=3 safe_sm=242 core_acc=2 o_scale=1 o_store=2 kv_dma_issue=5 kv_dma_wait=9 kv_transform=97
FIG8_ATTENTION_TIMERS mode=scna-int8 scna_function=1 scna_kernel=0 scna_pipeline=1 phase=measure iteration=6 lut_exp=0 nonlinear_mode=2 scna_width=16 scna_exp=199 qo_len=8 kv_len=4096 n_heads=12 n_kv_heads=2 head_dim=128 kv_head=1 worker=0 profiled_total=356 q_load=2 k_load=65 v_load=49 qk_dot=3 safe_sm=232 core_acc=2 o_scale=1 o_store=2 kv_dma_issue=4 kv_dma_wait=10 kv_transform=97
FIG8_ATTENTION_EVENT_COUNT mode=scna-int8 qo_len=8 phase=measure iteration=6 events=16 max_events=6320 overflow=0
FIG8_ATTENTION_HOST_TIMING mode=scna-int8 scna_function=exp scna_kernel=direct scna_pipeline=on scna_width=16 qo_len=8 kv_len=4096 n_heads=12 n_kv_heads=2 head_dim=128 phase=measure iteration=7 host_elapsed_us=1025 ret=0
FIG8_ATTENTION_PROFILE_COUNT mode=scna-int8 qo_len=8 phase=measure iteration=7 records=2 max_records=10
FIG8_ATTENTION_TIMERS mode=scna-int8 scna_function=1 scna_kernel=0 scna_pipeline=1 phase=measure iteration=7 lut_exp=0 nonlinear_mode=2 scna_width=16 scna_exp=199 qo_len=8 kv_len=4096 n_heads=12 n_kv_heads=2 head_dim=128 kv_head=0 worker=0 profiled_total=369 q_load=2 k_load=65 v_load=50 qk_dot=4 safe_sm=243 core_acc=2 o_scale=1 o_store=2 kv_dma_issue=5 kv_dma_wait=11 kv_transform=96
FIG8_ATTENTION_TIMERS mode=scna-int8 scna_function=1 scna_kernel=0 scna_pipeline=1 phase=measure iteration=7 lut_exp=0 nonlinear_mode=2 scna_width=16 scna_exp=199 qo_len=8 kv_len=4096 n_heads=12 n_kv_heads=2 head_dim=128 kv_head=1 worker=0 profiled_total=356 q_load=2 k_load=66 v_load=49 qk_dot=3 safe_sm=231 core_acc=2 o_scale=1 o_store=2 kv_dma_issue=4 kv_dma_wait=10 kv_transform=97
FIG8_ATTENTION_EVENT_COUNT mode=scna-int8 qo_len=8 phase=measure iteration=7 events=16 max_events=6320 overflow=0
FIG8_ATTENTION_HOST_TIMING mode=scna-int8 scna_function=exp scna_kernel=direct scna_pipeline=on scna_width=16 qo_len=8 kv_len=4096 n_heads=12 n_kv_heads=2 head_dim=128 phase=measure iteration=8 host_elapsed_us=978 ret=0
FIG8_ATTENTION_PROFILE_COUNT mode=scna-int8 qo_len=8 phase=measure iteration=8 records=2 max_records=10
FIG8_ATTENTION_TIMERS mode=scna-int8 scna_function=1 scna_kernel=0 scna_pipeline=1 phase=measure iteration=8 lut_exp=0 nonlinear_mode=2 scna_width=16 scna_exp=199 qo_len=8 kv_len=4096 n_heads=12 n_kv_heads=2 head_dim=128 kv_head=0 worker=0 profiled_total=368 q_load=2 k_load=65 v_load=48 qk_dot=4 safe_sm=244 core_acc=2 o_scale=1 o_store=2 kv_dma_issue=4 kv_dma_wait=8 kv_transform=96
FIG8_ATTENTION_TIMERS mode=scna-int8 scna_function=1 scna_kernel=0 scna_pipeline=1 phase=measure iteration=8 lut_exp=0 nonlinear_mode=2 scna_width=16 scna_exp=199 qo_len=8 kv_len=4096 n_heads=12 n_kv_heads=2 head_dim=128 kv_head=1 worker=0 profiled_total=358 q_load=2 k_load=66 v_load=49 qk_dot=3 safe_sm=232 core_acc=2 o_scale=2 o_store=2 kv_dma_issue=5 kv_dma_wait=9 kv_transform=97
FIG8_ATTENTION_EVENT_COUNT mode=scna-int8 qo_len=8 phase=measure iteration=8 events=16 max_events=6320 overflow=0
FIG8_ATTENTION_HOST_TIMING mode=scna-int8 scna_function=exp scna_kernel=direct scna_pipeline=on scna_width=16 qo_len=8 kv_len=4096 n_heads=12 n_kv_heads=2 head_dim=128 phase=measure iteration=9 host_elapsed_us=983 ret=0
FIG8_ATTENTION_PROFILE_COUNT mode=scna-int8 qo_len=8 phase=measure iteration=9 records=2 max_records=10
FIG8_ATTENTION_TIMERS mode=scna-int8 scna_function=1 scna_kernel=0 scna_pipeline=1 phase=measure iteration=9 lut_exp=0 nonlinear_mode=2 scna_width=16 scna_exp=199 qo_len=8 kv_len=4096 n_heads=12 n_kv_heads=2 head_dim=128 kv_head=0 worker=0 profiled_total=369 q_load=2 k_load=66 v_load=48 qk_dot=3 safe_sm=245 core_acc=2 o_scale=1 o_store=2 kv_dma_issue=4 kv_dma_wait=9 kv_transform=97
FIG8_ATTENTION_TIMERS mode=scna-int8 scna_function=1 scna_kernel=0 scna_pipeline=1 phase=measure iteration=9 lut_exp=0 nonlinear_mode=2 scna_width=16 scna_exp=199 qo_len=8 kv_len=4096 n_heads=12 n_kv_heads=2 head_dim=128 kv_head=1 worker=0 profiled_total=356 q_load=2 k_load=65 v_load=49 qk_dot=3 safe_sm=231 core_acc=2 o_scale=2 o_store=2 kv_dma_issue=4 kv_dma_wait=9 kv_transform=97
FIG8_ATTENTION_EVENT_COUNT mode=scna-int8 qo_len=8 phase=measure iteration=9 events=16 max_events=6320 overflow=0
FIG8_ATTENTION_HOST_TIMING mode=scna-int8 scna_function=exp scna_kernel=direct scna_pipeline=on scna_width=16 qo_len=8 kv_len=4096 n_heads=12 n_kv_heads=2 head_dim=128 phase=measure iteration=10 host_elapsed_us=985 ret=0
FIG8_ATTENTION_PROFILE_COUNT mode=scna-int8 qo_len=8 phase=measure iteration=10 records=2 max_records=10
FIG8_ATTENTION_TIMERS mode=scna-int8 scna_function=1 scna_kernel=0 scna_pipeline=1 phase=measure iteration=10 lut_exp=0 nonlinear_mode=2 scna_width=16 scna_exp=199 qo_len=8 kv_len=4096 n_heads=12 n_kv_heads=2 head_dim=128 kv_head=0 worker=0 profiled_total=370 q_load=2 k_load=65 v_load=48 qk_dot=4 safe_sm=245 core_acc=2 o_scale=1 o_store=3 kv_dma_issue=5 kv_dma_wait=9 kv_transform=96
FIG8_ATTENTION_TIMERS mode=scna-int8 scna_function=1 scna_kernel=0 scna_pipeline=1 phase=measure iteration=10 lut_exp=0 nonlinear_mode=2 scna_width=16 scna_exp=199 qo_len=8 kv_len=4096 n_heads=12 n_kv_heads=2 head_dim=128 kv_head=1 worker=0 profiled_total=357 q_load=2 k_load=66 v_load=49 qk_dot=3 safe_sm=231 core_acc=2 o_scale=2 o_store=2 kv_dma_issue=4 kv_dma_wait=10 kv_transform=97
FIG8_ATTENTION_EVENT_COUNT mode=scna-int8 qo_len=8 phase=measure iteration=10 events=16 max_events=6320 overflow=0
FIG8_ATTENTION_HOST_TIMING mode=scna-int8 scna_function=exp scna_kernel=direct scna_pipeline=on scna_width=16 qo_len=8 kv_len=4096 n_heads=12 n_kv_heads=2 head_dim=128 phase=measure iteration=11 host_elapsed_us=965 ret=0
FIG8_ATTENTION_PROFILE_COUNT mode=scna-int8 qo_len=8 phase=measure iteration=11 records=2 max_records=10
FIG8_ATTENTION_TIMERS mode=scna-int8 scna_function=1 scna_kernel=0 scna_pipeline=1 phase=measure iteration=11 lut_exp=0 nonlinear_mode=2 scna_width=16 scna_exp=199 qo_len=8 kv_len=4096 n_heads=12 n_kv_heads=2 head_dim=128 kv_head=0 worker=0 profiled_total=369 q_load=2 k_load=65 v_load=48 qk_dot=4 safe_sm=244 core_acc=2 o_scale=1 o_store=3 kv_dma_issue=4 kv_dma_wait=10 kv_transform=96
FIG8_ATTENTION_TIMERS mode=scna-int8 scna_function=1 scna_kernel=0 scna_pipeline=1 phase=measure iteration=11 lut_exp=0 nonlinear_mode=2 scna_width=16 scna_exp=200 qo_len=8 kv_len=4096 n_heads=12 n_kv_heads=2 head_dim=128 kv_head=1 worker=0 profiled_total=358 q_load=2 k_load=66 v_load=48 qk_dot=3 safe_sm=233 core_acc=2 o_scale=2 o_store=2 kv_dma_issue=4 kv_dma_wait=9 kv_transform=97
FIG8_ATTENTION_EVENT_COUNT mode=scna-int8 qo_len=8 phase=measure iteration=11 events=16 max_events=6320 overflow=0
FIG8_ATTENTION_HOST_TIMING mode=scna-int8 scna_function=exp scna_kernel=direct scna_pipeline=on scna_width=16 qo_len=8 kv_len=4096 n_heads=12 n_kv_heads=2 head_dim=128 phase=measure iteration=12 host_elapsed_us=961 ret=0
FIG8_ATTENTION_PROFILE_COUNT mode=scna-int8 qo_len=8 phase=measure iteration=12 records=2 max_records=10
FIG8_ATTENTION_TIMERS mode=scna-int8 scna_function=1 scna_kernel=0 scna_pipeline=1 phase=measure iteration=12 lut_exp=0 nonlinear_mode=2 scna_width=16 scna_exp=199 qo_len=8 kv_len=4096 n_heads=12 n_kv_heads=2 head_dim=128 kv_head=0 worker=0 profiled_total=371 q_load=2 k_load=66 v_load=48 qk_dot=3 safe_sm=246 core_acc=2 o_scale=1 o_store=3 kv_dma_issue=4 kv_dma_wait=10 kv_transform=96
FIG8_ATTENTION_TIMERS mode=scna-int8 scna_function=1 scna_kernel=0 scna_pipeline=1 phase=measure iteration=12 lut_exp=0 nonlinear_mode=2 scna_width=16 scna_exp=199 qo_len=8 kv_len=4096 n_heads=12 n_kv_heads=2 head_dim=128 kv_head=1 worker=0 profiled_total=358 q_load=2 k_load=66 v_load=49 qk_dot=3 safe_sm=232 core_acc=2 o_scale=2 o_store=2 kv_dma_issue=4 kv_dma_wait=9 kv_transform=97
FIG8_ATTENTION_EVENT_COUNT mode=scna-int8 qo_len=8 phase=measure iteration=12 events=16 max_events=6320 overflow=0
FIG8_ATTENTION_HOST_TIMING mode=scna-int8 scna_function=exp scna_kernel=direct scna_pipeline=on scna_width=16 qo_len=8 kv_len=4096 n_heads=12 n_kv_heads=2 head_dim=128 phase=measure iteration=13 host_elapsed_us=983 ret=0
FIG8_ATTENTION_PROFILE_COUNT mode=scna-int8 qo_len=8 phase=measure iteration=13 records=2 max_records=10
FIG8_ATTENTION_TIMERS mode=scna-int8 scna_function=1 scna_kernel=0 scna_pipeline=1 phase=measure iteration=13 lut_exp=0 nonlinear_mode=2 scna_width=16 scna_exp=200 qo_len=8 kv_len=4096 n_heads=12 n_kv_heads=2 head_dim=128 kv_head=0 worker=0 profiled_total=368 q_load=2 k_load=65 v_load=48 qk_dot=4 safe_sm=244 core_acc=2 o_scale=1 o_store=2 kv_dma_issue=4 kv_dma_wait=9 kv_transform=97
FIG8_ATTENTION_TIMERS mode=scna-int8 scna_function=1 scna_kernel=0 scna_pipeline=1 phase=measure iteration=13 lut_exp=0 nonlinear_mode=2 scna_width=16 scna_exp=199 qo_len=8 kv_len=4096 n_heads=12 n_kv_heads=2 head_dim=128 kv_head=1 worker=0 profiled_total=357 q_load=2 k_load=65 v_load=49 qk_dot=3 safe_sm=232 core_acc=2 o_scale=2 o_store=2 kv_dma_issue=4 kv_dma_wait=10 kv_transform=97
FIG8_ATTENTION_EVENT_COUNT mode=scna-int8 qo_len=8 phase=measure iteration=13 events=16 max_events=6320 overflow=0
FIG8_ATTENTION_HOST_TIMING mode=scna-int8 scna_function=exp scna_kernel=direct scna_pipeline=on scna_width=16 qo_len=8 kv_len=4096 n_heads=12 n_kv_heads=2 head_dim=128 phase=measure iteration=14 host_elapsed_us=955 ret=0
FIG8_ATTENTION_PROFILE_COUNT mode=scna-int8 qo_len=8 phase=measure iteration=14 records=2 max_records=10
FIG8_ATTENTION_TIMERS mode=scna-int8 scna_function=1 scna_kernel=0 scna_pipeline=1 phase=measure iteration=14 lut_exp=0 nonlinear_mode=2 scna_width=16 scna_exp=199 qo_len=8 kv_len=4096 n_heads=12 n_kv_heads=2 head_dim=128 kv_head=0 worker=0 profiled_total=371 q_load=2 k_load=66 v_load=49 qk_dot=4 safe_sm=244 core_acc=2 o_scale=1 o_store=3 kv_dma_issue=4 kv_dma_wait=10 kv_transform=97
FIG8_ATTENTION_TIMERS mode=scna-int8 scna_function=1 scna_kernel=0 scna_pipeline=1 phase=measure iteration=14 lut_exp=0 nonlinear_mode=2 scna_width=16 scna_exp=199 qo_len=8 kv_len=4096 n_heads=12 n_kv_heads=2 head_dim=128 kv_head=1 worker=0 profiled_total=357 q_load=2 k_load=65 v_load=49 qk_dot=3 safe_sm=232 core_acc=2 o_scale=2 o_store=2 kv_dma_issue=5 kv_dma_wait=9 kv_transform=97
FIG8_ATTENTION_EVENT_COUNT mode=scna-int8 qo_len=8 phase=measure iteration=14 events=16 max_events=6320 overflow=0
FIG8_ATTENTION_HOST_TIMING mode=scna-int8 scna_function=exp scna_kernel=direct scna_pipeline=on scna_width=16 qo_len=8 kv_len=4096 n_heads=12 n_kv_heads=2 head_dim=128 phase=measure iteration=15 host_elapsed_us=953 ret=0
FIG8_ATTENTION_PROFILE_COUNT mode=scna-int8 qo_len=8 phase=measure iteration=15 records=2 max_records=10
FIG8_ATTENTION_TIMERS mode=scna-int8 scna_function=1 scna_kernel=0 scna_pipeline=1 phase=measure iteration=15 lut_exp=0 nonlinear_mode=2 scna_width=16 scna_exp=199 qo_len=8 kv_len=4096 n_heads=12 n_kv_heads=2 head_dim=128 kv_head=0 worker=0 profiled_total=369 q_load=2 k_load=65 v_load=48 qk_dot=3 safe_sm=245 core_acc=2 o_scale=1 o_store=3 kv_dma_issue=4 kv_dma_wait=9 kv_transform=97
FIG8_ATTENTION_TIMERS mode=scna-int8 scna_function=1 scna_kernel=0 scna_pipeline=1 phase=measure iteration=15 lut_exp=0 nonlinear_mode=2 scna_width=16 scna_exp=200 qo_len=8 kv_len=4096 n_heads=12 n_kv_heads=2 head_dim=128 kv_head=1 worker=0 profiled_total=358 q_load=2 k_load=66 v_load=48 qk_dot=3 safe_sm=233 core_acc=2 o_scale=2 o_store=2 kv_dma_issue=4 kv_dma_wait=9 kv_transform=97
FIG8_ATTENTION_EVENT_COUNT mode=scna-int8 qo_len=8 phase=measure iteration=15 events=16 max_events=6320 overflow=0
FIG8_ATTENTION_HOST_TIMING mode=scna-int8 scna_function=exp scna_kernel=direct scna_pipeline=on scna_width=16 qo_len=8 kv_len=4096 n_heads=12 n_kv_heads=2 head_dim=128 phase=measure iteration=16 host_elapsed_us=967 ret=0
FIG8_ATTENTION_PROFILE_COUNT mode=scna-int8 qo_len=8 phase=measure iteration=16 records=2 max_records=10
FIG8_ATTENTION_TIMERS mode=scna-int8 scna_function=1 scna_kernel=0 scna_pipeline=1 phase=measure iteration=16 lut_exp=0 nonlinear_mode=2 scna_width=16 scna_exp=199 qo_len=8 kv_len=4096 n_heads=12 n_kv_heads=2 head_dim=128 kv_head=0 worker=0 profiled_total=369 q_load=2 k_load=65 v_load=48 qk_dot=4 safe_sm=244 core_acc=2 o_scale=1 o_store=3 kv_dma_issue=5 kv_dma_wait=9 kv_transform=96
FIG8_ATTENTION_TIMERS mode=scna-int8 scna_function=1 scna_kernel=0 scna_pipeline=1 phase=measure iteration=16 lut_exp=0 nonlinear_mode=2 scna_width=16 scna_exp=199 qo_len=8 kv_len=4096 n_heads=12 n_kv_heads=2 head_dim=128 kv_head=1 worker=0 profiled_total=357 q_load=2 k_load=66 v_load=48 qk_dot=3 safe_sm=232 core_acc=2 o_scale=2 o_store=2 kv_dma_issue=4 kv_dma_wait=9 kv_transform=97
FIG8_ATTENTION_EVENT_COUNT mode=scna-int8 qo_len=8 phase=measure iteration=16 events=16 max_events=6320 overflow=0
FIG8_ATTENTION_HOST_TIMING mode=scna-int8 scna_function=exp scna_kernel=direct scna_pipeline=on scna_width=16 qo_len=8 kv_len=4096 n_heads=12 n_kv_heads=2 head_dim=128 phase=measure iteration=17 host_elapsed_us=962 ret=0
FIG8_ATTENTION_PROFILE_COUNT mode=scna-int8 qo_len=8 phase=measure iteration=17 records=2 max_records=10
FIG8_ATTENTION_TIMERS mode=scna-int8 scna_function=1 scna_kernel=0 scna_pipeline=1 phase=measure iteration=17 lut_exp=0 nonlinear_mode=2 scna_width=16 scna_exp=200 qo_len=8 kv_len=4096 n_heads=12 n_kv_heads=2 head_dim=128 kv_head=0 worker=0 profiled_total=370 q_load=2 k_load=65 v_load=49 qk_dot=4 safe_sm=244 core_acc=2 o_scale=1 o_store=3 kv_dma_issue=4 kv_dma_wait=10 kv_transform=96
FIG8_ATTENTION_TIMERS mode=scna-int8 scna_function=1 scna_kernel=0 scna_pipeline=1 phase=measure iteration=17 lut_exp=0 nonlinear_mode=2 scna_width=16 scna_exp=199 qo_len=8 kv_len=4096 n_heads=12 n_kv_heads=2 head_dim=128 kv_head=1 worker=0 profiled_total=355 q_load=1 k_load=65 v_load=49 qk_dot=3 safe_sm=231 core_acc=2 o_scale=2 o_store=2 kv_dma_issue=4 kv_dma_wait=9 kv_transform=97
FIG8_ATTENTION_EVENT_COUNT mode=scna-int8 qo_len=8 phase=measure iteration=17 events=16 max_events=6320 overflow=0
FIG8_ATTENTION_HOST_TIMING mode=scna-int8 scna_function=exp scna_kernel=direct scna_pipeline=on scna_width=16 qo_len=8 kv_len=4096 n_heads=12 n_kv_heads=2 head_dim=128 phase=measure iteration=18 host_elapsed_us=962 ret=0
FIG8_ATTENTION_PROFILE_COUNT mode=scna-int8 qo_len=8 phase=measure iteration=18 records=2 max_records=10
FIG8_ATTENTION_TIMERS mode=scna-int8 scna_function=1 scna_kernel=0 scna_pipeline=1 phase=measure iteration=18 lut_exp=0 nonlinear_mode=2 scna_width=16 scna_exp=199 qo_len=8 kv_len=4096 n_heads=12 n_kv_heads=2 head_dim=128 kv_head=0 worker=0 profiled_total=369 q_load=2 k_load=65 v_load=48 qk_dot=3 safe_sm=245 core_acc=2 o_scale=1 o_store=3 kv_dma_issue=5 kv_dma_wait=9 kv_transform=97
FIG8_ATTENTION_TIMERS mode=scna-int8 scna_function=1 scna_kernel=0 scna_pipeline=1 phase=measure iteration=18 lut_exp=0 nonlinear_mode=2 scna_width=16 scna_exp=199 qo_len=8 kv_len=4096 n_heads=12 n_kv_heads=2 head_dim=128 kv_head=1 worker=0 profiled_total=355 q_load=2 k_load=65 v_load=48 qk_dot=3 safe_sm=231 core_acc=2 o_scale=2 o_store=2 kv_dma_issue=4 kv_dma_wait=9 kv_transform=97
FIG8_ATTENTION_EVENT_COUNT mode=scna-int8 qo_len=8 phase=measure iteration=18 events=16 max_events=6320 overflow=0
FIG8_ATTENTION_HOST_TIMING mode=scna-int8 scna_function=exp scna_kernel=direct scna_pipeline=on scna_width=16 qo_len=8 kv_len=4096 n_heads=12 n_kv_heads=2 head_dim=128 phase=measure iteration=19 host_elapsed_us=960 ret=0
FIG8_ATTENTION_PROFILE_COUNT mode=scna-int8 qo_len=8 phase=measure iteration=19 records=2 max_records=10
FIG8_ATTENTION_TIMERS mode=scna-int8 scna_function=1 scna_kernel=0 scna_pipeline=1 phase=measure iteration=19 lut_exp=0 nonlinear_mode=2 scna_width=16 scna_exp=199 qo_len=8 kv_len=4096 n_heads=12 n_kv_heads=2 head_dim=128 kv_head=0 worker=0 profiled_total=370 q_load=2 k_load=65 v_load=49 qk_dot=4 safe_sm=244 core_acc=2 o_scale=1 o_store=3 kv_dma_issue=4 kv_dma_wait=9 kv_transform=97
FIG8_ATTENTION_TIMERS mode=scna-int8 scna_function=1 scna_kernel=0 scna_pipeline=1 phase=measure iteration=19 lut_exp=0 nonlinear_mode=2 scna_width=16 scna_exp=199 qo_len=8 kv_len=4096 n_heads=12 n_kv_heads=2 head_dim=128 kv_head=1 worker=0 profiled_total=356 q_load=2 k_load=66 v_load=48 qk_dot=3 safe_sm=231 core_acc=2 o_scale=2 o_store=2 kv_dma_issue=4 kv_dma_wait=9 kv_transform=97
FIG8_ATTENTION_EVENT_COUNT mode=scna-int8 qo_len=8 phase=measure iteration=19 events=16 max_events=6320 overflow=0
