alloc_shared_mem_buf: buf=0x7ac0e50000 fd=12 size=98304 flags=FASTRPC_MAP_FD
alloc_shared_mem_buf: buf=0x7824a00000 fd=13 size=2097152 flags=FASTRPC_MAP_FD
alloc_shared_mem_buf: buf=0x7824800000 fd=14 size=2097152 flags=FASTRPC_MAP_FD
alloc_shared_mem_buf: buf=0x7ac0e30000 fd=15 size=98304 flags=FASTRPC_MAP_FD
alloc_shared_mem_buf: buf=0x7ac0e10000 fd=16 size=131072 flags=FASTRPC_MAP_FD
alloc_shared_mem_buf: buf=0x7824720000 fd=17 size=902912 flags=FASTRPC_MAP_FD
alloc_shared_mem_buf: buf=0x7ac274f000 fd=18 size=4096 flags=FASTRPC_MAP_FD
No-op channel request completed
FIG8_ATTENTION_CONFIG mode=scna-fp16 scna_function=exp2 scna_kernel=direct scna_pipeline=on mask_mode=full qo_len=16 kv_len=4096 n_heads=12 n_kv_heads=2 head_dim=128 warmup=5 iters=20 scna_width=32 q_size=98304 kv_size=2097152 mask_size=131072 profile_size=902912 profile_max_records=10 profile_max_events=12512 mode_flags=2084 print_events=0
FIG8_ATTENTION_HOST_TIMING mode=scna-fp16 scna_function=exp2 scna_kernel=direct scna_pipeline=on scna_width=32 qo_len=16 kv_len=4096 n_heads=12 n_kv_heads=2 head_dim=128 phase=warmup iteration=0 host_elapsed_us=2251 ret=0
FIG8_ATTENTION_PROFILE_COUNT mode=scna-fp16 qo_len=16 phase=warmup iteration=0 records=2 max_records=10
FIG8_ATTENTION_TIMERS mode=scna-fp16 scna_function=0 scna_kernel=0 scna_pipeline=1 phase=warmup iteration=0 lut_exp=0 nonlinear_mode=1 scna_width=32 scna_exp=730 qo_len=16 kv_len=4096 n_heads=12 n_kv_heads=2 head_dim=128 kv_head=0 worker=0 profiled_total=978 q_load=5 k_load=66 v_load=56 qk_dot=7 safe_sm=827 core_acc=8 o_scale=2 o_store=7 kv_dma_issue=6 kv_dma_wait=16 kv_transform=96
FIG8_ATTENTION_TIMERS mode=scna-fp16 scna_function=0 scna_kernel=0 scna_pipeline=1 phase=warmup iteration=0 lut_exp=0 nonlinear_mode=1 scna_width=32 scna_exp=720 qo_len=16 kv_len=4096 n_heads=12 n_kv_heads=2 head_dim=128 kv_head=1 worker=0 profiled_total=946 q_load=4 k_load=66 v_load=56 qk_dot=6 safe_sm=802 core_acc=6 o_scale=1 o_store=5 kv_dma_issue=5 kv_dma_wait=15 kv_transform=97
FIG8_ATTENTION_EVENT_COUNT mode=scna-fp16 qo_len=16 phase=warmup iteration=0 events=16 max_events=12512 overflow=0
FIG8_ATTENTION_HOST_TIMING mode=scna-fp16 scna_function=exp2 scna_kernel=direct scna_pipeline=on scna_width=32 qo_len=16 kv_len=4096 n_heads=12 n_kv_heads=2 head_dim=128 phase=warmup iteration=1 host_elapsed_us=2137 ret=0
FIG8_ATTENTION_PROFILE_COUNT mode=scna-fp16 qo_len=16 phase=warmup iteration=1 records=2 max_records=10
FIG8_ATTENTION_TIMERS mode=scna-fp16 scna_function=0 scna_kernel=0 scna_pipeline=1 phase=warmup iteration=1 lut_exp=0 nonlinear_mode=1 scna_width=32 scna_exp=716 qo_len=16 kv_len=4096 n_heads=12 n_kv_heads=2 head_dim=128 kv_head=0 worker=0 profiled_total=944 q_load=4 k_load=65 v_load=53 qk_dot=6 safe_sm=804 core_acc=5 o_scale=2 o_store=5 kv_dma_issue=5 kv_dma_wait=13 kv_transform=97
FIG8_ATTENTION_TIMERS mode=scna-fp16 scna_function=0 scna_kernel=0 scna_pipeline=1 phase=warmup iteration=1 lut_exp=0 nonlinear_mode=1 scna_width=32 scna_exp=717 qo_len=16 kv_len=4096 n_heads=12 n_kv_heads=2 head_dim=128 kv_head=1 worker=0 profiled_total=936 q_load=4 k_load=66 v_load=54 qk_dot=5 safe_sm=795 core_acc=6 o_scale=1 o_store=5 kv_dma_issue=4 kv_dma_wait=15 kv_transform=97
FIG8_ATTENTION_EVENT_COUNT mode=scna-fp16 qo_len=16 phase=warmup iteration=1 events=16 max_events=12512 overflow=0
FIG8_ATTENTION_HOST_TIMING mode=scna-fp16 scna_function=exp2 scna_kernel=direct scna_pipeline=on scna_width=32 qo_len=16 kv_len=4096 n_heads=12 n_kv_heads=2 head_dim=128 phase=warmup iteration=2 host_elapsed_us=2141 ret=0
FIG8_ATTENTION_PROFILE_COUNT mode=scna-fp16 qo_len=16 phase=warmup iteration=2 records=2 max_records=10
FIG8_ATTENTION_TIMERS mode=scna-fp16 scna_function=0 scna_kernel=0 scna_pipeline=1 phase=warmup iteration=2 lut_exp=0 nonlinear_mode=1 scna_width=32 scna_exp=717 qo_len=16 kv_len=4096 n_heads=12 n_kv_heads=2 head_dim=128 kv_head=0 worker=0 profiled_total=943 q_load=4 k_load=65 v_load=53 qk_dot=5 safe_sm=805 core_acc=5 o_scale=1 o_store=5 kv_dma_issue=4 kv_dma_wait=14 kv_transform=97
FIG8_ATTENTION_TIMERS mode=scna-fp16 scna_function=0 scna_kernel=0 scna_pipeline=1 phase=warmup iteration=2 lut_exp=0 nonlinear_mode=1 scna_width=32 scna_exp=716 qo_len=16 kv_len=4096 n_heads=12 n_kv_heads=2 head_dim=128 kv_head=1 worker=0 profiled_total=935 q_load=4 k_load=66 v_load=54 qk_dot=5 safe_sm=794 core_acc=6 o_scale=1 o_store=5 kv_dma_issue=5 kv_dma_wait=15 kv_transform=96
FIG8_ATTENTION_EVENT_COUNT mode=scna-fp16 qo_len=16 phase=warmup iteration=2 events=16 max_events=12512 overflow=0
FIG8_ATTENTION_HOST_TIMING mode=scna-fp16 scna_function=exp2 scna_kernel=direct scna_pipeline=on scna_width=32 qo_len=16 kv_len=4096 n_heads=12 n_kv_heads=2 head_dim=128 phase=warmup iteration=3 host_elapsed_us=2147 ret=0
FIG8_ATTENTION_PROFILE_COUNT mode=scna-fp16 qo_len=16 phase=warmup iteration=3 records=2 max_records=10
FIG8_ATTENTION_TIMERS mode=scna-fp16 scna_function=0 scna_kernel=0 scna_pipeline=1 phase=warmup iteration=3 lut_exp=0 nonlinear_mode=1 scna_width=32 scna_exp=716 qo_len=16 kv_len=4096 n_heads=12 n_kv_heads=2 head_dim=128 kv_head=0 worker=0 profiled_total=935 q_load=4 k_load=65 v_load=51 qk_dot=6 safe_sm=798 core_acc=5 o_scale=1 o_store=5 kv_dma_issue=5 kv_dma_wait=12 kv_transform=96
FIG8_ATTENTION_TIMERS mode=scna-fp16 scna_function=0 scna_kernel=0 scna_pipeline=1 phase=warmup iteration=3 lut_exp=0 nonlinear_mode=1 scna_width=32 scna_exp=716 qo_len=16 kv_len=4096 n_heads=12 n_kv_heads=2 head_dim=128 kv_head=1 worker=0 profiled_total=925 q_load=4 k_load=66 v_load=51 qk_dot=5 safe_sm=787 core_acc=6 o_scale=1 o_store=5 kv_dma_issue=5 kv_dma_wait=12 kv_transform=97
FIG8_ATTENTION_EVENT_COUNT mode=scna-fp16 qo_len=16 phase=warmup iteration=3 events=16 max_events=12512 overflow=0
FIG8_ATTENTION_HOST_TIMING mode=scna-fp16 scna_function=exp2 scna_kernel=direct scna_pipeline=on scna_width=32 qo_len=16 kv_len=4096 n_heads=12 n_kv_heads=2 head_dim=128 phase=warmup iteration=4 host_elapsed_us=2119 ret=0
FIG8_ATTENTION_PROFILE_COUNT mode=scna-fp16 qo_len=16 phase=warmup iteration=4 records=2 max_records=10
FIG8_ATTENTION_TIMERS mode=scna-fp16 scna_function=0 scna_kernel=0 scna_pipeline=1 phase=warmup iteration=4 lut_exp=0 nonlinear_mode=1 scna_width=32 scna_exp=716 qo_len=16 kv_len=4096 n_heads=12 n_kv_heads=2 head_dim=128 kv_head=0 worker=0 profiled_total=950 q_load=4 k_load=66 v_load=59 qk_dot=5 safe_sm=806 core_acc=4 o_scale=1 o_store=5 kv_dma_issue=4 kv_dma_wait=19 kv_transform=97
FIG8_ATTENTION_TIMERS mode=scna-fp16 scna_function=0 scna_kernel=0 scna_pipeline=1 phase=warmup iteration=4 lut_exp=0 nonlinear_mode=1 scna_width=32 scna_exp=717 qo_len=16 kv_len=4096 n_heads=12 n_kv_heads=2 head_dim=128 kv_head=1 worker=0 profiled_total=938 q_load=4 k_load=67 v_load=55 qk_dot=5 safe_sm=795 core_acc=6 o_scale=1 o_store=5 kv_dma_issue=5 kv_dma_wait=17 kv_transform=96
FIG8_ATTENTION_EVENT_COUNT mode=scna-fp16 qo_len=16 phase=warmup iteration=4 events=16 max_events=12512 overflow=0
FIG8_ATTENTION_HOST_TIMING mode=scna-fp16 scna_function=exp2 scna_kernel=direct scna_pipeline=on scna_width=32 qo_len=16 kv_len=4096 n_heads=12 n_kv_heads=2 head_dim=128 phase=measure iteration=0 host_elapsed_us=2125 ret=0
FIG8_ATTENTION_PROFILE_COUNT mode=scna-fp16 qo_len=16 phase=measure iteration=0 records=2 max_records=10
FIG8_ATTENTION_TIMERS mode=scna-fp16 scna_function=0 scna_kernel=0 scna_pipeline=1 phase=measure iteration=0 lut_exp=0 nonlinear_mode=1 scna_width=32 scna_exp=717 qo_len=16 kv_len=4096 n_heads=12 n_kv_heads=2 head_dim=128 kv_head=0 worker=0 profiled_total=952 q_load=4 k_load=66 v_load=58 qk_dot=6 safe_sm=807 core_acc=5 o_scale=1 o_store=5 kv_dma_issue=5 kv_dma_wait=19 kv_transform=97
FIG8_ATTENTION_TIMERS mode=scna-fp16 scna_function=0 scna_kernel=0 scna_pipeline=1 phase=measure iteration=0 lut_exp=0 nonlinear_mode=1 scna_width=32 scna_exp=716 qo_len=16 kv_len=4096 n_heads=12 n_kv_heads=2 head_dim=128 kv_head=1 worker=0 profiled_total=942 q_load=4 k_load=67 v_load=57 qk_dot=5 safe_sm=797 core_acc=6 o_scale=1 o_store=5 kv_dma_issue=5 kv_dma_wait=19 kv_transform=96
FIG8_ATTENTION_EVENT_COUNT mode=scna-fp16 qo_len=16 phase=measure iteration=0 events=16 max_events=12512 overflow=0
FIG8_ATTENTION_HOST_TIMING mode=scna-fp16 scna_function=exp2 scna_kernel=direct scna_pipeline=on scna_width=32 qo_len=16 kv_len=4096 n_heads=12 n_kv_heads=2 head_dim=128 phase=measure iteration=1 host_elapsed_us=2134 ret=0
FIG8_ATTENTION_PROFILE_COUNT mode=scna-fp16 qo_len=16 phase=measure iteration=1 records=2 max_records=10
FIG8_ATTENTION_TIMERS mode=scna-fp16 scna_function=0 scna_kernel=0 scna_pipeline=1 phase=measure iteration=1 lut_exp=0 nonlinear_mode=1 scna_width=32 scna_exp=716 qo_len=16 kv_len=4096 n_heads=12 n_kv_heads=2 head_dim=128 kv_head=0 worker=0 profiled_total=949 q_load=4 k_load=65 v_load=58 qk_dot=5 safe_sm=806 core_acc=5 o_scale=1 o_store=5 kv_dma_issue=5 kv_dma_wait=19 kv_transform=96
FIG8_ATTENTION_TIMERS mode=scna-fp16 scna_function=0 scna_kernel=0 scna_pipeline=1 phase=measure iteration=1 lut_exp=0 nonlinear_mode=1 scna_width=32 scna_exp=716 qo_len=16 kv_len=4096 n_heads=12 n_kv_heads=2 head_dim=128 kv_head=1 worker=0 profiled_total=943 q_load=4 k_load=68 v_load=58 qk_dot=5 safe_sm=795 core_acc=6 o_scale=2 o_store=5 kv_dma_issue=5 kv_dma_wait=21 kv_transform=96
FIG8_ATTENTION_EVENT_COUNT mode=scna-fp16 qo_len=16 phase=measure iteration=1 events=16 max_events=12512 overflow=0
FIG8_ATTENTION_HOST_TIMING mode=scna-fp16 scna_function=exp2 scna_kernel=direct scna_pipeline=on scna_width=32 qo_len=16 kv_len=4096 n_heads=12 n_kv_heads=2 head_dim=128 phase=measure iteration=2 host_elapsed_us=2133 ret=0
FIG8_ATTENTION_PROFILE_COUNT mode=scna-fp16 qo_len=16 phase=measure iteration=2 records=2 max_records=10
FIG8_ATTENTION_TIMERS mode=scna-fp16 scna_function=0 scna_kernel=0 scna_pipeline=1 phase=measure iteration=2 lut_exp=0 nonlinear_mode=1 scna_width=32 scna_exp=716 qo_len=16 kv_len=4096 n_heads=12 n_kv_heads=2 head_dim=128 kv_head=0 worker=0 profiled_total=951 q_load=4 k_load=65 v_load=58 qk_dot=6 safe_sm=807 core_acc=4 o_scale=2 o_store=5 kv_dma_issue=4 kv_dma_wait=19 kv_transform=96
FIG8_ATTENTION_TIMERS mode=scna-fp16 scna_function=0 scna_kernel=0 scna_pipeline=1 phase=measure iteration=2 lut_exp=0 nonlinear_mode=1 scna_width=32 scna_exp=716 qo_len=16 kv_len=4096 n_heads=12 n_kv_heads=2 head_dim=128 kv_head=1 worker=0 profiled_total=945 q_load=4 k_load=68 v_load=57 qk_dot=5 safe_sm=798 core_acc=6 o_scale=2 o_store=5 kv_dma_issue=4 kv_dma_wait=20 kv_transform=97
FIG8_ATTENTION_EVENT_COUNT mode=scna-fp16 qo_len=16 phase=measure iteration=2 events=16 max_events=12512 overflow=0
FIG8_ATTENTION_HOST_TIMING mode=scna-fp16 scna_function=exp2 scna_kernel=direct scna_pipeline=on scna_width=32 qo_len=16 kv_len=4096 n_heads=12 n_kv_heads=2 head_dim=128 phase=measure iteration=3 host_elapsed_us=2136 ret=0
FIG8_ATTENTION_PROFILE_COUNT mode=scna-fp16 qo_len=16 phase=measure iteration=3 records=2 max_records=10
FIG8_ATTENTION_TIMERS mode=scna-fp16 scna_function=0 scna_kernel=0 scna_pipeline=1 phase=measure iteration=3 lut_exp=0 nonlinear_mode=1 scna_width=32 scna_exp=716 qo_len=16 kv_len=4096 n_heads=12 n_kv_heads=2 head_dim=128 kv_head=0 worker=0 profiled_total=946 q_load=4 k_load=65 v_load=58 qk_dot=5 safe_sm=804 core_acc=4 o_scale=1 o_store=5 kv_dma_issue=5 kv_dma_wait=19 kv_transform=96
FIG8_ATTENTION_TIMERS mode=scna-fp16 scna_function=0 scna_kernel=0 scna_pipeline=1 phase=measure iteration=3 lut_exp=0 nonlinear_mode=1 scna_width=32 scna_exp=716 qo_len=16 kv_len=4096 n_heads=12 n_kv_heads=2 head_dim=128 kv_head=1 worker=0 profiled_total=945 q_load=4 k_load=67 v_load=58 qk_dot=5 safe_sm=799 core_acc=6 o_scale=1 o_store=5 kv_dma_issue=5 kv_dma_wait=20 kv_transform=96
FIG8_ATTENTION_EVENT_COUNT mode=scna-fp16 qo_len=16 phase=measure iteration=3 events=16 max_events=12512 overflow=0
FIG8_ATTENTION_HOST_TIMING mode=scna-fp16 scna_function=exp2 scna_kernel=direct scna_pipeline=on scna_width=32 qo_len=16 kv_len=4096 n_heads=12 n_kv_heads=2 head_dim=128 phase=measure iteration=4 host_elapsed_us=2131 ret=0
FIG8_ATTENTION_PROFILE_COUNT mode=scna-fp16 qo_len=16 phase=measure iteration=4 records=2 max_records=10
FIG8_ATTENTION_TIMERS mode=scna-fp16 scna_function=0 scna_kernel=0 scna_pipeline=1 phase=measure iteration=4 lut_exp=0 nonlinear_mode=1 scna_width=32 scna_exp=716 qo_len=16 kv_len=4096 n_heads=12 n_kv_heads=2 head_dim=128 kv_head=0 worker=0 profiled_total=952 q_load=4 k_load=65 v_load=59 qk_dot=6 safe_sm=807 core_acc=5 o_scale=1 o_store=5 kv_dma_issue=4 kv_dma_wait=20 kv_transform=96
FIG8_ATTENTION_TIMERS mode=scna-fp16 scna_function=0 scna_kernel=0 scna_pipeline=1 phase=measure iteration=4 lut_exp=0 nonlinear_mode=1 scna_width=32 scna_exp=716 qo_len=16 kv_len=4096 n_heads=12 n_kv_heads=2 head_dim=128 kv_head=1 worker=0 profiled_total=945 q_load=4 k_load=68 v_load=58 qk_dot=5 safe_sm=797 core_acc=6 o_scale=2 o_store=5 kv_dma_issue=5 kv_dma_wait=21 kv_transform=96
FIG8_ATTENTION_EVENT_COUNT mode=scna-fp16 qo_len=16 phase=measure iteration=4 events=16 max_events=12512 overflow=0
FIG8_ATTENTION_HOST_TIMING mode=scna-fp16 scna_function=exp2 scna_kernel=direct scna_pipeline=on scna_width=32 qo_len=16 kv_len=4096 n_heads=12 n_kv_heads=2 head_dim=128 phase=measure iteration=5 host_elapsed_us=2132 ret=0
FIG8_ATTENTION_PROFILE_COUNT mode=scna-fp16 qo_len=16 phase=measure iteration=5 records=2 max_records=10
FIG8_ATTENTION_TIMERS mode=scna-fp16 scna_function=0 scna_kernel=0 scna_pipeline=1 phase=measure iteration=5 lut_exp=0 nonlinear_mode=1 scna_width=32 scna_exp=716 qo_len=16 kv_len=4096 n_heads=12 n_kv_heads=2 head_dim=128 kv_head=0 worker=0 profiled_total=947 q_load=4 k_load=65 v_load=58 qk_dot=5 safe_sm=805 core_acc=4 o_scale=1 o_store=5 kv_dma_issue=5 kv_dma_wait=20 kv_transform=96
FIG8_ATTENTION_TIMERS mode=scna-fp16 scna_function=0 scna_kernel=0 scna_pipeline=1 phase=measure iteration=5 lut_exp=0 nonlinear_mode=1 scna_width=32 scna_exp=716 qo_len=16 kv_len=4096 n_heads=12 n_kv_heads=2 head_dim=128 kv_head=1 worker=0 profiled_total=944 q_load=4 k_load=68 v_load=58 qk_dot=5 safe_sm=797 core_acc=6 o_scale=1 o_store=5 kv_dma_issue=5 kv_dma_wait=20 kv_transform=96
FIG8_ATTENTION_EVENT_COUNT mode=scna-fp16 qo_len=16 phase=measure iteration=5 events=16 max_events=12512 overflow=0
FIG8_ATTENTION_HOST_TIMING mode=scna-fp16 scna_function=exp2 scna_kernel=direct scna_pipeline=on scna_width=32 qo_len=16 kv_len=4096 n_heads=12 n_kv_heads=2 head_dim=128 phase=measure iteration=6 host_elapsed_us=2175 ret=0
FIG8_ATTENTION_PROFILE_COUNT mode=scna-fp16 qo_len=16 phase=measure iteration=6 records=2 max_records=10
FIG8_ATTENTION_TIMERS mode=scna-fp16 scna_function=0 scna_kernel=0 scna_pipeline=1 phase=measure iteration=6 lut_exp=0 nonlinear_mode=1 scna_width=32 scna_exp=716 qo_len=16 kv_len=4096 n_heads=12 n_kv_heads=2 head_dim=128 kv_head=0 worker=0 profiled_total=957 q_load=4 k_load=65 v_load=64 qk_dot=6 safe_sm=807 core_acc=5 o_scale=1 o_store=5 kv_dma_issue=4 kv_dma_wait=25 kv_transform=97
FIG8_ATTENTION_TIMERS mode=scna-fp16 scna_function=0 scna_kernel=0 scna_pipeline=1 phase=measure iteration=6 lut_exp=0 nonlinear_mode=1 scna_width=32 scna_exp=716 qo_len=16 kv_len=4096 n_heads=12 n_kv_heads=2 head_dim=128 kv_head=1 worker=0 profiled_total=963 q_load=4 k_load=73 v_load=71 qk_dot=5 safe_sm=798 core_acc=6 o_scale=1 o_store=5 kv_dma_issue=4 kv_dma_wait=39 kv_transform=96
FIG8_ATTENTION_EVENT_COUNT mode=scna-fp16 qo_len=16 phase=measure iteration=6 events=16 max_events=12512 overflow=0
FIG8_ATTENTION_HOST_TIMING mode=scna-fp16 scna_function=exp2 scna_kernel=direct scna_pipeline=on scna_width=32 qo_len=16 kv_len=4096 n_heads=12 n_kv_heads=2 head_dim=128 phase=measure iteration=7 host_elapsed_us=2220 ret=0
FIG8_ATTENTION_PROFILE_COUNT mode=scna-fp16 qo_len=16 phase=measure iteration=7 records=2 max_records=10
FIG8_ATTENTION_TIMERS mode=scna-fp16 scna_function=0 scna_kernel=0 scna_pipeline=1 phase=measure iteration=7 lut_exp=0 nonlinear_mode=1 scna_width=32 scna_exp=716 qo_len=16 kv_len=4096 n_heads=12 n_kv_heads=2 head_dim=128 kv_head=0 worker=0 profiled_total=970 q_load=4 k_load=71 v_load=69 qk_dot=5 safe_sm=811 core_acc=4 o_scale=1 o_store=5 kv_dma_issue=5 kv_dma_wait=35 kv_transform=97
FIG8_ATTENTION_TIMERS mode=scna-fp16 scna_function=0 scna_kernel=0 scna_pipeline=1 phase=measure iteration=7 lut_exp=0 nonlinear_mode=1 scna_width=32 scna_exp=716 qo_len=16 kv_len=4096 n_heads=12 n_kv_heads=2 head_dim=128 kv_head=1 worker=0 profiled_total=971 q_load=4 k_load=76 v_load=74 qk_dot=5 safe_sm=800 core_acc=6 o_scale=1 o_store=5 kv_dma_issue=5 kv_dma_wait=45 kv_transform=96
FIG8_ATTENTION_EVENT_COUNT mode=scna-fp16 qo_len=16 phase=measure iteration=7 events=16 max_events=12512 overflow=0
FIG8_ATTENTION_HOST_TIMING mode=scna-fp16 scna_function=exp2 scna_kernel=direct scna_pipeline=on scna_width=32 qo_len=16 kv_len=4096 n_heads=12 n_kv_heads=2 head_dim=128 phase=measure iteration=8 host_elapsed_us=2247 ret=0
FIG8_ATTENTION_PROFILE_COUNT mode=scna-fp16 qo_len=16 phase=measure iteration=8 records=2 max_records=10
FIG8_ATTENTION_TIMERS mode=scna-fp16 scna_function=0 scna_kernel=0 scna_pipeline=1 phase=measure iteration=8 lut_exp=0 nonlinear_mode=1 scna_width=32 scna_exp=716 qo_len=16 kv_len=4096 n_heads=12 n_kv_heads=2 head_dim=128 kv_head=0 worker=0 profiled_total=975 q_load=4 k_load=72 v_load=72 qk_dot=6 safe_sm=811 core_acc=4 o_scale=1 o_store=5 kv_dma_issue=5 kv_dma_wait=40 kv_transform=96
FIG8_ATTENTION_TIMERS mode=scna-fp16 scna_function=0 scna_kernel=0 scna_pipeline=1 phase=measure iteration=8 lut_exp=0 nonlinear_mode=1 scna_width=32 scna_exp=716 qo_len=16 kv_len=4096 n_heads=12 n_kv_heads=2 head_dim=128 kv_head=1 worker=0 profiled_total=971 q_load=4 k_load=79 v_load=71 qk_dot=5 safe_sm=800 core_acc=6 o_scale=1 o_store=5 kv_dma_issue=4 kv_dma_wait=45 kv_transform=96
FIG8_ATTENTION_EVENT_COUNT mode=scna-fp16 qo_len=16 phase=measure iteration=8 events=16 max_events=12512 overflow=0
FIG8_ATTENTION_HOST_TIMING mode=scna-fp16 scna_function=exp2 scna_kernel=direct scna_pipeline=on scna_width=32 qo_len=16 kv_len=4096 n_heads=12 n_kv_heads=2 head_dim=128 phase=measure iteration=9 host_elapsed_us=2243 ret=0
FIG8_ATTENTION_PROFILE_COUNT mode=scna-fp16 qo_len=16 phase=measure iteration=9 records=2 max_records=10
FIG8_ATTENTION_TIMERS mode=scna-fp16 scna_function=0 scna_kernel=0 scna_pipeline=1 phase=measure iteration=9 lut_exp=0 nonlinear_mode=1 scna_width=32 scna_exp=716 qo_len=16 kv_len=4096 n_heads=12 n_kv_heads=2 head_dim=128 kv_head=0 worker=0 profiled_total=973 q_load=4 k_load=73 v_load=72 qk_dot=5 safe_sm=809 core_acc=4 o_scale=1 o_store=5 kv_dma_issue=5 kv_dma_wait=41 kv_transform=96
FIG8_ATTENTION_TIMERS mode=scna-fp16 scna_function=0 scna_kernel=0 scna_pipeline=1 phase=measure iteration=9 lut_exp=0 nonlinear_mode=1 scna_width=32 scna_exp=717 qo_len=16 kv_len=4096 n_heads=12 n_kv_heads=2 head_dim=128 kv_head=1 worker=0 profiled_total=972 q_load=4 k_load=78 v_load=71 qk_dot=5 safe_sm=801 core_acc=6 o_scale=2 o_store=5 kv_dma_issue=5 kv_dma_wait=45 kv_transform=96
FIG8_ATTENTION_EVENT_COUNT mode=scna-fp16 qo_len=16 phase=measure iteration=9 events=16 max_events=12512 overflow=0
FIG8_ATTENTION_HOST_TIMING mode=scna-fp16 scna_function=exp2 scna_kernel=direct scna_pipeline=on scna_width=32 qo_len=16 kv_len=4096 n_heads=12 n_kv_heads=2 head_dim=128 phase=measure iteration=10 host_elapsed_us=2242 ret=0
FIG8_ATTENTION_PROFILE_COUNT mode=scna-fp16 qo_len=16 phase=measure iteration=10 records=2 max_records=10
FIG8_ATTENTION_TIMERS mode=scna-fp16 scna_function=0 scna_kernel=0 scna_pipeline=1 phase=measure iteration=10 lut_exp=0 nonlinear_mode=1 scna_width=32 scna_exp=717 qo_len=16 kv_len=4096 n_heads=12 n_kv_heads=2 head_dim=128 kv_head=0 worker=0 profiled_total=965 q_load=4 k_load=72 v_load=63 qk_dot=6 safe_sm=809 core_acc=5 o_scale=1 o_store=5 kv_dma_issue=4 kv_dma_wait=32 kv_transform=96
FIG8_ATTENTION_TIMERS mode=scna-fp16 scna_function=0 scna_kernel=0 scna_pipeline=1 phase=measure iteration=10 lut_exp=0 nonlinear_mode=1 scna_width=32 scna_exp=717 qo_len=16 kv_len=4096 n_heads=12 n_kv_heads=2 head_dim=128 kv_head=1 worker=0 profiled_total=973 q_load=4 k_load=79 v_load=70 qk_dot=5 safe_sm=803 core_acc=6 o_scale=1 o_store=5 kv_dma_issue=5 kv_dma_wait=44 kv_transform=96
FIG8_ATTENTION_EVENT_COUNT mode=scna-fp16 qo_len=16 phase=measure iteration=10 events=16 max_events=12512 overflow=0
FIG8_ATTENTION_HOST_TIMING mode=scna-fp16 scna_function=exp2 scna_kernel=direct scna_pipeline=on scna_width=32 qo_len=16 kv_len=4096 n_heads=12 n_kv_heads=2 head_dim=128 phase=measure iteration=11 host_elapsed_us=2269 ret=0
FIG8_ATTENTION_PROFILE_COUNT mode=scna-fp16 qo_len=16 phase=measure iteration=11 records=2 max_records=10
FIG8_ATTENTION_TIMERS mode=scna-fp16 scna_function=0 scna_kernel=0 scna_pipeline=1 phase=measure iteration=11 lut_exp=0 nonlinear_mode=1 scna_width=32 scna_exp=716 qo_len=16 kv_len=4096 n_heads=12 n_kv_heads=2 head_dim=128 kv_head=0 worker=0 profiled_total=971 q_load=4 k_load=72 v_load=70 qk_dot=5 safe_sm=810 core_acc=4 o_scale=1 o_store=5 kv_dma_issue=5 kv_dma_wait=38 kv_transform=96
FIG8_ATTENTION_TIMERS mode=scna-fp16 scna_function=0 scna_kernel=0 scna_pipeline=1 phase=measure iteration=11 lut_exp=0 nonlinear_mode=1 scna_width=32 scna_exp=716 qo_len=16 kv_len=4096 n_heads=12 n_kv_heads=2 head_dim=128 kv_head=1 worker=0 profiled_total=968 q_load=4 k_load=78 v_load=68 qk_dot=5 safe_sm=800 core_acc=6 o_scale=2 o_store=5 kv_dma_issue=5 kv_dma_wait=40 kv_transform=96
FIG8_ATTENTION_EVENT_COUNT mode=scna-fp16 qo_len=16 phase=measure iteration=11 events=16 max_events=12512 overflow=0
FIG8_ATTENTION_HOST_TIMING mode=scna-fp16 scna_function=exp2 scna_kernel=direct scna_pipeline=on scna_width=32 qo_len=16 kv_len=4096 n_heads=12 n_kv_heads=2 head_dim=128 phase=measure iteration=12 host_elapsed_us=2226 ret=0
FIG8_ATTENTION_PROFILE_COUNT mode=scna-fp16 qo_len=16 phase=measure iteration=12 records=2 max_records=10
FIG8_ATTENTION_TIMERS mode=scna-fp16 scna_function=0 scna_kernel=0 scna_pipeline=1 phase=measure iteration=12 lut_exp=0 nonlinear_mode=1 scna_width=32 scna_exp=716 qo_len=16 kv_len=4096 n_heads=12 n_kv_heads=2 head_dim=128 kv_head=0 worker=0 profiled_total=966 q_load=4 k_load=72 v_load=67 qk_dot=6 safe_sm=807 core_acc=4 o_scale=1 o_store=5 kv_dma_issue=5 kv_dma_wait=36 kv_transform=96
FIG8_ATTENTION_TIMERS mode=scna-fp16 scna_function=0 scna_kernel=0 scna_pipeline=1 phase=measure iteration=12 lut_exp=0 nonlinear_mode=1 scna_width=32 scna_exp=717 qo_len=16 kv_len=4096 n_heads=12 n_kv_heads=2 head_dim=128 kv_head=1 worker=0 profiled_total=964 q_load=4 k_load=75 v_load=69 qk_dot=5 safe_sm=798 core_acc=6 o_scale=2 o_store=5 kv_dma_issue=5 kv_dma_wait=39 kv_transform=97
FIG8_ATTENTION_EVENT_COUNT mode=scna-fp16 qo_len=16 phase=measure iteration=12 events=16 max_events=12512 overflow=0
FIG8_ATTENTION_HOST_TIMING mode=scna-fp16 scna_function=exp2 scna_kernel=direct scna_pipeline=on scna_width=32 qo_len=16 kv_len=4096 n_heads=12 n_kv_heads=2 head_dim=128 phase=measure iteration=13 host_elapsed_us=2210 ret=0
FIG8_ATTENTION_PROFILE_COUNT mode=scna-fp16 qo_len=16 phase=measure iteration=13 records=2 max_records=10
FIG8_ATTENTION_TIMERS mode=scna-fp16 scna_function=0 scna_kernel=0 scna_pipeline=1 phase=measure iteration=13 lut_exp=0 nonlinear_mode=1 scna_width=32 scna_exp=716 qo_len=16 kv_len=4096 n_heads=12 n_kv_heads=2 head_dim=128 kv_head=0 worker=0 profiled_total=960 q_load=4 k_load=72 v_load=61 qk_dot=5 safe_sm=808 core_acc=4 o_scale=1 o_store=5 kv_dma_issue=4 kv_dma_wait=29 kv_transform=96
FIG8_ATTENTION_TIMERS mode=scna-fp16 scna_function=0 scna_kernel=0 scna_pipeline=1 phase=measure iteration=13 lut_exp=0 nonlinear_mode=1 scna_width=32 scna_exp=716 qo_len=16 kv_len=4096 n_heads=12 n_kv_heads=2 head_dim=128 kv_head=1 worker=0 profiled_total=951 q_load=3 k_load=71 v_load=68 qk_dot=5 safe_sm=791 core_acc=6 o_scale=2 o_store=5 kv_dma_issue=5 kv_dma_wait=34 kv_transform=96
FIG8_ATTENTION_EVENT_COUNT mode=scna-fp16 qo_len=16 phase=measure iteration=13 events=16 max_events=12512 overflow=0
FIG8_ATTENTION_HOST_TIMING mode=scna-fp16 scna_function=exp2 scna_kernel=direct scna_pipeline=on scna_width=32 qo_len=16 kv_len=4096 n_heads=12 n_kv_heads=2 head_dim=128 phase=measure iteration=14 host_elapsed_us=2241 ret=0
FIG8_ATTENTION_PROFILE_COUNT mode=scna-fp16 qo_len=16 phase=measure iteration=14 records=2 max_records=10
FIG8_ATTENTION_TIMERS mode=scna-fp16 scna_function=0 scna_kernel=0 scna_pipeline=1 phase=measure iteration=14 lut_exp=0 nonlinear_mode=1 scna_width=32 scna_exp=716 qo_len=16 kv_len=4096 n_heads=12 n_kv_heads=2 head_dim=128 kv_head=0 worker=0 profiled_total=967 q_load=4 k_load=71 v_load=67 qk_dot=6 safe_sm=809 core_acc=4 o_scale=1 o_store=5 kv_dma_issue=4 kv_dma_wait=34 kv_transform=96
FIG8_ATTENTION_TIMERS mode=scna-fp16 scna_function=0 scna_kernel=0 scna_pipeline=1 phase=measure iteration=14 lut_exp=0 nonlinear_mode=1 scna_width=32 scna_exp=716 qo_len=16 kv_len=4096 n_heads=12 n_kv_heads=2 head_dim=128 kv_head=1 worker=0 profiled_total=962 q_load=4 k_load=75 v_load=67 qk_dot=5 safe_sm=799 core_acc=6 o_scale=1 o_store=5 kv_dma_issue=4 kv_dma_wait=36 kv_transform=97
FIG8_ATTENTION_EVENT_COUNT mode=scna-fp16 qo_len=16 phase=measure iteration=14 events=16 max_events=12512 overflow=0
FIG8_ATTENTION_HOST_TIMING mode=scna-fp16 scna_function=exp2 scna_kernel=direct scna_pipeline=on scna_width=32 qo_len=16 kv_len=4096 n_heads=12 n_kv_heads=2 head_dim=128 phase=measure iteration=15 host_elapsed_us=2236 ret=0
FIG8_ATTENTION_PROFILE_COUNT mode=scna-fp16 qo_len=16 phase=measure iteration=15 records=2 max_records=10
FIG8_ATTENTION_TIMERS mode=scna-fp16 scna_function=0 scna_kernel=0 scna_pipeline=1 phase=measure iteration=15 lut_exp=0 nonlinear_mode=1 scna_width=32 scna_exp=716 qo_len=16 kv_len=4096 n_heads=12 n_kv_heads=2 head_dim=128 kv_head=0 worker=0 profiled_total=965 q_load=4 k_load=70 v_load=67 qk_dot=5 safe_sm=808 core_acc=5 o_scale=1 o_store=5 kv_dma_issue=5 kv_dma_wait=33 kv_transform=96
FIG8_ATTENTION_TIMERS mode=scna-fp16 scna_function=0 scna_kernel=0 scna_pipeline=1 phase=measure iteration=15 lut_exp=0 nonlinear_mode=1 scna_width=32 scna_exp=716 qo_len=16 kv_len=4096 n_heads=12 n_kv_heads=2 head_dim=128 kv_head=1 worker=0 profiled_total=962 q_load=4 k_load=74 v_load=66 qk_dot=5 safe_sm=800 core_acc=6 o_scale=2 o_store=5 kv_dma_issue=5 kv_dma_wait=35 kv_transform=96
FIG8_ATTENTION_EVENT_COUNT mode=scna-fp16 qo_len=16 phase=measure iteration=15 events=16 max_events=12512 overflow=0
FIG8_ATTENTION_HOST_TIMING mode=scna-fp16 scna_function=exp2 scna_kernel=direct scna_pipeline=on scna_width=32 qo_len=16 kv_len=4096 n_heads=12 n_kv_heads=2 head_dim=128 phase=measure iteration=16 host_elapsed_us=2142 ret=0
FIG8_ATTENTION_PROFILE_COUNT mode=scna-fp16 qo_len=16 phase=measure iteration=16 records=2 max_records=10
FIG8_ATTENTION_TIMERS mode=scna-fp16 scna_function=0 scna_kernel=0 scna_pipeline=1 phase=measure iteration=16 lut_exp=0 nonlinear_mode=1 scna_width=32 scna_exp=716 qo_len=16 kv_len=4096 n_heads=12 n_kv_heads=2 head_dim=128 kv_head=0 worker=0 profiled_total=965 q_load=4 k_load=70 v_load=66 qk_dot=6 safe_sm=809 core_acc=4 o_scale=1 o_store=5 kv_dma_issue=4 kv_dma_wait=31 kv_transform=96
FIG8_ATTENTION_TIMERS mode=scna-fp16 scna_function=0 scna_kernel=0 scna_pipeline=1 phase=measure iteration=16 lut_exp=0 nonlinear_mode=1 scna_width=32 scna_exp=717 qo_len=16 kv_len=4096 n_heads=12 n_kv_heads=2 head_dim=128 kv_head=1 worker=0 profiled_total=956 q_load=4 k_load=74 v_load=63 qk_dot=5 safe_sm=798 core_acc=6 o_scale=1 o_store=5 kv_dma_issue=5 kv_dma_wait=31 kv_transform=96
FIG8_ATTENTION_EVENT_COUNT mode=scna-fp16 qo_len=16 phase=measure iteration=16 events=16 max_events=12512 overflow=0
FIG8_ATTENTION_HOST_TIMING mode=scna-fp16 scna_function=exp2 scna_kernel=direct scna_pipeline=on scna_width=32 qo_len=16 kv_len=4096 n_heads=12 n_kv_heads=2 head_dim=128 phase=measure iteration=17 host_elapsed_us=2173 ret=0
FIG8_ATTENTION_PROFILE_COUNT mode=scna-fp16 qo_len=16 phase=measure iteration=17 records=2 max_records=10
FIG8_ATTENTION_TIMERS mode=scna-fp16 scna_function=0 scna_kernel=0 scna_pipeline=1 phase=measure iteration=17 lut_exp=0 nonlinear_mode=1 scna_width=32 scna_exp=716 qo_len=16 kv_len=4096 n_heads=12 n_kv_heads=2 head_dim=128 kv_head=0 worker=0 profiled_total=955 q_load=4 k_load=69 v_load=60 qk_dot=5 safe_sm=806 core_acc=5 o_scale=1 o_store=5 kv_dma_issue=5 kv_dma_wait=25 kv_transform=96
FIG8_ATTENTION_TIMERS mode=scna-fp16 scna_function=0 scna_kernel=0 scna_pipeline=1 phase=measure iteration=17 lut_exp=0 nonlinear_mode=1 scna_width=32 scna_exp=716 qo_len=16 kv_len=4096 n_heads=12 n_kv_heads=2 head_dim=128 kv_head=1 worker=0 profiled_total=957 q_load=4 k_load=70 v_load=67 qk_dot=5 safe_sm=799 core_acc=6 o_scale=1 o_store=5 kv_dma_issue=5 kv_dma_wait=32 kv_transform=97
FIG8_ATTENTION_EVENT_COUNT mode=scna-fp16 qo_len=16 phase=measure iteration=17 events=16 max_events=12512 overflow=0
FIG8_ATTENTION_HOST_TIMING mode=scna-fp16 scna_function=exp2 scna_kernel=direct scna_pipeline=on scna_width=32 qo_len=16 kv_len=4096 n_heads=12 n_kv_heads=2 head_dim=128 phase=measure iteration=18 host_elapsed_us=2131 ret=0
FIG8_ATTENTION_PROFILE_COUNT mode=scna-fp16 qo_len=16 phase=measure iteration=18 records=2 max_records=10
FIG8_ATTENTION_TIMERS mode=scna-fp16 scna_function=0 scna_kernel=0 scna_pipeline=1 phase=measure iteration=18 lut_exp=0 nonlinear_mode=1 scna_width=32 scna_exp=716 qo_len=16 kv_len=4096 n_heads=12 n_kv_heads=2 head_dim=128 kv_head=0 worker=0 profiled_total=958 q_load=4 k_load=69 v_load=60 qk_dot=6 safe_sm=809 core_acc=4 o_scale=1 o_store=5 kv_dma_issue=4 kv_dma_wait=26 kv_transform=96
FIG8_ATTENTION_TIMERS mode=scna-fp16 scna_function=0 scna_kernel=0 scna_pipeline=1 phase=measure iteration=18 lut_exp=0 nonlinear_mode=1 scna_width=32 scna_exp=716 qo_len=16 kv_len=4096 n_heads=12 n_kv_heads=2 head_dim=128 kv_head=1 worker=0 profiled_total=958 q_load=4 k_load=74 v_load=62 qk_dot=5 safe_sm=800 core_acc=6 o_scale=2 o_store=5 kv_dma_issue=5 kv_dma_wait=30 kv_transform=96
FIG8_ATTENTION_EVENT_COUNT mode=scna-fp16 qo_len=16 phase=measure iteration=18 events=16 max_events=12512 overflow=0
FIG8_ATTENTION_HOST_TIMING mode=scna-fp16 scna_function=exp2 scna_kernel=direct scna_pipeline=on scna_width=32 qo_len=16 kv_len=4096 n_heads=12 n_kv_heads=2 head_dim=128 phase=measure iteration=19 host_elapsed_us=2129 ret=0
FIG8_ATTENTION_PROFILE_COUNT mode=scna-fp16 qo_len=16 phase=measure iteration=19 records=2 max_records=10
FIG8_ATTENTION_TIMERS mode=scna-fp16 scna_function=0 scna_kernel=0 scna_pipeline=1 phase=measure iteration=19 lut_exp=0 nonlinear_mode=1 scna_width=32 scna_exp=716 qo_len=16 kv_len=4096 n_heads=12 n_kv_heads=2 head_dim=128 kv_head=0 worker=0 profiled_total=968 q_load=4 k_load=70 v_load=67 qk_dot=5 safe_sm=812 core_acc=4 o_scale=1 o_store=5 kv_dma_issue=5 kv_dma_wait=33 kv_transform=96
FIG8_ATTENTION_TIMERS mode=scna-fp16 scna_function=0 scna_kernel=0 scna_pipeline=1 phase=measure iteration=19 lut_exp=0 nonlinear_mode=1 scna_width=32 scna_exp=716 qo_len=16 kv_len=4096 n_heads=12 n_kv_heads=2 head_dim=128 kv_head=1 worker=0 profiled_total=952 q_load=4 k_load=70 v_load=62 qk_dot=5 safe_sm=798 core_acc=6 o_scale=2 o_store=5 kv_dma_issue=4 kv_dma_wait=27 kv_transform=96
FIG8_ATTENTION_EVENT_COUNT mode=scna-fp16 qo_len=16 phase=measure iteration=19 events=16 max_events=12512 overflow=0
