alloc_shared_mem_buf: buf=0x74f793d000 fd=12 size=24576 flags=FASTRPC_MAP_FD
alloc_shared_mem_buf: buf=0x725bc00000 fd=13 size=2097152 flags=FASTRPC_MAP_FD
alloc_shared_mem_buf: buf=0x725ba00000 fd=14 size=2097152 flags=FASTRPC_MAP_FD
alloc_shared_mem_buf: buf=0x74f7880000 fd=15 size=24576 flags=FASTRPC_MAP_FD
alloc_shared_mem_buf: buf=0x74f7848000 fd=16 size=32768 flags=FASTRPC_MAP_FD
alloc_shared_mem_buf: buf=0x74f7610000 fd=17 size=234240 flags=FASTRPC_MAP_FD
alloc_shared_mem_buf: buf=0x74f7abd000 fd=18 size=4096 flags=FASTRPC_MAP_FD
No-op channel request completed
FIG8_ATTENTION_CONFIG mode=scna-fp16 scna_function=exp scna_kernel=tree scna_pipeline=on mask_mode=full qo_len=4 kv_len=4096 n_heads=12 n_kv_heads=2 head_dim=128 warmup=5 iters=20 scna_width=8 q_size=24576 kv_size=2097152 mask_size=32768 profile_size=234240 profile_max_records=10 profile_max_events=3224 mode_flags=3220 print_events=0
FIG8_ATTENTION_HOST_TIMING mode=scna-fp16 scna_function=exp scna_kernel=tree scna_pipeline=on scna_width=8 qo_len=4 kv_len=4096 n_heads=12 n_kv_heads=2 head_dim=128 phase=warmup iteration=0 host_elapsed_us=848 ret=0
FIG8_ATTENTION_PROFILE_COUNT mode=scna-fp16 qo_len=4 phase=warmup iteration=0 records=2 max_records=10
FIG8_ATTENTION_TIMERS mode=scna-fp16 scna_function=1 scna_kernel=1 scna_pipeline=1 phase=warmup iteration=0 lut_exp=0 nonlinear_mode=1 scna_width=8 scna_exp=79 qo_len=4 kv_len=4096 n_heads=12 n_kv_heads=2 head_dim=128 kv_head=0 worker=0 profiled_total=281 q_load=2 k_load=82 v_load=75 qk_dot=2 safe_sm=115 core_acc=1 o_scale=1 o_store=3 kv_dma_issue=5 kv_dma_wait=52 kv_transform=96
FIG8_ATTENTION_TIMERS mode=scna-fp16 scna_function=1 scna_kernel=1 scna_pipeline=1 phase=warmup iteration=0 lut_exp=0 nonlinear_mode=1 scna_width=8 scna_exp=78 qo_len=4 kv_len=4096 n_heads=12 n_kv_heads=2 head_dim=128 kv_head=1 worker=0 profiled_total=270 q_load=1 k_load=85 v_load=76 qk_dot=2 safe_sm=103 core_acc=1 o_scale=1 o_store=1 kv_dma_issue=5 kv_dma_wait=56 kv_transform=96
FIG8_ATTENTION_EVENT_COUNT mode=scna-fp16 qo_len=4 phase=warmup iteration=0 events=16 max_events=3224 overflow=0
FIG8_ATTENTION_HOST_TIMING mode=scna-fp16 scna_function=exp scna_kernel=tree scna_pipeline=on scna_width=8 qo_len=4 kv_len=4096 n_heads=12 n_kv_heads=2 head_dim=128 phase=warmup iteration=1 host_elapsed_us=773 ret=0
FIG8_ATTENTION_PROFILE_COUNT mode=scna-fp16 qo_len=4 phase=warmup iteration=1 records=2 max_records=10
FIG8_ATTENTION_TIMERS mode=scna-fp16 scna_function=1 scna_kernel=1 scna_pipeline=1 phase=warmup iteration=1 lut_exp=0 nonlinear_mode=1 scna_width=8 scna_exp=74 qo_len=4 kv_len=4096 n_heads=12 n_kv_heads=2 head_dim=128 kv_head=0 worker=0 profiled_total=267 q_load=1 k_load=80 v_load=74 qk_dot=2 safe_sm=109 core_acc=0 o_scale=0 o_store=1 kv_dma_issue=5 kv_dma_wait=50 kv_transform=97
FIG8_ATTENTION_TIMERS mode=scna-fp16 scna_function=1 scna_kernel=1 scna_pipeline=1 phase=warmup iteration=1 lut_exp=0 nonlinear_mode=1 scna_width=8 scna_exp=75 qo_len=4 kv_len=4096 n_heads=12 n_kv_heads=2 head_dim=128 kv_head=1 worker=0 profiled_total=255 q_load=1 k_load=81 v_load=75 qk_dot=1 safe_sm=95 core_acc=0 o_scale=1 o_store=1 kv_dma_issue=5 kv_dma_wait=50 kv_transform=97
FIG8_ATTENTION_EVENT_COUNT mode=scna-fp16 qo_len=4 phase=warmup iteration=1 events=16 max_events=3224 overflow=0
FIG8_ATTENTION_HOST_TIMING mode=scna-fp16 scna_function=exp scna_kernel=tree scna_pipeline=on scna_width=8 qo_len=4 kv_len=4096 n_heads=12 n_kv_heads=2 head_dim=128 phase=warmup iteration=2 host_elapsed_us=813 ret=0
FIG8_ATTENTION_PROFILE_COUNT mode=scna-fp16 qo_len=4 phase=warmup iteration=2 records=2 max_records=10
FIG8_ATTENTION_TIMERS mode=scna-fp16 scna_function=1 scna_kernel=1 scna_pipeline=1 phase=warmup iteration=2 lut_exp=0 nonlinear_mode=1 scna_width=8 scna_exp=73 qo_len=4 kv_len=4096 n_heads=12 n_kv_heads=2 head_dim=128 kv_head=0 worker=0 profiled_total=265 q_load=1 k_load=80 v_load=75 qk_dot=2 safe_sm=106 core_acc=0 o_scale=0 o_store=1 kv_dma_issue=5 kv_dma_wait=51 kv_transform=96
FIG8_ATTENTION_TIMERS mode=scna-fp16 scna_function=1 scna_kernel=1 scna_pipeline=1 phase=warmup iteration=2 lut_exp=0 nonlinear_mode=1 scna_width=8 scna_exp=75 qo_len=4 kv_len=4096 n_heads=12 n_kv_heads=2 head_dim=128 kv_head=1 worker=0 profiled_total=251 q_load=1 k_load=80 v_load=74 qk_dot=1 safe_sm=93 core_acc=0 o_scale=1 o_store=1 kv_dma_issue=4 kv_dma_wait=50 kv_transform=96
FIG8_ATTENTION_EVENT_COUNT mode=scna-fp16 qo_len=4 phase=warmup iteration=2 events=16 max_events=3224 overflow=0
FIG8_ATTENTION_HOST_TIMING mode=scna-fp16 scna_function=exp scna_kernel=tree scna_pipeline=on scna_width=8 qo_len=4 kv_len=4096 n_heads=12 n_kv_heads=2 head_dim=128 phase=warmup iteration=3 host_elapsed_us=800 ret=0
FIG8_ATTENTION_PROFILE_COUNT mode=scna-fp16 qo_len=4 phase=warmup iteration=3 records=2 max_records=10
FIG8_ATTENTION_TIMERS mode=scna-fp16 scna_function=1 scna_kernel=1 scna_pipeline=1 phase=warmup iteration=3 lut_exp=0 nonlinear_mode=1 scna_width=8 scna_exp=73 qo_len=4 kv_len=4096 n_heads=12 n_kv_heads=2 head_dim=128 kv_head=0 worker=0 profiled_total=263 q_load=1 k_load=80 v_load=73 qk_dot=1 safe_sm=107 core_acc=0 o_scale=0 o_store=1 kv_dma_issue=4 kv_dma_wait=48 kv_transform=96
FIG8_ATTENTION_TIMERS mode=scna-fp16 scna_function=1 scna_kernel=1 scna_pipeline=1 phase=warmup iteration=3 lut_exp=0 nonlinear_mode=1 scna_width=8 scna_exp=75 qo_len=4 kv_len=4096 n_heads=12 n_kv_heads=2 head_dim=128 kv_head=1 worker=0 profiled_total=256 q_load=1 k_load=80 v_load=80 qk_dot=1 safe_sm=92 core_acc=0 o_scale=1 o_store=1 kv_dma_issue=4 kv_dma_wait=56 kv_transform=96
FIG8_ATTENTION_EVENT_COUNT mode=scna-fp16 qo_len=4 phase=warmup iteration=3 events=16 max_events=3224 overflow=0
FIG8_ATTENTION_HOST_TIMING mode=scna-fp16 scna_function=exp scna_kernel=tree scna_pipeline=on scna_width=8 qo_len=4 kv_len=4096 n_heads=12 n_kv_heads=2 head_dim=128 phase=warmup iteration=4 host_elapsed_us=798 ret=0
FIG8_ATTENTION_PROFILE_COUNT mode=scna-fp16 qo_len=4 phase=warmup iteration=4 records=2 max_records=10
FIG8_ATTENTION_TIMERS mode=scna-fp16 scna_function=1 scna_kernel=1 scna_pipeline=1 phase=warmup iteration=4 lut_exp=0 nonlinear_mode=1 scna_width=8 scna_exp=72 qo_len=4 kv_len=4096 n_heads=12 n_kv_heads=2 head_dim=128 kv_head=0 worker=0 profiled_total=261 q_load=1 k_load=79 v_load=73 qk_dot=2 safe_sm=105 core_acc=0 o_scale=0 o_store=1 kv_dma_issue=5 kv_dma_wait=48 kv_transform=96
FIG8_ATTENTION_TIMERS mode=scna-fp16 scna_function=1 scna_kernel=1 scna_pipeline=1 phase=warmup iteration=4 lut_exp=0 nonlinear_mode=1 scna_width=8 scna_exp=75 qo_len=4 kv_len=4096 n_heads=12 n_kv_heads=2 head_dim=128 kv_head=1 worker=0 profiled_total=249 q_load=1 k_load=80 v_load=73 qk_dot=1 safe_sm=92 core_acc=0 o_scale=1 o_store=1 kv_dma_issue=4 kv_dma_wait=48 kv_transform=97
FIG8_ATTENTION_EVENT_COUNT mode=scna-fp16 qo_len=4 phase=warmup iteration=4 events=16 max_events=3224 overflow=0
FIG8_ATTENTION_HOST_TIMING mode=scna-fp16 scna_function=exp scna_kernel=tree scna_pipeline=on scna_width=8 qo_len=4 kv_len=4096 n_heads=12 n_kv_heads=2 head_dim=128 phase=measure iteration=0 host_elapsed_us=802 ret=0
FIG8_ATTENTION_PROFILE_COUNT mode=scna-fp16 qo_len=4 phase=measure iteration=0 records=2 max_records=10
FIG8_ATTENTION_TIMERS mode=scna-fp16 scna_function=1 scna_kernel=1 scna_pipeline=1 phase=measure iteration=0 lut_exp=0 nonlinear_mode=1 scna_width=8 scna_exp=73 qo_len=4 kv_len=4096 n_heads=12 n_kv_heads=2 head_dim=128 kv_head=0 worker=0 profiled_total=261 q_load=1 k_load=79 v_load=73 qk_dot=2 safe_sm=105 core_acc=0 o_scale=0 o_store=1 kv_dma_issue=5 kv_dma_wait=48 kv_transform=96
FIG8_ATTENTION_TIMERS mode=scna-fp16 scna_function=1 scna_kernel=1 scna_pipeline=1 phase=measure iteration=0 lut_exp=0 nonlinear_mode=1 scna_width=8 scna_exp=75 qo_len=4 kv_len=4096 n_heads=12 n_kv_heads=2 head_dim=128 kv_head=1 worker=0 profiled_total=249 q_load=1 k_load=80 v_load=73 qk_dot=1 safe_sm=92 core_acc=0 o_scale=1 o_store=1 kv_dma_issue=4 kv_dma_wait=49 kv_transform=96
FIG8_ATTENTION_EVENT_COUNT mode=scna-fp16 qo_len=4 phase=measure iteration=0 events=16 max_events=3224 overflow=0
FIG8_ATTENTION_HOST_TIMING mode=scna-fp16 scna_function=exp scna_kernel=tree scna_pipeline=on scna_width=8 qo_len=4 kv_len=4096 n_heads=12 n_kv_heads=2 head_dim=128 phase=measure iteration=1 host_elapsed_us=717 ret=0
FIG8_ATTENTION_PROFILE_COUNT mode=scna-fp16 qo_len=4 phase=measure iteration=1 records=2 max_records=10
FIG8_ATTENTION_TIMERS mode=scna-fp16 scna_function=1 scna_kernel=1 scna_pipeline=1 phase=measure iteration=1 lut_exp=0 nonlinear_mode=1 scna_width=8 scna_exp=70 qo_len=4 kv_len=4096 n_heads=12 n_kv_heads=2 head_dim=128 kv_head=0 worker=0 profiled_total=222 q_load=1 k_load=66 v_load=57 qk_dot=1 safe_sm=96 core_acc=0 o_scale=0 o_store=1 kv_dma_issue=4 kv_dma_wait=19 kv_transform=96
FIG8_ATTENTION_TIMERS mode=scna-fp16 scna_function=1 scna_kernel=1 scna_pipeline=1 phase=measure iteration=1 lut_exp=0 nonlinear_mode=1 scna_width=8 scna_exp=71 qo_len=4 kv_len=4096 n_heads=12 n_kv_heads=2 head_dim=128 kv_head=1 worker=0 profiled_total=219 q_load=1 k_load=67 v_load=61 qk_dot=1 safe_sm=87 core_acc=0 o_scale=1 o_store=1 kv_dma_issue=4 kv_dma_wait=24 kv_transform=97
FIG8_ATTENTION_EVENT_COUNT mode=scna-fp16 qo_len=4 phase=measure iteration=1 events=16 max_events=3224 overflow=0
FIG8_ATTENTION_HOST_TIMING mode=scna-fp16 scna_function=exp scna_kernel=tree scna_pipeline=on scna_width=8 qo_len=4 kv_len=4096 n_heads=12 n_kv_heads=2 head_dim=128 phase=measure iteration=2 host_elapsed_us=619 ret=0
FIG8_ATTENTION_PROFILE_COUNT mode=scna-fp16 qo_len=4 phase=measure iteration=2 records=2 max_records=10
FIG8_ATTENTION_TIMERS mode=scna-fp16 scna_function=1 scna_kernel=1 scna_pipeline=1 phase=measure iteration=2 lut_exp=0 nonlinear_mode=1 scna_width=8 scna_exp=70 qo_len=4 kv_len=4096 n_heads=12 n_kv_heads=2 head_dim=128 kv_head=0 worker=0 profiled_total=222 q_load=1 k_load=66 v_load=57 qk_dot=2 safe_sm=95 core_acc=0 o_scale=0 o_store=1 kv_dma_issue=5 kv_dma_wait=18 kv_transform=96
FIG8_ATTENTION_TIMERS mode=scna-fp16 scna_function=1 scna_kernel=1 scna_pipeline=1 phase=measure iteration=2 lut_exp=0 nonlinear_mode=1 scna_width=8 scna_exp=70 qo_len=4 kv_len=4096 n_heads=12 n_kv_heads=2 head_dim=128 kv_head=1 worker=0 profiled_total=216 q_load=1 k_load=68 v_load=57 qk_dot=1 safe_sm=87 core_acc=0 o_scale=1 o_store=1 kv_dma_issue=4 kv_dma_wait=22 kv_transform=96
FIG8_ATTENTION_EVENT_COUNT mode=scna-fp16 qo_len=4 phase=measure iteration=2 events=16 max_events=3224 overflow=0
FIG8_ATTENTION_HOST_TIMING mode=scna-fp16 scna_function=exp scna_kernel=tree scna_pipeline=on scna_width=8 qo_len=4 kv_len=4096 n_heads=12 n_kv_heads=2 head_dim=128 phase=measure iteration=3 host_elapsed_us=628 ret=0
FIG8_ATTENTION_PROFILE_COUNT mode=scna-fp16 qo_len=4 phase=measure iteration=3 records=2 max_records=10
FIG8_ATTENTION_TIMERS mode=scna-fp16 scna_function=1 scna_kernel=1 scna_pipeline=1 phase=measure iteration=3 lut_exp=0 nonlinear_mode=1 scna_width=8 scna_exp=70 qo_len=4 kv_len=4096 n_heads=12 n_kv_heads=2 head_dim=128 kv_head=0 worker=0 profiled_total=225 q_load=1 k_load=66 v_load=59 qk_dot=2 safe_sm=96 core_acc=0 o_scale=0 o_store=1 kv_dma_issue=5 kv_dma_wait=20 kv_transform=96
FIG8_ATTENTION_TIMERS mode=scna-fp16 scna_function=1 scna_kernel=1 scna_pipeline=1 phase=measure iteration=3 lut_exp=0 nonlinear_mode=1 scna_width=8 scna_exp=71 qo_len=4 kv_len=4096 n_heads=12 n_kv_heads=2 head_dim=128 kv_head=1 worker=0 profiled_total=217 q_load=1 k_load=66 v_load=58 qk_dot=1 safe_sm=89 core_acc=0 o_scale=1 o_store=1 kv_dma_issue=4 kv_dma_wait=19 kv_transform=96
FIG8_ATTENTION_EVENT_COUNT mode=scna-fp16 qo_len=4 phase=measure iteration=3 events=16 max_events=3224 overflow=0
FIG8_ATTENTION_HOST_TIMING mode=scna-fp16 scna_function=exp scna_kernel=tree scna_pipeline=on scna_width=8 qo_len=4 kv_len=4096 n_heads=12 n_kv_heads=2 head_dim=128 phase=measure iteration=4 host_elapsed_us=716 ret=0
FIG8_ATTENTION_PROFILE_COUNT mode=scna-fp16 qo_len=4 phase=measure iteration=4 records=2 max_records=10
FIG8_ATTENTION_TIMERS mode=scna-fp16 scna_function=1 scna_kernel=1 scna_pipeline=1 phase=measure iteration=4 lut_exp=0 nonlinear_mode=1 scna_width=8 scna_exp=70 qo_len=4 kv_len=4096 n_heads=12 n_kv_heads=2 head_dim=128 kv_head=0 worker=0 profiled_total=225 q_load=1 k_load=66 v_load=60 qk_dot=1 safe_sm=96 core_acc=0 o_scale=0 o_store=1 kv_dma_issue=4 kv_dma_wait=22 kv_transform=96
FIG8_ATTENTION_TIMERS mode=scna-fp16 scna_function=1 scna_kernel=1 scna_pipeline=1 phase=measure iteration=4 lut_exp=0 nonlinear_mode=1 scna_width=8 scna_exp=71 qo_len=4 kv_len=4096 n_heads=12 n_kv_heads=2 head_dim=128 kv_head=1 worker=0 profiled_total=214 q_load=1 k_load=66 v_load=58 qk_dot=1 safe_sm=86 core_acc=0 o_scale=1 o_store=1 kv_dma_issue=4 kv_dma_wait=20 kv_transform=96
FIG8_ATTENTION_EVENT_COUNT mode=scna-fp16 qo_len=4 phase=measure iteration=4 events=16 max_events=3224 overflow=0
FIG8_ATTENTION_HOST_TIMING mode=scna-fp16 scna_function=exp scna_kernel=tree scna_pipeline=on scna_width=8 qo_len=4 kv_len=4096 n_heads=12 n_kv_heads=2 head_dim=128 phase=measure iteration=5 host_elapsed_us=717 ret=0
FIG8_ATTENTION_PROFILE_COUNT mode=scna-fp16 qo_len=4 phase=measure iteration=5 records=2 max_records=10
FIG8_ATTENTION_TIMERS mode=scna-fp16 scna_function=1 scna_kernel=1 scna_pipeline=1 phase=measure iteration=5 lut_exp=0 nonlinear_mode=1 scna_width=8 scna_exp=70 qo_len=4 kv_len=4096 n_heads=12 n_kv_heads=2 head_dim=128 kv_head=0 worker=0 profiled_total=221 q_load=1 k_load=65 v_load=56 qk_dot=2 safe_sm=96 core_acc=0 o_scale=0 o_store=1 kv_dma_issue=4 kv_dma_wait=18 kv_transform=96
FIG8_ATTENTION_TIMERS mode=scna-fp16 scna_function=1 scna_kernel=1 scna_pipeline=1 phase=measure iteration=5 lut_exp=0 nonlinear_mode=1 scna_width=8 scna_exp=70 qo_len=4 kv_len=4096 n_heads=12 n_kv_heads=2 head_dim=128 kv_head=1 worker=0 profiled_total=216 q_load=1 k_load=66 v_load=59 qk_dot=1 safe_sm=87 core_acc=0 o_scale=1 o_store=1 kv_dma_issue=4 kv_dma_wait=20 kv_transform=97
FIG8_ATTENTION_EVENT_COUNT mode=scna-fp16 qo_len=4 phase=measure iteration=5 events=16 max_events=3224 overflow=0
FIG8_ATTENTION_HOST_TIMING mode=scna-fp16 scna_function=exp scna_kernel=tree scna_pipeline=on scna_width=8 qo_len=4 kv_len=4096 n_heads=12 n_kv_heads=2 head_dim=128 phase=measure iteration=6 host_elapsed_us=732 ret=0
FIG8_ATTENTION_PROFILE_COUNT mode=scna-fp16 qo_len=4 phase=measure iteration=6 records=2 max_records=10
FIG8_ATTENTION_TIMERS mode=scna-fp16 scna_function=1 scna_kernel=1 scna_pipeline=1 phase=measure iteration=6 lut_exp=0 nonlinear_mode=1 scna_width=8 scna_exp=70 qo_len=4 kv_len=4096 n_heads=12 n_kv_heads=2 head_dim=128 kv_head=0 worker=0 profiled_total=224 q_load=1 k_load=66 v_load=58 qk_dot=2 safe_sm=96 core_acc=0 o_scale=0 o_store=1 kv_dma_issue=4 kv_dma_wait=19 kv_transform=96
FIG8_ATTENTION_TIMERS mode=scna-fp16 scna_function=1 scna_kernel=1 scna_pipeline=1 phase=measure iteration=6 lut_exp=0 nonlinear_mode=1 scna_width=8 scna_exp=71 qo_len=4 kv_len=4096 n_heads=12 n_kv_heads=2 head_dim=128 kv_head=1 worker=0 profiled_total=217 q_load=1 k_load=67 v_load=59 qk_dot=1 safe_sm=87 core_acc=0 o_scale=1 o_store=1 kv_dma_issue=4 kv_dma_wait=22 kv_transform=97
FIG8_ATTENTION_EVENT_COUNT mode=scna-fp16 qo_len=4 phase=measure iteration=6 events=16 max_events=3224 overflow=0
FIG8_ATTENTION_HOST_TIMING mode=scna-fp16 scna_function=exp scna_kernel=tree scna_pipeline=on scna_width=8 qo_len=4 kv_len=4096 n_heads=12 n_kv_heads=2 head_dim=128 phase=measure iteration=7 host_elapsed_us=729 ret=0
FIG8_ATTENTION_PROFILE_COUNT mode=scna-fp16 qo_len=4 phase=measure iteration=7 records=2 max_records=10
FIG8_ATTENTION_TIMERS mode=scna-fp16 scna_function=1 scna_kernel=1 scna_pipeline=1 phase=measure iteration=7 lut_exp=0 nonlinear_mode=1 scna_width=8 scna_exp=70 qo_len=4 kv_len=4096 n_heads=12 n_kv_heads=2 head_dim=128 kv_head=0 worker=0 profiled_total=221 q_load=1 k_load=66 v_load=56 qk_dot=1 safe_sm=96 core_acc=0 o_scale=0 o_store=1 kv_dma_issue=4 kv_dma_wait=18 kv_transform=96
FIG8_ATTENTION_TIMERS mode=scna-fp16 scna_function=1 scna_kernel=1 scna_pipeline=1 phase=measure iteration=7 lut_exp=0 nonlinear_mode=1 scna_width=8 scna_exp=70 qo_len=4 kv_len=4096 n_heads=12 n_kv_heads=2 head_dim=128 kv_head=1 worker=0 profiled_total=216 q_load=0 k_load=67 v_load=59 qk_dot=1 safe_sm=87 core_acc=0 o_scale=1 o_store=1 kv_dma_issue=5 kv_dma_wait=22 kv_transform=96
FIG8_ATTENTION_EVENT_COUNT mode=scna-fp16 qo_len=4 phase=measure iteration=7 events=16 max_events=3224 overflow=0
FIG8_ATTENTION_HOST_TIMING mode=scna-fp16 scna_function=exp scna_kernel=tree scna_pipeline=on scna_width=8 qo_len=4 kv_len=4096 n_heads=12 n_kv_heads=2 head_dim=128 phase=measure iteration=8 host_elapsed_us=729 ret=0
FIG8_ATTENTION_PROFILE_COUNT mode=scna-fp16 qo_len=4 phase=measure iteration=8 records=2 max_records=10
FIG8_ATTENTION_TIMERS mode=scna-fp16 scna_function=1 scna_kernel=1 scna_pipeline=1 phase=measure iteration=8 lut_exp=0 nonlinear_mode=1 scna_width=8 scna_exp=70 qo_len=4 kv_len=4096 n_heads=12 n_kv_heads=2 head_dim=128 kv_head=0 worker=0 profiled_total=221 q_load=1 k_load=66 v_load=56 qk_dot=2 safe_sm=95 core_acc=0 o_scale=0 o_store=1 kv_dma_issue=5 kv_dma_wait=18 kv_transform=96
FIG8_ATTENTION_TIMERS mode=scna-fp16 scna_function=1 scna_kernel=1 scna_pipeline=1 phase=measure iteration=8 lut_exp=0 nonlinear_mode=1 scna_width=8 scna_exp=70 qo_len=4 kv_len=4096 n_heads=12 n_kv_heads=2 head_dim=128 kv_head=1 worker=0 profiled_total=216 q_load=1 k_load=67 v_load=57 qk_dot=1 safe_sm=88 core_acc=0 o_scale=1 o_store=1 kv_dma_issue=5 kv_dma_wait=20 kv_transform=96
FIG8_ATTENTION_EVENT_COUNT mode=scna-fp16 qo_len=4 phase=measure iteration=8 events=16 max_events=3224 overflow=0
FIG8_ATTENTION_HOST_TIMING mode=scna-fp16 scna_function=exp scna_kernel=tree scna_pipeline=on scna_width=8 qo_len=4 kv_len=4096 n_heads=12 n_kv_heads=2 head_dim=128 phase=measure iteration=9 host_elapsed_us=728 ret=0
FIG8_ATTENTION_PROFILE_COUNT mode=scna-fp16 qo_len=4 phase=measure iteration=9 records=2 max_records=10
FIG8_ATTENTION_TIMERS mode=scna-fp16 scna_function=1 scna_kernel=1 scna_pipeline=1 phase=measure iteration=9 lut_exp=0 nonlinear_mode=1 scna_width=8 scna_exp=70 qo_len=4 kv_len=4096 n_heads=12 n_kv_heads=2 head_dim=128 kv_head=0 worker=0 profiled_total=225 q_load=1 k_load=66 v_load=59 qk_dot=2 safe_sm=96 core_acc=0 o_scale=0 o_store=1 kv_dma_issue=5 kv_dma_wait=20 kv_transform=97
FIG8_ATTENTION_TIMERS mode=scna-fp16 scna_function=1 scna_kernel=1 scna_pipeline=1 phase=measure iteration=9 lut_exp=0 nonlinear_mode=1 scna_width=8 scna_exp=70 qo_len=4 kv_len=4096 n_heads=12 n_kv_heads=2 head_dim=128 kv_head=1 worker=0 profiled_total=219 q_load=1 k_load=67 v_load=60 qk_dot=1 safe_sm=88 core_acc=0 o_scale=1 o_store=1 kv_dma_issue=4 kv_dma_wait=23 kv_transform=96
FIG8_ATTENTION_EVENT_COUNT mode=scna-fp16 qo_len=4 phase=measure iteration=9 events=16 max_events=3224 overflow=0
FIG8_ATTENTION_HOST_TIMING mode=scna-fp16 scna_function=exp scna_kernel=tree scna_pipeline=on scna_width=8 qo_len=4 kv_len=4096 n_heads=12 n_kv_heads=2 head_dim=128 phase=measure iteration=10 host_elapsed_us=722 ret=0
FIG8_ATTENTION_PROFILE_COUNT mode=scna-fp16 qo_len=4 phase=measure iteration=10 records=2 max_records=10
FIG8_ATTENTION_TIMERS mode=scna-fp16 scna_function=1 scna_kernel=1 scna_pipeline=1 phase=measure iteration=10 lut_exp=0 nonlinear_mode=1 scna_width=8 scna_exp=70 qo_len=4 kv_len=4096 n_heads=12 n_kv_heads=2 head_dim=128 kv_head=0 worker=0 profiled_total=221 q_load=1 k_load=66 v_load=57 qk_dot=1 safe_sm=95 core_acc=0 o_scale=0 o_store=1 kv_dma_issue=4 kv_dma_wait=19 kv_transform=96
FIG8_ATTENTION_TIMERS mode=scna-fp16 scna_function=1 scna_kernel=1 scna_pipeline=1 phase=measure iteration=10 lut_exp=0 nonlinear_mode=1 scna_width=8 scna_exp=71 qo_len=4 kv_len=4096 n_heads=12 n_kv_heads=2 head_dim=128 kv_head=1 worker=0 profiled_total=215 q_load=1 k_load=66 v_load=58 qk_dot=1 safe_sm=87 core_acc=0 o_scale=1 o_store=1 kv_dma_issue=4 kv_dma_wait=19 kv_transform=97
FIG8_ATTENTION_EVENT_COUNT mode=scna-fp16 qo_len=4 phase=measure iteration=10 events=16 max_events=3224 overflow=0
FIG8_ATTENTION_HOST_TIMING mode=scna-fp16 scna_function=exp scna_kernel=tree scna_pipeline=on scna_width=8 qo_len=4 kv_len=4096 n_heads=12 n_kv_heads=2 head_dim=128 phase=measure iteration=11 host_elapsed_us=725 ret=0
FIG8_ATTENTION_PROFILE_COUNT mode=scna-fp16 qo_len=4 phase=measure iteration=11 records=2 max_records=10
FIG8_ATTENTION_TIMERS mode=scna-fp16 scna_function=1 scna_kernel=1 scna_pipeline=1 phase=measure iteration=11 lut_exp=0 nonlinear_mode=1 scna_width=8 scna_exp=70 qo_len=4 kv_len=4096 n_heads=12 n_kv_heads=2 head_dim=128 kv_head=0 worker=0 profiled_total=223 q_load=1 k_load=66 v_load=56 qk_dot=2 safe_sm=97 core_acc=0 o_scale=0 o_store=1 kv_dma_issue=4 kv_dma_wait=18 kv_transform=97
FIG8_ATTENTION_TIMERS mode=scna-fp16 scna_function=1 scna_kernel=1 scna_pipeline=1 phase=measure iteration=11 lut_exp=0 nonlinear_mode=1 scna_width=8 scna_exp=70 qo_len=4 kv_len=4096 n_heads=12 n_kv_heads=2 head_dim=128 kv_head=1 worker=0 profiled_total=217 q_load=1 k_load=66 v_load=60 qk_dot=1 safe_sm=87 core_acc=0 o_scale=1 o_store=1 kv_dma_issue=4 kv_dma_wait=22 kv_transform=96
FIG8_ATTENTION_EVENT_COUNT mode=scna-fp16 qo_len=4 phase=measure iteration=11 events=16 max_events=3224 overflow=0
FIG8_ATTENTION_HOST_TIMING mode=scna-fp16 scna_function=exp scna_kernel=tree scna_pipeline=on scna_width=8 qo_len=4 kv_len=4096 n_heads=12 n_kv_heads=2 head_dim=128 phase=measure iteration=12 host_elapsed_us=719 ret=0
FIG8_ATTENTION_PROFILE_COUNT mode=scna-fp16 qo_len=4 phase=measure iteration=12 records=2 max_records=10
FIG8_ATTENTION_TIMERS mode=scna-fp16 scna_function=1 scna_kernel=1 scna_pipeline=1 phase=measure iteration=12 lut_exp=0 nonlinear_mode=1 scna_width=8 scna_exp=70 qo_len=4 kv_len=4096 n_heads=12 n_kv_heads=2 head_dim=128 kv_head=0 worker=0 profiled_total=222 q_load=1 k_load=66 v_load=57 qk_dot=2 safe_sm=95 core_acc=0 o_scale=0 o_store=1 kv_dma_issue=5 kv_dma_wait=18 kv_transform=96
FIG8_ATTENTION_TIMERS mode=scna-fp16 scna_function=1 scna_kernel=1 scna_pipeline=1 phase=measure iteration=12 lut_exp=0 nonlinear_mode=1 scna_width=8 scna_exp=70 qo_len=4 kv_len=4096 n_heads=12 n_kv_heads=2 head_dim=128 kv_head=1 worker=0 profiled_total=215 q_load=1 k_load=67 v_load=57 qk_dot=1 safe_sm=87 core_acc=0 o_scale=1 o_store=1 kv_dma_issue=4 kv_dma_wait=19 kv_transform=97
FIG8_ATTENTION_EVENT_COUNT mode=scna-fp16 qo_len=4 phase=measure iteration=12 events=16 max_events=3224 overflow=0
FIG8_ATTENTION_HOST_TIMING mode=scna-fp16 scna_function=exp scna_kernel=tree scna_pipeline=on scna_width=8 qo_len=4 kv_len=4096 n_heads=12 n_kv_heads=2 head_dim=128 phase=measure iteration=13 host_elapsed_us=723 ret=0
FIG8_ATTENTION_PROFILE_COUNT mode=scna-fp16 qo_len=4 phase=measure iteration=13 records=2 max_records=10
FIG8_ATTENTION_TIMERS mode=scna-fp16 scna_function=1 scna_kernel=1 scna_pipeline=1 phase=measure iteration=13 lut_exp=0 nonlinear_mode=1 scna_width=8 scna_exp=70 qo_len=4 kv_len=4096 n_heads=12 n_kv_heads=2 head_dim=128 kv_head=0 worker=0 profiled_total=223 q_load=1 k_load=66 v_load=57 qk_dot=1 safe_sm=97 core_acc=0 o_scale=0 o_store=1 kv_dma_issue=4 kv_dma_wait=18 kv_transform=96
FIG8_ATTENTION_TIMERS mode=scna-fp16 scna_function=1 scna_kernel=1 scna_pipeline=1 phase=measure iteration=13 lut_exp=0 nonlinear_mode=1 scna_width=8 scna_exp=70 qo_len=4 kv_len=4096 n_heads=12 n_kv_heads=2 head_dim=128 kv_head=1 worker=0 profiled_total=214 q_load=1 k_load=66 v_load=57 qk_dot=1 safe_sm=87 core_acc=0 o_scale=1 o_store=1 kv_dma_issue=4 kv_dma_wait=20 kv_transform=96
FIG8_ATTENTION_EVENT_COUNT mode=scna-fp16 qo_len=4 phase=measure iteration=13 events=16 max_events=3224 overflow=0
FIG8_ATTENTION_HOST_TIMING mode=scna-fp16 scna_function=exp scna_kernel=tree scna_pipeline=on scna_width=8 qo_len=4 kv_len=4096 n_heads=12 n_kv_heads=2 head_dim=128 phase=measure iteration=14 host_elapsed_us=721 ret=0
FIG8_ATTENTION_PROFILE_COUNT mode=scna-fp16 qo_len=4 phase=measure iteration=14 records=2 max_records=10
FIG8_ATTENTION_TIMERS mode=scna-fp16 scna_function=1 scna_kernel=1 scna_pipeline=1 phase=measure iteration=14 lut_exp=0 nonlinear_mode=1 scna_width=8 scna_exp=70 qo_len=4 kv_len=4096 n_heads=12 n_kv_heads=2 head_dim=128 kv_head=0 worker=0 profiled_total=223 q_load=1 k_load=66 v_load=57 qk_dot=2 safe_sm=96 core_acc=0 o_scale=0 o_store=1 kv_dma_issue=5 kv_dma_wait=18 kv_transform=97
FIG8_ATTENTION_TIMERS mode=scna-fp16 scna_function=1 scna_kernel=1 scna_pipeline=1 phase=measure iteration=14 lut_exp=0 nonlinear_mode=1 scna_width=8 scna_exp=71 qo_len=4 kv_len=4096 n_heads=12 n_kv_heads=2 head_dim=128 kv_head=1 worker=0 profiled_total=216 q_load=1 k_load=67 v_load=57 qk_dot=1 safe_sm=88 core_acc=0 o_scale=1 o_store=1 kv_dma_issue=4 kv_dma_wait=20 kv_transform=96
FIG8_ATTENTION_EVENT_COUNT mode=scna-fp16 qo_len=4 phase=measure iteration=14 events=16 max_events=3224 overflow=0
FIG8_ATTENTION_HOST_TIMING mode=scna-fp16 scna_function=exp scna_kernel=tree scna_pipeline=on scna_width=8 qo_len=4 kv_len=4096 n_heads=12 n_kv_heads=2 head_dim=128 phase=measure iteration=15 host_elapsed_us=717 ret=0
FIG8_ATTENTION_PROFILE_COUNT mode=scna-fp16 qo_len=4 phase=measure iteration=15 records=2 max_records=10
FIG8_ATTENTION_TIMERS mode=scna-fp16 scna_function=1 scna_kernel=1 scna_pipeline=1 phase=measure iteration=15 lut_exp=0 nonlinear_mode=1 scna_width=8 scna_exp=70 qo_len=4 kv_len=4096 n_heads=12 n_kv_heads=2 head_dim=128 kv_head=0 worker=0 profiled_total=222 q_load=1 k_load=66 v_load=56 qk_dot=2 safe_sm=96 core_acc=0 o_scale=0 o_store=1 kv_dma_issue=5 kv_dma_wait=18 kv_transform=96
FIG8_ATTENTION_TIMERS mode=scna-fp16 scna_function=1 scna_kernel=1 scna_pipeline=1 phase=measure iteration=15 lut_exp=0 nonlinear_mode=1 scna_width=8 scna_exp=70 qo_len=4 kv_len=4096 n_heads=12 n_kv_heads=2 head_dim=128 kv_head=1 worker=0 profiled_total=217 q_load=1 k_load=68 v_load=57 qk_dot=1 safe_sm=88 core_acc=0 o_scale=1 o_store=1 kv_dma_issue=4 kv_dma_wait=20 kv_transform=97
FIG8_ATTENTION_EVENT_COUNT mode=scna-fp16 qo_len=4 phase=measure iteration=15 events=16 max_events=3224 overflow=0
FIG8_ATTENTION_HOST_TIMING mode=scna-fp16 scna_function=exp scna_kernel=tree scna_pipeline=on scna_width=8 qo_len=4 kv_len=4096 n_heads=12 n_kv_heads=2 head_dim=128 phase=measure iteration=16 host_elapsed_us=716 ret=0
FIG8_ATTENTION_PROFILE_COUNT mode=scna-fp16 qo_len=4 phase=measure iteration=16 records=2 max_records=10
FIG8_ATTENTION_TIMERS mode=scna-fp16 scna_function=1 scna_kernel=1 scna_pipeline=1 phase=measure iteration=16 lut_exp=0 nonlinear_mode=1 scna_width=8 scna_exp=70 qo_len=4 kv_len=4096 n_heads=12 n_kv_heads=2 head_dim=128 kv_head=0 worker=0 profiled_total=220 q_load=1 k_load=65 v_load=57 qk_dot=1 safe_sm=95 core_acc=0 o_scale=0 o_store=1 kv_dma_issue=4 kv_dma_wait=18 kv_transform=96
FIG8_ATTENTION_TIMERS mode=scna-fp16 scna_function=1 scna_kernel=1 scna_pipeline=1 phase=measure iteration=16 lut_exp=0 nonlinear_mode=1 scna_width=8 scna_exp=70 qo_len=4 kv_len=4096 n_heads=12 n_kv_heads=2 head_dim=128 kv_head=1 worker=0 profiled_total=221 q_load=1 k_load=68 v_load=61 qk_dot=1 safe_sm=88 core_acc=0 o_scale=1 o_store=1 kv_dma_issue=5 kv_dma_wait=24 kv_transform=96
FIG8_ATTENTION_EVENT_COUNT mode=scna-fp16 qo_len=4 phase=measure iteration=16 events=16 max_events=3224 overflow=0
FIG8_ATTENTION_HOST_TIMING mode=scna-fp16 scna_function=exp scna_kernel=tree scna_pipeline=on scna_width=8 qo_len=4 kv_len=4096 n_heads=12 n_kv_heads=2 head_dim=128 phase=measure iteration=17 host_elapsed_us=719 ret=0
FIG8_ATTENTION_PROFILE_COUNT mode=scna-fp16 qo_len=4 phase=measure iteration=17 records=2 max_records=10
FIG8_ATTENTION_TIMERS mode=scna-fp16 scna_function=1 scna_kernel=1 scna_pipeline=1 phase=measure iteration=17 lut_exp=0 nonlinear_mode=1 scna_width=8 scna_exp=70 qo_len=4 kv_len=4096 n_heads=12 n_kv_heads=2 head_dim=128 kv_head=0 worker=0 profiled_total=221 q_load=1 k_load=66 v_load=56 qk_dot=2 safe_sm=95 core_acc=0 o_scale=0 o_store=1 kv_dma_issue=5 kv_dma_wait=17 kv_transform=97
FIG8_ATTENTION_TIMERS mode=scna-fp16 scna_function=1 scna_kernel=1 scna_pipeline=1 phase=measure iteration=17 lut_exp=0 nonlinear_mode=1 scna_width=8 scna_exp=70 qo_len=4 kv_len=4096 n_heads=12 n_kv_heads=2 head_dim=128 kv_head=1 worker=0 profiled_total=216 q_load=1 k_load=68 v_load=57 qk_dot=1 safe_sm=87 core_acc=0 o_scale=1 o_store=1 kv_dma_issue=4 kv_dma_wait=21 kv_transform=97
FIG8_ATTENTION_EVENT_COUNT mode=scna-fp16 qo_len=4 phase=measure iteration=17 events=16 max_events=3224 overflow=0
FIG8_ATTENTION_HOST_TIMING mode=scna-fp16 scna_function=exp scna_kernel=tree scna_pipeline=on scna_width=8 qo_len=4 kv_len=4096 n_heads=12 n_kv_heads=2 head_dim=128 phase=measure iteration=18 host_elapsed_us=656 ret=0
FIG8_ATTENTION_PROFILE_COUNT mode=scna-fp16 qo_len=4 phase=measure iteration=18 records=2 max_records=10
FIG8_ATTENTION_TIMERS mode=scna-fp16 scna_function=1 scna_kernel=1 scna_pipeline=1 phase=measure iteration=18 lut_exp=0 nonlinear_mode=1 scna_width=8 scna_exp=70 qo_len=4 kv_len=4096 n_heads=12 n_kv_heads=2 head_dim=128 kv_head=0 worker=0 profiled_total=223 q_load=1 k_load=66 v_load=57 qk_dot=2 safe_sm=96 core_acc=0 o_scale=0 o_store=1 kv_dma_issue=4 kv_dma_wait=18 kv_transform=97
FIG8_ATTENTION_TIMERS mode=scna-fp16 scna_function=1 scna_kernel=1 scna_pipeline=1 phase=measure iteration=18 lut_exp=0 nonlinear_mode=1 scna_width=8 scna_exp=70 qo_len=4 kv_len=4096 n_heads=12 n_kv_heads=2 head_dim=128 kv_head=1 worker=0 profiled_total=215 q_load=1 k_load=67 v_load=57 qk_dot=1 safe_sm=87 core_acc=0 o_scale=1 o_store=1 kv_dma_issue=4 kv_dma_wait=19 kv_transform=97
FIG8_ATTENTION_EVENT_COUNT mode=scna-fp16 qo_len=4 phase=measure iteration=18 events=16 max_events=3224 overflow=0
FIG8_ATTENTION_HOST_TIMING mode=scna-fp16 scna_function=exp scna_kernel=tree scna_pipeline=on scna_width=8 qo_len=4 kv_len=4096 n_heads=12 n_kv_heads=2 head_dim=128 phase=measure iteration=19 host_elapsed_us=724 ret=0
FIG8_ATTENTION_PROFILE_COUNT mode=scna-fp16 qo_len=4 phase=measure iteration=19 records=2 max_records=10
FIG8_ATTENTION_TIMERS mode=scna-fp16 scna_function=1 scna_kernel=1 scna_pipeline=1 phase=measure iteration=19 lut_exp=0 nonlinear_mode=1 scna_width=8 scna_exp=70 qo_len=4 kv_len=4096 n_heads=12 n_kv_heads=2 head_dim=128 kv_head=0 worker=0 profiled_total=222 q_load=1 k_load=66 v_load=57 qk_dot=1 safe_sm=95 core_acc=0 o_scale=1 o_store=1 kv_dma_issue=5 kv_dma_wait=19 kv_transform=96
FIG8_ATTENTION_TIMERS mode=scna-fp16 scna_function=1 scna_kernel=1 scna_pipeline=1 phase=measure iteration=19 lut_exp=0 nonlinear_mode=1 scna_width=8 scna_exp=70 qo_len=4 kv_len=4096 n_heads=12 n_kv_heads=2 head_dim=128 kv_head=1 worker=0 profiled_total=215 q_load=1 k_load=66 v_load=57 qk_dot=1 safe_sm=88 core_acc=0 o_scale=1 o_store=1 kv_dma_issue=4 kv_dma_wait=19 kv_transform=97
FIG8_ATTENTION_EVENT_COUNT mode=scna-fp16 qo_len=4 phase=measure iteration=19 events=16 max_events=3224 overflow=0
