alloc_shared_mem_buf: buf=0x7a8d410000 fd=12 size=98304 flags=FASTRPC_MAP_FD
alloc_shared_mem_buf: buf=0x77f3e00000 fd=13 size=2097152 flags=FASTRPC_MAP_FD
alloc_shared_mem_buf: buf=0x77f3c00000 fd=14 size=2097152 flags=FASTRPC_MAP_FD
alloc_shared_mem_buf: buf=0x7a8d3a0000 fd=15 size=98304 flags=FASTRPC_MAP_FD
alloc_shared_mem_buf: buf=0x7a8d300000 fd=16 size=131072 flags=FASTRPC_MAP_FD
alloc_shared_mem_buf: buf=0x77f3b20000 fd=17 size=902912 flags=FASTRPC_MAP_FD
alloc_shared_mem_buf: buf=0x7a8d73d000 fd=18 size=4096 flags=FASTRPC_MAP_FD
No-op channel request completed
FIG8_ATTENTION_CONFIG mode=scna-int8 scna_function=exp2 scna_kernel=tree scna_pipeline=on mask_mode=full qo_len=16 kv_len=4096 n_heads=12 n_kv_heads=2 head_dim=128 warmup=5 iters=20 scna_width=16 q_size=98304 kv_size=2097152 mask_size=131072 profile_size=902912 profile_max_records=10 profile_max_events=12512 mode_flags=3080 print_events=0
FIG8_ATTENTION_HOST_TIMING mode=scna-int8 scna_function=exp2 scna_kernel=tree scna_pipeline=on scna_width=16 qo_len=16 kv_len=4096 n_heads=12 n_kv_heads=2 head_dim=128 phase=warmup iteration=0 host_elapsed_us=1635 ret=0
FIG8_ATTENTION_PROFILE_COUNT mode=scna-int8 qo_len=16 phase=warmup iteration=0 records=2 max_records=10
FIG8_ATTENTION_TIMERS mode=scna-int8 scna_function=0 scna_kernel=1 scna_pipeline=1 phase=warmup iteration=0 lut_exp=0 nonlinear_mode=2 scna_width=16 scna_exp=394 qo_len=16 kv_len=4096 n_heads=12 n_kv_heads=2 head_dim=128 kv_head=0 worker=0 profiled_total=632 q_load=5 k_load=66 v_load=51 qk_dot=7 safe_sm=487 core_acc=7 o_scale=2 o_store=7 kv_dma_issue=5 kv_dma_wait=10 kv_transform=97
FIG8_ATTENTION_TIMERS mode=scna-int8 scna_function=0 scna_kernel=1 scna_pipeline=1 phase=warmup iteration=0 lut_exp=0 nonlinear_mode=2 scna_width=16 scna_exp=388 qo_len=16 kv_len=4096 n_heads=12 n_kv_heads=2 head_dim=128 kv_head=1 worker=0 profiled_total=604 q_load=4 k_load=66 v_load=51 qk_dot=6 safe_sm=466 core_acc=5 o_scale=1 o_store=5 kv_dma_issue=5 kv_dma_wait=11 kv_transform=97
FIG8_ATTENTION_EVENT_COUNT mode=scna-int8 qo_len=16 phase=warmup iteration=0 events=16 max_events=12512 overflow=0
FIG8_ATTENTION_HOST_TIMING mode=scna-int8 scna_function=exp2 scna_kernel=tree scna_pipeline=on scna_width=16 qo_len=16 kv_len=4096 n_heads=12 n_kv_heads=2 head_dim=128 phase=warmup iteration=1 host_elapsed_us=1414 ret=0
FIG8_ATTENTION_PROFILE_COUNT mode=scna-int8 qo_len=16 phase=warmup iteration=1 records=2 max_records=10
FIG8_ATTENTION_TIMERS mode=scna-int8 scna_function=0 scna_kernel=1 scna_pipeline=1 phase=warmup iteration=1 lut_exp=0 nonlinear_mode=2 scna_width=16 scna_exp=378 qo_len=16 kv_len=4096 n_heads=12 n_kv_heads=2 head_dim=128 kv_head=0 worker=0 profiled_total=601 q_load=4 k_load=65 v_load=51 qk_dot=6 safe_sm=464 core_acc=5 o_scale=1 o_store=5 kv_dma_issue=4 kv_dma_wait=11 kv_transform=97
FIG8_ATTENTION_TIMERS mode=scna-int8 scna_function=0 scna_kernel=1 scna_pipeline=1 phase=warmup iteration=1 lut_exp=0 nonlinear_mode=2 scna_width=16 scna_exp=379 qo_len=16 kv_len=4096 n_heads=12 n_kv_heads=2 head_dim=128 kv_head=1 worker=0 profiled_total=585 q_load=3 k_load=66 v_load=50 qk_dot=6 safe_sm=449 core_acc=5 o_scale=1 o_store=5 kv_dma_issue=5 kv_dma_wait=10 kv_transform=97
FIG8_ATTENTION_EVENT_COUNT mode=scna-int8 qo_len=16 phase=warmup iteration=1 events=16 max_events=12512 overflow=0
FIG8_ATTENTION_HOST_TIMING mode=scna-int8 scna_function=exp2 scna_kernel=tree scna_pipeline=on scna_width=16 qo_len=16 kv_len=4096 n_heads=12 n_kv_heads=2 head_dim=128 phase=warmup iteration=2 host_elapsed_us=1411 ret=0
FIG8_ATTENTION_PROFILE_COUNT mode=scna-int8 qo_len=16 phase=warmup iteration=2 records=2 max_records=10
FIG8_ATTENTION_TIMERS mode=scna-int8 scna_function=0 scna_kernel=1 scna_pipeline=1 phase=warmup iteration=2 lut_exp=0 nonlinear_mode=2 scna_width=16 scna_exp=379 qo_len=16 kv_len=4096 n_heads=12 n_kv_heads=2 head_dim=128 kv_head=0 worker=0 profiled_total=595 q_load=4 k_load=65 v_load=50 qk_dot=5 safe_sm=461 core_acc=4 o_scale=1 o_store=5 kv_dma_issue=4 kv_dma_wait=10 kv_transform=97
FIG8_ATTENTION_TIMERS mode=scna-int8 scna_function=0 scna_kernel=1 scna_pipeline=1 phase=warmup iteration=2 lut_exp=0 nonlinear_mode=2 scna_width=16 scna_exp=379 qo_len=16 kv_len=4096 n_heads=12 n_kv_heads=2 head_dim=128 kv_head=1 worker=0 profiled_total=586 q_load=4 k_load=66 v_load=51 qk_dot=5 safe_sm=448 core_acc=5 o_scale=2 o_store=5 kv_dma_issue=5 kv_dma_wait=11 kv_transform=96
FIG8_ATTENTION_EVENT_COUNT mode=scna-int8 qo_len=16 phase=warmup iteration=2 events=16 max_events=12512 overflow=0
FIG8_ATTENTION_HOST_TIMING mode=scna-int8 scna_function=exp2 scna_kernel=tree scna_pipeline=on scna_width=16 qo_len=16 kv_len=4096 n_heads=12 n_kv_heads=2 head_dim=128 phase=warmup iteration=3 host_elapsed_us=1412 ret=0
FIG8_ATTENTION_PROFILE_COUNT mode=scna-int8 qo_len=16 phase=warmup iteration=3 records=2 max_records=10
FIG8_ATTENTION_TIMERS mode=scna-int8 scna_function=0 scna_kernel=1 scna_pipeline=1 phase=warmup iteration=3 lut_exp=0 nonlinear_mode=2 scna_width=16 scna_exp=378 qo_len=16 kv_len=4096 n_heads=12 n_kv_heads=2 head_dim=128 kv_head=0 worker=0 profiled_total=596 q_load=4 k_load=65 v_load=50 qk_dot=6 safe_sm=461 core_acc=4 o_scale=1 o_store=5 kv_dma_issue=4 kv_dma_wait=11 kv_transform=97
FIG8_ATTENTION_TIMERS mode=scna-int8 scna_function=0 scna_kernel=1 scna_pipeline=1 phase=warmup iteration=3 lut_exp=0 nonlinear_mode=2 scna_width=16 scna_exp=378 qo_len=16 kv_len=4096 n_heads=12 n_kv_heads=2 head_dim=128 kv_head=1 worker=0 profiled_total=584 q_load=4 k_load=67 v_load=51 qk_dot=5 safe_sm=446 core_acc=5 o_scale=1 o_store=5 kv_dma_issue=5 kv_dma_wait=11 kv_transform=97
FIG8_ATTENTION_EVENT_COUNT mode=scna-int8 qo_len=16 phase=warmup iteration=3 events=16 max_events=12512 overflow=0
FIG8_ATTENTION_HOST_TIMING mode=scna-int8 scna_function=exp2 scna_kernel=tree scna_pipeline=on scna_width=16 qo_len=16 kv_len=4096 n_heads=12 n_kv_heads=2 head_dim=128 phase=warmup iteration=4 host_elapsed_us=1410 ret=0
FIG8_ATTENTION_PROFILE_COUNT mode=scna-int8 qo_len=16 phase=warmup iteration=4 records=2 max_records=10
FIG8_ATTENTION_TIMERS mode=scna-int8 scna_function=0 scna_kernel=1 scna_pipeline=1 phase=warmup iteration=4 lut_exp=0 nonlinear_mode=2 scna_width=16 scna_exp=377 qo_len=16 kv_len=4096 n_heads=12 n_kv_heads=2 head_dim=128 kv_head=0 worker=0 profiled_total=595 q_load=4 k_load=65 v_load=50 qk_dot=5 safe_sm=461 core_acc=4 o_scale=1 o_store=5 kv_dma_issue=4 kv_dma_wait=11 kv_transform=96
FIG8_ATTENTION_TIMERS mode=scna-int8 scna_function=0 scna_kernel=1 scna_pipeline=1 phase=warmup iteration=4 lut_exp=0 nonlinear_mode=2 scna_width=16 scna_exp=379 qo_len=16 kv_len=4096 n_heads=12 n_kv_heads=2 head_dim=128 kv_head=1 worker=0 profiled_total=584 q_load=3 k_load=65 v_load=51 qk_dot=5 safe_sm=449 core_acc=5 o_scale=1 o_store=5 kv_dma_issue=4 kv_dma_wait=11 kv_transform=96
FIG8_ATTENTION_EVENT_COUNT mode=scna-int8 qo_len=16 phase=warmup iteration=4 events=16 max_events=12512 overflow=0
FIG8_ATTENTION_HOST_TIMING mode=scna-int8 scna_function=exp2 scna_kernel=tree scna_pipeline=on scna_width=16 qo_len=16 kv_len=4096 n_heads=12 n_kv_heads=2 head_dim=128 phase=measure iteration=0 host_elapsed_us=1469 ret=0
FIG8_ATTENTION_PROFILE_COUNT mode=scna-int8 qo_len=16 phase=measure iteration=0 records=2 max_records=10
FIG8_ATTENTION_TIMERS mode=scna-int8 scna_function=0 scna_kernel=1 scna_pipeline=1 phase=measure iteration=0 lut_exp=0 nonlinear_mode=2 scna_width=16 scna_exp=378 qo_len=16 kv_len=4096 n_heads=12 n_kv_heads=2 head_dim=128 kv_head=0 worker=0 profiled_total=597 q_load=4 k_load=65 v_load=50 qk_dot=6 safe_sm=462 core_acc=4 o_scale=1 o_store=5 kv_dma_issue=5 kv_dma_wait=10 kv_transform=97
FIG8_ATTENTION_TIMERS mode=scna-int8 scna_function=0 scna_kernel=1 scna_pipeline=1 phase=measure iteration=0 lut_exp=0 nonlinear_mode=2 scna_width=16 scna_exp=378 qo_len=16 kv_len=4096 n_heads=12 n_kv_heads=2 head_dim=128 kv_head=1 worker=0 profiled_total=594 q_load=4 k_load=66 v_load=55 qk_dot=5 safe_sm=453 core_acc=5 o_scale=1 o_store=5 kv_dma_issue=5 kv_dma_wait=16 kv_transform=96
FIG8_ATTENTION_EVENT_COUNT mode=scna-int8 qo_len=16 phase=measure iteration=0 events=16 max_events=12512 overflow=0
FIG8_ATTENTION_HOST_TIMING mode=scna-int8 scna_function=exp2 scna_kernel=tree scna_pipeline=on scna_width=16 qo_len=16 kv_len=4096 n_heads=12 n_kv_heads=2 head_dim=128 phase=measure iteration=1 host_elapsed_us=1490 ret=0
FIG8_ATTENTION_PROFILE_COUNT mode=scna-int8 qo_len=16 phase=measure iteration=1 records=2 max_records=10
FIG8_ATTENTION_TIMERS mode=scna-int8 scna_function=0 scna_kernel=1 scna_pipeline=1 phase=measure iteration=1 lut_exp=0 nonlinear_mode=2 scna_width=16 scna_exp=378 qo_len=16 kv_len=4096 n_heads=12 n_kv_heads=2 head_dim=128 kv_head=0 worker=0 profiled_total=602 q_load=4 k_load=65 v_load=52 qk_dot=5 safe_sm=466 core_acc=4 o_scale=1 o_store=5 kv_dma_issue=5 kv_dma_wait=13 kv_transform=96
FIG8_ATTENTION_TIMERS mode=scna-int8 scna_function=0 scna_kernel=1 scna_pipeline=1 phase=measure iteration=1 lut_exp=0 nonlinear_mode=2 scna_width=16 scna_exp=378 qo_len=16 kv_len=4096 n_heads=12 n_kv_heads=2 head_dim=128 kv_head=1 worker=0 profiled_total=599 q_load=4 k_load=67 v_load=55 qk_dot=5 safe_sm=457 core_acc=5 o_scale=1 o_store=5 kv_dma_issue=5 kv_dma_wait=16 kv_transform=96
FIG8_ATTENTION_EVENT_COUNT mode=scna-int8 qo_len=16 phase=measure iteration=1 events=16 max_events=12512 overflow=0
FIG8_ATTENTION_HOST_TIMING mode=scna-int8 scna_function=exp2 scna_kernel=tree scna_pipeline=on scna_width=16 qo_len=16 kv_len=4096 n_heads=12 n_kv_heads=2 head_dim=128 phase=measure iteration=2 host_elapsed_us=1485 ret=0
FIG8_ATTENTION_PROFILE_COUNT mode=scna-int8 qo_len=16 phase=measure iteration=2 records=2 max_records=10
FIG8_ATTENTION_TIMERS mode=scna-int8 scna_function=0 scna_kernel=1 scna_pipeline=1 phase=measure iteration=2 lut_exp=0 nonlinear_mode=2 scna_width=16 scna_exp=378 qo_len=16 kv_len=4096 n_heads=12 n_kv_heads=2 head_dim=128 kv_head=0 worker=0 profiled_total=605 q_load=4 k_load=65 v_load=52 qk_dot=6 safe_sm=468 core_acc=4 o_scale=1 o_store=5 kv_dma_issue=4 kv_dma_wait=13 kv_transform=97
FIG8_ATTENTION_TIMERS mode=scna-int8 scna_function=0 scna_kernel=1 scna_pipeline=1 phase=measure iteration=2 lut_exp=0 nonlinear_mode=2 scna_width=16 scna_exp=379 qo_len=16 kv_len=4096 n_heads=12 n_kv_heads=2 head_dim=128 kv_head=1 worker=0 profiled_total=598 q_load=4 k_load=66 v_load=55 qk_dot=5 safe_sm=457 core_acc=5 o_scale=1 o_store=5 kv_dma_issue=5 kv_dma_wait=16 kv_transform=96
FIG8_ATTENTION_EVENT_COUNT mode=scna-int8 qo_len=16 phase=measure iteration=2 events=16 max_events=12512 overflow=0
FIG8_ATTENTION_HOST_TIMING mode=scna-int8 scna_function=exp2 scna_kernel=tree scna_pipeline=on scna_width=16 qo_len=16 kv_len=4096 n_heads=12 n_kv_heads=2 head_dim=128 phase=measure iteration=3 host_elapsed_us=1487 ret=0
FIG8_ATTENTION_PROFILE_COUNT mode=scna-int8 qo_len=16 phase=measure iteration=3 records=2 max_records=10
FIG8_ATTENTION_TIMERS mode=scna-int8 scna_function=0 scna_kernel=1 scna_pipeline=1 phase=measure iteration=3 lut_exp=0 nonlinear_mode=2 scna_width=16 scna_exp=378 qo_len=16 kv_len=4096 n_heads=12 n_kv_heads=2 head_dim=128 kv_head=0 worker=0 profiled_total=604 q_load=4 k_load=65 v_load=54 qk_dot=5 safe_sm=466 core_acc=4 o_scale=1 o_store=5 kv_dma_issue=4 kv_dma_wait=15 kv_transform=96
FIG8_ATTENTION_TIMERS mode=scna-int8 scna_function=0 scna_kernel=1 scna_pipeline=1 phase=measure iteration=3 lut_exp=0 nonlinear_mode=2 scna_width=16 scna_exp=379 qo_len=16 kv_len=4096 n_heads=12 n_kv_heads=2 head_dim=128 kv_head=1 worker=0 profiled_total=597 q_load=4 k_load=66 v_load=55 qk_dot=5 safe_sm=456 core_acc=5 o_scale=1 o_store=5 kv_dma_issue=5 kv_dma_wait=16 kv_transform=97
FIG8_ATTENTION_EVENT_COUNT mode=scna-int8 qo_len=16 phase=measure iteration=3 events=16 max_events=12512 overflow=0
FIG8_ATTENTION_HOST_TIMING mode=scna-int8 scna_function=exp2 scna_kernel=tree scna_pipeline=on scna_width=16 qo_len=16 kv_len=4096 n_heads=12 n_kv_heads=2 head_dim=128 phase=measure iteration=4 host_elapsed_us=1450 ret=0
FIG8_ATTENTION_PROFILE_COUNT mode=scna-int8 qo_len=16 phase=measure iteration=4 records=2 max_records=10
FIG8_ATTENTION_TIMERS mode=scna-int8 scna_function=0 scna_kernel=1 scna_pipeline=1 phase=measure iteration=4 lut_exp=0 nonlinear_mode=2 scna_width=16 scna_exp=378 qo_len=16 kv_len=4096 n_heads=12 n_kv_heads=2 head_dim=128 kv_head=0 worker=0 profiled_total=604 q_load=4 k_load=65 v_load=52 qk_dot=6 safe_sm=467 core_acc=4 o_scale=1 o_store=5 kv_dma_issue=4 kv_dma_wait=12 kv_transform=97
FIG8_ATTENTION_TIMERS mode=scna-int8 scna_function=0 scna_kernel=1 scna_pipeline=1 phase=measure iteration=4 lut_exp=0 nonlinear_mode=2 scna_width=16 scna_exp=379 qo_len=16 kv_len=4096 n_heads=12 n_kv_heads=2 head_dim=128 kv_head=1 worker=0 profiled_total=595 q_load=4 k_load=66 v_load=55 qk_dot=5 safe_sm=454 core_acc=5 o_scale=1 o_store=5 kv_dma_issue=5 kv_dma_wait=16 kv_transform=96
FIG8_ATTENTION_EVENT_COUNT mode=scna-int8 qo_len=16 phase=measure iteration=4 events=16 max_events=12512 overflow=0
FIG8_ATTENTION_HOST_TIMING mode=scna-int8 scna_function=exp2 scna_kernel=tree scna_pipeline=on scna_width=16 qo_len=16 kv_len=4096 n_heads=12 n_kv_heads=2 head_dim=128 phase=measure iteration=5 host_elapsed_us=1488 ret=0
FIG8_ATTENTION_PROFILE_COUNT mode=scna-int8 qo_len=16 phase=measure iteration=5 records=2 max_records=10
FIG8_ATTENTION_TIMERS mode=scna-int8 scna_function=0 scna_kernel=1 scna_pipeline=1 phase=measure iteration=5 lut_exp=0 nonlinear_mode=2 scna_width=16 scna_exp=378 qo_len=16 kv_len=4096 n_heads=12 n_kv_heads=2 head_dim=128 kv_head=0 worker=0 profiled_total=604 q_load=4 k_load=65 v_load=54 qk_dot=5 safe_sm=466 core_acc=4 o_scale=1 o_store=5 kv_dma_issue=5 kv_dma_wait=15 kv_transform=96
FIG8_ATTENTION_TIMERS mode=scna-int8 scna_function=0 scna_kernel=1 scna_pipeline=1 phase=measure iteration=5 lut_exp=0 nonlinear_mode=2 scna_width=16 scna_exp=379 qo_len=16 kv_len=4096 n_heads=12 n_kv_heads=2 head_dim=128 kv_head=1 worker=0 profiled_total=598 q_load=4 k_load=66 v_load=55 qk_dot=5 safe_sm=457 core_acc=5 o_scale=1 o_store=5 kv_dma_issue=4 kv_dma_wait=16 kv_transform=97
FIG8_ATTENTION_EVENT_COUNT mode=scna-int8 qo_len=16 phase=measure iteration=5 events=16 max_events=12512 overflow=0
FIG8_ATTENTION_HOST_TIMING mode=scna-int8 scna_function=exp2 scna_kernel=tree scna_pipeline=on scna_width=16 qo_len=16 kv_len=4096 n_heads=12 n_kv_heads=2 head_dim=128 phase=measure iteration=6 host_elapsed_us=1484 ret=0
FIG8_ATTENTION_PROFILE_COUNT mode=scna-int8 qo_len=16 phase=measure iteration=6 records=2 max_records=10
FIG8_ATTENTION_TIMERS mode=scna-int8 scna_function=0 scna_kernel=1 scna_pipeline=1 phase=measure iteration=6 lut_exp=0 nonlinear_mode=2 scna_width=16 scna_exp=378 qo_len=16 kv_len=4096 n_heads=12 n_kv_heads=2 head_dim=128 kv_head=0 worker=0 profiled_total=605 q_load=4 k_load=65 v_load=54 qk_dot=6 safe_sm=466 core_acc=4 o_scale=1 o_store=5 kv_dma_issue=5 kv_dma_wait=15 kv_transform=96
FIG8_ATTENTION_TIMERS mode=scna-int8 scna_function=0 scna_kernel=1 scna_pipeline=1 phase=measure iteration=6 lut_exp=0 nonlinear_mode=2 scna_width=16 scna_exp=379 qo_len=16 kv_len=4096 n_heads=12 n_kv_heads=2 head_dim=128 kv_head=1 worker=0 profiled_total=598 q_load=4 k_load=66 v_load=55 qk_dot=5 safe_sm=457 core_acc=5 o_scale=1 o_store=5 kv_dma_issue=5 kv_dma_wait=16 kv_transform=96
FIG8_ATTENTION_EVENT_COUNT mode=scna-int8 qo_len=16 phase=measure iteration=6 events=16 max_events=12512 overflow=0
FIG8_ATTENTION_HOST_TIMING mode=scna-int8 scna_function=exp2 scna_kernel=tree scna_pipeline=on scna_width=16 qo_len=16 kv_len=4096 n_heads=12 n_kv_heads=2 head_dim=128 phase=measure iteration=7 host_elapsed_us=1483 ret=0
FIG8_ATTENTION_PROFILE_COUNT mode=scna-int8 qo_len=16 phase=measure iteration=7 records=2 max_records=10
FIG8_ATTENTION_TIMERS mode=scna-int8 scna_function=0 scna_kernel=1 scna_pipeline=1 phase=measure iteration=7 lut_exp=0 nonlinear_mode=2 scna_width=16 scna_exp=378 qo_len=16 kv_len=4096 n_heads=12 n_kv_heads=2 head_dim=128 kv_head=0 worker=0 profiled_total=604 q_load=4 k_load=65 v_load=54 qk_dot=5 safe_sm=466 core_acc=4 o_scale=1 o_store=5 kv_dma_issue=4 kv_dma_wait=15 kv_transform=97
FIG8_ATTENTION_TIMERS mode=scna-int8 scna_function=0 scna_kernel=1 scna_pipeline=1 phase=measure iteration=7 lut_exp=0 nonlinear_mode=2 scna_width=16 scna_exp=378 qo_len=16 kv_len=4096 n_heads=12 n_kv_heads=2 head_dim=128 kv_head=1 worker=0 profiled_total=598 q_load=4 k_load=66 v_load=56 qk_dot=5 safe_sm=456 core_acc=5 o_scale=1 o_store=5 kv_dma_issue=5 kv_dma_wait=17 kv_transform=96
FIG8_ATTENTION_EVENT_COUNT mode=scna-int8 qo_len=16 phase=measure iteration=7 events=16 max_events=12512 overflow=0
FIG8_ATTENTION_HOST_TIMING mode=scna-int8 scna_function=exp2 scna_kernel=tree scna_pipeline=on scna_width=16 qo_len=16 kv_len=4096 n_heads=12 n_kv_heads=2 head_dim=128 phase=measure iteration=8 host_elapsed_us=1516 ret=0
FIG8_ATTENTION_PROFILE_COUNT mode=scna-int8 qo_len=16 phase=measure iteration=8 records=2 max_records=10
FIG8_ATTENTION_TIMERS mode=scna-int8 scna_function=0 scna_kernel=1 scna_pipeline=1 phase=measure iteration=8 lut_exp=0 nonlinear_mode=2 scna_width=16 scna_exp=378 qo_len=16 kv_len=4096 n_heads=12 n_kv_heads=2 head_dim=128 kv_head=0 worker=0 profiled_total=604 q_load=4 k_load=65 v_load=55 qk_dot=6 safe_sm=464 core_acc=4 o_scale=1 o_store=5 kv_dma_issue=5 kv_dma_wait=16 kv_transform=96
FIG8_ATTENTION_TIMERS mode=scna-int8 scna_function=0 scna_kernel=1 scna_pipeline=1 phase=measure iteration=8 lut_exp=0 nonlinear_mode=2 scna_width=16 scna_exp=378 qo_len=16 kv_len=4096 n_heads=12 n_kv_heads=2 head_dim=128 kv_head=1 worker=0 profiled_total=595 q_load=4 k_load=66 v_load=53 qk_dot=5 safe_sm=456 core_acc=5 o_scale=1 o_store=5 kv_dma_issue=5 kv_dma_wait=14 kv_transform=96
FIG8_ATTENTION_EVENT_COUNT mode=scna-int8 qo_len=16 phase=measure iteration=8 events=16 max_events=12512 overflow=0
FIG8_ATTENTION_HOST_TIMING mode=scna-int8 scna_function=exp2 scna_kernel=tree scna_pipeline=on scna_width=16 qo_len=16 kv_len=4096 n_heads=12 n_kv_heads=2 head_dim=128 phase=measure iteration=9 host_elapsed_us=1472 ret=0
FIG8_ATTENTION_PROFILE_COUNT mode=scna-int8 qo_len=16 phase=measure iteration=9 records=2 max_records=10
FIG8_ATTENTION_TIMERS mode=scna-int8 scna_function=0 scna_kernel=1 scna_pipeline=1 phase=measure iteration=9 lut_exp=0 nonlinear_mode=2 scna_width=16 scna_exp=378 qo_len=16 kv_len=4096 n_heads=12 n_kv_heads=2 head_dim=128 kv_head=0 worker=0 profiled_total=599 q_load=4 k_load=65 v_load=53 qk_dot=5 safe_sm=462 core_acc=4 o_scale=1 o_store=5 kv_dma_issue=4 kv_dma_wait=14 kv_transform=96
FIG8_ATTENTION_TIMERS mode=scna-int8 scna_function=0 scna_kernel=1 scna_pipeline=1 phase=measure iteration=9 lut_exp=0 nonlinear_mode=2 scna_width=16 scna_exp=379 qo_len=16 kv_len=4096 n_heads=12 n_kv_heads=2 head_dim=128 kv_head=1 worker=0 profiled_total=595 q_load=4 k_load=66 v_load=54 qk_dot=5 safe_sm=455 core_acc=5 o_scale=1 o_store=5 kv_dma_issue=5 kv_dma_wait=15 kv_transform=96
FIG8_ATTENTION_EVENT_COUNT mode=scna-int8 qo_len=16 phase=measure iteration=9 events=16 max_events=12512 overflow=0
FIG8_ATTENTION_HOST_TIMING mode=scna-int8 scna_function=exp2 scna_kernel=tree scna_pipeline=on scna_width=16 qo_len=16 kv_len=4096 n_heads=12 n_kv_heads=2 head_dim=128 phase=measure iteration=10 host_elapsed_us=1538 ret=0
FIG8_ATTENTION_PROFILE_COUNT mode=scna-int8 qo_len=16 phase=measure iteration=10 records=2 max_records=10
FIG8_ATTENTION_TIMERS mode=scna-int8 scna_function=0 scna_kernel=1 scna_pipeline=1 phase=measure iteration=10 lut_exp=0 nonlinear_mode=2 scna_width=16 scna_exp=378 qo_len=16 kv_len=4096 n_heads=12 n_kv_heads=2 head_dim=128 kv_head=0 worker=0 profiled_total=605 q_load=4 k_load=65 v_load=52 qk_dot=6 safe_sm=468 core_acc=4 o_scale=1 o_store=5 kv_dma_issue=4 kv_dma_wait=13 kv_transform=96
FIG8_ATTENTION_TIMERS mode=scna-int8 scna_function=0 scna_kernel=1 scna_pipeline=1 phase=measure iteration=10 lut_exp=0 nonlinear_mode=2 scna_width=16 scna_exp=378 qo_len=16 kv_len=4096 n_heads=12 n_kv_heads=2 head_dim=128 kv_head=1 worker=0 profiled_total=597 q_load=4 k_load=66 v_load=55 qk_dot=5 safe_sm=456 core_acc=5 o_scale=1 o_store=5 kv_dma_issue=4 kv_dma_wait=16 kv_transform=97
FIG8_ATTENTION_EVENT_COUNT mode=scna-int8 qo_len=16 phase=measure iteration=10 events=16 max_events=12512 overflow=0
FIG8_ATTENTION_HOST_TIMING mode=scna-int8 scna_function=exp2 scna_kernel=tree scna_pipeline=on scna_width=16 qo_len=16 kv_len=4096 n_heads=12 n_kv_heads=2 head_dim=128 phase=measure iteration=11 host_elapsed_us=1539 ret=0
FIG8_ATTENTION_PROFILE_COUNT mode=scna-int8 qo_len=16 phase=measure iteration=11 records=2 max_records=10
FIG8_ATTENTION_TIMERS mode=scna-int8 scna_function=0 scna_kernel=1 scna_pipeline=1 phase=measure iteration=11 lut_exp=0 nonlinear_mode=2 scna_width=16 scna_exp=381 qo_len=16 kv_len=4096 n_heads=12 n_kv_heads=2 head_dim=128 kv_head=0 worker=0 profiled_total=640 q_load=4 k_load=77 v_load=70 qk_dot=5 safe_sm=474 core_acc=4 o_scale=1 o_store=5 kv_dma_issue=4 kv_dma_wait=43 kv_transform=96
FIG8_ATTENTION_TIMERS mode=scna-int8 scna_function=0 scna_kernel=1 scna_pipeline=1 phase=measure iteration=11 lut_exp=0 nonlinear_mode=2 scna_width=16 scna_exp=381 qo_len=16 kv_len=4096 n_heads=12 n_kv_heads=2 head_dim=128 kv_head=1 worker=0 profiled_total=630 q_load=3 k_load=78 v_load=70 qk_dot=5 safe_sm=463 core_acc=5 o_scale=1 o_store=5 kv_dma_issue=5 kv_dma_wait=43 kv_transform=96
FIG8_ATTENTION_EVENT_COUNT mode=scna-int8 qo_len=16 phase=measure iteration=11 events=16 max_events=12512 overflow=0
FIG8_ATTENTION_HOST_TIMING mode=scna-int8 scna_function=exp2 scna_kernel=tree scna_pipeline=on scna_width=16 qo_len=16 kv_len=4096 n_heads=12 n_kv_heads=2 head_dim=128 phase=measure iteration=12 host_elapsed_us=1596 ret=0
FIG8_ATTENTION_PROFILE_COUNT mode=scna-int8 qo_len=16 phase=measure iteration=12 records=2 max_records=10
FIG8_ATTENTION_TIMERS mode=scna-int8 scna_function=0 scna_kernel=1 scna_pipeline=1 phase=measure iteration=12 lut_exp=0 nonlinear_mode=2 scna_width=16 scna_exp=381 qo_len=16 kv_len=4096 n_heads=12 n_kv_heads=2 head_dim=128 kv_head=0 worker=0 profiled_total=644 q_load=4 k_load=77 v_load=71 qk_dot=6 safe_sm=476 core_acc=4 o_scale=1 o_store=5 kv_dma_issue=4 kv_dma_wait=44 kv_transform=96
FIG8_ATTENTION_TIMERS mode=scna-int8 scna_function=0 scna_kernel=1 scna_pipeline=1 phase=measure iteration=12 lut_exp=0 nonlinear_mode=2 scna_width=16 scna_exp=381 qo_len=16 kv_len=4096 n_heads=12 n_kv_heads=2 head_dim=128 kv_head=1 worker=0 profiled_total=636 q_load=4 k_load=77 v_load=74 qk_dot=5 safe_sm=465 core_acc=5 o_scale=1 o_store=5 kv_dma_issue=5 kv_dma_wait=45 kv_transform=97
FIG8_ATTENTION_EVENT_COUNT mode=scna-int8 qo_len=16 phase=measure iteration=12 events=16 max_events=12512 overflow=0
FIG8_ATTENTION_HOST_TIMING mode=scna-int8 scna_function=exp2 scna_kernel=tree scna_pipeline=on scna_width=16 qo_len=16 kv_len=4096 n_heads=12 n_kv_heads=2 head_dim=128 phase=measure iteration=13 host_elapsed_us=1597 ret=0
FIG8_ATTENTION_PROFILE_COUNT mode=scna-int8 qo_len=16 phase=measure iteration=13 records=2 max_records=10
FIG8_ATTENTION_TIMERS mode=scna-int8 scna_function=0 scna_kernel=1 scna_pipeline=1 phase=measure iteration=13 lut_exp=0 nonlinear_mode=2 scna_width=16 scna_exp=381 qo_len=16 kv_len=4096 n_heads=12 n_kv_heads=2 head_dim=128 kv_head=0 worker=0 profiled_total=637 q_load=4 k_load=76 v_load=69 qk_dot=5 safe_sm=473 core_acc=4 o_scale=1 o_store=5 kv_dma_issue=5 kv_dma_wait=41 kv_transform=96
FIG8_ATTENTION_TIMERS mode=scna-int8 scna_function=0 scna_kernel=1 scna_pipeline=1 phase=measure iteration=13 lut_exp=0 nonlinear_mode=2 scna_width=16 scna_exp=381 qo_len=16 kv_len=4096 n_heads=12 n_kv_heads=2 head_dim=128 kv_head=1 worker=0 profiled_total=638 q_load=4 k_load=78 v_load=73 qk_dot=5 safe_sm=467 core_acc=5 o_scale=1 o_store=5 kv_dma_issue=5 kv_dma_wait=45 kv_transform=96
FIG8_ATTENTION_EVENT_COUNT mode=scna-int8 qo_len=16 phase=measure iteration=13 events=16 max_events=12512 overflow=0
FIG8_ATTENTION_HOST_TIMING mode=scna-int8 scna_function=exp2 scna_kernel=tree scna_pipeline=on scna_width=16 qo_len=16 kv_len=4096 n_heads=12 n_kv_heads=2 head_dim=128 phase=measure iteration=14 host_elapsed_us=1493 ret=0
FIG8_ATTENTION_PROFILE_COUNT mode=scna-int8 qo_len=16 phase=measure iteration=14 records=2 max_records=10
FIG8_ATTENTION_TIMERS mode=scna-int8 scna_function=0 scna_kernel=1 scna_pipeline=1 phase=measure iteration=14 lut_exp=0 nonlinear_mode=2 scna_width=16 scna_exp=381 qo_len=16 kv_len=4096 n_heads=12 n_kv_heads=2 head_dim=128 kv_head=0 worker=0 profiled_total=640 q_load=4 k_load=75 v_load=70 qk_dot=6 safe_sm=475 core_acc=4 o_scale=1 o_store=5 kv_dma_issue=4 kv_dma_wait=41 kv_transform=96
FIG8_ATTENTION_TIMERS mode=scna-int8 scna_function=0 scna_kernel=1 scna_pipeline=1 phase=measure iteration=14 lut_exp=0 nonlinear_mode=2 scna_width=16 scna_exp=382 qo_len=16 kv_len=4096 n_heads=12 n_kv_heads=2 head_dim=128 kv_head=1 worker=0 profiled_total=633 q_load=4 k_load=78 v_load=70 qk_dot=5 safe_sm=465 core_acc=5 o_scale=1 o_store=5 kv_dma_issue=5 kv_dma_wait=43 kv_transform=96
FIG8_ATTENTION_EVENT_COUNT mode=scna-int8 qo_len=16 phase=measure iteration=14 events=16 max_events=12512 overflow=0
FIG8_ATTENTION_HOST_TIMING mode=scna-int8 scna_function=exp2 scna_kernel=tree scna_pipeline=on scna_width=16 qo_len=16 kv_len=4096 n_heads=12 n_kv_heads=2 head_dim=128 phase=measure iteration=15 host_elapsed_us=1496 ret=0
FIG8_ATTENTION_PROFILE_COUNT mode=scna-int8 qo_len=16 phase=measure iteration=15 records=2 max_records=10
FIG8_ATTENTION_TIMERS mode=scna-int8 scna_function=0 scna_kernel=1 scna_pipeline=1 phase=measure iteration=15 lut_exp=0 nonlinear_mode=2 scna_width=16 scna_exp=381 qo_len=16 kv_len=4096 n_heads=12 n_kv_heads=2 head_dim=128 kv_head=0 worker=0 profiled_total=641 q_load=4 k_load=76 v_load=71 qk_dot=5 safe_sm=475 core_acc=4 o_scale=1 o_store=5 kv_dma_issue=5 kv_dma_wait=43 kv_transform=96
FIG8_ATTENTION_TIMERS mode=scna-int8 scna_function=0 scna_kernel=1 scna_pipeline=1 phase=measure iteration=15 lut_exp=0 nonlinear_mode=2 scna_width=16 scna_exp=381 qo_len=16 kv_len=4096 n_heads=12 n_kv_heads=2 head_dim=128 kv_head=1 worker=0 profiled_total=626 q_load=4 k_load=77 v_load=68 qk_dot=6 safe_sm=460 core_acc=5 o_scale=1 o_store=5 kv_dma_issue=5 kv_dma_wait=40 kv_transform=96
FIG8_ATTENTION_EVENT_COUNT mode=scna-int8 qo_len=16 phase=measure iteration=15 events=16 max_events=12512 overflow=0
FIG8_ATTENTION_HOST_TIMING mode=scna-int8 scna_function=exp2 scna_kernel=tree scna_pipeline=on scna_width=16 qo_len=16 kv_len=4096 n_heads=12 n_kv_heads=2 head_dim=128 phase=measure iteration=16 host_elapsed_us=1477 ret=0
FIG8_ATTENTION_PROFILE_COUNT mode=scna-int8 qo_len=16 phase=measure iteration=16 records=2 max_records=10
FIG8_ATTENTION_TIMERS mode=scna-int8 scna_function=0 scna_kernel=1 scna_pipeline=1 phase=measure iteration=16 lut_exp=0 nonlinear_mode=2 scna_width=16 scna_exp=380 qo_len=16 kv_len=4096 n_heads=12 n_kv_heads=2 head_dim=128 kv_head=0 worker=0 profiled_total=637 q_load=4 k_load=75 v_load=66 qk_dot=6 safe_sm=476 core_acc=4 o_scale=1 o_store=5 kv_dma_issue=4 kv_dma_wait=37 kv_transform=96
FIG8_ATTENTION_TIMERS mode=scna-int8 scna_function=0 scna_kernel=1 scna_pipeline=1 phase=measure iteration=16 lut_exp=0 nonlinear_mode=2 scna_width=16 scna_exp=380 qo_len=16 kv_len=4096 n_heads=12 n_kv_heads=2 head_dim=128 kv_head=1 worker=0 profiled_total=630 q_load=4 k_load=75 v_load=68 qk_dot=5 safe_sm=467 core_acc=5 o_scale=1 o_store=5 kv_dma_issue=5 kv_dma_wait=38 kv_transform=97
FIG8_ATTENTION_EVENT_COUNT mode=scna-int8 qo_len=16 phase=measure iteration=16 events=16 max_events=12512 overflow=0
FIG8_ATTENTION_HOST_TIMING mode=scna-int8 scna_function=exp2 scna_kernel=tree scna_pipeline=on scna_width=16 qo_len=16 kv_len=4096 n_heads=12 n_kv_heads=2 head_dim=128 phase=measure iteration=17 host_elapsed_us=1527 ret=0
FIG8_ATTENTION_PROFILE_COUNT mode=scna-int8 qo_len=16 phase=measure iteration=17 records=2 max_records=10
FIG8_ATTENTION_TIMERS mode=scna-int8 scna_function=0 scna_kernel=1 scna_pipeline=1 phase=measure iteration=17 lut_exp=0 nonlinear_mode=2 scna_width=16 scna_exp=380 qo_len=16 kv_len=4096 n_heads=12 n_kv_heads=2 head_dim=128 kv_head=0 worker=0 profiled_total=632 q_load=4 k_load=74 v_load=66 qk_dot=5 safe_sm=473 core_acc=4 o_scale=1 o_store=5 kv_dma_issue=5 kv_dma_wait=36 kv_transform=96
FIG8_ATTENTION_TIMERS mode=scna-int8 scna_function=0 scna_kernel=1 scna_pipeline=1 phase=measure iteration=17 lut_exp=0 nonlinear_mode=2 scna_width=16 scna_exp=380 qo_len=16 kv_len=4096 n_heads=12 n_kv_heads=2 head_dim=128 kv_head=1 worker=0 profiled_total=631 q_load=3 k_load=75 v_load=71 qk_dot=5 safe_sm=466 core_acc=5 o_scale=1 o_store=5 kv_dma_issue=5 kv_dma_wait=41 kv_transform=97
FIG8_ATTENTION_EVENT_COUNT mode=scna-int8 qo_len=16 phase=measure iteration=17 events=16 max_events=12512 overflow=0
FIG8_ATTENTION_HOST_TIMING mode=scna-int8 scna_function=exp2 scna_kernel=tree scna_pipeline=on scna_width=16 qo_len=16 kv_len=4096 n_heads=12 n_kv_heads=2 head_dim=128 phase=measure iteration=18 host_elapsed_us=1475 ret=0
FIG8_ATTENTION_PROFILE_COUNT mode=scna-int8 qo_len=16 phase=measure iteration=18 records=2 max_records=10
FIG8_ATTENTION_TIMERS mode=scna-int8 scna_function=0 scna_kernel=1 scna_pipeline=1 phase=measure iteration=18 lut_exp=0 nonlinear_mode=2 scna_width=16 scna_exp=380 qo_len=16 kv_len=4096 n_heads=12 n_kv_heads=2 head_dim=128 kv_head=0 worker=0 profiled_total=634 q_load=4 k_load=74 v_load=66 qk_dot=6 safe_sm=474 core_acc=4 o_scale=1 o_store=5 kv_dma_issue=4 kv_dma_wait=36 kv_transform=96
FIG8_ATTENTION_TIMERS mode=scna-int8 scna_function=0 scna_kernel=1 scna_pipeline=1 phase=measure iteration=18 lut_exp=0 nonlinear_mode=2 scna_width=16 scna_exp=380 qo_len=16 kv_len=4096 n_heads=12 n_kv_heads=2 head_dim=128 kv_head=1 worker=0 profiled_total=630 q_load=4 k_load=75 v_load=69 qk_dot=5 safe_sm=466 core_acc=5 o_scale=1 o_store=5 kv_dma_issue=4 kv_dma_wait=38 kv_transform=96
FIG8_ATTENTION_EVENT_COUNT mode=scna-int8 qo_len=16 phase=measure iteration=18 events=16 max_events=12512 overflow=0
FIG8_ATTENTION_HOST_TIMING mode=scna-int8 scna_function=exp2 scna_kernel=tree scna_pipeline=on scna_width=16 qo_len=16 kv_len=4096 n_heads=12 n_kv_heads=2 head_dim=128 phase=measure iteration=19 host_elapsed_us=1475 ret=0
FIG8_ATTENTION_PROFILE_COUNT mode=scna-int8 qo_len=16 phase=measure iteration=19 records=2 max_records=10
FIG8_ATTENTION_TIMERS mode=scna-int8 scna_function=0 scna_kernel=1 scna_pipeline=1 phase=measure iteration=19 lut_exp=0 nonlinear_mode=2 scna_width=16 scna_exp=380 qo_len=16 kv_len=4096 n_heads=12 n_kv_heads=2 head_dim=128 kv_head=0 worker=0 profiled_total=634 q_load=4 k_load=73 v_load=66 qk_dot=5 safe_sm=476 core_acc=4 o_scale=1 o_store=5 kv_dma_issue=4 kv_dma_wait=34 kv_transform=96
FIG8_ATTENTION_TIMERS mode=scna-int8 scna_function=0 scna_kernel=1 scna_pipeline=1 phase=measure iteration=19 lut_exp=0 nonlinear_mode=2 scna_width=16 scna_exp=380 qo_len=16 kv_len=4096 n_heads=12 n_kv_heads=2 head_dim=128 kv_head=1 worker=0 profiled_total=627 q_load=4 k_load=74 v_load=68 qk_dot=5 safe_sm=465 core_acc=5 o_scale=1 o_store=5 kv_dma_issue=4 kv_dma_wait=37 kv_transform=96
FIG8_ATTENTION_EVENT_COUNT mode=scna-int8 qo_len=16 phase=measure iteration=19 events=16 max_events=12512 overflow=0
