FIG8_ATTENTION_CONFIG mode=scna-fp16 layout=lane8 scna_width=8 mask_mode=full qo_len=4 kv_len=4096 kv_pad_len=4096 n_heads=12 n_kv_heads=2 head_dim=128 warmup=5 iters=30 q_size=24576 kv_size=2097152 mask_size=32768 profile_size=341760 profile_max_records=10 profile_max_events=4256 mode_flags=28 print_events=0
FIG8_ATTENTION_HOST_TIMING mode=scna-fp16 layout=lane8 scna_width=8 mask_mode=full qo_len=4 kv_len=4096 n_heads=12 n_kv_heads=2 head_dim=128 phase=warmup iteration=0 host_elapsed_us=781 ret=0
FIG8_ATTENTION_PROFILE_COUNT mode=scna-fp16 qo_len=4 phase=warmup iteration=0 records=2 max_records=10
FIG8_ATTENTION_TIMERS mode=scna-fp16 layout=lane8 phase=warmup iteration=0 lut_exp=0 scna_layout=1 scna_width=8 qo_len=4 kv_len=4096 n_heads=12 n_kv_heads=2 head_dim=128 kv_head=1 worker=2 profiled_total=501 q_load=2 k_load=96 v_load=82 qk_dot=4 safe_sm=300 scna_exp=274 core_acc=13 o_scale=0 o_store=4
FIG8_ATTENTION_TIMERS mode=scna-fp16 layout=lane8 phase=warmup iteration=0 lut_exp=0 scna_layout=1 scna_width=8 qo_len=4 kv_len=4096 n_heads=12 n_kv_heads=2 head_dim=128 kv_head=0 worker=0 profiled_total=502 q_load=2 k_load=100 v_load=79 qk_dot=1 safe_sm=302 scna_exp=274 core_acc=13 o_scale=1 o_store=4
FIG8_ATTENTION_EVENT_COUNT mode=scna-fp16 qo_len=4 phase=warmup iteration=0 events=150 max_events=4256 overflow=0
FIG8_ATTENTION_CHECKSUM mode=scna-fp16 layout=lane8 scna_width=8 phase=warmup iteration=0 checksum=0x950a570be61c8c71
FIG8_ATTENTION_HOST_TIMING mode=scna-fp16 layout=lane8 scna_width=8 mask_mode=full qo_len=4 kv_len=4096 n_heads=12 n_kv_heads=2 head_dim=128 phase=warmup iteration=1 host_elapsed_us=775 ret=0
FIG8_ATTENTION_PROFILE_COUNT mode=scna-fp16 qo_len=4 phase=warmup iteration=1 records=2 max_records=10
FIG8_ATTENTION_TIMERS mode=scna-fp16 layout=lane8 phase=warmup iteration=1 lut_exp=0 scna_layout=1 scna_width=8 qo_len=4 kv_len=4096 n_heads=12 n_kv_heads=2 head_dim=128 kv_head=1 worker=1 profiled_total=464 q_load=1 k_load=88 v_load=74 qk_dot=3 safe_sm=288 scna_exp=260 core_acc=7 o_scale=1 o_store=2
FIG8_ATTENTION_TIMERS mode=scna-fp16 layout=lane8 phase=warmup iteration=1 lut_exp=0 scna_layout=1 scna_width=8 qo_len=4 kv_len=4096 n_heads=12 n_kv_heads=2 head_dim=128 kv_head=0 worker=3 profiled_total=464 q_load=1 k_load=89 v_load=74 qk_dot=3 safe_sm=288 scna_exp=260 core_acc=6 o_scale=1 o_store=2
FIG8_ATTENTION_EVENT_COUNT mode=scna-fp16 qo_len=4 phase=warmup iteration=1 events=150 max_events=4256 overflow=0
FIG8_ATTENTION_CHECKSUM mode=scna-fp16 layout=lane8 scna_width=8 phase=warmup iteration=1 checksum=0x950a570be61c8c71
FIG8_ATTENTION_HOST_TIMING mode=scna-fp16 layout=lane8 scna_width=8 mask_mode=full qo_len=4 kv_len=4096 n_heads=12 n_kv_heads=2 head_dim=128 phase=warmup iteration=2 host_elapsed_us=771 ret=0
FIG8_ATTENTION_PROFILE_COUNT mode=scna-fp16 qo_len=4 phase=warmup iteration=2 records=2 max_records=10
FIG8_ATTENTION_TIMERS mode=scna-fp16 layout=lane8 phase=warmup iteration=2 lut_exp=0 scna_layout=1 scna_width=8 qo_len=4 kv_len=4096 n_heads=12 n_kv_heads=2 head_dim=128 kv_head=0 worker=2 profiled_total=467 q_load=1 k_load=90 v_load=77 qk_dot=3 safe_sm=286 scna_exp=259 core_acc=7 o_scale=1 o_store=2
FIG8_ATTENTION_TIMERS mode=scna-fp16 layout=lane8 phase=warmup iteration=2 lut_exp=0 scna_layout=1 scna_width=8 qo_len=4 kv_len=4096 n_heads=12 n_kv_heads=2 head_dim=128 kv_head=1 worker=5 profiled_total=467 q_load=1 k_load=91 v_load=77 qk_dot=2 safe_sm=286 scna_exp=258 core_acc=7 o_scale=1 o_store=2
FIG8_ATTENTION_EVENT_COUNT mode=scna-fp16 qo_len=4 phase=warmup iteration=2 events=150 max_events=4256 overflow=0
FIG8_ATTENTION_CHECKSUM mode=scna-fp16 layout=lane8 scna_width=8 phase=warmup iteration=2 checksum=0x950a570be61c8c71
FIG8_ATTENTION_HOST_TIMING mode=scna-fp16 layout=lane8 scna_width=8 mask_mode=full qo_len=4 kv_len=4096 n_heads=12 n_kv_heads=2 head_dim=128 phase=warmup iteration=3 host_elapsed_us=706 ret=0
FIG8_ATTENTION_PROFILE_COUNT mode=scna-fp16 qo_len=4 phase=warmup iteration=3 records=2 max_records=10
FIG8_ATTENTION_TIMERS mode=scna-fp16 layout=lane8 phase=warmup iteration=3 lut_exp=0 scna_layout=1 scna_width=8 qo_len=4 kv_len=4096 n_heads=12 n_kv_heads=2 head_dim=128 kv_head=0 worker=3 profiled_total=469 q_load=1 k_load=93 v_load=76 qk_dot=3 safe_sm=287 scna_exp=259 core_acc=5 o_scale=2 o_store=2
FIG8_ATTENTION_TIMERS mode=scna-fp16 layout=lane8 phase=warmup iteration=3 lut_exp=0 scna_layout=1 scna_width=8 qo_len=4 kv_len=4096 n_heads=12 n_kv_heads=2 head_dim=128 kv_head=1 worker=0 profiled_total=467 q_load=1 k_load=95 v_load=74 qk_dot=3 safe_sm=284 scna_exp=260 core_acc=6 o_scale=2 o_store=2
FIG8_ATTENTION_EVENT_COUNT mode=scna-fp16 qo_len=4 phase=warmup iteration=3 events=150 max_events=4256 overflow=0
FIG8_ATTENTION_CHECKSUM mode=scna-fp16 layout=lane8 scna_width=8 phase=warmup iteration=3 checksum=0x950a570be61c8c71
FIG8_ATTENTION_HOST_TIMING mode=scna-fp16 layout=lane8 scna_width=8 mask_mode=full qo_len=4 kv_len=4096 n_heads=12 n_kv_heads=2 head_dim=128 phase=warmup iteration=4 host_elapsed_us=780 ret=0
FIG8_ATTENTION_PROFILE_COUNT mode=scna-fp16 qo_len=4 phase=warmup iteration=4 records=2 max_records=10
FIG8_ATTENTION_TIMERS mode=scna-fp16 layout=lane8 phase=warmup iteration=4 lut_exp=0 scna_layout=1 scna_width=8 qo_len=4 kv_len=4096 n_heads=12 n_kv_heads=2 head_dim=128 kv_head=0 worker=2 profiled_total=460 q_load=1 k_load=92 v_load=70 qk_dot=2 safe_sm=286 scna_exp=259 core_acc=6 o_scale=1 o_store=2
FIG8_ATTENTION_TIMERS mode=scna-fp16 layout=lane8 phase=warmup iteration=4 lut_exp=0 scna_layout=1 scna_width=8 qo_len=4 kv_len=4096 n_heads=12 n_kv_heads=2 head_dim=128 kv_head=1 worker=4 profiled_total=467 q_load=1 k_load=92 v_load=70 qk_dot=3 safe_sm=291 scna_exp=263 core_acc=9 o_scale=0 o_store=1
FIG8_ATTENTION_EVENT_COUNT mode=scna-fp16 qo_len=4 phase=warmup iteration=4 events=150 max_events=4256 overflow=0
FIG8_ATTENTION_CHECKSUM mode=scna-fp16 layout=lane8 scna_width=8 phase=warmup iteration=4 checksum=0x950a570be61c8c71
FIG8_ATTENTION_HOST_TIMING mode=scna-fp16 layout=lane8 scna_width=8 mask_mode=full qo_len=4 kv_len=4096 n_heads=12 n_kv_heads=2 head_dim=128 phase=measure iteration=0 host_elapsed_us=777 ret=0
FIG8_ATTENTION_PROFILE_COUNT mode=scna-fp16 qo_len=4 phase=measure iteration=0 records=2 max_records=10
FIG8_ATTENTION_TIMERS mode=scna-fp16 layout=lane8 phase=measure iteration=0 lut_exp=0 scna_layout=1 scna_width=8 qo_len=4 kv_len=4096 n_heads=12 n_kv_heads=2 head_dim=128 kv_head=0 worker=3 profiled_total=447 q_load=1 k_load=84 v_load=71 qk_dot=2 safe_sm=283 scna_exp=256 core_acc=3 o_scale=1 o_store=2
FIG8_ATTENTION_TIMERS mode=scna-fp16 layout=lane8 phase=measure iteration=0 lut_exp=0 scna_layout=1 scna_width=8 qo_len=4 kv_len=4096 n_heads=12 n_kv_heads=2 head_dim=128 kv_head=1 worker=5 profiled_total=447 q_load=1 k_load=84 v_load=71 qk_dot=3 safe_sm=282 scna_exp=256 core_acc=3 o_scale=1 o_store=2
FIG8_ATTENTION_EVENT_COUNT mode=scna-fp16 qo_len=4 phase=measure iteration=0 events=150 max_events=4256 overflow=0
FIG8_ATTENTION_CHECKSUM mode=scna-fp16 layout=lane8 scna_width=8 phase=measure iteration=0 checksum=0x950a570be61c8c71
FIG8_ATTENTION_HOST_TIMING mode=scna-fp16 layout=lane8 scna_width=8 mask_mode=full qo_len=4 kv_len=4096 n_heads=12 n_kv_heads=2 head_dim=128 phase=measure iteration=1 host_elapsed_us=782 ret=0
FIG8_ATTENTION_PROFILE_COUNT mode=scna-fp16 qo_len=4 phase=measure iteration=1 records=2 max_records=10
FIG8_ATTENTION_TIMERS mode=scna-fp16 layout=lane8 phase=measure iteration=1 lut_exp=0 scna_layout=1 scna_width=8 qo_len=4 kv_len=4096 n_heads=12 n_kv_heads=2 head_dim=128 kv_head=1 worker=0 profiled_total=469 q_load=1 k_load=96 v_load=74 qk_dot=2 safe_sm=286 scna_exp=259 core_acc=7 o_scale=1 o_store=2
FIG8_ATTENTION_TIMERS mode=scna-fp16 layout=lane8 phase=measure iteration=1 lut_exp=0 scna_layout=1 scna_width=8 qo_len=4 kv_len=4096 n_heads=12 n_kv_heads=2 head_dim=128 kv_head=0 worker=2 profiled_total=469 q_load=1 k_load=98 v_load=75 qk_dot=2 safe_sm=284 scna_exp=258 core_acc=6 o_scale=1 o_store=2
FIG8_ATTENTION_EVENT_COUNT mode=scna-fp16 qo_len=4 phase=measure iteration=1 events=150 max_events=4256 overflow=0
FIG8_ATTENTION_CHECKSUM mode=scna-fp16 layout=lane8 scna_width=8 phase=measure iteration=1 checksum=0x950a570be61c8c71
FIG8_ATTENTION_HOST_TIMING mode=scna-fp16 layout=lane8 scna_width=8 mask_mode=full qo_len=4 kv_len=4096 n_heads=12 n_kv_heads=2 head_dim=128 phase=measure iteration=2 host_elapsed_us=773 ret=0
FIG8_ATTENTION_PROFILE_COUNT mode=scna-fp16 qo_len=4 phase=measure iteration=2 records=2 max_records=10
FIG8_ATTENTION_TIMERS mode=scna-fp16 layout=lane8 phase=measure iteration=2 lut_exp=0 scna_layout=1 scna_width=8 qo_len=4 kv_len=4096 n_heads=12 n_kv_heads=2 head_dim=128 kv_head=0 worker=3 profiled_total=469 q_load=1 k_load=97 v_load=73 qk_dot=2 safe_sm=287 scna_exp=258 core_acc=6 o_scale=1 o_store=2
FIG8_ATTENTION_TIMERS mode=scna-fp16 layout=lane8 phase=measure iteration=2 lut_exp=0 scna_layout=1 scna_width=8 qo_len=4 kv_len=4096 n_heads=12 n_kv_heads=2 head_dim=128 kv_head=1 worker=4 profiled_total=468 q_load=1 k_load=98 v_load=73 qk_dot=2 safe_sm=285 scna_exp=258 core_acc=6 o_scale=1 o_store=2
FIG8_ATTENTION_EVENT_COUNT mode=scna-fp16 qo_len=4 phase=measure iteration=2 events=150 max_events=4256 overflow=0
FIG8_ATTENTION_CHECKSUM mode=scna-fp16 layout=lane8 scna_width=8 phase=measure iteration=2 checksum=0x950a570be61c8c71
FIG8_ATTENTION_HOST_TIMING mode=scna-fp16 layout=lane8 scna_width=8 mask_mode=full qo_len=4 kv_len=4096 n_heads=12 n_kv_heads=2 head_dim=128 phase=measure iteration=3 host_elapsed_us=768 ret=0
FIG8_ATTENTION_PROFILE_COUNT mode=scna-fp16 qo_len=4 phase=measure iteration=3 records=2 max_records=10
FIG8_ATTENTION_TIMERS mode=scna-fp16 layout=lane8 phase=measure iteration=3 lut_exp=0 scna_layout=1 scna_width=8 qo_len=4 kv_len=4096 n_heads=12 n_kv_heads=2 head_dim=128 kv_head=0 worker=2 profiled_total=468 q_load=1 k_load=92 v_load=76 qk_dot=2 safe_sm=288 scna_exp=259 core_acc=6 o_scale=1 o_store=2
FIG8_ATTENTION_TIMERS mode=scna-fp16 layout=lane8 phase=measure iteration=3 lut_exp=0 scna_layout=1 scna_width=8 qo_len=4 kv_len=4096 n_heads=12 n_kv_heads=2 head_dim=128 kv_head=1 worker=5 profiled_total=466 q_load=1 k_load=92 v_load=74 qk_dot=3 safe_sm=285 scna_exp=262 core_acc=8 o_scale=1 o_store=2
FIG8_ATTENTION_EVENT_COUNT mode=scna-fp16 qo_len=4 phase=measure iteration=3 events=150 max_events=4256 overflow=0
FIG8_ATTENTION_CHECKSUM mode=scna-fp16 layout=lane8 scna_width=8 phase=measure iteration=3 checksum=0x950a570be61c8c71
FIG8_ATTENTION_HOST_TIMING mode=scna-fp16 layout=lane8 scna_width=8 mask_mode=full qo_len=4 kv_len=4096 n_heads=12 n_kv_heads=2 head_dim=128 phase=measure iteration=4 host_elapsed_us=798 ret=0
FIG8_ATTENTION_PROFILE_COUNT mode=scna-fp16 qo_len=4 phase=measure iteration=4 records=2 max_records=10
FIG8_ATTENTION_TIMERS mode=scna-fp16 layout=lane8 phase=measure iteration=4 lut_exp=0 scna_layout=1 scna_width=8 qo_len=4 kv_len=4096 n_heads=12 n_kv_heads=2 head_dim=128 kv_head=0 worker=3 profiled_total=470 q_load=1 k_load=92 v_load=77 qk_dot=3 safe_sm=287 scna_exp=261 core_acc=9 o_scale=0 o_store=1
FIG8_ATTENTION_TIMERS mode=scna-fp16 layout=lane8 phase=measure iteration=4 lut_exp=0 scna_layout=1 scna_width=8 qo_len=4 kv_len=4096 n_heads=12 n_kv_heads=2 head_dim=128 kv_head=1 worker=0 profiled_total=463 q_load=1 k_load=91 v_load=75 qk_dot=2 safe_sm=286 scna_exp=259 core_acc=5 o_scale=1 o_store=2
FIG8_ATTENTION_EVENT_COUNT mode=scna-fp16 qo_len=4 phase=measure iteration=4 events=150 max_events=4256 overflow=0
FIG8_ATTENTION_CHECKSUM mode=scna-fp16 layout=lane8 scna_width=8 phase=measure iteration=4 checksum=0x950a570be61c8c71
FIG8_ATTENTION_HOST_TIMING mode=scna-fp16 layout=lane8 scna_width=8 mask_mode=full qo_len=4 kv_len=4096 n_heads=12 n_kv_heads=2 head_dim=128 phase=measure iteration=5 host_elapsed_us=772 ret=0
FIG8_ATTENTION_PROFILE_COUNT mode=scna-fp16 qo_len=4 phase=measure iteration=5 records=2 max_records=10
FIG8_ATTENTION_TIMERS mode=scna-fp16 layout=lane8 phase=measure iteration=5 lut_exp=0 scna_layout=1 scna_width=8 qo_len=4 kv_len=4096 n_heads=12 n_kv_heads=2 head_dim=128 kv_head=0 worker=2 profiled_total=463 q_load=1 k_load=95 v_load=75 qk_dot=2 safe_sm=285 scna_exp=256 core_acc=2 o_scale=1 o_store=2
FIG8_ATTENTION_TIMERS mode=scna-fp16 layout=lane8 phase=measure iteration=5 lut_exp=0 scna_layout=1 scna_width=8 qo_len=4 kv_len=4096 n_heads=12 n_kv_heads=2 head_dim=128 kv_head=1 worker=1 profiled_total=461 q_load=1 k_load=95 v_load=73 qk_dot=1 safe_sm=285 scna_exp=257 core_acc=3 o_scale=1 o_store=2
FIG8_ATTENTION_EVENT_COUNT mode=scna-fp16 qo_len=4 phase=measure iteration=5 events=150 max_events=4256 overflow=0
FIG8_ATTENTION_CHECKSUM mode=scna-fp16 layout=lane8 scna_width=8 phase=measure iteration=5 checksum=0x950a570be61c8c71
FIG8_ATTENTION_HOST_TIMING mode=scna-fp16 layout=lane8 scna_width=8 mask_mode=full qo_len=4 kv_len=4096 n_heads=12 n_kv_heads=2 head_dim=128 phase=measure iteration=6 host_elapsed_us=790 ret=0
FIG8_ATTENTION_PROFILE_COUNT mode=scna-fp16 qo_len=4 phase=measure iteration=6 records=2 max_records=10
FIG8_ATTENTION_TIMERS mode=scna-fp16 layout=lane8 phase=measure iteration=6 lut_exp=0 scna_layout=1 scna_width=8 qo_len=4 kv_len=4096 n_heads=12 n_kv_heads=2 head_dim=128 kv_head=1 worker=5 profiled_total=472 q_load=1 k_load=101 v_load=72 qk_dot=2 safe_sm=287 scna_exp=259 core_acc=6 o_scale=1 o_store=2
FIG8_ATTENTION_TIMERS mode=scna-fp16 layout=lane8 phase=measure iteration=6 lut_exp=0 scna_layout=1 scna_width=8 qo_len=4 kv_len=4096 n_heads=12 n_kv_heads=2 head_dim=128 kv_head=0 worker=3 profiled_total=473 q_load=1 k_load=100 v_load=73 qk_dot=3 safe_sm=287 scna_exp=260 core_acc=6 o_scale=1 o_store=2
FIG8_ATTENTION_EVENT_COUNT mode=scna-fp16 qo_len=4 phase=measure iteration=6 events=150 max_events=4256 overflow=0
FIG8_ATTENTION_CHECKSUM mode=scna-fp16 layout=lane8 scna_width=8 phase=measure iteration=6 checksum=0x950a570be61c8c71
FIG8_ATTENTION_HOST_TIMING mode=scna-fp16 layout=lane8 scna_width=8 mask_mode=full qo_len=4 kv_len=4096 n_heads=12 n_kv_heads=2 head_dim=128 phase=measure iteration=7 host_elapsed_us=775 ret=0
FIG8_ATTENTION_PROFILE_COUNT mode=scna-fp16 qo_len=4 phase=measure iteration=7 records=2 max_records=10
FIG8_ATTENTION_TIMERS mode=scna-fp16 layout=lane8 phase=measure iteration=7 lut_exp=0 scna_layout=1 scna_width=8 qo_len=4 kv_len=4096 n_heads=12 n_kv_heads=2 head_dim=128 kv_head=0 worker=2 profiled_total=460 q_load=1 k_load=86 v_load=76 qk_dot=3 safe_sm=285 scna_exp=259 core_acc=6 o_scale=1 o_store=2
FIG8_ATTENTION_TIMERS mode=scna-fp16 layout=lane8 phase=measure iteration=7 lut_exp=0 scna_layout=1 scna_width=8 qo_len=4 kv_len=4096 n_heads=12 n_kv_heads=2 head_dim=128 kv_head=1 worker=0 profiled_total=460 q_load=1 k_load=85 v_load=76 qk_dot=3 safe_sm=286 scna_exp=258 core_acc=6 o_scale=1 o_store=2
FIG8_ATTENTION_EVENT_COUNT mode=scna-fp16 qo_len=4 phase=measure iteration=7 events=150 max_events=4256 overflow=0
FIG8_ATTENTION_CHECKSUM mode=scna-fp16 layout=lane8 scna_width=8 phase=measure iteration=7 checksum=0x950a570be61c8c71
FIG8_ATTENTION_HOST_TIMING mode=scna-fp16 layout=lane8 scna_width=8 mask_mode=full qo_len=4 kv_len=4096 n_heads=12 n_kv_heads=2 head_dim=128 phase=measure iteration=8 host_elapsed_us=764 ret=0
FIG8_ATTENTION_PROFILE_COUNT mode=scna-fp16 qo_len=4 phase=measure iteration=8 records=2 max_records=10
FIG8_ATTENTION_TIMERS mode=scna-fp16 layout=lane8 phase=measure iteration=8 lut_exp=0 scna_layout=1 scna_width=8 qo_len=4 kv_len=4096 n_heads=12 n_kv_heads=2 head_dim=128 kv_head=1 worker=1 profiled_total=473 q_load=1 k_load=101 v_load=70 qk_dot=2 safe_sm=290 scna_exp=264 core_acc=5 o_scale=2 o_store=2
FIG8_ATTENTION_TIMERS mode=scna-fp16 layout=lane8 phase=measure iteration=8 lut_exp=0 scna_layout=1 scna_width=8 qo_len=4 kv_len=4096 n_heads=12 n_kv_heads=2 head_dim=128 kv_head=0 worker=3 profiled_total=473 q_load=1 k_load=101 v_load=69 qk_dot=2 safe_sm=291 scna_exp=263 core_acc=5 o_scale=2 o_store=2
FIG8_ATTENTION_EVENT_COUNT mode=scna-fp16 qo_len=4 phase=measure iteration=8 events=150 max_events=4256 overflow=0
FIG8_ATTENTION_CHECKSUM mode=scna-fp16 layout=lane8 scna_width=8 phase=measure iteration=8 checksum=0x950a570be61c8c71
FIG8_ATTENTION_HOST_TIMING mode=scna-fp16 layout=lane8 scna_width=8 mask_mode=full qo_len=4 kv_len=4096 n_heads=12 n_kv_heads=2 head_dim=128 phase=measure iteration=9 host_elapsed_us=775 ret=0
FIG8_ATTENTION_PROFILE_COUNT mode=scna-fp16 qo_len=4 phase=measure iteration=9 records=2 max_records=10
FIG8_ATTENTION_TIMERS mode=scna-fp16 layout=lane8 phase=measure iteration=9 lut_exp=0 scna_layout=1 scna_width=8 qo_len=4 kv_len=4096 n_heads=12 n_kv_heads=2 head_dim=128 kv_head=0 worker=0 profiled_total=473 q_load=1 k_load=92 v_load=79 qk_dot=3 safe_sm=288 scna_exp=263 core_acc=9 o_scale=0 o_store=1
FIG8_ATTENTION_TIMERS mode=scna-fp16 layout=lane8 phase=measure iteration=9 lut_exp=0 scna_layout=1 scna_width=8 qo_len=4 kv_len=4096 n_heads=12 n_kv_heads=2 head_dim=128 kv_head=1 worker=4 profiled_total=467 q_load=1 k_load=91 v_load=76 qk_dot=2 safe_sm=289 scna_exp=259 core_acc=5 o_scale=1 o_store=2
FIG8_ATTENTION_EVENT_COUNT mode=scna-fp16 qo_len=4 phase=measure iteration=9 events=150 max_events=4256 overflow=0
FIG8_ATTENTION_CHECKSUM mode=scna-fp16 layout=lane8 scna_width=8 phase=measure iteration=9 checksum=0x950a570be61c8c71
FIG8_ATTENTION_HOST_TIMING mode=scna-fp16 layout=lane8 scna_width=8 mask_mode=full qo_len=4 kv_len=4096 n_heads=12 n_kv_heads=2 head_dim=128 phase=measure iteration=10 host_elapsed_us=769 ret=0
FIG8_ATTENTION_PROFILE_COUNT mode=scna-fp16 qo_len=4 phase=measure iteration=10 records=2 max_records=10
FIG8_ATTENTION_TIMERS mode=scna-fp16 layout=lane8 phase=measure iteration=10 lut_exp=0 scna_layout=1 scna_width=8 qo_len=4 kv_len=4096 n_heads=12 n_kv_heads=2 head_dim=128 kv_head=1 worker=2 profiled_total=464 q_load=1 k_load=99 v_load=72 qk_dot=2 safe_sm=285 scna_exp=257 core_acc=2 o_scale=1 o_store=2
FIG8_ATTENTION_TIMERS mode=scna-fp16 layout=lane8 phase=measure iteration=10 lut_exp=0 scna_layout=1 scna_width=8 qo_len=4 kv_len=4096 n_heads=12 n_kv_heads=2 head_dim=128 kv_head=0 worker=1 profiled_total=463 q_load=1 k_load=98 v_load=73 qk_dot=1 safe_sm=284 scna_exp=257 core_acc=3 o_scale=1 o_store=2
FIG8_ATTENTION_EVENT_COUNT mode=scna-fp16 qo_len=4 phase=measure iteration=10 events=150 max_events=4256 overflow=0
FIG8_ATTENTION_CHECKSUM mode=scna-fp16 layout=lane8 scna_width=8 phase=measure iteration=10 checksum=0x950a570be61c8c71
FIG8_ATTENTION_HOST_TIMING mode=scna-fp16 layout=lane8 scna_width=8 mask_mode=full qo_len=4 kv_len=4096 n_heads=12 n_kv_heads=2 head_dim=128 phase=measure iteration=11 host_elapsed_us=766 ret=0
FIG8_ATTENTION_PROFILE_COUNT mode=scna-fp16 qo_len=4 phase=measure iteration=11 records=2 max_records=10
FIG8_ATTENTION_TIMERS mode=scna-fp16 layout=lane8 phase=measure iteration=11 lut_exp=0 scna_layout=1 scna_width=8 qo_len=4 kv_len=4096 n_heads=12 n_kv_heads=2 head_dim=128 kv_head=0 worker=0 profiled_total=466 q_load=1 k_load=92 v_load=74 qk_dot=3 safe_sm=288 scna_exp=259 core_acc=5 o_scale=1 o_store=2
FIG8_ATTENTION_TIMERS mode=scna-fp16 layout=lane8 phase=measure iteration=11 lut_exp=0 scna_layout=1 scna_width=8 qo_len=4 kv_len=4096 n_heads=12 n_kv_heads=2 head_dim=128 kv_head=1 worker=3 profiled_total=466 q_load=1 k_load=92 v_load=74 qk_dot=3 safe_sm=288 scna_exp=259 core_acc=5 o_scale=1 o_store=2
FIG8_ATTENTION_EVENT_COUNT mode=scna-fp16 qo_len=4 phase=measure iteration=11 events=150 max_events=4256 overflow=0
FIG8_ATTENTION_CHECKSUM mode=scna-fp16 layout=lane8 scna_width=8 phase=measure iteration=11 checksum=0x950a570be61c8c71
FIG8_ATTENTION_HOST_TIMING mode=scna-fp16 layout=lane8 scna_width=8 mask_mode=full qo_len=4 kv_len=4096 n_heads=12 n_kv_heads=2 head_dim=128 phase=measure iteration=12 host_elapsed_us=788 ret=0
FIG8_ATTENTION_PROFILE_COUNT mode=scna-fp16 qo_len=4 phase=measure iteration=12 records=2 max_records=10
FIG8_ATTENTION_TIMERS mode=scna-fp16 layout=lane8 phase=measure iteration=12 lut_exp=0 scna_layout=1 scna_width=8 qo_len=4 kv_len=4096 n_heads=12 n_kv_heads=2 head_dim=128 kv_head=0 worker=1 profiled_total=468 q_load=1 k_load=93 v_load=76 qk_dot=2 safe_sm=288 scna_exp=259 core_acc=5 o_scale=1 o_store=2
FIG8_ATTENTION_TIMERS mode=scna-fp16 layout=lane8 phase=measure iteration=12 lut_exp=0 scna_layout=1 scna_width=8 qo_len=4 kv_len=4096 n_heads=12 n_kv_heads=2 head_dim=128 kv_head=1 worker=5 profiled_total=471 q_load=1 k_load=96 v_load=75 qk_dot=3 safe_sm=288 scna_exp=259 core_acc=5 o_scale=1 o_store=2
FIG8_ATTENTION_EVENT_COUNT mode=scna-fp16 qo_len=4 phase=measure iteration=12 events=150 max_events=4256 overflow=0
FIG8_ATTENTION_CHECKSUM mode=scna-fp16 layout=lane8 scna_width=8 phase=measure iteration=12 checksum=0x950a570be61c8c71
FIG8_ATTENTION_HOST_TIMING mode=scna-fp16 layout=lane8 scna_width=8 mask_mode=full qo_len=4 kv_len=4096 n_heads=12 n_kv_heads=2 head_dim=128 phase=measure iteration=13 host_elapsed_us=792 ret=0
FIG8_ATTENTION_PROFILE_COUNT mode=scna-fp16 qo_len=4 phase=measure iteration=13 records=2 max_records=10
FIG8_ATTENTION_TIMERS mode=scna-fp16 layout=lane8 phase=measure iteration=13 lut_exp=0 scna_layout=1 scna_width=8 qo_len=4 kv_len=4096 n_heads=12 n_kv_heads=2 head_dim=128 kv_head=0 worker=3 profiled_total=469 q_load=1 k_load=81 v_load=81 qk_dot=2 safe_sm=295 scna_exp=264 core_acc=6 o_scale=1 o_store=2
FIG8_ATTENTION_TIMERS mode=scna-fp16 layout=lane8 phase=measure iteration=13 lut_exp=0 scna_layout=1 scna_width=8 qo_len=4 kv_len=4096 n_heads=12 n_kv_heads=2 head_dim=128 kv_head=1 worker=4 profiled_total=470 q_load=1 k_load=82 v_load=82 qk_dot=2 safe_sm=294 scna_exp=264 core_acc=6 o_scale=1 o_store=2
FIG8_ATTENTION_EVENT_COUNT mode=scna-fp16 qo_len=4 phase=measure iteration=13 events=150 max_events=4256 overflow=0
FIG8_ATTENTION_CHECKSUM mode=scna-fp16 layout=lane8 scna_width=8 phase=measure iteration=13 checksum=0x950a570be61c8c71
FIG8_ATTENTION_HOST_TIMING mode=scna-fp16 layout=lane8 scna_width=8 mask_mode=full qo_len=4 kv_len=4096 n_heads=12 n_kv_heads=2 head_dim=128 phase=measure iteration=14 host_elapsed_us=790 ret=0
FIG8_ATTENTION_PROFILE_COUNT mode=scna-fp16 qo_len=4 phase=measure iteration=14 records=2 max_records=10
FIG8_ATTENTION_TIMERS mode=scna-fp16 layout=lane8 phase=measure iteration=14 lut_exp=0 scna_layout=1 scna_width=8 qo_len=4 kv_len=4096 n_heads=12 n_kv_heads=2 head_dim=128 kv_head=1 worker=0 profiled_total=477 q_load=1 k_load=89 v_load=81 qk_dot=3 safe_sm=294 scna_exp=265 core_acc=6 o_scale=1 o_store=2
FIG8_ATTENTION_TIMERS mode=scna-fp16 layout=lane8 phase=measure iteration=14 lut_exp=0 scna_layout=1 scna_width=8 qo_len=4 kv_len=4096 n_heads=12 n_kv_heads=2 head_dim=128 kv_head=0 worker=1 profiled_total=478 q_load=1 k_load=87 v_load=83 qk_dot=2 safe_sm=296 scna_exp=263 core_acc=5 o_scale=2 o_store=2
FIG8_ATTENTION_EVENT_COUNT mode=scna-fp16 qo_len=4 phase=measure iteration=14 events=150 max_events=4256 overflow=0
FIG8_ATTENTION_CHECKSUM mode=scna-fp16 layout=lane8 scna_width=8 phase=measure iteration=14 checksum=0x950a570be61c8c71
FIG8_ATTENTION_HOST_TIMING mode=scna-fp16 layout=lane8 scna_width=8 mask_mode=full qo_len=4 kv_len=4096 n_heads=12 n_kv_heads=2 head_dim=128 phase=measure iteration=15 host_elapsed_us=820 ret=0
FIG8_ATTENTION_PROFILE_COUNT mode=scna-fp16 qo_len=4 phase=measure iteration=15 records=2 max_records=10
FIG8_ATTENTION_TIMERS mode=scna-fp16 layout=lane8 phase=measure iteration=15 lut_exp=0 scna_layout=1 scna_width=8 qo_len=4 kv_len=4096 n_heads=12 n_kv_heads=2 head_dim=128 kv_head=1 worker=5 profiled_total=481 q_load=1 k_load=86 v_load=85 qk_dot=2 safe_sm=299 scna_exp=266 core_acc=5 o_scale=1 o_store=2
FIG8_ATTENTION_TIMERS mode=scna-fp16 layout=lane8 phase=measure iteration=15 lut_exp=0 scna_layout=1 scna_width=8 qo_len=4 kv_len=4096 n_heads=12 n_kv_heads=2 head_dim=128 kv_head=0 worker=4 profiled_total=477 q_load=1 k_load=85 v_load=83 qk_dot=3 safe_sm=294 scna_exp=269 core_acc=8 o_scale=1 o_store=2
FIG8_ATTENTION_EVENT_COUNT mode=scna-fp16 qo_len=4 phase=measure iteration=15 events=150 max_events=4256 overflow=0
FIG8_ATTENTION_CHECKSUM mode=scna-fp16 layout=lane8 scna_width=8 phase=measure iteration=15 checksum=0x950a570be61c8c71
FIG8_ATTENTION_HOST_TIMING mode=scna-fp16 layout=lane8 scna_width=8 mask_mode=full qo_len=4 kv_len=4096 n_heads=12 n_kv_heads=2 head_dim=128 phase=measure iteration=16 host_elapsed_us=799 ret=0
FIG8_ATTENTION_PROFILE_COUNT mode=scna-fp16 qo_len=4 phase=measure iteration=16 records=2 max_records=10
FIG8_ATTENTION_TIMERS mode=scna-fp16 layout=lane8 phase=measure iteration=16 lut_exp=0 scna_layout=1 scna_width=8 qo_len=4 kv_len=4096 n_heads=12 n_kv_heads=2 head_dim=128 kv_head=0 worker=1 profiled_total=479 q_load=1 k_load=84 v_load=87 qk_dot=1 safe_sm=298 scna_exp=265 core_acc=5 o_scale=1 o_store=2
FIG8_ATTENTION_TIMERS mode=scna-fp16 layout=lane8 phase=measure iteration=16 lut_exp=0 scna_layout=1 scna_width=8 qo_len=4 kv_len=4096 n_heads=12 n_kv_heads=2 head_dim=128 kv_head=1 worker=2 profiled_total=478 q_load=1 k_load=87 v_load=84 qk_dot=2 safe_sm=292 scna_exp=268 core_acc=9 o_scale=1 o_store=2
FIG8_ATTENTION_EVENT_COUNT mode=scna-fp16 qo_len=4 phase=measure iteration=16 events=150 max_events=4256 overflow=0
FIG8_ATTENTION_CHECKSUM mode=scna-fp16 layout=lane8 scna_width=8 phase=measure iteration=16 checksum=0x950a570be61c8c71
FIG8_ATTENTION_HOST_TIMING mode=scna-fp16 layout=lane8 scna_width=8 mask_mode=full qo_len=4 kv_len=4096 n_heads=12 n_kv_heads=2 head_dim=128 phase=measure iteration=17 host_elapsed_us=803 ret=0
FIG8_ATTENTION_PROFILE_COUNT mode=scna-fp16 qo_len=4 phase=measure iteration=17 records=2 max_records=10
FIG8_ATTENTION_TIMERS mode=scna-fp16 layout=lane8 phase=measure iteration=17 lut_exp=0 scna_layout=1 scna_width=8 qo_len=4 kv_len=4096 n_heads=12 n_kv_heads=2 head_dim=128 kv_head=1 worker=0 profiled_total=491 q_load=1 k_load=106 v_load=79 qk_dot=2 safe_sm=295 scna_exp=264 core_acc=5 o_scale=1 o_store=2
FIG8_ATTENTION_TIMERS mode=scna-fp16 layout=lane8 phase=measure iteration=17 lut_exp=0 scna_layout=1 scna_width=8 qo_len=4 kv_len=4096 n_heads=12 n_kv_heads=2 head_dim=128 kv_head=0 worker=4 profiled_total=496 q_load=1 k_load=104 v_load=81 qk_dot=2 safe_sm=297 scna_exp=269 core_acc=10 o_scale=0 o_store=1
FIG8_ATTENTION_EVENT_COUNT mode=scna-fp16 qo_len=4 phase=measure iteration=17 events=150 max_events=4256 overflow=0
FIG8_ATTENTION_CHECKSUM mode=scna-fp16 layout=lane8 scna_width=8 phase=measure iteration=17 checksum=0x950a570be61c8c71
FIG8_ATTENTION_HOST_TIMING mode=scna-fp16 layout=lane8 scna_width=8 mask_mode=full qo_len=4 kv_len=4096 n_heads=12 n_kv_heads=2 head_dim=128 phase=measure iteration=18 host_elapsed_us=799 ret=0
FIG8_ATTENTION_PROFILE_COUNT mode=scna-fp16 qo_len=4 phase=measure iteration=18 records=2 max_records=10
FIG8_ATTENTION_TIMERS mode=scna-fp16 layout=lane8 phase=measure iteration=18 lut_exp=0 scna_layout=1 scna_width=8 qo_len=4 kv_len=4096 n_heads=12 n_kv_heads=2 head_dim=128 kv_head=1 worker=5 profiled_total=475 q_load=1 k_load=85 v_load=90 qk_dot=1 safe_sm=293 scna_exp=263 core_acc=2 o_scale=1 o_store=2
FIG8_ATTENTION_TIMERS mode=scna-fp16 layout=lane8 phase=measure iteration=18 lut_exp=0 scna_layout=1 scna_width=8 qo_len=4 kv_len=4096 n_heads=12 n_kv_heads=2 head_dim=128 kv_head=0 worker=1 profiled_total=484 q_load=1 k_load=88 v_load=85 qk_dot=1 safe_sm=300 scna_exp=269 core_acc=8 o_scale=0 o_store=1
FIG8_ATTENTION_EVENT_COUNT mode=scna-fp16 qo_len=4 phase=measure iteration=18 events=150 max_events=4256 overflow=0
FIG8_ATTENTION_CHECKSUM mode=scna-fp16 layout=lane8 scna_width=8 phase=measure iteration=18 checksum=0x950a570be61c8c71
FIG8_ATTENTION_HOST_TIMING mode=scna-fp16 layout=lane8 scna_width=8 mask_mode=full qo_len=4 kv_len=4096 n_heads=12 n_kv_heads=2 head_dim=128 phase=measure iteration=19 host_elapsed_us=800 ret=0
FIG8_ATTENTION_PROFILE_COUNT mode=scna-fp16 qo_len=4 phase=measure iteration=19 records=2 max_records=10
FIG8_ATTENTION_TIMERS mode=scna-fp16 layout=lane8 phase=measure iteration=19 lut_exp=0 scna_layout=1 scna_width=8 qo_len=4 kv_len=4096 n_heads=12 n_kv_heads=2 head_dim=128 kv_head=1 worker=2 profiled_total=473 q_load=1 k_load=91 v_load=81 qk_dot=1 safe_sm=293 scna_exp=262 core_acc=5 o_scale=0 o_store=1
FIG8_ATTENTION_TIMERS mode=scna-fp16 layout=lane8 phase=measure iteration=19 lut_exp=0 scna_layout=1 scna_width=8 qo_len=4 kv_len=4096 n_heads=12 n_kv_heads=2 head_dim=128 kv_head=0 worker=0 profiled_total=472 q_load=1 k_load=92 v_load=80 qk_dot=1 safe_sm=292 scna_exp=262 core_acc=3 o_scale=1 o_store=2
FIG8_ATTENTION_EVENT_COUNT mode=scna-fp16 qo_len=4 phase=measure iteration=19 events=150 max_events=4256 overflow=0
FIG8_ATTENTION_CHECKSUM mode=scna-fp16 layout=lane8 scna_width=8 phase=measure iteration=19 checksum=0x950a570be61c8c71
FIG8_ATTENTION_HOST_TIMING mode=scna-fp16 layout=lane8 scna_width=8 mask_mode=full qo_len=4 kv_len=4096 n_heads=12 n_kv_heads=2 head_dim=128 phase=measure iteration=20 host_elapsed_us=791 ret=0
FIG8_ATTENTION_PROFILE_COUNT mode=scna-fp16 qo_len=4 phase=measure iteration=20 records=2 max_records=10
FIG8_ATTENTION_TIMERS mode=scna-fp16 layout=lane8 phase=measure iteration=20 lut_exp=0 scna_layout=1 scna_width=8 qo_len=4 kv_len=4096 n_heads=12 n_kv_heads=2 head_dim=128 kv_head=0 worker=1 profiled_total=470 q_load=1 k_load=87 v_load=80 qk_dot=2 safe_sm=294 scna_exp=263 core_acc=3 o_scale=1 o_store=2
FIG8_ATTENTION_TIMERS mode=scna-fp16 layout=lane8 phase=measure iteration=20 lut_exp=0 scna_layout=1 scna_width=8 qo_len=4 kv_len=4096 n_heads=12 n_kv_heads=2 head_dim=128 kv_head=1 worker=3 profiled_total=470 q_load=1 k_load=86 v_load=80 qk_dot=2 safe_sm=295 scna_exp=263 core_acc=3 o_scale=1 o_store=2
FIG8_ATTENTION_EVENT_COUNT mode=scna-fp16 qo_len=4 phase=measure iteration=20 events=150 max_events=4256 overflow=0
FIG8_ATTENTION_CHECKSUM mode=scna-fp16 layout=lane8 scna_width=8 phase=measure iteration=20 checksum=0x950a570be61c8c71
FIG8_ATTENTION_HOST_TIMING mode=scna-fp16 layout=lane8 scna_width=8 mask_mode=full qo_len=4 kv_len=4096 n_heads=12 n_kv_heads=2 head_dim=128 phase=measure iteration=21 host_elapsed_us=788 ret=0
FIG8_ATTENTION_PROFILE_COUNT mode=scna-fp16 qo_len=4 phase=measure iteration=21 records=2 max_records=10
FIG8_ATTENTION_TIMERS mode=scna-fp16 layout=lane8 phase=measure iteration=21 lut_exp=0 scna_layout=1 scna_width=8 qo_len=4 kv_len=4096 n_heads=12 n_kv_heads=2 head_dim=128 kv_head=0 worker=2 profiled_total=478 q_load=1 k_load=89 v_load=82 qk_dot=2 safe_sm=296 scna_exp=264 core_acc=5 o_scale=1 o_store=2
FIG8_ATTENTION_TIMERS mode=scna-fp16 layout=lane8 phase=measure iteration=21 lut_exp=0 scna_layout=1 scna_width=8 qo_len=4 kv_len=4096 n_heads=12 n_kv_heads=2 head_dim=128 kv_head=1 worker=5 profiled_total=479 q_load=1 k_load=91 v_load=84 qk_dot=2 safe_sm=293 scna_exp=263 core_acc=5 o_scale=1 o_store=2
FIG8_ATTENTION_EVENT_COUNT mode=scna-fp16 qo_len=4 phase=measure iteration=21 events=150 max_events=4256 overflow=0
FIG8_ATTENTION_CHECKSUM mode=scna-fp16 layout=lane8 scna_width=8 phase=measure iteration=21 checksum=0x950a570be61c8c71
FIG8_ATTENTION_HOST_TIMING mode=scna-fp16 layout=lane8 scna_width=8 mask_mode=full qo_len=4 kv_len=4096 n_heads=12 n_kv_heads=2 head_dim=128 phase=measure iteration=22 host_elapsed_us=791 ret=0
FIG8_ATTENTION_PROFILE_COUNT mode=scna-fp16 qo_len=4 phase=measure iteration=22 records=2 max_records=10
FIG8_ATTENTION_TIMERS mode=scna-fp16 layout=lane8 phase=measure iteration=22 lut_exp=0 scna_layout=1 scna_width=8 qo_len=4 kv_len=4096 n_heads=12 n_kv_heads=2 head_dim=128 kv_head=0 worker=3 profiled_total=480 q_load=1 k_load=93 v_load=80 qk_dot=3 safe_sm=295 scna_exp=263 core_acc=5 o_scale=1 o_store=2
FIG8_ATTENTION_TIMERS mode=scna-fp16 layout=lane8 phase=measure iteration=22 lut_exp=0 scna_layout=1 scna_width=8 qo_len=4 kv_len=4096 n_heads=12 n_kv_heads=2 head_dim=128 kv_head=1 worker=0 profiled_total=481 q_load=1 k_load=92 v_load=81 qk_dot=3 safe_sm=294 scna_exp=264 core_acc=7 o_scale=1 o_store=2
FIG8_ATTENTION_EVENT_COUNT mode=scna-fp16 qo_len=4 phase=measure iteration=22 events=150 max_events=4256 overflow=0
FIG8_ATTENTION_CHECKSUM mode=scna-fp16 layout=lane8 scna_width=8 phase=measure iteration=22 checksum=0x950a570be61c8c71
FIG8_ATTENTION_HOST_TIMING mode=scna-fp16 layout=lane8 scna_width=8 mask_mode=full qo_len=4 kv_len=4096 n_heads=12 n_kv_heads=2 head_dim=128 phase=measure iteration=23 host_elapsed_us=783 ret=0
FIG8_ATTENTION_PROFILE_COUNT mode=scna-fp16 qo_len=4 phase=measure iteration=23 records=2 max_records=10
FIG8_ATTENTION_TIMERS mode=scna-fp16 layout=lane8 phase=measure iteration=23 lut_exp=0 scna_layout=1 scna_width=8 qo_len=4 kv_len=4096 n_heads=12 n_kv_heads=2 head_dim=128 kv_head=1 worker=2 profiled_total=492 q_load=1 k_load=105 v_load=80 qk_dot=2 safe_sm=295 scna_exp=263 core_acc=6 o_scale=1 o_store=2
FIG8_ATTENTION_TIMERS mode=scna-fp16 layout=lane8 phase=measure iteration=23 lut_exp=0 scna_layout=1 scna_width=8 qo_len=4 kv_len=4096 n_heads=12 n_kv_heads=2 head_dim=128 kv_head=0 worker=4 profiled_total=492 q_load=1 k_load=105 v_load=80 qk_dot=2 safe_sm=296 scna_exp=263 core_acc=5 o_scale=1 o_store=2
FIG8_ATTENTION_EVENT_COUNT mode=scna-fp16 qo_len=4 phase=measure iteration=23 events=150 max_events=4256 overflow=0
FIG8_ATTENTION_CHECKSUM mode=scna-fp16 layout=lane8 scna_width=8 phase=measure iteration=23 checksum=0x950a570be61c8c71
FIG8_ATTENTION_HOST_TIMING mode=scna-fp16 layout=lane8 scna_width=8 mask_mode=full qo_len=4 kv_len=4096 n_heads=12 n_kv_heads=2 head_dim=128 phase=measure iteration=24 host_elapsed_us=802 ret=0
FIG8_ATTENTION_PROFILE_COUNT mode=scna-fp16 qo_len=4 phase=measure iteration=24 records=2 max_records=10
FIG8_ATTENTION_TIMERS mode=scna-fp16 layout=lane8 phase=measure iteration=24 lut_exp=0 scna_layout=1 scna_width=8 qo_len=4 kv_len=4096 n_heads=12 n_kv_heads=2 head_dim=128 kv_head=1 worker=0 profiled_total=475 q_load=1 k_load=88 v_load=79 qk_dot=3 safe_sm=295 scna_exp=264 core_acc=5 o_scale=2 o_store=2
FIG8_ATTENTION_TIMERS mode=scna-fp16 layout=lane8 phase=measure iteration=24 lut_exp=0 scna_layout=1 scna_width=8 qo_len=4 kv_len=4096 n_heads=12 n_kv_heads=2 head_dim=128 kv_head=0 worker=1 profiled_total=476 q_load=1 k_load=88 v_load=79 qk_dot=3 safe_sm=295 scna_exp=263 core_acc=6 o_scale=2 o_store=2
FIG8_ATTENTION_EVENT_COUNT mode=scna-fp16 qo_len=4 phase=measure iteration=24 events=150 max_events=4256 overflow=0
FIG8_ATTENTION_CHECKSUM mode=scna-fp16 layout=lane8 scna_width=8 phase=measure iteration=24 checksum=0x950a570be61c8c71
FIG8_ATTENTION_HOST_TIMING mode=scna-fp16 layout=lane8 scna_width=8 mask_mode=full qo_len=4 kv_len=4096 n_heads=12 n_kv_heads=2 head_dim=128 phase=measure iteration=25 host_elapsed_us=796 ret=0
FIG8_ATTENTION_PROFILE_COUNT mode=scna-fp16 qo_len=4 phase=measure iteration=25 records=2 max_records=10
FIG8_ATTENTION_TIMERS mode=scna-fp16 layout=lane8 phase=measure iteration=25 lut_exp=0 scna_layout=1 scna_width=8 qo_len=4 kv_len=4096 n_heads=12 n_kv_heads=2 head_dim=128 kv_head=1 worker=5 profiled_total=485 q_load=2 k_load=94 v_load=83 qk_dot=2 safe_sm=295 scna_exp=265 core_acc=6 o_scale=1 o_store=2
FIG8_ATTENTION_TIMERS mode=scna-fp16 layout=lane8 phase=measure iteration=25 lut_exp=0 scna_layout=1 scna_width=8 qo_len=4 kv_len=4096 n_heads=12 n_kv_heads=2 head_dim=128 kv_head=0 worker=4 profiled_total=485 q_load=2 k_load=94 v_load=81 qk_dot=2 safe_sm=298 scna_exp=264 core_acc=5 o_scale=1 o_store=2
FIG8_ATTENTION_EVENT_COUNT mode=scna-fp16 qo_len=4 phase=measure iteration=25 events=150 max_events=4256 overflow=0
FIG8_ATTENTION_CHECKSUM mode=scna-fp16 layout=lane8 scna_width=8 phase=measure iteration=25 checksum=0x950a570be61c8c71
FIG8_ATTENTION_HOST_TIMING mode=scna-fp16 layout=lane8 scna_width=8 mask_mode=full qo_len=4 kv_len=4096 n_heads=12 n_kv_heads=2 head_dim=128 phase=measure iteration=26 host_elapsed_us=797 ret=0
FIG8_ATTENTION_PROFILE_COUNT mode=scna-fp16 qo_len=4 phase=measure iteration=26 records=2 max_records=10
FIG8_ATTENTION_TIMERS mode=scna-fp16 layout=lane8 phase=measure iteration=26 lut_exp=0 scna_layout=1 scna_width=8 qo_len=4 kv_len=4096 n_heads=12 n_kv_heads=2 head_dim=128 kv_head=0 worker=2 profiled_total=479 q_load=1 k_load=92 v_load=81 qk_dot=2 safe_sm=295 scna_exp=263 core_acc=5 o_scale=1 o_store=2
FIG8_ATTENTION_TIMERS mode=scna-fp16 layout=lane8 phase=measure iteration=26 lut_exp=0 scna_layout=1 scna_width=8 qo_len=4 kv_len=4096 n_heads=12 n_kv_heads=2 head_dim=128 kv_head=1 worker=1 profiled_total=479 q_load=1 k_load=93 v_load=81 qk_dot=2 safe_sm=295 scna_exp=262 core_acc=4 o_scale=1 o_store=2
FIG8_ATTENTION_EVENT_COUNT mode=scna-fp16 qo_len=4 phase=measure iteration=26 events=150 max_events=4256 overflow=0
FIG8_ATTENTION_CHECKSUM mode=scna-fp16 layout=lane8 scna_width=8 phase=measure iteration=26 checksum=0x950a570be61c8c71
FIG8_ATTENTION_HOST_TIMING mode=scna-fp16 layout=lane8 scna_width=8 mask_mode=full qo_len=4 kv_len=4096 n_heads=12 n_kv_heads=2 head_dim=128 phase=measure iteration=27 host_elapsed_us=797 ret=0
FIG8_ATTENTION_PROFILE_COUNT mode=scna-fp16 qo_len=4 phase=measure iteration=27 records=2 max_records=10
FIG8_ATTENTION_TIMERS mode=scna-fp16 layout=lane8 phase=measure iteration=27 lut_exp=0 scna_layout=1 scna_width=8 qo_len=4 kv_len=4096 n_heads=12 n_kv_heads=2 head_dim=128 kv_head=0 worker=0 profiled_total=481 q_load=1 k_load=92 v_load=82 qk_dot=2 safe_sm=295 scna_exp=263 core_acc=6 o_scale=1 o_store=2
FIG8_ATTENTION_TIMERS mode=scna-fp16 layout=lane8 phase=measure iteration=27 lut_exp=0 scna_layout=1 scna_width=8 qo_len=4 kv_len=4096 n_heads=12 n_kv_heads=2 head_dim=128 kv_head=1 worker=4 profiled_total=482 q_load=1 k_load=94 v_load=83 qk_dot=2 safe_sm=294 scna_exp=263 core_acc=5 o_scale=1 o_store=2
FIG8_ATTENTION_EVENT_COUNT mode=scna-fp16 qo_len=4 phase=measure iteration=27 events=150 max_events=4256 overflow=0
FIG8_ATTENTION_CHECKSUM mode=scna-fp16 layout=lane8 scna_width=8 phase=measure iteration=27 checksum=0x950a570be61c8c71
FIG8_ATTENTION_HOST_TIMING mode=scna-fp16 layout=lane8 scna_width=8 mask_mode=full qo_len=4 kv_len=4096 n_heads=12 n_kv_heads=2 head_dim=128 phase=measure iteration=28 host_elapsed_us=786 ret=0
FIG8_ATTENTION_PROFILE_COUNT mode=scna-fp16 qo_len=4 phase=measure iteration=28 records=2 max_records=10
FIG8_ATTENTION_TIMERS mode=scna-fp16 layout=lane8 phase=measure iteration=28 lut_exp=0 scna_layout=1 scna_width=8 qo_len=4 kv_len=4096 n_heads=12 n_kv_heads=2 head_dim=128 kv_head=1 worker=1 profiled_total=486 q_load=1 k_load=97 v_load=83 qk_dot=2 safe_sm=295 scna_exp=263 core_acc=5 o_scale=1 o_store=2
FIG8_ATTENTION_TIMERS mode=scna-fp16 layout=lane8 phase=measure iteration=28 lut_exp=0 scna_layout=1 scna_width=8 qo_len=4 kv_len=4096 n_heads=12 n_kv_heads=2 head_dim=128 kv_head=0 worker=2 profiled_total=486 q_load=1 k_load=97 v_load=80 qk_dot=3 safe_sm=295 scna_exp=264 core_acc=6 o_scale=2 o_store=2
FIG8_ATTENTION_EVENT_COUNT mode=scna-fp16 qo_len=4 phase=measure iteration=28 events=150 max_events=4256 overflow=0
FIG8_ATTENTION_CHECKSUM mode=scna-fp16 layout=lane8 scna_width=8 phase=measure iteration=28 checksum=0x950a570be61c8c71
FIG8_ATTENTION_HOST_TIMING mode=scna-fp16 layout=lane8 scna_width=8 mask_mode=full qo_len=4 kv_len=4096 n_heads=12 n_kv_heads=2 head_dim=128 phase=measure iteration=29 host_elapsed_us=798 ret=0
FIG8_ATTENTION_PROFILE_COUNT mode=scna-fp16 qo_len=4 phase=measure iteration=29 records=2 max_records=10
FIG8_ATTENTION_TIMERS mode=scna-fp16 layout=lane8 phase=measure iteration=29 lut_exp=0 scna_layout=1 scna_width=8 qo_len=4 kv_len=4096 n_heads=12 n_kv_heads=2 head_dim=128 kv_head=0 worker=0 profiled_total=480 q_load=1 k_load=90 v_load=80 qk_dot=2 safe_sm=298 scna_exp=264 core_acc=6 o_scale=1 o_store=2
FIG8_ATTENTION_TIMERS mode=scna-fp16 layout=lane8 phase=measure iteration=29 lut_exp=0 scna_layout=1 scna_width=8 qo_len=4 kv_len=4096 n_heads=12 n_kv_heads=2 head_dim=128 kv_head=1 worker=5 profiled_total=477 q_load=1 k_load=92 v_load=80 qk_dot=2 safe_sm=291 scna_exp=268 core_acc=8 o_scale=1 o_store=2
FIG8_ATTENTION_EVENT_COUNT mode=scna-fp16 qo_len=4 phase=measure iteration=29 events=150 max_events=4256 overflow=0
FIG8_ATTENTION_CHECKSUM mode=scna-fp16 layout=lane8 scna_width=8 phase=measure iteration=29 checksum=0x950a570be61c8c71
