FIG8_ATTENTION_CONFIG mode=scna-fp16 layout=serial variant=pair_static_d8 scna_width=8 seed=figure8_fixed mask_mode=causal qo_len=16 kv_len=4093 kv_pad_len=4096 n_heads=12 n_kv_heads=2 head_dim=128 warmup=1 iters=1 q_size=98304 kv_size=2095616 mask_size=131072 profile_size=9088 profile_max_records=16 profile_max_events=0 mode_flags=4197460 print_events=0 workers=0 q_task_rows=0
FIG8_ATTENTION_HOST_TIMING mode=scna-fp16 layout=serial variant=pair_static_d8 workers=0 q_task_rows=0 scna_width=8 seed=figure8_fixed mask_mode=causal qo_len=16 kv_len=4093 n_heads=12 n_kv_heads=2 head_dim=128 phase=warmup iteration=0 host_elapsed_us=1110 ret=0
FIG8_ATTENTION_PROFILE_COUNT mode=scna-fp16 qo_len=16 phase=warmup iteration=0 records=4 max_records=16
FIG8_ATTENTION_WORKERS mode=scna-fp16 variant=pair_static_d8 qo_len=16 phase=warmup iteration=0 requested_workers=0 active_workers=4 hvx_contexts=6 vtcm_worker_cap=8 tasks=4 q_task_rows=8
FIG8_ATTENTION_TIMERS mode=scna-fp16 layout=serial phase=warmup iteration=0 lut_exp=0 scna_layout=0 scna_width=8 qo_len=8 kv_len=4093 n_heads=12 n_kv_heads=2 head_dim=128 kv_head=1 worker=3 profiled_total=390 q_load=2 k_load=82 v_load=83 qk_dot=6 safe_sm=205 scna_exp=139 state_update=0 rowmax_mem=0 rowsum_reduce=0 rowmax_mem_ticks=0 rowsum_reduce_ticks=0 state_update_ticks=0 param_prepare=0 core_acc=5 o_scale=3 o_store=4
FIG8_NUMERIC seed=figure8_fixed mode=scna-fp16 layout=serial kv_head=1 worker=3 qk0_bits=0x0 rowmax0_bits=0x0 rowsum0_bits=0x0 l0_bits=0x0 core_o0_bits=0x0 inv_l0_bits=0x0 scaled_o0_bits=0x0 p0_first_bits=0x0 p0_last_bits=0x0 sum0_first_bits=0x0 sum0_last_bits=0x0 masked_p_nonzero=0 tail_p_nonzero=0 scna_clamp_count=0 score_count=0 centered_score_min=0 centered_score_max=0 final_m0_bits=0x0 final_l0_bits=0x0 final_core_o0_bits=0x0 p_expected_sum_bits=0x0 p_max_abs_error_bits=0x0
FIG8_NUMERIC_QK8 seed=figure8_fixed mode=scna-fp16 layout=serial kv_head=1 bits=0x0,0x0,0x0,0x0,0x0,0x0,0x0,0x0
FIG8_NUMERIC_P8 seed=figure8_fixed mode=scna-fp16 layout=serial kv_head=1 centered_bits=0x0,0x0,0x0,0x0,0x0,0x0,0x0,0x0 p_bits=0x0,0x0,0x0,0x0,0x0,0x0,0x0,0x0
FIG8_ATTENTION_TIMERS mode=scna-fp16 layout=serial phase=warmup iteration=0 lut_exp=0 scna_layout=0 scna_width=8 qo_len=8 kv_len=4093 n_heads=12 n_kv_heads=2 head_dim=128 kv_head=1 worker=1 profiled_total=397 q_load=3 k_load=85 v_load=77 qk_dot=5 safe_sm=213 scna_exp=146 state_update=0 rowmax_mem=0 rowsum_reduce=0 rowmax_mem_ticks=0 rowsum_reduce_ticks=0 state_update_ticks=0 param_prepare=0 core_acc=7 o_scale=2 o_store=5
FIG8_NUMERIC seed=figure8_fixed mode=scna-fp16 layout=serial kv_head=1 worker=1 qk0_bits=0x0 rowmax0_bits=0x0 rowsum0_bits=0x0 l0_bits=0x0 core_o0_bits=0x0 inv_l0_bits=0x0 scaled_o0_bits=0x0 p0_first_bits=0x0 p0_last_bits=0x0 sum0_first_bits=0x0 sum0_last_bits=0x0 masked_p_nonzero=0 tail_p_nonzero=0 scna_clamp_count=0 score_count=0 centered_score_min=0 centered_score_max=0 final_m0_bits=0x0 final_l0_bits=0x0 final_core_o0_bits=0x0 p_expected_sum_bits=0x0 p_max_abs_error_bits=0x0
FIG8_NUMERIC_QK8 seed=figure8_fixed mode=scna-fp16 layout=serial kv_head=1 bits=0x0,0x0,0x0,0x0,0x0,0x0,0x0,0x0
FIG8_NUMERIC_P8 seed=figure8_fixed mode=scna-fp16 layout=serial kv_head=1 centered_bits=0x0,0x0,0x0,0x0,0x0,0x0,0x0,0x0 p_bits=0x0,0x0,0x0,0x0,0x0,0x0,0x0,0x0
FIG8_ATTENTION_TIMERS mode=scna-fp16 layout=serial phase=warmup iteration=0 lut_exp=0 scna_layout=0 scna_width=8 qo_len=8 kv_len=4093 n_heads=12 n_kv_heads=2 head_dim=128 kv_head=0 worker=0 profiled_total=828 q_load=2 k_load=81 v_load=92 qk_dot=7 safe_sm=633 scna_exp=567 state_update=0 rowmax_mem=0 rowsum_reduce=0 rowmax_mem_ticks=0 rowsum_reduce_ticks=0 state_update_ticks=0 param_prepare=0 core_acc=9 o_scale=1 o_store=3
FIG8_NUMERIC seed=figure8_fixed mode=scna-fp16 layout=serial kv_head=0 worker=0 qk0_bits=0x2dc2 rowmax0_bits=0x34be rowsum0_bits=0x632c l0_bits=0x632c core_o0_bits=0x4315 inv_l0_bits=0xc6f scaled_o0_bits=0x142f p0_first_bits=0x3bf4 p0_last_bits=0x0 sum0_first_bits=0x43e5c5c1 sum0_last_bits=0x43e584e1 masked_p_nonzero=0 tail_p_nonzero=0 scna_clamp_count=0 score_count=4086 centered_score_min=-0.555419922 centered_score_max=0 final_m0_bits=0x34be final_l0_bits=0x6b2b final_core_o0_bits=0x438c p_expected_sum_bits=0x45510730 p_max_abs_error_bits=0x3e01441c
FIG8_NUMERIC_BLOCK seed=figure8_fixed mode=scna-fp16 layout=serial kv_head=0 block=0 m0_bits=0x34be rowsum0_bits=0x632c l0_bits=0x632c p_scalar_sum_bits=0x446589a8 reduction_min_bits=0x43e4b1a1 reduction_max_bits=0x43e64c61
FIG8_NUMERIC_BLOCK seed=figure8_fixed mode=scna-fp16 layout=serial kv_head=0 block=1 m0_bits=0x34be rowsum0_bits=0x632c l0_bits=0x672c p_scalar_sum_bits=0x4465a5f8 reduction_min_bits=0x43e4ea41 reduction_max_bits=0x43e64c61
FIG8_NUMERIC_BLOCK seed=figure8_fixed mode=scna-fp16 layout=serial kv_head=0 block=2 m0_bits=0x34be rowsum0_bits=0x632e l0_bits=0x6962 p_scalar_sum_bits=0x4465add0 reduction_min_bits=0x43e4f9c1 reduction_max_bits=0x43e64c61
FIG8_NUMERIC_BLOCK seed=figure8_fixed mode=scna-fp16 layout=serial kv_head=0 block=3 m0_bits=0x34be rowsum0_bits=0x6325 l0_bits=0x6b2b p_scalar_sum_bits=0x44635cd8 reduction_min_bits=0x43e05801 reduction_max_bits=0x43e64c61
FIG8_NUMERIC_QK8 seed=figure8_fixed mode=scna-fp16 layout=serial kv_head=0 bits=0x2dc2,0x2aa4,0xafb3,0xb19d,0xaf43,0xb1f0,0xb080,0xb35a
FIG8_NUMERIC_P8 seed=figure8_fixed mode=scna-fp16 layout=serial kv_head=0 centered_bits=0xb29b,0xb3d3,0xb6ab,0xb78c,0xb68f,0xb7b6,0xb6fe,0xb836 p_bits=0x3b6d,0x3b52,0x3ad7,0x3ab0,0x3adc,0x3aa8,0x3ac9,0x3a89
FIG8_ATTENTION_TIMERS mode=scna-fp16 layout=serial phase=warmup iteration=0 lut_exp=0 scna_layout=0 scna_width=8 qo_len=8 kv_len=4093 n_heads=12 n_kv_heads=2 head_dim=128 kv_head=0 worker=2 profiled_total=826 q_load=3 k_load=83 v_load=92 qk_dot=9 safe_sm=633 scna_exp=568 state_update=0 rowmax_mem=0 rowsum_reduce=0 rowmax_mem_ticks=0 rowsum_reduce_ticks=0 state_update_ticks=0 param_prepare=0 core_acc=2 o_scale=1 o_store=3
FIG8_NUMERIC seed=figure8_fixed mode=scna-fp16 layout=serial kv_head=0 worker=2 qk0_bits=0xac34 rowmax0_bits=0x336e rowsum0_bits=0x635c l0_bits=0x635c core_o0_bits=0x4421 inv_l0_bits=0xc56 scaled_o0_bits=0x144b p0_first_bits=0x3b36 p0_last_bits=0x0 sum0_first_bits=0x43eb3b01 sum0_last_bits=0x43eb71e1 masked_p_nonzero=0 tail_p_nonzero=0 scna_clamp_count=0 score_count=4078 centered_score_min=-0.385742188 centered_score_max=0 final_m0_bits=0x336e final_l0_bits=0x6b5a final_core_o0_bits=0x43eb p_expected_sum_bits=0x45596067 p_max_abs_error_bits=0x3dce7dc0
FIG8_NUMERIC_BLOCK seed=figure8_fixed mode=scna-fp16 layout=serial kv_head=0 block=0 m0_bits=0x336e rowsum0_bits=0x635c l0_bits=0x635c p_scalar_sum_bits=0x446b5c48 reduction_min_bits=0x43ead241 reduction_max_bits=0x43ebd3e1
FIG8_NUMERIC_BLOCK seed=figure8_fixed mode=scna-fp16 layout=serial kv_head=0 block=1 m0_bits=0x336e rowsum0_bits=0x635c l0_bits=0x675c p_scalar_sum_bits=0x446b52d0 reduction_min_bits=0x43ead241 reduction_max_bits=0x43ebc0e1
FIG8_NUMERIC_BLOCK seed=figure8_fixed mode=scna-fp16 layout=serial kv_head=0 block=2 m0_bits=0x336e rowsum0_bits=0x635c l0_bits=0x6985 p_scalar_sum_bits=0x446b54a8 reduction_min_bits=0x43ead241 reduction_max_bits=0x43ebc4a1
FIG8_NUMERIC_BLOCK seed=figure8_fixed mode=scna-fp16 layout=serial kv_head=0 block=3 m0_bits=0x336e rowsum0_bits=0x6353 l0_bits=0x6b5a p_scalar_sum_bits=0x44673448 reduction_min_bits=0x43e2c941 reduction_max_bits=0x43eb8d41
FIG8_NUMERIC_QK8 seed=figure8_fixed mode=scna-fp16 layout=serial kv_head=0 bits=0xac34,0x9c26,0xace6,0xa816,0x3027,0x3109,0x2a83,0x2bde
FIG8_NUMERIC_P8 seed=figure8_fixed mode=scna-fp16 layout=serial kv_head=0 centered_bits=0xb4c4,0xb38f,0xb4f0,0xb43a,0xae8e,0xacca,0xb1cd,0xb176 p_bits=0x3b2c,0x3b58,0x3b24,0x3b44,0x3bb7,0x3bcb,0x3b7e,0x3b86
FIG8_ATTENTION_EVENT_COUNT mode=scna-fp16 qo_len=16 phase=warmup iteration=0 events=0 max_events=0 overflow=0
FIG8_ATTENTION_CHECKSUM mode=scna-fp16 layout=serial scna_width=8 seed=figure8_fixed phase=warmup iteration=0 checksum=0x8f50b6d84b2f15e9
FIG8_ATTENTION_HOST_TIMING mode=scna-fp16 layout=serial variant=pair_static_d8 workers=0 q_task_rows=0 scna_width=8 seed=figure8_fixed mask_mode=causal qo_len=16 kv_len=4093 n_heads=12 n_kv_heads=2 head_dim=128 phase=measure iteration=0 host_elapsed_us=987 ret=0
FIG8_ATTENTION_PROFILE_COUNT mode=scna-fp16 qo_len=16 phase=measure iteration=0 records=4 max_records=16
FIG8_ATTENTION_WORKERS mode=scna-fp16 variant=pair_static_d8 qo_len=16 phase=measure iteration=0 requested_workers=0 active_workers=4 hvx_contexts=6 vtcm_worker_cap=8 tasks=4 q_task_rows=8
FIG8_ATTENTION_TIMERS mode=scna-fp16 layout=serial phase=measure iteration=0 lut_exp=0 scna_layout=0 scna_width=8 qo_len=8 kv_len=4093 n_heads=12 n_kv_heads=2 head_dim=128 kv_head=1 worker=1 profiled_total=374 q_load=3 k_load=81 v_load=88 qk_dot=6 safe_sm=190 scna_exp=127 state_update=0 rowmax_mem=0 rowsum_reduce=0 rowmax_mem_ticks=0 rowsum_reduce_ticks=0 state_update_ticks=0 param_prepare=0 core_acc=1 o_scale=2 o_store=3
FIG8_NUMERIC seed=figure8_fixed mode=scna-fp16 layout=serial kv_head=1 worker=1 qk0_bits=0x0 rowmax0_bits=0x0 rowsum0_bits=0x0 l0_bits=0x0 core_o0_bits=0x0 inv_l0_bits=0x0 scaled_o0_bits=0x0 p0_first_bits=0x0 p0_last_bits=0x0 sum0_first_bits=0x0 sum0_last_bits=0x0 masked_p_nonzero=0 tail_p_nonzero=0 scna_clamp_count=0 score_count=0 centered_score_min=0 centered_score_max=0 final_m0_bits=0x0 final_l0_bits=0x0 final_core_o0_bits=0x0 p_expected_sum_bits=0x0 p_max_abs_error_bits=0x0
FIG8_NUMERIC_QK8 seed=figure8_fixed mode=scna-fp16 layout=serial kv_head=1 bits=0x0,0x0,0x0,0x0,0x0,0x0,0x0,0x0
FIG8_NUMERIC_P8 seed=figure8_fixed mode=scna-fp16 layout=serial kv_head=1 centered_bits=0x0,0x0,0x0,0x0,0x0,0x0,0x0,0x0 p_bits=0x0,0x0,0x0,0x0,0x0,0x0,0x0,0x0
FIG8_ATTENTION_TIMERS mode=scna-fp16 layout=serial phase=measure iteration=0 lut_exp=0 scna_layout=0 scna_width=8 qo_len=8 kv_len=4093 n_heads=12 n_kv_heads=2 head_dim=128 kv_head=1 worker=5 profiled_total=376 q_load=3 k_load=80 v_load=86 qk_dot=8 safe_sm=186 scna_exp=126 state_update=0 rowmax_mem=0 rowsum_reduce=0 rowmax_mem_ticks=0 rowsum_reduce_ticks=0 state_update_ticks=0 param_prepare=0 core_acc=8 o_scale=2 o_store=3
FIG8_NUMERIC seed=figure8_fixed mode=scna-fp16 layout=serial kv_head=1 worker=5 qk0_bits=0x0 rowmax0_bits=0x0 rowsum0_bits=0x0 l0_bits=0x0 core_o0_bits=0x0 inv_l0_bits=0x0 scaled_o0_bits=0x0 p0_first_bits=0x0 p0_last_bits=0x0 sum0_first_bits=0x0 sum0_last_bits=0x0 masked_p_nonzero=0 tail_p_nonzero=0 scna_clamp_count=0 score_count=0 centered_score_min=0 centered_score_max=0 final_m0_bits=0x0 final_l0_bits=0x0 final_core_o0_bits=0x0 p_expected_sum_bits=0x0 p_max_abs_error_bits=0x0
FIG8_NUMERIC_QK8 seed=figure8_fixed mode=scna-fp16 layout=serial kv_head=1 bits=0x0,0x0,0x0,0x0,0x0,0x0,0x0,0x0
FIG8_NUMERIC_P8 seed=figure8_fixed mode=scna-fp16 layout=serial kv_head=1 centered_bits=0x0,0x0,0x0,0x0,0x0,0x0,0x0,0x0 p_bits=0x0,0x0,0x0,0x0,0x0,0x0,0x0,0x0
FIG8_ATTENTION_TIMERS mode=scna-fp16 layout=serial phase=measure iteration=0 lut_exp=0 scna_layout=0 scna_width=8 qo_len=8 kv_len=4093 n_heads=12 n_kv_heads=2 head_dim=128 kv_head=0 worker=3 profiled_total=762 q_load=3 k_load=82 v_load=64 qk_dot=6 safe_sm=598 scna_exp=535 state_update=0 rowmax_mem=0 rowsum_reduce=0 rowmax_mem_ticks=0 rowsum_reduce_ticks=0 state_update_ticks=0 param_prepare=0 core_acc=6 o_scale=1 o_store=2
FIG8_NUMERIC seed=figure8_fixed mode=scna-fp16 layout=serial kv_head=0 worker=3 qk0_bits=0xac34 rowmax0_bits=0x336e rowsum0_bits=0x635c l0_bits=0x635c core_o0_bits=0x4421 inv_l0_bits=0xc56 scaled_o0_bits=0x144b p0_first_bits=0x3b36 p0_last_bits=0x0 sum0_first_bits=0x43eb3b01 sum0_last_bits=0x43eb71e1 masked_p_nonzero=0 tail_p_nonzero=0 scna_clamp_count=0 score_count=4078 centered_score_min=-0.385742188 centered_score_max=0 final_m0_bits=0x336e final_l0_bits=0x6b5a final_core_o0_bits=0x43eb p_expected_sum_bits=0x45596067 p_max_abs_error_bits=0x3dce7dc0
FIG8_NUMERIC_BLOCK seed=figure8_fixed mode=scna-fp16 layout=serial kv_head=0 block=0 m0_bits=0x336e rowsum0_bits=0x635c l0_bits=0x635c p_scalar_sum_bits=0x446b5c48 reduction_min_bits=0x43ead241 reduction_max_bits=0x43ebd3e1
FIG8_NUMERIC_BLOCK seed=figure8_fixed mode=scna-fp16 layout=serial kv_head=0 block=1 m0_bits=0x336e rowsum0_bits=0x635c l0_bits=0x675c p_scalar_sum_bits=0x446b52d0 reduction_min_bits=0x43ead241 reduction_max_bits=0x43ebc0e1
FIG8_NUMERIC_BLOCK seed=figure8_fixed mode=scna-fp16 layout=serial kv_head=0 block=2 m0_bits=0x336e rowsum0_bits=0x635c l0_bits=0x6985 p_scalar_sum_bits=0x446b54a8 reduction_min_bits=0x43ead241 reduction_max_bits=0x43ebc4a1
FIG8_NUMERIC_BLOCK seed=figure8_fixed mode=scna-fp16 layout=serial kv_head=0 block=3 m0_bits=0x336e rowsum0_bits=0x6353 l0_bits=0x6b5a p_scalar_sum_bits=0x44673448 reduction_min_bits=0x43e2c941 reduction_max_bits=0x43eb8d41
FIG8_NUMERIC_QK8 seed=figure8_fixed mode=scna-fp16 layout=serial kv_head=0 bits=0xac34,0x9c26,0xace6,0xa816,0x3027,0x3109,0x2a83,0x2bde
FIG8_NUMERIC_P8 seed=figure8_fixed mode=scna-fp16 layout=serial kv_head=0 centered_bits=0xb4c4,0xb38f,0xb4f0,0xb43a,0xae8e,0xacca,0xb1cd,0xb176 p_bits=0x3b2c,0x3b58,0x3b24,0x3b44,0x3bb7,0x3bcb,0x3b7e,0x3b86
FIG8_ATTENTION_TIMERS mode=scna-fp16 layout=serial phase=measure iteration=0 lut_exp=0 scna_layout=0 scna_width=8 qo_len=8 kv_len=4093 n_heads=12 n_kv_heads=2 head_dim=128 kv_head=0 worker=4 profiled_total=762 q_load=3 k_load=80 v_load=89 qk_dot=5 safe_sm=579 scna_exp=521 state_update=0 rowmax_mem=0 rowsum_reduce=0 rowmax_mem_ticks=0 rowsum_reduce_ticks=0 state_update_ticks=0 param_prepare=0 core_acc=2 o_scale=2 o_store=2
FIG8_NUMERIC seed=figure8_fixed mode=scna-fp16 layout=serial kv_head=0 worker=4 qk0_bits=0x2dc2 rowmax0_bits=0x34be rowsum0_bits=0x632c l0_bits=0x632c core_o0_bits=0x4315 inv_l0_bits=0xc6f scaled_o0_bits=0x142f p0_first_bits=0x3bf4 p0_last_bits=0x0 sum0_first_bits=0x43e5c5c1 sum0_last_bits=0x43e584e1 masked_p_nonzero=0 tail_p_nonzero=0 scna_clamp_count=0 score_count=4086 centered_score_min=-0.555419922 centered_score_max=0 final_m0_bits=0x34be final_l0_bits=0x6b2b final_core_o0_bits=0x438c p_expected_sum_bits=0x45510730 p_max_abs_error_bits=0x3e01441c
FIG8_NUMERIC_BLOCK seed=figure8_fixed mode=scna-fp16 layout=serial kv_head=0 block=0 m0_bits=0x34be rowsum0_bits=0x632c l0_bits=0x632c p_scalar_sum_bits=0x446589a8 reduction_min_bits=0x43e4b1a1 reduction_max_bits=0x43e64c61
FIG8_NUMERIC_BLOCK seed=figure8_fixed mode=scna-fp16 layout=serial kv_head=0 block=1 m0_bits=0x34be rowsum0_bits=0x632c l0_bits=0x672c p_scalar_sum_bits=0x4465a5f8 reduction_min_bits=0x43e4ea41 reduction_max_bits=0x43e64c61
FIG8_NUMERIC_BLOCK seed=figure8_fixed mode=scna-fp16 layout=serial kv_head=0 block=2 m0_bits=0x34be rowsum0_bits=0x632e l0_bits=0x6962 p_scalar_sum_bits=0x4465add0 reduction_min_bits=0x43e4f9c1 reduction_max_bits=0x43e64c61
FIG8_NUMERIC_BLOCK seed=figure8_fixed mode=scna-fp16 layout=serial kv_head=0 block=3 m0_bits=0x34be rowsum0_bits=0x6325 l0_bits=0x6b2b p_scalar_sum_bits=0x44635cd8 reduction_min_bits=0x43e05801 reduction_max_bits=0x43e64c61
FIG8_NUMERIC_QK8 seed=figure8_fixed mode=scna-fp16 layout=serial kv_head=0 bits=0x2dc2,0x2aa4,0xafb3,0xb19d,0xaf43,0xb1f0,0xb080,0xb35a
FIG8_NUMERIC_P8 seed=figure8_fixed mode=scna-fp16 layout=serial kv_head=0 centered_bits=0xb29b,0xb3d3,0xb6ab,0xb78c,0xb68f,0xb7b6,0xb6fe,0xb836 p_bits=0x3b6d,0x3b52,0x3ad7,0x3ab0,0x3adc,0x3aa8,0x3ac9,0x3a89
FIG8_ATTENTION_EVENT_COUNT mode=scna-fp16 qo_len=16 phase=measure iteration=0 events=0 max_events=0 overflow=0
FIG8_ATTENTION_CHECKSUM mode=scna-fp16 layout=serial scna_width=8 seed=figure8_fixed phase=measure iteration=0 checksum=0x8f50b6d84b2f15e9
FIG8_ATTENTION_REFERENCE_TIMING reference_mode=host-fp32 qo_len=16 kv_len=4093 n_heads=12 n_kv_heads=2 head_dim=128 elapsed_us=203110 ret=0
FIG8_ATTENTION_COMPARE candidate_mode=scna-fp16 layout=serial scna_width=8 reference_mode=host-fp32 seed=figure8_fixed mask_mode=causal qo_len=16 kv_len=4093 n_heads=12 n_kv_heads=2 head_dim=128 elements=24576 rmse=4.30290238e-05 relative_l2=0.0563668795 max_abs_error=0.000144653197 candidate_nonfinite=0 reference_nonfinite=0 rmse_limit=0.002 max_abs_limit=0.01 pass=1
FIG8_ATTENTION_COMPARE_HEAD seed=figure8_fixed mode=scna-fp16 layout=serial head=0 rmse=4.44988873e-05 max_abs_error=0.000139977026 candidate_first=0.00104713452 reference_first=0.0010238234
FIG8_ATTENTION_COMPARE_HEAD seed=figure8_fixed mode=scna-fp16 layout=serial head=1 rmse=4.52100612e-05 max_abs_error=0.000135392358 candidate_first=0.00103187573 reference_first=0.00102794508
FIG8_ATTENTION_COMPARE_HEAD seed=figure8_fixed mode=scna-fp16 layout=serial head=2 rmse=4.14873539e-05 max_abs_error=0.000134249625 candidate_first=0.00113105786 reference_first=0.0012248347
FIG8_ATTENTION_COMPARE_HEAD seed=figure8_fixed mode=scna-fp16 layout=serial head=3 rmse=4.55788941e-05 max_abs_error=0.000144653197 candidate_first=0.00105476391 reference_first=0.00106699998
FIG8_ATTENTION_COMPARE_HEAD seed=figure8_fixed mode=scna-fp16 layout=serial head=4 rmse=4.65495032e-05 max_abs_error=0.000135487397 candidate_first=0.000941276609 reference_first=0.00083866663
FIG8_ATTENTION_COMPARE_HEAD seed=figure8_fixed mode=scna-fp16 layout=serial head=5 rmse=4.33478272e-05 max_abs_error=0.000144006335 candidate_first=0.00112915051 reference_first=0.00122316915
FIG8_ATTENTION_COMPARE_HEAD seed=figure8_fixed mode=scna-fp16 layout=serial head=6 rmse=4.37075469e-05 max_abs_error=0.000136447692 candidate_first=-0.00124931324 reference_first=-0.00128618069
FIG8_ATTENTION_COMPARE_HEAD seed=figure8_fixed mode=scna-fp16 layout=serial head=7 rmse=4.37552299e-05 max_abs_error=0.000142937439 candidate_first=-0.00119972217 reference_first=-0.00116847793
FIG8_ATTENTION_COMPARE_HEAD seed=figure8_fixed mode=scna-fp16 layout=serial head=8 rmse=3.94059934e-05 max_abs_error=0.000118631287 candidate_first=-0.00125122059 reference_first=-0.00127363764
FIG8_ATTENTION_COMPARE_HEAD seed=figure8_fixed mode=scna-fp16 layout=serial head=9 rmse=4.2620286e-05 max_abs_error=0.000132353976 candidate_first=-0.00125503528 reference_first=-0.00128785963
FIG8_ATTENTION_COMPARE_HEAD seed=figure8_fixed mode=scna-fp16 layout=serial head=10 rmse=4.06761683e-05 max_abs_error=0.000136869145 candidate_first=-0.00122070301 reference_first=-0.00122411991
FIG8_ATTENTION_COMPARE_HEAD seed=figure8_fixed mode=scna-fp16 layout=serial head=11 rmse=3.87374967e-05 max_abs_error=0.000116126001 candidate_first=-0.00120162952 reference_first=-0.00119492819
