FIG8_ATTENTION_CONFIG mode=scna-fp16 layout=serial variant=pair_static_d8 scna_width=8 seed=figure8_fixed mask_mode=causal qo_len=8 kv_len=4093 kv_pad_len=4096 n_heads=12 n_kv_heads=2 head_dim=128 warmup=1 iters=1 q_size=49152 kv_size=2095616 mask_size=65536 profile_size=6784 profile_max_records=12 profile_max_events=0 mode_flags=4197460 print_events=0 workers=0 q_task_rows=0
FIG8_ATTENTION_HOST_TIMING mode=scna-fp16 layout=serial variant=pair_static_d8 workers=0 q_task_rows=0 scna_width=8 seed=figure8_fixed mask_mode=causal qo_len=8 kv_len=4093 n_heads=12 n_kv_heads=2 head_dim=128 phase=warmup iteration=0 host_elapsed_us=1003 ret=0
FIG8_ATTENTION_PROFILE_COUNT mode=scna-fp16 qo_len=8 phase=warmup iteration=0 records=4 max_records=12
FIG8_ATTENTION_WORKERS mode=scna-fp16 variant=pair_static_d8 qo_len=8 phase=warmup iteration=0 requested_workers=0 active_workers=4 hvx_contexts=6 vtcm_worker_cap=8 tasks=4 q_task_rows=4
FIG8_ATTENTION_TIMERS mode=scna-fp16 layout=serial phase=warmup iteration=0 lut_exp=0 scna_layout=0 scna_width=8 qo_len=4 kv_len=4093 n_heads=12 n_kv_heads=2 head_dim=128 kv_head=1 worker=1 profiled_total=281 q_load=2 k_load=94 v_load=63 qk_dot=4 safe_sm=112 scna_exp=77 state_update=0 rowmax_mem=0 rowsum_reduce=0 rowmax_mem_ticks=0 rowsum_reduce_ticks=0 state_update_ticks=0 param_prepare=0 core_acc=1 o_scale=1 o_store=4
FIG8_NUMERIC seed=figure8_fixed mode=scna-fp16 layout=serial kv_head=1 worker=1 qk0_bits=0x0 rowmax0_bits=0x0 rowsum0_bits=0x0 l0_bits=0x0 core_o0_bits=0x0 inv_l0_bits=0x0 scaled_o0_bits=0x0 p0_first_bits=0x0 p0_last_bits=0x0 sum0_first_bits=0x0 sum0_last_bits=0x0 masked_p_nonzero=0 tail_p_nonzero=0 scna_clamp_count=0 score_count=0 centered_score_min=0 centered_score_max=0 final_m0_bits=0x0 final_l0_bits=0x0 final_core_o0_bits=0x0 p_expected_sum_bits=0x0 p_max_abs_error_bits=0x0
FIG8_NUMERIC_QK8 seed=figure8_fixed mode=scna-fp16 layout=serial kv_head=1 bits=0x0,0x0,0x0,0x0,0x0,0x0,0x0,0x0
FIG8_NUMERIC_P8 seed=figure8_fixed mode=scna-fp16 layout=serial kv_head=1 centered_bits=0x0,0x0,0x0,0x0,0x0,0x0,0x0,0x0 p_bits=0x0,0x0,0x0,0x0,0x0,0x0,0x0,0x0
FIG8_ATTENTION_TIMERS mode=scna-fp16 layout=serial phase=warmup iteration=0 lut_exp=0 scna_layout=0 scna_width=8 qo_len=4 kv_len=4093 n_heads=12 n_kv_heads=2 head_dim=128 kv_head=1 worker=3 profiled_total=280 q_load=1 k_load=93 v_load=66 qk_dot=3 safe_sm=109 scna_exp=74 state_update=0 rowmax_mem=0 rowsum_reduce=0 rowmax_mem_ticks=0 rowsum_reduce_ticks=0 state_update_ticks=0 param_prepare=0 core_acc=3 o_scale=2 o_store=3
FIG8_NUMERIC seed=figure8_fixed mode=scna-fp16 layout=serial kv_head=1 worker=3 qk0_bits=0x0 rowmax0_bits=0x0 rowsum0_bits=0x0 l0_bits=0x0 core_o0_bits=0x0 inv_l0_bits=0x0 scaled_o0_bits=0x0 p0_first_bits=0x0 p0_last_bits=0x0 sum0_first_bits=0x0 sum0_last_bits=0x0 masked_p_nonzero=0 tail_p_nonzero=0 scna_clamp_count=0 score_count=0 centered_score_min=0 centered_score_max=0 final_m0_bits=0x0 final_l0_bits=0x0 final_core_o0_bits=0x0 p_expected_sum_bits=0x0 p_max_abs_error_bits=0x0
FIG8_NUMERIC_QK8 seed=figure8_fixed mode=scna-fp16 layout=serial kv_head=1 bits=0x0,0x0,0x0,0x0,0x0,0x0,0x0,0x0
FIG8_NUMERIC_P8 seed=figure8_fixed mode=scna-fp16 layout=serial kv_head=1 centered_bits=0x0,0x0,0x0,0x0,0x0,0x0,0x0,0x0 p_bits=0x0,0x0,0x0,0x0,0x0,0x0,0x0,0x0
FIG8_ATTENTION_TIMERS mode=scna-fp16 layout=serial phase=warmup iteration=0 lut_exp=0 scna_layout=0 scna_width=8 qo_len=4 kv_len=4093 n_heads=12 n_kv_heads=2 head_dim=128 kv_head=0 worker=0 profiled_total=716 q_load=2 k_load=90 v_load=75 qk_dot=5 safe_sm=538 scna_exp=497 state_update=0 rowmax_mem=0 rowsum_reduce=0 rowmax_mem_ticks=0 rowsum_reduce_ticks=0 state_update_ticks=0 param_prepare=0 core_acc=4 o_scale=1 o_store=1
FIG8_NUMERIC seed=figure8_fixed mode=scna-fp16 layout=serial kv_head=0 worker=0 qk0_bits=0x3478 rowmax0_bits=0x3517 rowsum0_bits=0x6472 l0_bits=0x6472 core_o0_bits=0x4361 inv_l0_bits=0xc7b scaled_o0_bits=0x13a4 p0_first_bits=0x3a88 p0_last_bits=0x0 sum0_first_bits=0x440e4581 sum0_last_bits=0x440e4571 masked_p_nonzero=0 tail_p_nonzero=0 scna_clamp_count=0 score_count=4090 centered_score_min=-0.582763672 centered_score_max=0 final_m0_bits=0x3517 final_l0_bits=0x6b1c final_core_o0_bits=0x42d2 p_expected_sum_bits=0x454debc7 p_max_abs_error_bits=0x3e04cac8
FIG8_NUMERIC_BLOCK seed=figure8_fixed mode=scna-fp16 layout=serial kv_head=0 block=0 m0_bits=0x3517 rowsum0_bits=0x6472 l0_bits=0x6472 p_scalar_sum_bits=0x448e5528 reduction_min_bits=0x440e1441 reduction_max_bits=0x440e8881
FIG8_NUMERIC_BLOCK seed=figure8_fixed mode=scna-fp16 layout=serial kv_head=0 block=1 m0_bits=0x3517 rowsum0_bits=0x6474 l0_bits=0x6873 p_scalar_sum_bits=0x448e53bc reduction_min_bits=0x440e1271 reduction_max_bits=0x440e8771
FIG8_NUMERIC_BLOCK seed=figure8_fixed mode=scna-fp16 layout=serial kv_head=0 block=2 m0_bits=0x3517 rowsum0_bits=0x6473 l0_bits=0x6aac p_scalar_sum_bits=0x448e4b90 reduction_min_bits=0x440e0111 reduction_max_bits=0x440e8881
FIG8_NUMERIC_BLOCK seed=figure8_fixed mode=scna-fp16 layout=serial kv_head=0 block=3 m0_bits=0x3517 rowsum0_bits=0x5afd l0_bits=0x6b1c p_scalar_sum_bits=0x435e6d40 reduction_min_bits=0x42d8b101 reduction_max_bits=0x42e41481
FIG8_NUMERIC_QK8 seed=figure8_fixed mode=scna-fp16 layout=serial kv_head=0 bits=0x3478,0x3487,0x30df,0x3070,0xa096,0xa90f,0x2a03,0x911a
FIG8_NUMERIC_P8 seed=figure8_fixed mode=scna-fp16 layout=serial kv_head=0 centered_bits=0xa8f8,0xa880,0xb14f,0xb1be,0xb53c,0xb5b9,0xb457,0xb51a p_bits=0x3be4,0x3be7,0x3b8a,0x3b80,0x3b17,0x3b02,0x3b3e,0x3b1e
FIG8_ATTENTION_TIMERS mode=scna-fp16 layout=serial phase=warmup iteration=0 lut_exp=0 scna_layout=0 scna_width=8 qo_len=4 kv_len=4093 n_heads=12 n_kv_heads=2 head_dim=128 kv_head=0 worker=2 profiled_total=716 q_load=2 k_load=91 v_load=76 qk_dot=5 safe_sm=537 scna_exp=499 state_update=0 rowmax_mem=0 rowsum_reduce=0 rowmax_mem_ticks=0 rowsum_reduce_ticks=0 state_update_ticks=0 param_prepare=0 core_acc=3 o_scale=1 o_store=1
FIG8_NUMERIC seed=figure8_fixed mode=scna-fp16 layout=serial kv_head=0 worker=2 qk0_bits=0xac34 rowmax0_bits=0x336e rowsum0_bits=0x6499 l0_bits=0x6499 core_o0_bits=0x4410 inv_l0_bits=0xc56 scaled_o0_bits=0x1436 p0_first_bits=0x3b36 p0_last_bits=0x0 sum0_first_bits=0x44130991 sum0_last_bits=0x44132a41 masked_p_nonzero=0 tail_p_nonzero=0 scna_clamp_count=0 score_count=4086 centered_score_min=-0.385742188 centered_score_max=0 final_m0_bits=0x336e final_l0_bits=0x6b5a final_core_o0_bits=0x43c5 p_expected_sum_bits=0x4559cbde p_max_abs_error_bits=0x3dce7dc0
FIG8_NUMERIC_BLOCK seed=figure8_fixed mode=scna-fp16 layout=serial kv_head=0 block=0 m0_bits=0x336e rowsum0_bits=0x6499 l0_bits=0x6499 p_scalar_sum_bits=0x449317fc reduction_min_bits=0x4412c361 reduction_max_bits=0x44136111
FIG8_NUMERIC_BLOCK seed=figure8_fixed mode=scna-fp16 layout=serial kv_head=0 block=1 m0_bits=0x336e rowsum0_bits=0x649a l0_bits=0x689a p_scalar_sum_bits=0x44931538 reduction_min_bits=0x4412c031 reduction_max_bits=0x44135eb1
FIG8_NUMERIC_BLOCK seed=figure8_fixed mode=scna-fp16 layout=serial kv_head=0 block=2 m0_bits=0x336e rowsum0_bits=0x6499 l0_bits=0x6ae6 p_scalar_sum_bits=0x449313d8 reduction_min_bits=0x4412c361 reduction_max_bits=0x441358d1
FIG8_NUMERIC_BLOCK seed=figure8_fixed mode=scna-fp16 layout=serial kv_head=0 block=3 m0_bits=0x336e rowsum0_bits=0x5b3e l0_bits=0x6b5a p_scalar_sum_bits=0x43622360 reduction_min_bits=0x42d89981 reduction_max_bits=0x42eb9c01
FIG8_NUMERIC_QK8 seed=figure8_fixed mode=scna-fp16 layout=serial kv_head=0 bits=0xac34,0x9c26,0xace6,0xa816,0x3027,0x3109,0x2a83,0x2bde
FIG8_NUMERIC_P8 seed=figure8_fixed mode=scna-fp16 layout=serial kv_head=0 centered_bits=0xb4c4,0xb38f,0xb4f0,0xb43a,0xae8e,0xacca,0xb1cd,0xb176 p_bits=0x3b2c,0x3b58,0x3b24,0x3b44,0x3bb7,0x3bcb,0x3b7e,0x3b86
FIG8_ATTENTION_EVENT_COUNT mode=scna-fp16 qo_len=8 phase=warmup iteration=0 events=0 max_events=0 overflow=0
FIG8_ATTENTION_CHECKSUM mode=scna-fp16 layout=serial scna_width=8 seed=figure8_fixed phase=warmup iteration=0 checksum=0x2acc5611ac5be82a
FIG8_ATTENTION_HOST_TIMING mode=scna-fp16 layout=serial variant=pair_static_d8 workers=0 q_task_rows=0 scna_width=8 seed=figure8_fixed mask_mode=causal qo_len=8 kv_len=4093 n_heads=12 n_kv_heads=2 head_dim=128 phase=measure iteration=0 host_elapsed_us=881 ret=0
FIG8_ATTENTION_PROFILE_COUNT mode=scna-fp16 qo_len=8 phase=measure iteration=0 records=4 max_records=12
FIG8_ATTENTION_WORKERS mode=scna-fp16 variant=pair_static_d8 qo_len=8 phase=measure iteration=0 requested_workers=0 active_workers=4 hvx_contexts=6 vtcm_worker_cap=8 tasks=4 q_task_rows=4
FIG8_ATTENTION_TIMERS mode=scna-fp16 layout=serial phase=measure iteration=0 lut_exp=0 scna_layout=0 scna_width=8 qo_len=4 kv_len=4093 n_heads=12 n_kv_heads=2 head_dim=128 kv_head=1 worker=4 profiled_total=254 q_load=1 k_load=87 v_load=66 qk_dot=3 safe_sm=91 scna_exp=62 state_update=0 rowmax_mem=0 rowsum_reduce=0 rowmax_mem_ticks=0 rowsum_reduce_ticks=0 state_update_ticks=0 param_prepare=0 core_acc=2 o_scale=2 o_store=2
FIG8_NUMERIC seed=figure8_fixed mode=scna-fp16 layout=serial kv_head=1 worker=4 qk0_bits=0x0 rowmax0_bits=0x0 rowsum0_bits=0x0 l0_bits=0x0 core_o0_bits=0x0 inv_l0_bits=0x0 scaled_o0_bits=0x0 p0_first_bits=0x0 p0_last_bits=0x0 sum0_first_bits=0x0 sum0_last_bits=0x0 masked_p_nonzero=0 tail_p_nonzero=0 scna_clamp_count=0 score_count=0 centered_score_min=0 centered_score_max=0 final_m0_bits=0x0 final_l0_bits=0x0 final_core_o0_bits=0x0 p_expected_sum_bits=0x0 p_max_abs_error_bits=0x0
FIG8_NUMERIC_QK8 seed=figure8_fixed mode=scna-fp16 layout=serial kv_head=1 bits=0x0,0x0,0x0,0x0,0x0,0x0,0x0,0x0
FIG8_NUMERIC_P8 seed=figure8_fixed mode=scna-fp16 layout=serial kv_head=1 centered_bits=0x0,0x0,0x0,0x0,0x0,0x0,0x0,0x0 p_bits=0x0,0x0,0x0,0x0,0x0,0x0,0x0,0x0
FIG8_ATTENTION_TIMERS mode=scna-fp16 layout=serial phase=measure iteration=0 lut_exp=0 scna_layout=0 scna_width=8 qo_len=4 kv_len=4093 n_heads=12 n_kv_heads=2 head_dim=128 kv_head=1 worker=3 profiled_total=256 q_load=1 k_load=88 v_load=67 qk_dot=4 safe_sm=94 scna_exp=65 state_update=0 rowmax_mem=0 rowsum_reduce=0 rowmax_mem_ticks=0 rowsum_reduce_ticks=0 state_update_ticks=0 param_prepare=0 core_acc=1 o_scale=0 o_store=1
FIG8_NUMERIC seed=figure8_fixed mode=scna-fp16 layout=serial kv_head=1 worker=3 qk0_bits=0x0 rowmax0_bits=0x0 rowsum0_bits=0x0 l0_bits=0x0 core_o0_bits=0x0 inv_l0_bits=0x0 scaled_o0_bits=0x0 p0_first_bits=0x0 p0_last_bits=0x0 sum0_first_bits=0x0 sum0_last_bits=0x0 masked_p_nonzero=0 tail_p_nonzero=0 scna_clamp_count=0 score_count=0 centered_score_min=0 centered_score_max=0 final_m0_bits=0x0 final_l0_bits=0x0 final_core_o0_bits=0x0 p_expected_sum_bits=0x0 p_max_abs_error_bits=0x0
FIG8_NUMERIC_QK8 seed=figure8_fixed mode=scna-fp16 layout=serial kv_head=1 bits=0x0,0x0,0x0,0x0,0x0,0x0,0x0,0x0
FIG8_NUMERIC_P8 seed=figure8_fixed mode=scna-fp16 layout=serial kv_head=1 centered_bits=0x0,0x0,0x0,0x0,0x0,0x0,0x0,0x0 p_bits=0x0,0x0,0x0,0x0,0x0,0x0,0x0,0x0
FIG8_ATTENTION_TIMERS mode=scna-fp16 layout=serial phase=measure iteration=0 lut_exp=0 scna_layout=0 scna_width=8 qo_len=4 kv_len=4093 n_heads=12 n_kv_heads=2 head_dim=128 kv_head=0 worker=5 profiled_total=698 q_load=1 k_load=83 v_load=77 qk_dot=3 safe_sm=529 scna_exp=493 state_update=0 rowmax_mem=0 rowsum_reduce=0 rowmax_mem_ticks=0 rowsum_reduce_ticks=0 state_update_ticks=0 param_prepare=0 core_acc=3 o_scale=1 o_store=1
FIG8_NUMERIC seed=figure8_fixed mode=scna-fp16 layout=serial kv_head=0 worker=5 qk0_bits=0x3478 rowmax0_bits=0x3517 rowsum0_bits=0x6472 l0_bits=0x6472 core_o0_bits=0x4361 inv_l0_bits=0xc7b scaled_o0_bits=0x13a4 p0_first_bits=0x3a88 p0_last_bits=0x0 sum0_first_bits=0x440e4581 sum0_last_bits=0x440e4571 masked_p_nonzero=0 tail_p_nonzero=0 scna_clamp_count=0 score_count=4090 centered_score_min=-0.582763672 centered_score_max=0 final_m0_bits=0x3517 final_l0_bits=0x6b1c final_core_o0_bits=0x42d2 p_expected_sum_bits=0x454debc7 p_max_abs_error_bits=0x3e04cac8
FIG8_NUMERIC_BLOCK seed=figure8_fixed mode=scna-fp16 layout=serial kv_head=0 block=0 m0_bits=0x3517 rowsum0_bits=0x6472 l0_bits=0x6472 p_scalar_sum_bits=0x448e5528 reduction_min_bits=0x440e1441 reduction_max_bits=0x440e8881
FIG8_NUMERIC_BLOCK seed=figure8_fixed mode=scna-fp16 layout=serial kv_head=0 block=1 m0_bits=0x3517 rowsum0_bits=0x6474 l0_bits=0x6873 p_scalar_sum_bits=0x448e53bc reduction_min_bits=0x440e1271 reduction_max_bits=0x440e8771
FIG8_NUMERIC_BLOCK seed=figure8_fixed mode=scna-fp16 layout=serial kv_head=0 block=2 m0_bits=0x3517 rowsum0_bits=0x6473 l0_bits=0x6aac p_scalar_sum_bits=0x448e4b90 reduction_min_bits=0x440e0111 reduction_max_bits=0x440e8881
FIG8_NUMERIC_BLOCK seed=figure8_fixed mode=scna-fp16 layout=serial kv_head=0 block=3 m0_bits=0x3517 rowsum0_bits=0x5afd l0_bits=0x6b1c p_scalar_sum_bits=0x435e6d40 reduction_min_bits=0x42d8b101 reduction_max_bits=0x42e41481
FIG8_NUMERIC_QK8 seed=figure8_fixed mode=scna-fp16 layout=serial kv_head=0 bits=0x3478,0x3487,0x30df,0x3070,0xa096,0xa90f,0x2a03,0x911a
FIG8_NUMERIC_P8 seed=figure8_fixed mode=scna-fp16 layout=serial kv_head=0 centered_bits=0xa8f8,0xa880,0xb14f,0xb1be,0xb53c,0xb5b9,0xb457,0xb51a p_bits=0x3be4,0x3be7,0x3b8a,0x3b80,0x3b17,0x3b02,0x3b3e,0x3b1e
FIG8_ATTENTION_TIMERS mode=scna-fp16 layout=serial phase=measure iteration=0 lut_exp=0 scna_layout=0 scna_width=8 qo_len=4 kv_len=4093 n_heads=12 n_kv_heads=2 head_dim=128 kv_head=0 worker=1 profiled_total=700 q_load=1 k_load=83 v_load=78 qk_dot=3 safe_sm=530 scna_exp=493 state_update=0 rowmax_mem=0 rowsum_reduce=0 rowmax_mem_ticks=0 rowsum_reduce_ticks=0 state_update_ticks=0 param_prepare=0 core_acc=3 o_scale=1 o_store=1
FIG8_NUMERIC seed=figure8_fixed mode=scna-fp16 layout=serial kv_head=0 worker=1 qk0_bits=0xac34 rowmax0_bits=0x336e rowsum0_bits=0x6499 l0_bits=0x6499 core_o0_bits=0x4410 inv_l0_bits=0xc56 scaled_o0_bits=0x1436 p0_first_bits=0x3b36 p0_last_bits=0x0 sum0_first_bits=0x44130991 sum0_last_bits=0x44132a41 masked_p_nonzero=0 tail_p_nonzero=0 scna_clamp_count=0 score_count=4086 centered_score_min=-0.385742188 centered_score_max=0 final_m0_bits=0x336e final_l0_bits=0x6b5a final_core_o0_bits=0x43c5 p_expected_sum_bits=0x4559cbde p_max_abs_error_bits=0x3dce7dc0
FIG8_NUMERIC_BLOCK seed=figure8_fixed mode=scna-fp16 layout=serial kv_head=0 block=0 m0_bits=0x336e rowsum0_bits=0x6499 l0_bits=0x6499 p_scalar_sum_bits=0x449317fc reduction_min_bits=0x4412c361 reduction_max_bits=0x44136111
FIG8_NUMERIC_BLOCK seed=figure8_fixed mode=scna-fp16 layout=serial kv_head=0 block=1 m0_bits=0x336e rowsum0_bits=0x649a l0_bits=0x689a p_scalar_sum_bits=0x44931538 reduction_min_bits=0x4412c031 reduction_max_bits=0x44135eb1
FIG8_NUMERIC_BLOCK seed=figure8_fixed mode=scna-fp16 layout=serial kv_head=0 block=2 m0_bits=0x336e rowsum0_bits=0x6499 l0_bits=0x6ae6 p_scalar_sum_bits=0x449313d8 reduction_min_bits=0x4412c361 reduction_max_bits=0x441358d1
FIG8_NUMERIC_BLOCK seed=figure8_fixed mode=scna-fp16 layout=serial kv_head=0 block=3 m0_bits=0x336e rowsum0_bits=0x5b3e l0_bits=0x6b5a p_scalar_sum_bits=0x43622360 reduction_min_bits=0x42d89981 reduction_max_bits=0x42eb9c01
FIG8_NUMERIC_QK8 seed=figure8_fixed mode=scna-fp16 layout=serial kv_head=0 bits=0xac34,0x9c26,0xace6,0xa816,0x3027,0x3109,0x2a83,0x2bde
FIG8_NUMERIC_P8 seed=figure8_fixed mode=scna-fp16 layout=serial kv_head=0 centered_bits=0xb4c4,0xb38f,0xb4f0,0xb43a,0xae8e,0xacca,0xb1cd,0xb176 p_bits=0x3b2c,0x3b58,0x3b24,0x3b44,0x3bb7,0x3bcb,0x3b7e,0x3b86
FIG8_ATTENTION_EVENT_COUNT mode=scna-fp16 qo_len=8 phase=measure iteration=0 events=0 max_events=0 overflow=0
FIG8_ATTENTION_CHECKSUM mode=scna-fp16 layout=serial scna_width=8 seed=figure8_fixed phase=measure iteration=0 checksum=0x2acc5611ac5be82a
FIG8_ATTENTION_REFERENCE_TIMING reference_mode=host-fp32 qo_len=8 kv_len=4093 n_heads=12 n_kv_heads=2 head_dim=128 elapsed_us=112149 ret=0
FIG8_ATTENTION_COMPARE candidate_mode=scna-fp16 layout=serial scna_width=8 reference_mode=host-fp32 seed=figure8_fixed mask_mode=causal qo_len=8 kv_len=4093 n_heads=12 n_kv_heads=2 head_dim=128 elements=12288 rmse=4.16601288e-05 relative_l2=0.0568722151 max_abs_error=0.00014590926 candidate_nonfinite=0 reference_nonfinite=0 rmse_limit=0.002 max_abs_limit=0.01 pass=1
FIG8_ATTENTION_COMPARE_HEAD seed=figure8_fixed mode=scna-fp16 layout=serial head=0 rmse=4.3699245e-05 max_abs_error=0.000131146691 candidate_first=0.00102806103 reference_first=0.000999842538
FIG8_ATTENTION_COMPARE_HEAD seed=figure8_fixed mode=scna-fp16 layout=serial head=1 rmse=4.36877999e-05 max_abs_error=0.000129614724 candidate_first=0.00101852429 reference_first=0.00101648958
FIG8_ATTENTION_COMPARE_HEAD seed=figure8_fixed mode=scna-fp16 layout=serial head=2 rmse=4.4608907e-05 max_abs_error=0.000136469782 candidate_first=0.00111770642 reference_first=0.00121152808
FIG8_ATTENTION_COMPARE_HEAD seed=figure8_fixed mode=scna-fp16 layout=serial head=3 rmse=4.53730354e-05 max_abs_error=0.00014590926 candidate_first=0.00103569042 reference_first=0.00104233855
FIG8_ATTENTION_COMPARE_HEAD seed=figure8_fixed mode=scna-fp16 layout=serial head=4 rmse=4.57165261e-05 max_abs_error=0.000130030443 candidate_first=0.000927925168 reference_first=0.0008273719
FIG8_ATTENTION_COMPARE_HEAD seed=figure8_fixed mode=scna-fp16 layout=serial head=5 rmse=4.38839088e-05 max_abs_error=0.000138013973 candidate_first=0.00111198437 reference_first=0.00120355224
FIG8_ATTENTION_COMPARE_HEAD seed=figure8_fixed mode=scna-fp16 layout=serial head=6 rmse=3.9941151e-05 max_abs_error=0.000119269185 candidate_first=-0.00101852405 reference_first=-0.00104746211
FIG8_ATTENTION_COMPARE_HEAD seed=figure8_fixed mode=scna-fp16 layout=serial head=7 rmse=4.00657227e-05 max_abs_error=0.000128409069 candidate_first=-0.000988006475 reference_first=-0.000965902174
FIG8_ATTENTION_COMPARE_HEAD seed=figure8_fixed mode=scna-fp16 layout=serial head=8 rmse=3.64719272e-05 max_abs_error=9.60182515e-05 candidate_first=-0.00100707996 reference_first=-0.0010131069
FIG8_ATTENTION_COMPARE_HEAD seed=figure8_fixed mode=scna-fp16 layout=serial head=9 rmse=3.82663275e-05 max_abs_error=0.000109493179 candidate_first=-0.00102615345 reference_first=-0.00105522841
FIG8_ATTENTION_COMPARE_HEAD seed=figure8_fixed mode=scna-fp16 layout=serial head=10 rmse=3.85843596e-05 max_abs_error=0.000123222388 candidate_first=-0.00100707996 reference_first=-0.0010183152
FIG8_ATTENTION_COMPARE_HEAD seed=figure8_fixed mode=scna-fp16 layout=serial head=11 rmse=3.82133621e-05 max_abs_error=0.00011965778 candidate_first=-0.000955581607 reference_first=-0.000930644688
