alloc_shared_mem_buf: buf=0x713f425000 fd=12 size=12288 flags=FASTRPC_MAP_FD
alloc_shared_mem_buf: buf=0x6ea52d0000 fd=13 size=1048576 flags=FASTRPC_MAP_FD
alloc_shared_mem_buf: buf=0x6ea51d0000 fd=14 size=1048576 flags=FASTRPC_MAP_FD
alloc_shared_mem_buf: buf=0x713f421000 fd=15 size=12288 flags=FASTRPC_MAP_FD
alloc_shared_mem_buf: buf=0x713f0c2000 fd=16 size=32768 flags=FASTRPC_MAP_FD
alloc_shared_mem_buf: buf=0x713bfc0000 fd=17 size=233856 flags=FASTRPC_MAP_FD
alloc_shared_mem_buf: buf=0x713f41f000 fd=18 size=4096 flags=FASTRPC_MAP_FD
No-op channel request completed
FIG8_ATTENTION_CONFIG mode=scna-fp16 scna_function=exp2 scna_kernel=direct mask_mode=full qo_len=4 kv_len=4096 n_heads=12 n_kv_heads=2 head_dim=64 warmup=1 iters=1 scna_width=16 q_size=12288 kv_size=1048576 mask_size=32768 profile_size=233856 profile_max_records=10 profile_max_events=3224 mode_flags=68 print_events=0
FIG8_ATTENTION_HOST_TIMING mode=scna-fp16 scna_function=exp2 scna_kernel=direct scna_width=16 qo_len=4 kv_len=4096 n_heads=12 n_kv_heads=2 head_dim=64 phase=warmup iteration=0 host_elapsed_us=831 ret=0
FIG8_ATTENTION_PROFILE_COUNT mode=scna-fp16 qo_len=4 phase=warmup iteration=0 records=2 max_records=10
FIG8_ATTENTION_TIMERS mode=scna-fp16 scna_function=0 scna_kernel=0 phase=warmup iteration=0 lut_exp=0 nonlinear_mode=1 scna_width=16 scna_exp=113 qo_len=4 kv_len=4096 n_heads=12 n_kv_heads=2 head_dim=64 kv_head=0 worker=0 profiled_total=269 q_load=2 k_load=47 v_load=77 qk_dot=1 safe_sm=137 core_acc=2 o_scale=1 o_store=2
FIG8_NUMERIC kv_head=0 rowsum0_bits=0x66d8 l0_bits=0x66d8 core_o0_bits=0x3c15 inv_l0_bits=0x10ac scaled_o0_bits=0x10c5 p0_first_bits=0x39f7 p0_last_bits=0x3a84 sum0_first_bits=0x42d6c781 sum0_last_bits=0x44db04f4
FIG8_ATTENTION_TIMERS mode=scna-fp16 scna_function=0 scna_kernel=0 phase=warmup iteration=0 lut_exp=0 nonlinear_mode=1 scna_width=16 scna_exp=114 qo_len=4 kv_len=4096 n_heads=12 n_kv_heads=2 head_dim=64 kv_head=1 worker=0 profiled_total=263 q_load=1 k_load=57 v_load=64 qk_dot=1 safe_sm=136 core_acc=2 o_scale=1 o_store=1
FIG8_NUMERIC kv_head=1 rowsum0_bits=0x0 l0_bits=0x0 core_o0_bits=0x0 inv_l0_bits=0x0 scaled_o0_bits=0x0 p0_first_bits=0x0 p0_last_bits=0x0 sum0_first_bits=0x0 sum0_last_bits=0x0
FIG8_ATTENTION_EVENT_COUNT mode=scna-fp16 qo_len=4 phase=warmup iteration=0 events=16 max_events=3224 overflow=0
FIG8_ATTENTION_HOST_TIMING mode=scna-fp16 scna_function=exp2 scna_kernel=direct scna_width=16 qo_len=4 kv_len=4096 n_heads=12 n_kv_heads=2 head_dim=64 phase=measure iteration=0 host_elapsed_us=707 ret=0
FIG8_ATTENTION_PROFILE_COUNT mode=scna-fp16 qo_len=4 phase=measure iteration=0 records=2 max_records=10
FIG8_ATTENTION_TIMERS mode=scna-fp16 scna_function=0 scna_kernel=0 phase=measure iteration=0 lut_exp=0 nonlinear_mode=1 scna_width=16 scna_exp=109 qo_len=4 kv_len=4096 n_heads=12 n_kv_heads=2 head_dim=64 kv_head=0 worker=0 profiled_total=255 q_load=1 k_load=52 v_load=68 qk_dot=1 safe_sm=130 core_acc=1 o_scale=1 o_store=1
FIG8_NUMERIC kv_head=0 rowsum0_bits=0x66d8 l0_bits=0x66d8 core_o0_bits=0x3c15 inv_l0_bits=0x10ac scaled_o0_bits=0x10c5 p0_first_bits=0x39f7 p0_last_bits=0x3a84 sum0_first_bits=0x42d6c781 sum0_last_bits=0x44db04f4
FIG8_ATTENTION_TIMERS mode=scna-fp16 scna_function=0 scna_kernel=0 phase=measure iteration=0 lut_exp=0 nonlinear_mode=1 scna_width=16 scna_exp=113 qo_len=4 kv_len=4096 n_heads=12 n_kv_heads=2 head_dim=64 kv_head=1 worker=0 profiled_total=255 q_load=1 k_load=53 v_load=65 qk_dot=1 safe_sm=133 core_acc=1 o_scale=0 o_store=1
FIG8_NUMERIC kv_head=1 rowsum0_bits=0x0 l0_bits=0x0 core_o0_bits=0x0 inv_l0_bits=0x0 scaled_o0_bits=0x0 p0_first_bits=0x0 p0_last_bits=0x0 sum0_first_bits=0x0 sum0_last_bits=0x0
FIG8_ATTENTION_EVENT_COUNT mode=scna-fp16 qo_len=4 phase=measure iteration=0 events=16 max_events=3224 overflow=0
FIG8_ATTENTION_REFERENCE_TIMING reference_mode=host-fp32 qo_len=4 kv_len=4096 n_heads=12 n_kv_heads=2 head_dim=64 elapsed_us=44537 ret=0
FIG8_ATTENTION_COMPARE candidate_mode=scna-fp16 scna_function=exp2 scna_kernel=direct scna_width=16 reference_mode=host-fp32 qo_len=4 kv_len=4096 n_heads=12 n_kv_heads=2 head_dim=64 elements=3072 rmse=0.000324875 relative_l2=0.948197 max_abs_error=0.000802673 max_rel_error=64.0301 candidate_rms=0.000665744 reference_rms=0.000342623 candidate_max_abs=0.00169945 reference_max_abs=0.000907659 candidate_nonfinite=0 reference_nonfinite=0 ret=0
