alloc_shared_mem_buf: buf=0x7c5acdd000 fd=12 size=24576 flags=FASTRPC_MAP_FD
alloc_shared_mem_buf: buf=0x79c1c00000 fd=13 size=2095616 flags=FASTRPC_MAP_FD
alloc_shared_mem_buf: buf=0x79c1a00000 fd=14 size=2095616 flags=FASTRPC_MAP_FD
alloc_shared_mem_buf: buf=0x7c5abd1000 fd=15 size=24576 flags=FASTRPC_MAP_FD
alloc_shared_mem_buf: buf=0x7c5ab83000 fd=16 size=32768 flags=FASTRPC_MAP_FD
alloc_shared_mem_buf: buf=0x7c56820000 fd=17 size=233856 flags=FASTRPC_MAP_FD
alloc_shared_mem_buf: buf=0x7c5ae5d000 fd=18 size=4096 flags=FASTRPC_MAP_FD
No-op channel request completed
FIG8_ATTENTION_CONFIG mode=scna-fp16 scna_function=exp2 scna_kernel=direct mask_mode=padding qo_len=4 kv_len=4093 n_heads=12 n_kv_heads=2 head_dim=128 warmup=1 iters=1 scna_width=8 q_size=24576 kv_size=2095616 mask_size=32768 profile_size=233856 profile_max_records=10 profile_max_events=3224 mode_flags=84 print_events=0
FIG8_ATTENTION_HOST_TIMING mode=scna-fp16 scna_function=exp2 scna_kernel=direct scna_width=8 qo_len=4 kv_len=4093 n_heads=12 n_kv_heads=2 head_dim=128 phase=warmup iteration=0 host_elapsed_us=1048 ret=0
FIG8_ATTENTION_PROFILE_COUNT mode=scna-fp16 qo_len=4 phase=warmup iteration=0 records=2 max_records=10
FIG8_ATTENTION_TIMERS mode=scna-fp16 scna_function=0 scna_kernel=0 phase=warmup iteration=0 lut_exp=0 nonlinear_mode=1 scna_width=8 scna_exp=92 qo_len=4 kv_len=4093 n_heads=12 n_kv_heads=2 head_dim=128 kv_head=0 worker=0 profiled_total=367 q_load=1 k_load=76 v_load=152 qk_dot=3 safe_sm=128 core_acc=3 o_scale=1 o_store=3
FIG8_NUMERIC kv_head=0 rowsum0_bits=0x677a l0_bits=0x677a core_o0_bits=0x436c inv_l0_bits=0x1040 scaled_o0_bits=0x17e3 p0_first_bits=0x3b36 p0_last_bits=0x0 sum0_first_bits=0x42ebbc81 sum0_last_bits=0x44ef32de
FIG8_ATTENTION_TIMERS mode=scna-fp16 scna_function=0 scna_kernel=0 phase=warmup iteration=0 lut_exp=0 nonlinear_mode=1 scna_width=8 scna_exp=90 qo_len=4 kv_len=4093 n_heads=12 n_kv_heads=2 head_dim=128 kv_head=1 worker=0 profiled_total=362 q_load=1 k_load=77 v_load=156 qk_dot=3 safe_sm=120 core_acc=2 o_scale=1 o_store=2
FIG8_NUMERIC kv_head=1 rowsum0_bits=0x0 l0_bits=0x0 core_o0_bits=0x0 inv_l0_bits=0x0 scaled_o0_bits=0x0 p0_first_bits=0x0 p0_last_bits=0x0 sum0_first_bits=0x0 sum0_last_bits=0x0
FIG8_ATTENTION_EVENT_COUNT mode=scna-fp16 qo_len=4 phase=warmup iteration=0 events=16 max_events=3224 overflow=0
FIG8_ATTENTION_HOST_TIMING mode=scna-fp16 scna_function=exp2 scna_kernel=direct scna_width=8 qo_len=4 kv_len=4093 n_heads=12 n_kv_heads=2 head_dim=128 phase=measure iteration=0 host_elapsed_us=1154 ret=0
FIG8_ATTENTION_PROFILE_COUNT mode=scna-fp16 qo_len=4 phase=measure iteration=0 records=2 max_records=10
FIG8_ATTENTION_TIMERS mode=scna-fp16 scna_function=0 scna_kernel=0 phase=measure iteration=0 lut_exp=0 nonlinear_mode=1 scna_width=8 scna_exp=81 qo_len=4 kv_len=4093 n_heads=12 n_kv_heads=2 head_dim=128 kv_head=0 worker=0 profiled_total=431 q_load=1 k_load=153 v_load=165 qk_dot=2 safe_sm=105 core_acc=2 o_scale=1 o_store=2
FIG8_NUMERIC kv_head=0 rowsum0_bits=0x677a l0_bits=0x677a core_o0_bits=0x436c inv_l0_bits=0x1040 scaled_o0_bits=0x17e3 p0_first_bits=0x3b36 p0_last_bits=0x0 sum0_first_bits=0x42ebbc81 sum0_last_bits=0x44ef32de
FIG8_ATTENTION_TIMERS mode=scna-fp16 scna_function=0 scna_kernel=0 phase=measure iteration=0 lut_exp=0 nonlinear_mode=1 scna_width=8 scna_exp=84 qo_len=4 kv_len=4093 n_heads=12 n_kv_heads=2 head_dim=128 kv_head=1 worker=0 profiled_total=424 q_load=1 k_load=143 v_load=169 qk_dot=2 safe_sm=105 core_acc=2 o_scale=1 o_store=1
FIG8_NUMERIC kv_head=1 rowsum0_bits=0x0 l0_bits=0x0 core_o0_bits=0x0 inv_l0_bits=0x0 scaled_o0_bits=0x0 p0_first_bits=0x0 p0_last_bits=0x0 sum0_first_bits=0x0 sum0_last_bits=0x0
FIG8_ATTENTION_EVENT_COUNT mode=scna-fp16 qo_len=4 phase=measure iteration=0 events=16 max_events=3224 overflow=0
FIG8_ATTENTION_REFERENCE_TIMING reference_mode=host-fp32 qo_len=4 kv_len=4093 n_heads=12 n_kv_heads=2 head_dim=128 elapsed_us=69235 ret=0
FIG8_ATTENTION_COMPARE candidate_mode=scna-fp16 scna_function=exp2 scna_kernel=direct scna_width=8 reference_mode=host-fp32 qo_len=4 kv_len=4093 n_heads=12 n_kv_heads=2 head_dim=128 elements=6144 rmse=0.00069299 relative_l2=0.950099 max_abs_error=0.00133944 max_rel_error=116.689 candidate_rms=0.00142007 reference_rms=0.000729387 candidate_max_abs=0.00283051 reference_max_abs=0.0015175 candidate_nonfinite=0 reference_nonfinite=0 ret=0
