alloc_shared_mem_buf: buf=0x70a0b79000 fd=12 size=12288 flags=FASTRPC_MAP_FD
alloc_shared_mem_buf: buf=0x6e08020000 fd=13 size=1048576 flags=FASTRPC_MAP_FD
alloc_shared_mem_buf: buf=0x6e07f20000 fd=14 size=1048576 flags=FASTRPC_MAP_FD
alloc_shared_mem_buf: buf=0x70a0b75000 fd=15 size=12288 flags=FASTRPC_MAP_FD
alloc_shared_mem_buf: buf=0x70a0928000 fd=16 size=32768 flags=FASTRPC_MAP_FD
alloc_shared_mem_buf: buf=0x709e7c0000 fd=17 size=233856 flags=FASTRPC_MAP_FD
alloc_shared_mem_buf: buf=0x70a0b73000 fd=18 size=4096 flags=FASTRPC_MAP_FD
No-op channel request completed
FIG8_ATTENTION_CONFIG mode=scna-fp16 scna_function=exp2 scna_kernel=tree mask_mode=full qo_len=4 kv_len=4096 n_heads=12 n_kv_heads=2 head_dim=64 warmup=1 iters=1 scna_width=16 q_size=12288 kv_size=1048576 mask_size=32768 profile_size=233856 profile_max_records=10 profile_max_events=3224 mode_flags=1092 print_events=0
FIG8_ATTENTION_HOST_TIMING mode=scna-fp16 scna_function=exp2 scna_kernel=tree scna_width=16 qo_len=4 kv_len=4096 n_heads=12 n_kv_heads=2 head_dim=64 phase=warmup iteration=0 host_elapsed_us=803 ret=0
FIG8_ATTENTION_PROFILE_COUNT mode=scna-fp16 qo_len=4 phase=warmup iteration=0 records=2 max_records=10
FIG8_ATTENTION_TIMERS mode=scna-fp16 scna_function=0 scna_kernel=1 phase=warmup iteration=0 lut_exp=0 nonlinear_mode=1 scna_width=16 scna_exp=83 qo_len=4 kv_len=4096 n_heads=12 n_kv_heads=2 head_dim=64 kv_head=0 worker=0 profiled_total=228 q_load=2 k_load=35 v_load=73 qk_dot=2 safe_sm=109 core_acc=3 o_scale=1 o_store=3
FIG8_NUMERIC kv_head=0 rowsum0_bits=0x66d8 l0_bits=0x66d8 core_o0_bits=0x3c11 inv_l0_bits=0x10ac scaled_o0_bits=0x10c0 p0_first_bits=0x39f7 p0_last_bits=0x3a84 sum0_first_bits=0x42d6b981 sum0_last_bits=0x44daf9fb
FIG8_ATTENTION_TIMERS mode=scna-fp16 scna_function=0 scna_kernel=1 phase=warmup iteration=0 lut_exp=0 nonlinear_mode=1 scna_width=16 scna_exp=81 qo_len=4 kv_len=4096 n_heads=12 n_kv_heads=2 head_dim=64 kv_head=1 worker=0 profiled_total=221 q_load=1 k_load=39 v_load=74 qk_dot=1 safe_sm=104 core_acc=1 o_scale=0 o_store=1
FIG8_NUMERIC kv_head=1 rowsum0_bits=0x0 l0_bits=0x0 core_o0_bits=0x0 inv_l0_bits=0x0 scaled_o0_bits=0x0 p0_first_bits=0x0 p0_last_bits=0x0 sum0_first_bits=0x0 sum0_last_bits=0x0
FIG8_ATTENTION_EVENT_COUNT mode=scna-fp16 qo_len=4 phase=warmup iteration=0 events=16 max_events=3224 overflow=0
FIG8_ATTENTION_HOST_TIMING mode=scna-fp16 scna_function=exp2 scna_kernel=tree scna_width=16 qo_len=4 kv_len=4096 n_heads=12 n_kv_heads=2 head_dim=64 phase=measure iteration=0 host_elapsed_us=756 ret=0
FIG8_ATTENTION_PROFILE_COUNT mode=scna-fp16 qo_len=4 phase=measure iteration=0 records=2 max_records=10
FIG8_ATTENTION_TIMERS mode=scna-fp16 scna_function=0 scna_kernel=1 phase=measure iteration=0 lut_exp=0 nonlinear_mode=1 scna_width=16 scna_exp=80 qo_len=4 kv_len=4096 n_heads=12 n_kv_heads=2 head_dim=64 kv_head=0 worker=0 profiled_total=230 q_load=1 k_load=48 v_load=75 qk_dot=1 safe_sm=102 core_acc=1 o_scale=1 o_store=1
FIG8_NUMERIC kv_head=0 rowsum0_bits=0x66d8 l0_bits=0x66d8 core_o0_bits=0x3c11 inv_l0_bits=0x10ac scaled_o0_bits=0x10c0 p0_first_bits=0x39f7 p0_last_bits=0x3a84 sum0_first_bits=0x42d6b981 sum0_last_bits=0x44daf9fb
FIG8_ATTENTION_TIMERS mode=scna-fp16 scna_function=0 scna_kernel=1 phase=measure iteration=0 lut_exp=0 nonlinear_mode=1 scna_width=16 scna_exp=80 qo_len=4 kv_len=4096 n_heads=12 n_kv_heads=2 head_dim=64 kv_head=1 worker=0 profiled_total=230 q_load=1 k_load=52 v_load=75 qk_dot=1 safe_sm=99 core_acc=1 o_scale=0 o_store=1
FIG8_NUMERIC kv_head=1 rowsum0_bits=0x0 l0_bits=0x0 core_o0_bits=0x0 inv_l0_bits=0x0 scaled_o0_bits=0x0 p0_first_bits=0x0 p0_last_bits=0x0 sum0_first_bits=0x0 sum0_last_bits=0x0
FIG8_ATTENTION_EVENT_COUNT mode=scna-fp16 qo_len=4 phase=measure iteration=0 events=16 max_events=3224 overflow=0
FIG8_ATTENTION_DIRECT_TREE_COMPARE mode=scna-fp16 function=exp2 selected_kernel=tree width=16 qo_len=4 kv_len=4096 n_heads=12 n_kv_heads=2 head_dim=64 elements=3072 byte_mismatches=2890 rmse=5.66977e-06 max_abs_error=2.86102e-05 candidate_nonfinite=0 alternate_nonfinite=0 exact_required=0 gate=pass ret=0
FIG8_ATTENTION_REFERENCE_TIMING reference_mode=host-fp32 qo_len=4 kv_len=4096 n_heads=12 n_kv_heads=2 head_dim=64 elapsed_us=47059 ret=0
FIG8_ATTENTION_COMPARE candidate_mode=scna-fp16 scna_function=exp2 scna_kernel=tree scna_width=16 reference_mode=host-fp32 qo_len=4 kv_len=4096 n_heads=12 n_kv_heads=2 head_dim=64 elements=3072 rmse=0.000324701 relative_l2=0.94769 max_abs_error=0.000781693 max_rel_error=64.6031 candidate_rms=0.000665577 reference_rms=0.000342623 candidate_max_abs=0.001688 reference_max_abs=0.000907659 candidate_nonfinite=0 reference_nonfinite=0 ret=0
